[0.060s][info][gc,init] CardTable entry size: 512
[0.069s][info][gc     ] Using G1
[0.083s][info][gc,init] Version: 20+36-2344 (release)
[0.084s][info][gc,init] CPUs: 8 total, 8 available
[0.084s][info][gc,init] Memory: 7866M
[0.084s][info][gc,init] Large Page Support: Disabled
[0.085s][info][gc,init] NUMA Support: Disabled
[0.085s][info][gc,init] Compressed Oops: Enabled (32-bit)
[0.085s][info][gc,init] Heap Region Size: 1M
[0.085s][info][gc,init] Heap Min Capacity: 256M
[0.086s][info][gc,init] Heap Initial Capacity: 256M
[0.086s][info][gc,init] Heap Max Capacity: 256M
[0.086s][info][gc,init] Pre-touch: Disabled
[0.087s][info][gc,init] Parallel Workers: 8
[0.087s][info][gc,init] Concurrent Workers: 2
[0.087s][info][gc,init] Concurrent Refinement Workers: 8
[0.088s][info][gc,init] Periodic GC: Disabled
[0.089s][info][gc,metaspace] CDS archive(s) mapped at: [0x0000000800000000-0x0000000800c73000-0x0000000800c73000), size 13053952, SharedBaseAddress: 0x0000000800000000, ArchiveRelocationMode: 0.
[0.090s][info][gc,metaspace] Compressed class space mapped at: 0x0000000801000000-0x0000000841000000, reserved size: 1073741824
[0.090s][info][gc,metaspace] Narrow klass base: 0x0000000800000000, Narrow klass shift: 0, Narrow klass range: 0x100000000
[0.382s][info][gc,start    ] GC(0) Pause Young (Normal) (G1 Evacuation Pause)
[0.384s][info][gc,task     ] GC(0) Using 6 workers of 8 for evacuation
[0.398s][info][gc,phases   ] GC(0)   Pre Evacuate Collection Set: 0.1ms
[0.398s][info][gc,phases   ] GC(0)   Merge Heap Roots: 0.2ms
[0.398s][info][gc,phases   ] GC(0)   Evacuate Collection Set: 12.2ms
[0.399s][info][gc,phases   ] GC(0)   Post Evacuate Collection Set: 0.9ms
[0.399s][info][gc,phases   ] GC(0)   Other: 1.7ms
[0.399s][info][gc,heap     ] GC(0) Eden regions: 23->0(13)
[0.399s][info][gc,heap     ] GC(0) Survivor regions: 0->3(3)
[0.400s][info][gc,heap     ] GC(0) Old regions: 0->20
[0.400s][info][gc,heap     ] GC(0) Archive regions: 2->2
[0.400s][info][gc,heap     ] GC(0) Humongous regions: 0->0
[0.400s][info][gc,metaspace] GC(0) Metaspace: 300K(512K)->300K(512K) NonClass: 283K(384K)->283K(384K) Class: 16K(128K)->16K(128K)
[0.401s][info][gc          ] GC(0) Pause Young (Normal) (G1 Evacuation Pause) 23M->23M(256M) 19.046ms
[0.401s][info][gc,cpu      ] GC(0) User=0.03s Sys=0.04s Real=0.02s
[0.408s][info][gc,start    ] GC(1) Pause Young (Normal) (G1 Evacuation Pause)
[0.409s][info][gc,task     ] GC(1) Using 6 workers of 8 for evacuation
[0.421s][info][gc,phases   ] GC(1)   Pre Evacuate Collection Set: 0.3ms
[0.421s][info][gc,phases   ] GC(1)   Merge Heap Roots: 0.2ms
[0.422s][info][gc,phases   ] GC(1)   Evacuate Collection Set: 9.6ms
[0.422s][info][gc,phases   ] GC(1)   Post Evacuate Collection Set: 0.7ms
[0.422s][info][gc,phases   ] GC(1)   Other: 1.0ms
[0.422s][info][gc,heap     ] GC(1) Eden regions: 13->0(22)
[0.422s][info][gc,heap     ] GC(1) Survivor regions: 3->2(2)
[0.423s][info][gc,heap     ] GC(1) Old regions: 20->36
[0.424s][info][gc,heap     ] GC(1) Archive regions: 2->2
[0.424s][info][gc,heap     ] GC(1) Humongous regions: 0->0
[0.425s][info][gc,metaspace] GC(1) Metaspace: 301K(512K)->301K(512K) NonClass: 284K(384K)->284K(384K) Class: 16K(128K)->16K(128K)
[0.425s][info][gc          ] GC(1) Pause Young (Normal) (G1 Evacuation Pause) 36M->38M(256M) 16.996ms
[0.426s][info][gc,cpu      ] GC(1) User=0.02s Sys=0.04s Real=0.01s
[0.443s][info][gc,start    ] GC(2) Pause Young (Normal) (G1 Evacuation Pause)
[0.443s][info][gc,task     ] GC(2) Using 6 workers of 8 for evacuation
[0.452s][info][gc,phases   ] GC(2)   Pre Evacuate Collection Set: 0.2ms
[0.453s][info][gc,phases   ] GC(2)   Merge Heap Roots: 0.2ms
[0.453s][info][gc,phases   ] GC(2)   Evacuate Collection Set: 8.2ms
[0.453s][info][gc,phases   ] GC(2)   Post Evacuate Collection Set: 0.6ms
[0.453s][info][gc,phases   ] GC(2)   Other: 0.3ms
[0.453s][info][gc,heap     ] GC(2) Eden regions: 22->0(34)
[0.454s][info][gc,heap     ] GC(2) Survivor regions: 2->3(3)
[0.454s][info][gc,heap     ] GC(2) Old regions: 36->42
[0.454s][info][gc,heap     ] GC(2) Archive regions: 2->2
[0.454s][info][gc,heap     ] GC(2) Humongous regions: 0->0
[0.455s][info][gc,metaspace] GC(2) Metaspace: 301K(512K)->301K(512K) NonClass: 284K(384K)->284K(384K) Class: 16K(128K)->16K(128K)
[0.455s][info][gc          ] GC(2) Pause Young (Normal) (G1 Evacuation Pause) 60M->45M(256M) 12.303ms
[0.455s][info][gc,cpu      ] GC(2) User=0.01s Sys=0.04s Real=0.01s
[0.474s][info][gc,start    ] GC(3) Pause Young (Normal) (G1 Evacuation Pause)
[0.475s][info][gc,task     ] GC(3) Using 6 workers of 8 for evacuation
[0.503s][info][gc,phases   ] GC(3)   Pre Evacuate Collection Set: 0.2ms
[0.503s][info][gc,phases   ] GC(3)   Merge Heap Roots: 0.2ms
[0.503s][info][gc,phases   ] GC(3)   Evacuate Collection Set: 26.5ms
[0.503s][info][gc,phases   ] GC(3)   Post Evacuate Collection Set: 0.6ms
[0.504s][info][gc,phases   ] GC(3)   Other: 0.4ms
[0.504s][info][gc,heap     ] GC(3) Eden regions: 34->0(38)
[0.504s][info][gc,heap     ] GC(3) Survivor regions: 3->5(5)
[0.504s][info][gc,heap     ] GC(3) Old regions: 42->75
[0.505s][info][gc,heap     ] GC(3) Archive regions: 2->2
[0.505s][info][gc,heap     ] GC(3) Humongous regions: 0->0
[0.505s][info][gc,metaspace] GC(3) Metaspace: 312K(512K)->312K(512K) NonClass: 295K(384K)->295K(384K) Class: 16K(128K)->16K(128K)
[0.506s][info][gc          ] GC(3) Pause Young (Normal) (G1 Evacuation Pause) 79M->80M(256M) 31.636ms
[0.506s][info][gc,cpu      ] GC(3) User=0.04s Sys=0.11s Real=0.03s
[0.526s][info][gc,start    ] GC(4) Pause Young (Normal) (G1 Evacuation Pause)
[0.526s][info][gc,task     ] GC(4) Using 6 workers of 8 for evacuation
[0.552s][info][gc,phases   ] GC(4)   Pre Evacuate Collection Set: 0.3ms
[0.552s][info][gc,phases   ] GC(4)   Merge Heap Roots: 0.2ms
[0.552s][info][gc,phases   ] GC(4)   Evacuate Collection Set: 24.4ms
[0.552s][info][gc,phases   ] GC(4)   Post Evacuate Collection Set: 0.6ms
[0.553s][info][gc,phases   ] GC(4)   Other: 0.4ms
[0.553s][info][gc,heap     ] GC(4) Eden regions: 38->0(73)
[0.553s][info][gc,heap     ] GC(4) Survivor regions: 5->6(6)
[0.553s][info][gc,heap     ] GC(4) Old regions: 75->100
[0.553s][info][gc,heap     ] GC(4) Archive regions: 2->2
[0.554s][info][gc,heap     ] GC(4) Humongous regions: 0->0
[0.554s][info][gc,metaspace] GC(4) Metaspace: 314K(512K)->314K(512K) NonClass: 298K(384K)->298K(384K) Class: 16K(128K)->16K(128K)
[0.554s][info][gc          ] GC(4) Pause Young (Normal) (G1 Evacuation Pause) 118M->106M(256M) 28.513ms
[0.554s][info][gc,cpu      ] GC(4) User=0.06s Sys=0.09s Real=0.03s
[0.610s][info][gc,start    ] GC(5) Pause Young (Normal) (G1 Evacuation Pause)
[0.611s][info][gc,task     ] GC(5) Using 6 workers of 8 for evacuation
[0.617s][info][gc,phases   ] GC(5)   Pre Evacuate Collection Set: 0.3ms
[0.618s][info][gc,phases   ] GC(5)   Merge Heap Roots: 0.2ms
[0.618s][info][gc,phases   ] GC(5)   Evacuate Collection Set: 4.2ms
[0.618s][info][gc,phases   ] GC(5)   Post Evacuate Collection Set: 0.6ms
[0.618s][info][gc,phases   ] GC(5)   Other: 0.6ms
[0.619s][info][gc,heap     ] GC(5) Eden regions: 73->0(87)
[0.619s][info][gc,heap     ] GC(5) Survivor regions: 6->3(10)
[0.620s][info][gc,heap     ] GC(5) Old regions: 100->100
[0.620s][info][gc,heap     ] GC(5) Archive regions: 2->2
[0.620s][info][gc,heap     ] GC(5) Humongous regions: 0->0
[0.620s][info][gc,metaspace] GC(5) Metaspace: 319K(512K)->319K(512K) NonClass: 302K(384K)->302K(384K) Class: 16K(128K)->16K(128K)
[0.620s][info][gc          ] GC(5) Pause Young (Normal) (G1 Evacuation Pause) 179M->103M(256M) 9.979ms
[0.621s][info][gc,cpu      ] GC(5) User=0.01s Sys=0.02s Real=0.01s
[0.656s][info][gc,start    ] GC(6) Pause Young (Normal) (G1 Evacuation Pause)
[0.656s][info][gc,task     ] GC(6) Using 6 workers of 8 for evacuation
[0.689s][info][gc,phases   ] GC(6)   Pre Evacuate Collection Set: 0.2ms
[0.689s][info][gc,phases   ] GC(6)   Merge Heap Roots: 0.3ms
[0.689s][info][gc,phases   ] GC(6)   Evacuate Collection Set: 31.2ms
[0.689s][info][gc,phases   ] GC(6)   Post Evacuate Collection Set: 0.7ms
[0.689s][info][gc,phases   ] GC(6)   Other: 0.4ms
[0.690s][info][gc,heap     ] GC(6) Eden regions: 87->0(38)
[0.690s][info][gc,heap     ] GC(6) Survivor regions: 3->12(12)
[0.690s][info][gc,heap     ] GC(6) Old regions: 100->128
[0.690s][info][gc,heap     ] GC(6) Archive regions: 2->2
[0.691s][info][gc,heap     ] GC(6) Humongous regions: 0->0
[0.691s][info][gc,metaspace] GC(6) Metaspace: 326K(512K)->326K(512K) NonClass: 309K(384K)->309K(384K) Class: 16K(128K)->16K(128K)
[0.692s][info][gc          ] GC(6) Pause Young (Normal) (G1 Evacuation Pause) 190M->140M(256M) 36.091ms
[0.692s][info][gc,cpu      ] GC(6) User=0.07s Sys=0.12s Real=0.04s
[0.705s][info][gc,start    ] GC(7) Pause Young (Concurrent Start) (G1 Evacuation Pause)
[0.705s][info][gc,task     ] GC(7) Using 6 workers of 8 for evacuation
[0.722s][info][gc,phases   ] GC(7)   Pre Evacuate Collection Set: 0.3ms
[0.722s][info][gc,phases   ] GC(7)   Merge Heap Roots: 0.2ms
[0.722s][info][gc,phases   ] GC(7)   Evacuate Collection Set: 15.4ms
[0.723s][info][gc,phases   ] GC(7)   Post Evacuate Collection Set: 0.5ms
[0.723s][info][gc,phases   ] GC(7)   Other: 0.4ms
[0.723s][info][gc,heap     ] GC(7) Eden regions: 38->0(30)
[0.723s][info][gc,heap     ] GC(7) Survivor regions: 12->7(7)
[0.723s][info][gc,heap     ] GC(7) Old regions: 128->150
[0.724s][info][gc,heap     ] GC(7) Archive regions: 2->2
[0.724s][info][gc,heap     ] GC(7) Humongous regions: 0->0
[0.725s][info][gc,metaspace] GC(7) Metaspace: 329K(512K)->329K(512K) NonClass: 312K(384K)->312K(384K) Class: 16K(128K)->16K(128K)
[0.725s][info][gc          ] GC(7) Pause Young (Concurrent Start) (G1 Evacuation Pause) 178M->157M(256M) 20.478ms
[0.726s][info][gc,cpu      ] GC(7) User=0.06s Sys=0.04s Real=0.02s
[0.726s][info][gc          ] GC(8) Concurrent Mark Cycle
[0.727s][info][gc,marking  ] GC(8) Concurrent Scan Root Regions
[0.731s][info][gc,marking  ] GC(8) Concurrent Scan Root Regions 3.819ms
[0.731s][info][gc,marking  ] GC(8) Concurrent Mark
[0.732s][info][gc,marking  ] GC(8) Concurrent Mark From Roots
[0.732s][info][gc,task     ] GC(8) Using 2 workers of 2 for marking
[0.737s][info][gc,start    ] GC(9) Pause Young (Normal) (G1 Evacuation Pause)
[0.737s][info][gc,task     ] GC(9) Using 6 workers of 8 for evacuation
[0.744s][info][gc,phases   ] GC(9)   Pre Evacuate Collection Set: 0.2ms
[0.745s][info][gc,phases   ] GC(9)   Merge Heap Roots: 0.1ms
[0.745s][info][gc,phases   ] GC(9)   Evacuate Collection Set: 5.3ms
[0.745s][info][gc,phases   ] GC(9)   Post Evacuate Collection Set: 0.9ms
[0.745s][info][gc,phases   ] GC(9)   Other: 0.3ms
[0.746s][info][gc,heap     ] GC(9) Eden regions: 30->0(33)
[0.746s][info][gc,heap     ] GC(9) Survivor regions: 7->5(5)
[0.747s][info][gc,heap     ] GC(9) Old regions: 150->154
[0.747s][info][gc,heap     ] GC(9) Archive regions: 2->2
[0.747s][info][gc,heap     ] GC(9) Humongous regions: 0->0
[0.747s][info][gc,metaspace] GC(9) Metaspace: 329K(512K)->329K(512K) NonClass: 313K(384K)->313K(384K) Class: 16K(128K)->16K(128K)
[0.748s][info][gc          ] GC(9) Pause Young (Normal) (G1 Evacuation Pause) 187M->159M(256M) 10.924ms
[0.748s][info][gc,cpu      ] GC(9) User=0.02s Sys=0.01s Real=0.01s
[0.748s][info][gc,marking  ] GC(8) Concurrent Mark From Roots 16.855ms
[0.749s][info][gc,marking  ] GC(8) Concurrent Preclean
[0.749s][info][gc,marking  ] GC(8) Concurrent Preclean 0.296ms
[0.750s][info][gc,start    ] GC(8) Pause Remark
[0.752s][info][gc          ] GC(8) Pause Remark 165M->45M(256M) 1.614ms
[0.752s][info][gc,cpu      ] GC(8) User=0.00s Sys=0.00s Real=0.00s
[0.753s][info][gc,marking  ] GC(8) Concurrent Mark 21.368ms
[0.753s][info][gc,marking  ] GC(8) Concurrent Rebuild Remembered Sets and Scrub Regions
[0.755s][info][gc,marking  ] GC(8) Concurrent Rebuild Remembered Sets and Scrub Regions 2.308ms
[0.756s][info][gc,start    ] GC(8) Pause Cleanup
[0.756s][info][gc          ] GC(8) Pause Cleanup 61M->61M(256M) 0.557ms
[0.757s][info][gc,cpu      ] GC(8) User=0.00s Sys=0.00s Real=0.01s
[0.757s][info][gc,marking  ] GC(8) Concurrent Clear Claimed Marks
[0.758s][info][gc,marking  ] GC(8) Concurrent Clear Claimed Marks 0.533ms
[0.759s][info][gc,marking  ] GC(8) Concurrent Cleanup for Next Mark
[0.768s][info][gc,marking  ] GC(8) Concurrent Cleanup for Next Mark 9.053ms
[0.768s][info][gc          ] GC(8) Concurrent Mark Cycle 42.376ms
[0.769s][info][gc,start    ] GC(10) Pause Young (Prepare Mixed) (G1 Evacuation Pause)
[0.769s][info][gc,task     ] GC(10) Using 6 workers of 8 for evacuation
[0.786s][info][gc,phases   ] GC(10)   Pre Evacuate Collection Set: 0.2ms
[0.786s][info][gc,phases   ] GC(10)   Merge Heap Roots: 0.2ms
[0.786s][info][gc,phases   ] GC(10)   Evacuate Collection Set: 15.1ms
[0.787s][info][gc,phases   ] GC(10)   Post Evacuate Collection Set: 0.8ms
[0.787s][info][gc,phases   ] GC(10)   Other: 0.3ms
[0.787s][info][gc,heap     ] GC(10) Eden regions: 33->0(68)
[0.788s][info][gc,heap     ] GC(10) Survivor regions: 5->5(5)
[0.788s][info][gc,heap     ] GC(10) Old regions: 34->68
[0.788s][info][gc,heap     ] GC(10) Archive regions: 2->2
[0.788s][info][gc,heap     ] GC(10) Humongous regions: 0->0
[0.788s][info][gc,metaspace] GC(10) Metaspace: 330K(512K)->330K(512K) NonClass: 313K(384K)->313K(384K) Class: 16K(128K)->16K(128K)
[0.789s][info][gc          ] GC(10) Pause Young (Prepare Mixed) (G1 Evacuation Pause) 72M->73M(256M) 20.056ms
[0.789s][info][gc,cpu      ] GC(10) User=0.06s Sys=0.02s Real=0.02s
[0.816s][info][gc,start    ] GC(11) Pause Young (Mixed) (G1 Evacuation Pause)
[0.817s][info][gc,task     ] GC(11) Using 6 workers of 8 for evacuation
[0.820s][info][gc,phases   ] GC(11)   Pre Evacuate Collection Set: 0.2ms
[0.820s][info][gc,phases   ] GC(11)   Merge Heap Roots: 0.2ms
[0.820s][info][gc,phases   ] GC(11)   Evacuate Collection Set: 1.8ms
[0.821s][info][gc,phases   ] GC(11)   Post Evacuate Collection Set: 0.7ms
[0.821s][info][gc,phases   ] GC(11)   Other: 0.4ms
[0.821s][info][gc,heap     ] GC(11) Eden regions: 68->0(75)
[0.821s][info][gc,heap     ] GC(11) Survivor regions: 5->10(10)
[0.822s][info][gc,heap     ] GC(11) Old regions: 68->68
[0.822s][info][gc,heap     ] GC(11) Archive regions: 2->2
[0.822s][info][gc,heap     ] GC(11) Humongous regions: 0->0
[0.822s][info][gc,metaspace] GC(11) Metaspace: 331K(512K)->331K(512K) NonClass: 315K(384K)->315K(384K) Class: 16K(128K)->16K(128K)
[0.823s][info][gc          ] GC(11) Pause Young (Mixed) (G1 Evacuation Pause) 141M->78M(256M) 6.215ms
[0.823s][info][gc,cpu      ] GC(11) User=0.01s Sys=0.01s Real=0.01s
[0.851s][info][gc,start    ] GC(12) Pause Young (Normal) (G1 Evacuation Pause)
[0.852s][info][gc,task     ] GC(12) Using 6 workers of 8 for evacuation
[0.859s][info][gc,phases   ] GC(12)   Pre Evacuate Collection Set: 0.2ms
[0.860s][info][gc,phases   ] GC(12)   Merge Heap Roots: 0.1ms
[0.861s][info][gc,phases   ] GC(12)   Evacuate Collection Set: 5.9ms
[0.862s][info][gc,phases   ] GC(12)   Post Evacuate Collection Set: 0.7ms
[0.863s][info][gc,phases   ] GC(12)   Other: 0.4ms
[0.863s][info][gc,heap     ] GC(12) Eden regions: 75->0(62)
[0.863s][info][gc,heap     ] GC(12) Survivor regions: 10->11(11)
[0.864s][info][gc,heap     ] GC(12) Old regions: 68->92
[0.864s][info][gc,heap     ] GC(12) Archive regions: 2->2
[0.864s][info][gc,heap     ] GC(12) Humongous regions: 0->0
[0.864s][info][gc,metaspace] GC(12) Metaspace: 338K(512K)->338K(512K) NonClass: 322K(384K)->322K(384K) Class: 16K(128K)->16K(128K)
[0.865s][info][gc          ] GC(12) Pause Young (Normal) (G1 Evacuation Pause) 153M->103M(256M) 13.436ms
[0.865s][info][gc,cpu      ] GC(12) User=0.04s Sys=0.00s Real=0.01s
[0.883s][info][gc,start    ] GC(13) Pause Young (Normal) (G1 Evacuation Pause)
[0.883s][info][gc,task     ] GC(13) Using 6 workers of 8 for evacuation
[0.896s][info][gc,phases   ] GC(13)   Pre Evacuate Collection Set: 0.2ms
[0.897s][info][gc,phases   ] GC(13)   Merge Heap Roots: 0.2ms
[0.897s][info][gc,phases   ] GC(13)   Evacuate Collection Set: 11.5ms
[0.898s][info][gc,phases   ] GC(13)   Post Evacuate Collection Set: 0.9ms
[0.898s][info][gc,phases   ] GC(13)   Other: 0.4ms
[0.898s][info][gc,heap     ] GC(13) Eden regions: 62->0(36)
[0.899s][info][gc,heap     ] GC(13) Survivor regions: 11->10(10)
[0.899s][info][gc,heap     ] GC(13) Old regions: 92->130
[0.899s][info][gc,heap     ] GC(13) Archive regions: 2->2
[0.899s][info][gc,heap     ] GC(13) Humongous regions: 0->0
[0.900s][info][gc,metaspace] GC(13) Metaspace: 347K(576K)->347K(576K) NonClass: 330K(448K)->330K(448K) Class: 16K(128K)->16K(128K)
[0.900s][info][gc          ] GC(13) Pause Young (Normal) (G1 Evacuation Pause) 165M->140M(256M) 17.148ms
[0.900s][info][gc,cpu      ] GC(13) User=0.06s Sys=0.00s Real=0.02s
[0.914s][info][gc,start    ] GC(14) Pause Young (Concurrent Start) (G1 Evacuation Pause)
[0.914s][info][gc,task     ] GC(14) Using 6 workers of 8 for evacuation
[0.921s][info][gc,phases   ] GC(14)   Pre Evacuate Collection Set: 0.2ms
[0.922s][info][gc,phases   ] GC(14)   Merge Heap Roots: 0.2ms
[0.922s][info][gc,phases   ] GC(14)   Evacuate Collection Set: 5.9ms
[0.922s][info][gc,phases   ] GC(14)   Post Evacuate Collection Set: 0.6ms
[0.923s][info][gc,phases   ] GC(14)   Other: 0.4ms
[0.923s][info][gc,heap     ] GC(14) Eden regions: 36->0(27)
[0.923s][info][gc,heap     ] GC(14) Survivor regions: 10->6(6)
[0.923s][info][gc,heap     ] GC(14) Old regions: 130->158
[0.924s][info][gc,heap     ] GC(14) Archive regions: 2->2
[0.924s][info][gc,heap     ] GC(14) Humongous regions: 0->0
[0.924s][info][gc,metaspace] GC(14) Metaspace: 354K(576K)->354K(576K) NonClass: 337K(448K)->337K(448K) Class: 16K(128K)->16K(128K)
[0.925s][info][gc          ] GC(14) Pause Young (Concurrent Start) (G1 Evacuation Pause) 176M->164M(256M) 11.259ms
[0.926s][info][gc,cpu      ] GC(14) User=0.04s Sys=0.00s Real=0.01s
[0.926s][info][gc          ] GC(15) Concurrent Mark Cycle
[0.927s][info][gc,marking  ] GC(15) Concurrent Scan Root Regions
[0.931s][info][gc,marking  ] GC(15) Concurrent Scan Root Regions 3.525ms
[0.931s][info][gc,marking  ] GC(15) Concurrent Mark
[0.932s][info][gc,marking  ] GC(15) Concurrent Mark From Roots
[0.932s][info][gc,task     ] GC(15) Using 2 workers of 2 for marking
[0.935s][info][gc,marking  ] GC(15) Concurrent Mark From Roots 3.506ms
[0.936s][info][gc,marking  ] GC(15) Concurrent Preclean
[0.936s][info][gc,marking  ] GC(15) Concurrent Preclean 0.302ms
[0.936s][info][gc,start    ] GC(16) Pause Young (Normal) (G1 Evacuation Pause)
[0.937s][info][gc,task     ] GC(16) Using 6 workers of 8 for evacuation
[0.941s][info][gc,phases   ] GC(16)   Pre Evacuate Collection Set: 0.2ms
[0.942s][info][gc,phases   ] GC(16)   Merge Heap Roots: 0.2ms
[0.945s][info][gc,phases   ] GC(16)   Evacuate Collection Set: 2.3ms
[0.946s][info][gc,phases   ] GC(16)   Post Evacuate Collection Set: 0.7ms
[0.947s][info][gc,phases   ] GC(16)   Other: 0.4ms
[0.949s][info][gc,heap     ] GC(16) Eden regions: 27->0(28)
[0.949s][info][gc,heap     ] GC(16) Survivor regions: 6->5(5)
[0.949s][info][gc,heap     ] GC(16) Old regions: 158->164
[0.949s][info][gc,heap     ] GC(16) Archive regions: 2->2
[0.950s][info][gc,heap     ] GC(16) Humongous regions: 0->0
[0.950s][info][gc,metaspace] GC(16) Metaspace: 360K(576K)->360K(576K) NonClass: 343K(448K)->343K(448K) Class: 16K(128K)->16K(128K)
[0.950s][info][gc          ] GC(16) Pause Young (Normal) (G1 Evacuation Pause) 191M->169M(256M) 13.930ms
[0.951s][info][gc,cpu      ] GC(16) User=0.01s Sys=0.01s Real=0.02s
[0.952s][info][gc,start    ] GC(15) Pause Remark
[0.953s][info][gc          ] GC(15) Pause Remark 169M->47M(256M) 1.694ms
[0.954s][info][gc,cpu      ] GC(15) User=0.00s Sys=0.00s Real=0.00s
[0.954s][info][gc,marking  ] GC(15) Concurrent Mark 22.720ms
[0.954s][info][gc,marking  ] GC(15) Concurrent Rebuild Remembered Sets and Scrub Regions
[0.957s][info][gc,marking  ] GC(15) Concurrent Rebuild Remembered Sets and Scrub Regions 2.607ms
[0.958s][info][gc,start    ] GC(15) Pause Cleanup
[0.959s][info][gc          ] GC(15) Pause Cleanup 60M->60M(256M) 1.199ms
[0.960s][info][gc,cpu      ] GC(15) User=0.00s Sys=0.00s Real=0.00s
[0.961s][info][gc,marking  ] GC(15) Concurrent Clear Claimed Marks
[0.961s][info][gc,marking  ] GC(15) Concurrent Clear Claimed Marks 0.647ms
[0.962s][info][gc,marking  ] GC(15) Concurrent Cleanup for Next Mark
[0.963s][info][gc,marking  ] GC(15) Concurrent Cleanup for Next Mark 1.439ms
[0.964s][info][gc          ] GC(15) Concurrent Mark Cycle 38.139ms
[0.966s][info][gc,start    ] GC(17) Pause Young (Prepare Mixed) (G1 Evacuation Pause)
[0.966s][info][gc,task     ] GC(17) Using 6 workers of 8 for evacuation
[0.973s][info][gc,phases   ] GC(17)   Pre Evacuate Collection Set: 0.2ms
[0.974s][info][gc,phases   ] GC(17)   Merge Heap Roots: 0.2ms
[0.974s][info][gc,phases   ] GC(17)   Evacuate Collection Set: 6.1ms
[0.975s][info][gc,phases   ] GC(17)   Post Evacuate Collection Set: 0.6ms
[0.975s][info][gc,phases   ] GC(17)   Other: 0.3ms
[0.976s][info][gc,heap     ] GC(17) Eden regions: 28->0(63)
[0.977s][info][gc,heap     ] GC(17) Survivor regions: 5->5(5)
[0.978s][info][gc,heap     ] GC(17) Old regions: 42->71
[0.978s][info][gc,heap     ] GC(17) Archive regions: 2->2
[0.979s][info][gc,heap     ] GC(17) Humongous regions: 0->0
[0.979s][info][gc,metaspace] GC(17) Metaspace: 361K(576K)->361K(576K) NonClass: 344K(448K)->344K(448K) Class: 16K(128K)->16K(128K)
[0.979s][info][gc          ] GC(17) Pause Young (Prepare Mixed) (G1 Evacuation Pause) 75M->76M(256M) 13.645ms
[0.980s][info][gc,cpu      ] GC(17) User=0.02s Sys=0.02s Real=0.02s
[0.998s][info][gc,start    ] GC(18) Pause Young (Mixed) (G1 Evacuation Pause)
[0.999s][info][gc,task     ] GC(18) Using 6 workers of 8 for evacuation
[1.001s][info][gc,phases   ] GC(18)   Pre Evacuate Collection Set: 0.2ms
[1.001s][info][gc,phases   ] GC(18)   Merge Heap Roots: 0.2ms
[1.002s][info][gc,phases   ] GC(18)   Evacuate Collection Set: 0.8ms
[1.002s][info][gc,phases   ] GC(18)   Post Evacuate Collection Set: 0.7ms
[1.002s][info][gc,phases   ] GC(18)   Other: 0.3ms
[1.002s][info][gc,heap     ] GC(18) Eden regions: 63->0(73)
[1.002s][info][gc,heap     ] GC(18) Survivor regions: 5->2(9)
[1.002s][info][gc,heap     ] GC(18) Old regions: 71->71
[1.003s][info][gc,heap     ] GC(18) Archive regions: 2->2
[1.003s][info][gc,heap     ] GC(18) Humongous regions: 0->0
[1.003s][info][gc,metaspace] GC(18) Metaspace: 361K(576K)->361K(576K) NonClass: 344K(448K)->344K(448K) Class: 16K(128K)->16K(128K)
[1.003s][info][gc          ] GC(18) Pause Young (Mixed) (G1 Evacuation Pause) 139M->73M(256M) 4.785ms
[1.003s][info][gc,cpu      ] GC(18) User=0.00s Sys=0.00s Real=0.00s
[1.022s][info][gc,start    ] GC(19) Pause Young (Normal) (G1 Evacuation Pause)
[1.023s][info][gc,task     ] GC(19) Using 6 workers of 8 for evacuation
[1.033s][info][gc,phases   ] GC(19)   Pre Evacuate Collection Set: 0.2ms
[1.033s][info][gc,phases   ] GC(19)   Merge Heap Roots: 0.2ms
[1.033s][info][gc,phases   ] GC(19)   Evacuate Collection Set: 8.7ms
[1.034s][info][gc,phases   ] GC(19)   Post Evacuate Collection Set: 0.6ms
[1.034s][info][gc,phases   ] GC(19)   Other: 0.3ms
[1.034s][info][gc,heap     ] GC(19) Eden regions: 73->0(65)
[1.034s][info][gc,heap     ] GC(19) Survivor regions: 2->10(10)
[1.035s][info][gc,heap     ] GC(19) Old regions: 71->86
[1.035s][info][gc,heap     ] GC(19) Archive regions: 2->2
[1.035s][info][gc,heap     ] GC(19) Humongous regions: 0->0
[1.035s][info][gc,metaspace] GC(19) Metaspace: 363K(576K)->363K(576K) NonClass: 346K(448K)->346K(448K) Class: 16K(128K)->16K(128K)
[1.036s][info][gc          ] GC(19) Pause Young (Normal) (G1 Evacuation Pause) 146M->96M(256M) 13.489ms
[1.036s][info][gc,cpu      ] GC(19) User=0.06s Sys=0.00s Real=0.01s
[1.064s][info][gc,start    ] GC(20) Pause Young (Normal) (G1 Evacuation Pause)
[1.064s][info][gc,task     ] GC(20) Using 6 workers of 8 for evacuation
[1.073s][info][gc,phases   ] GC(20)   Pre Evacuate Collection Set: 0.3ms
[1.073s][info][gc,phases   ] GC(20)   Merge Heap Roots: 0.2ms
[1.074s][info][gc,phases   ] GC(20)   Evacuate Collection Set: 7.0ms
[1.074s][info][gc,phases   ] GC(20)   Post Evacuate Collection Set: 0.7ms
[1.074s][info][gc,phases   ] GC(20)   Other: 0.3ms
[1.075s][info][gc,heap     ] GC(20) Eden regions: 65->0(44)
[1.075s][info][gc,heap     ] GC(20) Survivor regions: 10->10(10)
[1.076s][info][gc,heap     ] GC(20) Old regions: 86->117
[1.076s][info][gc,heap     ] GC(20) Archive regions: 2->2
[1.076s][info][gc,heap     ] GC(20) Humongous regions: 0->0
[1.077s][info][gc,metaspace] GC(20) Metaspace: 385K(576K)->385K(576K) NonClass: 369K(448K)->369K(448K) Class: 16K(128K)->16K(128K)
[1.077s][info][gc          ] GC(20) Pause Young (Normal) (G1 Evacuation Pause) 161M->127M(256M) 12.908ms
[1.077s][info][gc,cpu      ] GC(20) User=0.04s Sys=0.00s Real=0.02s
[1.086s][info][gc,start    ] GC(21) Pause Young (Concurrent Start) (G1 Evacuation Pause)
[1.087s][info][gc,task     ] GC(21) Using 6 workers of 8 for evacuation
[1.098s][info][gc,phases   ] GC(21)   Pre Evacuate Collection Set: 0.2ms
[1.099s][info][gc,phases   ] GC(21)   Merge Heap Roots: 0.1ms
[1.099s][info][gc,phases   ] GC(21)   Evacuate Collection Set: 9.9ms
[1.099s][info][gc,phases   ] GC(21)   Post Evacuate Collection Set: 0.8ms
[1.099s][info][gc,phases   ] GC(21)   Other: 0.3ms
[1.100s][info][gc,heap     ] GC(21) Eden regions: 44->0(31)
[1.100s][info][gc,heap     ] GC(21) Survivor regions: 10->7(7)
[1.100s][info][gc,heap     ] GC(21) Old regions: 117->145
[1.101s][info][gc,heap     ] GC(21) Archive regions: 2->2
[1.101s][info][gc,heap     ] GC(21) Humongous regions: 0->0
[1.101s][info][gc,metaspace] GC(21) Metaspace: 391K(576K)->391K(576K) NonClass: 375K(448K)->375K(448K) Class: 16K(128K)->16K(128K)
[1.101s][info][gc          ] GC(21) Pause Young (Concurrent Start) (G1 Evacuation Pause) 171M->152M(256M) 15.030ms
[1.102s][info][gc,cpu      ] GC(21) User=0.06s Sys=0.00s Real=0.02s
[1.102s][info][gc          ] GC(22) Concurrent Mark Cycle
[1.102s][info][gc,marking  ] GC(22) Concurrent Scan Root Regions
[1.104s][info][gc,marking  ] GC(22) Concurrent Scan Root Regions 1.873ms
[1.104s][info][gc,marking  ] GC(22) Concurrent Mark
[1.105s][info][gc,marking  ] GC(22) Concurrent Mark From Roots
[1.105s][info][gc,task     ] GC(22) Using 2 workers of 2 for marking
[1.114s][info][gc,start    ] GC(23) Pause Young (Normal) (G1 Evacuation Pause)
[1.114s][info][gc,task     ] GC(23) Using 6 workers of 8 for evacuation
[1.119s][info][gc,phases   ] GC(23)   Pre Evacuate Collection Set: 0.2ms
[1.120s][info][gc,phases   ] GC(23)   Merge Heap Roots: 0.2ms
[1.120s][info][gc,phases   ] GC(23)   Evacuate Collection Set: 3.8ms
[1.120s][info][gc,phases   ] GC(23)   Post Evacuate Collection Set: 0.7ms
[1.120s][info][gc,phases   ] GC(23)   Other: 0.4ms
[1.121s][info][gc,heap     ] GC(23) Eden regions: 31->0(30)
[1.121s][info][gc,heap     ] GC(23) Survivor regions: 7->5(5)
[1.122s][info][gc,heap     ] GC(23) Old regions: 145->157
[1.122s][info][gc,heap     ] GC(23) Archive regions: 2->2
[1.122s][info][gc,heap     ] GC(23) Humongous regions: 0->0
[1.122s][info][gc,metaspace] GC(23) Metaspace: 395K(576K)->395K(576K) NonClass: 378K(448K)->378K(448K) Class: 16K(128K)->16K(128K)
[1.123s][info][gc          ] GC(23) Pause Young (Normal) (G1 Evacuation Pause) 183M->162M(256M) 9.002ms
[1.123s][info][gc,cpu      ] GC(23) User=0.02s Sys=0.00s Real=0.01s
[1.124s][info][gc,marking  ] GC(22) Concurrent Mark From Roots 18.929ms
[1.126s][info][gc,marking  ] GC(22) Concurrent Preclean
[1.130s][info][gc,marking  ] GC(22) Concurrent Preclean 3.731ms
[1.131s][info][gc,start    ] GC(22) Pause Remark
[1.133s][info][gc          ] GC(22) Pause Remark 177M->69M(256M) 1.917ms
[1.134s][info][gc,cpu      ] GC(22) User=0.00s Sys=0.00s Real=0.00s
[1.135s][info][gc,marking  ] GC(22) Concurrent Mark 30.254ms
[1.135s][info][gc,marking  ] GC(22) Concurrent Rebuild Remembered Sets and Scrub Regions
[1.139s][info][gc,marking  ] GC(22) Concurrent Rebuild Remembered Sets and Scrub Regions 3.551ms
[1.139s][info][gc,start    ] GC(24) Pause Young (Normal) (G1 Evacuation Pause)
[1.139s][info][gc,task     ] GC(24) Using 6 workers of 8 for evacuation
[1.155s][info][gc,phases   ] GC(24)   Pre Evacuate Collection Set: 0.5ms
[1.155s][info][gc,phases   ] GC(24)   Merge Heap Roots: 0.2ms
[1.156s][info][gc,phases   ] GC(24)   Evacuate Collection Set: 11.8ms
[1.156s][info][gc,phases   ] GC(24)   Post Evacuate Collection Set: 0.6ms
[1.156s][info][gc,phases   ] GC(24)   Other: 2.2ms
[1.157s][info][gc,heap     ] GC(24) Eden regions: 30->0(71)
[1.157s][info][gc,heap     ] GC(24) Survivor regions: 5->5(5)
[1.158s][info][gc,heap     ] GC(24) Old regions: 49->81
[1.161s][info][gc,heap     ] GC(24) Archive regions: 2->2
[1.162s][info][gc,heap     ] GC(24) Humongous regions: 0->0
[1.162s][info][gc,metaspace] GC(24) Metaspace: 398K(576K)->398K(576K) NonClass: 381K(448K)->381K(448K) Class: 16K(128K)->16K(128K)
[1.163s][info][gc          ] GC(24) Pause Young (Normal) (G1 Evacuation Pause) 84M->86M(256M) 23.915ms
[1.163s][info][gc,cpu      ] GC(24) User=0.07s Sys=0.00s Real=0.02s
[1.164s][info][gc,start    ] GC(22) Pause Cleanup
[1.165s][info][gc          ] GC(22) Pause Cleanup 86M->86M(256M) 0.742ms
[1.165s][info][gc,cpu      ] GC(22) User=0.00s Sys=0.00s Real=0.00s
[1.166s][info][gc,marking  ] GC(22) Concurrent Clear Claimed Marks
[1.166s][info][gc,marking  ] GC(22) Concurrent Clear Claimed Marks 0.227ms
[1.166s][info][gc,marking  ] GC(22) Concurrent Cleanup for Next Mark
[1.167s][info][gc,marking  ] GC(22) Concurrent Cleanup for Next Mark 0.622ms
[1.167s][info][gc          ] GC(22) Concurrent Mark Cycle 65.507ms
[1.193s][info][gc,start    ] GC(25) Pause Young (Prepare Mixed) (G1 Evacuation Pause)
[1.195s][info][gc,task     ] GC(25) Using 6 workers of 8 for evacuation
[1.205s][info][gc,phases   ] GC(25)   Pre Evacuate Collection Set: 0.2ms
[1.205s][info][gc,phases   ] GC(25)   Merge Heap Roots: 0.2ms
[1.206s][info][gc,phases   ] GC(25)   Evacuate Collection Set: 6.8ms
[1.212s][info][gc,phases   ] GC(25)   Post Evacuate Collection Set: 0.6ms
[1.215s][info][gc,phases   ] GC(25)   Other: 2.6ms
[1.218s][info][gc,heap     ] GC(25) Eden regions: 71->0(71)
[1.220s][info][gc,heap     ] GC(25) Survivor regions: 5->10(10)
[1.221s][info][gc,heap     ] GC(25) Old regions: 81->89
[1.221s][info][gc,heap     ] GC(25) Archive regions: 2->2
[1.222s][info][gc,heap     ] GC(25) Humongous regions: 0->0
[1.223s][info][gc,metaspace] GC(25) Metaspace: 398K(576K)->398K(576K) NonClass: 382K(448K)->382K(448K) Class: 16K(128K)->16K(128K)
[1.225s][info][gc          ] GC(25) Pause Young (Prepare Mixed) (G1 Evacuation Pause) 157M->99M(256M) 31.381ms
[1.226s][info][gc,cpu      ] GC(25) User=0.02s Sys=0.00s Real=0.03s
[1.260s][info][gc,start    ] GC(26) Pause Young (Mixed) (G1 Evacuation Pause)
[1.264s][info][gc,task     ] GC(26) Using 6 workers of 8 for evacuation
[1.279s][info][gc,phases   ] GC(26)   Pre Evacuate Collection Set: 0.3ms
[1.280s][info][gc,phases   ] GC(26)   Merge Heap Roots: 0.2ms
[1.280s][info][gc,phases   ] GC(26)   Evacuate Collection Set: 7.8ms
[1.281s][info][gc,phases   ] GC(26)   Post Evacuate Collection Set: 6.0ms
[1.281s][info][gc,phases   ] GC(26)   Other: 0.6ms
[1.282s][info][gc,heap     ] GC(26) Eden regions: 71->0(47)
[1.283s][info][gc,heap     ] GC(26) Survivor regions: 10->11(11)
[1.283s][info][gc,heap     ] GC(26) Old regions: 89->115
[1.286s][info][gc,heap     ] GC(26) Archive regions: 2->2
[1.286s][info][gc,heap     ] GC(26) Humongous regions: 0->0
[1.286s][info][gc,metaspace] GC(26) Metaspace: 401K(576K)->401K(576K) NonClass: 384K(448K)->384K(448K) Class: 16K(128K)->16K(128K)
[1.287s][info][gc          ] GC(26) Pause Young (Mixed) (G1 Evacuation Pause) 170M->126M(256M) 26.646ms
[1.287s][info][gc,cpu      ] GC(26) User=0.05s Sys=0.00s Real=0.03s
[1.307s][info][gc,start    ] GC(27) Pause Young (Concurrent Start) (G1 Evacuation Pause)
[1.313s][info][gc,task     ] GC(27) Using 6 workers of 8 for evacuation
[1.324s][info][gc,phases   ] GC(27)   Pre Evacuate Collection Set: 0.3ms
[1.329s][info][gc,phases   ] GC(27)   Merge Heap Roots: 0.2ms
[1.330s][info][gc,phases   ] GC(27)   Evacuate Collection Set: 9.6ms
[1.330s][info][gc,phases   ] GC(27)   Post Evacuate Collection Set: 0.6ms
[1.331s][info][gc,phases   ] GC(27)   Other: 0.9ms
[1.332s][info][gc,heap     ] GC(27) Eden regions: 47->0(31)
[1.333s][info][gc,heap     ] GC(27) Survivor regions: 11->8(8)
[1.333s][info][gc,heap     ] GC(27) Old regions: 115->144
[1.334s][info][gc,heap     ] GC(27) Archive regions: 2->2
[1.335s][info][gc,heap     ] GC(27) Humongous regions: 0->0
[1.335s][info][gc,metaspace] GC(27) Metaspace: 401K(576K)->401K(576K) NonClass: 384K(448K)->384K(448K) Class: 16K(128K)->16K(128K)
[1.335s][info][gc          ] GC(27) Pause Young (Concurrent Start) (G1 Evacuation Pause) 173M->152M(256M) 28.797ms
[1.336s][info][gc,cpu      ] GC(27) User=0.05s Sys=0.01s Real=0.02s
[1.336s][info][gc          ] GC(28) Concurrent Mark Cycle
[1.336s][info][gc,marking  ] GC(28) Concurrent Scan Root Regions
[1.338s][info][gc,marking  ] GC(28) Concurrent Scan Root Regions 1.675ms
[1.347s][info][gc,marking  ] GC(28) Concurrent Mark
[1.348s][info][gc,marking  ] GC(28) Concurrent Mark From Roots
[1.349s][info][gc,task     ] GC(28) Using 2 workers of 2 for marking
[1.352s][info][gc,marking  ] GC(28) Concurrent Mark From Roots 4.101ms
[1.353s][info][gc,marking  ] GC(28) Concurrent Preclean
[1.353s][info][gc,marking  ] GC(28) Concurrent Preclean 0.289ms
[1.354s][info][gc,start    ] GC(28) Pause Remark
[1.355s][info][gc          ] GC(28) Pause Remark 179M->73M(256M) 1.775ms
[1.356s][info][gc,cpu      ] GC(28) User=0.01s Sys=0.00s Real=0.00s
[1.356s][info][gc,marking  ] GC(28) Concurrent Mark 9.394ms
[1.356s][info][gc,marking  ] GC(28) Concurrent Rebuild Remembered Sets and Scrub Regions
[1.357s][info][gc,start    ] GC(29) Pause Young (Normal) (G1 Evacuation Pause)
[1.360s][info][gc,task     ] GC(29) Using 6 workers of 8 for evacuation
[1.367s][info][gc,phases   ] GC(29)   Pre Evacuate Collection Set: 0.2ms
[1.368s][info][gc,phases   ] GC(29)   Merge Heap Roots: 0.2ms
[1.368s][info][gc,phases   ] GC(29)   Evacuate Collection Set: 2.7ms
[1.368s][info][gc,phases   ] GC(29)   Post Evacuate Collection Set: 0.5ms
[1.369s][info][gc,phases   ] GC(29)   Other: 3.4ms
[1.369s][info][gc,heap     ] GC(29) Eden regions: 31->0(103)
[1.369s][info][gc,heap     ] GC(29) Survivor regions: 8->5(5)
[1.369s][info][gc,heap     ] GC(29) Old regions: 38->51
[1.370s][info][gc,heap     ] GC(29) Archive regions: 2->2
[1.371s][info][gc,heap     ] GC(29) Humongous regions: 0->0
[1.371s][info][gc,metaspace] GC(29) Metaspace: 401K(576K)->401K(576K) NonClass: 384K(448K)->384K(448K) Class: 16K(128K)->16K(128K)
[1.372s][info][gc          ] GC(29) Pause Young (Normal) (G1 Evacuation Pause) 77M->56M(256M) 15.505ms
[1.373s][info][gc,cpu      ] GC(29) User=0.01s Sys=0.00s Real=0.01s
[1.377s][info][gc,marking  ] GC(28) Concurrent Rebuild Remembered Sets and Scrub Regions 20.117ms
[1.385s][info][gc,start    ] GC(28) Pause Cleanup
[1.386s][info][gc          ] GC(28) Pause Cleanup 76M->76M(256M) 0.718ms
[1.386s][info][gc,cpu      ] GC(28) User=0.00s Sys=0.00s Real=0.00s
[1.387s][info][gc,marking  ] GC(28) Concurrent Clear Claimed Marks
[1.388s][info][gc,marking  ] GC(28) Concurrent Clear Claimed Marks 1.414ms
[1.395s][info][gc,marking  ] GC(28) Concurrent Cleanup for Next Mark
[1.398s][info][gc,marking  ] GC(28) Concurrent Cleanup for Next Mark 2.946ms
[1.398s][info][gc          ] GC(28) Concurrent Mark Cycle 62.680ms
[1.429s][info][gc,start    ] GC(30) Pause Young (Prepare Mixed) (G1 Evacuation Pause)
[1.430s][info][gc,task     ] GC(30) Using 6 workers of 8 for evacuation
[1.435s][info][gc,phases   ] GC(30)   Pre Evacuate Collection Set: 0.2ms
[1.436s][info][gc,phases   ] GC(30)   Merge Heap Roots: 0.2ms
[1.436s][info][gc,phases   ] GC(30)   Evacuate Collection Set: 4.4ms
[1.436s][info][gc,phases   ] GC(30)   Post Evacuate Collection Set: 0.6ms
[1.437s][info][gc,phases   ] GC(30)   Other: 0.6ms
[1.437s][info][gc,heap     ] GC(30) Eden regions: 103->0(103)
[1.437s][info][gc,heap     ] GC(30) Survivor regions: 5->14(14)
[1.437s][info][gc,heap     ] GC(30) Old regions: 51->57
[1.438s][info][gc,heap     ] GC(30) Archive regions: 2->2
[1.438s][info][gc,heap     ] GC(30) Humongous regions: 0->0
[1.438s][info][gc,metaspace] GC(30) Metaspace: 435K(640K)->435K(640K) NonClass: 418K(512K)->418K(512K) Class: 16K(128K)->16K(128K)
[1.439s][info][gc          ] GC(30) Pause Young (Prepare Mixed) (G1 Evacuation Pause) 159M->71M(256M) 10.226ms
[1.439s][info][gc,cpu      ] GC(30) User=0.03s Sys=0.00s Real=0.01s
[1.476s][info][gc,start    ] GC(31) Pause Young (Mixed) (G1 Evacuation Pause)
[1.477s][info][gc,task     ] GC(31) Using 6 workers of 8 for evacuation
[1.490s][info][gc,phases   ] GC(31)   Pre Evacuate Collection Set: 0.2ms
[1.490s][info][gc,phases   ] GC(31)   Merge Heap Roots: 0.2ms
[1.491s][info][gc,phases   ] GC(31)   Evacuate Collection Set: 11.2ms
[1.492s][info][gc,phases   ] GC(31)   Post Evacuate Collection Set: 0.8ms
[1.493s][info][gc,phases   ] GC(31)   Other: 0.4ms
[1.493s][info][gc,heap     ] GC(31) Eden regions: 103->0(99)
[1.494s][info][gc,heap     ] GC(31) Survivor regions: 14->15(15)
[1.495s][info][gc,heap     ] GC(31) Old regions: 57->65
[1.495s][info][gc,heap     ] GC(31) Archive regions: 2->2
[1.496s][info][gc,heap     ] GC(31) Humongous regions: 0->0
[1.496s][info][gc,metaspace] GC(31) Metaspace: 449K(640K)->449K(640K) NonClass: 432K(512K)->432K(512K) Class: 16K(128K)->16K(128K)
[1.497s][info][gc          ] GC(31) Pause Young (Mixed) (G1 Evacuation Pause) 174M->80M(256M) 21.196ms
[1.497s][info][gc,cpu      ] GC(31) User=0.08s Sys=0.00s Real=0.03s
[1.533s][info][gc,start    ] GC(32) Pause Young (Concurrent Start) (G1 Evacuation Pause)
[1.534s][info][gc,task     ] GC(32) Using 6 workers of 8 for evacuation
[1.540s][info][gc,phases   ] GC(32)   Pre Evacuate Collection Set: 0.2ms
[1.541s][info][gc,phases   ] GC(32)   Merge Heap Roots: 0.2ms
[1.541s][info][gc,phases   ] GC(32)   Evacuate Collection Set: 4.9ms
[1.542s][info][gc,phases   ] GC(32)   Post Evacuate Collection Set: 0.7ms
[1.542s][info][gc,phases   ] GC(32)   Other: 0.4ms
[1.543s][info][gc,heap     ] GC(32) Eden regions: 99->0(95)
[1.543s][info][gc,heap     ] GC(32) Survivor regions: 15->15(15)
[1.544s][info][gc,heap     ] GC(32) Old regions: 65->73
[1.544s][info][gc,heap     ] GC(32) Archive regions: 2->2
[1.545s][info][gc,heap     ] GC(32) Humongous regions: 0->0
[1.545s][info][gc,metaspace] GC(32) Metaspace: 449K(640K)->449K(640K) NonClass: 432K(512K)->432K(512K) Class: 16K(128K)->16K(128K)
[1.545s][info][gc          ] GC(32) Pause Young (Concurrent Start) (G1 Evacuation Pause) 179M->88M(256M) 11.983ms
[1.546s][info][gc,cpu      ] GC(32) User=0.03s Sys=0.00s Real=0.01s
[1.546s][info][gc          ] GC(33) Concurrent Mark Cycle
[1.557s][info][gc,marking  ] GC(33) Concurrent Scan Root Regions
[1.561s][info][gc,marking  ] GC(33) Concurrent Scan Root Regions 4.037ms
[1.562s][info][gc,marking  ] GC(33) Concurrent Mark
[1.563s][info][gc,marking  ] GC(33) Concurrent Mark From Roots
[1.564s][info][gc,task     ] GC(33) Using 2 workers of 2 for marking
[1.567s][info][gc,marking  ] GC(33) Concurrent Mark From Roots 4.860ms
[1.568s][info][gc,marking  ] GC(33) Concurrent Preclean
[1.569s][info][gc,marking  ] GC(33) Concurrent Preclean 0.657ms
[1.570s][info][gc,start    ] GC(33) Pause Remark
[1.572s][info][gc          ] GC(33) Pause Remark 150M->93M(256M) 2.095ms
[1.573s][info][gc,cpu      ] GC(33) User=0.01s Sys=0.00s Real=0.00s
[1.574s][info][gc,marking  ] GC(33) Concurrent Mark 11.818ms
[1.577s][info][gc,marking  ] GC(33) Concurrent Rebuild Remembered Sets and Scrub Regions
[1.579s][info][gc,marking  ] GC(33) Concurrent Rebuild Remembered Sets and Scrub Regions 1.851ms
[1.579s][info][gc,start    ] GC(33) Pause Cleanup
[1.581s][info][gc          ] GC(33) Pause Cleanup 98M->98M(256M) 1.087ms
[1.583s][info][gc,cpu      ] GC(33) User=0.01s Sys=0.00s Real=0.00s
[1.584s][info][gc,marking  ] GC(33) Concurrent Clear Claimed Marks
[1.584s][info][gc,marking  ] GC(33) Concurrent Clear Claimed Marks 0.616ms
[1.585s][info][gc,marking  ] GC(33) Concurrent Cleanup for Next Mark
[1.586s][info][gc,marking  ] GC(33) Concurrent Cleanup for Next Mark 1.054ms
[1.587s][info][gc          ] GC(33) Concurrent Mark Cycle 41.160ms
[1.596s][info][gc,start    ] GC(34) Pause Young (Prepare Mixed) (G1 Evacuation Pause)
[1.597s][info][gc,task     ] GC(34) Using 6 workers of 8 for evacuation
[1.602s][info][gc,phases   ] GC(34)   Pre Evacuate Collection Set: 0.3ms
[1.603s][info][gc,phases   ] GC(34)   Merge Heap Roots: 0.2ms
[1.603s][info][gc,phases   ] GC(34)   Evacuate Collection Set: 4.0ms
[1.603s][info][gc,phases   ] GC(34)   Post Evacuate Collection Set: 0.5ms
[1.603s][info][gc,phases   ] GC(34)   Other: 0.7ms
[1.604s][info][gc,heap     ] GC(34) Eden regions: 95->0(139)
[1.604s][info][gc,heap     ] GC(34) Survivor regions: 15->14(14)
[1.604s][info][gc,heap     ] GC(34) Old regions: 16->21
[1.604s][info][gc,heap     ] GC(34) Archive regions: 2->2
[1.605s][info][gc,heap     ] GC(34) Humongous regions: 0->0
[1.605s][info][gc,metaspace] GC(34) Metaspace: 450K(640K)->450K(640K) NonClass: 433K(512K)->433K(512K) Class: 16K(128K)->16K(128K)
[1.605s][info][gc          ] GC(34) Pause Young (Prepare Mixed) (G1 Evacuation Pause) 126M->35M(256M) 9.346ms
[1.605s][info][gc,cpu      ] GC(34) User=0.02s Sys=0.00s Real=0.01s
[1.653s][info][gc,start    ] GC(35) Pause Young (Mixed) (G1 Evacuation Pause)
[1.653s][info][gc,task     ] GC(35) Using 6 workers of 8 for evacuation
[1.656s][info][gc,phases   ] GC(35)   Pre Evacuate Collection Set: 0.2ms
[1.656s][info][gc,phases   ] GC(35)   Merge Heap Roots: 0.1ms
[1.657s][info][gc,phases   ] GC(35)   Evacuate Collection Set: 1.7ms
[1.657s][info][gc,phases   ] GC(35)   Post Evacuate Collection Set: 0.5ms
[1.657s][info][gc,phases   ] GC(35)   Other: 0.3ms
[1.658s][info][gc,heap     ] GC(35) Eden regions: 139->0(144)
[1.658s][info][gc,heap     ] GC(35) Survivor regions: 14->9(20)
[1.659s][info][gc,heap     ] GC(35) Old regions: 21->20
[1.659s][info][gc,heap     ] GC(35) Archive regions: 2->2
[1.660s][info][gc,heap     ] GC(35) Humongous regions: 0->0
[1.660s][info][gc,metaspace] GC(35) Metaspace: 479K(704K)->479K(704K) NonClass: 462K(576K)->462K(576K) Class: 16K(128K)->16K(128K)
[1.661s][info][gc          ] GC(35) Pause Young (Mixed) (G1 Evacuation Pause) 174M->29M(256M) 8.067ms
[1.661s][info][gc,cpu      ] GC(35) User=0.01s Sys=0.00s Real=0.01s
[1.704s][info][gc,start    ] GC(36) Pause Young (Concurrent Start) (G1 Evacuation Pause)
[1.705s][info][gc,task     ] GC(36) Using 6 workers of 8 for evacuation
[1.707s][info][gc,phases   ] GC(36)   Pre Evacuate Collection Set: 0.2ms
[1.707s][info][gc,phases   ] GC(36)   Merge Heap Roots: 0.2ms
[1.708s][info][gc,phases   ] GC(36)   Evacuate Collection Set: 0.7ms
[1.708s][info][gc,phases   ] GC(36)   Post Evacuate Collection Set: 0.7ms
[1.709s][info][gc,phases   ] GC(36)   Other: 0.4ms
[1.709s][info][gc,heap     ] GC(36) Eden regions: 144->0(149)
[1.710s][info][gc,heap     ] GC(36) Survivor regions: 9->4(20)
[1.710s][info][gc,heap     ] GC(36) Old regions: 20->20
[1.710s][info][gc,heap     ] GC(36) Archive regions: 2->2
[1.711s][info][gc,heap     ] GC(36) Humongous regions: 0->0
[1.711s][info][gc,metaspace] GC(36) Metaspace: 479K(704K)->479K(704K) NonClass: 462K(576K)->462K(576K) Class: 16K(128K)->16K(128K)
[1.711s][info][gc          ] GC(36) Pause Young (Concurrent Start) (G1 Evacuation Pause) 173M->24M(256M) 6.927ms
[1.712s][info][gc,cpu      ] GC(36) User=0.00s Sys=0.00s Real=0.01s
[1.712s][info][gc          ] GC(37) Concurrent Mark Cycle
[1.713s][info][gc,marking  ] GC(37) Concurrent Scan Root Regions
[1.713s][info][gc,marking  ] GC(37) Concurrent Scan Root Regions 0.807ms
[1.714s][info][gc,marking  ] GC(37) Concurrent Mark
[1.714s][info][gc,marking  ] GC(37) Concurrent Mark From Roots
[1.715s][info][gc,task     ] GC(37) Using 2 workers of 2 for marking
[1.717s][info][gc,marking  ] GC(37) Concurrent Mark From Roots 2.726ms
[1.717s][info][gc,marking  ] GC(37) Concurrent Preclean
[1.718s][info][gc,marking  ] GC(37) Concurrent Preclean 0.298ms
[1.718s][info][gc,start    ] GC(37) Pause Remark
[1.719s][info][gc          ] GC(37) Pause Remark 44M->31M(256M) 1.326ms
[1.720s][info][gc,cpu      ] GC(37) User=0.00s Sys=0.00s Real=0.00s
[1.720s][info][gc,marking  ] GC(37) Concurrent Mark 6.175ms
[1.720s][info][gc,marking  ] GC(37) Concurrent Rebuild Remembered Sets and Scrub Regions
[1.721s][info][gc,marking  ] GC(37) Concurrent Rebuild Remembered Sets and Scrub Regions 1.168ms
[1.722s][info][gc,start    ] GC(37) Pause Cleanup
[1.723s][info][gc          ] GC(37) Pause Cleanup 41M->41M(256M) 0.504ms
[1.723s][info][gc,cpu      ] GC(37) User=0.00s Sys=0.00s Real=0.00s
[1.723s][info][gc,marking  ] GC(37) Concurrent Clear Claimed Marks
[1.723s][info][gc,marking  ] GC(37) Concurrent Clear Claimed Marks 0.275ms
[1.724s][info][gc,marking  ] GC(37) Concurrent Cleanup for Next Mark
[1.725s][info][gc,marking  ] GC(37) Concurrent Cleanup for Next Mark 1.680ms
[1.727s][info][gc          ] GC(37) Concurrent Mark Cycle 14.894ms
[1.766s][info][gc,start    ] GC(38) Pause Young (Prepare Mixed) (G1 Evacuation Pause)
[1.767s][info][gc,task     ] GC(38) Using 6 workers of 8 for evacuation
[1.769s][info][gc,phases   ] GC(38)   Pre Evacuate Collection Set: 0.2ms
[1.769s][info][gc,phases   ] GC(38)   Merge Heap Roots: 0.2ms
[1.770s][info][gc,phases   ] GC(38)   Evacuate Collection Set: 0.8ms
[1.770s][info][gc,phases   ] GC(38)   Post Evacuate Collection Set: 0.6ms
[1.770s][info][gc,phases   ] GC(38)   Other: 0.4ms
[1.771s][info][gc,heap     ] GC(38) Eden regions: 149->0(150)
[1.771s][info][gc,heap     ] GC(38) Survivor regions: 4->3(20)
[1.771s][info][gc,heap     ] GC(38) Old regions: 7->7
[1.772s][info][gc,heap     ] GC(38) Archive regions: 2->2
[1.772s][info][gc,heap     ] GC(38) Humongous regions: 0->0
[1.772s][info][gc,metaspace] GC(38) Metaspace: 482K(704K)->482K(704K) NonClass: 465K(576K)->465K(576K) Class: 16K(128K)->16K(128K)
[1.772s][info][gc          ] GC(38) Pause Young (Prepare Mixed) (G1 Evacuation Pause) 160M->10M(256M) 6.099ms
[1.773s][info][gc,cpu      ] GC(38) User=0.01s Sys=0.00s Real=0.01s
[1.899s][info][gc,start    ] GC(39) Pause Young (Mixed) (G1 Evacuation Pause)
[1.899s][info][gc,task     ] GC(39) Using 6 workers of 8 for evacuation
[1.902s][info][gc,phases   ] GC(39)   Pre Evacuate Collection Set: 0.2ms
[1.902s][info][gc,phases   ] GC(39)   Merge Heap Roots: 0.2ms
[1.915s][info][gc,phases   ] GC(39)   Evacuate Collection Set: 0.9ms
[1.915s][info][gc,phases   ] GC(39)   Post Evacuate Collection Set: 0.6ms
[1.915s][info][gc,phases   ] GC(39)   Other: 0.4ms
[1.916s][info][gc,heap     ] GC(39) Eden regions: 150->0(150)
[1.916s][info][gc,heap     ] GC(39) Survivor regions: 3->3(20)
[1.916s][info][gc,heap     ] GC(39) Old regions: 7->6
[1.916s][info][gc,heap     ] GC(39) Archive regions: 2->2
[1.917s][info][gc,heap     ] GC(39) Humongous regions: 0->0
[1.917s][info][gc,metaspace] GC(39) Metaspace: 486K(704K)->486K(704K) NonClass: 470K(576K)->470K(576K) Class: 16K(128K)->16K(128K)
[1.917s][info][gc          ] GC(39) Pause Young (Mixed) (G1 Evacuation Pause) 160M->9M(256M) 18.323ms
[1.918s][info][gc,cpu      ] GC(39) User=0.00s Sys=0.00s Real=0.02s
[1.951s][info][gc,start    ] GC(40) Pause Young (Concurrent Start) (G1 Evacuation Pause)
[1.951s][info][gc,task     ] GC(40) Using 6 workers of 8 for evacuation
[1.953s][info][gc,phases   ] GC(40)   Pre Evacuate Collection Set: 0.2ms
[1.953s][info][gc,phases   ] GC(40)   Merge Heap Roots: 0.1ms
[1.953s][info][gc,phases   ] GC(40)   Evacuate Collection Set: 0.7ms
[1.953s][info][gc,phases   ] GC(40)   Post Evacuate Collection Set: 0.5ms
[1.954s][info][gc,phases   ] GC(40)   Other: 0.3ms
[1.954s][info][gc,heap     ] GC(40) Eden regions: 150->0(149)
[1.954s][info][gc,heap     ] GC(40) Survivor regions: 3->4(20)
[1.954s][info][gc,heap     ] GC(40) Old regions: 6->6
[1.954s][info][gc,heap     ] GC(40) Archive regions: 2->2
[1.954s][info][gc,heap     ] GC(40) Humongous regions: 0->0
[1.955s][info][gc,metaspace] GC(40) Metaspace: 487K(704K)->487K(704K) NonClass: 470K(576K)->470K(576K) Class: 16K(128K)->16K(128K)
[1.955s][info][gc          ] GC(40) Pause Young (Concurrent Start) (G1 Evacuation Pause) 159M->10M(256M) 4.299ms
[1.955s][info][gc,cpu      ] GC(40) User=0.00s Sys=0.00s Real=0.00s
[1.955s][info][gc          ] GC(41) Concurrent Mark Cycle
[1.955s][info][gc,marking  ] GC(41) Concurrent Scan Root Regions
[1.956s][info][gc,marking  ] GC(41) Concurrent Scan Root Regions 0.588ms
[1.956s][info][gc,marking  ] GC(41) Concurrent Mark
[1.957s][info][gc,marking  ] GC(41) Concurrent Mark From Roots
[1.957s][info][gc,task     ] GC(41) Using 2 workers of 2 for marking
[1.960s][info][gc,marking  ] GC(41) Concurrent Mark From Roots 3.580ms
[1.961s][info][gc,marking  ] GC(41) Concurrent Preclean
[1.962s][info][gc,marking  ] GC(41) Concurrent Preclean 0.538ms
[1.963s][info][gc,start    ] GC(41) Pause Remark
[1.965s][info][gc          ] GC(41) Pause Remark 25M->25M(256M) 2.017ms
[1.965s][info][gc,cpu      ] GC(41) User=0.01s Sys=0.00s Real=0.00s
[1.966s][info][gc,marking  ] GC(41) Concurrent Mark 9.521ms
[1.966s][info][gc,marking  ] GC(41) Concurrent Rebuild Remembered Sets and Scrub Regions
[1.968s][info][gc,marking  ] GC(41) Concurrent Rebuild Remembered Sets and Scrub Regions 1.204ms
[1.968s][info][gc,start    ] GC(41) Pause Cleanup
[1.969s][info][gc          ] GC(41) Pause Cleanup 33M->33M(256M) 0.449ms
[1.969s][info][gc,cpu      ] GC(41) User=0.00s Sys=0.00s Real=0.00s
[1.969s][info][gc,marking  ] GC(41) Concurrent Clear Claimed Marks
[1.970s][info][gc,marking  ] GC(41) Concurrent Clear Claimed Marks 0.255ms
[1.970s][info][gc,marking  ] GC(41) Concurrent Cleanup for Next Mark
[1.970s][info][gc,marking  ] GC(41) Concurrent Cleanup for Next Mark 0.700ms
[1.971s][info][gc          ] GC(41) Concurrent Mark Cycle 15.825ms
[2.006s][info][gc,start    ] GC(42) Pause Young (Prepare Mixed) (G1 Evacuation Pause)
[2.006s][info][gc,task     ] GC(42) Using 6 workers of 8 for evacuation
[2.010s][info][gc,phases   ] GC(42)   Pre Evacuate Collection Set: 0.2ms
[2.011s][info][gc,phases   ] GC(42)   Merge Heap Roots: 0.2ms
[2.012s][info][gc,phases   ] GC(42)   Evacuate Collection Set: 1.9ms
[2.012s][info][gc,phases   ] GC(42)   Post Evacuate Collection Set: 1.2ms
[2.012s][info][gc,phases   ] GC(42)   Other: 0.5ms
[2.013s][info][gc,heap     ] GC(42) Eden regions: 149->0(149)
[2.013s][info][gc,heap     ] GC(42) Survivor regions: 4->4(20)
[2.013s][info][gc,heap     ] GC(42) Old regions: 6->6
[2.014s][info][gc,heap     ] GC(42) Archive regions: 2->2
[2.014s][info][gc,heap     ] GC(42) Humongous regions: 0->0
[2.014s][info][gc,metaspace] GC(42) Metaspace: 487K(704K)->487K(704K) NonClass: 471K(576K)->471K(576K) Class: 16K(128K)->16K(128K)
[2.014s][info][gc          ] GC(42) Pause Young (Prepare Mixed) (G1 Evacuation Pause) 159M->10M(256M) 8.136ms
[2.015s][info][gc,cpu      ] GC(42) User=0.01s Sys=0.00s Real=0.01s
[2.054s][info][gc,start    ] GC(43) Pause Young (Mixed) (G1 Evacuation Pause)
[2.054s][info][gc,task     ] GC(43) Using 6 workers of 8 for evacuation
[2.056s][info][gc,phases   ] GC(43)   Pre Evacuate Collection Set: 0.2ms
[2.057s][info][gc,phases   ] GC(43)   Merge Heap Roots: 0.1ms
[2.057s][info][gc,phases   ] GC(43)   Evacuate Collection Set: 0.8ms
[2.057s][info][gc,phases   ] GC(43)   Post Evacuate Collection Set: 0.6ms
[2.058s][info][gc,phases   ] GC(43)   Other: 0.3ms
[2.058s][info][gc,heap     ] GC(43) Eden regions: 149->0(149)
[2.058s][info][gc,heap     ] GC(43) Survivor regions: 4->4(20)
[2.059s][info][gc,heap     ] GC(43) Old regions: 6->5
[2.059s][info][gc,heap     ] GC(43) Archive regions: 2->2
[2.060s][info][gc,heap     ] GC(43) Humongous regions: 0->0
[2.060s][info][gc,metaspace] GC(43) Metaspace: 516K(704K)->516K(704K) NonClass: 499K(576K)->499K(576K) Class: 16K(128K)->16K(128K)
[2.061s][info][gc          ] GC(43) Pause Young (Mixed) (G1 Evacuation Pause) 159M->8M(256M) 7.004ms
[2.062s][info][gc,cpu      ] GC(43) User=0.00s Sys=0.00s Real=0.01s
[2.103s][info][gc,start    ] GC(44) Pause Young (Concurrent Start) (G1 Evacuation Pause)
[2.104s][info][gc,task     ] GC(44) Using 6 workers of 8 for evacuation
[2.106s][info][gc,phases   ] GC(44)   Pre Evacuate Collection Set: 0.2ms
[2.106s][info][gc,phases   ] GC(44)   Merge Heap Roots: 0.1ms
[2.107s][info][gc,phases   ] GC(44)   Evacuate Collection Set: 0.8ms
[2.107s][info][gc,phases   ] GC(44)   Post Evacuate Collection Set: 0.7ms
[2.107s][info][gc,phases   ] GC(44)   Other: 0.3ms
[2.108s][info][gc,heap     ] GC(44) Eden regions: 149->0(150)
[2.109s][info][gc,heap     ] GC(44) Survivor regions: 4->3(20)
[2.109s][info][gc,heap     ] GC(44) Old regions: 5->5
[2.110s][info][gc,heap     ] GC(44) Archive regions: 2->2
[2.110s][info][gc,heap     ] GC(44) Humongous regions: 0->0
[2.111s][info][gc,metaspace] GC(44) Metaspace: 516K(704K)->516K(704K) NonClass: 499K(576K)->499K(576K) Class: 16K(128K)->16K(128K)
[2.111s][info][gc          ] GC(44) Pause Young (Concurrent Start) (G1 Evacuation Pause) 157M->8M(256M) 8.002ms
[2.112s][info][gc,cpu      ] GC(44) User=0.00s Sys=0.01s Real=0.01s
[2.112s][info][gc          ] GC(45) Concurrent Mark Cycle
[2.113s][info][gc,marking  ] GC(45) Concurrent Scan Root Regions
[2.114s][info][gc,marking  ] GC(45) Concurrent Scan Root Regions 0.850ms
[2.114s][info][gc,marking  ] GC(45) Concurrent Mark
[2.115s][info][gc,marking  ] GC(45) Concurrent Mark From Roots
[2.115s][info][gc,task     ] GC(45) Using 2 workers of 2 for marking
[2.117s][info][gc,marking  ] GC(45) Concurrent Mark From Roots 2.606ms
[2.118s][info][gc,marking  ] GC(45) Concurrent Preclean
[2.118s][info][gc,marking  ] GC(45) Concurrent Preclean 0.317ms
[2.118s][info][gc,start    ] GC(45) Pause Remark
[2.120s][info][gc          ] GC(45) Pause Remark 30M->30M(256M) 1.384ms
[2.120s][info][gc,cpu      ] GC(45) User=0.00s Sys=0.00s Real=0.00s
[2.120s][info][gc,marking  ] GC(45) Concurrent Mark 6.123ms
[2.121s][info][gc,marking  ] GC(45) Concurrent Rebuild Remembered Sets and Scrub Regions
[2.122s][info][gc,marking  ] GC(45) Concurrent Rebuild Remembered Sets and Scrub Regions 0.991ms
[2.122s][info][gc,start    ] GC(45) Pause Cleanup
[2.123s][info][gc          ] GC(45) Pause Cleanup 38M->38M(256M) 0.446ms
[2.123s][info][gc,cpu      ] GC(45) User=0.00s Sys=0.00s Real=0.00s
[2.123s][info][gc,marking  ] GC(45) Concurrent Clear Claimed Marks
[2.124s][info][gc,marking  ] GC(45) Concurrent Clear Claimed Marks 0.471ms
[2.124s][info][gc,marking  ] GC(45) Concurrent Cleanup for Next Mark
[2.126s][info][gc,marking  ] GC(45) Concurrent Cleanup for Next Mark 2.037ms
[2.127s][info][gc          ] GC(45) Concurrent Mark Cycle 14.704ms
[2.163s][info][gc,start    ] GC(46) Pause Young (Prepare Mixed) (G1 Evacuation Pause)
[2.164s][info][gc,task     ] GC(46) Using 6 workers of 8 for evacuation
[2.167s][info][gc,phases   ] GC(46)   Pre Evacuate Collection Set: 0.5ms
[2.167s][info][gc,phases   ] GC(46)   Merge Heap Roots: 0.2ms
[2.167s][info][gc,phases   ] GC(46)   Evacuate Collection Set: 1.1ms
[2.167s][info][gc,phases   ] GC(46)   Post Evacuate Collection Set: 0.6ms
[2.168s][info][gc,phases   ] GC(46)   Other: 0.5ms
[2.168s][info][gc,heap     ] GC(46) Eden regions: 150->0(149)
[2.168s][info][gc,heap     ] GC(46) Survivor regions: 3->4(20)
[2.168s][info][gc,heap     ] GC(46) Old regions: 5->5
[2.168s][info][gc,heap     ] GC(46) Archive regions: 2->2
[2.168s][info][gc,heap     ] GC(46) Humongous regions: 0->0
[2.169s][info][gc,metaspace] GC(46) Metaspace: 528K(704K)->528K(704K) NonClass: 511K(576K)->511K(576K) Class: 16K(128K)->16K(128K)
[2.169s][info][gc          ] GC(46) Pause Young (Prepare Mixed) (G1 Evacuation Pause) 158M->9M(256M) 5.652ms
[2.169s][info][gc,cpu      ] GC(46) User=0.00s Sys=0.00s Real=0.01s
[2.205s][info][gc,start    ] GC(47) Pause Young (Mixed) (G1 Evacuation Pause)
[2.205s][info][gc,task     ] GC(47) Using 6 workers of 8 for evacuation
[2.208s][info][gc,phases   ] GC(47)   Pre Evacuate Collection Set: 0.2ms
[2.209s][info][gc,phases   ] GC(47)   Merge Heap Roots: 0.1ms
[2.209s][info][gc,phases   ] GC(47)   Evacuate Collection Set: 1.5ms
[2.210s][info][gc,phases   ] GC(47)   Post Evacuate Collection Set: 1.0ms
[2.210s][info][gc,phases   ] GC(47)   Other: 0.4ms
[2.211s][info][gc,heap     ] GC(47) Eden regions: 149->0(149)
[2.211s][info][gc,heap     ] GC(47) Survivor regions: 4->4(20)
[2.212s][info][gc,heap     ] GC(47) Old regions: 5->4
[2.212s][info][gc,heap     ] GC(47) Archive regions: 2->2
[2.213s][info][gc,heap     ] GC(47) Humongous regions: 0->0
[2.213s][info][gc,metaspace] GC(47) Metaspace: 528K(704K)->528K(704K) NonClass: 511K(576K)->511K(576K) Class: 16K(128K)->16K(128K)
[2.213s][info][gc          ] GC(47) Pause Young (Mixed) (G1 Evacuation Pause) 158M->8M(256M) 8.556ms
[2.213s][info][gc,cpu      ] GC(47) User=0.00s Sys=0.01s Real=0.01s
[2.251s][info][gc,start    ] GC(48) Pause Young (Concurrent Start) (G1 Evacuation Pause)
[2.252s][info][gc,task     ] GC(48) Using 6 workers of 8 for evacuation
[2.254s][info][gc,phases   ] GC(48)   Pre Evacuate Collection Set: 0.2ms
[2.254s][info][gc,phases   ] GC(48)   Merge Heap Roots: 0.1ms
[2.254s][info][gc,phases   ] GC(48)   Evacuate Collection Set: 0.8ms
[2.254s][info][gc,phases   ] GC(48)   Post Evacuate Collection Set: 0.6ms
[2.255s][info][gc,phases   ] GC(48)   Other: 0.3ms
[2.255s][info][gc,heap     ] GC(48) Eden regions: 149->0(150)
[2.255s][info][gc,heap     ] GC(48) Survivor regions: 4->3(20)
[2.255s][info][gc,heap     ] GC(48) Old regions: 4->4
[2.255s][info][gc,heap     ] GC(48) Archive regions: 2->2
[2.255s][info][gc,heap     ] GC(48) Humongous regions: 0->0
[2.256s][info][gc,metaspace] GC(48) Metaspace: 538K(768K)->538K(768K) NonClass: 521K(640K)->521K(640K) Class: 16K(128K)->16K(128K)
[2.256s][info][gc          ] GC(48) Pause Young (Concurrent Start) (G1 Evacuation Pause) 157M->7M(256M) 4.651ms
[2.256s][info][gc,cpu      ] GC(48) User=0.00s Sys=0.00s Real=0.00s
[2.256s][info][gc          ] GC(49) Concurrent Mark Cycle
[2.257s][info][gc,marking  ] GC(49) Concurrent Scan Root Regions
[2.257s][info][gc,marking  ] GC(49) Concurrent Scan Root Regions 0.545ms
[2.258s][info][gc,marking  ] GC(49) Concurrent Mark
[2.258s][info][gc,marking  ] GC(49) Concurrent Mark From Roots
[2.259s][info][gc,task     ] GC(49) Using 2 workers of 2 for marking
[2.263s][info][gc,marking  ] GC(49) Concurrent Mark From Roots 4.585ms
[2.263s][info][gc,marking  ] GC(49) Concurrent Preclean
[2.264s][info][gc,marking  ] GC(49) Concurrent Preclean 0.321ms
[2.264s][info][gc,start    ] GC(49) Pause Remark
[2.266s][info][gc          ] GC(49) Pause Remark 26M->26M(256M) 1.394ms
[2.266s][info][gc,cpu      ] GC(49) User=0.00s Sys=0.00s Real=0.00s
[2.266s][info][gc,marking  ] GC(49) Concurrent Mark 8.409ms
[2.266s][info][gc,marking  ] GC(49) Concurrent Rebuild Remembered Sets and Scrub Regions
[2.267s][info][gc,marking  ] GC(49) Concurrent Rebuild Remembered Sets and Scrub Regions 0.944ms
[2.268s][info][gc,start    ] GC(49) Pause Cleanup
[2.268s][info][gc          ] GC(49) Pause Cleanup 35M->35M(256M) 0.451ms
[2.269s][info][gc,cpu      ] GC(49) User=0.00s Sys=0.00s Real=0.00s
[2.269s][info][gc,marking  ] GC(49) Concurrent Clear Claimed Marks
[2.269s][info][gc,marking  ] GC(49) Concurrent Clear Claimed Marks 0.238ms
[2.269s][info][gc,marking  ] GC(49) Concurrent Cleanup for Next Mark
[2.270s][info][gc,marking  ] GC(49) Concurrent Cleanup for Next Mark 0.710ms
[2.271s][info][gc          ] GC(49) Concurrent Mark Cycle 14.310ms
[2.302s][info][gc,start    ] GC(50) Pause Young (Prepare Mixed) (G1 Evacuation Pause)
[2.302s][info][gc,task     ] GC(50) Using 6 workers of 8 for evacuation
[2.304s][info][gc,phases   ] GC(50)   Pre Evacuate Collection Set: 0.2ms
[2.304s][info][gc,phases   ] GC(50)   Merge Heap Roots: 0.1ms
[2.304s][info][gc,phases   ] GC(50)   Evacuate Collection Set: 0.9ms
[2.305s][info][gc,phases   ] GC(50)   Post Evacuate Collection Set: 0.5ms
[2.305s][info][gc,phases   ] GC(50)   Other: 0.3ms
[2.305s][info][gc,heap     ] GC(50) Eden regions: 150->0(149)
[2.305s][info][gc,heap     ] GC(50) Survivor regions: 3->4(20)
[2.306s][info][gc,heap     ] GC(50) Old regions: 4->4
[2.306s][info][gc,heap     ] GC(50) Archive regions: 2->2
[2.306s][info][gc,heap     ] GC(50) Humongous regions: 0->0
[2.306s][info][gc,metaspace] GC(50) Metaspace: 538K(768K)->538K(768K) NonClass: 521K(640K)->521K(640K) Class: 16K(128K)->16K(128K)
[2.306s][info][gc          ] GC(50) Pause Young (Prepare Mixed) (G1 Evacuation Pause) 157M->8M(256M) 4.795ms
[2.307s][info][gc,cpu      ] GC(50) User=0.00s Sys=0.00s Real=0.01s
[2.342s][info][gc,start    ] GC(51) Pause Young (Mixed) (G1 Evacuation Pause)
[2.343s][info][gc,task     ] GC(51) Using 6 workers of 8 for evacuation
[2.347s][info][gc,phases   ] GC(51)   Pre Evacuate Collection Set: 0.4ms
[2.347s][info][gc,phases   ] GC(51)   Merge Heap Roots: 0.3ms
[2.348s][info][gc,phases   ] GC(51)   Evacuate Collection Set: 1.9ms
[2.348s][info][gc,phases   ] GC(51)   Post Evacuate Collection Set: 0.6ms
[2.348s][info][gc,phases   ] GC(51)   Other: 0.6ms
[2.348s][info][gc,heap     ] GC(51) Eden regions: 149->0(149)
[2.348s][info][gc,heap     ] GC(51) Survivor regions: 4->4(20)
[2.349s][info][gc,heap     ] GC(51) Old regions: 4->4
[2.349s][info][gc,heap     ] GC(51) Archive regions: 2->2
[2.349s][info][gc,heap     ] GC(51) Humongous regions: 0->0
[2.349s][info][gc,metaspace] GC(51) Metaspace: 538K(768K)->538K(768K) NonClass: 522K(640K)->522K(640K) Class: 16K(128K)->16K(128K)
[2.349s][info][gc          ] GC(51) Pause Young (Mixed) (G1 Evacuation Pause) 157M->7M(256M) 7.228ms
[2.350s][info][gc,cpu      ] GC(51) User=0.01s Sys=0.01s Real=0.01s
[2.382s][info][gc,start    ] GC(52) Pause Young (Concurrent Start) (G1 Evacuation Pause)
[2.383s][info][gc,task     ] GC(52) Using 6 workers of 8 for evacuation
[2.384s][info][gc,phases   ] GC(52)   Pre Evacuate Collection Set: 0.2ms
[2.385s][info][gc,phases   ] GC(52)   Merge Heap Roots: 0.2ms
[2.385s][info][gc,phases   ] GC(52)   Evacuate Collection Set: 0.6ms
[2.385s][info][gc,phases   ] GC(52)   Post Evacuate Collection Set: 0.4ms
[2.385s][info][gc,phases   ] GC(52)   Other: 0.3ms
[2.385s][info][gc,heap     ] GC(52) Eden regions: 149->0(149)
[2.385s][info][gc,heap     ] GC(52) Survivor regions: 4->4(20)
[2.386s][info][gc,heap     ] GC(52) Old regions: 4->4
[2.386s][info][gc,heap     ] GC(52) Archive regions: 2->2
[2.386s][info][gc,heap     ] GC(52) Humongous regions: 0->0
[2.386s][info][gc,metaspace] GC(52) Metaspace: 539K(768K)->539K(768K) NonClass: 522K(640K)->522K(640K) Class: 16K(128K)->16K(128K)
[2.386s][info][gc          ] GC(52) Pause Young (Concurrent Start) (G1 Evacuation Pause) 156M->7M(256M) 4.014ms
[2.387s][info][gc,cpu      ] GC(52) User=0.01s Sys=0.00s Real=0.01s
[2.387s][info][gc          ] GC(53) Concurrent Mark Cycle
[2.387s][info][gc,marking  ] GC(53) Concurrent Scan Root Regions
[2.387s][info][gc,marking  ] GC(53) Concurrent Scan Root Regions 0.417ms
[2.388s][info][gc,marking  ] GC(53) Concurrent Mark
[2.388s][info][gc,marking  ] GC(53) Concurrent Mark From Roots
[2.388s][info][gc,task     ] GC(53) Using 2 workers of 2 for marking
[2.390s][info][gc,marking  ] GC(53) Concurrent Mark From Roots 1.825ms
[2.390s][info][gc,marking  ] GC(53) Concurrent Preclean
[2.390s][info][gc,marking  ] GC(53) Concurrent Preclean 0.387ms
[2.391s][info][gc,start    ] GC(53) Pause Remark
[2.394s][info][gc          ] GC(53) Pause Remark 27M->27M(256M) 2.457ms
[2.394s][info][gc,cpu      ] GC(53) User=0.01s Sys=0.00s Real=0.00s
[2.395s][info][gc,marking  ] GC(53) Concurrent Mark 7.499ms
[2.395s][info][gc,marking  ] GC(53) Concurrent Rebuild Remembered Sets and Scrub Regions
[2.397s][info][gc,marking  ] GC(53) Concurrent Rebuild Remembered Sets and Scrub Regions 1.562ms
[2.398s][info][gc,start    ] GC(53) Pause Cleanup
[2.399s][info][gc          ] GC(53) Pause Cleanup 34M->34M(256M) 0.586ms
[2.399s][info][gc,cpu      ] GC(53) User=0.00s Sys=0.00s Real=0.00s
[2.400s][info][gc,marking  ] GC(53) Concurrent Clear Claimed Marks
[2.400s][info][gc,marking  ] GC(53) Concurrent Clear Claimed Marks 0.292ms
[2.400s][info][gc,marking  ] GC(53) Concurrent Cleanup for Next Mark
[2.401s][info][gc,marking  ] GC(53) Concurrent Cleanup for Next Mark 0.753ms
[2.401s][info][gc          ] GC(53) Concurrent Mark Cycle 14.906ms
[2.433s][info][gc,start    ] GC(54) Pause Young (Prepare Mixed) (G1 Evacuation Pause)
[2.434s][info][gc,task     ] GC(54) Using 6 workers of 8 for evacuation
[2.435s][info][gc,phases   ] GC(54)   Pre Evacuate Collection Set: 0.2ms
[2.435s][info][gc,phases   ] GC(54)   Merge Heap Roots: 0.1ms
[2.436s][info][gc,phases   ] GC(54)   Evacuate Collection Set: 0.6ms
[2.436s][info][gc,phases   ] GC(54)   Post Evacuate Collection Set: 0.4ms
[2.436s][info][gc,phases   ] GC(54)   Other: 0.3ms
[2.436s][info][gc,heap     ] GC(54) Eden regions: 149->0(150)
[2.436s][info][gc,heap     ] GC(54) Survivor regions: 4->3(20)
[2.436s][info][gc,heap     ] GC(54) Old regions: 4->4
[2.437s][info][gc,heap     ] GC(54) Archive regions: 2->2
[2.437s][info][gc,heap     ] GC(54) Humongous regions: 0->0
[2.437s][info][gc,metaspace] GC(54) Metaspace: 545K(768K)->545K(768K) NonClass: 529K(640K)->529K(640K) Class: 16K(128K)->16K(128K)
[2.437s][info][gc          ] GC(54) Pause Young (Prepare Mixed) (G1 Evacuation Pause) 156M->7M(256M) 3.900ms
[2.437s][info][gc,cpu      ] GC(54) User=0.01s Sys=0.00s Real=0.01s
[2.470s][info][gc,start    ] GC(55) Pause Young (Mixed) (G1 Evacuation Pause)
[2.470s][info][gc,task     ] GC(55) Using 6 workers of 8 for evacuation
[2.472s][info][gc,phases   ] GC(55)   Pre Evacuate Collection Set: 0.2ms
[2.472s][info][gc,phases   ] GC(55)   Merge Heap Roots: 0.1ms
[2.472s][info][gc,phases   ] GC(55)   Evacuate Collection Set: 0.7ms
[2.472s][info][gc,phases   ] GC(55)   Post Evacuate Collection Set: 0.5ms
[2.472s][info][gc,phases   ] GC(55)   Other: 0.2ms
[2.473s][info][gc,heap     ] GC(55) Eden regions: 150->0(149)
[2.473s][info][gc,heap     ] GC(55) Survivor regions: 3->4(20)
[2.473s][info][gc,heap     ] GC(55) Old regions: 4->3
[2.473s][info][gc,heap     ] GC(55) Archive regions: 2->2
[2.474s][info][gc,heap     ] GC(55) Humongous regions: 0->0
[2.474s][info][gc,metaspace] GC(55) Metaspace: 547K(768K)->547K(768K) NonClass: 531K(640K)->531K(640K) Class: 16K(128K)->16K(128K)
[2.474s][info][gc          ] GC(55) Pause Young (Mixed) (G1 Evacuation Pause) 157M->6M(256M) 4.342ms
[2.474s][info][gc,cpu      ] GC(55) User=0.00s Sys=0.00s Real=0.00s
[2.504s][info][gc,start    ] GC(56) Pause Young (Concurrent Start) (G1 Evacuation Pause)
[2.504s][info][gc,task     ] GC(56) Using 6 workers of 8 for evacuation
[2.506s][info][gc,phases   ] GC(56)   Pre Evacuate Collection Set: 0.2ms
[2.507s][info][gc,phases   ] GC(56)   Merge Heap Roots: 0.1ms
[2.507s][info][gc,phases   ] GC(56)   Evacuate Collection Set: 0.8ms
[2.507s][info][gc,phases   ] GC(56)   Post Evacuate Collection Set: 0.5ms
[2.507s][info][gc,phases   ] GC(56)   Other: 0.4ms
[2.508s][info][gc,heap     ] GC(56) Eden regions: 149->0(149)
[2.508s][info][gc,heap     ] GC(56) Survivor regions: 4->4(20)
[2.509s][info][gc,heap     ] GC(56) Old regions: 3->3
[2.509s][info][gc,heap     ] GC(56) Archive regions: 2->2
[2.510s][info][gc,heap     ] GC(56) Humongous regions: 0->0
[2.510s][info][gc,metaspace] GC(56) Metaspace: 547K(768K)->547K(768K) NonClass: 531K(640K)->531K(640K) Class: 16K(128K)->16K(128K)
[2.510s][info][gc          ] GC(56) Pause Young (Concurrent Start) (G1 Evacuation Pause) 155M->6M(256M) 6.465ms
[2.511s][info][gc,cpu      ] GC(56) User=0.01s Sys=0.00s Real=0.01s
[2.511s][info][gc          ] GC(57) Concurrent Mark Cycle
[2.512s][info][gc,marking  ] GC(57) Concurrent Scan Root Regions
[2.512s][info][gc,marking  ] GC(57) Concurrent Scan Root Regions 0.735ms
[2.513s][info][gc,marking  ] GC(57) Concurrent Mark
[2.513s][info][gc,marking  ] GC(57) Concurrent Mark From Roots
[2.514s][info][gc,task     ] GC(57) Using 2 workers of 2 for marking
[2.516s][info][gc,marking  ] GC(57) Concurrent Mark From Roots 2.424ms
[2.516s][info][gc,marking  ] GC(57) Concurrent Preclean
[2.516s][info][gc,marking  ] GC(57) Concurrent Preclean 0.263ms
[2.517s][info][gc,start    ] GC(57) Pause Remark
[2.518s][info][gc          ] GC(57) Pause Remark 33M->33M(256M) 1.332ms
[2.518s][info][gc,cpu      ] GC(57) User=0.00s Sys=0.00s Real=0.00s
[2.519s][info][gc,marking  ] GC(57) Concurrent Mark 5.969ms
[2.519s][info][gc,marking  ] GC(57) Concurrent Rebuild Remembered Sets and Scrub Regions
[2.520s][info][gc,marking  ] GC(57) Concurrent Rebuild Remembered Sets and Scrub Regions 1.147ms
[2.521s][info][gc,start    ] GC(57) Pause Cleanup
[2.521s][info][gc          ] GC(57) Pause Cleanup 43M->43M(256M) 0.578ms
[2.522s][info][gc,cpu      ] GC(57) User=0.00s Sys=0.00s Real=0.00s
[2.522s][info][gc,marking  ] GC(57) Concurrent Clear Claimed Marks
[2.522s][info][gc,marking  ] GC(57) Concurrent Clear Claimed Marks 0.251ms
[2.523s][info][gc,marking  ] GC(57) Concurrent Cleanup for Next Mark
[2.523s][info][gc,marking  ] GC(57) Concurrent Cleanup for Next Mark 0.665ms
[2.524s][info][gc          ] GC(57) Concurrent Mark Cycle 12.855ms
[2.548s][info][gc,start    ] GC(58) Pause Young (Prepare Mixed) (G1 Evacuation Pause)
[2.549s][info][gc,task     ] GC(58) Using 6 workers of 8 for evacuation
[2.550s][info][gc,phases   ] GC(58)   Pre Evacuate Collection Set: 0.2ms
[2.551s][info][gc,phases   ] GC(58)   Merge Heap Roots: 0.1ms
[2.551s][info][gc,phases   ] GC(58)   Evacuate Collection Set: 0.6ms
[2.551s][info][gc,phases   ] GC(58)   Post Evacuate Collection Set: 0.6ms
[2.551s][info][gc,phases   ] GC(58)   Other: 0.3ms
[2.551s][info][gc,heap     ] GC(58) Eden regions: 149->0(150)
[2.552s][info][gc,heap     ] GC(58) Survivor regions: 4->3(20)
[2.552s][info][gc,heap     ] GC(58) Old regions: 3->3
[2.552s][info][gc,heap     ] GC(58) Archive regions: 2->2
[2.552s][info][gc,heap     ] GC(58) Humongous regions: 0->0
[2.552s][info][gc,metaspace] GC(58) Metaspace: 552K(768K)->552K(768K) NonClass: 535K(640K)->535K(640K) Class: 16K(128K)->16K(128K)
[2.552s][info][gc          ] GC(58) Pause Young (Prepare Mixed) (G1 Evacuation Pause) 155M->6M(256M) 4.293ms
[2.553s][info][gc,cpu      ] GC(58) User=0.00s Sys=0.00s Real=0.00s
[2.584s][info][gc,start    ] GC(59) Pause Young (Mixed) (G1 Evacuation Pause)
[2.584s][info][gc,task     ] GC(59) Using 6 workers of 8 for evacuation
[2.587s][info][gc,phases   ] GC(59)   Pre Evacuate Collection Set: 0.1ms
[2.587s][info][gc,phases   ] GC(59)   Merge Heap Roots: 0.1ms
[2.587s][info][gc,phases   ] GC(59)   Evacuate Collection Set: 1.0ms
[2.587s][info][gc,phases   ] GC(59)   Post Evacuate Collection Set: 0.8ms
[2.587s][info][gc,phases   ] GC(59)   Other: 0.3ms
[2.588s][info][gc,heap     ] GC(59) Eden regions: 150->0(149)
[2.588s][info][gc,heap     ] GC(59) Survivor regions: 3->4(20)
[2.588s][info][gc,heap     ] GC(59) Old regions: 3->2
[2.588s][info][gc,heap     ] GC(59) Archive regions: 2->2
[2.588s][info][gc,heap     ] GC(59) Humongous regions: 0->0
[2.589s][info][gc,metaspace] GC(59) Metaspace: 552K(768K)->552K(768K) NonClass: 535K(640K)->535K(640K) Class: 16K(128K)->16K(128K)
[2.589s][info][gc          ] GC(59) Pause Young (Mixed) (G1 Evacuation Pause) 156M->6M(256M) 4.797ms
[2.589s][info][gc,cpu      ] GC(59) User=0.00s Sys=0.00s Real=0.01s
[2.622s][info][gc,start    ] GC(60) Pause Young (Normal) (G1 Evacuation Pause)
[2.622s][info][gc,task     ] GC(60) Using 6 workers of 8 for evacuation
[2.624s][info][gc,phases   ] GC(60)   Pre Evacuate Collection Set: 0.2ms
[2.624s][info][gc,phases   ] GC(60)   Merge Heap Roots: 0.1ms
[2.627s][info][gc,phases   ] GC(60)   Evacuate Collection Set: 0.7ms
[2.627s][info][gc,phases   ] GC(60)   Post Evacuate Collection Set: 0.6ms
[2.628s][info][gc,phases   ] GC(60)   Other: 0.3ms
[2.628s][info][gc,heap     ] GC(60) Eden regions: 149->0(149)
[2.629s][info][gc,heap     ] GC(60) Survivor regions: 4->4(20)
[2.629s][info][gc,heap     ] GC(60) Old regions: 2->2
[2.629s][info][gc,heap     ] GC(60) Archive regions: 2->2
[2.630s][info][gc,heap     ] GC(60) Humongous regions: 0->0
[2.630s][info][gc,metaspace] GC(60) Metaspace: 558K(768K)->558K(768K) NonClass: 542K(640K)->542K(640K) Class: 16K(128K)->16K(128K)
[2.630s][info][gc          ] GC(60) Pause Young (Normal) (G1 Evacuation Pause) 155M->5M(256M) 8.297ms
[2.630s][info][gc,cpu      ] GC(60) User=0.00s Sys=0.00s Real=0.01s
[2.662s][info][gc,start    ] GC(61) Pause Young (Normal) (G1 Evacuation Pause)
[2.663s][info][gc,task     ] GC(61) Using 6 workers of 8 for evacuation
[2.665s][info][gc,phases   ] GC(61)   Pre Evacuate Collection Set: 0.2ms
[2.666s][info][gc,phases   ] GC(61)   Merge Heap Roots: 0.2ms
[2.666s][info][gc,phases   ] GC(61)   Evacuate Collection Set: 1.2ms
[2.666s][info][gc,phases   ] GC(61)   Post Evacuate Collection Set: 0.6ms
[2.666s][info][gc,phases   ] GC(61)   Other: 0.3ms
[2.666s][info][gc,heap     ] GC(61) Eden regions: 149->0(150)
[2.667s][info][gc,heap     ] GC(61) Survivor regions: 4->3(20)
[2.667s][info][gc,heap     ] GC(61) Old regions: 2->2
[2.667s][info][gc,heap     ] GC(61) Archive regions: 2->2
[2.667s][info][gc,heap     ] GC(61) Humongous regions: 0->0
[2.667s][info][gc,metaspace] GC(61) Metaspace: 558K(768K)->558K(768K) NonClass: 542K(640K)->542K(640K) Class: 16K(128K)->16K(128K)
[2.668s][info][gc          ] GC(61) Pause Young (Normal) (G1 Evacuation Pause) 154M->5M(256M) 5.114ms
[2.668s][info][gc,cpu      ] GC(61) User=0.00s Sys=0.00s Real=0.01s
[2.703s][info][gc,start    ] GC(62) Pause Young (Normal) (G1 Evacuation Pause)
[2.703s][info][gc,task     ] GC(62) Using 6 workers of 8 for evacuation
[2.705s][info][gc,phases   ] GC(62)   Pre Evacuate Collection Set: 0.2ms
[2.706s][info][gc,phases   ] GC(62)   Merge Heap Roots: 0.3ms
[2.706s][info][gc,phases   ] GC(62)   Evacuate Collection Set: 0.9ms
[2.706s][info][gc,phases   ] GC(62)   Post Evacuate Collection Set: 0.5ms
[2.706s][info][gc,phases   ] GC(62)   Other: 0.3ms
[2.706s][info][gc,heap     ] GC(62) Eden regions: 150->0(149)
[2.707s][info][gc,heap     ] GC(62) Survivor regions: 3->4(20)
[2.707s][info][gc,heap     ] GC(62) Old regions: 2->2
[2.707s][info][gc,heap     ] GC(62) Archive regions: 2->2
[2.707s][info][gc,heap     ] GC(62) Humongous regions: 0->0
[2.708s][info][gc,metaspace] GC(62) Metaspace: 558K(768K)->558K(768K) NonClass: 542K(640K)->542K(640K) Class: 16K(128K)->16K(128K)
[2.709s][info][gc          ] GC(62) Pause Young (Normal) (G1 Evacuation Pause) 155M->6M(256M) 5.949ms
[2.709s][info][gc,cpu      ] GC(62) User=0.01s Sys=0.00s Real=0.01s
[2.742s][info][gc,start    ] GC(63) Pause Young (Normal) (G1 Evacuation Pause)
[2.743s][info][gc,task     ] GC(63) Using 6 workers of 8 for evacuation
[2.746s][info][gc,phases   ] GC(63)   Pre Evacuate Collection Set: 0.3ms
[2.746s][info][gc,phases   ] GC(63)   Merge Heap Roots: 0.2ms
[2.747s][info][gc,phases   ] GC(63)   Evacuate Collection Set: 1.7ms
[2.747s][info][gc,phases   ] GC(63)   Post Evacuate Collection Set: 0.6ms
[2.747s][info][gc,phases   ] GC(63)   Other: 0.4ms
[2.747s][info][gc,heap     ] GC(63) Eden regions: 149->0(149)
[2.748s][info][gc,heap     ] GC(63) Survivor regions: 4->4(20)
[2.748s][info][gc,heap     ] GC(63) Old regions: 2->2
[2.748s][info][gc,heap     ] GC(63) Archive regions: 2->2
[2.748s][info][gc,heap     ] GC(63) Humongous regions: 0->0
[2.748s][info][gc,metaspace] GC(63) Metaspace: 558K(768K)->558K(768K) NonClass: 542K(640K)->542K(640K) Class: 16K(128K)->16K(128K)
[2.749s][info][gc          ] GC(63) Pause Young (Normal) (G1 Evacuation Pause) 155M->5M(256M) 6.795ms
[2.749s][info][gc,cpu      ] GC(63) User=0.01s Sys=0.00s Real=0.01s
[2.784s][info][gc,start    ] GC(64) Pause Young (Normal) (G1 Evacuation Pause)
[2.785s][info][gc,task     ] GC(64) Using 6 workers of 8 for evacuation
[2.786s][info][gc,phases   ] GC(64)   Pre Evacuate Collection Set: 0.1ms
[2.786s][info][gc,phases   ] GC(64)   Merge Heap Roots: 0.1ms
[2.786s][info][gc,phases   ] GC(64)   Evacuate Collection Set: 0.5ms
[2.787s][info][gc,phases   ] GC(64)   Post Evacuate Collection Set: 0.4ms
[2.787s][info][gc,phases   ] GC(64)   Other: 0.2ms
[2.787s][info][gc,heap     ] GC(64) Eden regions: 149->0(150)
[2.787s][info][gc,heap     ] GC(64) Survivor regions: 4->3(20)
[2.787s][info][gc,heap     ] GC(64) Old regions: 2->2
[2.787s][info][gc,heap     ] GC(64) Archive regions: 2->2
[2.788s][info][gc,heap     ] GC(64) Humongous regions: 0->0
[2.788s][info][gc,metaspace] GC(64) Metaspace: 579K(768K)->579K(768K) NonClass: 563K(640K)->563K(640K) Class: 16K(128K)->16K(128K)
[2.788s][info][gc          ] GC(64) Pause Young (Normal) (G1 Evacuation Pause) 154M->5M(256M) 3.746ms
[2.788s][info][gc,cpu      ] GC(64) User=0.00s Sys=0.00s Real=0.01s
[2.821s][info][gc,start    ] GC(65) Pause Young (Normal) (G1 Evacuation Pause)
[2.822s][info][gc,task     ] GC(65) Using 6 workers of 8 for evacuation
[2.823s][info][gc,phases   ] GC(65)   Pre Evacuate Collection Set: 0.2ms
[2.824s][info][gc,phases   ] GC(65)   Merge Heap Roots: 0.2ms
[2.824s][info][gc,phases   ] GC(65)   Evacuate Collection Set: 0.7ms
[2.824s][info][gc,phases   ] GC(65)   Post Evacuate Collection Set: 0.6ms
[2.825s][info][gc,phases   ] GC(65)   Other: 0.3ms
[2.825s][info][gc,heap     ] GC(65) Eden regions: 150->0(149)
[2.826s][info][gc,heap     ] GC(65) Survivor regions: 3->4(20)
[2.826s][info][gc,heap     ] GC(65) Old regions: 2->2
[2.826s][info][gc,heap     ] GC(65) Archive regions: 2->2
[2.827s][info][gc,heap     ] GC(65) Humongous regions: 0->0
[2.827s][info][gc,metaspace] GC(65) Metaspace: 579K(768K)->579K(768K) NonClass: 563K(640K)->563K(640K) Class: 16K(128K)->16K(128K)
[2.827s][info][gc          ] GC(65) Pause Young (Normal) (G1 Evacuation Pause) 155M->6M(256M) 6.009ms
[2.828s][info][gc,cpu      ] GC(65) User=0.01s Sys=0.01s Real=0.01s
[2.857s][info][gc,start    ] GC(66) Pause Young (Normal) (G1 Evacuation Pause)
[2.857s][info][gc,task     ] GC(66) Using 6 workers of 8 for evacuation
[2.861s][info][gc,phases   ] GC(66)   Pre Evacuate Collection Set: 0.3ms
[2.862s][info][gc,phases   ] GC(66)   Merge Heap Roots: 0.2ms
[2.862s][info][gc,phases   ] GC(66)   Evacuate Collection Set: 2.0ms
[2.862s][info][gc,phases   ] GC(66)   Post Evacuate Collection Set: 1.2ms
[2.863s][info][gc,phases   ] GC(66)   Other: 0.4ms
[2.863s][info][gc,heap     ] GC(66) Eden regions: 149->0(149)
[2.863s][info][gc,heap     ] GC(66) Survivor regions: 4->4(20)
[2.863s][info][gc,heap     ] GC(66) Old regions: 2->2
[2.863s][info][gc,heap     ] GC(66) Archive regions: 2->2
[2.864s][info][gc,heap     ] GC(66) Humongous regions: 0->0
[2.864s][info][gc,metaspace] GC(66) Metaspace: 581K(768K)->581K(768K) NonClass: 564K(640K)->564K(640K) Class: 16K(128K)->16K(128K)
[2.864s][info][gc          ] GC(66) Pause Young (Normal) (G1 Evacuation Pause) 155M->6M(256M) 7.438ms
[2.864s][info][gc,cpu      ] GC(66) User=0.01s Sys=0.00s Real=0.00s
[2.897s][info][gc,start    ] GC(67) Pause Young (Normal) (G1 Evacuation Pause)
[2.897s][info][gc,task     ] GC(67) Using 6 workers of 8 for evacuation
[2.899s][info][gc,phases   ] GC(67)   Pre Evacuate Collection Set: 0.2ms
[2.899s][info][gc,phases   ] GC(67)   Merge Heap Roots: 0.1ms
[2.900s][info][gc,phases   ] GC(67)   Evacuate Collection Set: 0.8ms
[2.900s][info][gc,phases   ] GC(67)   Post Evacuate Collection Set: 0.5ms
[2.900s][info][gc,phases   ] GC(67)   Other: 0.3ms
[2.900s][info][gc,heap     ] GC(67) Eden regions: 149->0(149)
[2.900s][info][gc,heap     ] GC(67) Survivor regions: 4->4(20)
[2.901s][info][gc,heap     ] GC(67) Old regions: 2->2
[2.901s][info][gc,heap     ] GC(67) Archive regions: 2->2
[2.901s][info][gc,heap     ] GC(67) Humongous regions: 0->0
[2.901s][info][gc,metaspace] GC(67) Metaspace: 581K(768K)->581K(768K) NonClass: 564K(640K)->564K(640K) Class: 16K(128K)->16K(128K)
[2.901s][info][gc          ] GC(67) Pause Young (Normal) (G1 Evacuation Pause) 155M->5M(256M) 4.676ms
[2.902s][info][gc,cpu      ] GC(67) User=0.01s Sys=0.00s Real=0.00s
[2.935s][info][gc,start    ] GC(68) Pause Young (Normal) (G1 Evacuation Pause)
[2.935s][info][gc,task     ] GC(68) Using 6 workers of 8 for evacuation
[2.937s][info][gc,phases   ] GC(68)   Pre Evacuate Collection Set: 0.2ms
[2.937s][info][gc,phases   ] GC(68)   Merge Heap Roots: 0.1ms
[2.938s][info][gc,phases   ] GC(68)   Evacuate Collection Set: 0.8ms
[2.938s][info][gc,phases   ] GC(68)   Post Evacuate Collection Set: 0.5ms
[2.938s][info][gc,phases   ] GC(68)   Other: 0.3ms
[2.938s][info][gc,heap     ] GC(68) Eden regions: 149->0(150)
[2.938s][info][gc,heap     ] GC(68) Survivor regions: 4->3(20)
[2.938s][info][gc,heap     ] GC(68) Old regions: 2->2
[2.939s][info][gc,heap     ] GC(68) Archive regions: 2->2
[2.939s][info][gc,heap     ] GC(68) Humongous regions: 0->0
[2.939s][info][gc,metaspace] GC(68) Metaspace: 585K(768K)->585K(768K) NonClass: 568K(640K)->568K(640K) Class: 16K(128K)->16K(128K)
[2.939s][info][gc          ] GC(68) Pause Young (Normal) (G1 Evacuation Pause) 154M->5M(256M) 4.336ms
[2.939s][info][gc,cpu      ] GC(68) User=0.00s Sys=0.00s Real=0.01s
[2.971s][info][gc,start    ] GC(69) Pause Young (Normal) (G1 Evacuation Pause)
[2.971s][info][gc,task     ] GC(69) Using 6 workers of 8 for evacuation
[2.973s][info][gc,phases   ] GC(69)   Pre Evacuate Collection Set: 0.1ms
[2.974s][info][gc,phases   ] GC(69)   Merge Heap Roots: 0.1ms
[2.974s][info][gc,phases   ] GC(69)   Evacuate Collection Set: 1.0ms
[2.974s][info][gc,phases   ] GC(69)   Post Evacuate Collection Set: 0.5ms
[2.975s][info][gc,phases   ] GC(69)   Other: 0.3ms
[2.975s][info][gc,heap     ] GC(69) Eden regions: 150->0(149)
[2.976s][info][gc,heap     ] GC(69) Survivor regions: 3->4(20)
[2.976s][info][gc,heap     ] GC(69) Old regions: 2->2
[2.977s][info][gc,heap     ] GC(69) Archive regions: 2->2
[2.977s][info][gc,heap     ] GC(69) Humongous regions: 0->0
[2.977s][info][gc,metaspace] GC(69) Metaspace: 585K(768K)->585K(768K) NonClass: 568K(640K)->568K(640K) Class: 16K(128K)->16K(128K)
[2.978s][info][gc          ] GC(69) Pause Young (Normal) (G1 Evacuation Pause) 155M->6M(256M) 6.814ms
[2.978s][info][gc,cpu      ] GC(69) User=0.00s Sys=0.00s Real=0.01s
[3.015s][info][gc,start    ] GC(70) Pause Young (Normal) (G1 Evacuation Pause)
[3.016s][info][gc,task     ] GC(70) Using 6 workers of 8 for evacuation
[3.017s][info][gc,phases   ] GC(70)   Pre Evacuate Collection Set: 0.2ms
[3.018s][info][gc,phases   ] GC(70)   Merge Heap Roots: 0.1ms
[3.018s][info][gc,phases   ] GC(70)   Evacuate Collection Set: 0.7ms
[3.018s][info][gc,phases   ] GC(70)   Post Evacuate Collection Set: 0.6ms
[3.018s][info][gc,phases   ] GC(70)   Other: 0.3ms
[3.019s][info][gc,heap     ] GC(70) Eden regions: 149->0(149)
[3.019s][info][gc,heap     ] GC(70) Survivor regions: 4->4(20)
[3.019s][info][gc,heap     ] GC(70) Old regions: 2->2
[3.019s][info][gc,heap     ] GC(70) Archive regions: 2->2
[3.019s][info][gc,heap     ] GC(70) Humongous regions: 0->0
[3.019s][info][gc,metaspace] GC(70) Metaspace: 585K(768K)->585K(768K) NonClass: 568K(640K)->568K(640K) Class: 16K(128K)->16K(128K)
[3.020s][info][gc          ] GC(70) Pause Young (Normal) (G1 Evacuation Pause) 155M->5M(256M) 4.486ms
[3.020s][info][gc,cpu      ] GC(70) User=0.01s Sys=0.00s Real=0.01s
[3.083s][info][gc,start    ] GC(71) Pause Young (Normal) (G1 Evacuation Pause)
[3.083s][info][gc,task     ] GC(71) Using 6 workers of 8 for evacuation
[3.086s][info][gc,phases   ] GC(71)   Pre Evacuate Collection Set: 0.2ms
[3.087s][info][gc,phases   ] GC(71)   Merge Heap Roots: 0.2ms
[3.087s][info][gc,phases   ] GC(71)   Evacuate Collection Set: 1.2ms
[3.087s][info][gc,phases   ] GC(71)   Post Evacuate Collection Set: 0.8ms
[3.087s][info][gc,phases   ] GC(71)   Other: 0.4ms
[3.088s][info][gc,heap     ] GC(71) Eden regions: 149->0(149)
[3.088s][info][gc,heap     ] GC(71) Survivor regions: 4->4(20)
[3.088s][info][gc,heap     ] GC(71) Old regions: 2->2
[3.089s][info][gc,heap     ] GC(71) Archive regions: 2->2
[3.089s][info][gc,heap     ] GC(71) Humongous regions: 0->0
[3.089s][info][gc,metaspace] GC(71) Metaspace: 585K(768K)->585K(768K) NonClass: 568K(640K)->568K(640K) Class: 16K(128K)->16K(128K)
[3.089s][info][gc          ] GC(71) Pause Young (Normal) (G1 Evacuation Pause) 154M->5M(256M) 6.431ms
[3.090s][info][gc,cpu      ] GC(71) User=0.00s Sys=0.00s Real=0.01s
[3.134s][info][gc,start    ] GC(72) Pause Young (Normal) (G1 Evacuation Pause)
[3.135s][info][gc,task     ] GC(72) Using 6 workers of 8 for evacuation
[3.137s][info][gc,phases   ] GC(72)   Pre Evacuate Collection Set: 0.2ms
[3.137s][info][gc,phases   ] GC(72)   Merge Heap Roots: 0.2ms
[3.137s][info][gc,phases   ] GC(72)   Evacuate Collection Set: 0.7ms
[3.138s][info][gc,phases   ] GC(72)   Post Evacuate Collection Set: 0.6ms
[3.138s][info][gc,phases   ] GC(72)   Other: 0.3ms
[3.138s][info][gc,heap     ] GC(72) Eden regions: 149->0(150)
[3.138s][info][gc,heap     ] GC(72) Survivor regions: 4->3(20)
[3.138s][info][gc,heap     ] GC(72) Old regions: 2->2
[3.139s][info][gc,heap     ] GC(72) Archive regions: 2->2
[3.139s][info][gc,heap     ] GC(72) Humongous regions: 0->0
[3.139s][info][gc,metaspace] GC(72) Metaspace: 586K(768K)->586K(768K) NonClass: 569K(640K)->569K(640K) Class: 16K(128K)->16K(128K)
[3.139s][info][gc          ] GC(72) Pause Young (Normal) (G1 Evacuation Pause) 154M->5M(256M) 5.003ms
[3.140s][info][gc,cpu      ] GC(72) User=0.01s Sys=0.00s Real=0.01s
[3.185s][info][gc,start    ] GC(73) Pause Young (Normal) (G1 Evacuation Pause)
[3.185s][info][gc,task     ] GC(73) Using 6 workers of 8 for evacuation
[3.187s][info][gc,phases   ] GC(73)   Pre Evacuate Collection Set: 0.2ms
[3.187s][info][gc,phases   ] GC(73)   Merge Heap Roots: 0.2ms
[3.188s][info][gc,phases   ] GC(73)   Evacuate Collection Set: 0.9ms
[3.188s][info][gc,phases   ] GC(73)   Post Evacuate Collection Set: 0.6ms
[3.188s][info][gc,phases   ] GC(73)   Other: 0.3ms
[3.189s][info][gc,heap     ] GC(73) Eden regions: 150->0(149)
[3.189s][info][gc,heap     ] GC(73) Survivor regions: 3->4(20)
[3.189s][info][gc,heap     ] GC(73) Old regions: 2->2
[3.189s][info][gc,heap     ] GC(73) Archive regions: 2->2
[3.190s][info][gc,heap     ] GC(73) Humongous regions: 0->0
[3.190s][info][gc,metaspace] GC(73) Metaspace: 587K(768K)->587K(768K) NonClass: 570K(640K)->570K(640K) Class: 16K(128K)->16K(128K)
[3.191s][info][gc          ] GC(73) Pause Young (Normal) (G1 Evacuation Pause) 155M->5M(256M) 6.319ms
[3.191s][info][gc,cpu      ] GC(73) User=0.00s Sys=0.00s Real=0.01s
[3.234s][info][gc,start    ] GC(74) Pause Young (Normal) (G1 Evacuation Pause)
[3.235s][info][gc,task     ] GC(74) Using 6 workers of 8 for evacuation
[3.239s][info][gc,phases   ] GC(74)   Pre Evacuate Collection Set: 1.3ms
[3.239s][info][gc,phases   ] GC(74)   Merge Heap Roots: 0.2ms
[3.240s][info][gc,phases   ] GC(74)   Evacuate Collection Set: 0.9ms
[3.240s][info][gc,phases   ] GC(74)   Post Evacuate Collection Set: 0.6ms
[3.245s][info][gc,phases   ] GC(74)   Other: 0.9ms
[3.245s][info][gc,heap     ] GC(74) Eden regions: 149->0(149)
[3.246s][info][gc,heap     ] GC(74) Survivor regions: 4->4(20)
[3.246s][info][gc,heap     ] GC(74) Old regions: 2->2
[3.247s][info][gc,heap     ] GC(74) Archive regions: 2->2
[3.247s][info][gc,heap     ] GC(74) Humongous regions: 0->0
[3.247s][info][gc,metaspace] GC(74) Metaspace: 587K(768K)->587K(768K) NonClass: 570K(640K)->570K(640K) Class: 16K(128K)->16K(128K)
[3.248s][info][gc          ] GC(74) Pause Young (Normal) (G1 Evacuation Pause) 154M->5M(256M) 13.604ms
[3.248s][info][gc,cpu      ] GC(74) User=0.00s Sys=0.00s Real=0.02s
[3.287s][info][gc,start    ] GC(75) Pause Young (Normal) (G1 Evacuation Pause)
[3.287s][info][gc,task     ] GC(75) Using 6 workers of 8 for evacuation
[3.289s][info][gc,phases   ] GC(75)   Pre Evacuate Collection Set: 0.2ms
[3.289s][info][gc,phases   ] GC(75)   Merge Heap Roots: 0.2ms
[3.289s][info][gc,phases   ] GC(75)   Evacuate Collection Set: 0.5ms
[3.289s][info][gc,phases   ] GC(75)   Post Evacuate Collection Set: 0.6ms
[3.290s][info][gc,phases   ] GC(75)   Other: 0.3ms
[3.290s][info][gc,heap     ] GC(75) Eden regions: 149->0(150)
[3.291s][info][gc,heap     ] GC(75) Survivor regions: 4->3(20)
[3.291s][info][gc,heap     ] GC(75) Old regions: 2->2
[3.294s][info][gc,heap     ] GC(75) Archive regions: 2->2
[3.294s][info][gc,heap     ] GC(75) Humongous regions: 0->0
[3.295s][info][gc,metaspace] GC(75) Metaspace: 587K(768K)->587K(768K) NonClass: 570K(640K)->570K(640K) Class: 16K(128K)->16K(128K)
[3.295s][info][gc          ] GC(75) Pause Young (Normal) (G1 Evacuation Pause) 154M->5M(256M) 8.727ms
[3.296s][info][gc,cpu      ] GC(75) User=0.00s Sys=0.00s Real=0.00s
[3.338s][info][gc,start    ] GC(76) Pause Young (Normal) (G1 Evacuation Pause)
[3.338s][info][gc,task     ] GC(76) Using 6 workers of 8 for evacuation
[3.344s][info][gc,phases   ] GC(76)   Pre Evacuate Collection Set: 0.2ms
[3.345s][info][gc,phases   ] GC(76)   Merge Heap Roots: 0.2ms
[3.345s][info][gc,phases   ] GC(76)   Evacuate Collection Set: 4.0ms
[3.345s][info][gc,phases   ] GC(76)   Post Evacuate Collection Set: 1.1ms
[3.345s][info][gc,phases   ] GC(76)   Other: 0.4ms
[3.346s][info][gc,heap     ] GC(76) Eden regions: 150->0(149)
[3.346s][info][gc,heap     ] GC(76) Survivor regions: 3->4(20)
[3.346s][info][gc,heap     ] GC(76) Old regions: 2->2
[3.347s][info][gc,heap     ] GC(76) Archive regions: 2->2
[3.347s][info][gc,heap     ] GC(76) Humongous regions: 0->0
[3.347s][info][gc,metaspace] GC(76) Metaspace: 587K(768K)->587K(768K) NonClass: 570K(640K)->570K(640K) Class: 16K(128K)->16K(128K)
[3.347s][info][gc          ] GC(76) Pause Young (Normal) (G1 Evacuation Pause) 155M->6M(256M) 9.757ms
[3.347s][info][gc,cpu      ] GC(76) User=0.02s Sys=0.00s Real=0.01s
[3.384s][info][gc,start    ] GC(77) Pause Young (Normal) (G1 Evacuation Pause)
[3.384s][info][gc,task     ] GC(77) Using 6 workers of 8 for evacuation
[3.386s][info][gc,phases   ] GC(77)   Pre Evacuate Collection Set: 0.2ms
[3.386s][info][gc,phases   ] GC(77)   Merge Heap Roots: 0.2ms
[3.387s][info][gc,phases   ] GC(77)   Evacuate Collection Set: 0.8ms
[3.387s][info][gc,phases   ] GC(77)   Post Evacuate Collection Set: 0.6ms
[3.387s][info][gc,phases   ] GC(77)   Other: 0.3ms
[3.387s][info][gc,heap     ] GC(77) Eden regions: 149->0(149)
[3.388s][info][gc,heap     ] GC(77) Survivor regions: 4->4(20)
[3.388s][info][gc,heap     ] GC(77) Old regions: 2->2
[3.388s][info][gc,heap     ] GC(77) Archive regions: 2->2
[3.388s][info][gc,heap     ] GC(77) Humongous regions: 0->0
[3.389s][info][gc,metaspace] GC(77) Metaspace: 587K(768K)->587K(768K) NonClass: 570K(640K)->570K(640K) Class: 16K(128K)->16K(128K)
[3.389s][info][gc          ] GC(77) Pause Young (Normal) (G1 Evacuation Pause) 155M->5M(256M) 5.044ms
[3.389s][info][gc,cpu      ] GC(77) User=0.00s Sys=0.00s Real=0.01s
[3.433s][info][gc,start    ] GC(78) Pause Young (Normal) (G1 Evacuation Pause)
[3.433s][info][gc,task     ] GC(78) Using 6 workers of 8 for evacuation
[3.436s][info][gc,phases   ] GC(78)   Pre Evacuate Collection Set: 0.2ms
[3.436s][info][gc,phases   ] GC(78)   Merge Heap Roots: 0.2ms
[3.436s][info][gc,phases   ] GC(78)   Evacuate Collection Set: 0.9ms
[3.437s][info][gc,phases   ] GC(78)   Post Evacuate Collection Set: 0.7ms
[3.437s][info][gc,phases   ] GC(78)   Other: 0.3ms
[3.437s][info][gc,heap     ] GC(78) Eden regions: 149->0(150)
[3.437s][info][gc,heap     ] GC(78) Survivor regions: 4->3(20)
[3.438s][info][gc,heap     ] GC(78) Old regions: 2->2
[3.438s][info][gc,heap     ] GC(78) Archive regions: 2->2
[3.438s][info][gc,heap     ] GC(78) Humongous regions: 0->0
[3.438s][info][gc,metaspace] GC(78) Metaspace: 587K(768K)->587K(768K) NonClass: 570K(640K)->570K(640K) Class: 16K(128K)->16K(128K)
[3.439s][info][gc          ] GC(78) Pause Young (Normal) (G1 Evacuation Pause) 154M->5M(256M) 5.511ms
[3.439s][info][gc,cpu      ] GC(78) User=0.01s Sys=0.00s Real=0.01s
[3.473s][info][gc,start    ] GC(79) Pause Young (Normal) (G1 Evacuation Pause)
[3.474s][info][gc,task     ] GC(79) Using 6 workers of 8 for evacuation
[3.479s][info][gc,phases   ] GC(79)   Pre Evacuate Collection Set: 0.3ms
[3.479s][info][gc,phases   ] GC(79)   Merge Heap Roots: 0.2ms
[3.479s][info][gc,phases   ] GC(79)   Evacuate Collection Set: 2.5ms
[3.480s][info][gc,phases   ] GC(79)   Post Evacuate Collection Set: 1.3ms
[3.480s][info][gc,phases   ] GC(79)   Other: 0.6ms
[3.480s][info][gc,heap     ] GC(79) Eden regions: 150->0(149)
[3.480s][info][gc,heap     ] GC(79) Survivor regions: 3->4(20)
[3.481s][info][gc,heap     ] GC(79) Old regions: 2->2
[3.481s][info][gc,heap     ] GC(79) Archive regions: 2->2
[3.481s][info][gc,heap     ] GC(79) Humongous regions: 0->0
[3.481s][info][gc,metaspace] GC(79) Metaspace: 587K(768K)->587K(768K) NonClass: 570K(640K)->570K(640K) Class: 16K(128K)->16K(128K)
[3.481s][info][gc          ] GC(79) Pause Young (Normal) (G1 Evacuation Pause) 155M->6M(256M) 7.908ms
[3.481s][info][gc,cpu      ] GC(79) User=0.02s Sys=0.00s Real=0.01s
[3.514s][info][gc,start    ] GC(80) Pause Young (Normal) (G1 Evacuation Pause)
[3.515s][info][gc,task     ] GC(80) Using 6 workers of 8 for evacuation
[3.516s][info][gc,phases   ] GC(80)   Pre Evacuate Collection Set: 0.2ms
[3.517s][info][gc,phases   ] GC(80)   Merge Heap Roots: 0.2ms
[3.517s][info][gc,phases   ] GC(80)   Evacuate Collection Set: 0.7ms
[3.517s][info][gc,phases   ] GC(80)   Post Evacuate Collection Set: 0.5ms
[3.517s][info][gc,phases   ] GC(80)   Other: 0.3ms
[3.518s][info][gc,heap     ] GC(80) Eden regions: 149->0(149)
[3.518s][info][gc,heap     ] GC(80) Survivor regions: 4->4(20)
[3.518s][info][gc,heap     ] GC(80) Old regions: 2->2
[3.518s][info][gc,heap     ] GC(80) Archive regions: 2->2
[3.518s][info][gc,heap     ] GC(80) Humongous regions: 0->0
[3.518s][info][gc,metaspace] GC(80) Metaspace: 587K(768K)->587K(768K) NonClass: 570K(640K)->570K(640K) Class: 16K(128K)->16K(128K)
[3.519s][info][gc          ] GC(80) Pause Young (Normal) (G1 Evacuation Pause) 155M->5M(256M) 4.454ms
[3.519s][info][gc,cpu      ] GC(80) User=0.00s Sys=0.00s Real=0.01s
[3.553s][info][gc,start    ] GC(81) Pause Young (Normal) (G1 Evacuation Pause)
[3.553s][info][gc,task     ] GC(81) Using 6 workers of 8 for evacuation
[3.555s][info][gc,phases   ] GC(81)   Pre Evacuate Collection Set: 0.2ms
[3.555s][info][gc,phases   ] GC(81)   Merge Heap Roots: 0.2ms
[3.556s][info][gc,phases   ] GC(81)   Evacuate Collection Set: 0.8ms
[3.556s][info][gc,phases   ] GC(81)   Post Evacuate Collection Set: 0.5ms
[3.556s][info][gc,phases   ] GC(81)   Other: 0.3ms
[3.557s][info][gc,heap     ] GC(81) Eden regions: 149->0(150)
[3.557s][info][gc,heap     ] GC(81) Survivor regions: 4->3(20)
[3.557s][info][gc,heap     ] GC(81) Old regions: 2->2
[3.557s][info][gc,heap     ] GC(81) Archive regions: 2->2
[3.558s][info][gc,heap     ] GC(81) Humongous regions: 0->0
[3.558s][info][gc,metaspace] GC(81) Metaspace: 587K(768K)->587K(768K) NonClass: 570K(640K)->570K(640K) Class: 16K(128K)->16K(128K)
[3.558s][info][gc          ] GC(81) Pause Young (Normal) (G1 Evacuation Pause) 154M->5M(256M) 5.478ms
[3.559s][info][gc,cpu      ] GC(81) User=0.00s Sys=0.00s Real=0.01s
[3.590s][info][gc,start    ] GC(82) Pause Young (Normal) (G1 Evacuation Pause)
[3.590s][info][gc,task     ] GC(82) Using 6 workers of 8 for evacuation
[3.595s][info][gc,phases   ] GC(82)   Pre Evacuate Collection Set: 0.4ms
[3.595s][info][gc,phases   ] GC(82)   Merge Heap Roots: 0.3ms
[3.596s][info][gc,phases   ] GC(82)   Evacuate Collection Set: 2.3ms
[3.596s][info][gc,phases   ] GC(82)   Post Evacuate Collection Set: 1.2ms
[3.596s][info][gc,phases   ] GC(82)   Other: 0.6ms
[3.597s][info][gc,heap     ] GC(82) Eden regions: 150->0(149)
[3.597s][info][gc,heap     ] GC(82) Survivor regions: 3->4(20)
[3.597s][info][gc,heap     ] GC(82) Old regions: 2->2
[3.598s][info][gc,heap     ] GC(82) Archive regions: 2->2
[3.598s][info][gc,heap     ] GC(82) Humongous regions: 0->0
[3.598s][info][gc,metaspace] GC(82) Metaspace: 587K(768K)->587K(768K) NonClass: 570K(640K)->570K(640K) Class: 16K(128K)->16K(128K)
[3.598s][info][gc          ] GC(82) Pause Young (Normal) (G1 Evacuation Pause) 155M->6M(256M) 8.325ms
[3.598s][info][gc,cpu      ] GC(82) User=0.02s Sys=0.00s Real=0.01s
[3.631s][info][gc,start    ] GC(83) Pause Young (Normal) (G1 Evacuation Pause)
[3.631s][info][gc,task     ] GC(83) Using 6 workers of 8 for evacuation
[3.633s][info][gc,phases   ] GC(83)   Pre Evacuate Collection Set: 0.2ms
[3.634s][info][gc,phases   ] GC(83)   Merge Heap Roots: 0.2ms
[3.634s][info][gc,phases   ] GC(83)   Evacuate Collection Set: 0.9ms
[3.634s][info][gc,phases   ] GC(83)   Post Evacuate Collection Set: 0.5ms
[3.634s][info][gc,phases   ] GC(83)   Other: 0.3ms
[3.635s][info][gc,heap     ] GC(83) Eden regions: 149->0(149)
[3.635s][info][gc,heap     ] GC(83) Survivor regions: 4->4(20)
[3.635s][info][gc,heap     ] GC(83) Old regions: 2->2
[3.635s][info][gc,heap     ] GC(83) Archive regions: 2->2
[3.635s][info][gc,heap     ] GC(83) Humongous regions: 0->0
[3.636s][info][gc,metaspace] GC(83) Metaspace: 587K(768K)->587K(768K) NonClass: 570K(640K)->570K(640K) Class: 16K(128K)->16K(128K)
[3.636s][info][gc          ] GC(83) Pause Young (Normal) (G1 Evacuation Pause) 155M->6M(256M) 4.834ms
[3.636s][info][gc,cpu      ] GC(83) User=0.01s Sys=0.00s Real=0.00s
[3.670s][info][gc,start    ] GC(84) Pause Young (Normal) (G1 Evacuation Pause)
[3.670s][info][gc,task     ] GC(84) Using 6 workers of 8 for evacuation
[3.672s][info][gc,phases   ] GC(84)   Pre Evacuate Collection Set: 0.2ms
[3.672s][info][gc,phases   ] GC(84)   Merge Heap Roots: 0.2ms
[3.673s][info][gc,phases   ] GC(84)   Evacuate Collection Set: 0.8ms
[3.673s][info][gc,phases   ] GC(84)   Post Evacuate Collection Set: 0.5ms
[3.673s][info][gc,phases   ] GC(84)   Other: 0.3ms
[3.673s][info][gc,heap     ] GC(84) Eden regions: 149->0(150)
[3.674s][info][gc,heap     ] GC(84) Survivor regions: 4->3(20)
[3.674s][info][gc,heap     ] GC(84) Old regions: 2->2
[3.675s][info][gc,heap     ] GC(84) Archive regions: 2->2
[3.675s][info][gc,heap     ] GC(84) Humongous regions: 0->0
[3.676s][info][gc,metaspace] GC(84) Metaspace: 587K(768K)->587K(768K) NonClass: 570K(640K)->570K(640K) Class: 16K(128K)->16K(128K)
[3.677s][info][gc          ] GC(84) Pause Young (Normal) (G1 Evacuation Pause) 155M->5M(256M) 7.173ms
[3.678s][info][gc,cpu      ] GC(84) User=0.01s Sys=0.00s Real=0.01s
[3.708s][info][gc,start    ] GC(85) Pause Young (Normal) (G1 Evacuation Pause)
[3.710s][info][gc,task     ] GC(85) Using 6 workers of 8 for evacuation
[3.714s][info][gc,phases   ] GC(85)   Pre Evacuate Collection Set: 0.4ms
[3.714s][info][gc,phases   ] GC(85)   Merge Heap Roots: 0.2ms
[3.714s][info][gc,phases   ] GC(85)   Evacuate Collection Set: 1.9ms
[3.714s][info][gc,phases   ] GC(85)   Post Evacuate Collection Set: 0.7ms
[3.715s][info][gc,phases   ] GC(85)   Other: 0.8ms
[3.715s][info][gc,heap     ] GC(85) Eden regions: 150->0(149)
[3.715s][info][gc,heap     ] GC(85) Survivor regions: 3->4(20)
[3.715s][info][gc,heap     ] GC(85) Old regions: 2->2
[3.715s][info][gc,heap     ] GC(85) Archive regions: 2->2
[3.716s][info][gc,heap     ] GC(85) Humongous regions: 0->0
[3.716s][info][gc,metaspace] GC(85) Metaspace: 587K(768K)->587K(768K) NonClass: 570K(640K)->570K(640K) Class: 16K(128K)->16K(128K)
[3.716s][info][gc          ] GC(85) Pause Young (Normal) (G1 Evacuation Pause) 155M->6M(256M) 7.593ms
[3.716s][info][gc,cpu      ] GC(85) User=0.01s Sys=0.00s Real=0.00s
[3.753s][info][gc,start    ] GC(86) Pause Young (Normal) (G1 Evacuation Pause)
[3.753s][info][gc,task     ] GC(86) Using 6 workers of 8 for evacuation
[3.755s][info][gc,phases   ] GC(86)   Pre Evacuate Collection Set: 0.2ms
[3.755s][info][gc,phases   ] GC(86)   Merge Heap Roots: 0.2ms
[3.756s][info][gc,phases   ] GC(86)   Evacuate Collection Set: 0.9ms
[3.756s][info][gc,phases   ] GC(86)   Post Evacuate Collection Set: 0.5ms
[3.756s][info][gc,phases   ] GC(86)   Other: 0.3ms
[3.756s][info][gc,heap     ] GC(86) Eden regions: 149->0(149)
[3.757s][info][gc,heap     ] GC(86) Survivor regions: 4->4(20)
[3.758s][info][gc,heap     ] GC(86) Old regions: 2->2
[3.758s][info][gc,heap     ] GC(86) Archive regions: 2->2
[3.760s][info][gc,heap     ] GC(86) Humongous regions: 0->0
[3.760s][info][gc,metaspace] GC(86) Metaspace: 587K(768K)->587K(768K) NonClass: 570K(640K)->570K(640K) Class: 16K(128K)->16K(128K)
[3.761s][info][gc          ] GC(86) Pause Young (Normal) (G1 Evacuation Pause) 155M->5M(256M) 8.005ms
[3.761s][info][gc,cpu      ] GC(86) User=0.01s Sys=0.00s Real=0.01s
[3.803s][info][gc,start    ] GC(87) Pause Young (Normal) (G1 Evacuation Pause)
[3.803s][info][gc,task     ] GC(87) Using 6 workers of 8 for evacuation
[3.805s][info][gc,phases   ] GC(87)   Pre Evacuate Collection Set: 0.2ms
[3.806s][info][gc,phases   ] GC(87)   Merge Heap Roots: 0.2ms
[3.806s][info][gc,phases   ] GC(87)   Evacuate Collection Set: 0.9ms
[3.806s][info][gc,phases   ] GC(87)   Post Evacuate Collection Set: 0.5ms
[3.806s][info][gc,phases   ] GC(87)   Other: 0.3ms
[3.806s][info][gc,heap     ] GC(87) Eden regions: 149->0(149)
[3.806s][info][gc,heap     ] GC(87) Survivor regions: 4->4(20)
[3.807s][info][gc,heap     ] GC(87) Old regions: 2->2
[3.807s][info][gc,heap     ] GC(87) Archive regions: 2->2
[3.807s][info][gc,heap     ] GC(87) Humongous regions: 0->0
[3.808s][info][gc,metaspace] GC(87) Metaspace: 587K(768K)->587K(768K) NonClass: 570K(640K)->570K(640K) Class: 16K(128K)->16K(128K)
[3.808s][info][gc          ] GC(87) Pause Young (Normal) (G1 Evacuation Pause) 154M->5M(256M) 5.041ms
[3.809s][info][gc,cpu      ] GC(87) User=0.01s Sys=0.01s Real=0.01s
[3.853s][info][gc,start    ] GC(88) Pause Young (Normal) (G1 Evacuation Pause)
[3.853s][info][gc,task     ] GC(88) Using 6 workers of 8 for evacuation
[3.855s][info][gc,phases   ] GC(88)   Pre Evacuate Collection Set: 0.2ms
[3.855s][info][gc,phases   ] GC(88)   Merge Heap Roots: 0.2ms
[3.855s][info][gc,phases   ] GC(88)   Evacuate Collection Set: 0.8ms
[3.856s][info][gc,phases   ] GC(88)   Post Evacuate Collection Set: 0.5ms
[3.856s][info][gc,phases   ] GC(88)   Other: 0.2ms
[3.856s][info][gc,heap     ] GC(88) Eden regions: 149->0(150)
[3.856s][info][gc,heap     ] GC(88) Survivor regions: 4->3(20)
[3.857s][info][gc,heap     ] GC(88) Old regions: 2->2
[3.857s][info][gc,heap     ] GC(88) Archive regions: 2->2
[3.857s][info][gc,heap     ] GC(88) Humongous regions: 0->0
[3.857s][info][gc,metaspace] GC(88) Metaspace: 587K(768K)->587K(768K) NonClass: 570K(640K)->570K(640K) Class: 16K(128K)->16K(128K)
[3.858s][info][gc          ] GC(88) Pause Young (Normal) (G1 Evacuation Pause) 154M->5M(256M) 5.238ms
[3.859s][info][gc,cpu      ] GC(88) User=0.01s Sys=0.01s Real=0.01s
[3.905s][info][gc,start    ] GC(89) Pause Young (Normal) (G1 Evacuation Pause)
[3.906s][info][gc,task     ] GC(89) Using 6 workers of 8 for evacuation
[3.909s][info][gc,phases   ] GC(89)   Pre Evacuate Collection Set: 0.2ms
[3.910s][info][gc,phases   ] GC(89)   Merge Heap Roots: 0.2ms
[3.911s][info][gc,phases   ] GC(89)   Evacuate Collection Set: 1.4ms
[3.911s][info][gc,phases   ] GC(89)   Post Evacuate Collection Set: 1.4ms
[3.911s][info][gc,phases   ] GC(89)   Other: 0.4ms
[3.912s][info][gc,heap     ] GC(89) Eden regions: 150->0(149)
[3.912s][info][gc,heap     ] GC(89) Survivor regions: 3->4(20)
[3.912s][info][gc,heap     ] GC(89) Old regions: 2->2
[3.913s][info][gc,heap     ] GC(89) Archive regions: 2->2
[3.913s][info][gc,heap     ] GC(89) Humongous regions: 0->0
[3.913s][info][gc,metaspace] GC(89) Metaspace: 587K(768K)->587K(768K) NonClass: 570K(640K)->570K(640K) Class: 16K(128K)->16K(128K)
[3.914s][info][gc          ] GC(89) Pause Young (Normal) (G1 Evacuation Pause) 155M->6M(256M) 8.313ms
[3.914s][info][gc,cpu      ] GC(89) User=0.02s Sys=0.00s Real=0.01s
[3.955s][info][gc,start    ] GC(90) Pause Young (Normal) (G1 Evacuation Pause)
[3.956s][info][gc,task     ] GC(90) Using 6 workers of 8 for evacuation
[3.959s][info][gc,phases   ] GC(90)   Pre Evacuate Collection Set: 0.2ms
[3.960s][info][gc,phases   ] GC(90)   Merge Heap Roots: 0.2ms
[3.960s][info][gc,phases   ] GC(90)   Evacuate Collection Set: 1.3ms
[3.961s][info][gc,phases   ] GC(90)   Post Evacuate Collection Set: 1.3ms
[3.962s][info][gc,phases   ] GC(90)   Other: 0.4ms
[3.962s][info][gc,heap     ] GC(90) Eden regions: 149->0(149)
[3.962s][info][gc,heap     ] GC(90) Survivor regions: 4->4(20)
[3.962s][info][gc,heap     ] GC(90) Old regions: 2->2
[3.963s][info][gc,heap     ] GC(90) Archive regions: 2->2
[3.963s][info][gc,heap     ] GC(90) Humongous regions: 0->0
[3.963s][info][gc,metaspace] GC(90) Metaspace: 587K(768K)->587K(768K) NonClass: 570K(640K)->570K(640K) Class: 16K(128K)->16K(128K)
[3.964s][info][gc          ] GC(90) Pause Young (Normal) (G1 Evacuation Pause) 155M->5M(256M) 8.391ms
[3.964s][info][gc,cpu      ] GC(90) User=0.01s Sys=0.00s Real=0.01s
[4.002s][info][gc,start    ] GC(91) Pause Young (Normal) (G1 Evacuation Pause)
[4.003s][info][gc,task     ] GC(91) Using 6 workers of 8 for evacuation
[4.005s][info][gc,phases   ] GC(91)   Pre Evacuate Collection Set: 0.2ms
[4.006s][info][gc,phases   ] GC(91)   Merge Heap Roots: 0.2ms
[4.006s][info][gc,phases   ] GC(91)   Evacuate Collection Set: 1.1ms
[4.006s][info][gc,phases   ] GC(91)   Post Evacuate Collection Set: 0.7ms
[4.006s][info][gc,phases   ] GC(91)   Other: 0.3ms
[4.007s][info][gc,heap     ] GC(91) Eden regions: 149->0(150)
[4.007s][info][gc,heap     ] GC(91) Survivor regions: 4->3(20)
[4.007s][info][gc,heap     ] GC(91) Old regions: 2->2
[4.008s][info][gc,heap     ] GC(91) Archive regions: 2->2
[4.008s][info][gc,heap     ] GC(91) Humongous regions: 0->0
[4.009s][info][gc,metaspace] GC(91) Metaspace: 587K(768K)->587K(768K) NonClass: 570K(640K)->570K(640K) Class: 16K(128K)->16K(128K)
[4.010s][info][gc          ] GC(91) Pause Young (Normal) (G1 Evacuation Pause) 154M->5M(256M) 7.308ms
[4.010s][info][gc,cpu      ] GC(91) User=0.00s Sys=0.00s Real=0.01s
[4.046s][info][gc,start    ] GC(92) Pause Young (Normal) (G1 Evacuation Pause)
[4.047s][info][gc,task     ] GC(92) Using 6 workers of 8 for evacuation
[4.049s][info][gc,phases   ] GC(92)   Pre Evacuate Collection Set: 0.2ms
[4.049s][info][gc,phases   ] GC(92)   Merge Heap Roots: 0.1ms
[4.050s][info][gc,phases   ] GC(92)   Evacuate Collection Set: 1.1ms
[4.050s][info][gc,phases   ] GC(92)   Post Evacuate Collection Set: 0.5ms
[4.050s][info][gc,phases   ] GC(92)   Other: 0.3ms
[4.050s][info][gc,heap     ] GC(92) Eden regions: 150->0(149)
[4.050s][info][gc,heap     ] GC(92) Survivor regions: 3->4(20)
[4.050s][info][gc,heap     ] GC(92) Old regions: 2->2
[4.051s][info][gc,heap     ] GC(92) Archive regions: 2->2
[4.051s][info][gc,heap     ] GC(92) Humongous regions: 0->0
[4.051s][info][gc,metaspace] GC(92) Metaspace: 587K(768K)->587K(768K) NonClass: 570K(640K)->570K(640K) Class: 16K(128K)->16K(128K)
[4.051s][info][gc          ] GC(92) Pause Young (Normal) (G1 Evacuation Pause) 155M->6M(256M) 4.738ms
[4.051s][info][gc,cpu      ] GC(92) User=0.00s Sys=0.00s Real=0.01s
[4.082s][info][gc,start    ] GC(93) Pause Young (Normal) (G1 Evacuation Pause)
[4.082s][info][gc,task     ] GC(93) Using 6 workers of 8 for evacuation
[4.084s][info][gc,phases   ] GC(93)   Pre Evacuate Collection Set: 0.2ms
[4.084s][info][gc,phases   ] GC(93)   Merge Heap Roots: 0.1ms
[4.085s][info][gc,phases   ] GC(93)   Evacuate Collection Set: 1.1ms
[4.085s][info][gc,phases   ] GC(93)   Post Evacuate Collection Set: 0.5ms
[4.085s][info][gc,phases   ] GC(93)   Other: 0.3ms
[4.085s][info][gc,heap     ] GC(93) Eden regions: 149->0(149)
[4.085s][info][gc,heap     ] GC(93) Survivor regions: 4->4(20)
[4.085s][info][gc,heap     ] GC(93) Old regions: 2->2
[4.086s][info][gc,heap     ] GC(93) Archive regions: 2->2
[4.086s][info][gc,heap     ] GC(93) Humongous regions: 0->0
[4.086s][info][gc,metaspace] GC(93) Metaspace: 587K(768K)->587K(768K) NonClass: 570K(640K)->570K(640K) Class: 16K(128K)->16K(128K)
[4.086s][info][gc          ] GC(93) Pause Young (Normal) (G1 Evacuation Pause) 155M->6M(256M) 4.516ms
[4.086s][info][gc,cpu      ] GC(93) User=0.01s Sys=0.00s Real=0.00s
[4.117s][info][gc,start    ] GC(94) Pause Young (Normal) (G1 Evacuation Pause)
[4.117s][info][gc,task     ] GC(94) Using 6 workers of 8 for evacuation
[4.118s][info][gc,phases   ] GC(94)   Pre Evacuate Collection Set: 0.1ms
[4.119s][info][gc,phases   ] GC(94)   Merge Heap Roots: 0.1ms
[4.119s][info][gc,phases   ] GC(94)   Evacuate Collection Set: 0.6ms
[4.119s][info][gc,phases   ] GC(94)   Post Evacuate Collection Set: 0.5ms
[4.119s][info][gc,phases   ] GC(94)   Other: 0.2ms
[4.119s][info][gc,heap     ] GC(94) Eden regions: 149->0(149)
[4.120s][info][gc,heap     ] GC(94) Survivor regions: 4->4(20)
[4.120s][info][gc,heap     ] GC(94) Old regions: 2->2
[4.120s][info][gc,heap     ] GC(94) Archive regions: 2->2
[4.120s][info][gc,heap     ] GC(94) Humongous regions: 0->0
[4.121s][info][gc,metaspace] GC(94) Metaspace: 587K(768K)->587K(768K) NonClass: 570K(640K)->570K(640K) Class: 16K(128K)->16K(128K)
[4.121s][info][gc          ] GC(94) Pause Young (Normal) (G1 Evacuation Pause) 155M->5M(256M) 4.125ms
[4.121s][info][gc,cpu      ] GC(94) User=0.01s Sys=0.00s Real=0.00s
[4.151s][info][gc,start    ] GC(95) Pause Young (Normal) (G1 Evacuation Pause)
[4.151s][info][gc,task     ] GC(95) Using 6 workers of 8 for evacuation
[4.153s][info][gc,phases   ] GC(95)   Pre Evacuate Collection Set: 0.1ms
[4.154s][info][gc,phases   ] GC(95)   Merge Heap Roots: 0.2ms
[4.154s][info][gc,phases   ] GC(95)   Evacuate Collection Set: 0.7ms
[4.154s][info][gc,phases   ] GC(95)   Post Evacuate Collection Set: 0.5ms
[4.155s][info][gc,phases   ] GC(95)   Other: 0.3ms
[4.155s][info][gc,heap     ] GC(95) Eden regions: 149->0(150)
[4.155s][info][gc,heap     ] GC(95) Survivor regions: 4->3(20)
[4.156s][info][gc,heap     ] GC(95) Old regions: 2->2
[4.156s][info][gc,heap     ] GC(95) Archive regions: 2->2
[4.156s][info][gc,heap     ] GC(95) Humongous regions: 0->0
[4.156s][info][gc,metaspace] GC(95) Metaspace: 587K(768K)->587K(768K) NonClass: 570K(640K)->570K(640K) Class: 16K(128K)->16K(128K)
[4.157s][info][gc          ] GC(95) Pause Young (Normal) (G1 Evacuation Pause) 154M->5M(256M) 5.567ms
[4.157s][info][gc,cpu      ] GC(95) User=0.00s Sys=0.00s Real=0.01s
[4.185s][info][gc,start    ] GC(96) Pause Young (Normal) (G1 Evacuation Pause)
[4.185s][info][gc,task     ] GC(96) Using 6 workers of 8 for evacuation
[4.187s][info][gc,phases   ] GC(96)   Pre Evacuate Collection Set: 0.1ms
[4.188s][info][gc,phases   ] GC(96)   Merge Heap Roots: 0.1ms
[4.188s][info][gc,phases   ] GC(96)   Evacuate Collection Set: 0.8ms
[4.188s][info][gc,phases   ] GC(96)   Post Evacuate Collection Set: 0.5ms
[4.189s][info][gc,phases   ] GC(96)   Other: 0.3ms
[4.189s][info][gc,heap     ] GC(96) Eden regions: 150->0(149)
[4.189s][info][gc,heap     ] GC(96) Survivor regions: 3->4(20)
[4.189s][info][gc,heap     ] GC(96) Old regions: 2->2
[4.190s][info][gc,heap     ] GC(96) Archive regions: 2->2
[4.190s][info][gc,heap     ] GC(96) Humongous regions: 0->0
[4.190s][info][gc,metaspace] GC(96) Metaspace: 587K(768K)->587K(768K) NonClass: 570K(640K)->570K(640K) Class: 16K(128K)->16K(128K)
[4.190s][info][gc          ] GC(96) Pause Young (Normal) (G1 Evacuation Pause) 155M->6M(256M) 5.394ms
[4.191s][info][gc,cpu      ] GC(96) User=0.01s Sys=0.00s Real=0.01s
[4.217s][info][gc,start    ] GC(97) Pause Young (Normal) (G1 Evacuation Pause)
[4.218s][info][gc,task     ] GC(97) Using 6 workers of 8 for evacuation
[4.220s][info][gc,phases   ] GC(97)   Pre Evacuate Collection Set: 0.2ms
[4.220s][info][gc,phases   ] GC(97)   Merge Heap Roots: 0.1ms
[4.220s][info][gc,phases   ] GC(97)   Evacuate Collection Set: 0.8ms
[4.220s][info][gc,phases   ] GC(97)   Post Evacuate Collection Set: 0.5ms
[4.221s][info][gc,phases   ] GC(97)   Other: 0.4ms
[4.221s][info][gc,heap     ] GC(97) Eden regions: 149->0(149)
[4.221s][info][gc,heap     ] GC(97) Survivor regions: 4->4(20)
[4.221s][info][gc,heap     ] GC(97) Old regions: 2->2
[4.222s][info][gc,heap     ] GC(97) Archive regions: 2->2
[4.222s][info][gc,heap     ] GC(97) Humongous regions: 0->0
[4.222s][info][gc,metaspace] GC(97) Metaspace: 587K(768K)->587K(768K) NonClass: 570K(640K)->570K(640K) Class: 16K(128K)->16K(128K)
[4.222s][info][gc          ] GC(97) Pause Young (Normal) (G1 Evacuation Pause) 155M->5M(256M) 4.834ms
[4.222s][info][gc,cpu      ] GC(97) User=0.01s Sys=0.00s Real=0.00s
[4.254s][info][gc,start    ] GC(98) Pause Young (Normal) (G1 Evacuation Pause)
[4.255s][info][gc,task     ] GC(98) Using 6 workers of 8 for evacuation
[4.256s][info][gc,phases   ] GC(98)   Pre Evacuate Collection Set: 0.1ms
[4.257s][info][gc,phases   ] GC(98)   Merge Heap Roots: 0.1ms
[4.257s][info][gc,phases   ] GC(98)   Evacuate Collection Set: 0.6ms
[4.257s][info][gc,phases   ] GC(98)   Post Evacuate Collection Set: 0.5ms
[4.258s][info][gc,phases   ] GC(98)   Other: 0.3ms
[4.258s][info][gc,heap     ] GC(98) Eden regions: 149->0(150)
[4.258s][info][gc,heap     ] GC(98) Survivor regions: 4->3(20)
[4.259s][info][gc,heap     ] GC(98) Old regions: 2->2
[4.259s][info][gc,heap     ] GC(98) Archive regions: 2->2
[4.260s][info][gc,heap     ] GC(98) Humongous regions: 0->0
[4.260s][info][gc,metaspace] GC(98) Metaspace: 587K(768K)->587K(768K) NonClass: 570K(640K)->570K(640K) Class: 16K(128K)->16K(128K)
[4.260s][info][gc          ] GC(98) Pause Young (Normal) (G1 Evacuation Pause) 154M->5M(256M) 5.983ms
[4.261s][info][gc,cpu      ] GC(98) User=0.01s Sys=0.00s Real=0.01s
[4.288s][info][gc,start    ] GC(99) Pause Young (Normal) (G1 Evacuation Pause)
[4.288s][info][gc,task     ] GC(99) Using 6 workers of 8 for evacuation
[4.290s][info][gc,phases   ] GC(99)   Pre Evacuate Collection Set: 0.2ms
[4.291s][info][gc,phases   ] GC(99)   Merge Heap Roots: 0.2ms
[4.292s][info][gc,phases   ] GC(99)   Evacuate Collection Set: 0.8ms
[4.292s][info][gc,phases   ] GC(99)   Post Evacuate Collection Set: 0.5ms
[4.293s][info][gc,phases   ] GC(99)   Other: 0.3ms
[4.294s][info][gc,heap     ] GC(99) Eden regions: 150->0(149)
[4.294s][info][gc,heap     ] GC(99) Survivor regions: 3->4(20)
[4.295s][info][gc,heap     ] GC(99) Old regions: 2->2
[4.295s][info][gc,heap     ] GC(99) Archive regions: 2->2
[4.296s][info][gc,heap     ] GC(99) Humongous regions: 0->0
[4.296s][info][gc,metaspace] GC(99) Metaspace: 587K(768K)->587K(768K) NonClass: 570K(640K)->570K(640K) Class: 16K(128K)->16K(128K)
[4.296s][info][gc          ] GC(99) Pause Young (Normal) (G1 Evacuation Pause) 155M->6M(256M) 8.495ms
[4.297s][info][gc,cpu      ] GC(99) User=0.01s Sys=0.00s Real=0.01s
[4.320s][info][gc,start    ] GC(100) Pause Young (Normal) (G1 Evacuation Pause)
[4.321s][info][gc,task     ] GC(100) Using 6 workers of 8 for evacuation
[4.323s][info][gc,phases   ] GC(100)   Pre Evacuate Collection Set: 0.2ms
[4.323s][info][gc,phases   ] GC(100)   Merge Heap Roots: 0.1ms
[4.323s][info][gc,phases   ] GC(100)   Evacuate Collection Set: 0.7ms
[4.323s][info][gc,phases   ] GC(100)   Post Evacuate Collection Set: 0.5ms
[4.324s][info][gc,phases   ] GC(100)   Other: 0.3ms
[4.324s][info][gc,heap     ] GC(100) Eden regions: 149->0(149)
[4.324s][info][gc,heap     ] GC(100) Survivor regions: 4->4(20)
[4.325s][info][gc,heap     ] GC(100) Old regions: 2->2
[4.326s][info][gc,heap     ] GC(100) Archive regions: 2->2
[4.326s][info][gc,heap     ] GC(100) Humongous regions: 0->0
[4.327s][info][gc,metaspace] GC(100) Metaspace: 587K(768K)->587K(768K) NonClass: 570K(640K)->570K(640K) Class: 16K(128K)->16K(128K)
[4.327s][info][gc          ] GC(100) Pause Young (Normal) (G1 Evacuation Pause) 155M->5M(256M) 6.505ms
[4.327s][info][gc,cpu      ] GC(100) User=0.01s Sys=0.00s Real=0.01s
[4.360s][info][gc,start    ] GC(101) Pause Young (Normal) (G1 Evacuation Pause)
[4.361s][info][gc,task     ] GC(101) Using 6 workers of 8 for evacuation
[4.364s][info][gc,phases   ] GC(101)   Pre Evacuate Collection Set: 0.5ms
[4.364s][info][gc,phases   ] GC(101)   Merge Heap Roots: 0.1ms
[4.364s][info][gc,phases   ] GC(101)   Evacuate Collection Set: 1.0ms
[4.364s][info][gc,phases   ] GC(101)   Post Evacuate Collection Set: 0.7ms
[4.365s][info][gc,phases   ] GC(101)   Other: 0.6ms
[4.365s][info][gc,heap     ] GC(101) Eden regions: 149->0(149)
[4.365s][info][gc,heap     ] GC(101) Survivor regions: 4->4(20)
[4.365s][info][gc,heap     ] GC(101) Old regions: 2->2
[4.366s][info][gc,heap     ] GC(101) Archive regions: 2->2
[4.366s][info][gc,heap     ] GC(101) Humongous regions: 0->0
[4.366s][info][gc,metaspace] GC(101) Metaspace: 587K(768K)->587K(768K) NonClass: 570K(640K)->570K(640K) Class: 16K(128K)->16K(128K)
[4.366s][info][gc          ] GC(101) Pause Young (Normal) (G1 Evacuation Pause) 154M->5M(256M) 6.493ms
[4.367s][info][gc,cpu      ] GC(101) User=0.01s Sys=0.00s Real=0.01s
[4.395s][info][gc,start    ] GC(102) Pause Young (Normal) (G1 Evacuation Pause)
[4.395s][info][gc,task     ] GC(102) Using 6 workers of 8 for evacuation
[4.398s][info][gc,phases   ] GC(102)   Pre Evacuate Collection Set: 0.2ms
[4.398s][info][gc,phases   ] GC(102)   Merge Heap Roots: 0.2ms
[4.399s][info][gc,phases   ] GC(102)   Evacuate Collection Set: 1.1ms
[4.399s][info][gc,phases   ] GC(102)   Post Evacuate Collection Set: 0.6ms
[4.399s][info][gc,phases   ] GC(102)   Other: 0.4ms
[4.400s][info][gc,heap     ] GC(102) Eden regions: 149->0(150)
[4.400s][info][gc,heap     ] GC(102) Survivor regions: 4->3(20)
[4.400s][info][gc,heap     ] GC(102) Old regions: 2->2
[4.400s][info][gc,heap     ] GC(102) Archive regions: 2->2
[4.400s][info][gc,heap     ] GC(102) Humongous regions: 0->0
[4.401s][info][gc,metaspace] GC(102) Metaspace: 587K(768K)->587K(768K) NonClass: 570K(640K)->570K(640K) Class: 16K(128K)->16K(128K)
[4.401s][info][gc          ] GC(102) Pause Young (Normal) (G1 Evacuation Pause) 154M->5M(256M) 5.982ms
[4.401s][info][gc,cpu      ] GC(102) User=0.01s Sys=0.00s Real=0.01s
[4.429s][info][gc,start    ] GC(103) Pause Young (Normal) (G1 Evacuation Pause)
[4.429s][info][gc,task     ] GC(103) Using 6 workers of 8 for evacuation
[4.432s][info][gc,phases   ] GC(103)   Pre Evacuate Collection Set: 0.2ms
[4.432s][info][gc,phases   ] GC(103)   Merge Heap Roots: 0.1ms
[4.432s][info][gc,phases   ] GC(103)   Evacuate Collection Set: 1.0ms
[4.432s][info][gc,phases   ] GC(103)   Post Evacuate Collection Set: 0.5ms
[4.433s][info][gc,phases   ] GC(103)   Other: 0.5ms
[4.433s][info][gc,heap     ] GC(103) Eden regions: 150->0(149)
[4.433s][info][gc,heap     ] GC(103) Survivor regions: 3->4(20)
[4.433s][info][gc,heap     ] GC(103) Old regions: 2->2
[4.433s][info][gc,heap     ] GC(103) Archive regions: 2->2
[4.433s][info][gc,heap     ] GC(103) Humongous regions: 0->0
[4.434s][info][gc,metaspace] GC(103) Metaspace: 587K(768K)->587K(768K) NonClass: 570K(640K)->570K(640K) Class: 16K(128K)->16K(128K)
[4.434s][info][gc          ] GC(103) Pause Young (Normal) (G1 Evacuation Pause) 155M->6M(256M) 4.712ms
[4.434s][info][gc,cpu      ] GC(103) User=0.01s Sys=0.00s Real=0.00s
[4.465s][info][gc,start    ] GC(104) Pause Young (Normal) (G1 Evacuation Pause)
[4.466s][info][gc,task     ] GC(104) Using 6 workers of 8 for evacuation
[4.467s][info][gc,phases   ] GC(104)   Pre Evacuate Collection Set: 0.1ms
[4.468s][info][gc,phases   ] GC(104)   Merge Heap Roots: 0.1ms
[4.468s][info][gc,phases   ] GC(104)   Evacuate Collection Set: 0.6ms
[4.468s][info][gc,phases   ] GC(104)   Post Evacuate Collection Set: 0.5ms
[4.469s][info][gc,phases   ] GC(104)   Other: 0.3ms
[4.469s][info][gc,heap     ] GC(104) Eden regions: 149->0(149)
[4.469s][info][gc,heap     ] GC(104) Survivor regions: 4->4(20)
[4.469s][info][gc,heap     ] GC(104) Old regions: 2->2
[4.470s][info][gc,heap     ] GC(104) Archive regions: 2->2
[4.470s][info][gc,heap     ] GC(104) Humongous regions: 0->0
[4.470s][info][gc,metaspace] GC(104) Metaspace: 587K(768K)->587K(768K) NonClass: 570K(640K)->570K(640K) Class: 16K(128K)->16K(128K)
[4.471s][info][gc          ] GC(104) Pause Young (Normal) (G1 Evacuation Pause) 155M->5M(256M) 5.264ms
[4.471s][info][gc,cpu      ] GC(104) User=0.01s Sys=0.00s Real=0.01s
[4.500s][info][gc,start    ] GC(105) Pause Young (Normal) (G1 Evacuation Pause)
[4.500s][info][gc,task     ] GC(105) Using 6 workers of 8 for evacuation
[4.502s][info][gc,phases   ] GC(105)   Pre Evacuate Collection Set: 0.1ms
[4.502s][info][gc,phases   ] GC(105)   Merge Heap Roots: 0.1ms
[4.502s][info][gc,phases   ] GC(105)   Evacuate Collection Set: 0.6ms
[4.503s][info][gc,phases   ] GC(105)   Post Evacuate Collection Set: 0.5ms
[4.503s][info][gc,phases   ] GC(105)   Other: 0.3ms
[4.503s][info][gc,heap     ] GC(105) Eden regions: 149->0(150)
[4.503s][info][gc,heap     ] GC(105) Survivor regions: 4->3(20)
[4.503s][info][gc,heap     ] GC(105) Old regions: 2->2
[4.504s][info][gc,heap     ] GC(105) Archive regions: 2->2
[4.504s][info][gc,heap     ] GC(105) Humongous regions: 0->0
[4.504s][info][gc,metaspace] GC(105) Metaspace: 587K(768K)->587K(768K) NonClass: 570K(640K)->570K(640K) Class: 16K(128K)->16K(128K)
[4.504s][info][gc          ] GC(105) Pause Young (Normal) (G1 Evacuation Pause) 154M->5M(256M) 4.101ms
[4.504s][info][gc,cpu      ] GC(105) User=0.00s Sys=0.00s Real=0.00s
[4.532s][info][gc,start    ] GC(106) Pause Young (Normal) (G1 Evacuation Pause)
[4.532s][info][gc,task     ] GC(106) Using 6 workers of 8 for evacuation
[4.534s][info][gc,phases   ] GC(106)   Pre Evacuate Collection Set: 0.2ms
[4.535s][info][gc,phases   ] GC(106)   Merge Heap Roots: 0.1ms
[4.535s][info][gc,phases   ] GC(106)   Evacuate Collection Set: 0.8ms
[4.535s][info][gc,phases   ] GC(106)   Post Evacuate Collection Set: 0.5ms
[4.535s][info][gc,phases   ] GC(106)   Other: 0.4ms
[4.535s][info][gc,heap     ] GC(106) Eden regions: 150->0(149)
[4.536s][info][gc,heap     ] GC(106) Survivor regions: 3->4(20)
[4.536s][info][gc,heap     ] GC(106) Old regions: 2->2
[4.536s][info][gc,heap     ] GC(106) Archive regions: 2->2
[4.536s][info][gc,heap     ] GC(106) Humongous regions: 0->0
[4.536s][info][gc,metaspace] GC(106) Metaspace: 587K(768K)->587K(768K) NonClass: 570K(640K)->570K(640K) Class: 16K(128K)->16K(128K)
[4.537s][info][gc          ] GC(106) Pause Young (Normal) (G1 Evacuation Pause) 155M->6M(256M) 4.875ms
[4.537s][info][gc,cpu      ] GC(106) User=0.01s Sys=0.00s Real=0.01s
[4.563s][info][gc,start    ] GC(107) Pause Young (Normal) (G1 Evacuation Pause)
[4.563s][info][gc,task     ] GC(107) Using 6 workers of 8 for evacuation
[4.566s][info][gc,phases   ] GC(107)   Pre Evacuate Collection Set: 0.2ms
[4.566s][info][gc,phases   ] GC(107)   Merge Heap Roots: 0.3ms
[4.566s][info][gc,phases   ] GC(107)   Evacuate Collection Set: 0.7ms
[4.567s][info][gc,phases   ] GC(107)   Post Evacuate Collection Set: 0.6ms
[4.567s][info][gc,phases   ] GC(107)   Other: 0.4ms
[4.567s][info][gc,heap     ] GC(107) Eden regions: 149->0(149)
[4.567s][info][gc,heap     ] GC(107) Survivor regions: 4->4(20)
[4.567s][info][gc,heap     ] GC(107) Old regions: 2->2
[4.568s][info][gc,heap     ] GC(107) Archive regions: 2->2
[4.568s][info][gc,heap     ] GC(107) Humongous regions: 0->0
[4.568s][info][gc,metaspace] GC(107) Metaspace: 587K(768K)->587K(768K) NonClass: 570K(640K)->570K(640K) Class: 16K(128K)->16K(128K)
[4.568s][info][gc          ] GC(107) Pause Young (Normal) (G1 Evacuation Pause) 155M->5M(256M) 5.401ms
[4.569s][info][gc,cpu      ] GC(107) User=0.01s Sys=0.00s Real=0.01s
[4.595s][info][gc,start    ] GC(108) Pause Young (Normal) (G1 Evacuation Pause)
[4.596s][info][gc,task     ] GC(108) Using 6 workers of 8 for evacuation
[4.599s][info][gc,phases   ] GC(108)   Pre Evacuate Collection Set: 0.3ms
[4.599s][info][gc,phases   ] GC(108)   Merge Heap Roots: 0.2ms
[4.599s][info][gc,phases   ] GC(108)   Evacuate Collection Set: 1.3ms
[4.600s][info][gc,phases   ] GC(108)   Post Evacuate Collection Set: 0.6ms
[4.600s][info][gc,phases   ] GC(108)   Other: 0.6ms
[4.600s][info][gc,heap     ] GC(108) Eden regions: 149->0(149)
[4.600s][info][gc,heap     ] GC(108) Survivor regions: 4->4(20)
[4.601s][info][gc,heap     ] GC(108) Old regions: 2->2
[4.601s][info][gc,heap     ] GC(108) Archive regions: 2->2
[4.601s][info][gc,heap     ] GC(108) Humongous regions: 0->0
[4.602s][info][gc,metaspace] GC(108) Metaspace: 587K(768K)->587K(768K) NonClass: 570K(640K)->570K(640K) Class: 16K(128K)->16K(128K)
[4.602s][info][gc          ] GC(108) Pause Young (Normal) (G1 Evacuation Pause) 154M->5M(256M) 6.921ms
[4.602s][info][gc,cpu      ] GC(108) User=0.01s Sys=0.00s Real=0.01s
[4.629s][info][gc,start    ] GC(109) Pause Young (Normal) (G1 Evacuation Pause)
[4.630s][info][gc,task     ] GC(109) Using 6 workers of 8 for evacuation
[4.632s][info][gc,phases   ] GC(109)   Pre Evacuate Collection Set: 0.3ms
[4.633s][info][gc,phases   ] GC(109)   Merge Heap Roots: 0.2ms
[4.633s][info][gc,phases   ] GC(109)   Evacuate Collection Set: 0.9ms
[4.633s][info][gc,phases   ] GC(109)   Post Evacuate Collection Set: 0.7ms
[4.634s][info][gc,phases   ] GC(109)   Other: 0.5ms
[4.634s][info][gc,heap     ] GC(109) Eden regions: 149->0(150)
[4.634s][info][gc,heap     ] GC(109) Survivor regions: 4->3(20)
[4.635s][info][gc,heap     ] GC(109) Old regions: 2->2
[4.635s][info][gc,heap     ] GC(109) Archive regions: 2->2
[4.635s][info][gc,heap     ] GC(109) Humongous regions: 0->0
[4.636s][info][gc,metaspace] GC(109) Metaspace: 587K(768K)->587K(768K) NonClass: 570K(640K)->570K(640K) Class: 16K(128K)->16K(128K)
[4.636s][info][gc          ] GC(109) Pause Young (Normal) (G1 Evacuation Pause) 154M->5M(256M) 6.508ms
[4.636s][info][gc,cpu      ] GC(109) User=0.01s Sys=0.00s Real=0.00s
[4.662s][info][gc,start    ] GC(110) Pause Young (Normal) (G1 Evacuation Pause)
[4.663s][info][gc,task     ] GC(110) Using 6 workers of 8 for evacuation
[4.665s][info][gc,phases   ] GC(110)   Pre Evacuate Collection Set: 0.2ms
[4.666s][info][gc,phases   ] GC(110)   Merge Heap Roots: 0.2ms
[4.666s][info][gc,phases   ] GC(110)   Evacuate Collection Set: 1.0ms
[4.666s][info][gc,phases   ] GC(110)   Post Evacuate Collection Set: 0.6ms
[4.667s][info][gc,phases   ] GC(110)   Other: 0.6ms
[4.667s][info][gc,heap     ] GC(110) Eden regions: 150->0(149)
[4.667s][info][gc,heap     ] GC(110) Survivor regions: 3->4(20)
[4.667s][info][gc,heap     ] GC(110) Old regions: 2->2
[4.668s][info][gc,heap     ] GC(110) Archive regions: 2->2
[4.668s][info][gc,heap     ] GC(110) Humongous regions: 0->0
[4.668s][info][gc,metaspace] GC(110) Metaspace: 587K(768K)->587K(768K) NonClass: 570K(640K)->570K(640K) Class: 16K(128K)->16K(128K)
[4.668s][info][gc          ] GC(110) Pause Young (Normal) (G1 Evacuation Pause) 155M->6M(256M) 6.300ms
[4.669s][info][gc,cpu      ] GC(110) User=0.01s Sys=0.00s Real=0.01s
[4.698s][info][gc,start    ] GC(111) Pause Young (Normal) (G1 Evacuation Pause)
[4.698s][info][gc,task     ] GC(111) Using 6 workers of 8 for evacuation
[4.701s][info][gc,phases   ] GC(111)   Pre Evacuate Collection Set: 0.2ms
[4.702s][info][gc,phases   ] GC(111)   Merge Heap Roots: 0.1ms
[4.702s][info][gc,phases   ] GC(111)   Evacuate Collection Set: 0.9ms
[4.703s][info][gc,phases   ] GC(111)   Post Evacuate Collection Set: 1.1ms
[4.703s][info][gc,phases   ] GC(111)   Other: 0.4ms
[4.703s][info][gc,heap     ] GC(111) Eden regions: 149->0(149)
[4.704s][info][gc,heap     ] GC(111) Survivor regions: 4->4(20)
[4.704s][info][gc,heap     ] GC(111) Old regions: 2->2
[4.704s][info][gc,heap     ] GC(111) Archive regions: 2->2
[4.705s][info][gc,heap     ] GC(111) Humongous regions: 0->0
[4.705s][info][gc,metaspace] GC(111) Metaspace: 587K(768K)->587K(768K) NonClass: 570K(640K)->570K(640K) Class: 16K(128K)->16K(128K)
[4.705s][info][gc          ] GC(111) Pause Young (Normal) (G1 Evacuation Pause) 155M->5M(256M) 7.382ms
[4.706s][info][gc,cpu      ] GC(111) User=0.00s Sys=0.00s Real=0.00s
[4.733s][info][gc,start    ] GC(112) Pause Young (Normal) (G1 Evacuation Pause)
[4.734s][info][gc,task     ] GC(112) Using 6 workers of 8 for evacuation
[4.736s][info][gc,phases   ] GC(112)   Pre Evacuate Collection Set: 0.2ms
[4.736s][info][gc,phases   ] GC(112)   Merge Heap Roots: 0.1ms
[4.736s][info][gc,phases   ] GC(112)   Evacuate Collection Set: 0.7ms
[4.737s][info][gc,phases   ] GC(112)   Post Evacuate Collection Set: 0.6ms
[4.737s][info][gc,phases   ] GC(112)   Other: 0.4ms
[4.737s][info][gc,heap     ] GC(112) Eden regions: 149->0(149)
[4.737s][info][gc,heap     ] GC(112) Survivor regions: 4->4(20)
[4.738s][info][gc,heap     ] GC(112) Old regions: 2->2
[4.738s][info][gc,heap     ] GC(112) Archive regions: 2->2
[4.738s][info][gc,heap     ] GC(112) Humongous regions: 0->0
[4.738s][info][gc,metaspace] GC(112) Metaspace: 587K(768K)->587K(768K) NonClass: 570K(640K)->570K(640K) Class: 16K(128K)->16K(128K)
[4.738s][info][gc          ] GC(112) Pause Young (Normal) (G1 Evacuation Pause) 154M->5M(256M) 5.380ms
[4.739s][info][gc,cpu      ] GC(112) User=0.00s Sys=0.00s Real=0.01s
[4.768s][info][gc,start    ] GC(113) Pause Young (Normal) (G1 Evacuation Pause)
[4.768s][info][gc,task     ] GC(113) Using 6 workers of 8 for evacuation
[4.770s][info][gc,phases   ] GC(113)   Pre Evacuate Collection Set: 0.1ms
[4.771s][info][gc,phases   ] GC(113)   Merge Heap Roots: 0.2ms
[4.771s][info][gc,phases   ] GC(113)   Evacuate Collection Set: 0.7ms
[4.771s][info][gc,phases   ] GC(113)   Post Evacuate Collection Set: 0.6ms
[4.772s][info][gc,phases   ] GC(113)   Other: 0.4ms
[4.772s][info][gc,heap     ] GC(113) Eden regions: 149->0(150)
[4.772s][info][gc,heap     ] GC(113) Survivor regions: 4->3(20)
[4.773s][info][gc,heap     ] GC(113) Old regions: 2->2
[4.773s][info][gc,heap     ] GC(113) Archive regions: 2->2
[4.773s][info][gc,heap     ] GC(113) Humongous regions: 0->0
[4.774s][info][gc,metaspace] GC(113) Metaspace: 587K(768K)->587K(768K) NonClass: 570K(640K)->570K(640K) Class: 16K(128K)->16K(128K)
[4.774s][info][gc          ] GC(113) Pause Young (Normal) (G1 Evacuation Pause) 154M->5M(256M) 6.223ms
[4.775s][info][gc,cpu      ] GC(113) User=0.01s Sys=0.00s Real=0.00s
[4.801s][info][gc,start    ] GC(114) Pause Young (Normal) (G1 Evacuation Pause)
[4.802s][info][gc,task     ] GC(114) Using 6 workers of 8 for evacuation
[4.804s][info][gc,phases   ] GC(114)   Pre Evacuate Collection Set: 0.1ms
[4.804s][info][gc,phases   ] GC(114)   Merge Heap Roots: 0.1ms
[4.804s][info][gc,phases   ] GC(114)   Evacuate Collection Set: 0.7ms
[4.805s][info][gc,phases   ] GC(114)   Post Evacuate Collection Set: 0.6ms
[4.805s][info][gc,phases   ] GC(114)   Other: 0.4ms
[4.805s][info][gc,heap     ] GC(114) Eden regions: 150->0(149)
[4.806s][info][gc,heap     ] GC(114) Survivor regions: 3->4(20)
[4.806s][info][gc,heap     ] GC(114) Old regions: 2->2
[4.806s][info][gc,heap     ] GC(114) Archive regions: 2->2
[4.806s][info][gc,heap     ] GC(114) Humongous regions: 0->0
[4.807s][info][gc,metaspace] GC(114) Metaspace: 587K(768K)->587K(768K) NonClass: 570K(640K)->570K(640K) Class: 16K(128K)->16K(128K)
[4.807s][info][gc          ] GC(114) Pause Young (Normal) (G1 Evacuation Pause) 155M->6M(256M) 5.820ms
[4.808s][info][gc,cpu      ] GC(114) User=0.01s Sys=0.00s Real=0.01s
[4.837s][info][gc,start    ] GC(115) Pause Young (Normal) (G1 Evacuation Pause)
[4.838s][info][gc,task     ] GC(115) Using 6 workers of 8 for evacuation
[4.840s][info][gc,phases   ] GC(115)   Pre Evacuate Collection Set: 0.1ms
[4.840s][info][gc,phases   ] GC(115)   Merge Heap Roots: 0.2ms
[4.841s][info][gc,phases   ] GC(115)   Evacuate Collection Set: 0.7ms
[4.841s][info][gc,phases   ] GC(115)   Post Evacuate Collection Set: 0.6ms
[4.842s][info][gc,phases   ] GC(115)   Other: 0.5ms
[4.842s][info][gc,heap     ] GC(115) Eden regions: 149->0(149)
[4.843s][info][gc,heap     ] GC(115) Survivor regions: 4->4(20)
[4.843s][info][gc,heap     ] GC(115) Old regions: 2->2
[4.844s][info][gc,heap     ] GC(115) Archive regions: 2->2
[4.844s][info][gc,heap     ] GC(115) Humongous regions: 0->0
[4.845s][info][gc,metaspace] GC(115) Metaspace: 589K(768K)->589K(768K) NonClass: 572K(640K)->572K(640K) Class: 16K(128K)->16K(128K)
[4.846s][info][gc          ] GC(115) Pause Young (Normal) (G1 Evacuation Pause) 155M->5M(256M) 8.285ms
[4.846s][info][gc,cpu      ] GC(115) User=0.01s Sys=0.00s Real=0.00s
[4.870s][info][gc,start    ] GC(116) Pause Young (Normal) (G1 Evacuation Pause)
[4.870s][info][gc,task     ] GC(116) Using 6 workers of 8 for evacuation
[4.872s][info][gc,phases   ] GC(116)   Pre Evacuate Collection Set: 0.1ms
[4.873s][info][gc,phases   ] GC(116)   Merge Heap Roots: 0.2ms
[4.873s][info][gc,phases   ] GC(116)   Evacuate Collection Set: 0.7ms
[4.873s][info][gc,phases   ] GC(116)   Post Evacuate Collection Set: 0.5ms
[4.874s][info][gc,phases   ] GC(116)   Other: 0.4ms
[4.874s][info][gc,heap     ] GC(116) Eden regions: 149->0(150)
[4.874s][info][gc,heap     ] GC(116) Survivor regions: 4->3(20)
[4.875s][info][gc,heap     ] GC(116) Old regions: 2->2
[4.875s][info][gc,heap     ] GC(116) Archive regions: 2->2
[4.876s][info][gc,heap     ] GC(116) Humongous regions: 0->0
[4.876s][info][gc,metaspace] GC(116) Metaspace: 589K(768K)->589K(768K) NonClass: 572K(640K)->572K(640K) Class: 16K(128K)->16K(128K)
[4.876s][info][gc          ] GC(116) Pause Young (Normal) (G1 Evacuation Pause) 154M->5M(256M) 6.386ms
[4.877s][info][gc,cpu      ] GC(116) User=0.00s Sys=0.00s Real=0.01s
[4.905s][info][gc,start    ] GC(117) Pause Young (Normal) (G1 Evacuation Pause)
[4.905s][info][gc,task     ] GC(117) Using 6 workers of 8 for evacuation
[4.908s][info][gc,phases   ] GC(117)   Pre Evacuate Collection Set: 0.1ms
[4.908s][info][gc,phases   ] GC(117)   Merge Heap Roots: 0.1ms
[4.909s][info][gc,phases   ] GC(117)   Evacuate Collection Set: 0.9ms
[4.909s][info][gc,phases   ] GC(117)   Post Evacuate Collection Set: 0.6ms
[4.910s][info][gc,phases   ] GC(117)   Other: 0.4ms
[4.910s][info][gc,heap     ] GC(117) Eden regions: 150->0(149)
[4.910s][info][gc,heap     ] GC(117) Survivor regions: 3->4(20)
[4.911s][info][gc,heap     ] GC(117) Old regions: 2->2
[4.911s][info][gc,heap     ] GC(117) Archive regions: 2->2
[4.912s][info][gc,heap     ] GC(117) Humongous regions: 0->0
[4.912s][info][gc,metaspace] GC(117) Metaspace: 613K(832K)->613K(832K) NonClass: 595K(704K)->595K(704K) Class: 17K(128K)->17K(128K)
[4.912s][info][gc          ] GC(117) Pause Young (Normal) (G1 Evacuation Pause) 155M->6M(256M) 7.208ms
[4.913s][info][gc,cpu      ] GC(117) User=0.01s Sys=0.00s Real=0.01s
[4.936s][info][gc,start    ] GC(118) Pause Young (Normal) (G1 Evacuation Pause)
[4.937s][info][gc,task     ] GC(118) Using 6 workers of 8 for evacuation
[4.939s][info][gc,phases   ] GC(118)   Pre Evacuate Collection Set: 0.1ms
[4.939s][info][gc,phases   ] GC(118)   Merge Heap Roots: 0.1ms
[4.939s][info][gc,phases   ] GC(118)   Evacuate Collection Set: 0.7ms
[4.939s][info][gc,phases   ] GC(118)   Post Evacuate Collection Set: 0.6ms
[4.940s][info][gc,phases   ] GC(118)   Other: 0.3ms
[4.940s][info][gc,heap     ] GC(118) Eden regions: 149->0(149)
[4.940s][info][gc,heap     ] GC(118) Survivor regions: 4->4(20)
[4.940s][info][gc,heap     ] GC(118) Old regions: 2->2
[4.941s][info][gc,heap     ] GC(118) Archive regions: 2->2
[4.941s][info][gc,heap     ] GC(118) Humongous regions: 0->0
[4.942s][info][gc,metaspace] GC(118) Metaspace: 613K(832K)->613K(832K) NonClass: 595K(704K)->595K(704K) Class: 17K(128K)->17K(128K)
[4.943s][info][gc          ] GC(118) Pause Young (Normal) (G1 Evacuation Pause) 155M->5M(256M) 6.184ms
[4.943s][info][gc,cpu      ] GC(118) User=0.02s Sys=0.00s Real=0.01s
[4.970s][info][gc,start    ] GC(119) Pause Young (Normal) (G1 Evacuation Pause)
[4.970s][info][gc,task     ] GC(119) Using 6 workers of 8 for evacuation
[4.972s][info][gc,phases   ] GC(119)   Pre Evacuate Collection Set: 0.1ms
[4.972s][info][gc,phases   ] GC(119)   Merge Heap Roots: 0.1ms
[4.972s][info][gc,phases   ] GC(119)   Evacuate Collection Set: 0.6ms
[4.972s][info][gc,phases   ] GC(119)   Post Evacuate Collection Set: 0.5ms
[4.973s][info][gc,phases   ] GC(119)   Other: 0.3ms
[4.973s][info][gc,heap     ] GC(119) Eden regions: 149->0(150)
[4.973s][info][gc,heap     ] GC(119) Survivor regions: 4->3(20)
[4.974s][info][gc,heap     ] GC(119) Old regions: 2->2
[4.974s][info][gc,heap     ] GC(119) Archive regions: 2->2
[4.974s][info][gc,heap     ] GC(119) Humongous regions: 0->0
[4.975s][info][gc,metaspace] GC(119) Metaspace: 613K(832K)->613K(832K) NonClass: 595K(704K)->595K(704K) Class: 17K(128K)->17K(128K)
[4.975s][info][gc          ] GC(119) Pause Young (Normal) (G1 Evacuation Pause) 154M->5M(256M) 5.468ms
[4.976s][info][gc,cpu      ] GC(119) User=0.01s Sys=0.00s Real=0.00s
[5.000s][info][gc,start    ] GC(120) Pause Young (Normal) (G1 Evacuation Pause)
[5.000s][info][gc,task     ] GC(120) Using 6 workers of 8 for evacuation
[5.002s][info][gc,phases   ] GC(120)   Pre Evacuate Collection Set: 0.1ms
[5.003s][info][gc,phases   ] GC(120)   Merge Heap Roots: 0.2ms
[5.003s][info][gc,phases   ] GC(120)   Evacuate Collection Set: 0.8ms
[5.003s][info][gc,phases   ] GC(120)   Post Evacuate Collection Set: 0.5ms
[5.003s][info][gc,phases   ] GC(120)   Other: 0.3ms
[5.004s][info][gc,heap     ] GC(120) Eden regions: 150->0(149)
[5.004s][info][gc,heap     ] GC(120) Survivor regions: 3->4(20)
[5.004s][info][gc,heap     ] GC(120) Old regions: 2->2
[5.004s][info][gc,heap     ] GC(120) Archive regions: 2->2
[5.004s][info][gc,heap     ] GC(120) Humongous regions: 0->0
[5.005s][info][gc,metaspace] GC(120) Metaspace: 613K(832K)->613K(832K) NonClass: 595K(704K)->595K(704K) Class: 17K(128K)->17K(128K)
[5.005s][info][gc          ] GC(120) Pause Young (Normal) (G1 Evacuation Pause) 155M->6M(256M) 4.822ms
[5.005s][info][gc,cpu      ] GC(120) User=0.01s Sys=0.00s Real=0.00s
[5.032s][info][gc,start    ] GC(121) Pause Young (Normal) (G1 Evacuation Pause)
[5.033s][info][gc,task     ] GC(121) Using 6 workers of 8 for evacuation
[5.035s][info][gc,phases   ] GC(121)   Pre Evacuate Collection Set: 0.1ms
[5.035s][info][gc,phases   ] GC(121)   Merge Heap Roots: 0.2ms
[5.035s][info][gc,phases   ] GC(121)   Evacuate Collection Set: 0.8ms
[5.035s][info][gc,phases   ] GC(121)   Post Evacuate Collection Set: 0.5ms
[5.036s][info][gc,phases   ] GC(121)   Other: 0.3ms
[5.036s][info][gc,heap     ] GC(121) Eden regions: 149->0(149)
[5.036s][info][gc,heap     ] GC(121) Survivor regions: 4->4(20)
[5.036s][info][gc,heap     ] GC(121) Old regions: 2->2
[5.037s][info][gc,heap     ] GC(121) Archive regions: 2->2
[5.037s][info][gc,heap     ] GC(121) Humongous regions: 0->0
[5.037s][info][gc,metaspace] GC(121) Metaspace: 613K(832K)->613K(832K) NonClass: 595K(704K)->595K(704K) Class: 17K(128K)->17K(128K)
[5.037s][info][gc          ] GC(121) Pause Young (Normal) (G1 Evacuation Pause) 155M->5M(256M) 4.934ms
[5.037s][info][gc,cpu      ] GC(121) User=0.00s Sys=0.00s Real=0.01s
[5.067s][info][gc,start    ] GC(122) Pause Young (Normal) (G1 Evacuation Pause)
[5.067s][info][gc,task     ] GC(122) Using 6 workers of 8 for evacuation
[5.069s][info][gc,phases   ] GC(122)   Pre Evacuate Collection Set: 0.2ms
[5.070s][info][gc,phases   ] GC(122)   Merge Heap Roots: 0.1ms
[5.070s][info][gc,phases   ] GC(122)   Evacuate Collection Set: 0.6ms
[5.070s][info][gc,phases   ] GC(122)   Post Evacuate Collection Set: 0.6ms
[5.071s][info][gc,phases   ] GC(122)   Other: 0.5ms
[5.071s][info][gc,heap     ] GC(122) Eden regions: 149->0(149)
[5.071s][info][gc,heap     ] GC(122) Survivor regions: 4->4(20)
[5.072s][info][gc,heap     ] GC(122) Old regions: 2->2
[5.072s][info][gc,heap     ] GC(122) Archive regions: 2->2
[5.072s][info][gc,heap     ] GC(122) Humongous regions: 0->0
[5.072s][info][gc,metaspace] GC(122) Metaspace: 613K(832K)->613K(832K) NonClass: 595K(704K)->595K(704K) Class: 17K(128K)->17K(128K)
[5.073s][info][gc          ] GC(122) Pause Young (Normal) (G1 Evacuation Pause) 154M->5M(256M) 5.651ms
[5.073s][info][gc,cpu      ] GC(122) User=0.00s Sys=0.00s Real=0.00s
[5.102s][info][gc,start    ] GC(123) Pause Young (Normal) (G1 Evacuation Pause)
[5.103s][info][gc,task     ] GC(123) Using 6 workers of 8 for evacuation
[5.104s][info][gc,phases   ] GC(123)   Pre Evacuate Collection Set: 0.1ms
[5.105s][info][gc,phases   ] GC(123)   Merge Heap Roots: 0.2ms
[5.105s][info][gc,phases   ] GC(123)   Evacuate Collection Set: 0.6ms
[5.105s][info][gc,phases   ] GC(123)   Post Evacuate Collection Set: 0.5ms
[5.106s][info][gc,phases   ] GC(123)   Other: 0.4ms
[5.106s][info][gc,heap     ] GC(123) Eden regions: 149->0(150)
[5.106s][info][gc,heap     ] GC(123) Survivor regions: 4->3(20)
[5.106s][info][gc,heap     ] GC(123) Old regions: 2->2
[5.107s][info][gc,heap     ] GC(123) Archive regions: 2->2
[5.107s][info][gc,heap     ] GC(123) Humongous regions: 0->0
[5.108s][info][gc,metaspace] GC(123) Metaspace: 613K(832K)->613K(832K) NonClass: 595K(704K)->595K(704K) Class: 17K(128K)->17K(128K)
[5.108s][info][gc          ] GC(123) Pause Young (Normal) (G1 Evacuation Pause) 154M->5M(256M) 5.824ms
[5.109s][info][gc,cpu      ] GC(123) User=0.00s Sys=0.00s Real=0.01s
[5.135s][info][gc,start    ] GC(124) Pause Young (Normal) (G1 Evacuation Pause)
[5.135s][info][gc,task     ] GC(124) Using 6 workers of 8 for evacuation
[5.137s][info][gc,phases   ] GC(124)   Pre Evacuate Collection Set: 0.1ms
[5.137s][info][gc,phases   ] GC(124)   Merge Heap Roots: 0.1ms
[5.138s][info][gc,phases   ] GC(124)   Evacuate Collection Set: 0.8ms
[5.138s][info][gc,phases   ] GC(124)   Post Evacuate Collection Set: 0.5ms
[5.138s][info][gc,phases   ] GC(124)   Other: 0.3ms
[5.138s][info][gc,heap     ] GC(124) Eden regions: 150->0(149)
[5.139s][info][gc,heap     ] GC(124) Survivor regions: 3->4(20)
[5.139s][info][gc,heap     ] GC(124) Old regions: 2->2
[5.139s][info][gc,heap     ] GC(124) Archive regions: 2->2
[5.139s][info][gc,heap     ] GC(124) Humongous regions: 0->0
[5.139s][info][gc,metaspace] GC(124) Metaspace: 613K(832K)->613K(832K) NonClass: 595K(704K)->595K(704K) Class: 17K(128K)->17K(128K)
[5.140s][info][gc          ] GC(124) Pause Young (Normal) (G1 Evacuation Pause) 155M->6M(256M) 5.118ms
[5.140s][info][gc,cpu      ] GC(124) User=0.00s Sys=0.00s Real=0.01s
[5.167s][info][gc,start    ] GC(125) Pause Young (Normal) (G1 Evacuation Pause)
[5.167s][info][gc,task     ] GC(125) Using 6 workers of 8 for evacuation
[5.169s][info][gc,phases   ] GC(125)   Pre Evacuate Collection Set: 0.1ms
[5.170s][info][gc,phases   ] GC(125)   Merge Heap Roots: 0.2ms
[5.170s][info][gc,phases   ] GC(125)   Evacuate Collection Set: 0.8ms
[5.170s][info][gc,phases   ] GC(125)   Post Evacuate Collection Set: 0.5ms
[5.171s][info][gc,phases   ] GC(125)   Other: 0.4ms
[5.171s][info][gc,heap     ] GC(125) Eden regions: 149->0(149)
[5.171s][info][gc,heap     ] GC(125) Survivor regions: 4->4(20)
[5.171s][info][gc,heap     ] GC(125) Old regions: 2->2
[5.172s][info][gc,heap     ] GC(125) Archive regions: 2->2
[5.172s][info][gc,heap     ] GC(125) Humongous regions: 0->0
[5.172s][info][gc,metaspace] GC(125) Metaspace: 613K(832K)->613K(832K) NonClass: 595K(704K)->595K(704K) Class: 17K(128K)->17K(128K)
[5.173s][info][gc          ] GC(125) Pause Young (Normal) (G1 Evacuation Pause) 155M->5M(256M) 5.359ms
[5.173s][info][gc,cpu      ] GC(125) User=0.00s Sys=0.00s Real=0.00s
[5.199s][info][gc,start    ] GC(126) Pause Young (Normal) (G1 Evacuation Pause)
[5.200s][info][gc,task     ] GC(126) Using 6 workers of 8 for evacuation
[5.202s][info][gc,phases   ] GC(126)   Pre Evacuate Collection Set: 0.1ms
[5.202s][info][gc,phases   ] GC(126)   Merge Heap Roots: 0.1ms
[5.202s][info][gc,phases   ] GC(126)   Evacuate Collection Set: 0.6ms
[5.202s][info][gc,phases   ] GC(126)   Post Evacuate Collection Set: 0.6ms
[5.203s][info][gc,phases   ] GC(126)   Other: 0.4ms
[5.203s][info][gc,heap     ] GC(126) Eden regions: 149->0(149)
[5.203s][info][gc,heap     ] GC(126) Survivor regions: 4->4(20)
[5.203s][info][gc,heap     ] GC(126) Old regions: 2->2
[5.204s][info][gc,heap     ] GC(126) Archive regions: 2->2
[5.204s][info][gc,heap     ] GC(126) Humongous regions: 0->0
[5.204s][info][gc,metaspace] GC(126) Metaspace: 613K(832K)->613K(832K) NonClass: 595K(704K)->595K(704K) Class: 17K(128K)->17K(128K)
[5.204s][info][gc          ] GC(126) Pause Young (Normal) (G1 Evacuation Pause) 154M->5M(256M) 5.162ms
[5.205s][info][gc,cpu      ] GC(126) User=0.00s Sys=0.00s Real=0.00s
[5.232s][info][gc,start    ] GC(127) Pause Young (Normal) (G1 Evacuation Pause)
[5.232s][info][gc,task     ] GC(127) Using 6 workers of 8 for evacuation
[5.234s][info][gc,phases   ] GC(127)   Pre Evacuate Collection Set: 0.1ms
[5.234s][info][gc,phases   ] GC(127)   Merge Heap Roots: 0.1ms
[5.235s][info][gc,phases   ] GC(127)   Evacuate Collection Set: 0.5ms
[5.235s][info][gc,phases   ] GC(127)   Post Evacuate Collection Set: 0.6ms
[5.235s][info][gc,phases   ] GC(127)   Other: 0.4ms
[5.235s][info][gc,heap     ] GC(127) Eden regions: 149->0(150)
[5.236s][info][gc,heap     ] GC(127) Survivor regions: 4->3(20)
[5.236s][info][gc,heap     ] GC(127) Old regions: 2->2
[5.236s][info][gc,heap     ] GC(127) Archive regions: 2->2
[5.236s][info][gc,heap     ] GC(127) Humongous regions: 0->0
[5.237s][info][gc,metaspace] GC(127) Metaspace: 613K(832K)->613K(832K) NonClass: 595K(704K)->595K(704K) Class: 17K(128K)->17K(128K)
[5.237s][info][gc          ] GC(127) Pause Young (Normal) (G1 Evacuation Pause) 154M->5M(256M) 4.949ms
[5.237s][info][gc,cpu      ] GC(127) User=0.00s Sys=0.00s Real=0.01s
[5.270s][info][gc,start    ] GC(128) Pause Young (Normal) (G1 Evacuation Pause)
[5.271s][info][gc,task     ] GC(128) Using 6 workers of 8 for evacuation
[5.273s][info][gc,phases   ] GC(128)   Pre Evacuate Collection Set: 0.1ms
[5.273s][info][gc,phases   ] GC(128)   Merge Heap Roots: 0.1ms
[5.273s][info][gc,phases   ] GC(128)   Evacuate Collection Set: 0.8ms
[5.274s][info][gc,phases   ] GC(128)   Post Evacuate Collection Set: 0.5ms
[5.274s][info][gc,phases   ] GC(128)   Other: 0.3ms
[5.274s][info][gc,heap     ] GC(128) Eden regions: 150->0(149)
[5.274s][info][gc,heap     ] GC(128) Survivor regions: 3->4(20)
[5.275s][info][gc,heap     ] GC(128) Old regions: 2->2
[5.275s][info][gc,heap     ] GC(128) Archive regions: 2->2
[5.276s][info][gc,heap     ] GC(128) Humongous regions: 0->0
[5.276s][info][gc,metaspace] GC(128) Metaspace: 613K(832K)->613K(832K) NonClass: 595K(704K)->595K(704K) Class: 17K(128K)->17K(128K)
[5.277s][info][gc          ] GC(128) Pause Young (Normal) (G1 Evacuation Pause) 155M->6M(256M) 6.302ms
[5.277s][info][gc,cpu      ] GC(128) User=0.00s Sys=0.00s Real=0.01s
[5.302s][info][gc,start    ] GC(129) Pause Young (Normal) (G1 Evacuation Pause)
[5.303s][info][gc,task     ] GC(129) Using 6 workers of 8 for evacuation
[5.305s][info][gc,phases   ] GC(129)   Pre Evacuate Collection Set: 0.3ms
[5.305s][info][gc,phases   ] GC(129)   Merge Heap Roots: 0.2ms
[5.306s][info][gc,phases   ] GC(129)   Evacuate Collection Set: 0.6ms
[5.306s][info][gc,phases   ] GC(129)   Post Evacuate Collection Set: 0.8ms
[5.307s][info][gc,phases   ] GC(129)   Other: 0.4ms
[5.307s][info][gc,heap     ] GC(129) Eden regions: 149->0(149)
[5.307s][info][gc,heap     ] GC(129) Survivor regions: 4->4(20)
[5.307s][info][gc,heap     ] GC(129) Old regions: 2->2
[5.308s][info][gc,heap     ] GC(129) Archive regions: 2->2
[5.308s][info][gc,heap     ] GC(129) Humongous regions: 0->0
[5.309s][info][gc,metaspace] GC(129) Metaspace: 613K(832K)->613K(832K) NonClass: 595K(704K)->595K(704K) Class: 17K(128K)->17K(128K)
[5.310s][info][gc          ] GC(129) Pause Young (Normal) (G1 Evacuation Pause) 155M->5M(256M) 7.458ms
[5.310s][info][gc,cpu      ] GC(129) User=0.00s Sys=0.00s Real=0.01s
[5.335s][info][gc,start    ] GC(130) Pause Young (Normal) (G1 Evacuation Pause)
[5.335s][info][gc,task     ] GC(130) Using 6 workers of 8 for evacuation
[5.337s][info][gc,phases   ] GC(130)   Pre Evacuate Collection Set: 0.1ms
[5.338s][info][gc,phases   ] GC(130)   Merge Heap Roots: 0.1ms
[5.338s][info][gc,phases   ] GC(130)   Evacuate Collection Set: 0.7ms
[5.338s][info][gc,phases   ] GC(130)   Post Evacuate Collection Set: 0.5ms
[5.338s][info][gc,phases   ] GC(130)   Other: 0.4ms
[5.339s][info][gc,heap     ] GC(130) Eden regions: 149->0(150)
[5.339s][info][gc,heap     ] GC(130) Survivor regions: 4->3(20)
[5.339s][info][gc,heap     ] GC(130) Old regions: 2->2
[5.339s][info][gc,heap     ] GC(130) Archive regions: 2->2
[5.340s][info][gc,heap     ] GC(130) Humongous regions: 0->0
[5.340s][info][gc,metaspace] GC(130) Metaspace: 613K(832K)->613K(832K) NonClass: 595K(704K)->595K(704K) Class: 17K(128K)->17K(128K)
[5.340s][info][gc          ] GC(130) Pause Young (Normal) (G1 Evacuation Pause) 154M->5M(256M) 5.214ms
[5.341s][info][gc,cpu      ] GC(130) User=0.00s Sys=0.00s Real=0.01s
[5.366s][info][gc,start    ] GC(131) Pause Young (Normal) (G1 Evacuation Pause)
[5.367s][info][gc,task     ] GC(131) Using 6 workers of 8 for evacuation
[5.369s][info][gc,phases   ] GC(131)   Pre Evacuate Collection Set: 0.1ms
[5.369s][info][gc,phases   ] GC(131)   Merge Heap Roots: 0.1ms
[5.369s][info][gc,phases   ] GC(131)   Evacuate Collection Set: 0.8ms
[5.369s][info][gc,phases   ] GC(131)   Post Evacuate Collection Set: 0.5ms
[5.370s][info][gc,phases   ] GC(131)   Other: 0.3ms
[5.370s][info][gc,heap     ] GC(131) Eden regions: 150->0(149)
[5.370s][info][gc,heap     ] GC(131) Survivor regions: 3->4(20)
[5.370s][info][gc,heap     ] GC(131) Old regions: 2->2
[5.371s][info][gc,heap     ] GC(131) Archive regions: 2->2
[5.371s][info][gc,heap     ] GC(131) Humongous regions: 0->0
[5.371s][info][gc,metaspace] GC(131) Metaspace: 613K(832K)->613K(832K) NonClass: 595K(704K)->595K(704K) Class: 17K(128K)->17K(128K)
[5.372s][info][gc          ] GC(131) Pause Young (Normal) (G1 Evacuation Pause) 155M->6M(256M) 5.267ms
[5.372s][info][gc,cpu      ] GC(131) User=0.00s Sys=0.00s Real=0.01s
[5.398s][info][gc,start    ] GC(132) Pause Young (Normal) (G1 Evacuation Pause)
[5.399s][info][gc,task     ] GC(132) Using 6 workers of 8 for evacuation
[5.401s][info][gc,phases   ] GC(132)   Pre Evacuate Collection Set: 0.2ms
[5.401s][info][gc,phases   ] GC(132)   Merge Heap Roots: 0.1ms
[5.401s][info][gc,phases   ] GC(132)   Evacuate Collection Set: 0.6ms
[5.402s][info][gc,phases   ] GC(132)   Post Evacuate Collection Set: 0.6ms
[5.402s][info][gc,phases   ] GC(132)   Other: 0.4ms
[5.402s][info][gc,heap     ] GC(132) Eden regions: 149->0(149)
[5.403s][info][gc,heap     ] GC(132) Survivor regions: 4->4(20)
[5.403s][info][gc,heap     ] GC(132) Old regions: 2->2
[5.403s][info][gc,heap     ] GC(132) Archive regions: 2->2
[5.403s][info][gc,heap     ] GC(132) Humongous regions: 0->0
[5.404s][info][gc,metaspace] GC(132) Metaspace: 613K(832K)->613K(832K) NonClass: 595K(704K)->595K(704K) Class: 17K(128K)->17K(128K)
[5.404s][info][gc          ] GC(132) Pause Young (Normal) (G1 Evacuation Pause) 155M->5M(256M) 5.763ms
[5.404s][info][gc,cpu      ] GC(132) User=0.00s Sys=0.00s Real=0.00s
[5.431s][info][gc,start    ] GC(133) Pause Young (Normal) (G1 Evacuation Pause)
[5.432s][info][gc,task     ] GC(133) Using 6 workers of 8 for evacuation
[5.434s][info][gc,phases   ] GC(133)   Pre Evacuate Collection Set: 0.1ms
[5.434s][info][gc,phases   ] GC(133)   Merge Heap Roots: 0.2ms
[5.434s][info][gc,phases   ] GC(133)   Evacuate Collection Set: 0.7ms
[5.434s][info][gc,phases   ] GC(133)   Post Evacuate Collection Set: 0.5ms
[5.435s][info][gc,phases   ] GC(133)   Other: 0.4ms
[5.435s][info][gc,heap     ] GC(133) Eden regions: 149->0(150)
[5.435s][info][gc,heap     ] GC(133) Survivor regions: 4->3(20)
[5.435s][info][gc,heap     ] GC(133) Old regions: 2->2
[5.435s][info][gc,heap     ] GC(133) Archive regions: 2->2
[5.436s][info][gc,heap     ] GC(133) Humongous regions: 0->0
[5.436s][info][gc,metaspace] GC(133) Metaspace: 613K(832K)->613K(832K) NonClass: 595K(704K)->595K(704K) Class: 17K(128K)->17K(128K)
[5.436s][info][gc          ] GC(133) Pause Young (Normal) (G1 Evacuation Pause) 154M->5M(256M) 4.847ms
[5.436s][info][gc,cpu      ] GC(133) User=0.00s Sys=0.00s Real=0.00s
[5.460s][info][gc,start    ] GC(134) Pause Young (Normal) (G1 Evacuation Pause)
[5.460s][info][gc,task     ] GC(134) Using 6 workers of 8 for evacuation
[5.463s][info][gc,phases   ] GC(134)   Pre Evacuate Collection Set: 0.2ms
[5.464s][info][gc,phases   ] GC(134)   Merge Heap Roots: 0.2ms
[5.464s][info][gc,phases   ] GC(134)   Evacuate Collection Set: 1.0ms
[5.465s][info][gc,phases   ] GC(134)   Post Evacuate Collection Set: 0.8ms
[5.465s][info][gc,phases   ] GC(134)   Other: 0.6ms
[5.465s][info][gc,heap     ] GC(134) Eden regions: 150->0(149)
[5.466s][info][gc,heap     ] GC(134) Survivor regions: 3->4(20)
[5.466s][info][gc,heap     ] GC(134) Old regions: 2->2
[5.466s][info][gc,heap     ] GC(134) Archive regions: 2->2
[5.466s][info][gc,heap     ] GC(134) Humongous regions: 0->0
[5.467s][info][gc,metaspace] GC(134) Metaspace: 613K(832K)->613K(832K) NonClass: 595K(704K)->595K(704K) Class: 17K(128K)->17K(128K)
[5.467s][info][gc          ] GC(134) Pause Young (Normal) (G1 Evacuation Pause) 155M->6M(256M) 7.037ms
[5.467s][info][gc,cpu      ] GC(134) User=0.01s Sys=0.00s Real=0.01s
[5.488s][info][gc,start    ] GC(135) Pause Young (Normal) (G1 Evacuation Pause)
[5.488s][info][gc,task     ] GC(135) Using 6 workers of 8 for evacuation
[5.490s][info][gc,phases   ] GC(135)   Pre Evacuate Collection Set: 0.1ms
[5.490s][info][gc,phases   ] GC(135)   Merge Heap Roots: 0.1ms
[5.491s][info][gc,phases   ] GC(135)   Evacuate Collection Set: 0.8ms
[5.491s][info][gc,phases   ] GC(135)   Post Evacuate Collection Set: 0.6ms
[5.492s][info][gc,phases   ] GC(135)   Other: 0.4ms
[5.492s][info][gc,heap     ] GC(135) Eden regions: 149->0(149)
[5.492s][info][gc,heap     ] GC(135) Survivor regions: 4->4(20)
[5.493s][info][gc,heap     ] GC(135) Old regions: 2->2
[5.493s][info][gc,heap     ] GC(135) Archive regions: 2->2
[5.494s][info][gc,heap     ] GC(135) Humongous regions: 0->0
[5.494s][info][gc,metaspace] GC(135) Metaspace: 613K(832K)->613K(832K) NonClass: 595K(704K)->595K(704K) Class: 17K(128K)->17K(128K)
[5.494s][info][gc          ] GC(135) Pause Young (Normal) (G1 Evacuation Pause) 155M->5M(256M) 6.628ms
[5.495s][info][gc,cpu      ] GC(135) User=0.01s Sys=0.00s Real=0.00s
[5.516s][info][gc,start    ] GC(136) Pause Young (Normal) (G1 Evacuation Pause)
[5.517s][info][gc,task     ] GC(136) Using 6 workers of 8 for evacuation
[5.518s][info][gc,phases   ] GC(136)   Pre Evacuate Collection Set: 0.1ms
[5.519s][info][gc,phases   ] GC(136)   Merge Heap Roots: 0.2ms
[5.519s][info][gc,phases   ] GC(136)   Evacuate Collection Set: 0.7ms
[5.519s][info][gc,phases   ] GC(136)   Post Evacuate Collection Set: 0.6ms
[5.520s][info][gc,phases   ] GC(136)   Other: 0.4ms
[5.520s][info][gc,heap     ] GC(136) Eden regions: 149->0(149)
[5.520s][info][gc,heap     ] GC(136) Survivor regions: 4->4(20)
[5.520s][info][gc,heap     ] GC(136) Old regions: 2->2
[5.520s][info][gc,heap     ] GC(136) Archive regions: 2->2
[5.521s][info][gc,heap     ] GC(136) Humongous regions: 0->0
[5.521s][info][gc,metaspace] GC(136) Metaspace: 613K(832K)->613K(832K) NonClass: 595K(704K)->595K(704K) Class: 17K(128K)->17K(128K)
[5.521s][info][gc          ] GC(136) Pause Young (Normal) (G1 Evacuation Pause) 154M->5M(256M) 4.828ms
[5.521s][info][gc,cpu      ] GC(136) User=0.00s Sys=0.00s Real=0.01s
[5.549s][info][gc,start    ] GC(137) Pause Young (Normal) (G1 Evacuation Pause)
[5.550s][info][gc,task     ] GC(137) Using 6 workers of 8 for evacuation
[5.552s][info][gc,phases   ] GC(137)   Pre Evacuate Collection Set: 0.3ms
[5.552s][info][gc,phases   ] GC(137)   Merge Heap Roots: 0.2ms
[5.552s][info][gc,phases   ] GC(137)   Evacuate Collection Set: 0.5ms
[5.553s][info][gc,phases   ] GC(137)   Post Evacuate Collection Set: 0.6ms
[5.553s][info][gc,phases   ] GC(137)   Other: 0.4ms
[5.553s][info][gc,heap     ] GC(137) Eden regions: 149->0(150)
[5.554s][info][gc,heap     ] GC(137) Survivor regions: 4->3(20)
[5.554s][info][gc,heap     ] GC(137) Old regions: 2->2
[5.554s][info][gc,heap     ] GC(137) Archive regions: 2->2
[5.554s][info][gc,heap     ] GC(137) Humongous regions: 0->0
[5.555s][info][gc,metaspace] GC(137) Metaspace: 613K(832K)->613K(832K) NonClass: 595K(704K)->595K(704K) Class: 17K(128K)->17K(128K)
[5.555s][info][gc          ] GC(137) Pause Young (Normal) (G1 Evacuation Pause) 154M->5M(256M) 5.898ms
[5.555s][info][gc,cpu      ] GC(137) User=0.00s Sys=0.00s Real=0.00s
[5.589s][info][gc,start    ] GC(138) Pause Young (Normal) (G1 Evacuation Pause)
[5.589s][info][gc,task     ] GC(138) Using 6 workers of 8 for evacuation
[5.593s][info][gc,phases   ] GC(138)   Pre Evacuate Collection Set: 0.1ms
[5.594s][info][gc,phases   ] GC(138)   Merge Heap Roots: 0.2ms
[5.594s][info][gc,phases   ] GC(138)   Evacuate Collection Set: 1.3ms
[5.595s][info][gc,phases   ] GC(138)   Post Evacuate Collection Set: 1.2ms
[5.595s][info][gc,phases   ] GC(138)   Other: 0.5ms
[5.596s][info][gc,heap     ] GC(138) Eden regions: 150->0(149)
[5.596s][info][gc,heap     ] GC(138) Survivor regions: 3->4(20)
[5.597s][info][gc,heap     ] GC(138) Old regions: 2->2
[5.597s][info][gc,heap     ] GC(138) Archive regions: 2->2
[5.597s][info][gc,heap     ] GC(138) Humongous regions: 0->0
[5.598s][info][gc,metaspace] GC(138) Metaspace: 613K(832K)->613K(832K) NonClass: 595K(704K)->595K(704K) Class: 17K(128K)->17K(128K)
[5.598s][info][gc          ] GC(138) Pause Young (Normal) (G1 Evacuation Pause) 155M->5M(256M) 9.068ms
[5.598s][info][gc,cpu      ] GC(138) User=0.00s Sys=0.00s Real=0.01s
[5.629s][info][gc,start    ] GC(139) Pause Young (Normal) (G1 Evacuation Pause)
[5.629s][info][gc,task     ] GC(139) Using 6 workers of 8 for evacuation
[5.633s][info][gc,phases   ] GC(139)   Pre Evacuate Collection Set: 0.2ms
[5.633s][info][gc,phases   ] GC(139)   Merge Heap Roots: 0.2ms
[5.634s][info][gc,phases   ] GC(139)   Evacuate Collection Set: 1.5ms
[5.634s][info][gc,phases   ] GC(139)   Post Evacuate Collection Set: 0.8ms
[5.634s][info][gc,phases   ] GC(139)   Other: 0.6ms
[5.635s][info][gc,heap     ] GC(139) Eden regions: 149->0(149)
[5.635s][info][gc,heap     ] GC(139) Survivor regions: 4->4(20)
[5.636s][info][gc,heap     ] GC(139) Old regions: 2->2
[5.636s][info][gc,heap     ] GC(139) Archive regions: 2->2
[5.636s][info][gc,heap     ] GC(139) Humongous regions: 0->0
[5.636s][info][gc,metaspace] GC(139) Metaspace: 613K(832K)->613K(832K) NonClass: 595K(704K)->595K(704K) Class: 17K(128K)->17K(128K)
[5.637s][info][gc          ] GC(139) Pause Young (Normal) (G1 Evacuation Pause) 154M->5M(256M) 7.799ms
[5.637s][info][gc,cpu      ] GC(139) User=0.00s Sys=0.00s Real=0.01s
[5.689s][info][gc,start    ] GC(140) Pause Young (Normal) (G1 Evacuation Pause)
[5.689s][info][gc,task     ] GC(140) Using 6 workers of 8 for evacuation
[5.694s][info][gc,phases   ] GC(140)   Pre Evacuate Collection Set: 0.3ms
[5.695s][info][gc,phases   ] GC(140)   Merge Heap Roots: 0.2ms
[5.695s][info][gc,phases   ] GC(140)   Evacuate Collection Set: 2.4ms
[5.695s][info][gc,phases   ] GC(140)   Post Evacuate Collection Set: 1.1ms
[5.696s][info][gc,phases   ] GC(140)   Other: 0.6ms
[5.697s][info][gc,heap     ] GC(140) Eden regions: 149->0(150)
[5.697s][info][gc,heap     ] GC(140) Survivor regions: 4->3(20)
[5.697s][info][gc,heap     ] GC(140) Old regions: 2->2
[5.698s][info][gc,heap     ] GC(140) Archive regions: 2->2
[5.699s][info][gc,heap     ] GC(140) Humongous regions: 0->0
[5.699s][info][gc,metaspace] GC(140) Metaspace: 613K(832K)->613K(832K) NonClass: 595K(704K)->595K(704K) Class: 17K(128K)->17K(128K)
[5.699s][info][gc          ] GC(140) Pause Young (Normal) (G1 Evacuation Pause) 154M->5M(256M) 10.770ms
[5.700s][info][gc,cpu      ] GC(140) User=0.01s Sys=0.00s Real=0.01s
[5.776s][info][gc,start    ] GC(141) Pause Young (Normal) (G1 Evacuation Pause)
[5.784s][info][gc,task     ] GC(141) Using 6 workers of 8 for evacuation
[5.791s][info][gc,phases   ] GC(141)   Pre Evacuate Collection Set: 0.5ms
[5.793s][info][gc,phases   ] GC(141)   Merge Heap Roots: 0.4ms
[5.795s][info][gc,phases   ] GC(141)   Evacuate Collection Set: 1.9ms
[5.796s][info][gc,phases   ] GC(141)   Post Evacuate Collection Set: 0.8ms
[5.796s][info][gc,phases   ] GC(141)   Other: 2.8ms
[5.797s][info][gc,heap     ] GC(141) Eden regions: 150->0(149)
[5.797s][info][gc,heap     ] GC(141) Survivor regions: 3->4(20)
[5.798s][info][gc,heap     ] GC(141) Old regions: 2->2
[5.798s][info][gc,heap     ] GC(141) Archive regions: 2->2
[5.798s][info][gc,heap     ] GC(141) Humongous regions: 0->0
[5.799s][info][gc,metaspace] GC(141) Metaspace: 613K(832K)->613K(832K) NonClass: 595K(704K)->595K(704K) Class: 17K(128K)->17K(128K)
[5.799s][info][gc          ] GC(141) Pause Young (Normal) (G1 Evacuation Pause) 155M->6M(256M) 23.166ms
[5.800s][info][gc,cpu      ] GC(141) User=0.01s Sys=0.00s Real=0.03s
[5.868s][info][gc,start    ] GC(142) Pause Young (Normal) (G1 Evacuation Pause)
[5.869s][info][gc,task     ] GC(142) Using 6 workers of 8 for evacuation
[5.871s][info][gc,phases   ] GC(142)   Pre Evacuate Collection Set: 0.2ms
[5.871s][info][gc,phases   ] GC(142)   Merge Heap Roots: 0.2ms
[5.871s][info][gc,phases   ] GC(142)   Evacuate Collection Set: 0.9ms
[5.872s][info][gc,phases   ] GC(142)   Post Evacuate Collection Set: 0.5ms
[5.872s][info][gc,phases   ] GC(142)   Other: 0.3ms
[5.872s][info][gc,heap     ] GC(142) Eden regions: 149->0(149)
[5.872s][info][gc,heap     ] GC(142) Survivor regions: 4->4(20)
[5.872s][info][gc,heap     ] GC(142) Old regions: 2->2
[5.873s][info][gc,heap     ] GC(142) Archive regions: 2->2
[5.873s][info][gc,heap     ] GC(142) Humongous regions: 0->0
[5.873s][info][gc,metaspace] GC(142) Metaspace: 613K(832K)->613K(832K) NonClass: 595K(704K)->595K(704K) Class: 17K(128K)->17K(128K)
[5.875s][info][gc          ] GC(142) Pause Young (Normal) (G1 Evacuation Pause) 155M->6M(256M) 7.000ms
[5.876s][info][gc,cpu      ] GC(142) User=0.01s Sys=0.01s Real=0.00s
[5.922s][info][gc,start    ] GC(143) Pause Young (Normal) (G1 Evacuation Pause)
[5.922s][info][gc,task     ] GC(143) Using 6 workers of 8 for evacuation
[5.929s][info][gc,phases   ] GC(143)   Pre Evacuate Collection Set: 0.3ms
[5.929s][info][gc,phases   ] GC(143)   Merge Heap Roots: 0.2ms
[5.930s][info][gc,phases   ] GC(143)   Evacuate Collection Set: 4.9ms
[5.930s][info][gc,phases   ] GC(143)   Post Evacuate Collection Set: 0.8ms
[5.931s][info][gc,phases   ] GC(143)   Other: 0.3ms
[5.931s][info][gc,heap     ] GC(143) Eden regions: 149->0(149)
[5.932s][info][gc,heap     ] GC(143) Survivor regions: 4->4(20)
[5.932s][info][gc,heap     ] GC(143) Old regions: 2->2
[5.933s][info][gc,heap     ] GC(143) Archive regions: 2->2
[5.933s][info][gc,heap     ] GC(143) Humongous regions: 0->0
[5.933s][info][gc,metaspace] GC(143) Metaspace: 613K(832K)->613K(832K) NonClass: 595K(704K)->595K(704K) Class: 17K(128K)->17K(128K)
[5.934s][info][gc          ] GC(143) Pause Young (Normal) (G1 Evacuation Pause) 155M->5M(256M) 11.977ms
[5.934s][info][gc,cpu      ] GC(143) User=0.02s Sys=0.00s Real=0.01s
[5.973s][info][gc,start    ] GC(144) Pause Young (Normal) (G1 Evacuation Pause)
[5.974s][info][gc,task     ] GC(144) Using 6 workers of 8 for evacuation
[5.979s][info][gc,phases   ] GC(144)   Pre Evacuate Collection Set: 0.5ms
[5.979s][info][gc,phases   ] GC(144)   Merge Heap Roots: 0.3ms
[5.980s][info][gc,phases   ] GC(144)   Evacuate Collection Set: 1.9ms
[5.980s][info][gc,phases   ] GC(144)   Post Evacuate Collection Set: 0.7ms
[5.980s][info][gc,phases   ] GC(144)   Other: 1.3ms
[5.980s][info][gc,heap     ] GC(144) Eden regions: 149->0(150)
[5.981s][info][gc,heap     ] GC(144) Survivor regions: 4->3(20)
[5.981s][info][gc,heap     ] GC(144) Old regions: 2->2
[5.981s][info][gc,heap     ] GC(144) Archive regions: 2->2
[5.981s][info][gc,heap     ] GC(144) Humongous regions: 0->0
[5.982s][info][gc,metaspace] GC(144) Metaspace: 613K(832K)->613K(832K) NonClass: 595K(704K)->595K(704K) Class: 17K(128K)->17K(128K)
[5.982s][info][gc          ] GC(144) Pause Young (Normal) (G1 Evacuation Pause) 154M->5M(256M) 8.428ms
[5.982s][info][gc,cpu      ] GC(144) User=0.00s Sys=0.01s Real=0.01s
[6.016s][info][gc,start    ] GC(145) Pause Young (Normal) (G1 Evacuation Pause)
[6.016s][info][gc,task     ] GC(145) Using 6 workers of 8 for evacuation
[6.018s][info][gc,phases   ] GC(145)   Pre Evacuate Collection Set: 0.1ms
[6.018s][info][gc,phases   ] GC(145)   Merge Heap Roots: 0.1ms
[6.018s][info][gc,phases   ] GC(145)   Evacuate Collection Set: 0.7ms
[6.019s][info][gc,phases   ] GC(145)   Post Evacuate Collection Set: 0.5ms
[6.019s][info][gc,phases   ] GC(145)   Other: 0.3ms
[6.019s][info][gc,heap     ] GC(145) Eden regions: 150->0(149)
[6.019s][info][gc,heap     ] GC(145) Survivor regions: 3->4(20)
[6.019s][info][gc,heap     ] GC(145) Old regions: 2->2
[6.019s][info][gc,heap     ] GC(145) Archive regions: 2->2
[6.020s][info][gc,heap     ] GC(145) Humongous regions: 0->0
[6.020s][info][gc,metaspace] GC(145) Metaspace: 613K(832K)->613K(832K) NonClass: 595K(704K)->595K(704K) Class: 17K(128K)->17K(128K)
[6.020s][info][gc          ] GC(145) Pause Young (Normal) (G1 Evacuation Pause) 155M->6M(256M) 4.212ms
[6.020s][info][gc,cpu      ] GC(145) User=0.00s Sys=0.00s Real=0.01s
[6.051s][info][gc,start    ] GC(146) Pause Young (Normal) (G1 Evacuation Pause)
[6.051s][info][gc,task     ] GC(146) Using 6 workers of 8 for evacuation
[6.053s][info][gc,phases   ] GC(146)   Pre Evacuate Collection Set: 0.2ms
[6.054s][info][gc,phases   ] GC(146)   Merge Heap Roots: 0.2ms
[6.054s][info][gc,phases   ] GC(146)   Evacuate Collection Set: 0.9ms
[6.054s][info][gc,phases   ] GC(146)   Post Evacuate Collection Set: 0.5ms
[6.054s][info][gc,phases   ] GC(146)   Other: 0.3ms
[6.055s][info][gc,heap     ] GC(146) Eden regions: 149->0(149)
[6.055s][info][gc,heap     ] GC(146) Survivor regions: 4->4(20)
[6.055s][info][gc,heap     ] GC(146) Old regions: 2->2
[6.055s][info][gc,heap     ] GC(146) Archive regions: 2->2
[6.055s][info][gc,heap     ] GC(146) Humongous regions: 0->0
[6.055s][info][gc,metaspace] GC(146) Metaspace: 613K(832K)->613K(832K) NonClass: 595K(704K)->595K(704K) Class: 17K(128K)->17K(128K)
[6.056s][info][gc          ] GC(146) Pause Young (Normal) (G1 Evacuation Pause) 155M->5M(256M) 4.765ms
[6.056s][info][gc,cpu      ] GC(146) User=0.01s Sys=0.00s Real=0.00s
[6.090s][info][gc,start    ] GC(147) Pause Young (Normal) (G1 Evacuation Pause)
[6.090s][info][gc,task     ] GC(147) Using 6 workers of 8 for evacuation
[6.095s][info][gc,phases   ] GC(147)   Pre Evacuate Collection Set: 0.4ms
[6.095s][info][gc,phases   ] GC(147)   Merge Heap Roots: 0.3ms
[6.095s][info][gc,phases   ] GC(147)   Evacuate Collection Set: 1.4ms
[6.096s][info][gc,phases   ] GC(147)   Post Evacuate Collection Set: 1.5ms
[6.096s][info][gc,phases   ] GC(147)   Other: 0.8ms
[6.096s][info][gc,heap     ] GC(147) Eden regions: 149->0(150)
[6.097s][info][gc,heap     ] GC(147) Survivor regions: 4->3(20)
[6.097s][info][gc,heap     ] GC(147) Old regions: 2->2
[6.097s][info][gc,heap     ] GC(147) Archive regions: 2->2
[6.098s][info][gc,heap     ] GC(147) Humongous regions: 0->0
[6.098s][info][gc,metaspace] GC(147) Metaspace: 613K(832K)->613K(832K) NonClass: 595K(704K)->595K(704K) Class: 17K(128K)->17K(128K)
[6.098s][info][gc          ] GC(147) Pause Young (Normal) (G1 Evacuation Pause) 154M->5M(256M) 8.203ms
[6.098s][info][gc,cpu      ] GC(147) User=0.00s Sys=0.01s Real=0.01s
[6.122s][info][gc,start    ] GC(148) Pause Young (Normal) (G1 Evacuation Pause)
[6.122s][info][gc,task     ] GC(148) Using 6 workers of 8 for evacuation
[6.124s][info][gc,phases   ] GC(148)   Pre Evacuate Collection Set: 0.1ms
[6.125s][info][gc,phases   ] GC(148)   Merge Heap Roots: 0.1ms
[6.127s][info][gc,phases   ] GC(148)   Evacuate Collection Set: 0.8ms
[6.128s][info][gc,phases   ] GC(148)   Post Evacuate Collection Set: 0.6ms
[6.128s][info][gc,phases   ] GC(148)   Other: 0.3ms
[6.129s][info][gc,heap     ] GC(148) Eden regions: 150->0(149)
[6.129s][info][gc,heap     ] GC(148) Survivor regions: 3->4(20)
[6.129s][info][gc,heap     ] GC(148) Old regions: 2->2
[6.129s][info][gc,heap     ] GC(148) Archive regions: 2->2
[6.129s][info][gc,heap     ] GC(148) Humongous regions: 0->0
[6.130s][info][gc,metaspace] GC(148) Metaspace: 613K(832K)->613K(832K) NonClass: 595K(704K)->595K(704K) Class: 17K(128K)->17K(128K)
[6.130s][info][gc          ] GC(148) Pause Young (Normal) (G1 Evacuation Pause) 155M->6M(256M) 8.073ms
[6.130s][info][gc,cpu      ] GC(148) User=0.00s Sys=0.00s Real=0.01s
[6.153s][info][gc,start    ] GC(149) Pause Young (Normal) (G1 Evacuation Pause)
[6.153s][info][gc,task     ] GC(149) Using 6 workers of 8 for evacuation
[6.155s][info][gc,phases   ] GC(149)   Pre Evacuate Collection Set: 0.1ms
[6.155s][info][gc,phases   ] GC(149)   Merge Heap Roots: 0.1ms
[6.155s][info][gc,phases   ] GC(149)   Evacuate Collection Set: 0.7ms
[6.155s][info][gc,phases   ] GC(149)   Post Evacuate Collection Set: 0.5ms
[6.155s][info][gc,phases   ] GC(149)   Other: 0.2ms
[6.155s][info][gc,heap     ] GC(149) Eden regions: 149->0(149)
[6.156s][info][gc,heap     ] GC(149) Survivor regions: 4->4(20)
[6.156s][info][gc,heap     ] GC(149) Old regions: 2->2
[6.156s][info][gc,heap     ] GC(149) Archive regions: 2->2
[6.156s][info][gc,heap     ] GC(149) Humongous regions: 0->0
[6.156s][info][gc,metaspace] GC(149) Metaspace: 613K(832K)->613K(832K) NonClass: 595K(704K)->595K(704K) Class: 17K(128K)->17K(128K)
[6.157s][info][gc          ] GC(149) Pause Young (Normal) (G1 Evacuation Pause) 155M->6M(256M) 4.024ms
[6.157s][info][gc,cpu      ] GC(149) User=0.00s Sys=0.00s Real=0.01s
[6.185s][info][gc,start    ] GC(150) Pause Young (Normal) (G1 Evacuation Pause)
[6.185s][info][gc,task     ] GC(150) Using 6 workers of 8 for evacuation
[6.187s][info][gc,phases   ] GC(150)   Pre Evacuate Collection Set: 0.1ms
[6.187s][info][gc,phases   ] GC(150)   Merge Heap Roots: 0.1ms
[6.187s][info][gc,phases   ] GC(150)   Evacuate Collection Set: 0.6ms
[6.187s][info][gc,phases   ] GC(150)   Post Evacuate Collection Set: 0.5ms
[6.187s][info][gc,phases   ] GC(150)   Other: 0.2ms
[6.188s][info][gc,heap     ] GC(150) Eden regions: 149->0(149)
[6.188s][info][gc,heap     ] GC(150) Survivor regions: 4->4(20)
[6.188s][info][gc,heap     ] GC(150) Old regions: 2->2
[6.188s][info][gc,heap     ] GC(150) Archive regions: 2->2
[6.188s][info][gc,heap     ] GC(150) Humongous regions: 0->0
[6.188s][info][gc,metaspace] GC(150) Metaspace: 613K(832K)->613K(832K) NonClass: 595K(704K)->595K(704K) Class: 17K(128K)->17K(128K)
[6.189s][info][gc          ] GC(150) Pause Young (Normal) (G1 Evacuation Pause) 155M->5M(256M) 3.782ms
[6.189s][info][gc,cpu      ] GC(150) User=0.00s Sys=0.00s Real=0.01s
[6.216s][info][gc,start    ] GC(151) Pause Young (Normal) (G1 Evacuation Pause)
[6.216s][info][gc,task     ] GC(151) Using 6 workers of 8 for evacuation
[6.217s][info][gc,phases   ] GC(151)   Pre Evacuate Collection Set: 0.1ms
[6.218s][info][gc,phases   ] GC(151)   Merge Heap Roots: 0.2ms
[6.218s][info][gc,phases   ] GC(151)   Evacuate Collection Set: 0.5ms
[6.218s][info][gc,phases   ] GC(151)   Post Evacuate Collection Set: 0.5ms
[6.218s][info][gc,phases   ] GC(151)   Other: 0.3ms
[6.219s][info][gc,heap     ] GC(151) Eden regions: 149->0(150)
[6.219s][info][gc,heap     ] GC(151) Survivor regions: 4->3(20)
[6.219s][info][gc,heap     ] GC(151) Old regions: 2->2
[6.219s][info][gc,heap     ] GC(151) Archive regions: 2->2
[6.219s][info][gc,heap     ] GC(151) Humongous regions: 0->0
[6.219s][info][gc,metaspace] GC(151) Metaspace: 613K(832K)->613K(832K) NonClass: 595K(704K)->595K(704K) Class: 17K(128K)->17K(128K)
[6.220s][info][gc          ] GC(151) Pause Young (Normal) (G1 Evacuation Pause) 154M->5M(256M) 4.122ms
[6.220s][info][gc,cpu      ] GC(151) User=0.00s Sys=0.00s Real=0.01s
[6.251s][info][gc,start    ] GC(152) Pause Young (Normal) (G1 Evacuation Pause)
[6.251s][info][gc,task     ] GC(152) Using 6 workers of 8 for evacuation
[6.253s][info][gc,phases   ] GC(152)   Pre Evacuate Collection Set: 0.2ms
[6.254s][info][gc,phases   ] GC(152)   Merge Heap Roots: 0.1ms
[6.254s][info][gc,phases   ] GC(152)   Evacuate Collection Set: 0.9ms
[6.254s][info][gc,phases   ] GC(152)   Post Evacuate Collection Set: 0.6ms
[6.255s][info][gc,phases   ] GC(152)   Other: 0.4ms
[6.255s][info][gc,heap     ] GC(152) Eden regions: 150->0(149)
[6.255s][info][gc,heap     ] GC(152) Survivor regions: 3->4(20)
[6.255s][info][gc,heap     ] GC(152) Old regions: 2->2
[6.256s][info][gc,heap     ] GC(152) Archive regions: 2->2
[6.256s][info][gc,heap     ] GC(152) Humongous regions: 0->0
[6.256s][info][gc,metaspace] GC(152) Metaspace: 613K(832K)->613K(832K) NonClass: 595K(704K)->595K(704K) Class: 17K(128K)->17K(128K)
[6.256s][info][gc          ] GC(152) Pause Young (Normal) (G1 Evacuation Pause) 155M->5M(256M) 5.350ms
[6.256s][info][gc,cpu      ] GC(152) User=0.01s Sys=0.01s Real=0.00s
[6.283s][info][gc,start    ] GC(153) Pause Young (Normal) (G1 Evacuation Pause)
[6.283s][info][gc,task     ] GC(153) Using 6 workers of 8 for evacuation
[6.285s][info][gc,phases   ] GC(153)   Pre Evacuate Collection Set: 0.3ms
[6.286s][info][gc,phases   ] GC(153)   Merge Heap Roots: 0.2ms
[6.286s][info][gc,phases   ] GC(153)   Evacuate Collection Set: 0.9ms
[6.286s][info][gc,phases   ] GC(153)   Post Evacuate Collection Set: 0.5ms
[6.286s][info][gc,phases   ] GC(153)   Other: 0.4ms
[6.287s][info][gc,heap     ] GC(153) Eden regions: 149->0(149)
[6.287s][info][gc,heap     ] GC(153) Survivor regions: 4->4(20)
[6.287s][info][gc,heap     ] GC(153) Old regions: 2->2
[6.287s][info][gc,heap     ] GC(153) Archive regions: 2->2
[6.287s][info][gc,heap     ] GC(153) Humongous regions: 0->0
[6.288s][info][gc,metaspace] GC(153) Metaspace: 613K(832K)->613K(832K) NonClass: 595K(704K)->595K(704K) Class: 17K(128K)->17K(128K)
[6.288s][info][gc          ] GC(153) Pause Young (Normal) (G1 Evacuation Pause) 154M->5M(256M) 5.224ms
[6.288s][info][gc,cpu      ] GC(153) User=0.01s Sys=0.00s Real=0.01s
[6.318s][info][gc,start    ] GC(154) Pause Young (Normal) (G1 Evacuation Pause)
[6.318s][info][gc,task     ] GC(154) Using 6 workers of 8 for evacuation
[6.320s][info][gc,phases   ] GC(154)   Pre Evacuate Collection Set: 0.1ms
[6.320s][info][gc,phases   ] GC(154)   Merge Heap Roots: 0.1ms
[6.321s][info][gc,phases   ] GC(154)   Evacuate Collection Set: 0.7ms
[6.321s][info][gc,phases   ] GC(154)   Post Evacuate Collection Set: 0.5ms
[6.321s][info][gc,phases   ] GC(154)   Other: 0.3ms
[6.321s][info][gc,heap     ] GC(154) Eden regions: 149->0(150)
[6.321s][info][gc,heap     ] GC(154) Survivor regions: 4->3(20)
[6.321s][info][gc,heap     ] GC(154) Old regions: 2->2
[6.322s][info][gc,heap     ] GC(154) Archive regions: 2->2
[6.322s][info][gc,heap     ] GC(154) Humongous regions: 0->0
[6.322s][info][gc,metaspace] GC(154) Metaspace: 613K(832K)->613K(832K) NonClass: 595K(704K)->595K(704K) Class: 17K(128K)->17K(128K)
[6.322s][info][gc          ] GC(154) Pause Young (Normal) (G1 Evacuation Pause) 154M->5M(256M) 4.171ms
[6.322s][info][gc,cpu      ] GC(154) User=0.00s Sys=0.00s Real=0.00s
[6.350s][info][gc,start    ] GC(155) Pause Young (Normal) (G1 Evacuation Pause)
[6.350s][info][gc,task     ] GC(155) Using 6 workers of 8 for evacuation
[6.352s][info][gc,phases   ] GC(155)   Pre Evacuate Collection Set: 0.1ms
[6.352s][info][gc,phases   ] GC(155)   Merge Heap Roots: 0.1ms
[6.352s][info][gc,phases   ] GC(155)   Evacuate Collection Set: 0.6ms
[6.352s][info][gc,phases   ] GC(155)   Post Evacuate Collection Set: 0.5ms
[6.353s][info][gc,phases   ] GC(155)   Other: 0.3ms
[6.353s][info][gc,heap     ] GC(155) Eden regions: 150->0(149)
[6.353s][info][gc,heap     ] GC(155) Survivor regions: 3->4(20)
[6.353s][info][gc,heap     ] GC(155) Old regions: 2->2
[6.353s][info][gc,heap     ] GC(155) Archive regions: 2->2
[6.353s][info][gc,heap     ] GC(155) Humongous regions: 0->0
[6.354s][info][gc,metaspace] GC(155) Metaspace: 613K(832K)->613K(832K) NonClass: 595K(704K)->595K(704K) Class: 17K(128K)->17K(128K)
[6.354s][info][gc          ] GC(155) Pause Young (Normal) (G1 Evacuation Pause) 155M->6M(256M) 4.001ms
[6.354s][info][gc,cpu      ] GC(155) User=0.01s Sys=0.00s Real=0.00s
[6.381s][info][gc,start    ] GC(156) Pause Young (Normal) (G1 Evacuation Pause)
[6.381s][info][gc,task     ] GC(156) Using 6 workers of 8 for evacuation
[6.382s][info][gc,phases   ] GC(156)   Pre Evacuate Collection Set: 0.2ms
[6.383s][info][gc,phases   ] GC(156)   Merge Heap Roots: 0.1ms
[6.383s][info][gc,phases   ] GC(156)   Evacuate Collection Set: 0.5ms
[6.383s][info][gc,phases   ] GC(156)   Post Evacuate Collection Set: 0.4ms
[6.383s][info][gc,phases   ] GC(156)   Other: 0.3ms
[6.384s][info][gc,heap     ] GC(156) Eden regions: 149->0(149)
[6.384s][info][gc,heap     ] GC(156) Survivor regions: 4->4(20)
[6.384s][info][gc,heap     ] GC(156) Old regions: 2->2
[6.384s][info][gc,heap     ] GC(156) Archive regions: 2->2
[6.384s][info][gc,heap     ] GC(156) Humongous regions: 0->0
[6.384s][info][gc,metaspace] GC(156) Metaspace: 613K(832K)->613K(832K) NonClass: 595K(704K)->595K(704K) Class: 17K(128K)->17K(128K)
[6.385s][info][gc          ] GC(156) Pause Young (Normal) (G1 Evacuation Pause) 155M->6M(256M) 4.101ms
[6.385s][info][gc,cpu      ] GC(156) User=0.01s Sys=0.00s Real=0.00s
[6.410s][info][gc,start    ] GC(157) Pause Young (Normal) (G1 Evacuation Pause)
[6.411s][info][gc,task     ] GC(157) Using 6 workers of 8 for evacuation
[6.413s][info][gc,phases   ] GC(157)   Pre Evacuate Collection Set: 0.2ms
[6.414s][info][gc,phases   ] GC(157)   Merge Heap Roots: 0.2ms
[6.414s][info][gc,phases   ] GC(157)   Evacuate Collection Set: 1.3ms
[6.414s][info][gc,phases   ] GC(157)   Post Evacuate Collection Set: 0.5ms
[6.415s][info][gc,phases   ] GC(157)   Other: 0.5ms
[6.415s][info][gc,heap     ] GC(157) Eden regions: 149->0(149)
[6.415s][info][gc,heap     ] GC(157) Survivor regions: 4->4(20)
[6.416s][info][gc,heap     ] GC(157) Old regions: 2->2
[6.416s][info][gc,heap     ] GC(157) Archive regions: 2->2
[6.416s][info][gc,heap     ] GC(157) Humongous regions: 0->0
[6.417s][info][gc,metaspace] GC(157) Metaspace: 613K(832K)->613K(832K) NonClass: 595K(704K)->595K(704K) Class: 17K(128K)->17K(128K)
[6.417s][info][gc          ] GC(157) Pause Young (Normal) (G1 Evacuation Pause) 155M->5M(256M) 6.862ms
[6.417s][info][gc,cpu      ] GC(157) User=0.01s Sys=0.00s Real=0.01s
[6.441s][info][gc,start    ] GC(158) Pause Young (Normal) (G1 Evacuation Pause)
[6.442s][info][gc,task     ] GC(158) Using 6 workers of 8 for evacuation
[6.446s][info][gc,phases   ] GC(158)   Pre Evacuate Collection Set: 0.6ms
[6.447s][info][gc,phases   ] GC(158)   Merge Heap Roots: 0.2ms
[6.447s][info][gc,phases   ] GC(158)   Evacuate Collection Set: 0.9ms
[6.447s][info][gc,phases   ] GC(158)   Post Evacuate Collection Set: 0.9ms
[6.447s][info][gc,phases   ] GC(158)   Other: 0.9ms
[6.448s][info][gc,heap     ] GC(158) Eden regions: 149->0(150)
[6.448s][info][gc,heap     ] GC(158) Survivor regions: 4->3(20)
[6.448s][info][gc,heap     ] GC(158) Old regions: 2->2
[6.449s][info][gc,heap     ] GC(158) Archive regions: 2->2
[6.449s][info][gc,heap     ] GC(158) Humongous regions: 0->0
[6.449s][info][gc,metaspace] GC(158) Metaspace: 613K(832K)->613K(832K) NonClass: 595K(704K)->595K(704K) Class: 17K(128K)->17K(128K)
[6.450s][info][gc          ] GC(158) Pause Young (Normal) (G1 Evacuation Pause) 154M->5M(256M) 8.318ms
[6.450s][info][gc,cpu      ] GC(158) User=0.00s Sys=0.00s Real=0.01s
[6.472s][info][gc,start    ] GC(159) Pause Young (Normal) (G1 Evacuation Pause)
[6.473s][info][gc,task     ] GC(159) Using 6 workers of 8 for evacuation
[6.477s][info][gc,phases   ] GC(159)   Pre Evacuate Collection Set: 0.2ms
[6.478s][info][gc,phases   ] GC(159)   Merge Heap Roots: 0.2ms
[6.478s][info][gc,phases   ] GC(159)   Evacuate Collection Set: 2.0ms
[6.479s][info][gc,phases   ] GC(159)   Post Evacuate Collection Set: 1.4ms
[6.479s][info][gc,phases   ] GC(159)   Other: 0.5ms
[6.480s][info][gc,heap     ] GC(159) Eden regions: 150->0(149)
[6.480s][info][gc,heap     ] GC(159) Survivor regions: 3->4(20)
[6.480s][info][gc,heap     ] GC(159) Old regions: 2->2
[6.481s][info][gc,heap     ] GC(159) Archive regions: 2->2
[6.481s][info][gc,heap     ] GC(159) Humongous regions: 0->0
[6.481s][info][gc,metaspace] GC(159) Metaspace: 613K(832K)->613K(832K) NonClass: 595K(704K)->595K(704K) Class: 17K(128K)->17K(128K)
[6.482s][info][gc          ] GC(159) Pause Young (Normal) (G1 Evacuation Pause) 155M->6M(256M) 9.086ms
[6.482s][info][gc,cpu      ] GC(159) User=0.01s Sys=0.00s Real=0.01s
[6.504s][info][gc,start    ] GC(160) Pause Young (Normal) (G1 Evacuation Pause)
[6.505s][info][gc,task     ] GC(160) Using 6 workers of 8 for evacuation
[6.507s][info][gc,phases   ] GC(160)   Pre Evacuate Collection Set: 0.1ms
[6.508s][info][gc,phases   ] GC(160)   Merge Heap Roots: 0.2ms
[6.509s][info][gc,phases   ] GC(160)   Evacuate Collection Set: 0.7ms
[6.509s][info][gc,phases   ] GC(160)   Post Evacuate Collection Set: 0.7ms
[6.510s][info][gc,phases   ] GC(160)   Other: 0.4ms
[6.510s][info][gc,heap     ] GC(160) Eden regions: 149->0(149)
[6.511s][info][gc,heap     ] GC(160) Survivor regions: 4->4(20)
[6.511s][info][gc,heap     ] GC(160) Old regions: 2->2
[6.511s][info][gc,heap     ] GC(160) Archive regions: 2->2
[6.512s][info][gc,heap     ] GC(160) Humongous regions: 0->0
[6.512s][info][gc,metaspace] GC(160) Metaspace: 613K(832K)->613K(832K) NonClass: 595K(704K)->595K(704K) Class: 17K(128K)->17K(128K)
[6.512s][info][gc          ] GC(160) Pause Young (Normal) (G1 Evacuation Pause) 155M->5M(256M) 8.029ms
[6.513s][info][gc,cpu      ] GC(160) User=0.00s Sys=0.00s Real=0.01s
[6.535s][info][gc,start    ] GC(161) Pause Young (Normal) (G1 Evacuation Pause)
[6.536s][info][gc,task     ] GC(161) Using 6 workers of 8 for evacuation
[6.538s][info][gc,phases   ] GC(161)   Pre Evacuate Collection Set: 0.2ms
[6.538s][info][gc,phases   ] GC(161)   Merge Heap Roots: 0.2ms
[6.539s][info][gc,phases   ] GC(161)   Evacuate Collection Set: 0.8ms
[6.539s][info][gc,phases   ] GC(161)   Post Evacuate Collection Set: 0.6ms
[6.540s][info][gc,phases   ] GC(161)   Other: 0.5ms
[6.540s][info][gc,heap     ] GC(161) Eden regions: 149->0(150)
[6.540s][info][gc,heap     ] GC(161) Survivor regions: 4->3(20)
[6.541s][info][gc,heap     ] GC(161) Old regions: 2->2
[6.541s][info][gc,heap     ] GC(161) Archive regions: 2->2
[6.542s][info][gc,heap     ] GC(161) Humongous regions: 0->0
[6.543s][info][gc,metaspace] GC(161) Metaspace: 613K(832K)->613K(832K) NonClass: 595K(704K)->595K(704K) Class: 17K(128K)->17K(128K)
[6.543s][info][gc          ] GC(161) Pause Young (Normal) (G1 Evacuation Pause) 154M->5M(256M) 8.073ms
[6.544s][info][gc,cpu      ] GC(161) User=0.00s Sys=0.01s Real=0.01s
[6.569s][info][gc,start    ] GC(162) Pause Young (Normal) (G1 Evacuation Pause)
[6.570s][info][gc,task     ] GC(162) Using 6 workers of 8 for evacuation
[6.571s][info][gc,phases   ] GC(162)   Pre Evacuate Collection Set: 0.1ms
[6.572s][info][gc,phases   ] GC(162)   Merge Heap Roots: 0.1ms
[6.572s][info][gc,phases   ] GC(162)   Evacuate Collection Set: 0.6ms
[6.572s][info][gc,phases   ] GC(162)   Post Evacuate Collection Set: 0.5ms
[6.573s][info][gc,phases   ] GC(162)   Other: 0.4ms
[6.573s][info][gc,heap     ] GC(162) Eden regions: 150->0(149)
[6.573s][info][gc,heap     ] GC(162) Survivor regions: 3->4(20)
[6.573s][info][gc,heap     ] GC(162) Old regions: 2->2
[6.574s][info][gc,heap     ] GC(162) Archive regions: 2->2
[6.574s][info][gc,heap     ] GC(162) Humongous regions: 0->0
[6.574s][info][gc,metaspace] GC(162) Metaspace: 613K(832K)->613K(832K) NonClass: 595K(704K)->595K(704K) Class: 17K(128K)->17K(128K)
[6.575s][info][gc          ] GC(162) Pause Young (Normal) (G1 Evacuation Pause) 155M->6M(256M) 5.827ms
[6.576s][info][gc,cpu      ] GC(162) User=0.01s Sys=0.00s Real=0.00s
[6.601s][info][gc,start    ] GC(163) Pause Young (Normal) (G1 Evacuation Pause)
[6.601s][info][gc,task     ] GC(163) Using 6 workers of 8 for evacuation
[6.603s][info][gc,phases   ] GC(163)   Pre Evacuate Collection Set: 0.1ms
[6.604s][info][gc,phases   ] GC(163)   Merge Heap Roots: 0.1ms
[6.604s][info][gc,phases   ] GC(163)   Evacuate Collection Set: 0.5ms
[6.604s][info][gc,phases   ] GC(163)   Post Evacuate Collection Set: 0.7ms
[6.605s][info][gc,phases   ] GC(163)   Other: 0.4ms
[6.605s][info][gc,heap     ] GC(163) Eden regions: 149->0(149)
[6.605s][info][gc,heap     ] GC(163) Survivor regions: 4->4(20)
[6.606s][info][gc,heap     ] GC(163) Old regions: 2->2
[6.606s][info][gc,heap     ] GC(163) Archive regions: 2->2
[6.606s][info][gc,heap     ] GC(163) Humongous regions: 0->0
[6.606s][info][gc,metaspace] GC(163) Metaspace: 613K(832K)->613K(832K) NonClass: 595K(704K)->595K(704K) Class: 17K(128K)->17K(128K)
[6.607s][info][gc          ] GC(163) Pause Young (Normal) (G1 Evacuation Pause) 155M->6M(256M) 5.673ms
[6.607s][info][gc,cpu      ] GC(163) User=0.00s Sys=0.00s Real=0.01s
[6.633s][info][gc,start    ] GC(164) Pause Young (Normal) (G1 Evacuation Pause)
[6.633s][info][gc,task     ] GC(164) Using 6 workers of 8 for evacuation
[6.635s][info][gc,phases   ] GC(164)   Pre Evacuate Collection Set: 0.1ms
[6.635s][info][gc,phases   ] GC(164)   Merge Heap Roots: 0.1ms
[6.636s][info][gc,phases   ] GC(164)   Evacuate Collection Set: 0.8ms
[6.636s][info][gc,phases   ] GC(164)   Post Evacuate Collection Set: 0.6ms
[6.636s][info][gc,phases   ] GC(164)   Other: 0.4ms
[6.636s][info][gc,heap     ] GC(164) Eden regions: 149->0(149)
[6.637s][info][gc,heap     ] GC(164) Survivor regions: 4->4(20)
[6.637s][info][gc,heap     ] GC(164) Old regions: 2->2
[6.637s][info][gc,heap     ] GC(164) Archive regions: 2->2
[6.638s][info][gc,heap     ] GC(164) Humongous regions: 0->0
[6.638s][info][gc,metaspace] GC(164) Metaspace: 613K(832K)->613K(832K) NonClass: 595K(704K)->595K(704K) Class: 17K(128K)->17K(128K)
[6.638s][info][gc          ] GC(164) Pause Young (Normal) (G1 Evacuation Pause) 155M->5M(256M) 5.294ms
[6.638s][info][gc,cpu      ] GC(164) User=0.00s Sys=0.00s Real=0.01s
[6.668s][info][gc,start    ] GC(165) Pause Young (Normal) (G1 Evacuation Pause)
[6.668s][info][gc,task     ] GC(165) Using 6 workers of 8 for evacuation
[6.670s][info][gc,phases   ] GC(165)   Pre Evacuate Collection Set: 0.2ms
[6.670s][info][gc,phases   ] GC(165)   Merge Heap Roots: 0.1ms
[6.671s][info][gc,phases   ] GC(165)   Evacuate Collection Set: 0.6ms
[6.671s][info][gc,phases   ] GC(165)   Post Evacuate Collection Set: 0.6ms
[6.671s][info][gc,phases   ] GC(165)   Other: 0.4ms
[6.672s][info][gc,heap     ] GC(165) Eden regions: 149->0(150)
[6.672s][info][gc,heap     ] GC(165) Survivor regions: 4->3(20)
[6.672s][info][gc,heap     ] GC(165) Old regions: 2->2
[6.673s][info][gc,heap     ] GC(165) Archive regions: 2->2
[6.673s][info][gc,heap     ] GC(165) Humongous regions: 0->0
[6.673s][info][gc,metaspace] GC(165) Metaspace: 613K(832K)->613K(832K) NonClass: 595K(704K)->595K(704K) Class: 17K(128K)->17K(128K)
[6.674s][info][gc          ] GC(165) Pause Young (Normal) (G1 Evacuation Pause) 154M->5M(256M) 5.625ms
[6.674s][info][gc,cpu      ] GC(165) User=0.01s Sys=0.00s Real=0.00s
[6.700s][info][gc,start    ] GC(166) Pause Young (Normal) (G1 Evacuation Pause)
[6.701s][info][gc,task     ] GC(166) Using 6 workers of 8 for evacuation
[6.703s][info][gc,phases   ] GC(166)   Pre Evacuate Collection Set: 0.2ms
[6.703s][info][gc,phases   ] GC(166)   Merge Heap Roots: 0.2ms
[6.704s][info][gc,phases   ] GC(166)   Evacuate Collection Set: 0.7ms
[6.704s][info][gc,phases   ] GC(166)   Post Evacuate Collection Set: 0.7ms
[6.704s][info][gc,phases   ] GC(166)   Other: 0.4ms
[6.705s][info][gc,heap     ] GC(166) Eden regions: 150->0(149)
[6.705s][info][gc,heap     ] GC(166) Survivor regions: 3->4(20)
[6.705s][info][gc,heap     ] GC(166) Old regions: 2->2
[6.706s][info][gc,heap     ] GC(166) Archive regions: 2->2
[6.706s][info][gc,heap     ] GC(166) Humongous regions: 0->0
[6.706s][info][gc,metaspace] GC(166) Metaspace: 613K(832K)->613K(832K) NonClass: 595K(704K)->595K(704K) Class: 17K(128K)->17K(128K)
[6.707s][info][gc          ] GC(166) Pause Young (Normal) (G1 Evacuation Pause) 155M->6M(256M) 6.226ms
[6.707s][info][gc,cpu      ] GC(166) User=0.01s Sys=0.00s Real=0.01s
[6.735s][info][gc,start    ] GC(167) Pause Young (Normal) (G1 Evacuation Pause)
[6.735s][info][gc,task     ] GC(167) Using 6 workers of 8 for evacuation
[6.737s][info][gc,phases   ] GC(167)   Pre Evacuate Collection Set: 0.1ms
[6.737s][info][gc,phases   ] GC(167)   Merge Heap Roots: 0.1ms
[6.737s][info][gc,phases   ] GC(167)   Evacuate Collection Set: 0.6ms
[6.738s][info][gc,phases   ] GC(167)   Post Evacuate Collection Set: 0.6ms
[6.738s][info][gc,phases   ] GC(167)   Other: 0.4ms
[6.738s][info][gc,heap     ] GC(167) Eden regions: 149->0(149)
[6.739s][info][gc,heap     ] GC(167) Survivor regions: 4->4(20)
[6.739s][info][gc,heap     ] GC(167) Old regions: 2->2
[6.739s][info][gc,heap     ] GC(167) Archive regions: 2->2
[6.740s][info][gc,heap     ] GC(167) Humongous regions: 0->0
[6.740s][info][gc,metaspace] GC(167) Metaspace: 613K(832K)->613K(832K) NonClass: 595K(704K)->595K(704K) Class: 17K(128K)->17K(128K)
[6.740s][info][gc          ] GC(167) Pause Young (Normal) (G1 Evacuation Pause) 155M->5M(256M) 5.477ms
[6.740s][info][gc,cpu      ] GC(167) User=0.00s Sys=0.01s Real=0.01s
[6.767s][info][gc,start    ] GC(168) Pause Young (Normal) (G1 Evacuation Pause)
[6.767s][info][gc,task     ] GC(168) Using 6 workers of 8 for evacuation
[6.769s][info][gc,phases   ] GC(168)   Pre Evacuate Collection Set: 0.2ms
[6.770s][info][gc,phases   ] GC(168)   Merge Heap Roots: 0.1ms
[6.770s][info][gc,phases   ] GC(168)   Evacuate Collection Set: 0.7ms
[6.770s][info][gc,phases   ] GC(168)   Post Evacuate Collection Set: 0.6ms
[6.771s][info][gc,phases   ] GC(168)   Other: 0.4ms
[6.771s][info][gc,heap     ] GC(168) Eden regions: 149->0(150)
[6.771s][info][gc,heap     ] GC(168) Survivor regions: 4->3(20)
[6.772s][info][gc,heap     ] GC(168) Old regions: 2->2
[6.772s][info][gc,heap     ] GC(168) Archive regions: 2->2
[6.772s][info][gc,heap     ] GC(168) Humongous regions: 0->0
[6.772s][info][gc,metaspace] GC(168) Metaspace: 613K(832K)->613K(832K) NonClass: 595K(704K)->595K(704K) Class: 17K(128K)->17K(128K)
[6.773s][info][gc          ] GC(168) Pause Young (Normal) (G1 Evacuation Pause) 154M->5M(256M) 5.997ms
[6.773s][info][gc,cpu      ] GC(168) User=0.00s Sys=0.00s Real=0.00s
[6.801s][info][gc,start    ] GC(169) Pause Young (Normal) (G1 Evacuation Pause)
[6.801s][info][gc,task     ] GC(169) Using 6 workers of 8 for evacuation
[6.804s][info][gc,phases   ] GC(169)   Pre Evacuate Collection Set: 0.2ms
[6.804s][info][gc,phases   ] GC(169)   Merge Heap Roots: 0.1ms
[6.804s][info][gc,phases   ] GC(169)   Evacuate Collection Set: 0.8ms
[6.805s][info][gc,phases   ] GC(169)   Post Evacuate Collection Set: 0.7ms
[6.805s][info][gc,phases   ] GC(169)   Other: 0.4ms
[6.805s][info][gc,heap     ] GC(169) Eden regions: 150->0(149)
[6.806s][info][gc,heap     ] GC(169) Survivor regions: 3->4(20)
[6.806s][info][gc,heap     ] GC(169) Old regions: 2->2
[6.806s][info][gc,heap     ] GC(169) Archive regions: 2->2
[6.807s][info][gc,heap     ] GC(169) Humongous regions: 0->0
[6.807s][info][gc,metaspace] GC(169) Metaspace: 613K(832K)->613K(832K) NonClass: 595K(704K)->595K(704K) Class: 17K(128K)->17K(128K)
[6.807s][info][gc          ] GC(169) Pause Young (Normal) (G1 Evacuation Pause) 155M->5M(256M) 6.454ms
[6.808s][info][gc,cpu      ] GC(169) User=0.00s Sys=0.00s Real=0.01s
[6.833s][info][gc,start    ] GC(170) Pause Young (Normal) (G1 Evacuation Pause)
[6.833s][info][gc,task     ] GC(170) Using 6 workers of 8 for evacuation
[6.835s][info][gc,phases   ] GC(170)   Pre Evacuate Collection Set: 0.1ms
[6.836s][info][gc,phases   ] GC(170)   Merge Heap Roots: 0.1ms
[6.836s][info][gc,phases   ] GC(170)   Evacuate Collection Set: 0.9ms
[6.836s][info][gc,phases   ] GC(170)   Post Evacuate Collection Set: 0.6ms
[6.837s][info][gc,phases   ] GC(170)   Other: 0.4ms
[6.837s][info][gc,heap     ] GC(170) Eden regions: 149->0(149)
[6.837s][info][gc,heap     ] GC(170) Survivor regions: 4->4(20)
[6.837s][info][gc,heap     ] GC(170) Old regions: 2->2
[6.838s][info][gc,heap     ] GC(170) Archive regions: 2->2
[6.838s][info][gc,heap     ] GC(170) Humongous regions: 0->0
[6.838s][info][gc,metaspace] GC(170) Metaspace: 613K(832K)->613K(832K) NonClass: 595K(704K)->595K(704K) Class: 17K(128K)->17K(128K)
[6.838s][info][gc          ] GC(170) Pause Young (Normal) (G1 Evacuation Pause) 154M->5M(256M) 5.315ms
[6.839s][info][gc,cpu      ] GC(170) User=0.00s Sys=0.00s Real=0.01s
[6.868s][info][gc,start    ] GC(171) Pause Young (Normal) (G1 Evacuation Pause)
[6.869s][info][gc,task     ] GC(171) Using 6 workers of 8 for evacuation
[6.871s][info][gc,phases   ] GC(171)   Pre Evacuate Collection Set: 0.2ms
[6.872s][info][gc,phases   ] GC(171)   Merge Heap Roots: 0.2ms
[6.872s][info][gc,phases   ] GC(171)   Evacuate Collection Set: 0.9ms
[6.872s][info][gc,phases   ] GC(171)   Post Evacuate Collection Set: 0.7ms
[6.873s][info][gc,phases   ] GC(171)   Other: 0.3ms
[6.873s][info][gc,heap     ] GC(171) Eden regions: 149->0(149)
[6.875s][info][gc,heap     ] GC(171) Survivor regions: 4->4(20)
[6.876s][info][gc,heap     ] GC(171) Old regions: 2->2
[6.877s][info][gc,heap     ] GC(171) Archive regions: 2->2
[6.878s][info][gc,heap     ] GC(171) Humongous regions: 0->0
[6.878s][info][gc,metaspace] GC(171) Metaspace: 613K(832K)->613K(832K) NonClass: 595K(704K)->595K(704K) Class: 17K(128K)->17K(128K)
[6.879s][info][gc          ] GC(171) Pause Young (Normal) (G1 Evacuation Pause) 154M->5M(256M) 10.500ms
[6.879s][info][gc,cpu      ] GC(171) User=0.01s Sys=0.00s Real=0.01s
[6.918s][info][gc,start    ] GC(172) Pause Young (Normal) (G1 Evacuation Pause)
[6.918s][info][gc,task     ] GC(172) Using 6 workers of 8 for evacuation
[6.920s][info][gc,phases   ] GC(172)   Pre Evacuate Collection Set: 0.2ms
[6.920s][info][gc,phases   ] GC(172)   Merge Heap Roots: 0.2ms
[6.920s][info][gc,phases   ] GC(172)   Evacuate Collection Set: 0.5ms
[6.920s][info][gc,phases   ] GC(172)   Post Evacuate Collection Set: 0.5ms
[6.921s][info][gc,phases   ] GC(172)   Other: 0.3ms
[6.921s][info][gc,heap     ] GC(172) Eden regions: 149->0(150)
[6.921s][info][gc,heap     ] GC(172) Survivor regions: 4->3(20)
[6.921s][info][gc,heap     ] GC(172) Old regions: 2->2
[6.921s][info][gc,heap     ] GC(172) Archive regions: 2->2
[6.922s][info][gc,heap     ] GC(172) Humongous regions: 0->0
[6.922s][info][gc,metaspace] GC(172) Metaspace: 613K(832K)->613K(832K) NonClass: 595K(704K)->595K(704K) Class: 17K(128K)->17K(128K)
[6.922s][info][gc          ] GC(172) Pause Young (Normal) (G1 Evacuation Pause) 154M->5M(256M) 4.379ms
[6.922s][info][gc,cpu      ] GC(172) User=0.01s Sys=0.00s Real=0.00s
[6.956s][info][gc,start    ] GC(173) Pause Young (Normal) (G1 Evacuation Pause)
[6.956s][info][gc,task     ] GC(173) Using 6 workers of 8 for evacuation
[6.960s][info][gc,phases   ] GC(173)   Pre Evacuate Collection Set: 0.2ms
[6.961s][info][gc,phases   ] GC(173)   Merge Heap Roots: 0.2ms
[6.961s][info][gc,phases   ] GC(173)   Evacuate Collection Set: 1.9ms
[6.962s][info][gc,phases   ] GC(173)   Post Evacuate Collection Set: 1.0ms
[6.962s][info][gc,phases   ] GC(173)   Other: 0.3ms
[6.962s][info][gc,heap     ] GC(173) Eden regions: 150->0(149)
[6.962s][info][gc,heap     ] GC(173) Survivor regions: 3->4(20)
[6.963s][info][gc,heap     ] GC(173) Old regions: 2->2
[6.963s][info][gc,heap     ] GC(173) Archive regions: 2->2
[6.963s][info][gc,heap     ] GC(173) Humongous regions: 0->0
[6.964s][info][gc,metaspace] GC(173) Metaspace: 613K(832K)->613K(832K) NonClass: 595K(704K)->595K(704K) Class: 17K(128K)->17K(128K)
[6.964s][info][gc          ] GC(173) Pause Young (Normal) (G1 Evacuation Pause) 155M->6M(256M) 7.990ms
[6.964s][info][gc,cpu      ] GC(173) User=0.00s Sys=0.01s Real=0.01s
[6.989s][info][gc,start    ] GC(174) Pause Young (Normal) (G1 Evacuation Pause)
[6.989s][info][gc,task     ] GC(174) Using 6 workers of 8 for evacuation
[6.993s][info][gc,phases   ] GC(174)   Pre Evacuate Collection Set: 0.2ms
[6.993s][info][gc,phases   ] GC(174)   Merge Heap Roots: 0.2ms
[6.994s][info][gc,phases   ] GC(174)   Evacuate Collection Set: 1.6ms
[6.994s][info][gc,phases   ] GC(174)   Post Evacuate Collection Set: 1.0ms
[6.995s][info][gc,phases   ] GC(174)   Other: 0.4ms
[6.995s][info][gc,heap     ] GC(174) Eden regions: 149->0(149)
[6.995s][info][gc,heap     ] GC(174) Survivor regions: 4->4(20)
[6.995s][info][gc,heap     ] GC(174) Old regions: 2->2
[6.995s][info][gc,heap     ] GC(174) Archive regions: 2->2
[6.995s][info][gc,heap     ] GC(174) Humongous regions: 0->0
[6.996s][info][gc,metaspace] GC(174) Metaspace: 613K(832K)->613K(832K) NonClass: 595K(704K)->595K(704K) Class: 17K(128K)->17K(128K)
[6.996s][info][gc          ] GC(174) Pause Young (Normal) (G1 Evacuation Pause) 155M->5M(256M) 6.695ms
[6.996s][info][gc,cpu      ] GC(174) User=0.01s Sys=0.00s Real=0.00s
[7.021s][info][gc,start    ] GC(175) Pause Young (Normal) (G1 Evacuation Pause)
[7.021s][info][gc,task     ] GC(175) Using 6 workers of 8 for evacuation
[7.023s][info][gc,phases   ] GC(175)   Pre Evacuate Collection Set: 0.2ms
[7.023s][info][gc,phases   ] GC(175)   Merge Heap Roots: 0.1ms
[7.024s][info][gc,phases   ] GC(175)   Evacuate Collection Set: 0.7ms
[7.024s][info][gc,phases   ] GC(175)   Post Evacuate Collection Set: 0.6ms
[7.025s][info][gc,phases   ] GC(175)   Other: 0.3ms
[7.025s][info][gc,heap     ] GC(175) Eden regions: 149->0(150)
[7.026s][info][gc,heap     ] GC(175) Survivor regions: 4->3(20)
[7.026s][info][gc,heap     ] GC(175) Old regions: 2->2
[7.026s][info][gc,heap     ] GC(175) Archive regions: 2->2
[7.027s][info][gc,heap     ] GC(175) Humongous regions: 0->0
[7.027s][info][gc,metaspace] GC(175) Metaspace: 613K(832K)->613K(832K) NonClass: 595K(704K)->595K(704K) Class: 17K(128K)->17K(128K)
[7.027s][info][gc          ] GC(175) Pause Young (Normal) (G1 Evacuation Pause) 154M->5M(256M) 6.508ms
[7.028s][info][gc,cpu      ] GC(175) User=0.00s Sys=0.00s Real=0.01s
[7.056s][info][gc,start    ] GC(176) Pause Young (Normal) (G1 Evacuation Pause)
[7.056s][info][gc,task     ] GC(176) Using 6 workers of 8 for evacuation
[7.058s][info][gc,phases   ] GC(176)   Pre Evacuate Collection Set: 0.1ms
[7.059s][info][gc,phases   ] GC(176)   Merge Heap Roots: 0.2ms
[7.059s][info][gc,phases   ] GC(176)   Evacuate Collection Set: 0.8ms
[7.060s][info][gc,phases   ] GC(176)   Post Evacuate Collection Set: 1.1ms
[7.060s][info][gc,phases   ] GC(176)   Other: 0.3ms
[7.061s][info][gc,heap     ] GC(176) Eden regions: 150->0(149)
[7.061s][info][gc,heap     ] GC(176) Survivor regions: 3->4(20)
[7.061s][info][gc,heap     ] GC(176) Old regions: 2->2
[7.062s][info][gc,heap     ] GC(176) Archive regions: 2->2
[7.062s][info][gc,heap     ] GC(176) Humongous regions: 0->0
[7.062s][info][gc,metaspace] GC(176) Metaspace: 613K(832K)->613K(832K) NonClass: 595K(704K)->595K(704K) Class: 17K(128K)->17K(128K)
[7.062s][info][gc          ] GC(176) Pause Young (Normal) (G1 Evacuation Pause) 155M->6M(256M) 6.544ms
[7.062s][info][gc,cpu      ] GC(176) User=0.00s Sys=0.01s Real=0.01s
[7.087s][info][gc,start    ] GC(177) Pause Young (Normal) (G1 Evacuation Pause)
[7.087s][info][gc,task     ] GC(177) Using 6 workers of 8 for evacuation
[7.089s][info][gc,phases   ] GC(177)   Pre Evacuate Collection Set: 0.1ms
[7.089s][info][gc,phases   ] GC(177)   Merge Heap Roots: 0.2ms
[7.090s][info][gc,phases   ] GC(177)   Evacuate Collection Set: 0.8ms
[7.090s][info][gc,phases   ] GC(177)   Post Evacuate Collection Set: 0.5ms
[7.091s][info][gc,phases   ] GC(177)   Other: 0.2ms
[7.091s][info][gc,heap     ] GC(177) Eden regions: 149->0(149)
[7.092s][info][gc,heap     ] GC(177) Survivor regions: 4->4(20)
[7.092s][info][gc,heap     ] GC(177) Old regions: 2->2
[7.093s][info][gc,heap     ] GC(177) Archive regions: 2->2
[7.093s][info][gc,heap     ] GC(177) Humongous regions: 0->0
[7.093s][info][gc,metaspace] GC(177) Metaspace: 613K(832K)->613K(832K) NonClass: 595K(704K)->595K(704K) Class: 17K(128K)->17K(128K)
[7.094s][info][gc          ] GC(177) Pause Young (Normal) (G1 Evacuation Pause) 155M->5M(256M) 6.521ms
[7.094s][info][gc,cpu      ] GC(177) User=0.00s Sys=0.00s Real=0.00s
[7.121s][info][gc,start    ] GC(178) Pause Young (Normal) (G1 Evacuation Pause)
[7.122s][info][gc,task     ] GC(178) Using 6 workers of 8 for evacuation
[7.124s][info][gc,phases   ] GC(178)   Pre Evacuate Collection Set: 0.2ms
[7.124s][info][gc,phases   ] GC(178)   Merge Heap Roots: 0.1ms
[7.125s][info][gc,phases   ] GC(178)   Evacuate Collection Set: 0.8ms
[7.125s][info][gc,phases   ] GC(178)   Post Evacuate Collection Set: 0.6ms
[7.126s][info][gc,phases   ] GC(178)   Other: 0.3ms
[7.126s][info][gc,heap     ] GC(178) Eden regions: 149->0(149)
[7.126s][info][gc,heap     ] GC(178) Survivor regions: 4->4(20)
[7.127s][info][gc,heap     ] GC(178) Old regions: 2->2
[7.127s][info][gc,heap     ] GC(178) Archive regions: 2->2
[7.127s][info][gc,heap     ] GC(178) Humongous regions: 0->0
[7.128s][info][gc,metaspace] GC(178) Metaspace: 613K(832K)->613K(832K) NonClass: 595K(704K)->595K(704K) Class: 17K(128K)->17K(128K)
[7.128s][info][gc          ] GC(178) Pause Young (Normal) (G1 Evacuation Pause) 154M->5M(256M) 6.594ms
[7.128s][info][gc,cpu      ] GC(178) User=0.01s Sys=0.00s Real=0.01s
[7.156s][info][gc,start    ] GC(179) Pause Young (Normal) (G1 Evacuation Pause)
[7.157s][info][gc,task     ] GC(179) Using 6 workers of 8 for evacuation
[7.160s][info][gc,phases   ] GC(179)   Pre Evacuate Collection Set: 0.2ms
[7.161s][info][gc,phases   ] GC(179)   Merge Heap Roots: 0.2ms
[7.161s][info][gc,phases   ] GC(179)   Evacuate Collection Set: 2.0ms
[7.161s][info][gc,phases   ] GC(179)   Post Evacuate Collection Set: 1.0ms
[7.162s][info][gc,phases   ] GC(179)   Other: 0.4ms
[7.162s][info][gc,heap     ] GC(179) Eden regions: 149->0(150)
[7.162s][info][gc,heap     ] GC(179) Survivor regions: 4->3(20)
[7.162s][info][gc,heap     ] GC(179) Old regions: 2->2
[7.162s][info][gc,heap     ] GC(179) Archive regions: 2->2
[7.163s][info][gc,heap     ] GC(179) Humongous regions: 0->0
[7.163s][info][gc,metaspace] GC(179) Metaspace: 613K(832K)->613K(832K) NonClass: 595K(704K)->595K(704K) Class: 17K(128K)->17K(128K)
[7.163s][info][gc          ] GC(179) Pause Young (Normal) (G1 Evacuation Pause) 154M->5M(256M) 7.001ms
[7.163s][info][gc,cpu      ] GC(179) User=0.01s Sys=0.00s Real=0.01s
[7.189s][info][gc,start    ] GC(180) Pause Young (Normal) (G1 Evacuation Pause)
[7.189s][info][gc,task     ] GC(180) Using 6 workers of 8 for evacuation
[7.193s][info][gc,phases   ] GC(180)   Pre Evacuate Collection Set: 0.2ms
[7.194s][info][gc,phases   ] GC(180)   Merge Heap Roots: 0.2ms
[7.194s][info][gc,phases   ] GC(180)   Evacuate Collection Set: 1.5ms
[7.195s][info][gc,phases   ] GC(180)   Post Evacuate Collection Set: 1.0ms
[7.195s][info][gc,phases   ] GC(180)   Other: 0.4ms
[7.195s][info][gc,heap     ] GC(180) Eden regions: 150->0(149)
[7.195s][info][gc,heap     ] GC(180) Survivor regions: 3->4(20)
[7.196s][info][gc,heap     ] GC(180) Old regions: 2->2
[7.196s][info][gc,heap     ] GC(180) Archive regions: 2->2
[7.196s][info][gc,heap     ] GC(180) Humongous regions: 0->0
[7.196s][info][gc,metaspace] GC(180) Metaspace: 613K(832K)->613K(832K) NonClass: 595K(704K)->595K(704K) Class: 17K(128K)->17K(128K)
[7.197s][info][gc          ] GC(180) Pause Young (Normal) (G1 Evacuation Pause) 155M->6M(256M) 7.596ms
[7.197s][info][gc,cpu      ] GC(180) User=0.01s Sys=0.00s Real=0.01s
[7.222s][info][gc,start    ] GC(181) Pause Young (Normal) (G1 Evacuation Pause)
[7.222s][info][gc,task     ] GC(181) Using 6 workers of 8 for evacuation
[7.225s][info][gc,phases   ] GC(181)   Pre Evacuate Collection Set: 0.2ms
[7.226s][info][gc,phases   ] GC(181)   Merge Heap Roots: 0.2ms
[7.227s][info][gc,phases   ] GC(181)   Evacuate Collection Set: 0.7ms
[7.227s][info][gc,phases   ] GC(181)   Post Evacuate Collection Set: 1.1ms
[7.228s][info][gc,phases   ] GC(181)   Other: 0.3ms
[7.228s][info][gc,heap     ] GC(181) Eden regions: 149->0(149)
[7.228s][info][gc,heap     ] GC(181) Survivor regions: 4->4(20)
[7.229s][info][gc,heap     ] GC(181) Old regions: 2->2
[7.229s][info][gc,heap     ] GC(181) Archive regions: 2->2
[7.229s][info][gc,heap     ] GC(181) Humongous regions: 0->0
[7.229s][info][gc,metaspace] GC(181) Metaspace: 613K(832K)->613K(832K) NonClass: 595K(704K)->595K(704K) Class: 17K(128K)->17K(128K)
[7.230s][info][gc          ] GC(181) Pause Young (Normal) (G1 Evacuation Pause) 155M->5M(256M) 7.515ms
[7.230s][info][gc,cpu      ] GC(181) User=0.01s Sys=0.00s Real=0.01s
[7.262s][info][gc,start    ] GC(182) Pause Young (Normal) (G1 Evacuation Pause)
[7.263s][info][gc,task     ] GC(182) Using 6 workers of 8 for evacuation
[7.265s][info][gc,phases   ] GC(182)   Pre Evacuate Collection Set: 0.2ms
[7.265s][info][gc,phases   ] GC(182)   Merge Heap Roots: 0.1ms
[7.265s][info][gc,phases   ] GC(182)   Evacuate Collection Set: 0.6ms
[7.266s][info][gc,phases   ] GC(182)   Post Evacuate Collection Set: 0.5ms
[7.266s][info][gc,phases   ] GC(182)   Other: 0.5ms
[7.266s][info][gc,heap     ] GC(182) Eden regions: 149->0(150)
[7.266s][info][gc,heap     ] GC(182) Survivor regions: 4->3(20)
[7.266s][info][gc,heap     ] GC(182) Old regions: 2->2
[7.267s][info][gc,heap     ] GC(182) Archive regions: 2->2
[7.267s][info][gc,heap     ] GC(182) Humongous regions: 0->0
[7.267s][info][gc,metaspace] GC(182) Metaspace: 613K(832K)->613K(832K) NonClass: 595K(704K)->595K(704K) Class: 17K(128K)->17K(128K)
[7.267s][info][gc          ] GC(182) Pause Young (Normal) (G1 Evacuation Pause) 154M->5M(256M) 4.976ms
[7.267s][info][gc,cpu      ] GC(182) User=0.00s Sys=0.00s Real=0.01s
[7.293s][info][gc,start    ] GC(183) Pause Young (Normal) (G1 Evacuation Pause)
[7.293s][info][gc,task     ] GC(183) Using 6 workers of 8 for evacuation
[7.296s][info][gc,phases   ] GC(183)   Pre Evacuate Collection Set: 0.2ms
[7.296s][info][gc,phases   ] GC(183)   Merge Heap Roots: 0.2ms
[7.296s][info][gc,phases   ] GC(183)   Evacuate Collection Set: 1.0ms
[7.296s][info][gc,phases   ] GC(183)   Post Evacuate Collection Set: 0.6ms
[7.297s][info][gc,phases   ] GC(183)   Other: 0.5ms
[7.297s][info][gc,heap     ] GC(183) Eden regions: 150->0(149)
[7.297s][info][gc,heap     ] GC(183) Survivor regions: 3->4(20)
[7.297s][info][gc,heap     ] GC(183) Old regions: 2->2
[7.298s][info][gc,heap     ] GC(183) Archive regions: 2->2
[7.298s][info][gc,heap     ] GC(183) Humongous regions: 0->0
[7.298s][info][gc,metaspace] GC(183) Metaspace: 613K(832K)->613K(832K) NonClass: 595K(704K)->595K(704K) Class: 17K(128K)->17K(128K)
[7.298s][info][gc          ] GC(183) Pause Young (Normal) (G1 Evacuation Pause) 155M->6M(256M) 5.687ms
[7.298s][info][gc,cpu      ] GC(183) User=0.00s Sys=0.00s Real=0.01s
[7.322s][info][gc,start    ] GC(184) Pause Young (Normal) (G1 Evacuation Pause)
[7.323s][info][gc,task     ] GC(184) Using 6 workers of 8 for evacuation
[7.326s][info][gc,phases   ] GC(184)   Pre Evacuate Collection Set: 0.3ms
[7.327s][info][gc,phases   ] GC(184)   Merge Heap Roots: 0.1ms
[7.327s][info][gc,phases   ] GC(184)   Evacuate Collection Set: 1.6ms
[7.328s][info][gc,phases   ] GC(184)   Post Evacuate Collection Set: 0.9ms
[7.328s][info][gc,phases   ] GC(184)   Other: 0.3ms
[7.328s][info][gc,heap     ] GC(184) Eden regions: 149->0(149)
[7.328s][info][gc,heap     ] GC(184) Survivor regions: 4->4(20)
[7.329s][info][gc,heap     ] GC(184) Old regions: 2->2
[7.329s][info][gc,heap     ] GC(184) Archive regions: 2->2
[7.329s][info][gc,heap     ] GC(184) Humongous regions: 0->0
[7.329s][info][gc,metaspace] GC(184) Metaspace: 613K(832K)->613K(832K) NonClass: 595K(704K)->595K(704K) Class: 17K(128K)->17K(128K)
[7.329s][info][gc          ] GC(184) Pause Young (Normal) (G1 Evacuation Pause) 155M->6M(256M) 7.044ms
[7.330s][info][gc,cpu      ] GC(184) User=0.01s Sys=0.00s Real=0.01s
[7.351s][info][gc,start    ] GC(185) Pause Young (Normal) (G1 Evacuation Pause)
[7.352s][info][gc,task     ] GC(185) Using 6 workers of 8 for evacuation
[7.353s][info][gc,phases   ] GC(185)   Pre Evacuate Collection Set: 0.2ms
[7.353s][info][gc,phases   ] GC(185)   Merge Heap Roots: 0.1ms
[7.353s][info][gc,phases   ] GC(185)   Evacuate Collection Set: 0.6ms
[7.354s][info][gc,phases   ] GC(185)   Post Evacuate Collection Set: 0.4ms
[7.354s][info][gc,phases   ] GC(185)   Other: 0.2ms
[7.354s][info][gc,heap     ] GC(185) Eden regions: 149->0(149)
[7.354s][info][gc,heap     ] GC(185) Survivor regions: 4->4(20)
[7.354s][info][gc,heap     ] GC(185) Old regions: 2->2
[7.354s][info][gc,heap     ] GC(185) Archive regions: 2->2
[7.355s][info][gc,heap     ] GC(185) Humongous regions: 0->0
[7.355s][info][gc,metaspace] GC(185) Metaspace: 613K(832K)->613K(832K) NonClass: 595K(704K)->595K(704K) Class: 17K(128K)->17K(128K)
[7.355s][info][gc          ] GC(185) Pause Young (Normal) (G1 Evacuation Pause) 155M->5M(256M) 3.591ms
[7.355s][info][gc,cpu      ] GC(185) User=0.01s Sys=0.00s Real=0.00s
[7.381s][info][gc,start    ] GC(186) Pause Young (Normal) (G1 Evacuation Pause)
[7.382s][info][gc,task     ] GC(186) Using 6 workers of 8 for evacuation
[7.383s][info][gc,phases   ] GC(186)   Pre Evacuate Collection Set: 0.1ms
[7.383s][info][gc,phases   ] GC(186)   Merge Heap Roots: 0.2ms
[7.384s][info][gc,phases   ] GC(186)   Evacuate Collection Set: 0.5ms
[7.384s][info][gc,phases   ] GC(186)   Post Evacuate Collection Set: 0.4ms
[7.384s][info][gc,phases   ] GC(186)   Other: 0.2ms
[7.384s][info][gc,heap     ] GC(186) Eden regions: 149->0(150)
[7.384s][info][gc,heap     ] GC(186) Survivor regions: 4->3(20)
[7.384s][info][gc,heap     ] GC(186) Old regions: 2->2
[7.385s][info][gc,heap     ] GC(186) Archive regions: 2->2
[7.385s][info][gc,heap     ] GC(186) Humongous regions: 0->0
[7.385s][info][gc,metaspace] GC(186) Metaspace: 613K(832K)->613K(832K) NonClass: 595K(704K)->595K(704K) Class: 17K(128K)->17K(128K)
[7.385s][info][gc          ] GC(186) Pause Young (Normal) (G1 Evacuation Pause) 154M->5M(256M) 3.681ms
[7.385s][info][gc,cpu      ] GC(186) User=0.01s Sys=0.00s Real=0.00s
[7.409s][info][gc,start    ] GC(187) Pause Young (Normal) (G1 Evacuation Pause)
[7.410s][info][gc,task     ] GC(187) Using 6 workers of 8 for evacuation
[7.413s][info][gc,phases   ] GC(187)   Pre Evacuate Collection Set: 0.2ms
[7.413s][info][gc,phases   ] GC(187)   Merge Heap Roots: 0.2ms
[7.413s][info][gc,phases   ] GC(187)   Evacuate Collection Set: 1.0ms
[7.414s][info][gc,phases   ] GC(187)   Post Evacuate Collection Set: 0.7ms
[7.414s][info][gc,phases   ] GC(187)   Other: 0.5ms
[7.414s][info][gc,heap     ] GC(187) Eden regions: 150->0(149)
[7.414s][info][gc,heap     ] GC(187) Survivor regions: 3->4(20)
[7.415s][info][gc,heap     ] GC(187) Old regions: 2->2
[7.415s][info][gc,heap     ] GC(187) Archive regions: 2->2
[7.415s][info][gc,heap     ] GC(187) Humongous regions: 0->0
[7.415s][info][gc,metaspace] GC(187) Metaspace: 613K(832K)->613K(832K) NonClass: 595K(704K)->595K(704K) Class: 17K(128K)->17K(128K)
[7.416s][info][gc          ] GC(187) Pause Young (Normal) (G1 Evacuation Pause) 155M->6M(256M) 6.333ms
[7.416s][info][gc,cpu      ] GC(187) User=0.01s Sys=0.00s Real=0.00s
[7.437s][info][gc,start    ] GC(188) Pause Young (Normal) (G1 Evacuation Pause)
[7.438s][info][gc,task     ] GC(188) Using 6 workers of 8 for evacuation
[7.440s][info][gc,phases   ] GC(188)   Pre Evacuate Collection Set: 0.2ms
[7.440s][info][gc,phases   ] GC(188)   Merge Heap Roots: 0.1ms
[7.440s][info][gc,phases   ] GC(188)   Evacuate Collection Set: 0.7ms
[7.441s][info][gc,phases   ] GC(188)   Post Evacuate Collection Set: 0.6ms
[7.441s][info][gc,phases   ] GC(188)   Other: 0.4ms
[7.442s][info][gc,heap     ] GC(188) Eden regions: 149->0(149)
[7.442s][info][gc,heap     ] GC(188) Survivor regions: 4->4(20)
[7.443s][info][gc,heap     ] GC(188) Old regions: 2->2
[7.443s][info][gc,heap     ] GC(188) Archive regions: 2->2
[7.443s][info][gc,heap     ] GC(188) Humongous regions: 0->0
[7.444s][info][gc,metaspace] GC(188) Metaspace: 613K(832K)->613K(832K) NonClass: 595K(704K)->595K(704K) Class: 17K(128K)->17K(128K)
[7.444s][info][gc          ] GC(188) Pause Young (Normal) (G1 Evacuation Pause) 155M->5M(256M) 7.067ms
[7.444s][info][gc,cpu      ] GC(188) User=0.00s Sys=0.00s Real=0.00s
[7.466s][info][gc,start    ] GC(189) Pause Young (Normal) (G1 Evacuation Pause)
[7.466s][info][gc,task     ] GC(189) Using 6 workers of 8 for evacuation
[7.468s][info][gc,phases   ] GC(189)   Pre Evacuate Collection Set: 0.2ms
[7.468s][info][gc,phases   ] GC(189)   Merge Heap Roots: 0.1ms
[7.469s][info][gc,phases   ] GC(189)   Evacuate Collection Set: 0.8ms
[7.469s][info][gc,phases   ] GC(189)   Post Evacuate Collection Set: 0.6ms
[7.469s][info][gc,phases   ] GC(189)   Other: 0.4ms
[7.470s][info][gc,heap     ] GC(189) Eden regions: 149->0(150)
[7.470s][info][gc,heap     ] GC(189) Survivor regions: 4->3(20)
[7.470s][info][gc,heap     ] GC(189) Old regions: 2->2
[7.470s][info][gc,heap     ] GC(189) Archive regions: 2->2
[7.471s][info][gc,heap     ] GC(189) Humongous regions: 0->0
[7.471s][info][gc,metaspace] GC(189) Metaspace: 613K(832K)->613K(832K) NonClass: 595K(704K)->595K(704K) Class: 17K(128K)->17K(128K)
[7.471s][info][gc          ] GC(189) Pause Young (Normal) (G1 Evacuation Pause) 154M->5M(256M) 5.474ms
[7.471s][info][gc,cpu      ] GC(189) User=0.00s Sys=0.00s Real=0.01s
[7.499s][info][gc,start    ] GC(190) Pause Young (Normal) (G1 Evacuation Pause)
[7.499s][info][gc,task     ] GC(190) Using 6 workers of 8 for evacuation
[7.501s][info][gc,phases   ] GC(190)   Pre Evacuate Collection Set: 0.2ms
[7.502s][info][gc,phases   ] GC(190)   Merge Heap Roots: 0.2ms
[7.502s][info][gc,phases   ] GC(190)   Evacuate Collection Set: 0.9ms
[7.503s][info][gc,phases   ] GC(190)   Post Evacuate Collection Set: 0.6ms
[7.503s][info][gc,phases   ] GC(190)   Other: 0.3ms
[7.503s][info][gc,heap     ] GC(190) Eden regions: 150->0(149)
[7.504s][info][gc,heap     ] GC(190) Survivor regions: 3->4(20)
[7.504s][info][gc,heap     ] GC(190) Old regions: 2->2
[7.504s][info][gc,heap     ] GC(190) Archive regions: 2->2
[7.505s][info][gc,heap     ] GC(190) Humongous regions: 0->0
[7.505s][info][gc,metaspace] GC(190) Metaspace: 613K(832K)->613K(832K) NonClass: 595K(704K)->595K(704K) Class: 17K(128K)->17K(128K)
[7.506s][info][gc          ] GC(190) Pause Young (Normal) (G1 Evacuation Pause) 155M->6M(256M) 6.947ms
[7.506s][info][gc,cpu      ] GC(190) User=0.01s Sys=0.00s Real=0.00s
[7.536s][info][gc,start    ] GC(191) Pause Young (Normal) (G1 Evacuation Pause)
[7.536s][info][gc,task     ] GC(191) Using 6 workers of 8 for evacuation
[7.539s][info][gc,phases   ] GC(191)   Pre Evacuate Collection Set: 0.2ms
[7.539s][info][gc,phases   ] GC(191)   Merge Heap Roots: 0.1ms
[7.539s][info][gc,phases   ] GC(191)   Evacuate Collection Set: 0.7ms
[7.540s][info][gc,phases   ] GC(191)   Post Evacuate Collection Set: 0.9ms
[7.540s][info][gc,phases   ] GC(191)   Other: 0.4ms
[7.540s][info][gc,heap     ] GC(191) Eden regions: 149->0(149)
[7.541s][info][gc,heap     ] GC(191) Survivor regions: 4->4(20)
[7.541s][info][gc,heap     ] GC(191) Old regions: 2->2
[7.541s][info][gc,heap     ] GC(191) Archive regions: 2->2
[7.542s][info][gc,heap     ] GC(191) Humongous regions: 0->0
[7.542s][info][gc,metaspace] GC(191) Metaspace: 613K(832K)->613K(832K) NonClass: 595K(704K)->595K(704K) Class: 17K(128K)->17K(128K)
[7.543s][info][gc          ] GC(191) Pause Young (Normal) (G1 Evacuation Pause) 155M->5M(256M) 6.671ms
[7.543s][info][gc,cpu      ] GC(191) User=0.00s Sys=0.00s Real=0.01s
[7.566s][info][gc,start    ] GC(192) Pause Young (Normal) (G1 Evacuation Pause)
[7.567s][info][gc,task     ] GC(192) Using 6 workers of 8 for evacuation
[7.569s][info][gc,phases   ] GC(192)   Pre Evacuate Collection Set: 0.1ms
[7.569s][info][gc,phases   ] GC(192)   Merge Heap Roots: 0.2ms
[7.569s][info][gc,phases   ] GC(192)   Evacuate Collection Set: 0.7ms
[7.570s][info][gc,phases   ] GC(192)   Post Evacuate Collection Set: 0.6ms
[7.570s][info][gc,phases   ] GC(192)   Other: 0.4ms
[7.570s][info][gc,heap     ] GC(192) Eden regions: 149->0(149)
[7.571s][info][gc,heap     ] GC(192) Survivor regions: 4->4(20)
[7.571s][info][gc,heap     ] GC(192) Old regions: 2->2
[7.571s][info][gc,heap     ] GC(192) Archive regions: 2->2
[7.571s][info][gc,heap     ] GC(192) Humongous regions: 0->0
[7.572s][info][gc,metaspace] GC(192) Metaspace: 613K(832K)->613K(832K) NonClass: 595K(704K)->595K(704K) Class: 17K(128K)->17K(128K)
[7.572s][info][gc          ] GC(192) Pause Young (Normal) (G1 Evacuation Pause) 154M->5M(256M) 5.459ms
[7.572s][info][gc,cpu      ] GC(192) User=0.00s Sys=0.00s Real=0.01s
[7.598s][info][gc,start    ] GC(193) Pause Young (Normal) (G1 Evacuation Pause)
[7.598s][info][gc,task     ] GC(193) Using 6 workers of 8 for evacuation
[7.601s][info][gc,phases   ] GC(193)   Pre Evacuate Collection Set: 0.2ms
[7.601s][info][gc,phases   ] GC(193)   Merge Heap Roots: 0.1ms
[7.601s][info][gc,phases   ] GC(193)   Evacuate Collection Set: 0.7ms
[7.602s][info][gc,phases   ] GC(193)   Post Evacuate Collection Set: 0.8ms
[7.602s][info][gc,phases   ] GC(193)   Other: 0.4ms
[7.602s][info][gc,heap     ] GC(193) Eden regions: 149->0(150)
[7.603s][info][gc,heap     ] GC(193) Survivor regions: 4->3(20)
[7.603s][info][gc,heap     ] GC(193) Old regions: 2->2
[7.603s][info][gc,heap     ] GC(193) Archive regions: 2->2
[7.604s][info][gc,heap     ] GC(193) Humongous regions: 0->0
[7.604s][info][gc,metaspace] GC(193) Metaspace: 613K(832K)->613K(832K) NonClass: 595K(704K)->595K(704K) Class: 17K(128K)->17K(128K)
[7.604s][info][gc          ] GC(193) Pause Young (Normal) (G1 Evacuation Pause) 154M->5M(256M) 6.351ms
[7.604s][info][gc,cpu      ] GC(193) User=0.00s Sys=0.00s Real=0.00s
[7.634s][info][gc,start    ] GC(194) Pause Young (Normal) (G1 Evacuation Pause)
[7.635s][info][gc,task     ] GC(194) Using 6 workers of 8 for evacuation
[7.637s][info][gc,phases   ] GC(194)   Pre Evacuate Collection Set: 0.1ms
[7.637s][info][gc,phases   ] GC(194)   Merge Heap Roots: 0.1ms
[7.638s][info][gc,phases   ] GC(194)   Evacuate Collection Set: 0.9ms
[7.638s][info][gc,phases   ] GC(194)   Post Evacuate Collection Set: 0.5ms
[7.638s][info][gc,phases   ] GC(194)   Other: 0.4ms
[7.639s][info][gc,heap     ] GC(194) Eden regions: 150->0(149)
[7.639s][info][gc,heap     ] GC(194) Survivor regions: 3->4(20)
[7.639s][info][gc,heap     ] GC(194) Old regions: 2->2
[7.639s][info][gc,heap     ] GC(194) Archive regions: 2->2
[7.640s][info][gc,heap     ] GC(194) Humongous regions: 0->0
[7.640s][info][gc,metaspace] GC(194) Metaspace: 613K(832K)->613K(832K) NonClass: 595K(704K)->595K(704K) Class: 17K(128K)->17K(128K)
[7.640s][info][gc          ] GC(194) Pause Young (Normal) (G1 Evacuation Pause) 155M->6M(256M) 6.067ms
[7.641s][info][gc,cpu      ] GC(194) User=0.00s Sys=0.00s Real=0.01s
[7.668s][info][gc,start    ] GC(195) Pause Young (Normal) (G1 Evacuation Pause)
[7.669s][info][gc,task     ] GC(195) Using 6 workers of 8 for evacuation
[7.671s][info][gc,phases   ] GC(195)   Pre Evacuate Collection Set: 0.1ms
[7.671s][info][gc,phases   ] GC(195)   Merge Heap Roots: 0.1ms
[7.671s][info][gc,phases   ] GC(195)   Evacuate Collection Set: 0.6ms
[7.671s][info][gc,phases   ] GC(195)   Post Evacuate Collection Set: 0.5ms
[7.672s][info][gc,phases   ] GC(195)   Other: 0.4ms
[7.672s][info][gc,heap     ] GC(195) Eden regions: 149->0(149)
[7.672s][info][gc,heap     ] GC(195) Survivor regions: 4->4(20)
[7.672s][info][gc,heap     ] GC(195) Old regions: 2->2
[7.673s][info][gc,heap     ] GC(195) Archive regions: 2->2
[7.673s][info][gc,heap     ] GC(195) Humongous regions: 0->0
[7.673s][info][gc,metaspace] GC(195) Metaspace: 613K(832K)->613K(832K) NonClass: 595K(704K)->595K(704K) Class: 17K(128K)->17K(128K)
[7.674s][info][gc          ] GC(195) Pause Young (Normal) (G1 Evacuation Pause) 155M->5M(256M) 5.183ms
[7.674s][info][gc,cpu      ] GC(195) User=0.00s Sys=0.00s Real=0.00s
[7.703s][info][gc,start    ] GC(196) Pause Young (Normal) (G1 Evacuation Pause)
[7.704s][info][gc,task     ] GC(196) Using 6 workers of 8 for evacuation
[7.706s][info][gc,phases   ] GC(196)   Pre Evacuate Collection Set: 0.1ms
[7.706s][info][gc,phases   ] GC(196)   Merge Heap Roots: 0.2ms
[7.707s][info][gc,phases   ] GC(196)   Evacuate Collection Set: 0.8ms
[7.707s][info][gc,phases   ] GC(196)   Post Evacuate Collection Set: 0.5ms
[7.707s][info][gc,phases   ] GC(196)   Other: 0.5ms
[7.708s][info][gc,heap     ] GC(196) Eden regions: 149->0(150)
[7.709s][info][gc,heap     ] GC(196) Survivor regions: 4->3(20)
[7.709s][info][gc,heap     ] GC(196) Old regions: 2->2
[7.710s][info][gc,heap     ] GC(196) Archive regions: 2->2
[7.710s][info][gc,heap     ] GC(196) Humongous regions: 0->0
[7.711s][info][gc,metaspace] GC(196) Metaspace: 613K(832K)->613K(832K) NonClass: 595K(704K)->595K(704K) Class: 17K(128K)->17K(128K)
[7.711s][info][gc          ] GC(196) Pause Young (Normal) (G1 Evacuation Pause) 154M->5M(256M) 7.663ms
[7.712s][info][gc,cpu      ] GC(196) User=0.00s Sys=0.00s Real=0.01s
[7.748s][info][gc,start    ] GC(197) Pause Young (Normal) (G1 Evacuation Pause)
[7.748s][info][gc,task     ] GC(197) Using 6 workers of 8 for evacuation
[7.751s][info][gc,phases   ] GC(197)   Pre Evacuate Collection Set: 0.2ms
[7.751s][info][gc,phases   ] GC(197)   Merge Heap Roots: 0.2ms
[7.752s][info][gc,phases   ] GC(197)   Evacuate Collection Set: 1.0ms
[7.752s][info][gc,phases   ] GC(197)   Post Evacuate Collection Set: 0.7ms
[7.752s][info][gc,phases   ] GC(197)   Other: 0.4ms
[7.753s][info][gc,heap     ] GC(197) Eden regions: 150->0(149)
[7.753s][info][gc,heap     ] GC(197) Survivor regions: 3->4(20)
[7.753s][info][gc,heap     ] GC(197) Old regions: 2->2
[7.753s][info][gc,heap     ] GC(197) Archive regions: 2->2
[7.754s][info][gc,heap     ] GC(197) Humongous regions: 0->0
[7.754s][info][gc,metaspace] GC(197) Metaspace: 613K(832K)->613K(832K) NonClass: 595K(704K)->595K(704K) Class: 17K(128K)->17K(128K)
[7.754s][info][gc          ] GC(197) Pause Young (Normal) (G1 Evacuation Pause) 155M->5M(256M) 6.066ms
[7.754s][info][gc,cpu      ] GC(197) User=0.00s Sys=0.00s Real=0.00s
[7.790s][info][gc,start    ] GC(198) Pause Young (Normal) (G1 Evacuation Pause)
[7.790s][info][gc,task     ] GC(198) Using 6 workers of 8 for evacuation
[7.794s][info][gc,phases   ] GC(198)   Pre Evacuate Collection Set: 0.4ms
[7.795s][info][gc,phases   ] GC(198)   Merge Heap Roots: 0.2ms
[7.795s][info][gc,phases   ] GC(198)   Evacuate Collection Set: 1.7ms
[7.795s][info][gc,phases   ] GC(198)   Post Evacuate Collection Set: 1.0ms
[7.796s][info][gc,phases   ] GC(198)   Other: 0.5ms
[7.797s][info][gc,heap     ] GC(198) Eden regions: 149->0(149)
[7.797s][info][gc,heap     ] GC(198) Survivor regions: 4->4(20)
[7.797s][info][gc,heap     ] GC(198) Old regions: 2->2
[7.798s][info][gc,heap     ] GC(198) Archive regions: 2->2
[7.798s][info][gc,heap     ] GC(198) Humongous regions: 0->0
[7.798s][info][gc,metaspace] GC(198) Metaspace: 613K(832K)->613K(832K) NonClass: 595K(704K)->595K(704K) Class: 17K(128K)->17K(128K)
[7.798s][info][gc          ] GC(198) Pause Young (Normal) (G1 Evacuation Pause) 154M->5M(256M) 8.497ms
[7.798s][info][gc,cpu      ] GC(198) User=0.01s Sys=0.00s Real=0.01s
[7.825s][info][gc,start    ] GC(199) Pause Young (Normal) (G1 Evacuation Pause)
[7.826s][info][gc,task     ] GC(199) Using 6 workers of 8 for evacuation
[7.829s][info][gc,phases   ] GC(199)   Pre Evacuate Collection Set: 0.3ms
[7.830s][info][gc,phases   ] GC(199)   Merge Heap Roots: 0.3ms
[7.830s][info][gc,phases   ] GC(199)   Evacuate Collection Set: 1.3ms
[7.831s][info][gc,phases   ] GC(199)   Post Evacuate Collection Set: 0.7ms
[7.831s][info][gc,phases   ] GC(199)   Other: 0.7ms
[7.832s][info][gc,heap     ] GC(199) Eden regions: 149->0(150)
[7.832s][info][gc,heap     ] GC(199) Survivor regions: 4->3(20)
[7.832s][info][gc,heap     ] GC(199) Old regions: 2->2
[7.833s][info][gc,heap     ] GC(199) Archive regions: 2->2
[7.833s][info][gc,heap     ] GC(199) Humongous regions: 0->0
[7.833s][info][gc,metaspace] GC(199) Metaspace: 613K(832K)->613K(832K) NonClass: 595K(704K)->595K(704K) Class: 17K(128K)->17K(128K)
[7.834s][info][gc          ] GC(199) Pause Young (Normal) (G1 Evacuation Pause) 154M->5M(256M) 8.600ms
[7.834s][info][gc,cpu      ] GC(199) User=0.00s Sys=0.00s Real=0.01s
[7.883s][info][gc,start    ] GC(200) Pause Young (Normal) (G1 Evacuation Pause)
[7.884s][info][gc,task     ] GC(200) Using 6 workers of 8 for evacuation
[7.886s][info][gc,phases   ] GC(200)   Pre Evacuate Collection Set: 0.2ms
[7.887s][info][gc,phases   ] GC(200)   Merge Heap Roots: 0.1ms
[7.887s][info][gc,phases   ] GC(200)   Evacuate Collection Set: 0.9ms
[7.888s][info][gc,phases   ] GC(200)   Post Evacuate Collection Set: 0.7ms
[7.888s][info][gc,phases   ] GC(200)   Other: 0.6ms
[7.888s][info][gc,heap     ] GC(200) Eden regions: 150->0(149)
[7.889s][info][gc,heap     ] GC(200) Survivor regions: 3->4(20)
[7.889s][info][gc,heap     ] GC(200) Old regions: 2->2
[7.889s][info][gc,heap     ] GC(200) Archive regions: 2->2
[7.889s][info][gc,heap     ] GC(200) Humongous regions: 0->0
[7.890s][info][gc,metaspace] GC(200) Metaspace: 613K(832K)->613K(832K) NonClass: 595K(704K)->595K(704K) Class: 17K(128K)->17K(128K)
[7.893s][info][gc          ] GC(200) Pause Young (Normal) (G1 Evacuation Pause) 155M->6M(256M) 10.017ms
[7.894s][info][gc,cpu      ] GC(200) User=0.01s Sys=0.00s Real=0.01s
[7.936s][info][gc,start    ] GC(201) Pause Young (Normal) (G1 Evacuation Pause)
[7.936s][info][gc,task     ] GC(201) Using 6 workers of 8 for evacuation
[7.939s][info][gc,phases   ] GC(201)   Pre Evacuate Collection Set: 0.1ms
[7.940s][info][gc,phases   ] GC(201)   Merge Heap Roots: 0.1ms
[7.940s][info][gc,phases   ] GC(201)   Evacuate Collection Set: 1.8ms
[7.940s][info][gc,phases   ] GC(201)   Post Evacuate Collection Set: 0.5ms
[7.940s][info][gc,phases   ] GC(201)   Other: 0.3ms
[7.941s][info][gc,heap     ] GC(201) Eden regions: 149->0(149)
[7.942s][info][gc,heap     ] GC(201) Survivor regions: 4->4(20)
[7.942s][info][gc,heap     ] GC(201) Old regions: 2->2
[7.943s][info][gc,heap     ] GC(201) Archive regions: 2->2
[7.943s][info][gc,heap     ] GC(201) Humongous regions: 0->0
[7.943s][info][gc,metaspace] GC(201) Metaspace: 613K(832K)->613K(832K) NonClass: 595K(704K)->595K(704K) Class: 17K(128K)->17K(128K)
[7.944s][info][gc          ] GC(201) Pause Young (Normal) (G1 Evacuation Pause) 155M->6M(256M) 7.743ms
[7.944s][info][gc,cpu      ] GC(201) User=0.01s Sys=0.00s Real=0.01s
[7.969s][info][gc,start    ] GC(202) Pause Young (Normal) (G1 Evacuation Pause)
[7.969s][info][gc,task     ] GC(202) Using 6 workers of 8 for evacuation
[7.971s][info][gc,phases   ] GC(202)   Pre Evacuate Collection Set: 0.1ms
[7.971s][info][gc,phases   ] GC(202)   Merge Heap Roots: 0.1ms
[7.971s][info][gc,phases   ] GC(202)   Evacuate Collection Set: 0.5ms
[7.972s][info][gc,phases   ] GC(202)   Post Evacuate Collection Set: 0.5ms
[7.972s][info][gc,phases   ] GC(202)   Other: 0.2ms
[7.972s][info][gc,heap     ] GC(202) Eden regions: 149->0(149)
[7.972s][info][gc,heap     ] GC(202) Survivor regions: 4->4(20)
[7.972s][info][gc,heap     ] GC(202) Old regions: 2->2
[7.972s][info][gc,heap     ] GC(202) Archive regions: 2->2
[7.972s][info][gc,heap     ] GC(202) Humongous regions: 0->0
[7.973s][info][gc,metaspace] GC(202) Metaspace: 613K(832K)->613K(832K) NonClass: 595K(704K)->595K(704K) Class: 17K(128K)->17K(128K)
[7.973s][info][gc          ] GC(202) Pause Young (Normal) (G1 Evacuation Pause) 155M->5M(256M) 3.498ms
[7.973s][info][gc,cpu      ] GC(202) User=0.01s Sys=0.00s Real=0.00s
[7.999s][info][gc,start    ] GC(203) Pause Young (Normal) (G1 Evacuation Pause)
[8.000s][info][gc,task     ] GC(203) Using 6 workers of 8 for evacuation
[8.001s][info][gc,phases   ] GC(203)   Pre Evacuate Collection Set: 0.1ms
[8.001s][info][gc,phases   ] GC(203)   Merge Heap Roots: 0.1ms
[8.002s][info][gc,phases   ] GC(203)   Evacuate Collection Set: 0.7ms
[8.002s][info][gc,phases   ] GC(203)   Post Evacuate Collection Set: 0.4ms
[8.002s][info][gc,phases   ] GC(203)   Other: 0.3ms
[8.002s][info][gc,heap     ] GC(203) Eden regions: 149->0(150)
[8.002s][info][gc,heap     ] GC(203) Survivor regions: 4->3(20)
[8.002s][info][gc,heap     ] GC(203) Old regions: 2->2
[8.003s][info][gc,heap     ] GC(203) Archive regions: 2->2
[8.003s][info][gc,heap     ] GC(203) Humongous regions: 0->0
[8.003s][info][gc,metaspace] GC(203) Metaspace: 613K(832K)->613K(832K) NonClass: 595K(704K)->595K(704K) Class: 17K(128K)->17K(128K)
[8.003s][info][gc          ] GC(203) Pause Young (Normal) (G1 Evacuation Pause) 154M->5M(256M) 3.856ms
[8.003s][info][gc,cpu      ] GC(203) User=0.01s Sys=0.00s Real=0.00s
[8.030s][info][gc,start    ] GC(204) Pause Young (Normal) (G1 Evacuation Pause)
[8.030s][info][gc,task     ] GC(204) Using 6 workers of 8 for evacuation
[8.032s][info][gc,phases   ] GC(204)   Pre Evacuate Collection Set: 0.2ms
[8.032s][info][gc,phases   ] GC(204)   Merge Heap Roots: 0.1ms
[8.032s][info][gc,phases   ] GC(204)   Evacuate Collection Set: 0.7ms
[8.032s][info][gc,phases   ] GC(204)   Post Evacuate Collection Set: 0.4ms
[8.033s][info][gc,phases   ] GC(204)   Other: 0.2ms
[8.033s][info][gc,heap     ] GC(204) Eden regions: 150->0(149)
[8.033s][info][gc,heap     ] GC(204) Survivor regions: 3->4(20)
[8.033s][info][gc,heap     ] GC(204) Old regions: 2->2
[8.034s][info][gc,heap     ] GC(204) Archive regions: 2->2
[8.034s][info][gc,heap     ] GC(204) Humongous regions: 0->0
[8.034s][info][gc,metaspace] GC(204) Metaspace: 613K(832K)->613K(832K) NonClass: 595K(704K)->595K(704K) Class: 17K(128K)->17K(128K)
[8.034s][info][gc          ] GC(204) Pause Young (Normal) (G1 Evacuation Pause) 155M->6M(256M) 4.429ms
[8.034s][info][gc,cpu      ] GC(204) User=0.01s Sys=0.00s Real=0.00s
[8.062s][info][gc,start    ] GC(205) Pause Young (Normal) (G1 Evacuation Pause)
[8.063s][info][gc,task     ] GC(205) Using 6 workers of 8 for evacuation
[8.065s][info][gc,phases   ] GC(205)   Pre Evacuate Collection Set: 0.2ms
[8.066s][info][gc,phases   ] GC(205)   Merge Heap Roots: 0.1ms
[8.066s][info][gc,phases   ] GC(205)   Evacuate Collection Set: 0.8ms
[8.066s][info][gc,phases   ] GC(205)   Post Evacuate Collection Set: 0.6ms
[8.067s][info][gc,phases   ] GC(205)   Other: 0.5ms
[8.067s][info][gc,heap     ] GC(205) Eden regions: 149->0(149)
[8.067s][info][gc,heap     ] GC(205) Survivor regions: 4->4(20)
[8.067s][info][gc,heap     ] GC(205) Old regions: 2->2
[8.068s][info][gc,heap     ] GC(205) Archive regions: 2->2
[8.068s][info][gc,heap     ] GC(205) Humongous regions: 0->0
[8.068s][info][gc,metaspace] GC(205) Metaspace: 613K(832K)->613K(832K) NonClass: 595K(704K)->595K(704K) Class: 17K(128K)->17K(128K)
[8.068s][info][gc          ] GC(205) Pause Young (Normal) (G1 Evacuation Pause) 155M->5M(256M) 6.160ms
[8.069s][info][gc,cpu      ] GC(205) User=0.01s Sys=0.00s Real=0.01s
[8.098s][info][gc,start    ] GC(206) Pause Young (Normal) (G1 Evacuation Pause)
[8.098s][info][gc,task     ] GC(206) Using 6 workers of 8 for evacuation
[8.100s][info][gc,phases   ] GC(206)   Pre Evacuate Collection Set: 0.2ms
[8.101s][info][gc,phases   ] GC(206)   Merge Heap Roots: 0.1ms
[8.101s][info][gc,phases   ] GC(206)   Evacuate Collection Set: 0.7ms
[8.101s][info][gc,phases   ] GC(206)   Post Evacuate Collection Set: 0.7ms
[8.102s][info][gc,phases   ] GC(206)   Other: 0.4ms
[8.102s][info][gc,heap     ] GC(206) Eden regions: 149->0(149)
[8.103s][info][gc,heap     ] GC(206) Survivor regions: 4->4(20)
[8.103s][info][gc,heap     ] GC(206) Old regions: 2->2
[8.103s][info][gc,heap     ] GC(206) Archive regions: 2->2
[8.104s][info][gc,heap     ] GC(206) Humongous regions: 0->0
[8.104s][info][gc,metaspace] GC(206) Metaspace: 613K(832K)->613K(832K) NonClass: 595K(704K)->595K(704K) Class: 17K(128K)->17K(128K)
[8.104s][info][gc          ] GC(206) Pause Young (Normal) (G1 Evacuation Pause) 154M->5M(256M) 6.230ms
[8.104s][info][gc,cpu      ] GC(206) User=0.00s Sys=0.00s Real=0.00s
[8.134s][info][gc,start    ] GC(207) Pause Young (Normal) (G1 Evacuation Pause)
[8.134s][info][gc,task     ] GC(207) Using 6 workers of 8 for evacuation
[8.136s][info][gc,phases   ] GC(207)   Pre Evacuate Collection Set: 0.1ms
[8.136s][info][gc,phases   ] GC(207)   Merge Heap Roots: 0.2ms
[8.137s][info][gc,phases   ] GC(207)   Evacuate Collection Set: 0.6ms
[8.137s][info][gc,phases   ] GC(207)   Post Evacuate Collection Set: 0.6ms
[8.137s][info][gc,phases   ] GC(207)   Other: 0.4ms
[8.137s][info][gc,heap     ] GC(207) Eden regions: 149->0(150)
[8.138s][info][gc,heap     ] GC(207) Survivor regions: 4->3(20)
[8.138s][info][gc,heap     ] GC(207) Old regions: 2->2
[8.138s][info][gc,heap     ] GC(207) Archive regions: 2->2
[8.139s][info][gc,heap     ] GC(207) Humongous regions: 0->0
[8.139s][info][gc,metaspace] GC(207) Metaspace: 613K(832K)->613K(832K) NonClass: 595K(704K)->595K(704K) Class: 17K(128K)->17K(128K)
[8.139s][info][gc          ] GC(207) Pause Young (Normal) (G1 Evacuation Pause) 154M->5M(256M) 5.642ms
[8.139s][info][gc,cpu      ] GC(207) User=0.01s Sys=0.00s Real=0.01s
[8.165s][info][gc,start    ] GC(208) Pause Young (Normal) (G1 Evacuation Pause)
[8.166s][info][gc,task     ] GC(208) Using 6 workers of 8 for evacuation
[8.168s][info][gc,phases   ] GC(208)   Pre Evacuate Collection Set: 0.1ms
[8.168s][info][gc,phases   ] GC(208)   Merge Heap Roots: 0.1ms
[8.168s][info][gc,phases   ] GC(208)   Evacuate Collection Set: 0.7ms
[8.168s][info][gc,phases   ] GC(208)   Post Evacuate Collection Set: 0.5ms
[8.169s][info][gc,phases   ] GC(208)   Other: 0.4ms
[8.169s][info][gc,heap     ] GC(208) Eden regions: 150->0(149)
[8.169s][info][gc,heap     ] GC(208) Survivor regions: 3->4(20)
[8.170s][info][gc,heap     ] GC(208) Old regions: 2->2
[8.170s][info][gc,heap     ] GC(208) Archive regions: 2->2
[8.170s][info][gc,heap     ] GC(208) Humongous regions: 0->0
[8.170s][info][gc,metaspace] GC(208) Metaspace: 613K(832K)->613K(832K) NonClass: 595K(704K)->595K(704K) Class: 17K(128K)->17K(128K)
[8.171s][info][gc          ] GC(208) Pause Young (Normal) (G1 Evacuation Pause) 155M->5M(256M) 5.507ms
[8.171s][info][gc,cpu      ] GC(208) User=0.01s Sys=0.00s Real=0.01s
[8.196s][info][gc,start    ] GC(209) Pause Young (Normal) (G1 Evacuation Pause)
[8.197s][info][gc,task     ] GC(209) Using 6 workers of 8 for evacuation
[8.199s][info][gc,phases   ] GC(209)   Pre Evacuate Collection Set: 0.1ms
[8.199s][info][gc,phases   ] GC(209)   Merge Heap Roots: 0.1ms
[8.200s][info][gc,phases   ] GC(209)   Evacuate Collection Set: 0.8ms
[8.200s][info][gc,phases   ] GC(209)   Post Evacuate Collection Set: 0.6ms
[8.200s][info][gc,phases   ] GC(209)   Other: 0.4ms
[8.201s][info][gc,heap     ] GC(209) Eden regions: 149->0(149)
[8.201s][info][gc,heap     ] GC(209) Survivor regions: 4->4(20)
[8.201s][info][gc,heap     ] GC(209) Old regions: 2->2
[8.201s][info][gc,heap     ] GC(209) Archive regions: 2->2
[8.202s][info][gc,heap     ] GC(209) Humongous regions: 0->0
[8.202s][info][gc,metaspace] GC(209) Metaspace: 613K(832K)->613K(832K) NonClass: 595K(704K)->595K(704K) Class: 17K(128K)->17K(128K)
[8.202s][info][gc          ] GC(209) Pause Young (Normal) (G1 Evacuation Pause) 154M->5M(256M) 5.523ms
[8.202s][info][gc,cpu      ] GC(209) User=0.01s Sys=0.00s Real=0.01s
[8.223s][info][gc,start    ] GC(210) Pause Young (Normal) (G1 Evacuation Pause)
[8.224s][info][gc,task     ] GC(210) Using 6 workers of 8 for evacuation
[8.228s][info][gc,phases   ] GC(210)   Pre Evacuate Collection Set: 0.3ms
[8.229s][info][gc,phases   ] GC(210)   Merge Heap Roots: 0.2ms
[8.229s][info][gc,phases   ] GC(210)   Evacuate Collection Set: 1.4ms
[8.230s][info][gc,phases   ] GC(210)   Post Evacuate Collection Set: 1.3ms
[8.230s][info][gc,phases   ] GC(210)   Other: 1.0ms
[8.230s][info][gc,heap     ] GC(210) Eden regions: 149->0(150)
[8.231s][info][gc,heap     ] GC(210) Survivor regions: 4->3(20)
[8.231s][info][gc,heap     ] GC(210) Old regions: 2->2
[8.231s][info][gc,heap     ] GC(210) Archive regions: 2->2
[8.232s][info][gc,heap     ] GC(210) Humongous regions: 0->0
[8.232s][info][gc,metaspace] GC(210) Metaspace: 613K(832K)->613K(832K) NonClass: 595K(704K)->595K(704K) Class: 17K(128K)->17K(128K)
[8.232s][info][gc          ] GC(210) Pause Young (Normal) (G1 Evacuation Pause) 154M->5M(256M) 8.956ms
[8.232s][info][gc,cpu      ] GC(210) User=0.01s Sys=0.00s Real=0.01s
[8.263s][info][gc,start    ] GC(211) Pause Young (Normal) (G1 Evacuation Pause)
[8.264s][info][gc,task     ] GC(211) Using 6 workers of 8 for evacuation
[8.266s][info][gc,phases   ] GC(211)   Pre Evacuate Collection Set: 0.2ms
[8.267s][info][gc,phases   ] GC(211)   Merge Heap Roots: 0.3ms
[8.267s][info][gc,phases   ] GC(211)   Evacuate Collection Set: 1.0ms
[8.267s][info][gc,phases   ] GC(211)   Post Evacuate Collection Set: 0.6ms
[8.268s][info][gc,phases   ] GC(211)   Other: 0.5ms
[8.268s][info][gc,heap     ] GC(211) Eden regions: 150->0(149)
[8.268s][info][gc,heap     ] GC(211) Survivor regions: 3->4(20)
[8.269s][info][gc,heap     ] GC(211) Old regions: 2->2
[8.269s][info][gc,heap     ] GC(211) Archive regions: 2->2
[8.269s][info][gc,heap     ] GC(211) Humongous regions: 0->0
[8.269s][info][gc,metaspace] GC(211) Metaspace: 613K(832K)->613K(832K) NonClass: 595K(704K)->595K(704K) Class: 17K(128K)->17K(128K)
[8.270s][info][gc          ] GC(211) Pause Young (Normal) (G1 Evacuation Pause) 155M->6M(256M) 6.521ms
[8.270s][info][gc,cpu      ] GC(211) User=0.00s Sys=0.00s Real=0.01s
[8.296s][info][gc,start    ] GC(212) Pause Young (Normal) (G1 Evacuation Pause)
[8.296s][info][gc,task     ] GC(212) Using 6 workers of 8 for evacuation
[8.298s][info][gc,phases   ] GC(212)   Pre Evacuate Collection Set: 0.2ms
[8.299s][info][gc,phases   ] GC(212)   Merge Heap Roots: 0.1ms
[8.299s][info][gc,phases   ] GC(212)   Evacuate Collection Set: 0.8ms
[8.299s][info][gc,phases   ] GC(212)   Post Evacuate Collection Set: 0.6ms
[8.300s][info][gc,phases   ] GC(212)   Other: 0.4ms
[8.300s][info][gc,heap     ] GC(212) Eden regions: 149->0(149)
[8.300s][info][gc,heap     ] GC(212) Survivor regions: 4->4(20)
[8.300s][info][gc,heap     ] GC(212) Old regions: 2->2
[8.301s][info][gc,heap     ] GC(212) Archive regions: 2->2
[8.301s][info][gc,heap     ] GC(212) Humongous regions: 0->0
[8.301s][info][gc,metaspace] GC(212) Metaspace: 613K(832K)->613K(832K) NonClass: 595K(704K)->595K(704K) Class: 17K(128K)->17K(128K)
[8.302s][info][gc          ] GC(212) Pause Young (Normal) (G1 Evacuation Pause) 155M->5M(256M) 6.150ms
[8.302s][info][gc,cpu      ] GC(212) User=0.00s Sys=0.00s Real=0.01s
[8.329s][info][gc,start    ] GC(213) Pause Young (Normal) (G1 Evacuation Pause)
[8.329s][info][gc,task     ] GC(213) Using 6 workers of 8 for evacuation
[8.331s][info][gc,phases   ] GC(213)   Pre Evacuate Collection Set: 0.2ms
[8.332s][info][gc,phases   ] GC(213)   Merge Heap Roots: 0.3ms
[8.332s][info][gc,phases   ] GC(213)   Evacuate Collection Set: 1.0ms
[8.332s][info][gc,phases   ] GC(213)   Post Evacuate Collection Set: 0.5ms
[8.332s][info][gc,phases   ] GC(213)   Other: 0.4ms
[8.333s][info][gc,heap     ] GC(213) Eden regions: 149->0(150)
[8.333s][info][gc,heap     ] GC(213) Survivor regions: 4->3(20)
[8.333s][info][gc,heap     ] GC(213) Old regions: 2->2
[8.333s][info][gc,heap     ] GC(213) Archive regions: 2->2
[8.333s][info][gc,heap     ] GC(213) Humongous regions: 0->0
[8.334s][info][gc,metaspace] GC(213) Metaspace: 613K(832K)->613K(832K) NonClass: 595K(704K)->595K(704K) Class: 17K(128K)->17K(128K)
[8.334s][info][gc          ] GC(213) Pause Young (Normal) (G1 Evacuation Pause) 154M->5M(256M) 5.374ms
[8.334s][info][gc,cpu      ] GC(213) User=0.01s Sys=0.00s Real=0.00s
[8.362s][info][gc,start    ] GC(214) Pause Young (Normal) (G1 Evacuation Pause)
[8.362s][info][gc,task     ] GC(214) Using 6 workers of 8 for evacuation
[8.365s][info][gc,phases   ] GC(214)   Pre Evacuate Collection Set: 0.2ms
[8.365s][info][gc,phases   ] GC(214)   Merge Heap Roots: 0.2ms
[8.365s][info][gc,phases   ] GC(214)   Evacuate Collection Set: 1.5ms
[8.365s][info][gc,phases   ] GC(214)   Post Evacuate Collection Set: 0.6ms
[8.366s][info][gc,phases   ] GC(214)   Other: 0.4ms
[8.366s][info][gc,heap     ] GC(214) Eden regions: 150->0(149)
[8.366s][info][gc,heap     ] GC(214) Survivor regions: 3->4(20)
[8.367s][info][gc,heap     ] GC(214) Old regions: 2->2
[8.367s][info][gc,heap     ] GC(214) Archive regions: 2->2
[8.367s][info][gc,heap     ] GC(214) Humongous regions: 0->0
[8.367s][info][gc,metaspace] GC(214) Metaspace: 613K(832K)->613K(832K) NonClass: 595K(704K)->595K(704K) Class: 17K(128K)->17K(128K)
[8.368s][info][gc          ] GC(214) Pause Young (Normal) (G1 Evacuation Pause) 155M->6M(256M) 6.103ms
[8.368s][info][gc,cpu      ] GC(214) User=0.01s Sys=0.00s Real=0.01s
[8.390s][info][gc,start    ] GC(215) Pause Young (Normal) (G1 Evacuation Pause)
[8.390s][info][gc,task     ] GC(215) Using 6 workers of 8 for evacuation
[8.394s][info][gc,phases   ] GC(215)   Pre Evacuate Collection Set: 0.3ms
[8.395s][info][gc,phases   ] GC(215)   Merge Heap Roots: 0.3ms
[8.395s][info][gc,phases   ] GC(215)   Evacuate Collection Set: 1.5ms
[8.395s][info][gc,phases   ] GC(215)   Post Evacuate Collection Set: 1.0ms
[8.395s][info][gc,phases   ] GC(215)   Other: 0.6ms
[8.396s][info][gc,heap     ] GC(215) Eden regions: 149->0(149)
[8.396s][info][gc,heap     ] GC(215) Survivor regions: 4->4(20)
[8.397s][info][gc,heap     ] GC(215) Old regions: 2->2
[8.397s][info][gc,heap     ] GC(215) Archive regions: 2->2
[8.397s][info][gc,heap     ] GC(215) Humongous regions: 0->0
[8.397s][info][gc,metaspace] GC(215) Metaspace: 613K(832K)->613K(832K) NonClass: 595K(704K)->595K(704K) Class: 17K(128K)->17K(128K)
[8.398s][info][gc          ] GC(215) Pause Young (Normal) (G1 Evacuation Pause) 155M->6M(256M) 7.802ms
[8.398s][info][gc,cpu      ] GC(215) User=0.02s Sys=0.00s Real=0.01s
[8.420s][info][gc,start    ] GC(216) Pause Young (Normal) (G1 Evacuation Pause)
[8.421s][info][gc,task     ] GC(216) Using 6 workers of 8 for evacuation
[8.422s][info][gc,phases   ] GC(216)   Pre Evacuate Collection Set: 0.2ms
[8.423s][info][gc,phases   ] GC(216)   Merge Heap Roots: 0.1ms
[8.423s][info][gc,phases   ] GC(216)   Evacuate Collection Set: 0.6ms
[8.423s][info][gc,phases   ] GC(216)   Post Evacuate Collection Set: 0.5ms
[8.423s][info][gc,phases   ] GC(216)   Other: 0.3ms
[8.424s][info][gc,heap     ] GC(216) Eden regions: 149->0(149)
[8.425s][info][gc,heap     ] GC(216) Survivor regions: 4->4(20)
[8.426s][info][gc,heap     ] GC(216) Old regions: 2->2
[8.426s][info][gc,heap     ] GC(216) Archive regions: 2->2
[8.427s][info][gc,heap     ] GC(216) Humongous regions: 0->0
[8.427s][info][gc,metaspace] GC(216) Metaspace: 613K(832K)->613K(832K) NonClass: 595K(704K)->595K(704K) Class: 17K(128K)->17K(128K)
[8.427s][info][gc          ] GC(216) Pause Young (Normal) (G1 Evacuation Pause) 155M->5M(256M) 7.121ms
[8.428s][info][gc,cpu      ] GC(216) User=0.00s Sys=0.00s Real=0.01s
[8.452s][info][gc,start    ] GC(217) Pause Young (Normal) (G1 Evacuation Pause)
[8.453s][info][gc,task     ] GC(217) Using 6 workers of 8 for evacuation
[8.454s][info][gc,phases   ] GC(217)   Pre Evacuate Collection Set: 0.1ms
[8.455s][info][gc,phases   ] GC(217)   Merge Heap Roots: 0.1ms
[8.455s][info][gc,phases   ] GC(217)   Evacuate Collection Set: 0.5ms
[8.455s][info][gc,phases   ] GC(217)   Post Evacuate Collection Set: 0.6ms
[8.455s][info][gc,phases   ] GC(217)   Other: 0.3ms
[8.456s][info][gc,heap     ] GC(217) Eden regions: 149->0(150)
[8.456s][info][gc,heap     ] GC(217) Survivor regions: 4->3(20)
[8.456s][info][gc,heap     ] GC(217) Old regions: 2->2
[8.456s][info][gc,heap     ] GC(217) Archive regions: 2->2
[8.457s][info][gc,heap     ] GC(217) Humongous regions: 0->0
[8.457s][info][gc,metaspace] GC(217) Metaspace: 613K(832K)->613K(832K) NonClass: 595K(704K)->595K(704K) Class: 17K(128K)->17K(128K)
[8.458s][info][gc          ] GC(217) Pause Young (Normal) (G1 Evacuation Pause) 154M->5M(256M) 5.196ms
[8.458s][info][gc,cpu      ] GC(217) User=0.00s Sys=0.00s Real=0.01s
[8.487s][info][gc,start    ] GC(218) Pause Young (Normal) (G1 Evacuation Pause)
[8.487s][info][gc,task     ] GC(218) Using 6 workers of 8 for evacuation
[8.489s][info][gc,phases   ] GC(218)   Pre Evacuate Collection Set: 0.1ms
[8.489s][info][gc,phases   ] GC(218)   Merge Heap Roots: 0.2ms
[8.490s][info][gc,phases   ] GC(218)   Evacuate Collection Set: 0.8ms
[8.490s][info][gc,phases   ] GC(218)   Post Evacuate Collection Set: 0.6ms
[8.490s][info][gc,phases   ] GC(218)   Other: 0.4ms
[8.491s][info][gc,heap     ] GC(218) Eden regions: 150->0(149)
[8.491s][info][gc,heap     ] GC(218) Survivor regions: 3->4(20)
[8.492s][info][gc,heap     ] GC(218) Old regions: 2->2
[8.492s][info][gc,heap     ] GC(218) Archive regions: 2->2
[8.493s][info][gc,heap     ] GC(218) Humongous regions: 0->0
[8.493s][info][gc,metaspace] GC(218) Metaspace: 613K(832K)->613K(832K) NonClass: 595K(704K)->595K(704K) Class: 17K(128K)->17K(128K)
[8.493s][info][gc          ] GC(218) Pause Young (Normal) (G1 Evacuation Pause) 155M->6M(256M) 6.839ms
[8.494s][info][gc,cpu      ] GC(218) User=0.01s Sys=0.01s Real=0.00s
[8.520s][info][gc,start    ] GC(219) Pause Young (Normal) (G1 Evacuation Pause)
[8.520s][info][gc,task     ] GC(219) Using 6 workers of 8 for evacuation
[8.522s][info][gc,phases   ] GC(219)   Pre Evacuate Collection Set: 0.1ms
[8.523s][info][gc,phases   ] GC(219)   Merge Heap Roots: 0.1ms
[8.523s][info][gc,phases   ] GC(219)   Evacuate Collection Set: 0.8ms
[8.523s][info][gc,phases   ] GC(219)   Post Evacuate Collection Set: 0.5ms
[8.523s][info][gc,phases   ] GC(219)   Other: 0.3ms
[8.524s][info][gc,heap     ] GC(219) Eden regions: 149->0(149)
[8.524s][info][gc,heap     ] GC(219) Survivor regions: 4->4(20)
[8.525s][info][gc,heap     ] GC(219) Old regions: 2->2
[8.525s][info][gc,heap     ] GC(219) Archive regions: 2->2
[8.526s][info][gc,heap     ] GC(219) Humongous regions: 0->0
[8.526s][info][gc,metaspace] GC(219) Metaspace: 613K(832K)->613K(832K) NonClass: 595K(704K)->595K(704K) Class: 17K(128K)->17K(128K)
[8.527s][info][gc          ] GC(219) Pause Young (Normal) (G1 Evacuation Pause) 155M->5M(256M) 6.771ms
[8.527s][info][gc,cpu      ] GC(219) User=0.01s Sys=0.00s Real=0.01s
[8.554s][info][gc,start    ] GC(220) Pause Young (Normal) (G1 Evacuation Pause)
[8.554s][info][gc,task     ] GC(220) Using 6 workers of 8 for evacuation
[8.556s][info][gc,phases   ] GC(220)   Pre Evacuate Collection Set: 0.2ms
[8.556s][info][gc,phases   ] GC(220)   Merge Heap Roots: 0.1ms
[8.557s][info][gc,phases   ] GC(220)   Evacuate Collection Set: 0.6ms
[8.557s][info][gc,phases   ] GC(220)   Post Evacuate Collection Set: 0.6ms
[8.557s][info][gc,phases   ] GC(220)   Other: 0.4ms
[8.558s][info][gc,heap     ] GC(220) Eden regions: 149->0(149)
[8.559s][info][gc,heap     ] GC(220) Survivor regions: 4->4(20)
[8.559s][info][gc,heap     ] GC(220) Old regions: 2->2
[8.560s][info][gc,heap     ] GC(220) Archive regions: 2->2
[8.560s][info][gc,heap     ] GC(220) Humongous regions: 0->0
[8.561s][info][gc,metaspace] GC(220) Metaspace: 613K(832K)->613K(832K) NonClass: 595K(704K)->595K(704K) Class: 17K(128K)->17K(128K)
[8.561s][info][gc          ] GC(220) Pause Young (Normal) (G1 Evacuation Pause) 154M->5M(256M) 7.600ms
[8.562s][info][gc,cpu      ] GC(220) User=0.01s Sys=0.00s Real=0.01s
[8.588s][info][gc,start    ] GC(221) Pause Young (Normal) (G1 Evacuation Pause)
[8.589s][info][gc,task     ] GC(221) Using 6 workers of 8 for evacuation
[8.591s][info][gc,phases   ] GC(221)   Pre Evacuate Collection Set: 0.2ms
[8.592s][info][gc,phases   ] GC(221)   Merge Heap Roots: 0.1ms
[8.592s][info][gc,phases   ] GC(221)   Evacuate Collection Set: 0.6ms
[8.593s][info][gc,phases   ] GC(221)   Post Evacuate Collection Set: 0.8ms
[8.593s][info][gc,phases   ] GC(221)   Other: 0.4ms
[8.594s][info][gc,heap     ] GC(221) Eden regions: 149->0(150)
[8.595s][info][gc,heap     ] GC(221) Survivor regions: 4->3(20)
[8.595s][info][gc,heap     ] GC(221) Old regions: 2->2
[8.595s][info][gc,heap     ] GC(221) Archive regions: 2->2
[8.596s][info][gc,heap     ] GC(221) Humongous regions: 0->0
[8.597s][info][gc,metaspace] GC(221) Metaspace: 613K(832K)->613K(832K) NonClass: 595K(704K)->595K(704K) Class: 17K(128K)->17K(128K)
[8.597s][info][gc          ] GC(221) Pause Young (Normal) (G1 Evacuation Pause) 154M->5M(256M) 8.962ms
[8.598s][info][gc,cpu      ] GC(221) User=0.01s Sys=0.00s Real=0.01s
[8.622s][info][gc,start    ] GC(222) Pause Young (Normal) (G1 Evacuation Pause)
[8.622s][info][gc,task     ] GC(222) Using 6 workers of 8 for evacuation
[8.626s][info][gc,phases   ] GC(222)   Pre Evacuate Collection Set: 0.2ms
[8.627s][info][gc,phases   ] GC(222)   Merge Heap Roots: 0.2ms
[8.627s][info][gc,phases   ] GC(222)   Evacuate Collection Set: 1.4ms
[8.628s][info][gc,phases   ] GC(222)   Post Evacuate Collection Set: 1.1ms
[8.629s][info][gc,phases   ] GC(222)   Other: 0.5ms
[8.629s][info][gc,heap     ] GC(222) Eden regions: 150->0(149)
[8.629s][info][gc,heap     ] GC(222) Survivor regions: 3->4(20)
[8.629s][info][gc,heap     ] GC(222) Old regions: 2->2
[8.630s][info][gc,heap     ] GC(222) Archive regions: 2->2
[8.630s][info][gc,heap     ] GC(222) Humongous regions: 0->0
[8.630s][info][gc,metaspace] GC(222) Metaspace: 613K(832K)->613K(832K) NonClass: 595K(704K)->595K(704K) Class: 17K(128K)->17K(128K)
[8.631s][info][gc          ] GC(222) Pause Young (Normal) (G1 Evacuation Pause) 155M->5M(256M) 8.749ms
[8.631s][info][gc,cpu      ] GC(222) User=0.01s Sys=0.00s Real=0.01s
[8.654s][info][gc,start    ] GC(223) Pause Young (Normal) (G1 Evacuation Pause)
[8.654s][info][gc,task     ] GC(223) Using 6 workers of 8 for evacuation
[8.656s][info][gc,phases   ] GC(223)   Pre Evacuate Collection Set: 0.2ms
[8.657s][info][gc,phases   ] GC(223)   Merge Heap Roots: 0.2ms
[8.657s][info][gc,phases   ] GC(223)   Evacuate Collection Set: 0.6ms
[8.657s][info][gc,phases   ] GC(223)   Post Evacuate Collection Set: 0.7ms
[8.658s][info][gc,phases   ] GC(223)   Other: 0.4ms
[8.659s][info][gc,heap     ] GC(223) Eden regions: 149->0(150)
[8.659s][info][gc,heap     ] GC(223) Survivor regions: 4->3(20)
[8.659s][info][gc,heap     ] GC(223) Old regions: 2->2
[8.660s][info][gc,heap     ] GC(223) Archive regions: 2->2
[8.660s][info][gc,heap     ] GC(223) Humongous regions: 0->0
[8.661s][info][gc,metaspace] GC(223) Metaspace: 613K(832K)->613K(832K) NonClass: 595K(704K)->595K(704K) Class: 17K(128K)->17K(128K)
[8.661s][info][gc          ] GC(223) Pause Young (Normal) (G1 Evacuation Pause) 154M->5M(256M) 7.352ms
[8.662s][info][gc,cpu      ] GC(223) User=0.01s Sys=0.00s Real=0.01s
[8.688s][info][gc,start    ] GC(224) Pause Young (Normal) (G1 Evacuation Pause)
[8.688s][info][gc,task     ] GC(224) Using 6 workers of 8 for evacuation
[8.690s][info][gc,phases   ] GC(224)   Pre Evacuate Collection Set: 0.1ms
[8.691s][info][gc,phases   ] GC(224)   Merge Heap Roots: 0.1ms
[8.691s][info][gc,phases   ] GC(224)   Evacuate Collection Set: 0.7ms
[8.692s][info][gc,phases   ] GC(224)   Post Evacuate Collection Set: 0.7ms
[8.692s][info][gc,phases   ] GC(224)   Other: 0.4ms
[8.693s][info][gc,heap     ] GC(224) Eden regions: 150->0(149)
[8.693s][info][gc,heap     ] GC(224) Survivor regions: 3->4(20)
[8.693s][info][gc,heap     ] GC(224) Old regions: 2->2
[8.694s][info][gc,heap     ] GC(224) Archive regions: 2->2
[8.694s][info][gc,heap     ] GC(224) Humongous regions: 0->0
[8.694s][info][gc,metaspace] GC(224) Metaspace: 613K(832K)->613K(832K) NonClass: 595K(704K)->595K(704K) Class: 17K(128K)->17K(128K)
[8.695s][info][gc          ] GC(224) Pause Young (Normal) (G1 Evacuation Pause) 155M->6M(256M) 7.079ms
[8.695s][info][gc,cpu      ] GC(224) User=0.01s Sys=0.00s Real=0.00s
[8.721s][info][gc,start    ] GC(225) Pause Young (Normal) (G1 Evacuation Pause)
[8.721s][info][gc,task     ] GC(225) Using 6 workers of 8 for evacuation
[8.723s][info][gc,phases   ] GC(225)   Pre Evacuate Collection Set: 0.1ms
[8.723s][info][gc,phases   ] GC(225)   Merge Heap Roots: 0.1ms
[8.723s][info][gc,phases   ] GC(225)   Evacuate Collection Set: 0.6ms
[8.724s][info][gc,phases   ] GC(225)   Post Evacuate Collection Set: 0.5ms
[8.724s][info][gc,phases   ] GC(225)   Other: 0.4ms
[8.725s][info][gc,heap     ] GC(225) Eden regions: 149->0(149)
[8.725s][info][gc,heap     ] GC(225) Survivor regions: 4->4(20)
[8.726s][info][gc,heap     ] GC(225) Old regions: 2->2
[8.726s][info][gc,heap     ] GC(225) Archive regions: 2->2
[8.726s][info][gc,heap     ] GC(225) Humongous regions: 0->0
[8.727s][info][gc,metaspace] GC(225) Metaspace: 613K(832K)->613K(832K) NonClass: 595K(704K)->595K(704K) Class: 17K(128K)->17K(128K)
[8.727s][info][gc          ] GC(225) Pause Young (Normal) (G1 Evacuation Pause) 155M->6M(256M) 6.490ms
[8.728s][info][gc,cpu      ] GC(225) User=0.01s Sys=0.00s Real=0.01s
[8.750s][info][gc,start    ] GC(226) Pause Young (Normal) (G1 Evacuation Pause)
[8.751s][info][gc,task     ] GC(226) Using 6 workers of 8 for evacuation
[8.753s][info][gc,phases   ] GC(226)   Pre Evacuate Collection Set: 0.1ms
[8.753s][info][gc,phases   ] GC(226)   Merge Heap Roots: 0.1ms
[8.753s][info][gc,phases   ] GC(226)   Evacuate Collection Set: 0.6ms
[8.753s][info][gc,phases   ] GC(226)   Post Evacuate Collection Set: 0.6ms
[8.754s][info][gc,phases   ] GC(226)   Other: 0.4ms
[8.754s][info][gc,heap     ] GC(226) Eden regions: 149->0(149)
[8.754s][info][gc,heap     ] GC(226) Survivor regions: 4->4(20)
[8.754s][info][gc,heap     ] GC(226) Old regions: 2->2
[8.755s][info][gc,heap     ] GC(226) Archive regions: 2->2
[8.755s][info][gc,heap     ] GC(226) Humongous regions: 0->0
[8.755s][info][gc,metaspace] GC(226) Metaspace: 613K(832K)->613K(832K) NonClass: 595K(704K)->595K(704K) Class: 17K(128K)->17K(128K)
[8.755s][info][gc          ] GC(226) Pause Young (Normal) (G1 Evacuation Pause) 155M->5M(256M) 4.976ms
[8.756s][info][gc,cpu      ] GC(226) User=0.00s Sys=0.00s Real=0.00s
[8.782s][info][gc,start    ] GC(227) Pause Young (Normal) (G1 Evacuation Pause)
[8.783s][info][gc,task     ] GC(227) Using 6 workers of 8 for evacuation
[8.785s][info][gc,phases   ] GC(227)   Pre Evacuate Collection Set: 0.2ms
[8.785s][info][gc,phases   ] GC(227)   Merge Heap Roots: 0.1ms
[8.786s][info][gc,phases   ] GC(227)   Evacuate Collection Set: 0.7ms
[8.786s][info][gc,phases   ] GC(227)   Post Evacuate Collection Set: 0.7ms
[8.786s][info][gc,phases   ] GC(227)   Other: 0.5ms
[8.787s][info][gc,heap     ] GC(227) Eden regions: 149->0(150)
[8.787s][info][gc,heap     ] GC(227) Survivor regions: 4->3(20)
[8.787s][info][gc,heap     ] GC(227) Old regions: 2->2
[8.788s][info][gc,heap     ] GC(227) Archive regions: 2->2
[8.788s][info][gc,heap     ] GC(227) Humongous regions: 0->0
[8.788s][info][gc,metaspace] GC(227) Metaspace: 613K(832K)->613K(832K) NonClass: 595K(704K)->595K(704K) Class: 17K(128K)->17K(128K)
[8.789s][info][gc          ] GC(227) Pause Young (Normal) (G1 Evacuation Pause) 154M->5M(256M) 6.191ms
[8.789s][info][gc,cpu      ] GC(227) User=0.00s Sys=0.00s Real=0.01s
[8.818s][info][gc,start    ] GC(228) Pause Young (Normal) (G1 Evacuation Pause)
[8.818s][info][gc,task     ] GC(228) Using 6 workers of 8 for evacuation
[8.821s][info][gc,phases   ] GC(228)   Pre Evacuate Collection Set: 0.2ms
[8.821s][info][gc,phases   ] GC(228)   Merge Heap Roots: 0.1ms
[8.821s][info][gc,phases   ] GC(228)   Evacuate Collection Set: 0.9ms
[8.822s][info][gc,phases   ] GC(228)   Post Evacuate Collection Set: 0.6ms
[8.822s][info][gc,phases   ] GC(228)   Other: 0.4ms
[8.822s][info][gc,heap     ] GC(228) Eden regions: 150->0(149)
[8.823s][info][gc,heap     ] GC(228) Survivor regions: 3->4(20)
[8.823s][info][gc,heap     ] GC(228) Old regions: 2->2
[8.823s][info][gc,heap     ] GC(228) Archive regions: 2->2
[8.824s][info][gc,heap     ] GC(228) Humongous regions: 0->0
[8.824s][info][gc,metaspace] GC(228) Metaspace: 613K(832K)->613K(832K) NonClass: 595K(704K)->595K(704K) Class: 17K(128K)->17K(128K)
[8.824s][info][gc          ] GC(228) Pause Young (Normal) (G1 Evacuation Pause) 155M->6M(256M) 6.484ms
[8.825s][info][gc,cpu      ] GC(228) User=0.01s Sys=0.00s Real=0.00s
[8.852s][info][gc,start    ] GC(229) Pause Young (Normal) (G1 Evacuation Pause)
[8.853s][info][gc,task     ] GC(229) Using 6 workers of 8 for evacuation
[8.855s][info][gc,phases   ] GC(229)   Pre Evacuate Collection Set: 0.2ms
[8.855s][info][gc,phases   ] GC(229)   Merge Heap Roots: 0.1ms
[8.855s][info][gc,phases   ] GC(229)   Evacuate Collection Set: 0.6ms
[8.856s][info][gc,phases   ] GC(229)   Post Evacuate Collection Set: 0.6ms
[8.856s][info][gc,phases   ] GC(229)   Other: 0.4ms
[8.856s][info][gc,heap     ] GC(229) Eden regions: 149->0(149)
[8.857s][info][gc,heap     ] GC(229) Survivor regions: 4->4(20)
[8.857s][info][gc,heap     ] GC(229) Old regions: 2->2
[8.857s][info][gc,heap     ] GC(229) Archive regions: 2->2
[8.858s][info][gc,heap     ] GC(229) Humongous regions: 0->0
[8.858s][info][gc,metaspace] GC(229) Metaspace: 613K(832K)->613K(832K) NonClass: 595K(704K)->595K(704K) Class: 17K(128K)->17K(128K)
[8.859s][info][gc          ] GC(229) Pause Young (Normal) (G1 Evacuation Pause) 155M->6M(256M) 6.191ms
[8.859s][info][gc,cpu      ] GC(229) User=0.01s Sys=0.00s Real=0.01s
[8.885s][info][gc,start    ] GC(230) Pause Young (Normal) (G1 Evacuation Pause)
[8.885s][info][gc,task     ] GC(230) Using 6 workers of 8 for evacuation
[8.887s][info][gc,phases   ] GC(230)   Pre Evacuate Collection Set: 0.1ms
[8.887s][info][gc,phases   ] GC(230)   Merge Heap Roots: 0.1ms
[8.887s][info][gc,phases   ] GC(230)   Evacuate Collection Set: 0.6ms
[8.888s][info][gc,phases   ] GC(230)   Post Evacuate Collection Set: 0.6ms
[8.888s][info][gc,phases   ] GC(230)   Other: 0.3ms
[8.888s][info][gc,heap     ] GC(230) Eden regions: 149->0(149)
[8.888s][info][gc,heap     ] GC(230) Survivor regions: 4->4(20)
[8.889s][info][gc,heap     ] GC(230) Old regions: 2->2
[8.889s][info][gc,heap     ] GC(230) Archive regions: 2->2
[8.889s][info][gc,heap     ] GC(230) Humongous regions: 0->0
[8.889s][info][gc,metaspace] GC(230) Metaspace: 613K(832K)->613K(832K) NonClass: 595K(704K)->595K(704K) Class: 17K(128K)->17K(128K)
[8.890s][info][gc          ] GC(230) Pause Young (Normal) (G1 Evacuation Pause) 155M->5M(256M) 5.276ms
[8.890s][info][gc,cpu      ] GC(230) User=0.00s Sys=0.01s Real=0.01s
[8.915s][info][gc,start    ] GC(231) Pause Young (Normal) (G1 Evacuation Pause)
[8.916s][info][gc,task     ] GC(231) Using 6 workers of 8 for evacuation
[8.918s][info][gc,phases   ] GC(231)   Pre Evacuate Collection Set: 0.1ms
[8.918s][info][gc,phases   ] GC(231)   Merge Heap Roots: 0.2ms
[8.919s][info][gc,phases   ] GC(231)   Evacuate Collection Set: 0.8ms
[8.919s][info][gc,phases   ] GC(231)   Post Evacuate Collection Set: 0.7ms
[8.919s][info][gc,phases   ] GC(231)   Other: 0.4ms
[8.920s][info][gc,heap     ] GC(231) Eden regions: 149->0(150)
[8.920s][info][gc,heap     ] GC(231) Survivor regions: 4->3(20)
[8.920s][info][gc,heap     ] GC(231) Old regions: 2->2
[8.920s][info][gc,heap     ] GC(231) Archive regions: 2->2
[8.921s][info][gc,heap     ] GC(231) Humongous regions: 0->0
[8.921s][info][gc,metaspace] GC(231) Metaspace: 613K(832K)->613K(832K) NonClass: 595K(704K)->595K(704K) Class: 17K(128K)->17K(128K)
[8.921s][info][gc          ] GC(231) Pause Young (Normal) (G1 Evacuation Pause) 154M->5M(256M) 5.771ms
[8.921s][info][gc,cpu      ] GC(231) User=0.00s Sys=0.01s Real=0.01s
[8.955s][info][gc,start    ] GC(232) Pause Young (Normal) (G1 Evacuation Pause)
[8.956s][info][gc,task     ] GC(232) Using 6 workers of 8 for evacuation
[8.966s][info][gc,phases   ] GC(232)   Pre Evacuate Collection Set: 0.4ms
[8.967s][info][gc,phases   ] GC(232)   Merge Heap Roots: 0.3ms
[8.967s][info][gc,phases   ] GC(232)   Evacuate Collection Set: 3.6ms
[8.968s][info][gc,phases   ] GC(232)   Post Evacuate Collection Set: 0.9ms
[8.968s][info][gc,phases   ] GC(232)   Other: 4.8ms
[8.968s][info][gc,heap     ] GC(232) Eden regions: 150->0(149)
[8.969s][info][gc,heap     ] GC(232) Survivor regions: 3->4(20)
[8.971s][info][gc,heap     ] GC(232) Old regions: 2->2
[8.971s][info][gc,heap     ] GC(232) Archive regions: 2->2
[8.976s][info][gc,heap     ] GC(232) Humongous regions: 0->0
[8.984s][info][gc,metaspace] GC(232) Metaspace: 613K(832K)->613K(832K) NonClass: 595K(704K)->595K(704K) Class: 17K(128K)->17K(128K)
[8.985s][info][gc          ] GC(232) Pause Young (Normal) (G1 Evacuation Pause) 155M->6M(256M) 29.811ms
[8.986s][info][gc,cpu      ] GC(232) User=0.01s Sys=0.00s Real=0.03s
[9.057s][info][gc,start    ] GC(233) Pause Young (Normal) (G1 Evacuation Pause)
[9.059s][info][gc,task     ] GC(233) Using 6 workers of 8 for evacuation
[9.064s][info][gc,phases   ] GC(233)   Pre Evacuate Collection Set: 0.4ms
[9.065s][info][gc,phases   ] GC(233)   Merge Heap Roots: 0.4ms
[9.065s][info][gc,phases   ] GC(233)   Evacuate Collection Set: 1.3ms
[9.065s][info][gc,phases   ] GC(233)   Post Evacuate Collection Set: 1.2ms
[9.066s][info][gc,phases   ] GC(233)   Other: 1.9ms
[9.066s][info][gc,heap     ] GC(233) Eden regions: 149->0(149)
[9.067s][info][gc,heap     ] GC(233) Survivor regions: 4->4(20)
[9.068s][info][gc,heap     ] GC(233) Old regions: 2->2
[9.068s][info][gc,heap     ] GC(233) Archive regions: 2->2
[9.068s][info][gc,heap     ] GC(233) Humongous regions: 0->0
[9.069s][info][gc,metaspace] GC(233) Metaspace: 613K(832K)->613K(832K) NonClass: 595K(704K)->595K(704K) Class: 17K(128K)->17K(128K)
[9.069s][info][gc          ] GC(233) Pause Young (Normal) (G1 Evacuation Pause) 155M->5M(256M) 11.985ms
[9.070s][info][gc,cpu      ] GC(233) User=0.01s Sys=0.00s Real=0.01s
[9.108s][info][gc,start    ] GC(234) Pause Young (Normal) (G1 Evacuation Pause)
[9.109s][info][gc,task     ] GC(234) Using 6 workers of 8 for evacuation
[9.113s][info][gc,phases   ] GC(234)   Pre Evacuate Collection Set: 0.3ms
[9.113s][info][gc,phases   ] GC(234)   Merge Heap Roots: 0.2ms
[9.114s][info][gc,phases   ] GC(234)   Evacuate Collection Set: 1.1ms
[9.114s][info][gc,phases   ] GC(234)   Post Evacuate Collection Set: 0.9ms
[9.114s][info][gc,phases   ] GC(234)   Other: 1.5ms
[9.115s][info][gc,heap     ] GC(234) Eden regions: 149->0(150)
[9.115s][info][gc,heap     ] GC(234) Survivor regions: 4->3(20)
[9.115s][info][gc,heap     ] GC(234) Old regions: 2->2
[9.115s][info][gc,heap     ] GC(234) Archive regions: 2->2
[9.116s][info][gc,heap     ] GC(234) Humongous regions: 0->0
[9.116s][info][gc,metaspace] GC(234) Metaspace: 613K(832K)->613K(832K) NonClass: 595K(704K)->595K(704K) Class: 17K(128K)->17K(128K)
[9.116s][info][gc          ] GC(234) Pause Young (Normal) (G1 Evacuation Pause) 154M->5M(256M) 8.764ms
[9.117s][info][gc,cpu      ] GC(234) User=0.00s Sys=0.01s Real=0.01s
[9.152s][info][gc,start    ] GC(235) Pause Young (Normal) (G1 Evacuation Pause)
[9.153s][info][gc,task     ] GC(235) Using 6 workers of 8 for evacuation
[9.155s][info][gc,phases   ] GC(235)   Pre Evacuate Collection Set: 0.2ms
[9.156s][info][gc,phases   ] GC(235)   Merge Heap Roots: 0.2ms
[9.156s][info][gc,phases   ] GC(235)   Evacuate Collection Set: 1.0ms
[9.156s][info][gc,phases   ] GC(235)   Post Evacuate Collection Set: 0.7ms
[9.158s][info][gc,phases   ] GC(235)   Other: 0.3ms
[9.159s][info][gc,heap     ] GC(235) Eden regions: 150->0(149)
[9.160s][info][gc,heap     ] GC(235) Survivor regions: 3->4(20)
[9.161s][info][gc,heap     ] GC(235) Old regions: 2->2
[9.161s][info][gc,heap     ] GC(235) Archive regions: 2->2
[9.161s][info][gc,heap     ] GC(235) Humongous regions: 0->0
[9.162s][info][gc,metaspace] GC(235) Metaspace: 613K(832K)->613K(832K) NonClass: 595K(704K)->595K(704K) Class: 17K(128K)->17K(128K)
[9.162s][info][gc          ] GC(235) Pause Young (Normal) (G1 Evacuation Pause) 155M->6M(256M) 9.362ms
[9.162s][info][gc,cpu      ] GC(235) User=0.00s Sys=0.00s Real=0.01s
[9.189s][info][gc,start    ] GC(236) Pause Young (Normal) (G1 Evacuation Pause)
[9.189s][info][gc,task     ] GC(236) Using 6 workers of 8 for evacuation
[9.194s][info][gc,phases   ] GC(236)   Pre Evacuate Collection Set: 0.2ms
[9.194s][info][gc,phases   ] GC(236)   Merge Heap Roots: 0.1ms
[9.195s][info][gc,phases   ] GC(236)   Evacuate Collection Set: 2.8ms
[9.195s][info][gc,phases   ] GC(236)   Post Evacuate Collection Set: 1.0ms
[9.195s][info][gc,phases   ] GC(236)   Other: 0.3ms
[9.195s][info][gc,heap     ] GC(236) Eden regions: 149->0(149)
[9.195s][info][gc,heap     ] GC(236) Survivor regions: 4->4(20)
[9.196s][info][gc,heap     ] GC(236) Old regions: 2->2
[9.196s][info][gc,heap     ] GC(236) Archive regions: 2->2
[9.196s][info][gc,heap     ] GC(236) Humongous regions: 0->0
[9.196s][info][gc,metaspace] GC(236) Metaspace: 613K(832K)->613K(832K) NonClass: 595K(704K)->595K(704K) Class: 17K(128K)->17K(128K)
[9.197s][info][gc          ] GC(236) Pause Young (Normal) (G1 Evacuation Pause) 155M->5M(256M) 7.690ms
[9.197s][info][gc,cpu      ] GC(236) User=0.01s Sys=0.00s Real=0.01s
[9.220s][info][gc,start    ] GC(237) Pause Young (Normal) (G1 Evacuation Pause)
[9.221s][info][gc,task     ] GC(237) Using 6 workers of 8 for evacuation
[9.223s][info][gc,phases   ] GC(237)   Pre Evacuate Collection Set: 0.2ms
[9.223s][info][gc,phases   ] GC(237)   Merge Heap Roots: 0.1ms
[9.223s][info][gc,phases   ] GC(237)   Evacuate Collection Set: 0.8ms
[9.224s][info][gc,phases   ] GC(237)   Post Evacuate Collection Set: 0.5ms
[9.224s][info][gc,phases   ] GC(237)   Other: 0.3ms
[9.225s][info][gc,heap     ] GC(237) Eden regions: 149->0(149)
[9.225s][info][gc,heap     ] GC(237) Survivor regions: 4->4(20)
[9.226s][info][gc,heap     ] GC(237) Old regions: 2->2
[9.226s][info][gc,heap     ] GC(237) Archive regions: 2->2
[9.226s][info][gc,heap     ] GC(237) Humongous regions: 0->0
[9.227s][info][gc,metaspace] GC(237) Metaspace: 613K(832K)->613K(832K) NonClass: 595K(704K)->595K(704K) Class: 17K(128K)->17K(128K)
[9.227s][info][gc          ] GC(237) Pause Young (Normal) (G1 Evacuation Pause) 154M->5M(256M) 6.551ms
[9.227s][info][gc,cpu      ] GC(237) User=0.01s Sys=0.00s Real=0.01s
[9.254s][info][gc,start    ] GC(238) Pause Young (Normal) (G1 Evacuation Pause)
[9.254s][info][gc,task     ] GC(238) Using 6 workers of 8 for evacuation
[9.257s][info][gc,phases   ] GC(238)   Pre Evacuate Collection Set: 0.2ms
[9.258s][info][gc,phases   ] GC(238)   Merge Heap Roots: 0.2ms
[9.259s][info][gc,phases   ] GC(238)   Evacuate Collection Set: 0.8ms
[9.259s][info][gc,phases   ] GC(238)   Post Evacuate Collection Set: 0.7ms
[9.260s][info][gc,phases   ] GC(238)   Other: 0.5ms
[9.260s][info][gc,heap     ] GC(238) Eden regions: 149->0(150)
[9.261s][info][gc,heap     ] GC(238) Survivor regions: 4->3(20)
[9.261s][info][gc,heap     ] GC(238) Old regions: 2->2
[9.261s][info][gc,heap     ] GC(238) Archive regions: 2->2
[9.262s][info][gc,heap     ] GC(238) Humongous regions: 0->0
[9.262s][info][gc,metaspace] GC(238) Metaspace: 613K(832K)->613K(832K) NonClass: 595K(704K)->595K(704K) Class: 17K(128K)->17K(128K)
[9.262s][info][gc          ] GC(238) Pause Young (Normal) (G1 Evacuation Pause) 154M->5M(256M) 8.473ms
[9.263s][info][gc,cpu      ] GC(238) User=0.00s Sys=0.01s Real=0.01s
[9.286s][info][gc,start    ] GC(239) Pause Young (Normal) (G1 Evacuation Pause)
[9.287s][info][gc,task     ] GC(239) Using 6 workers of 8 for evacuation
[9.289s][info][gc,phases   ] GC(239)   Pre Evacuate Collection Set: 0.2ms
[9.289s][info][gc,phases   ] GC(239)   Merge Heap Roots: 0.2ms
[9.289s][info][gc,phases   ] GC(239)   Evacuate Collection Set: 0.7ms
[9.290s][info][gc,phases   ] GC(239)   Post Evacuate Collection Set: 0.6ms
[9.290s][info][gc,phases   ] GC(239)   Other: 0.3ms
[9.290s][info][gc,heap     ] GC(239) Eden regions: 150->0(149)
[9.292s][info][gc,heap     ] GC(239) Survivor regions: 3->4(20)
[9.292s][info][gc,heap     ] GC(239) Old regions: 2->2
[9.293s][info][gc,heap     ] GC(239) Archive regions: 2->2
[9.293s][info][gc,heap     ] GC(239) Humongous regions: 0->0
[9.293s][info][gc,metaspace] GC(239) Metaspace: 613K(832K)->613K(832K) NonClass: 595K(704K)->595K(704K) Class: 17K(128K)->17K(128K)
[9.294s][info][gc          ] GC(239) Pause Young (Normal) (G1 Evacuation Pause) 155M->6M(256M) 7.173ms
[9.294s][info][gc,cpu      ] GC(239) User=0.01s Sys=0.00s Real=0.01s
[9.321s][info][gc,start    ] GC(240) Pause Young (Normal) (G1 Evacuation Pause)
[9.321s][info][gc,task     ] GC(240) Using 6 workers of 8 for evacuation
[9.323s][info][gc,phases   ] GC(240)   Pre Evacuate Collection Set: 0.2ms
[9.323s][info][gc,phases   ] GC(240)   Merge Heap Roots: 0.2ms
[9.324s][info][gc,phases   ] GC(240)   Evacuate Collection Set: 0.7ms
[9.325s][info][gc,phases   ] GC(240)   Post Evacuate Collection Set: 0.6ms
[9.325s][info][gc,phases   ] GC(240)   Other: 0.3ms
[9.326s][info][gc,heap     ] GC(240) Eden regions: 149->0(149)
[9.326s][info][gc,heap     ] GC(240) Survivor regions: 4->4(20)
[9.326s][info][gc,heap     ] GC(240) Old regions: 2->2
[9.327s][info][gc,heap     ] GC(240) Archive regions: 2->2
[9.327s][info][gc,heap     ] GC(240) Humongous regions: 0->0
[9.327s][info][gc,metaspace] GC(240) Metaspace: 613K(832K)->613K(832K) NonClass: 595K(704K)->595K(704K) Class: 17K(128K)->17K(128K)
[9.328s][info][gc          ] GC(240) Pause Young (Normal) (G1 Evacuation Pause) 155M->5M(256M) 6.958ms
[9.328s][info][gc,cpu      ] GC(240) User=0.01s Sys=0.00s Real=0.01s
[9.353s][info][gc,start    ] GC(241) Pause Young (Normal) (G1 Evacuation Pause)
[9.353s][info][gc,task     ] GC(241) Using 6 workers of 8 for evacuation
[9.355s][info][gc,phases   ] GC(241)   Pre Evacuate Collection Set: 0.2ms
[9.356s][info][gc,phases   ] GC(241)   Merge Heap Roots: 0.2ms
[9.356s][info][gc,phases   ] GC(241)   Evacuate Collection Set: 0.8ms
[9.356s][info][gc,phases   ] GC(241)   Post Evacuate Collection Set: 0.6ms
[9.357s][info][gc,phases   ] GC(241)   Other: 0.4ms
[9.357s][info][gc,heap     ] GC(241) Eden regions: 149->0(150)
[9.357s][info][gc,heap     ] GC(241) Survivor regions: 4->3(20)
[9.358s][info][gc,heap     ] GC(241) Old regions: 2->2
[9.358s][info][gc,heap     ] GC(241) Archive regions: 2->2
[9.359s][info][gc,heap     ] GC(241) Humongous regions: 0->0
[9.359s][info][gc,metaspace] GC(241) Metaspace: 613K(832K)->613K(832K) NonClass: 595K(704K)->595K(704K) Class: 17K(128K)->17K(128K)
[9.359s][info][gc          ] GC(241) Pause Young (Normal) (G1 Evacuation Pause) 154M->5M(256M) 6.613ms
[9.360s][info][gc,cpu      ] GC(241) User=0.01s Sys=0.00s Real=0.01s
[9.385s][info][gc,start    ] GC(242) Pause Young (Normal) (G1 Evacuation Pause)
[9.385s][info][gc,task     ] GC(242) Using 6 workers of 8 for evacuation
[9.387s][info][gc,phases   ] GC(242)   Pre Evacuate Collection Set: 0.2ms
[9.388s][info][gc,phases   ] GC(242)   Merge Heap Roots: 0.3ms
[9.388s][info][gc,phases   ] GC(242)   Evacuate Collection Set: 0.7ms
[9.388s][info][gc,phases   ] GC(242)   Post Evacuate Collection Set: 0.6ms
[9.388s][info][gc,phases   ] GC(242)   Other: 0.3ms
[9.389s][info][gc,heap     ] GC(242) Eden regions: 150->0(149)
[9.389s][info][gc,heap     ] GC(242) Survivor regions: 3->4(20)
[9.389s][info][gc,heap     ] GC(242) Old regions: 2->2
[9.389s][info][gc,heap     ] GC(242) Archive regions: 2->2
[9.390s][info][gc,heap     ] GC(242) Humongous regions: 0->0
[9.390s][info][gc,metaspace] GC(242) Metaspace: 613K(832K)->613K(832K) NonClass: 595K(704K)->595K(704K) Class: 17K(128K)->17K(128K)
[9.391s][info][gc          ] GC(242) Pause Young (Normal) (G1 Evacuation Pause) 155M->6M(256M) 6.305ms
[9.392s][info][gc,cpu      ] GC(242) User=0.01s Sys=0.00s Real=0.01s
[9.420s][info][gc,start    ] GC(243) Pause Young (Normal) (G1 Evacuation Pause)
[9.420s][info][gc,task     ] GC(243) Using 6 workers of 8 for evacuation
[9.422s][info][gc,phases   ] GC(243)   Pre Evacuate Collection Set: 0.2ms
[9.422s][info][gc,phases   ] GC(243)   Merge Heap Roots: 0.2ms
[9.423s][info][gc,phases   ] GC(243)   Evacuate Collection Set: 0.6ms
[9.423s][info][gc,phases   ] GC(243)   Post Evacuate Collection Set: 0.6ms
[9.424s][info][gc,phases   ] GC(243)   Other: 0.3ms
[9.425s][info][gc,heap     ] GC(243) Eden regions: 149->0(149)
[9.425s][info][gc,heap     ] GC(243) Survivor regions: 4->4(20)
[9.425s][info][gc,heap     ] GC(243) Old regions: 2->2
[9.426s][info][gc,heap     ] GC(243) Archive regions: 2->2
[9.426s][info][gc,heap     ] GC(243) Humongous regions: 0->0
[9.427s][info][gc,metaspace] GC(243) Metaspace: 613K(832K)->613K(832K) NonClass: 595K(704K)->595K(704K) Class: 17K(128K)->17K(128K)
[9.427s][info][gc          ] GC(243) Pause Young (Normal) (G1 Evacuation Pause) 155M->6M(256M) 7.232ms
[9.427s][info][gc,cpu      ] GC(243) User=0.00s Sys=0.00s Real=0.01s
[9.457s][info][gc,start    ] GC(244) Pause Young (Normal) (G1 Evacuation Pause)
[9.459s][info][gc,task     ] GC(244) Using 6 workers of 8 for evacuation
[9.463s][info][gc,phases   ] GC(244)   Pre Evacuate Collection Set: 0.4ms
[9.463s][info][gc,phases   ] GC(244)   Merge Heap Roots: 0.4ms
[9.463s][info][gc,phases   ] GC(244)   Evacuate Collection Set: 1.3ms
[9.464s][info][gc,phases   ] GC(244)   Post Evacuate Collection Set: 0.8ms
[9.464s][info][gc,phases   ] GC(244)   Other: 0.8ms
[9.464s][info][gc,heap     ] GC(244) Eden regions: 149->0(149)
[9.465s][info][gc,heap     ] GC(244) Survivor regions: 4->4(20)
[9.465s][info][gc,heap     ] GC(244) Old regions: 2->2
[9.465s][info][gc,heap     ] GC(244) Archive regions: 2->2
[9.466s][info][gc,heap     ] GC(244) Humongous regions: 0->0
[9.466s][info][gc,metaspace] GC(244) Metaspace: 613K(832K)->613K(832K) NonClass: 595K(704K)->595K(704K) Class: 17K(128K)->17K(128K)
[9.466s][info][gc          ] GC(244) Pause Young (Normal) (G1 Evacuation Pause) 155M->5M(256M) 9.267ms
[9.467s][info][gc,cpu      ] GC(244) User=0.01s Sys=0.00s Real=0.01s
[9.495s][info][gc,start    ] GC(245) Pause Young (Normal) (G1 Evacuation Pause)
[9.496s][info][gc,task     ] GC(245) Using 6 workers of 8 for evacuation
[9.498s][info][gc,phases   ] GC(245)   Pre Evacuate Collection Set: 0.2ms
[9.499s][info][gc,phases   ] GC(245)   Merge Heap Roots: 0.3ms
[9.499s][info][gc,phases   ] GC(245)   Evacuate Collection Set: 1.0ms
[9.499s][info][gc,phases   ] GC(245)   Post Evacuate Collection Set: 0.6ms
[9.500s][info][gc,phases   ] GC(245)   Other: 0.4ms
[9.500s][info][gc,heap     ] GC(245) Eden regions: 149->0(150)
[9.500s][info][gc,heap     ] GC(245) Survivor regions: 4->3(20)
[9.501s][info][gc,heap     ] GC(245) Old regions: 2->2
[9.501s][info][gc,heap     ] GC(245) Archive regions: 2->2
[9.501s][info][gc,heap     ] GC(245) Humongous regions: 0->0
[9.501s][info][gc,metaspace] GC(245) Metaspace: 613K(832K)->613K(832K) NonClass: 595K(704K)->595K(704K) Class: 17K(128K)->17K(128K)
[9.502s][info][gc          ] GC(245) Pause Young (Normal) (G1 Evacuation Pause) 154M->5M(256M) 6.224ms
[9.502s][info][gc,cpu      ] GC(245) User=0.00s Sys=0.01s Real=0.01s
[9.531s][info][gc,start    ] GC(246) Pause Young (Normal) (G1 Evacuation Pause)
[9.532s][info][gc,task     ] GC(246) Using 6 workers of 8 for evacuation
[9.534s][info][gc,phases   ] GC(246)   Pre Evacuate Collection Set: 0.2ms
[9.534s][info][gc,phases   ] GC(246)   Merge Heap Roots: 0.2ms
[9.535s][info][gc,phases   ] GC(246)   Evacuate Collection Set: 0.8ms
[9.535s][info][gc,phases   ] GC(246)   Post Evacuate Collection Set: 0.6ms
[9.535s][info][gc,phases   ] GC(246)   Other: 0.4ms
[9.536s][info][gc,heap     ] GC(246) Eden regions: 150->0(149)
[9.536s][info][gc,heap     ] GC(246) Survivor regions: 3->4(20)
[9.536s][info][gc,heap     ] GC(246) Old regions: 2->2
[9.536s][info][gc,heap     ] GC(246) Archive regions: 2->2
[9.537s][info][gc,heap     ] GC(246) Humongous regions: 0->0
[9.537s][info][gc,metaspace] GC(246) Metaspace: 613K(832K)->613K(832K) NonClass: 595K(704K)->595K(704K) Class: 17K(128K)->17K(128K)
[9.537s][info][gc          ] GC(246) Pause Young (Normal) (G1 Evacuation Pause) 155M->6M(256M) 5.810ms
[9.537s][info][gc,cpu      ] GC(246) User=0.01s Sys=0.00s Real=0.01s
[9.565s][info][gc,start    ] GC(247) Pause Young (Normal) (G1 Evacuation Pause)
[9.565s][info][gc,task     ] GC(247) Using 6 workers of 8 for evacuation
[9.568s][info][gc,phases   ] GC(247)   Pre Evacuate Collection Set: 0.2ms
[9.568s][info][gc,phases   ] GC(247)   Merge Heap Roots: 0.2ms
[9.568s][info][gc,phases   ] GC(247)   Evacuate Collection Set: 0.8ms
[9.568s][info][gc,phases   ] GC(247)   Post Evacuate Collection Set: 0.6ms
[9.569s][info][gc,phases   ] GC(247)   Other: 0.4ms
[9.569s][info][gc,heap     ] GC(247) Eden regions: 149->0(149)
[9.569s][info][gc,heap     ] GC(247) Survivor regions: 4->4(20)
[9.570s][info][gc,heap     ] GC(247) Old regions: 2->2
[9.570s][info][gc,heap     ] GC(247) Archive regions: 2->2
[9.570s][info][gc,heap     ] GC(247) Humongous regions: 0->0
[9.570s][info][gc,metaspace] GC(247) Metaspace: 613K(832K)->613K(832K) NonClass: 595K(704K)->595K(704K) Class: 17K(128K)->17K(128K)
[9.571s][info][gc          ] GC(247) Pause Young (Normal) (G1 Evacuation Pause) 155M->5M(256M) 5.614ms
[9.571s][info][gc,cpu      ] GC(247) User=0.01s Sys=0.00s Real=0.01s
[9.598s][info][gc,start    ] GC(248) Pause Young (Normal) (G1 Evacuation Pause)
[9.599s][info][gc,task     ] GC(248) Using 6 workers of 8 for evacuation
[9.601s][info][gc,phases   ] GC(248)   Pre Evacuate Collection Set: 0.2ms
[9.602s][info][gc,phases   ] GC(248)   Merge Heap Roots: 0.2ms
[9.602s][info][gc,phases   ] GC(248)   Evacuate Collection Set: 0.8ms
[9.602s][info][gc,phases   ] GC(248)   Post Evacuate Collection Set: 0.7ms
[9.603s][info][gc,phases   ] GC(248)   Other: 0.4ms
[9.603s][info][gc,heap     ] GC(248) Eden regions: 149->0(149)
[9.604s][info][gc,heap     ] GC(248) Survivor regions: 4->4(20)
[9.604s][info][gc,heap     ] GC(248) Old regions: 2->2
[9.605s][info][gc,heap     ] GC(248) Archive regions: 2->2
[9.605s][info][gc,heap     ] GC(248) Humongous regions: 0->0
[9.605s][info][gc,metaspace] GC(248) Metaspace: 613K(832K)->613K(832K) NonClass: 595K(704K)->595K(704K) Class: 17K(128K)->17K(128K)
[9.606s][info][gc          ] GC(248) Pause Young (Normal) (G1 Evacuation Pause) 154M->5M(256M) 7.292ms
[9.606s][info][gc,cpu      ] GC(248) User=0.01s Sys=0.00s Real=0.00s
[9.634s][info][gc,start    ] GC(249) Pause Young (Normal) (G1 Evacuation Pause)
[9.635s][info][gc,task     ] GC(249) Using 6 workers of 8 for evacuation
[9.637s][info][gc,phases   ] GC(249)   Pre Evacuate Collection Set: 0.2ms
[9.637s][info][gc,phases   ] GC(249)   Merge Heap Roots: 0.2ms
[9.638s][info][gc,phases   ] GC(249)   Evacuate Collection Set: 0.5ms
[9.638s][info][gc,phases   ] GC(249)   Post Evacuate Collection Set: 0.8ms
[9.639s][info][gc,phases   ] GC(249)   Other: 0.5ms
[9.639s][info][gc,heap     ] GC(249) Eden regions: 149->0(150)
[9.639s][info][gc,heap     ] GC(249) Survivor regions: 4->3(20)
[9.640s][info][gc,heap     ] GC(249) Old regions: 2->2
[9.640s][info][gc,heap     ] GC(249) Archive regions: 2->2
[9.642s][info][gc,heap     ] GC(249) Humongous regions: 0->0
[9.643s][info][gc,metaspace] GC(249) Metaspace: 613K(832K)->613K(832K) NonClass: 595K(704K)->595K(704K) Class: 17K(128K)->17K(128K)
[9.643s][info][gc          ] GC(249) Pause Young (Normal) (G1 Evacuation Pause) 154M->5M(256M) 9.332ms
[9.644s][info][gc,cpu      ] GC(249) User=0.00s Sys=0.00s Real=0.01s
[9.672s][info][gc,start    ] GC(250) Pause Young (Normal) (G1 Evacuation Pause)
[9.672s][info][gc,task     ] GC(250) Using 6 workers of 8 for evacuation
[9.676s][info][gc,phases   ] GC(250)   Pre Evacuate Collection Set: 0.2ms
[9.677s][info][gc,phases   ] GC(250)   Merge Heap Roots: 0.2ms
[9.677s][info][gc,phases   ] GC(250)   Evacuate Collection Set: 1.4ms
[9.678s][info][gc,phases   ] GC(250)   Post Evacuate Collection Set: 1.1ms
[9.678s][info][gc,phases   ] GC(250)   Other: 0.5ms
[9.679s][info][gc,heap     ] GC(250) Eden regions: 150->0(149)
[9.679s][info][gc,heap     ] GC(250) Survivor regions: 3->4(20)
[9.680s][info][gc,heap     ] GC(250) Old regions: 2->2
[9.680s][info][gc,heap     ] GC(250) Archive regions: 2->2
[9.680s][info][gc,heap     ] GC(250) Humongous regions: 0->0
[9.681s][info][gc,metaspace] GC(250) Metaspace: 613K(832K)->613K(832K) NonClass: 595K(704K)->595K(704K) Class: 17K(128K)->17K(128K)
[9.681s][info][gc          ] GC(250) Pause Young (Normal) (G1 Evacuation Pause) 155M->6M(256M) 9.355ms
[9.682s][info][gc,cpu      ] GC(250) User=0.01s Sys=0.00s Real=0.01s
[9.706s][info][gc,start    ] GC(251) Pause Young (Normal) (G1 Evacuation Pause)
[9.707s][info][gc,task     ] GC(251) Using 6 workers of 8 for evacuation
[9.710s][info][gc,phases   ] GC(251)   Pre Evacuate Collection Set: 0.3ms
[9.711s][info][gc,phases   ] GC(251)   Merge Heap Roots: 0.3ms
[9.712s][info][gc,phases   ] GC(251)   Evacuate Collection Set: 1.4ms
[9.712s][info][gc,phases   ] GC(251)   Post Evacuate Collection Set: 1.0ms
[9.712s][info][gc,phases   ] GC(251)   Other: 0.7ms
[9.713s][info][gc,heap     ] GC(251) Eden regions: 149->0(149)
[9.713s][info][gc,heap     ] GC(251) Survivor regions: 4->4(20)
[9.714s][info][gc,heap     ] GC(251) Old regions: 2->2
[9.714s][info][gc,heap     ] GC(251) Archive regions: 2->2
[9.714s][info][gc,heap     ] GC(251) Humongous regions: 0->0
[9.715s][info][gc,metaspace] GC(251) Metaspace: 613K(832K)->613K(832K) NonClass: 595K(704K)->595K(704K) Class: 17K(128K)->17K(128K)
[9.715s][info][gc          ] GC(251) Pause Young (Normal) (G1 Evacuation Pause) 155M->5M(256M) 8.635ms
[9.715s][info][gc,cpu      ] GC(251) User=0.01s Sys=0.00s Real=0.01s
[9.744s][info][gc,start    ] GC(252) Pause Young (Normal) (G1 Evacuation Pause)
[9.745s][info][gc,task     ] GC(252) Using 6 workers of 8 for evacuation
[9.748s][info][gc,phases   ] GC(252)   Pre Evacuate Collection Set: 0.2ms
[9.748s][info][gc,phases   ] GC(252)   Merge Heap Roots: 0.2ms
[9.749s][info][gc,phases   ] GC(252)   Evacuate Collection Set: 1.1ms
[9.749s][info][gc,phases   ] GC(252)   Post Evacuate Collection Set: 0.8ms
[9.749s][info][gc,phases   ] GC(252)   Other: 0.5ms
[9.750s][info][gc,heap     ] GC(252) Eden regions: 149->0(150)
[9.750s][info][gc,heap     ] GC(252) Survivor regions: 4->3(20)
[9.750s][info][gc,heap     ] GC(252) Old regions: 2->2
[9.751s][info][gc,heap     ] GC(252) Archive regions: 2->2
[9.751s][info][gc,heap     ] GC(252) Humongous regions: 0->0
[9.751s][info][gc,metaspace] GC(252) Metaspace: 613K(832K)->613K(832K) NonClass: 595K(704K)->595K(704K) Class: 17K(128K)->17K(128K)
[9.752s][info][gc          ] GC(252) Pause Young (Normal) (G1 Evacuation Pause) 154M->5M(256M) 7.328ms
[9.752s][info][gc,cpu      ] GC(252) User=0.00s Sys=0.00s Real=0.01s
[9.782s][info][gc,start    ] GC(253) Pause Young (Normal) (G1 Evacuation Pause)
[9.783s][info][gc,task     ] GC(253) Using 6 workers of 8 for evacuation
[9.785s][info][gc,phases   ] GC(253)   Pre Evacuate Collection Set: 0.2ms
[9.786s][info][gc,phases   ] GC(253)   Merge Heap Roots: 0.2ms
[9.786s][info][gc,phases   ] GC(253)   Evacuate Collection Set: 0.9ms
[9.786s][info][gc,phases   ] GC(253)   Post Evacuate Collection Set: 0.7ms
[9.787s][info][gc,phases   ] GC(253)   Other: 0.4ms
[9.787s][info][gc,heap     ] GC(253) Eden regions: 150->0(149)
[9.787s][info][gc,heap     ] GC(253) Survivor regions: 3->4(20)
[9.788s][info][gc,heap     ] GC(253) Old regions: 2->2
[9.788s][info][gc,heap     ] GC(253) Archive regions: 2->2
[9.788s][info][gc,heap     ] GC(253) Humongous regions: 0->0
[9.788s][info][gc,metaspace] GC(253) Metaspace: 613K(832K)->613K(832K) NonClass: 595K(704K)->595K(704K) Class: 17K(128K)->17K(128K)
[9.789s][info][gc          ] GC(253) Pause Young (Normal) (G1 Evacuation Pause) 155M->6M(256M) 6.227ms
[9.789s][info][gc,cpu      ] GC(253) User=0.01s Sys=0.00s Real=0.01s
[9.818s][info][gc,start    ] GC(254) Pause Young (Normal) (G1 Evacuation Pause)
[9.819s][info][gc,task     ] GC(254) Using 6 workers of 8 for evacuation
[9.821s][info][gc,phases   ] GC(254)   Pre Evacuate Collection Set: 0.2ms
[9.822s][info][gc,phases   ] GC(254)   Merge Heap Roots: 0.2ms
[9.822s][info][gc,phases   ] GC(254)   Evacuate Collection Set: 0.9ms
[9.822s][info][gc,phases   ] GC(254)   Post Evacuate Collection Set: 0.8ms
[9.823s][info][gc,phases   ] GC(254)   Other: 0.4ms
[9.823s][info][gc,heap     ] GC(254) Eden regions: 149->0(149)
[9.824s][info][gc,heap     ] GC(254) Survivor regions: 4->4(20)
[9.824s][info][gc,heap     ] GC(254) Old regions: 2->2
[9.825s][info][gc,heap     ] GC(254) Archive regions: 2->2
[9.825s][info][gc,heap     ] GC(254) Humongous regions: 0->0
[9.826s][info][gc,metaspace] GC(254) Metaspace: 613K(832K)->613K(832K) NonClass: 595K(704K)->595K(704K) Class: 17K(128K)->17K(128K)
[9.826s][info][gc          ] GC(254) Pause Young (Normal) (G1 Evacuation Pause) 155M->5M(256M) 8.047ms
[9.827s][info][gc,cpu      ] GC(254) User=0.00s Sys=0.00s Real=0.01s
[9.853s][info][gc,start    ] GC(255) Pause Young (Normal) (G1 Evacuation Pause)
[9.854s][info][gc,task     ] GC(255) Using 6 workers of 8 for evacuation
[9.856s][info][gc,phases   ] GC(255)   Pre Evacuate Collection Set: 0.2ms
[9.857s][info][gc,phases   ] GC(255)   Merge Heap Roots: 0.3ms
[9.857s][info][gc,phases   ] GC(255)   Evacuate Collection Set: 0.8ms
[9.857s][info][gc,phases   ] GC(255)   Post Evacuate Collection Set: 0.7ms
[9.858s][info][gc,phases   ] GC(255)   Other: 0.5ms
[9.859s][info][gc,heap     ] GC(255) Eden regions: 149->0(150)
[9.859s][info][gc,heap     ] GC(255) Survivor regions: 4->3(20)
[9.860s][info][gc,heap     ] GC(255) Old regions: 2->2
[9.860s][info][gc,heap     ] GC(255) Archive regions: 2->2
[9.861s][info][gc,heap     ] GC(255) Humongous regions: 0->0
[9.861s][info][gc,metaspace] GC(255) Metaspace: 613K(832K)->613K(832K) NonClass: 595K(704K)->595K(704K) Class: 17K(128K)->17K(128K)
[9.861s][info][gc          ] GC(255) Pause Young (Normal) (G1 Evacuation Pause) 154M->5M(256M) 8.431ms
[9.862s][info][gc,cpu      ] GC(255) User=0.01s Sys=0.00s Real=0.01s
[9.890s][info][gc,start    ] GC(256) Pause Young (Normal) (G1 Evacuation Pause)
[9.891s][info][gc,task     ] GC(256) Using 6 workers of 8 for evacuation
[9.895s][info][gc,phases   ] GC(256)   Pre Evacuate Collection Set: 0.4ms
[9.896s][info][gc,phases   ] GC(256)   Merge Heap Roots: 0.3ms
[9.896s][info][gc,phases   ] GC(256)   Evacuate Collection Set: 2.2ms
[9.897s][info][gc,phases   ] GC(256)   Post Evacuate Collection Set: 0.7ms
[9.897s][info][gc,phases   ] GC(256)   Other: 0.8ms
[9.898s][info][gc,heap     ] GC(256) Eden regions: 150->0(149)
[9.898s][info][gc,heap     ] GC(256) Survivor regions: 3->4(20)
[9.899s][info][gc,heap     ] GC(256) Old regions: 2->2
[9.899s][info][gc,heap     ] GC(256) Archive regions: 2->2
[9.899s][info][gc,heap     ] GC(256) Humongous regions: 0->0
[9.900s][info][gc,metaspace] GC(256) Metaspace: 613K(832K)->613K(832K) NonClass: 595K(704K)->595K(704K) Class: 17K(128K)->17K(128K)
[9.900s][info][gc          ] GC(256) Pause Young (Normal) (G1 Evacuation Pause) 155M->6M(256M) 10.241ms
[9.900s][info][gc,cpu      ] GC(256) User=0.02s Sys=0.00s Real=0.01s
[9.931s][info][gc,start    ] GC(257) Pause Young (Normal) (G1 Evacuation Pause)
[9.932s][info][gc,task     ] GC(257) Using 6 workers of 8 for evacuation
[9.934s][info][gc,phases   ] GC(257)   Pre Evacuate Collection Set: 0.2ms
[9.934s][info][gc,phases   ] GC(257)   Merge Heap Roots: 0.2ms
[9.935s][info][gc,phases   ] GC(257)   Evacuate Collection Set: 0.9ms
[9.935s][info][gc,phases   ] GC(257)   Post Evacuate Collection Set: 0.7ms
[9.935s][info][gc,phases   ] GC(257)   Other: 0.4ms
[9.936s][info][gc,heap     ] GC(257) Eden regions: 149->0(149)
[9.936s][info][gc,heap     ] GC(257) Survivor regions: 4->4(20)
[9.936s][info][gc,heap     ] GC(257) Old regions: 2->2
[9.937s][info][gc,heap     ] GC(257) Archive regions: 2->2
[9.937s][info][gc,heap     ] GC(257) Humongous regions: 0->0
[9.937s][info][gc,metaspace] GC(257) Metaspace: 613K(832K)->613K(832K) NonClass: 595K(704K)->595K(704K) Class: 17K(128K)->17K(128K)
[9.937s][info][gc          ] GC(257) Pause Young (Normal) (G1 Evacuation Pause) 155M->6M(256M) 6.283ms
[9.938s][info][gc,cpu      ] GC(257) User=0.01s Sys=0.00s Real=0.01s
[9.968s][info][gc,start    ] GC(258) Pause Young (Normal) (G1 Evacuation Pause)
[9.969s][info][gc,task     ] GC(258) Using 6 workers of 8 for evacuation
[9.971s][info][gc,phases   ] GC(258)   Pre Evacuate Collection Set: 0.2ms
[9.971s][info][gc,phases   ] GC(258)   Merge Heap Roots: 0.2ms
[9.971s][info][gc,phases   ] GC(258)   Evacuate Collection Set: 0.7ms
[9.972s][info][gc,phases   ] GC(258)   Post Evacuate Collection Set: 0.7ms
[9.972s][info][gc,phases   ] GC(258)   Other: 0.4ms
[9.972s][info][gc,heap     ] GC(258) Eden regions: 149->0(149)
[9.972s][info][gc,heap     ] GC(258) Survivor regions: 4->4(20)
[9.973s][info][gc,heap     ] GC(258) Old regions: 2->2
[9.973s][info][gc,heap     ] GC(258) Archive regions: 2->2
[9.973s][info][gc,heap     ] GC(258) Humongous regions: 0->0
[9.974s][info][gc,metaspace] GC(258) Metaspace: 613K(832K)->613K(832K) NonClass: 595K(704K)->595K(704K) Class: 17K(128K)->17K(128K)
[9.974s][info][gc          ] GC(258) Pause Young (Normal) (G1 Evacuation Pause) 155M->5M(256M) 5.992ms
[9.975s][info][gc,cpu      ] GC(258) User=0.01s Sys=0.00s Real=0.00s
[10.005s][info][gc,start    ] GC(259) Pause Young (Normal) (G1 Evacuation Pause)
[10.005s][info][gc,task     ] GC(259) Using 6 workers of 8 for evacuation
[10.008s][info][gc,phases   ] GC(259)   Pre Evacuate Collection Set: 0.2ms
[10.009s][info][gc,phases   ] GC(259)   Merge Heap Roots: 0.3ms
[10.009s][info][gc,phases   ] GC(259)   Evacuate Collection Set: 0.9ms
[10.010s][info][gc,phases   ] GC(259)   Post Evacuate Collection Set: 1.0ms
[10.010s][info][gc,phases   ] GC(259)   Other: 0.4ms
[10.010s][info][gc,heap     ] GC(259) Eden regions: 149->0(150)
[10.011s][info][gc,heap     ] GC(259) Survivor regions: 4->3(20)
[10.011s][info][gc,heap     ] GC(259) Old regions: 2->2
[10.011s][info][gc,heap     ] GC(259) Archive regions: 2->2
[10.012s][info][gc,heap     ] GC(259) Humongous regions: 0->0
[10.012s][info][gc,metaspace] GC(259) Metaspace: 613K(832K)->613K(832K) NonClass: 595K(704K)->595K(704K) Class: 17K(128K)->17K(128K)
[10.012s][info][gc          ] GC(259) Pause Young (Normal) (G1 Evacuation Pause) 154M->5M(256M) 7.055ms
[10.012s][info][gc,cpu      ] GC(259) User=0.02s Sys=0.00s Real=0.01s
[10.038s][info][gc,start    ] GC(260) Pause Young (Normal) (G1 Evacuation Pause)
[10.038s][info][gc,task     ] GC(260) Using 6 workers of 8 for evacuation
[10.040s][info][gc,phases   ] GC(260)   Pre Evacuate Collection Set: 0.2ms
[10.041s][info][gc,phases   ] GC(260)   Merge Heap Roots: 0.2ms
[10.041s][info][gc,phases   ] GC(260)   Evacuate Collection Set: 0.7ms
[10.042s][info][gc,phases   ] GC(260)   Post Evacuate Collection Set: 0.8ms
[10.042s][info][gc,phases   ] GC(260)   Other: 0.3ms
[10.042s][info][gc,heap     ] GC(260) Eden regions: 150->0(149)
[10.043s][info][gc,heap     ] GC(260) Survivor regions: 3->4(20)
[10.043s][info][gc,heap     ] GC(260) Old regions: 2->2
[10.043s][info][gc,heap     ] GC(260) Archive regions: 2->2
[10.044s][info][gc,heap     ] GC(260) Humongous regions: 0->0
[10.044s][info][gc,metaspace] GC(260) Metaspace: 613K(832K)->613K(832K) NonClass: 595K(704K)->595K(704K) Class: 17K(128K)->17K(128K)
[10.044s][info][gc          ] GC(260) Pause Young (Normal) (G1 Evacuation Pause) 155M->6M(256M) 6.550ms
[10.044s][info][gc,cpu      ] GC(260) User=0.01s Sys=0.00s Real=0.00s
[10.071s][info][gc,start    ] GC(261) Pause Young (Normal) (G1 Evacuation Pause)
[10.071s][info][gc,task     ] GC(261) Using 6 workers of 8 for evacuation
[10.074s][info][gc,phases   ] GC(261)   Pre Evacuate Collection Set: 0.2ms
[10.074s][info][gc,phases   ] GC(261)   Merge Heap Roots: 0.2ms
[10.075s][info][gc,phases   ] GC(261)   Evacuate Collection Set: 0.8ms
[10.075s][info][gc,phases   ] GC(261)   Post Evacuate Collection Set: 0.8ms
[10.076s][info][gc,phases   ] GC(261)   Other: 0.4ms
[10.076s][info][gc,heap     ] GC(261) Eden regions: 149->0(149)
[10.077s][info][gc,heap     ] GC(261) Survivor regions: 4->4(20)
[10.077s][info][gc,heap     ] GC(261) Old regions: 2->2
[10.077s][info][gc,heap     ] GC(261) Archive regions: 2->2
[10.078s][info][gc,heap     ] GC(261) Humongous regions: 0->0
[10.078s][info][gc,metaspace] GC(261) Metaspace: 613K(832K)->613K(832K) NonClass: 595K(704K)->595K(704K) Class: 17K(128K)->17K(128K)
[10.078s][info][gc          ] GC(261) Pause Young (Normal) (G1 Evacuation Pause) 155M->5M(256M) 7.501ms
[10.079s][info][gc,cpu      ] GC(261) User=0.02s Sys=0.00s Real=0.01s
[10.105s][info][gc,start    ] GC(262) Pause Young (Normal) (G1 Evacuation Pause)
[10.105s][info][gc,task     ] GC(262) Using 6 workers of 8 for evacuation
[10.108s][info][gc,phases   ] GC(262)   Pre Evacuate Collection Set: 0.2ms
[10.109s][info][gc,phases   ] GC(262)   Merge Heap Roots: 0.2ms
[10.109s][info][gc,phases   ] GC(262)   Evacuate Collection Set: 1.0ms
[10.110s][info][gc,phases   ] GC(262)   Post Evacuate Collection Set: 1.0ms
[10.111s][info][gc,phases   ] GC(262)   Other: 0.4ms
[10.111s][info][gc,heap     ] GC(262) Eden regions: 149->0(150)
[10.111s][info][gc,heap     ] GC(262) Survivor regions: 4->3(20)
[10.112s][info][gc,heap     ] GC(262) Old regions: 2->2
[10.112s][info][gc,heap     ] GC(262) Archive regions: 2->2
[10.113s][info][gc,heap     ] GC(262) Humongous regions: 0->0
[10.113s][info][gc,metaspace] GC(262) Metaspace: 613K(832K)->613K(832K) NonClass: 595K(704K)->595K(704K) Class: 17K(128K)->17K(128K)
[10.114s][info][gc          ] GC(262) Pause Young (Normal) (G1 Evacuation Pause) 154M->5M(256M) 9.026ms
[10.114s][info][gc,cpu      ] GC(262) User=0.01s Sys=0.01s Real=0.01s
[10.143s][info][gc,start    ] GC(263) Pause Young (Normal) (G1 Evacuation Pause)
[10.144s][info][gc,task     ] GC(263) Using 6 workers of 8 for evacuation
[10.147s][info][gc,phases   ] GC(263)   Pre Evacuate Collection Set: 0.2ms
[10.147s][info][gc,phases   ] GC(263)   Merge Heap Roots: 0.2ms
[10.147s][info][gc,phases   ] GC(263)   Evacuate Collection Set: 1.0ms
[10.148s][info][gc,phases   ] GC(263)   Post Evacuate Collection Set: 0.9ms
[10.148s][info][gc,phases   ] GC(263)   Other: 0.5ms
[10.148s][info][gc,heap     ] GC(263) Eden regions: 150->0(149)
[10.149s][info][gc,heap     ] GC(263) Survivor regions: 3->4(20)
[10.149s][info][gc,heap     ] GC(263) Old regions: 2->2
[10.149s][info][gc,heap     ] GC(263) Archive regions: 2->2
[10.149s][info][gc,heap     ] GC(263) Humongous regions: 0->0
[10.150s][info][gc,metaspace] GC(263) Metaspace: 613K(832K)->613K(832K) NonClass: 595K(704K)->595K(704K) Class: 17K(128K)->17K(128K)
[10.150s][info][gc          ] GC(263) Pause Young (Normal) (G1 Evacuation Pause) 155M->6M(256M) 6.941ms
[10.150s][info][gc,cpu      ] GC(263) User=0.02s Sys=0.00s Real=0.01s
[10.180s][info][gc,start    ] GC(264) Pause Young (Normal) (G1 Evacuation Pause)
[10.181s][info][gc,task     ] GC(264) Using 6 workers of 8 for evacuation
[10.183s][info][gc,phases   ] GC(264)   Pre Evacuate Collection Set: 0.2ms
[10.183s][info][gc,phases   ] GC(264)   Merge Heap Roots: 0.2ms
[10.184s][info][gc,phases   ] GC(264)   Evacuate Collection Set: 0.6ms
[10.184s][info][gc,phases   ] GC(264)   Post Evacuate Collection Set: 0.7ms
[10.184s][info][gc,phases   ] GC(264)   Other: 0.4ms
[10.185s][info][gc,heap     ] GC(264) Eden regions: 149->0(149)
[10.185s][info][gc,heap     ] GC(264) Survivor regions: 4->4(20)
[10.186s][info][gc,heap     ] GC(264) Old regions: 2->2
[10.186s][info][gc,heap     ] GC(264) Archive regions: 2->2
[10.186s][info][gc,heap     ] GC(264) Humongous regions: 0->0
[10.187s][info][gc,metaspace] GC(264) Metaspace: 613K(832K)->613K(832K) NonClass: 595K(704K)->595K(704K) Class: 17K(128K)->17K(128K)
[10.187s][info][gc          ] GC(264) Pause Young (Normal) (G1 Evacuation Pause) 155M->6M(256M) 6.603ms
[10.187s][info][gc,cpu      ] GC(264) User=0.01s Sys=0.00s Real=0.01s
[10.217s][info][gc,start    ] GC(265) Pause Young (Normal) (G1 Evacuation Pause)
[10.218s][info][gc,task     ] GC(265) Using 6 workers of 8 for evacuation
[10.220s][info][gc,phases   ] GC(265)   Pre Evacuate Collection Set: 0.2ms
[10.221s][info][gc,phases   ] GC(265)   Merge Heap Roots: 0.2ms
[10.221s][info][gc,phases   ] GC(265)   Evacuate Collection Set: 0.9ms
[10.221s][info][gc,phases   ] GC(265)   Post Evacuate Collection Set: 0.8ms
[10.222s][info][gc,phases   ] GC(265)   Other: 0.3ms
[10.222s][info][gc,heap     ] GC(265) Eden regions: 149->0(149)
[10.223s][info][gc,heap     ] GC(265) Survivor regions: 4->4(20)
[10.223s][info][gc,heap     ] GC(265) Old regions: 2->2
[10.225s][info][gc,heap     ] GC(265) Archive regions: 2->2
[10.227s][info][gc,heap     ] GC(265) Humongous regions: 0->0
[10.228s][info][gc,metaspace] GC(265) Metaspace: 613K(832K)->613K(832K) NonClass: 595K(704K)->595K(704K) Class: 17K(128K)->17K(128K)
[10.228s][info][gc          ] GC(265) Pause Young (Normal) (G1 Evacuation Pause) 155M->5M(256M) 10.899ms
[10.229s][info][gc,cpu      ] GC(265) User=0.00s Sys=0.00s Real=0.01s
[10.264s][info][gc,start    ] GC(266) Pause Young (Normal) (G1 Evacuation Pause)
[10.265s][info][gc,task     ] GC(266) Using 6 workers of 8 for evacuation
[10.267s][info][gc,phases   ] GC(266)   Pre Evacuate Collection Set: 0.2ms
[10.268s][info][gc,phases   ] GC(266)   Merge Heap Roots: 0.2ms
[10.268s][info][gc,phases   ] GC(266)   Evacuate Collection Set: 0.8ms
[10.268s][info][gc,phases   ] GC(266)   Post Evacuate Collection Set: 0.8ms
[10.269s][info][gc,phases   ] GC(266)   Other: 0.5ms
[10.269s][info][gc,heap     ] GC(266) Eden regions: 149->0(150)
[10.269s][info][gc,heap     ] GC(266) Survivor regions: 4->3(20)
[10.270s][info][gc,heap     ] GC(266) Old regions: 2->2
[10.270s][info][gc,heap     ] GC(266) Archive regions: 2->2
[10.270s][info][gc,heap     ] GC(266) Humongous regions: 0->0
[10.271s][info][gc,metaspace] GC(266) Metaspace: 613K(832K)->613K(832K) NonClass: 595K(704K)->595K(704K) Class: 17K(128K)->17K(128K)
[10.271s][info][gc          ] GC(266) Pause Young (Normal) (G1 Evacuation Pause) 154M->5M(256M) 6.596ms
[10.271s][info][gc,cpu      ] GC(266) User=0.00s Sys=0.00s Real=0.01s
[10.304s][info][gc,start    ] GC(267) Pause Young (Normal) (G1 Evacuation Pause)
[10.304s][info][gc,task     ] GC(267) Using 6 workers of 8 for evacuation
[10.307s][info][gc,phases   ] GC(267)   Pre Evacuate Collection Set: 0.2ms
[10.307s][info][gc,phases   ] GC(267)   Merge Heap Roots: 0.2ms
[10.308s][info][gc,phases   ] GC(267)   Evacuate Collection Set: 0.8ms
[10.308s][info][gc,phases   ] GC(267)   Post Evacuate Collection Set: 0.8ms
[10.309s][info][gc,phases   ] GC(267)   Other: 0.4ms
[10.309s][info][gc,heap     ] GC(267) Eden regions: 150->0(149)
[10.310s][info][gc,heap     ] GC(267) Survivor regions: 3->4(20)
[10.310s][info][gc,heap     ] GC(267) Old regions: 2->2
[10.311s][info][gc,heap     ] GC(267) Archive regions: 2->2
[10.311s][info][gc,heap     ] GC(267) Humongous regions: 0->0
[10.312s][info][gc,metaspace] GC(267) Metaspace: 613K(832K)->613K(832K) NonClass: 595K(704K)->595K(704K) Class: 17K(128K)->17K(128K)
[10.312s][info][gc          ] GC(267) Pause Young (Normal) (G1 Evacuation Pause) 155M->6M(256M) 8.311ms
[10.313s][info][gc,cpu      ] GC(267) User=0.00s Sys=0.00s Real=0.01s
[10.347s][info][gc,start    ] GC(268) Pause Young (Normal) (G1 Evacuation Pause)
[10.349s][info][gc,task     ] GC(268) Using 6 workers of 8 for evacuation
[10.356s][info][gc,phases   ] GC(268)   Pre Evacuate Collection Set: 0.6ms
[10.359s][info][gc,phases   ] GC(268)   Merge Heap Roots: 0.2ms
[10.361s][info][gc,phases   ] GC(268)   Evacuate Collection Set: 4.2ms
[10.361s][info][gc,phases   ] GC(268)   Post Evacuate Collection Set: 0.7ms
[10.362s][info][gc,phases   ] GC(268)   Other: 1.0ms
[10.362s][info][gc,heap     ] GC(268) Eden regions: 149->0(149)
[10.363s][info][gc,heap     ] GC(268) Survivor regions: 4->4(20)
[10.363s][info][gc,heap     ] GC(268) Old regions: 2->2
[10.364s][info][gc,heap     ] GC(268) Archive regions: 2->2
[10.364s][info][gc,heap     ] GC(268) Humongous regions: 0->0
[10.364s][info][gc,metaspace] GC(268) Metaspace: 613K(832K)->613K(832K) NonClass: 595K(704K)->595K(704K) Class: 17K(128K)->17K(128K)
[10.365s][info][gc          ] GC(268) Pause Young (Normal) (G1 Evacuation Pause) 155M->5M(256M) 18.248ms
[10.365s][info][gc,cpu      ] GC(268) User=0.00s Sys=0.01s Real=0.01s
[10.405s][info][gc,start    ] GC(269) Pause Young (Normal) (G1 Evacuation Pause)
[10.406s][info][gc,task     ] GC(269) Using 6 workers of 8 for evacuation
[10.411s][info][gc,phases   ] GC(269)   Pre Evacuate Collection Set: 0.5ms
[10.412s][info][gc,phases   ] GC(269)   Merge Heap Roots: 0.2ms
[10.412s][info][gc,phases   ] GC(269)   Evacuate Collection Set: 2.5ms
[10.413s][info][gc,phases   ] GC(269)   Post Evacuate Collection Set: 1.3ms
[10.413s][info][gc,phases   ] GC(269)   Other: 0.6ms
[10.414s][info][gc,heap     ] GC(269) Eden regions: 149->0(150)
[10.414s][info][gc,heap     ] GC(269) Survivor regions: 4->3(20)
[10.414s][info][gc,heap     ] GC(269) Old regions: 2->2
[10.415s][info][gc,heap     ] GC(269) Archive regions: 2->2
[10.415s][info][gc,heap     ] GC(269) Humongous regions: 0->0
[10.415s][info][gc,metaspace] GC(269) Metaspace: 613K(832K)->613K(832K) NonClass: 595K(704K)->595K(704K) Class: 17K(128K)->17K(128K)
[10.416s][info][gc          ] GC(269) Pause Young (Normal) (G1 Evacuation Pause) 154M->5M(256M) 10.454ms
[10.416s][info][gc,cpu      ] GC(269) User=0.00s Sys=0.01s Real=0.01s
[10.450s][info][gc,start    ] GC(270) Pause Young (Normal) (G1 Evacuation Pause)
[10.451s][info][gc,task     ] GC(270) Using 6 workers of 8 for evacuation
[10.453s][info][gc,phases   ] GC(270)   Pre Evacuate Collection Set: 0.2ms
[10.454s][info][gc,phases   ] GC(270)   Merge Heap Roots: 0.3ms
[10.455s][info][gc,phases   ] GC(270)   Evacuate Collection Set: 0.9ms
[10.455s][info][gc,phases   ] GC(270)   Post Evacuate Collection Set: 0.8ms
[10.455s][info][gc,phases   ] GC(270)   Other: 0.4ms
[10.456s][info][gc,heap     ] GC(270) Eden regions: 150->0(149)
[10.456s][info][gc,heap     ] GC(270) Survivor regions: 3->4(20)
[10.456s][info][gc,heap     ] GC(270) Old regions: 2->2
[10.459s][info][gc,heap     ] GC(270) Archive regions: 2->2
[10.459s][info][gc,heap     ] GC(270) Humongous regions: 0->0
[10.460s][info][gc,metaspace] GC(270) Metaspace: 613K(832K)->613K(832K) NonClass: 595K(704K)->595K(704K) Class: 17K(128K)->17K(128K)
[10.461s][info][gc          ] GC(270) Pause Young (Normal) (G1 Evacuation Pause) 155M->6M(256M) 10.244ms
[10.462s][info][gc,cpu      ] GC(270) User=0.00s Sys=0.01s Real=0.01s
[10.499s][info][gc,start    ] GC(271) Pause Young (Normal) (G1 Evacuation Pause)
[10.499s][info][gc,task     ] GC(271) Using 6 workers of 8 for evacuation
[10.502s][info][gc,phases   ] GC(271)   Pre Evacuate Collection Set: 0.3ms
[10.503s][info][gc,phases   ] GC(271)   Merge Heap Roots: 0.2ms
[10.503s][info][gc,phases   ] GC(271)   Evacuate Collection Set: 1.3ms
[10.503s][info][gc,phases   ] GC(271)   Post Evacuate Collection Set: 0.8ms
[10.504s][info][gc,phases   ] GC(271)   Other: 0.5ms
[10.504s][info][gc,heap     ] GC(271) Eden regions: 149->0(149)
[10.504s][info][gc,heap     ] GC(271) Survivor regions: 4->4(20)
[10.505s][info][gc,heap     ] GC(271) Old regions: 2->2
[10.505s][info][gc,heap     ] GC(271) Archive regions: 2->2
[10.505s][info][gc,heap     ] GC(271) Humongous regions: 0->0
[10.506s][info][gc,metaspace] GC(271) Metaspace: 613K(832K)->613K(832K) NonClass: 595K(704K)->595K(704K) Class: 17K(128K)->17K(128K)
[10.506s][info][gc          ] GC(271) Pause Young (Normal) (G1 Evacuation Pause) 155M->6M(256M) 6.890ms
[10.506s][info][gc,cpu      ] GC(271) User=0.01s Sys=0.00s Real=0.00s
[10.551s][info][gc,start    ] GC(272) Pause Young (Normal) (G1 Evacuation Pause)
[10.561s][info][gc,task     ] GC(272) Using 6 workers of 8 for evacuation
[10.572s][info][gc,phases   ] GC(272)   Pre Evacuate Collection Set: 0.3ms
[10.581s][info][gc,phases   ] GC(272)   Merge Heap Roots: 0.3ms
[10.585s][info][gc,phases   ] GC(272)   Evacuate Collection Set: 0.8ms
[10.592s][info][gc,phases   ] GC(272)   Post Evacuate Collection Set: 0.8ms
[10.600s][info][gc,phases   ] GC(272)   Other: 8.6ms
[10.601s][info][gc,heap     ] GC(272) Eden regions: 149->0(149)
[10.601s][info][gc,heap     ] GC(272) Survivor regions: 4->4(20)
[10.602s][info][gc,heap     ] GC(272) Old regions: 2->2
[10.602s][info][gc,heap     ] GC(272) Archive regions: 2->2
[10.602s][info][gc,heap     ] GC(272) Humongous regions: 0->0
[10.603s][info][gc,metaspace] GC(272) Metaspace: 613K(832K)->613K(832K) NonClass: 595K(704K)->595K(704K) Class: 17K(128K)->17K(128K)
[10.603s][info][gc          ] GC(272) Pause Young (Normal) (G1 Evacuation Pause) 155M->5M(256M) 51.796ms
[10.603s][info][gc,cpu      ] GC(272) User=0.01s Sys=0.00s Real=0.05s
[10.647s][info][gc,start    ] GC(273) Pause Young (Normal) (G1 Evacuation Pause)
[10.647s][info][gc,task     ] GC(273) Using 6 workers of 8 for evacuation
[10.649s][info][gc,phases   ] GC(273)   Pre Evacuate Collection Set: 0.2ms
[10.650s][info][gc,phases   ] GC(273)   Merge Heap Roots: 0.2ms
[10.650s][info][gc,phases   ] GC(273)   Evacuate Collection Set: 0.6ms
[10.650s][info][gc,phases   ] GC(273)   Post Evacuate Collection Set: 0.7ms
[10.651s][info][gc,phases   ] GC(273)   Other: 0.4ms
[10.651s][info][gc,heap     ] GC(273) Eden regions: 149->0(150)
[10.651s][info][gc,heap     ] GC(273) Survivor regions: 4->3(20)
[10.651s][info][gc,heap     ] GC(273) Old regions: 2->2
[10.652s][info][gc,heap     ] GC(273) Archive regions: 2->2
[10.652s][info][gc,heap     ] GC(273) Humongous regions: 0->0
[10.652s][info][gc,metaspace] GC(273) Metaspace: 613K(832K)->613K(832K) NonClass: 595K(704K)->595K(704K) Class: 17K(128K)->17K(128K)
[10.653s][info][gc          ] GC(273) Pause Young (Normal) (G1 Evacuation Pause) 154M->5M(256M) 5.701ms
[10.653s][info][gc,cpu      ] GC(273) User=0.00s Sys=0.00s Real=0.00s
[10.685s][info][gc,start    ] GC(274) Pause Young (Normal) (G1 Evacuation Pause)
[10.685s][info][gc,task     ] GC(274) Using 6 workers of 8 for evacuation
[10.687s][info][gc,phases   ] GC(274)   Pre Evacuate Collection Set: 0.2ms
[10.688s][info][gc,phases   ] GC(274)   Merge Heap Roots: 0.2ms
[10.688s][info][gc,phases   ] GC(274)   Evacuate Collection Set: 0.9ms
[10.688s][info][gc,phases   ] GC(274)   Post Evacuate Collection Set: 0.7ms
[10.688s][info][gc,phases   ] GC(274)   Other: 0.4ms
[10.689s][info][gc,heap     ] GC(274) Eden regions: 150->0(149)
[10.689s][info][gc,heap     ] GC(274) Survivor regions: 3->4(20)
[10.689s][info][gc,heap     ] GC(274) Old regions: 2->2
[10.689s][info][gc,heap     ] GC(274) Archive regions: 2->2
[10.690s][info][gc,heap     ] GC(274) Humongous regions: 0->0
[10.690s][info][gc,metaspace] GC(274) Metaspace: 613K(832K)->613K(832K) NonClass: 595K(704K)->595K(704K) Class: 17K(128K)->17K(128K)
[10.691s][info][gc          ] GC(274) Pause Young (Normal) (G1 Evacuation Pause) 155M->6M(256M) 6.307ms
[10.691s][info][gc,cpu      ] GC(274) User=0.00s Sys=0.01s Real=0.01s
[10.723s][info][gc,start    ] GC(275) Pause Young (Normal) (G1 Evacuation Pause)
[10.724s][info][gc,task     ] GC(275) Using 6 workers of 8 for evacuation
[10.728s][info][gc,phases   ] GC(275)   Pre Evacuate Collection Set: 0.3ms
[10.729s][info][gc,phases   ] GC(275)   Merge Heap Roots: 0.2ms
[10.729s][info][gc,phases   ] GC(275)   Evacuate Collection Set: 1.7ms
[10.730s][info][gc,phases   ] GC(275)   Post Evacuate Collection Set: 1.3ms
[10.730s][info][gc,phases   ] GC(275)   Other: 0.6ms
[10.731s][info][gc,heap     ] GC(275) Eden regions: 149->0(149)
[10.731s][info][gc,heap     ] GC(275) Survivor regions: 4->4(20)
[10.731s][info][gc,heap     ] GC(275) Old regions: 2->2
[10.731s][info][gc,heap     ] GC(275) Archive regions: 2->2
[10.732s][info][gc,heap     ] GC(275) Humongous regions: 0->0
[10.732s][info][gc,metaspace] GC(275) Metaspace: 613K(832K)->613K(832K) NonClass: 595K(704K)->595K(704K) Class: 17K(128K)->17K(128K)
[10.732s][info][gc          ] GC(275) Pause Young (Normal) (G1 Evacuation Pause) 155M->5M(256M) 9.054ms
[10.732s][info][gc,cpu      ] GC(275) User=0.00s Sys=0.01s Real=0.01s
[10.766s][info][gc,start    ] GC(276) Pause Young (Normal) (G1 Evacuation Pause)
[10.766s][info][gc,task     ] GC(276) Using 6 workers of 8 for evacuation
[10.769s][info][gc,phases   ] GC(276)   Pre Evacuate Collection Set: 0.2ms
[10.770s][info][gc,phases   ] GC(276)   Merge Heap Roots: 0.3ms
[10.770s][info][gc,phases   ] GC(276)   Evacuate Collection Set: 1.1ms
[10.770s][info][gc,phases   ] GC(276)   Post Evacuate Collection Set: 0.8ms
[10.771s][info][gc,phases   ] GC(276)   Other: 0.5ms
[10.771s][info][gc,heap     ] GC(276) Eden regions: 149->0(150)
[10.771s][info][gc,heap     ] GC(276) Survivor regions: 4->3(20)
[10.771s][info][gc,heap     ] GC(276) Old regions: 2->2
[10.772s][info][gc,heap     ] GC(276) Archive regions: 2->2
[10.772s][info][gc,heap     ] GC(276) Humongous regions: 0->0
[10.772s][info][gc,metaspace] GC(276) Metaspace: 613K(832K)->613K(832K) NonClass: 595K(704K)->595K(704K) Class: 17K(128K)->17K(128K)
[10.773s][info][gc          ] GC(276) Pause Young (Normal) (G1 Evacuation Pause) 154M->5M(256M) 6.808ms
[10.773s][info][gc,cpu      ] GC(276) User=0.01s Sys=0.00s Real=0.01s
[10.814s][info][gc,start    ] GC(277) Pause Young (Normal) (G1 Evacuation Pause)
[10.815s][info][gc,task     ] GC(277) Using 6 workers of 8 for evacuation
[10.817s][info][gc,phases   ] GC(277)   Pre Evacuate Collection Set: 0.2ms
[10.818s][info][gc,phases   ] GC(277)   Merge Heap Roots: 0.2ms
[10.818s][info][gc,phases   ] GC(277)   Evacuate Collection Set: 1.0ms
[10.818s][info][gc,phases   ] GC(277)   Post Evacuate Collection Set: 0.7ms
[10.818s][info][gc,phases   ] GC(277)   Other: 0.4ms
[10.819s][info][gc,heap     ] GC(277) Eden regions: 150->0(149)
[10.819s][info][gc,heap     ] GC(277) Survivor regions: 3->4(20)
[10.819s][info][gc,heap     ] GC(277) Old regions: 2->2
[10.820s][info][gc,heap     ] GC(277) Archive regions: 2->2
[10.820s][info][gc,heap     ] GC(277) Humongous regions: 0->0
[10.820s][info][gc,metaspace] GC(277) Metaspace: 613K(832K)->613K(832K) NonClass: 595K(704K)->595K(704K) Class: 17K(128K)->17K(128K)
[10.820s][info][gc          ] GC(277) Pause Young (Normal) (G1 Evacuation Pause) 155M->6M(256M) 6.047ms
[10.821s][info][gc,cpu      ] GC(277) User=0.01s Sys=0.01s Real=0.01s
[10.857s][info][gc,start    ] GC(278) Pause Young (Normal) (G1 Evacuation Pause)
[10.858s][info][gc,task     ] GC(278) Using 6 workers of 8 for evacuation
[10.863s][info][gc,phases   ] GC(278)   Pre Evacuate Collection Set: 0.4ms
[10.864s][info][gc,phases   ] GC(278)   Merge Heap Roots: 0.3ms
[10.864s][info][gc,phases   ] GC(278)   Evacuate Collection Set: 2.6ms
[10.864s][info][gc,phases   ] GC(278)   Post Evacuate Collection Set: 1.1ms
[10.865s][info][gc,phases   ] GC(278)   Other: 1.0ms
[10.865s][info][gc,heap     ] GC(278) Eden regions: 149->0(149)
[10.865s][info][gc,heap     ] GC(278) Survivor regions: 4->4(20)
[10.865s][info][gc,heap     ] GC(278) Old regions: 2->2
[10.866s][info][gc,heap     ] GC(278) Archive regions: 2->2
[10.866s][info][gc,heap     ] GC(278) Humongous regions: 0->0
[10.866s][info][gc,metaspace] GC(278) Metaspace: 613K(832K)->613K(832K) NonClass: 595K(704K)->595K(704K) Class: 17K(128K)->17K(128K)
[10.867s][info][gc          ] GC(278) Pause Young (Normal) (G1 Evacuation Pause) 155M->6M(256M) 9.451ms
[10.867s][info][gc,cpu      ] GC(278) User=0.02s Sys=0.00s Real=0.01s
[10.900s][info][gc,start    ] GC(279) Pause Young (Normal) (G1 Evacuation Pause)
[10.901s][info][gc,task     ] GC(279) Using 6 workers of 8 for evacuation
[10.903s][info][gc,phases   ] GC(279)   Pre Evacuate Collection Set: 0.2ms
[10.904s][info][gc,phases   ] GC(279)   Merge Heap Roots: 0.3ms
[10.904s][info][gc,phases   ] GC(279)   Evacuate Collection Set: 1.0ms
[10.904s][info][gc,phases   ] GC(279)   Post Evacuate Collection Set: 0.7ms
[10.905s][info][gc,phases   ] GC(279)   Other: 0.4ms
[10.905s][info][gc,heap     ] GC(279) Eden regions: 149->0(149)
[10.905s][info][gc,heap     ] GC(279) Survivor regions: 4->4(20)
[10.905s][info][gc,heap     ] GC(279) Old regions: 2->2
[10.906s][info][gc,heap     ] GC(279) Archive regions: 2->2
[10.906s][info][gc,heap     ] GC(279) Humongous regions: 0->0
[10.906s][info][gc,metaspace] GC(279) Metaspace: 613K(832K)->613K(832K) NonClass: 595K(704K)->595K(704K) Class: 17K(128K)->17K(128K)
[10.907s][info][gc          ] GC(279) Pause Young (Normal) (G1 Evacuation Pause) 155M->5M(256M) 6.327ms
[10.907s][info][gc,cpu      ] GC(279) User=0.00s Sys=0.00s Real=0.01s
[10.940s][info][gc,start    ] GC(280) Pause Young (Normal) (G1 Evacuation Pause)
[10.941s][info][gc,task     ] GC(280) Using 6 workers of 8 for evacuation
[10.945s][info][gc,phases   ] GC(280)   Pre Evacuate Collection Set: 0.4ms
[10.945s][info][gc,phases   ] GC(280)   Merge Heap Roots: 0.3ms
[10.946s][info][gc,phases   ] GC(280)   Evacuate Collection Set: 1.7ms
[10.946s][info][gc,phases   ] GC(280)   Post Evacuate Collection Set: 1.1ms
[10.947s][info][gc,phases   ] GC(280)   Other: 0.7ms
[10.947s][info][gc,heap     ] GC(280) Eden regions: 149->0(150)
[10.947s][info][gc,heap     ] GC(280) Survivor regions: 4->3(20)
[10.948s][info][gc,heap     ] GC(280) Old regions: 2->2
[10.948s][info][gc,heap     ] GC(280) Archive regions: 2->2
[10.948s][info][gc,heap     ] GC(280) Humongous regions: 0->0
[10.948s][info][gc,metaspace] GC(280) Metaspace: 613K(832K)->613K(832K) NonClass: 595K(704K)->595K(704K) Class: 17K(128K)->17K(128K)
[10.949s][info][gc          ] GC(280) Pause Young (Normal) (G1 Evacuation Pause) 154M->5M(256M) 8.576ms
[10.949s][info][gc,cpu      ] GC(280) User=0.00s Sys=0.00s Real=0.01s
[10.983s][info][gc,start    ] GC(281) Pause Young (Normal) (G1 Evacuation Pause)
[10.983s][info][gc,task     ] GC(281) Using 6 workers of 8 for evacuation
[10.985s][info][gc,phases   ] GC(281)   Pre Evacuate Collection Set: 0.2ms
[10.986s][info][gc,phases   ] GC(281)   Merge Heap Roots: 0.2ms
[10.987s][info][gc,phases   ] GC(281)   Evacuate Collection Set: 0.7ms
[10.987s][info][gc,phases   ] GC(281)   Post Evacuate Collection Set: 0.8ms
[10.988s][info][gc,phases   ] GC(281)   Other: 0.4ms
[10.988s][info][gc,heap     ] GC(281) Eden regions: 150->0(149)
[10.989s][info][gc,heap     ] GC(281) Survivor regions: 3->4(20)
[10.989s][info][gc,heap     ] GC(281) Old regions: 2->2
[10.989s][info][gc,heap     ] GC(281) Archive regions: 2->2
[10.990s][info][gc,heap     ] GC(281) Humongous regions: 0->0
[10.990s][info][gc,metaspace] GC(281) Metaspace: 613K(832K)->613K(832K) NonClass: 595K(704K)->595K(704K) Class: 17K(128K)->17K(128K)
[10.991s][info][gc          ] GC(281) Pause Young (Normal) (G1 Evacuation Pause) 155M->6M(256M) 8.231ms
[10.991s][info][gc,cpu      ] GC(281) User=0.00s Sys=0.00s Real=0.01s
[11.022s][info][gc,start    ] GC(282) Pause Young (Normal) (G1 Evacuation Pause)
[11.022s][info][gc,task     ] GC(282) Using 6 workers of 8 for evacuation
[11.025s][info][gc,phases   ] GC(282)   Pre Evacuate Collection Set: 0.2ms
[11.025s][info][gc,phases   ] GC(282)   Merge Heap Roots: 0.3ms
[11.026s][info][gc,phases   ] GC(282)   Evacuate Collection Set: 1.1ms
[11.026s][info][gc,phases   ] GC(282)   Post Evacuate Collection Set: 0.9ms
[11.027s][info][gc,phases   ] GC(282)   Other: 0.4ms
[11.028s][info][gc,heap     ] GC(282) Eden regions: 149->0(149)
[11.028s][info][gc,heap     ] GC(282) Survivor regions: 4->4(20)
[11.029s][info][gc,heap     ] GC(282) Old regions: 2->2
[11.029s][info][gc,heap     ] GC(282) Archive regions: 2->2
[11.029s][info][gc,heap     ] GC(282) Humongous regions: 0->0
[11.030s][info][gc,metaspace] GC(282) Metaspace: 613K(832K)->613K(832K) NonClass: 595K(704K)->595K(704K) Class: 17K(128K)->17K(128K)
[11.030s][info][gc          ] GC(282) Pause Young (Normal) (G1 Evacuation Pause) 155M->5M(256M) 8.524ms
[11.030s][info][gc,cpu      ] GC(282) User=0.01s Sys=0.00s Real=0.01s
[11.059s][info][gc,start    ] GC(283) Pause Young (Normal) (G1 Evacuation Pause)
[11.060s][info][gc,task     ] GC(283) Using 6 workers of 8 for evacuation
[11.064s][info][gc,phases   ] GC(283)   Pre Evacuate Collection Set: 0.3ms
[11.064s][info][gc,phases   ] GC(283)   Merge Heap Roots: 0.2ms
[11.065s][info][gc,phases   ] GC(283)   Evacuate Collection Set: 1.4ms
[11.065s][info][gc,phases   ] GC(283)   Post Evacuate Collection Set: 0.8ms
[11.065s][info][gc,phases   ] GC(283)   Other: 0.9ms
[11.065s][info][gc,heap     ] GC(283) Eden regions: 149->0(150)
[11.066s][info][gc,heap     ] GC(283) Survivor regions: 4->3(20)
[11.066s][info][gc,heap     ] GC(283) Old regions: 2->2
[11.066s][info][gc,heap     ] GC(283) Archive regions: 2->2
[11.067s][info][gc,heap     ] GC(283) Humongous regions: 0->0
[11.067s][info][gc,metaspace] GC(283) Metaspace: 613K(832K)->613K(832K) NonClass: 595K(704K)->595K(704K) Class: 17K(128K)->17K(128K)
[11.067s][info][gc          ] GC(283) Pause Young (Normal) (G1 Evacuation Pause) 154M->5M(256M) 7.748ms
[11.067s][info][gc,cpu      ] GC(283) User=0.01s Sys=0.00s Real=0.01s
[11.114s][info][gc,start    ] GC(284) Pause Young (Normal) (G1 Evacuation Pause)
[11.114s][info][gc,task     ] GC(284) Using 6 workers of 8 for evacuation
[11.118s][info][gc,phases   ] GC(284)   Pre Evacuate Collection Set: 0.3ms
[11.118s][info][gc,phases   ] GC(284)   Merge Heap Roots: 0.2ms
[11.118s][info][gc,phases   ] GC(284)   Evacuate Collection Set: 1.1ms
[11.119s][info][gc,phases   ] GC(284)   Post Evacuate Collection Set: 0.9ms
[11.119s][info][gc,phases   ] GC(284)   Other: 1.0ms
[11.119s][info][gc,heap     ] GC(284) Eden regions: 150->0(149)
[11.120s][info][gc,heap     ] GC(284) Survivor regions: 3->4(20)
[11.120s][info][gc,heap     ] GC(284) Old regions: 2->2
[11.120s][info][gc,heap     ] GC(284) Archive regions: 2->2
[11.121s][info][gc,heap     ] GC(284) Humongous regions: 0->0
[11.121s][info][gc,metaspace] GC(284) Metaspace: 613K(832K)->613K(832K) NonClass: 595K(704K)->595K(704K) Class: 17K(128K)->17K(128K)
[11.121s][info][gc          ] GC(284) Pause Young (Normal) (G1 Evacuation Pause) 155M->6M(256M) 7.608ms
[11.122s][info][gc,cpu      ] GC(284) User=0.00s Sys=0.01s Real=0.01s
[11.157s][info][gc,start    ] GC(285) Pause Young (Normal) (G1 Evacuation Pause)
[11.158s][info][gc,task     ] GC(285) Using 6 workers of 8 for evacuation
[11.162s][info][gc,phases   ] GC(285)   Pre Evacuate Collection Set: 0.3ms
[11.163s][info][gc,phases   ] GC(285)   Merge Heap Roots: 0.3ms
[11.164s][info][gc,phases   ] GC(285)   Evacuate Collection Set: 1.8ms
[11.164s][info][gc,phases   ] GC(285)   Post Evacuate Collection Set: 0.9ms
[11.164s][info][gc,phases   ] GC(285)   Other: 0.7ms
[11.165s][info][gc,heap     ] GC(285) Eden regions: 149->0(149)
[11.165s][info][gc,heap     ] GC(285) Survivor regions: 4->4(20)
[11.165s][info][gc,heap     ] GC(285) Old regions: 2->2
[11.166s][info][gc,heap     ] GC(285) Archive regions: 2->2
[11.166s][info][gc,heap     ] GC(285) Humongous regions: 0->0
[11.166s][info][gc,metaspace] GC(285) Metaspace: 613K(832K)->613K(832K) NonClass: 595K(704K)->595K(704K) Class: 17K(128K)->17K(128K)
[11.167s][info][gc          ] GC(285) Pause Young (Normal) (G1 Evacuation Pause) 155M->5M(256M) 9.476ms
[11.167s][info][gc,cpu      ] GC(285) User=0.01s Sys=0.00s Real=0.01s
[11.214s][info][gc,start    ] GC(286) Pause Young (Normal) (G1 Evacuation Pause)
[11.215s][info][gc,task     ] GC(286) Using 6 workers of 8 for evacuation
[11.218s][info][gc,phases   ] GC(286)   Pre Evacuate Collection Set: 0.3ms
[11.218s][info][gc,phases   ] GC(286)   Merge Heap Roots: 0.2ms
[11.219s][info][gc,phases   ] GC(286)   Evacuate Collection Set: 1.1ms
[11.219s][info][gc,phases   ] GC(286)   Post Evacuate Collection Set: 0.8ms
[11.219s][info][gc,phases   ] GC(286)   Other: 0.6ms
[11.220s][info][gc,heap     ] GC(286) Eden regions: 149->0(149)
[11.220s][info][gc,heap     ] GC(286) Survivor regions: 4->4(20)
[11.220s][info][gc,heap     ] GC(286) Old regions: 2->2
[11.221s][info][gc,heap     ] GC(286) Archive regions: 2->2
[11.221s][info][gc,heap     ] GC(286) Humongous regions: 0->0
[11.221s][info][gc,metaspace] GC(286) Metaspace: 613K(832K)->613K(832K) NonClass: 595K(704K)->595K(704K) Class: 17K(128K)->17K(128K)
[11.222s][info][gc          ] GC(286) Pause Young (Normal) (G1 Evacuation Pause) 154M->5M(256M) 7.409ms
[11.222s][info][gc,cpu      ] GC(286) User=0.00s Sys=0.01s Real=0.01s
[11.272s][info][gc,start    ] GC(287) Pause Young (Normal) (G1 Evacuation Pause)
[11.275s][info][gc,task     ] GC(287) Using 6 workers of 8 for evacuation
[11.282s][info][gc,phases   ] GC(287)   Pre Evacuate Collection Set: 0.7ms
[11.283s][info][gc,phases   ] GC(287)   Merge Heap Roots: 0.5ms
[11.283s][info][gc,phases   ] GC(287)   Evacuate Collection Set: 1.1ms
[11.283s][info][gc,phases   ] GC(287)   Post Evacuate Collection Set: 0.9ms
[11.284s][info][gc,phases   ] GC(287)   Other: 3.8ms
[11.284s][info][gc,heap     ] GC(287) Eden regions: 149->0(150)
[11.284s][info][gc,heap     ] GC(287) Survivor regions: 4->3(20)
[11.284s][info][gc,heap     ] GC(287) Old regions: 2->2
[11.285s][info][gc,heap     ] GC(287) Archive regions: 2->2
[11.285s][info][gc,heap     ] GC(287) Humongous regions: 0->0
[11.285s][info][gc,metaspace] GC(287) Metaspace: 613K(832K)->613K(832K) NonClass: 595K(704K)->595K(704K) Class: 17K(128K)->17K(128K)
[11.286s][info][gc          ] GC(287) Pause Young (Normal) (G1 Evacuation Pause) 154M->5M(256M) 13.666ms
[11.286s][info][gc,cpu      ] GC(287) User=0.01s Sys=0.01s Real=0.01s
[11.328s][info][gc,start    ] GC(288) Pause Young (Normal) (G1 Evacuation Pause)
[11.329s][info][gc,task     ] GC(288) Using 6 workers of 8 for evacuation
[11.332s][info][gc,phases   ] GC(288)   Pre Evacuate Collection Set: 0.2ms
[11.333s][info][gc,phases   ] GC(288)   Merge Heap Roots: 0.2ms
[11.333s][info][gc,phases   ] GC(288)   Evacuate Collection Set: 1.1ms
[11.333s][info][gc,phases   ] GC(288)   Post Evacuate Collection Set: 0.7ms
[11.334s][info][gc,phases   ] GC(288)   Other: 0.6ms
[11.334s][info][gc,heap     ] GC(288) Eden regions: 150->0(149)
[11.334s][info][gc,heap     ] GC(288) Survivor regions: 3->4(20)
[11.335s][info][gc,heap     ] GC(288) Old regions: 2->2
[11.335s][info][gc,heap     ] GC(288) Archive regions: 2->2
[11.335s][info][gc,heap     ] GC(288) Humongous regions: 0->0
[11.336s][info][gc,metaspace] GC(288) Metaspace: 613K(832K)->613K(832K) NonClass: 595K(704K)->595K(704K) Class: 17K(128K)->17K(128K)
[11.336s][info][gc          ] GC(288) Pause Young (Normal) (G1 Evacuation Pause) 155M->6M(256M) 7.458ms
[11.336s][info][gc,cpu      ] GC(288) User=0.01s Sys=0.00s Real=0.00s
[11.373s][info][gc,start    ] GC(289) Pause Young (Normal) (G1 Evacuation Pause)
[11.374s][info][gc,task     ] GC(289) Using 6 workers of 8 for evacuation
[11.379s][info][gc,phases   ] GC(289)   Pre Evacuate Collection Set: 0.3ms
[11.379s][info][gc,phases   ] GC(289)   Merge Heap Roots: 0.4ms
[11.379s][info][gc,phases   ] GC(289)   Evacuate Collection Set: 2.3ms
[11.380s][info][gc,phases   ] GC(289)   Post Evacuate Collection Set: 1.0ms
[11.380s][info][gc,phases   ] GC(289)   Other: 0.8ms
[11.381s][info][gc,heap     ] GC(289) Eden regions: 149->0(149)
[11.381s][info][gc,heap     ] GC(289) Survivor regions: 4->4(20)
[11.381s][info][gc,heap     ] GC(289) Old regions: 2->2
[11.381s][info][gc,heap     ] GC(289) Archive regions: 2->2
[11.382s][info][gc,heap     ] GC(289) Humongous regions: 0->0
[11.382s][info][gc,metaspace] GC(289) Metaspace: 613K(832K)->613K(832K) NonClass: 595K(704K)->595K(704K) Class: 17K(128K)->17K(128K)
[11.382s][info][gc          ] GC(289) Pause Young (Normal) (G1 Evacuation Pause) 155M->5M(256M) 9.669ms
[11.383s][info][gc,cpu      ] GC(289) User=0.01s Sys=0.00s Real=0.01s
[11.422s][info][gc,start    ] GC(290) Pause Young (Normal) (G1 Evacuation Pause)
[11.422s][info][gc,task     ] GC(290) Using 6 workers of 8 for evacuation
[11.427s][info][gc,phases   ] GC(290)   Pre Evacuate Collection Set: 0.4ms
[11.428s][info][gc,phases   ] GC(290)   Merge Heap Roots: 0.2ms
[11.429s][info][gc,phases   ] GC(290)   Evacuate Collection Set: 2.5ms
[11.429s][info][gc,phases   ] GC(290)   Post Evacuate Collection Set: 1.5ms
[11.430s][info][gc,phases   ] GC(290)   Other: 0.5ms
[11.430s][info][gc,heap     ] GC(290) Eden regions: 149->0(150)
[11.431s][info][gc,heap     ] GC(290) Survivor regions: 4->3(20)
[11.431s][info][gc,heap     ] GC(290) Old regions: 2->2
[11.431s][info][gc,heap     ] GC(290) Archive regions: 2->2
[11.431s][info][gc,heap     ] GC(290) Humongous regions: 0->0
[11.432s][info][gc,metaspace] GC(290) Metaspace: 613K(832K)->613K(832K) NonClass: 595K(704K)->595K(704K) Class: 17K(128K)->17K(128K)
[11.432s][info][gc          ] GC(290) Pause Young (Normal) (G1 Evacuation Pause) 154M->5M(256M) 10.270ms
[11.432s][info][gc,cpu      ] GC(290) User=0.01s Sys=0.00s Real=0.01s
[11.471s][info][gc,start    ] GC(291) Pause Young (Normal) (G1 Evacuation Pause)
[11.471s][info][gc,task     ] GC(291) Using 6 workers of 8 for evacuation
[11.474s][info][gc,phases   ] GC(291)   Pre Evacuate Collection Set: 0.2ms
[11.476s][info][gc,phases   ] GC(291)   Merge Heap Roots: 0.2ms
[11.477s][info][gc,phases   ] GC(291)   Evacuate Collection Set: 1.1ms
[11.478s][info][gc,phases   ] GC(291)   Post Evacuate Collection Set: 0.9ms
[11.479s][info][gc,phases   ] GC(291)   Other: 0.5ms
[11.479s][info][gc,heap     ] GC(291) Eden regions: 150->0(149)
[11.480s][info][gc,heap     ] GC(291) Survivor regions: 3->4(20)
[11.480s][info][gc,heap     ] GC(291) Old regions: 2->2
[11.480s][info][gc,heap     ] GC(291) Archive regions: 2->2
[11.481s][info][gc,heap     ] GC(291) Humongous regions: 0->0
[11.481s][info][gc,metaspace] GC(291) Metaspace: 613K(832K)->613K(832K) NonClass: 595K(704K)->595K(704K) Class: 17K(128K)->17K(128K)
[11.481s][info][gc          ] GC(291) Pause Young (Normal) (G1 Evacuation Pause) 155M->6M(256M) 10.313ms
[11.482s][info][gc,cpu      ] GC(291) User=0.00s Sys=0.00s Real=0.01s
[11.519s][info][gc,start    ] GC(292) Pause Young (Normal) (G1 Evacuation Pause)
[11.519s][info][gc,task     ] GC(292) Using 6 workers of 8 for evacuation
[11.521s][info][gc,phases   ] GC(292)   Pre Evacuate Collection Set: 0.3ms
[11.522s][info][gc,phases   ] GC(292)   Merge Heap Roots: 0.2ms
[11.522s][info][gc,phases   ] GC(292)   Evacuate Collection Set: 0.9ms
[11.522s][info][gc,phases   ] GC(292)   Post Evacuate Collection Set: 0.6ms
[11.522s][info][gc,phases   ] GC(292)   Other: 0.4ms
[11.523s][info][gc,heap     ] GC(292) Eden regions: 149->0(149)
[11.523s][info][gc,heap     ] GC(292) Survivor regions: 4->4(20)
[11.523s][info][gc,heap     ] GC(292) Old regions: 2->2
[11.524s][info][gc,heap     ] GC(292) Archive regions: 2->2
[11.525s][info][gc,heap     ] GC(292) Humongous regions: 0->0
[11.525s][info][gc,metaspace] GC(292) Metaspace: 613K(832K)->613K(832K) NonClass: 595K(704K)->595K(704K) Class: 17K(128K)->17K(128K)
[11.526s][info][gc          ] GC(292) Pause Young (Normal) (G1 Evacuation Pause) 155M->5M(256M) 6.996ms
[11.526s][info][gc,cpu      ] GC(292) User=0.01s Sys=0.00s Real=0.00s
[11.553s][info][gc,start    ] GC(293) Pause Young (Normal) (G1 Evacuation Pause)
[11.554s][info][gc,task     ] GC(293) Using 6 workers of 8 for evacuation
[11.556s][info][gc,phases   ] GC(293)   Pre Evacuate Collection Set: 0.2ms
[11.556s][info][gc,phases   ] GC(293)   Merge Heap Roots: 0.2ms
[11.557s][info][gc,phases   ] GC(293)   Evacuate Collection Set: 0.8ms
[11.557s][info][gc,phases   ] GC(293)   Post Evacuate Collection Set: 0.6ms
[11.558s][info][gc,phases   ] GC(293)   Other: 0.4ms
[11.558s][info][gc,heap     ] GC(293) Eden regions: 149->0(149)
[11.559s][info][gc,heap     ] GC(293) Survivor regions: 4->4(20)
[11.559s][info][gc,heap     ] GC(293) Old regions: 2->2
[11.560s][info][gc,heap     ] GC(293) Archive regions: 2->2
[11.561s][info][gc,heap     ] GC(293) Humongous regions: 0->0
[11.561s][info][gc,metaspace] GC(293) Metaspace: 613K(832K)->613K(832K) NonClass: 595K(704K)->595K(704K) Class: 17K(128K)->17K(128K)
[11.561s][info][gc          ] GC(293) Pause Young (Normal) (G1 Evacuation Pause) 154M->5M(256M) 7.849ms
[11.562s][info][gc,cpu      ] GC(293) User=0.01s Sys=0.00s Real=0.01s
[11.589s][info][gc,start    ] GC(294) Pause Young (Normal) (G1 Evacuation Pause)
[11.590s][info][gc,task     ] GC(294) Using 6 workers of 8 for evacuation
[11.593s][info][gc,phases   ] GC(294)   Pre Evacuate Collection Set: 0.2ms
[11.594s][info][gc,phases   ] GC(294)   Merge Heap Roots: 0.2ms
[11.595s][info][gc,phases   ] GC(294)   Evacuate Collection Set: 1.6ms
[11.595s][info][gc,phases   ] GC(294)   Post Evacuate Collection Set: 0.9ms
[11.595s][info][gc,phases   ] GC(294)   Other: 0.5ms
[11.596s][info][gc,heap     ] GC(294) Eden regions: 149->0(150)
[11.596s][info][gc,heap     ] GC(294) Survivor regions: 4->3(20)
[11.596s][info][gc,heap     ] GC(294) Old regions: 2->2
[11.597s][info][gc,heap     ] GC(294) Archive regions: 2->2
[11.597s][info][gc,heap     ] GC(294) Humongous regions: 0->0
[11.597s][info][gc,metaspace] GC(294) Metaspace: 613K(832K)->613K(832K) NonClass: 595K(704K)->595K(704K) Class: 17K(128K)->17K(128K)
[11.597s][info][gc          ] GC(294) Pause Young (Normal) (G1 Evacuation Pause) 154M->5M(256M) 8.308ms
[11.598s][info][gc,cpu      ] GC(294) User=0.01s Sys=0.00s Real=0.01s
[11.624s][info][gc,start    ] GC(295) Pause Young (Normal) (G1 Evacuation Pause)
[11.625s][info][gc,task     ] GC(295) Using 6 workers of 8 for evacuation
[11.629s][info][gc,phases   ] GC(295)   Pre Evacuate Collection Set: 0.3ms
[11.629s][info][gc,phases   ] GC(295)   Merge Heap Roots: 0.3ms
[11.630s][info][gc,phases   ] GC(295)   Evacuate Collection Set: 2.0ms
[11.630s][info][gc,phases   ] GC(295)   Post Evacuate Collection Set: 0.8ms
[11.630s][info][gc,phases   ] GC(295)   Other: 0.6ms
[11.631s][info][gc,heap     ] GC(295) Eden regions: 150->0(149)
[11.631s][info][gc,heap     ] GC(295) Survivor regions: 3->4(20)
[11.631s][info][gc,heap     ] GC(295) Old regions: 2->2
[11.631s][info][gc,heap     ] GC(295) Archive regions: 2->2
[11.632s][info][gc,heap     ] GC(295) Humongous regions: 0->0
[11.632s][info][gc,metaspace] GC(295) Metaspace: 613K(832K)->613K(832K) NonClass: 595K(704K)->595K(704K) Class: 17K(128K)->17K(128K)
[11.632s][info][gc          ] GC(295) Pause Young (Normal) (G1 Evacuation Pause) 155M->6M(256M) 7.811ms
[11.632s][info][gc,cpu      ] GC(295) User=0.00s Sys=0.00s Real=0.01s
[11.659s][info][gc,start    ] GC(296) Pause Young (Normal) (G1 Evacuation Pause)
[11.660s][info][gc,task     ] GC(296) Using 6 workers of 8 for evacuation
[11.663s][info][gc,phases   ] GC(296)   Pre Evacuate Collection Set: 0.4ms
[11.663s][info][gc,phases   ] GC(296)   Merge Heap Roots: 0.2ms
[11.664s][info][gc,phases   ] GC(296)   Evacuate Collection Set: 0.8ms
[11.664s][info][gc,phases   ] GC(296)   Post Evacuate Collection Set: 0.6ms
[11.664s][info][gc,phases   ] GC(296)   Other: 1.0ms
[11.665s][info][gc,heap     ] GC(296) Eden regions: 149->0(149)
[11.665s][info][gc,heap     ] GC(296) Survivor regions: 4->4(20)
[11.665s][info][gc,heap     ] GC(296) Old regions: 2->2
[11.665s][info][gc,heap     ] GC(296) Archive regions: 2->2
[11.666s][info][gc,heap     ] GC(296) Humongous regions: 0->0
[11.666s][info][gc,metaspace] GC(296) Metaspace: 613K(832K)->613K(832K) NonClass: 595K(704K)->595K(704K) Class: 17K(128K)->17K(128K)
[11.666s][info][gc          ] GC(296) Pause Young (Normal) (G1 Evacuation Pause) 155M->5M(256M) 7.011ms
[11.666s][info][gc,cpu      ] GC(296) User=0.01s Sys=0.00s Real=0.00s
[11.695s][info][gc,start    ] GC(297) Pause Young (Normal) (G1 Evacuation Pause)
[11.696s][info][gc,task     ] GC(297) Using 6 workers of 8 for evacuation
[11.699s][info][gc,phases   ] GC(297)   Pre Evacuate Collection Set: 0.3ms
[11.699s][info][gc,phases   ] GC(297)   Merge Heap Roots: 0.3ms
[11.699s][info][gc,phases   ] GC(297)   Evacuate Collection Set: 1.1ms
[11.700s][info][gc,phases   ] GC(297)   Post Evacuate Collection Set: 0.7ms
[11.700s][info][gc,phases   ] GC(297)   Other: 0.4ms
[11.701s][info][gc,heap     ] GC(297) Eden regions: 149->0(150)
[11.701s][info][gc,heap     ] GC(297) Survivor regions: 4->3(20)
[11.701s][info][gc,heap     ] GC(297) Old regions: 2->2
[11.702s][info][gc,heap     ] GC(297) Archive regions: 2->2
[11.702s][info][gc,heap     ] GC(297) Humongous regions: 0->0
[11.702s][info][gc,metaspace] GC(297) Metaspace: 613K(832K)->613K(832K) NonClass: 595K(704K)->595K(704K) Class: 17K(128K)->17K(128K)
[11.702s][info][gc          ] GC(297) Pause Young (Normal) (G1 Evacuation Pause) 154M->5M(256M) 7.037ms
[11.703s][info][gc,cpu      ] GC(297) User=0.00s Sys=0.01s Real=0.01s
[11.733s][info][gc,start    ] GC(298) Pause Young (Normal) (G1 Evacuation Pause)
[11.733s][info][gc,task     ] GC(298) Using 6 workers of 8 for evacuation
[11.736s][info][gc,phases   ] GC(298)   Pre Evacuate Collection Set: 0.2ms
[11.736s][info][gc,phases   ] GC(298)   Merge Heap Roots: 0.2ms
[11.736s][info][gc,phases   ] GC(298)   Evacuate Collection Set: 0.9ms
[11.737s][info][gc,phases   ] GC(298)   Post Evacuate Collection Set: 0.6ms
[11.737s][info][gc,phases   ] GC(298)   Other: 0.4ms
[11.737s][info][gc,heap     ] GC(298) Eden regions: 150->0(149)
[11.737s][info][gc,heap     ] GC(298) Survivor regions: 3->4(20)
[11.738s][info][gc,heap     ] GC(298) Old regions: 2->2
[11.738s][info][gc,heap     ] GC(298) Archive regions: 2->2
[11.738s][info][gc,heap     ] GC(298) Humongous regions: 0->0
[11.739s][info][gc,metaspace] GC(298) Metaspace: 613K(832K)->613K(832K) NonClass: 595K(704K)->595K(704K) Class: 17K(128K)->17K(128K)
[11.739s][info][gc          ] GC(298) Pause Young (Normal) (G1 Evacuation Pause) 155M->6M(256M) 6.069ms
[11.739s][info][gc,cpu      ] GC(298) User=0.01s Sys=0.01s Real=0.01s
[11.769s][info][gc,start    ] GC(299) Pause Young (Normal) (G1 Evacuation Pause)
[11.769s][info][gc,task     ] GC(299) Using 6 workers of 8 for evacuation
[11.772s][info][gc,phases   ] GC(299)   Pre Evacuate Collection Set: 0.2ms
[11.772s][info][gc,phases   ] GC(299)   Merge Heap Roots: 0.2ms
[11.772s][info][gc,phases   ] GC(299)   Evacuate Collection Set: 0.8ms
[11.772s][info][gc,phases   ] GC(299)   Post Evacuate Collection Set: 0.6ms
[11.773s][info][gc,phases   ] GC(299)   Other: 0.4ms
[11.773s][info][gc,heap     ] GC(299) Eden regions: 149->0(149)
[11.774s][info][gc,heap     ] GC(299) Survivor regions: 4->4(20)
[11.774s][info][gc,heap     ] GC(299) Old regions: 2->2
[11.775s][info][gc,heap     ] GC(299) Archive regions: 2->2
[11.776s][info][gc,heap     ] GC(299) Humongous regions: 0->0
[11.776s][info][gc,metaspace] GC(299) Metaspace: 613K(832K)->613K(832K) NonClass: 595K(704K)->595K(704K) Class: 17K(128K)->17K(128K)
[11.777s][info][gc          ] GC(299) Pause Young (Normal) (G1 Evacuation Pause) 155M->5M(256M) 8.137ms
[11.778s][info][gc,cpu      ] GC(299) User=0.00s Sys=0.00s Real=0.01s
[11.803s][info][gc,start    ] GC(300) Pause Young (Normal) (G1 Evacuation Pause)
[11.804s][info][gc,task     ] GC(300) Using 6 workers of 8 for evacuation
[11.806s][info][gc,phases   ] GC(300)   Pre Evacuate Collection Set: 0.2ms
[11.806s][info][gc,phases   ] GC(300)   Merge Heap Roots: 0.2ms
[11.806s][info][gc,phases   ] GC(300)   Evacuate Collection Set: 0.6ms
[11.807s][info][gc,phases   ] GC(300)   Post Evacuate Collection Set: 0.7ms
[11.807s][info][gc,phases   ] GC(300)   Other: 0.4ms
[11.807s][info][gc,heap     ] GC(300) Eden regions: 149->0(149)
[11.808s][info][gc,heap     ] GC(300) Survivor regions: 4->4(20)
[11.808s][info][gc,heap     ] GC(300) Old regions: 2->2
[11.809s][info][gc,heap     ] GC(300) Archive regions: 2->2
[11.809s][info][gc,heap     ] GC(300) Humongous regions: 0->0
[11.810s][info][gc,metaspace] GC(300) Metaspace: 613K(832K)->613K(832K) NonClass: 595K(704K)->595K(704K) Class: 17K(128K)->17K(128K)
[11.811s][info][gc          ] GC(300) Pause Young (Normal) (G1 Evacuation Pause) 154M->5M(256M) 7.804ms
[11.811s][info][gc,cpu      ] GC(300) User=0.00s Sys=0.00s Real=0.01s
[11.838s][info][gc,start    ] GC(301) Pause Young (Normal) (G1 Evacuation Pause)
[11.838s][info][gc,task     ] GC(301) Using 6 workers of 8 for evacuation
[11.840s][info][gc,phases   ] GC(301)   Pre Evacuate Collection Set: 0.2ms
[11.841s][info][gc,phases   ] GC(301)   Merge Heap Roots: 0.3ms
[11.842s][info][gc,phases   ] GC(301)   Evacuate Collection Set: 0.5ms
[11.842s][info][gc,phases   ] GC(301)   Post Evacuate Collection Set: 1.0ms
[11.843s][info][gc,phases   ] GC(301)   Other: 0.5ms
[11.844s][info][gc,heap     ] GC(301) Eden regions: 149->0(150)
[11.844s][info][gc,heap     ] GC(301) Survivor regions: 4->3(20)
[11.845s][info][gc,heap     ] GC(301) Old regions: 2->2
[11.845s][info][gc,heap     ] GC(301) Archive regions: 2->2
[11.845s][info][gc,heap     ] GC(301) Humongous regions: 0->0
[11.846s][info][gc,metaspace] GC(301) Metaspace: 613K(832K)->613K(832K) NonClass: 595K(704K)->595K(704K) Class: 17K(128K)->17K(128K)
[11.846s][info][gc          ] GC(301) Pause Young (Normal) (G1 Evacuation Pause) 154M->5M(256M) 8.467ms
[11.846s][info][gc,cpu      ] GC(301) User=0.01s Sys=0.00s Real=0.00s
[11.872s][info][gc,start    ] GC(302) Pause Young (Normal) (G1 Evacuation Pause)
[11.873s][info][gc,task     ] GC(302) Using 6 workers of 8 for evacuation
[11.876s][info][gc,phases   ] GC(302)   Pre Evacuate Collection Set: 0.2ms
[11.877s][info][gc,phases   ] GC(302)   Merge Heap Roots: 0.2ms
[11.878s][info][gc,phases   ] GC(302)   Evacuate Collection Set: 1.4ms
[11.878s][info][gc,phases   ] GC(302)   Post Evacuate Collection Set: 1.3ms
[11.879s][info][gc,phases   ] GC(302)   Other: 0.6ms
[11.879s][info][gc,heap     ] GC(302) Eden regions: 150->0(149)
[11.879s][info][gc,heap     ] GC(302) Survivor regions: 3->4(20)
[11.880s][info][gc,heap     ] GC(302) Old regions: 2->2
[11.880s][info][gc,heap     ] GC(302) Archive regions: 2->2
[11.880s][info][gc,heap     ] GC(302) Humongous regions: 0->0
[11.881s][info][gc,metaspace] GC(302) Metaspace: 613K(832K)->613K(832K) NonClass: 595K(704K)->595K(704K) Class: 17K(128K)->17K(128K)
[11.881s][info][gc          ] GC(302) Pause Young (Normal) (G1 Evacuation Pause) 155M->6M(256M) 8.844ms
[11.881s][info][gc,cpu      ] GC(302) User=0.01s Sys=0.00s Real=0.01s
[11.905s][info][gc,start    ] GC(303) Pause Young (Normal) (G1 Evacuation Pause)
[11.905s][info][gc,task     ] GC(303) Using 6 workers of 8 for evacuation
[11.908s][info][gc,phases   ] GC(303)   Pre Evacuate Collection Set: 0.2ms
[11.909s][info][gc,phases   ] GC(303)   Merge Heap Roots: 0.2ms
[11.909s][info][gc,phases   ] GC(303)   Evacuate Collection Set: 0.9ms
[11.910s][info][gc,phases   ] GC(303)   Post Evacuate Collection Set: 1.1ms
[11.911s][info][gc,phases   ] GC(303)   Other: 0.4ms
[11.911s][info][gc,heap     ] GC(303) Eden regions: 149->0(149)
[11.912s][info][gc,heap     ] GC(303) Survivor regions: 4->4(20)
[11.912s][info][gc,heap     ] GC(303) Old regions: 2->2
[11.913s][info][gc,heap     ] GC(303) Archive regions: 2->2
[11.913s][info][gc,heap     ] GC(303) Humongous regions: 0->0
[11.914s][info][gc,metaspace] GC(303) Metaspace: 613K(832K)->613K(832K) NonClass: 595K(704K)->595K(704K) Class: 17K(128K)->17K(128K)
[11.914s][info][gc          ] GC(303) Pause Young (Normal) (G1 Evacuation Pause) 155M->5M(256M) 9.217ms
[11.914s][info][gc,cpu      ] GC(303) User=0.00s Sys=0.01s Real=0.01s
[11.939s][info][gc,start    ] GC(304) Pause Young (Normal) (G1 Evacuation Pause)
[11.939s][info][gc,task     ] GC(304) Using 6 workers of 8 for evacuation
[11.944s][info][gc,phases   ] GC(304)   Pre Evacuate Collection Set: 0.2ms
[11.944s][info][gc,phases   ] GC(304)   Merge Heap Roots: 0.2ms
[11.945s][info][gc,phases   ] GC(304)   Evacuate Collection Set: 1.9ms
[11.945s][info][gc,phases   ] GC(304)   Post Evacuate Collection Set: 1.3ms
[11.946s][info][gc,phases   ] GC(304)   Other: 0.7ms
[11.946s][info][gc,heap     ] GC(304) Eden regions: 149->0(150)
[11.947s][info][gc,heap     ] GC(304) Survivor regions: 4->3(20)
[11.947s][info][gc,heap     ] GC(304) Old regions: 2->2
[11.948s][info][gc,heap     ] GC(304) Archive regions: 2->2
[11.948s][info][gc,heap     ] GC(304) Humongous regions: 0->0
[11.949s][info][gc,metaspace] GC(304) Metaspace: 613K(832K)->613K(832K) NonClass: 595K(704K)->595K(704K) Class: 17K(128K)->17K(128K)
[11.949s][info][gc          ] GC(304) Pause Young (Normal) (G1 Evacuation Pause) 154M->5M(256M) 10.374ms
[11.950s][info][gc,cpu      ] GC(304) User=0.01s Sys=0.00s Real=0.01s
[11.974s][info][gc,start    ] GC(305) Pause Young (Normal) (G1 Evacuation Pause)
[11.975s][info][gc,task     ] GC(305) Using 6 workers of 8 for evacuation
[11.979s][info][gc,phases   ] GC(305)   Pre Evacuate Collection Set: 0.3ms
[11.979s][info][gc,phases   ] GC(305)   Merge Heap Roots: 0.3ms
[11.979s][info][gc,phases   ] GC(305)   Evacuate Collection Set: 2.1ms
[11.980s][info][gc,phases   ] GC(305)   Post Evacuate Collection Set: 0.8ms
[11.980s][info][gc,phases   ] GC(305)   Other: 0.6ms
[11.981s][info][gc,heap     ] GC(305) Eden regions: 150->0(149)
[11.981s][info][gc,heap     ] GC(305) Survivor regions: 3->4(20)
[11.981s][info][gc,heap     ] GC(305) Old regions: 2->2
[11.982s][info][gc,heap     ] GC(305) Archive regions: 2->2
[11.982s][info][gc,heap     ] GC(305) Humongous regions: 0->0
[11.982s][info][gc,metaspace] GC(305) Metaspace: 613K(832K)->613K(832K) NonClass: 595K(704K)->595K(704K) Class: 17K(128K)->17K(128K)
[11.983s][info][gc          ] GC(305) Pause Young (Normal) (G1 Evacuation Pause) 155M->6M(256M) 8.741ms
[11.983s][info][gc,cpu      ] GC(305) User=0.01s Sys=0.00s Real=0.01s
[12.006s][info][gc,start    ] GC(306) Pause Young (Normal) (G1 Evacuation Pause)
[12.007s][info][gc,task     ] GC(306) Using 6 workers of 8 for evacuation
[12.011s][info][gc,phases   ] GC(306)   Pre Evacuate Collection Set: 0.3ms
[12.012s][info][gc,phases   ] GC(306)   Merge Heap Roots: 0.3ms
[12.012s][info][gc,phases   ] GC(306)   Evacuate Collection Set: 1.8ms
[12.013s][info][gc,phases   ] GC(306)   Post Evacuate Collection Set: 1.2ms
[12.013s][info][gc,phases   ] GC(306)   Other: 0.6ms
[12.014s][info][gc,heap     ] GC(306) Eden regions: 149->0(149)
[12.014s][info][gc,heap     ] GC(306) Survivor regions: 4->4(20)
[12.014s][info][gc,heap     ] GC(306) Old regions: 2->2
[12.015s][info][gc,heap     ] GC(306) Archive regions: 2->2
[12.015s][info][gc,heap     ] GC(306) Humongous regions: 0->0
[12.015s][info][gc,metaspace] GC(306) Metaspace: 613K(832K)->613K(832K) NonClass: 595K(704K)->595K(704K) Class: 17K(128K)->17K(128K)
[12.016s][info][gc          ] GC(306) Pause Young (Normal) (G1 Evacuation Pause) 155M->6M(256M) 9.273ms
[12.016s][info][gc,cpu      ] GC(306) User=0.01s Sys=0.00s Real=0.01s
[12.039s][info][gc,start    ] GC(307) Pause Young (Normal) (G1 Evacuation Pause)
[12.040s][info][gc,task     ] GC(307) Using 6 workers of 8 for evacuation
[12.044s][info][gc,phases   ] GC(307)   Pre Evacuate Collection Set: 0.3ms
[12.045s][info][gc,phases   ] GC(307)   Merge Heap Roots: 0.2ms
[12.045s][info][gc,phases   ] GC(307)   Evacuate Collection Set: 1.6ms
[12.046s][info][gc,phases   ] GC(307)   Post Evacuate Collection Set: 1.2ms
[12.046s][info][gc,phases   ] GC(307)   Other: 0.7ms
[12.047s][info][gc,heap     ] GC(307) Eden regions: 149->0(149)
[12.047s][info][gc,heap     ] GC(307) Survivor regions: 4->4(20)
[12.047s][info][gc,heap     ] GC(307) Old regions: 2->2
[12.048s][info][gc,heap     ] GC(307) Archive regions: 2->2
[12.048s][info][gc,heap     ] GC(307) Humongous regions: 0->0
[12.048s][info][gc,metaspace] GC(307) Metaspace: 613K(832K)->613K(832K) NonClass: 595K(704K)->595K(704K) Class: 17K(128K)->17K(128K)
[12.049s][info][gc          ] GC(307) Pause Young (Normal) (G1 Evacuation Pause) 155M->5M(256M) 9.150ms
[12.049s][info][gc,cpu      ] GC(307) User=0.01s Sys=0.00s Real=0.01s
[12.072s][info][gc,start    ] GC(308) Pause Young (Normal) (G1 Evacuation Pause)
[12.072s][info][gc,task     ] GC(308) Using 6 workers of 8 for evacuation
[12.075s][info][gc,phases   ] GC(308)   Pre Evacuate Collection Set: 0.3ms
[12.076s][info][gc,phases   ] GC(308)   Merge Heap Roots: 0.2ms
[12.077s][info][gc,phases   ] GC(308)   Evacuate Collection Set: 1.0ms
[12.077s][info][gc,phases   ] GC(308)   Post Evacuate Collection Set: 1.0ms
[12.078s][info][gc,phases   ] GC(308)   Other: 0.5ms
[12.078s][info][gc,heap     ] GC(308) Eden regions: 149->0(150)
[12.078s][info][gc,heap     ] GC(308) Survivor regions: 4->3(20)
[12.079s][info][gc,heap     ] GC(308) Old regions: 2->2
[12.079s][info][gc,heap     ] GC(308) Archive regions: 2->2
[12.080s][info][gc,heap     ] GC(308) Humongous regions: 0->0
[12.080s][info][gc,metaspace] GC(308) Metaspace: 613K(832K)->613K(832K) NonClass: 595K(704K)->595K(704K) Class: 17K(128K)->17K(128K)
[12.080s][info][gc          ] GC(308) Pause Young (Normal) (G1 Evacuation Pause) 154M->5M(256M) 8.506ms
[12.081s][info][gc,cpu      ] GC(308) User=0.01s Sys=0.00s Real=0.01s
[12.104s][info][gc,start    ] GC(309) Pause Young (Normal) (G1 Evacuation Pause)
[12.104s][info][gc,task     ] GC(309) Using 6 workers of 8 for evacuation
[12.107s][info][gc,phases   ] GC(309)   Pre Evacuate Collection Set: 0.2ms
[12.107s][info][gc,phases   ] GC(309)   Merge Heap Roots: 0.1ms
[12.108s][info][gc,phases   ] GC(309)   Evacuate Collection Set: 0.9ms
[12.108s][info][gc,phases   ] GC(309)   Post Evacuate Collection Set: 0.8ms
[12.108s][info][gc,phases   ] GC(309)   Other: 0.4ms
[12.109s][info][gc,heap     ] GC(309) Eden regions: 150->0(149)
[12.110s][info][gc,heap     ] GC(309) Survivor regions: 3->4(20)
[12.110s][info][gc,heap     ] GC(309) Old regions: 2->2
[12.111s][info][gc,heap     ] GC(309) Archive regions: 2->2
[12.111s][info][gc,heap     ] GC(309) Humongous regions: 0->0
[12.112s][info][gc,metaspace] GC(309) Metaspace: 613K(832K)->613K(832K) NonClass: 595K(704K)->595K(704K) Class: 17K(128K)->17K(128K)
[12.112s][info][gc          ] GC(309) Pause Young (Normal) (G1 Evacuation Pause) 155M->6M(256M) 8.237ms
[12.112s][info][gc,cpu      ] GC(309) User=0.00s Sys=0.01s Real=0.01s
[12.135s][info][gc,start    ] GC(310) Pause Young (Normal) (G1 Evacuation Pause)
[12.136s][info][gc,task     ] GC(310) Using 6 workers of 8 for evacuation
[12.138s][info][gc,phases   ] GC(310)   Pre Evacuate Collection Set: 0.2ms
[12.139s][info][gc,phases   ] GC(310)   Merge Heap Roots: 0.2ms
[12.139s][info][gc,phases   ] GC(310)   Evacuate Collection Set: 0.8ms
[12.140s][info][gc,phases   ] GC(310)   Post Evacuate Collection Set: 0.7ms
[12.140s][info][gc,phases   ] GC(310)   Other: 0.5ms
[12.140s][info][gc,heap     ] GC(310) Eden regions: 149->0(149)
[12.141s][info][gc,heap     ] GC(310) Survivor regions: 4->4(20)
[12.142s][info][gc,heap     ] GC(310) Old regions: 2->2
[12.142s][info][gc,heap     ] GC(310) Archive regions: 2->2
[12.143s][info][gc,heap     ] GC(310) Humongous regions: 0->0
[12.143s][info][gc,metaspace] GC(310) Metaspace: 613K(832K)->613K(832K) NonClass: 595K(704K)->595K(704K) Class: 17K(128K)->17K(128K)
[12.144s][info][gc          ] GC(310) Pause Young (Normal) (G1 Evacuation Pause) 155M->5M(256M) 8.529ms
[12.144s][info][gc,cpu      ] GC(310) User=0.00s Sys=0.00s Real=0.01s
[12.169s][info][gc,start    ] GC(311) Pause Young (Normal) (G1 Evacuation Pause)
[12.169s][info][gc,task     ] GC(311) Using 6 workers of 8 for evacuation
[12.172s][info][gc,phases   ] GC(311)   Pre Evacuate Collection Set: 0.2ms
[12.173s][info][gc,phases   ] GC(311)   Merge Heap Roots: 0.3ms
[12.173s][info][gc,phases   ] GC(311)   Evacuate Collection Set: 0.9ms
[12.173s][info][gc,phases   ] GC(311)   Post Evacuate Collection Set: 0.7ms
[12.182s][info][gc,phases   ] GC(311)   Other: 0.5ms
[12.182s][info][gc,heap     ] GC(311) Eden regions: 149->0(150)
[12.183s][info][gc,heap     ] GC(311) Survivor regions: 4->3(20)
[12.183s][info][gc,heap     ] GC(311) Old regions: 2->2
[12.183s][info][gc,heap     ] GC(311) Archive regions: 2->2
[12.184s][info][gc,heap     ] GC(311) Humongous regions: 0->0
[12.184s][info][gc,metaspace] GC(311) Metaspace: 613K(832K)->613K(832K) NonClass: 595K(704K)->595K(704K) Class: 17K(128K)->17K(128K)
[12.185s][info][gc          ] GC(311) Pause Young (Normal) (G1 Evacuation Pause) 154M->5M(256M) 15.625ms
[12.185s][info][gc,cpu      ] GC(311) User=0.01s Sys=0.00s Real=0.01s
[12.215s][info][gc,start    ] GC(312) Pause Young (Normal) (G1 Evacuation Pause)
[12.215s][info][gc,task     ] GC(312) Using 6 workers of 8 for evacuation
[12.218s][info][gc,phases   ] GC(312)   Pre Evacuate Collection Set: 0.2ms
[12.218s][info][gc,phases   ] GC(312)   Merge Heap Roots: 0.2ms
[12.219s][info][gc,phases   ] GC(312)   Evacuate Collection Set: 0.8ms
[12.219s][info][gc,phases   ] GC(312)   Post Evacuate Collection Set: 0.8ms
[12.220s][info][gc,phases   ] GC(312)   Other: 0.5ms
[12.220s][info][gc,heap     ] GC(312) Eden regions: 150->0(149)
[12.220s][info][gc,heap     ] GC(312) Survivor regions: 3->4(20)
[12.221s][info][gc,heap     ] GC(312) Old regions: 2->2
[12.221s][info][gc,heap     ] GC(312) Archive regions: 2->2
[12.222s][info][gc,heap     ] GC(312) Humongous regions: 0->0
[12.222s][info][gc,metaspace] GC(312) Metaspace: 613K(832K)->613K(832K) NonClass: 595K(704K)->595K(704K) Class: 17K(128K)->17K(128K)
[12.222s][info][gc          ] GC(312) Pause Young (Normal) (G1 Evacuation Pause) 155M->6M(256M) 7.321ms
[12.222s][info][gc,cpu      ] GC(312) User=0.00s Sys=0.00s Real=0.01s
[12.281s][info][gc,start    ] GC(313) Pause Young (Normal) (G1 Evacuation Pause)
[12.287s][info][gc,task     ] GC(313) Using 6 workers of 8 for evacuation
[12.290s][info][gc,phases   ] GC(313)   Pre Evacuate Collection Set: 0.3ms
[12.292s][info][gc,phases   ] GC(313)   Merge Heap Roots: 0.2ms
[12.293s][info][gc,phases   ] GC(313)   Evacuate Collection Set: 0.8ms
[12.294s][info][gc,phases   ] GC(313)   Post Evacuate Collection Set: 0.9ms
[12.294s][info][gc,phases   ] GC(313)   Other: 0.7ms
[12.295s][info][gc,heap     ] GC(313) Eden regions: 149->0(149)
[12.296s][info][gc,heap     ] GC(313) Survivor regions: 4->4(20)
[12.297s][info][gc,heap     ] GC(313) Old regions: 2->2
[12.297s][info][gc,heap     ] GC(313) Archive regions: 2->2
[12.298s][info][gc,heap     ] GC(313) Humongous regions: 0->0
[12.298s][info][gc,metaspace] GC(313) Metaspace: 613K(832K)->613K(832K) NonClass: 595K(704K)->595K(704K) Class: 17K(128K)->17K(128K)
[12.299s][info][gc          ] GC(313) Pause Young (Normal) (G1 Evacuation Pause) 155M->5M(256M) 18.183ms
[12.300s][info][gc,cpu      ] GC(313) User=0.02s Sys=0.00s Real=0.02s
[12.338s][info][gc,start    ] GC(314) Pause Young (Normal) (G1 Evacuation Pause)
[12.339s][info][gc,task     ] GC(314) Using 6 workers of 8 for evacuation
[12.342s][info][gc,phases   ] GC(314)   Pre Evacuate Collection Set: 0.2ms
[12.342s][info][gc,phases   ] GC(314)   Merge Heap Roots: 0.2ms
[12.343s][info][gc,phases   ] GC(314)   Evacuate Collection Set: 1.1ms
[12.343s][info][gc,phases   ] GC(314)   Post Evacuate Collection Set: 1.1ms
[12.343s][info][gc,phases   ] GC(314)   Other: 0.4ms
[12.344s][info][gc,heap     ] GC(314) Eden regions: 149->0(149)
[12.344s][info][gc,heap     ] GC(314) Survivor regions: 4->4(20)
[12.344s][info][gc,heap     ] GC(314) Old regions: 2->2
[12.345s][info][gc,heap     ] GC(314) Archive regions: 2->2
[12.345s][info][gc,heap     ] GC(314) Humongous regions: 0->0
[12.346s][info][gc,metaspace] GC(314) Metaspace: 613K(832K)->613K(832K) NonClass: 595K(704K)->595K(704K) Class: 17K(128K)->17K(128K)
[12.346s][info][gc          ] GC(314) Pause Young (Normal) (G1 Evacuation Pause) 154M->5M(256M) 7.723ms
[12.347s][info][gc,cpu      ] GC(314) User=0.01s Sys=0.00s Real=0.01s
[12.406s][info][gc,start    ] GC(315) Pause Young (Normal) (G1 Evacuation Pause)
[12.414s][info][gc,task     ] GC(315) Using 6 workers of 8 for evacuation
[12.422s][info][gc,phases   ] GC(315)   Pre Evacuate Collection Set: 0.3ms
[12.428s][info][gc,phases   ] GC(315)   Merge Heap Roots: 0.2ms
[12.431s][info][gc,phases   ] GC(315)   Evacuate Collection Set: 0.9ms
[12.432s][info][gc,phases   ] GC(315)   Post Evacuate Collection Set: 0.7ms
[12.435s][info][gc,phases   ] GC(315)   Other: 6.2ms
[12.435s][info][gc,heap     ] GC(315) Eden regions: 149->0(150)
[12.436s][info][gc,heap     ] GC(315) Survivor regions: 4->3(20)
[12.436s][info][gc,heap     ] GC(315) Old regions: 2->2
[12.437s][info][gc,heap     ] GC(315) Archive regions: 2->2
[12.437s][info][gc,heap     ] GC(315) Humongous regions: 0->0
[12.438s][info][gc,metaspace] GC(315) Metaspace: 613K(832K)->613K(832K) NonClass: 595K(704K)->595K(704K) Class: 17K(128K)->17K(128K)
[12.438s][info][gc          ] GC(315) Pause Young (Normal) (G1 Evacuation Pause) 154M->5M(256M) 32.001ms
[12.439s][info][gc,cpu      ] GC(315) User=0.00s Sys=0.00s Real=0.04s
[12.504s][info][gc,start    ] GC(316) Pause Young (Normal) (G1 Evacuation Pause)
[12.505s][info][gc,task     ] GC(316) Using 6 workers of 8 for evacuation
[12.508s][info][gc,phases   ] GC(316)   Pre Evacuate Collection Set: 0.2ms
[12.510s][info][gc,phases   ] GC(316)   Merge Heap Roots: 0.3ms
[12.511s][info][gc,phases   ] GC(316)   Evacuate Collection Set: 1.1ms
[12.512s][info][gc,phases   ] GC(316)   Post Evacuate Collection Set: 0.8ms
[12.512s][info][gc,phases   ] GC(316)   Other: 0.4ms
[12.512s][info][gc,heap     ] GC(316) Eden regions: 150->0(149)
[12.512s][info][gc,heap     ] GC(316) Survivor regions: 3->4(20)
[12.513s][info][gc,heap     ] GC(316) Old regions: 2->2
[12.513s][info][gc,heap     ] GC(316) Archive regions: 2->2
[12.514s][info][gc,heap     ] GC(316) Humongous regions: 0->0
[12.514s][info][gc,metaspace] GC(316) Metaspace: 613K(832K)->613K(832K) NonClass: 595K(704K)->595K(704K) Class: 17K(128K)->17K(128K)
[12.515s][info][gc          ] GC(316) Pause Young (Normal) (G1 Evacuation Pause) 155M->6M(256M) 10.432ms
[12.515s][info][gc,cpu      ] GC(316) User=0.00s Sys=0.01s Real=0.01s
[12.585s][info][gc,start    ] GC(317) Pause Young (Normal) (G1 Evacuation Pause)
[12.586s][info][gc,task     ] GC(317) Using 6 workers of 8 for evacuation
[12.588s][info][gc,phases   ] GC(317)   Pre Evacuate Collection Set: 0.5ms
[12.589s][info][gc,phases   ] GC(317)   Merge Heap Roots: 0.3ms
[12.589s][info][gc,phases   ] GC(317)   Evacuate Collection Set: 1.0ms
[12.590s][info][gc,phases   ] GC(317)   Post Evacuate Collection Set: 0.7ms
[12.590s][info][gc,phases   ] GC(317)   Other: 0.5ms
[12.592s][info][gc,heap     ] GC(317) Eden regions: 149->0(149)
[12.593s][info][gc,heap     ] GC(317) Survivor regions: 4->4(20)
[12.594s][info][gc,heap     ] GC(317) Old regions: 2->2
[12.595s][info][gc,heap     ] GC(317) Archive regions: 2->2
[12.595s][info][gc,heap     ] GC(317) Humongous regions: 0->0
[12.596s][info][gc,metaspace] GC(317) Metaspace: 613K(832K)->613K(832K) NonClass: 595K(704K)->595K(704K) Class: 17K(128K)->17K(128K)
[12.597s][info][gc          ] GC(317) Pause Young (Normal) (G1 Evacuation Pause) 155M->5M(256M) 11.694ms
[12.597s][info][gc,cpu      ] GC(317) User=0.00s Sys=0.01s Real=0.02s
[12.650s][info][gc,start    ] GC(318) Pause Young (Normal) (G1 Evacuation Pause)
[12.650s][info][gc,task     ] GC(318) Using 6 workers of 8 for evacuation
[12.652s][info][gc,phases   ] GC(318)   Pre Evacuate Collection Set: 0.2ms
[12.653s][info][gc,phases   ] GC(318)   Merge Heap Roots: 0.2ms
[12.653s][info][gc,phases   ] GC(318)   Evacuate Collection Set: 0.6ms
[12.653s][info][gc,phases   ] GC(318)   Post Evacuate Collection Set: 0.7ms
[12.654s][info][gc,phases   ] GC(318)   Other: 0.4ms
[12.654s][info][gc,heap     ] GC(318) Eden regions: 149->0(150)
[12.654s][info][gc,heap     ] GC(318) Survivor regions: 4->3(20)
[12.655s][info][gc,heap     ] GC(318) Old regions: 2->2
[12.655s][info][gc,heap     ] GC(318) Archive regions: 2->2
[12.656s][info][gc,heap     ] GC(318) Humongous regions: 0->0
[12.656s][info][gc,metaspace] GC(318) Metaspace: 613K(832K)->613K(832K) NonClass: 595K(704K)->595K(704K) Class: 17K(128K)->17K(128K)
[12.656s][info][gc          ] GC(318) Pause Young (Normal) (G1 Evacuation Pause) 154M->5M(256M) 6.482ms
[12.659s][info][gc,cpu      ] GC(318) User=0.00s Sys=0.00s Real=0.01s
[12.708s][info][gc,start    ] GC(319) Pause Young (Normal) (G1 Evacuation Pause)
[12.712s][info][gc,task     ] GC(319) Using 6 workers of 8 for evacuation
[12.716s][info][gc,phases   ] GC(319)   Pre Evacuate Collection Set: 0.3ms
[12.717s][info][gc,phases   ] GC(319)   Merge Heap Roots: 0.3ms
[12.717s][info][gc,phases   ] GC(319)   Evacuate Collection Set: 1.5ms
[12.717s][info][gc,phases   ] GC(319)   Post Evacuate Collection Set: 1.0ms
[12.718s][info][gc,phases   ] GC(319)   Other: 0.8ms
[12.718s][info][gc,heap     ] GC(319) Eden regions: 150->0(149)
[12.718s][info][gc,heap     ] GC(319) Survivor regions: 3->4(20)
[12.719s][info][gc,heap     ] GC(319) Old regions: 2->2
[12.719s][info][gc,heap     ] GC(319) Archive regions: 2->2
[12.719s][info][gc,heap     ] GC(319) Humongous regions: 0->0
[12.719s][info][gc,metaspace] GC(319) Metaspace: 613K(832K)->613K(832K) NonClass: 595K(704K)->595K(704K) Class: 17K(128K)->17K(128K)
[12.720s][info][gc          ] GC(319) Pause Young (Normal) (G1 Evacuation Pause) 155M->6M(256M) 11.436ms
[12.720s][info][gc,cpu      ] GC(319) User=0.01s Sys=0.00s Real=0.01s
[12.771s][info][gc,start    ] GC(320) Pause Young (Normal) (G1 Evacuation Pause)
[12.771s][info][gc,task     ] GC(320) Using 6 workers of 8 for evacuation
[12.775s][info][gc,phases   ] GC(320)   Pre Evacuate Collection Set: 0.3ms
[12.776s][info][gc,phases   ] GC(320)   Merge Heap Roots: 0.2ms
[12.777s][info][gc,phases   ] GC(320)   Evacuate Collection Set: 1.2ms
[12.778s][info][gc,phases   ] GC(320)   Post Evacuate Collection Set: 1.8ms
[12.779s][info][gc,phases   ] GC(320)   Other: 0.5ms
[12.779s][info][gc,heap     ] GC(320) Eden regions: 149->0(149)
[12.780s][info][gc,heap     ] GC(320) Survivor regions: 4->4(20)
[12.780s][info][gc,heap     ] GC(320) Old regions: 2->2
[12.780s][info][gc,heap     ] GC(320) Archive regions: 2->2
[12.781s][info][gc,heap     ] GC(320) Humongous regions: 0->0
[12.781s][info][gc,metaspace] GC(320) Metaspace: 613K(832K)->613K(832K) NonClass: 595K(704K)->595K(704K) Class: 17K(128K)->17K(128K)
[12.782s][info][gc          ] GC(320) Pause Young (Normal) (G1 Evacuation Pause) 155M->6M(256M) 10.898ms
[12.782s][info][gc,cpu      ] GC(320) User=0.01s Sys=0.00s Real=0.01s
[12.818s][info][gc,start    ] GC(321) Pause Young (Normal) (G1 Evacuation Pause)
[12.818s][info][gc,task     ] GC(321) Using 6 workers of 8 for evacuation
[12.821s][info][gc,phases   ] GC(321)   Pre Evacuate Collection Set: 0.2ms
[12.821s][info][gc,phases   ] GC(321)   Merge Heap Roots: 0.2ms
[12.821s][info][gc,phases   ] GC(321)   Evacuate Collection Set: 0.8ms
[12.822s][info][gc,phases   ] GC(321)   Post Evacuate Collection Set: 0.8ms
[12.822s][info][gc,phases   ] GC(321)   Other: 0.4ms
[12.822s][info][gc,heap     ] GC(321) Eden regions: 149->0(150)
[12.823s][info][gc,heap     ] GC(321) Survivor regions: 4->3(20)
[12.823s][info][gc,heap     ] GC(321) Old regions: 2->2
[12.823s][info][gc,heap     ] GC(321) Archive regions: 2->2
[12.824s][info][gc,heap     ] GC(321) Humongous regions: 0->0
[12.825s][info][gc,metaspace] GC(321) Metaspace: 613K(832K)->613K(832K) NonClass: 595K(704K)->595K(704K) Class: 17K(128K)->17K(128K)
[12.826s][info][gc          ] GC(321) Pause Young (Normal) (G1 Evacuation Pause) 155M->5M(256M) 7.808ms
[12.827s][info][gc,cpu      ] GC(321) User=0.00s Sys=0.00s Real=0.01s
[12.865s][info][gc,start    ] GC(322) Pause Young (Normal) (G1 Evacuation Pause)
[12.866s][info][gc,task     ] GC(322) Using 6 workers of 8 for evacuation
[12.869s][info][gc,phases   ] GC(322)   Pre Evacuate Collection Set: 0.2ms
[12.869s][info][gc,phases   ] GC(322)   Merge Heap Roots: 0.3ms
[12.869s][info][gc,phases   ] GC(322)   Evacuate Collection Set: 1.2ms
[12.870s][info][gc,phases   ] GC(322)   Post Evacuate Collection Set: 0.7ms
[12.870s][info][gc,phases   ] GC(322)   Other: 0.4ms
[12.870s][info][gc,heap     ] GC(322) Eden regions: 150->0(149)
[12.870s][info][gc,heap     ] GC(322) Survivor regions: 3->4(20)
[12.871s][info][gc,heap     ] GC(322) Old regions: 2->2
[12.871s][info][gc,heap     ] GC(322) Archive regions: 2->2
[12.871s][info][gc,heap     ] GC(322) Humongous regions: 0->0
[12.871s][info][gc,metaspace] GC(322) Metaspace: 613K(832K)->613K(832K) NonClass: 595K(704K)->595K(704K) Class: 17K(128K)->17K(128K)
[12.872s][info][gc          ] GC(322) Pause Young (Normal) (G1 Evacuation Pause) 155M->6M(256M) 6.224ms
[12.872s][info][gc,cpu      ] GC(322) User=0.00s Sys=0.01s Real=0.01s
[12.906s][info][gc,start    ] GC(323) Pause Young (Normal) (G1 Evacuation Pause)
[12.906s][info][gc,task     ] GC(323) Using 6 workers of 8 for evacuation
[12.911s][info][gc,phases   ] GC(323)   Pre Evacuate Collection Set: 0.3ms
[12.912s][info][gc,phases   ] GC(323)   Merge Heap Roots: 0.2ms
[12.912s][info][gc,phases   ] GC(323)   Evacuate Collection Set: 2.7ms
[12.913s][info][gc,phases   ] GC(323)   Post Evacuate Collection Set: 1.3ms
[12.913s][info][gc,phases   ] GC(323)   Other: 0.5ms
[12.913s][info][gc,heap     ] GC(323) Eden regions: 149->0(149)
[12.914s][info][gc,heap     ] GC(323) Survivor regions: 4->4(20)
[12.914s][info][gc,heap     ] GC(323) Old regions: 2->2
[12.914s][info][gc,heap     ] GC(323) Archive regions: 2->2
[12.915s][info][gc,heap     ] GC(323) Humongous regions: 0->0
[12.915s][info][gc,metaspace] GC(323) Metaspace: 613K(832K)->613K(832K) NonClass: 595K(704K)->595K(704K) Class: 17K(128K)->17K(128K)
[12.915s][info][gc          ] GC(323) Pause Young (Normal) (G1 Evacuation Pause) 155M->5M(256M) 9.568ms
[12.915s][info][gc,cpu      ] GC(323) User=0.01s Sys=0.01s Real=0.01s
[12.953s][info][gc,start    ] GC(324) Pause Young (Normal) (G1 Evacuation Pause)
[12.953s][info][gc,task     ] GC(324) Using 6 workers of 8 for evacuation
[12.955s][info][gc,phases   ] GC(324)   Pre Evacuate Collection Set: 0.2ms
[12.956s][info][gc,phases   ] GC(324)   Merge Heap Roots: 0.2ms
[12.956s][info][gc,phases   ] GC(324)   Evacuate Collection Set: 0.8ms
[12.956s][info][gc,phases   ] GC(324)   Post Evacuate Collection Set: 0.6ms
[12.957s][info][gc,phases   ] GC(324)   Other: 0.4ms
[12.958s][info][gc,heap     ] GC(324) Eden regions: 149->0(149)
[12.959s][info][gc,heap     ] GC(324) Survivor regions: 4->4(20)
[12.959s][info][gc,heap     ] GC(324) Old regions: 2->2
[12.960s][info][gc,heap     ] GC(324) Archive regions: 2->2
[12.960s][info][gc,heap     ] GC(324) Humongous regions: 0->0
[12.961s][info][gc,metaspace] GC(324) Metaspace: 613K(832K)->613K(832K) NonClass: 595K(704K)->595K(704K) Class: 17K(128K)->17K(128K)
[12.961s][info][gc          ] GC(324) Pause Young (Normal) (G1 Evacuation Pause) 154M->5M(256M) 8.206ms
[12.961s][info][gc,cpu      ] GC(324) User=0.01s Sys=0.00s Real=0.01s
[12.991s][info][gc,start    ] GC(325) Pause Young (Normal) (G1 Evacuation Pause)
[12.992s][info][gc,task     ] GC(325) Using 6 workers of 8 for evacuation
[12.996s][info][gc,phases   ] GC(325)   Pre Evacuate Collection Set: 0.3ms
[12.996s][info][gc,phases   ] GC(325)   Merge Heap Roots: 0.3ms
[12.997s][info][gc,phases   ] GC(325)   Evacuate Collection Set: 1.6ms
[12.997s][info][gc,phases   ] GC(325)   Post Evacuate Collection Set: 1.0ms
[12.997s][info][gc,phases   ] GC(325)   Other: 0.6ms
[12.998s][info][gc,heap     ] GC(325) Eden regions: 149->0(150)
[12.998s][info][gc,heap     ] GC(325) Survivor regions: 4->3(20)
[12.998s][info][gc,heap     ] GC(325) Old regions: 2->2
[12.999s][info][gc,heap     ] GC(325) Archive regions: 2->2
[13.031s][info][gc,heap     ] GC(325) Humongous regions: 0->0
[13.036s][info][gc,metaspace] GC(325) Metaspace: 613K(832K)->613K(832K) NonClass: 595K(704K)->595K(704K) Class: 17K(128K)->17K(128K)
[13.062s][info][gc          ] GC(325) Pause Young (Normal) (G1 Evacuation Pause) 154M->5M(256M) 71.540ms
[13.063s][info][gc,cpu      ] GC(325) User=0.01s Sys=0.00s Real=0.07s
[13.105s][info][gc,start    ] GC(326) Pause Young (Normal) (G1 Evacuation Pause)
[13.106s][info][gc,task     ] GC(326) Using 6 workers of 8 for evacuation
[13.111s][info][gc,phases   ] GC(326)   Pre Evacuate Collection Set: 0.3ms
[13.112s][info][gc,phases   ] GC(326)   Merge Heap Roots: 0.3ms
[13.112s][info][gc,phases   ] GC(326)   Evacuate Collection Set: 2.9ms
[13.113s][info][gc,phases   ] GC(326)   Post Evacuate Collection Set: 1.3ms
[13.113s][info][gc,phases   ] GC(326)   Other: 0.4ms
[13.113s][info][gc,heap     ] GC(326) Eden regions: 150->0(149)
[13.113s][info][gc,heap     ] GC(326) Survivor regions: 3->4(20)
[13.114s][info][gc,heap     ] GC(326) Old regions: 2->2
[13.114s][info][gc,heap     ] GC(326) Archive regions: 2->2
[13.114s][info][gc,heap     ] GC(326) Humongous regions: 0->0
[13.114s][info][gc,metaspace] GC(326) Metaspace: 613K(832K)->613K(832K) NonClass: 595K(704K)->595K(704K) Class: 17K(128K)->17K(128K)
[13.115s][info][gc          ] GC(326) Pause Young (Normal) (G1 Evacuation Pause) 155M->6M(256M) 9.380ms
[13.115s][info][gc,cpu      ] GC(326) User=0.00s Sys=0.01s Real=0.01s
[13.145s][info][gc,start    ] GC(327) Pause Young (Normal) (G1 Evacuation Pause)
[13.146s][info][gc,task     ] GC(327) Using 6 workers of 8 for evacuation
[13.148s][info][gc,phases   ] GC(327)   Pre Evacuate Collection Set: 0.3ms
[13.149s][info][gc,phases   ] GC(327)   Merge Heap Roots: 0.3ms
[13.149s][info][gc,phases   ] GC(327)   Evacuate Collection Set: 0.8ms
[13.149s][info][gc,phases   ] GC(327)   Post Evacuate Collection Set: 0.7ms
[13.149s][info][gc,phases   ] GC(327)   Other: 0.5ms
[13.150s][info][gc,heap     ] GC(327) Eden regions: 149->0(149)
[13.150s][info][gc,heap     ] GC(327) Survivor regions: 4->4(20)
[13.150s][info][gc,heap     ] GC(327) Old regions: 2->2
[13.151s][info][gc,heap     ] GC(327) Archive regions: 2->2
[13.151s][info][gc,heap     ] GC(327) Humongous regions: 0->0
[13.151s][info][gc,metaspace] GC(327) Metaspace: 613K(832K)->613K(832K) NonClass: 595K(704K)->595K(704K) Class: 17K(128K)->17K(128K)
[13.151s][info][gc          ] GC(327) Pause Young (Normal) (G1 Evacuation Pause) 155M->6M(256M) 6.112ms
[13.152s][info][gc,cpu      ] GC(327) User=0.00s Sys=0.01s Real=0.01s
[13.186s][info][gc,start    ] GC(328) Pause Young (Normal) (G1 Evacuation Pause)
[13.186s][info][gc,task     ] GC(328) Using 6 workers of 8 for evacuation
[13.188s][info][gc,phases   ] GC(328)   Pre Evacuate Collection Set: 0.2ms
[13.188s][info][gc,phases   ] GC(328)   Merge Heap Roots: 0.2ms
[13.189s][info][gc,phases   ] GC(328)   Evacuate Collection Set: 0.8ms
[13.189s][info][gc,phases   ] GC(328)   Post Evacuate Collection Set: 0.6ms
[13.189s][info][gc,phases   ] GC(328)   Other: 0.4ms
[13.190s][info][gc,heap     ] GC(328) Eden regions: 149->0(149)
[13.190s][info][gc,heap     ] GC(328) Survivor regions: 4->4(20)
[13.190s][info][gc,heap     ] GC(328) Old regions: 2->2
[13.191s][info][gc,heap     ] GC(328) Archive regions: 2->2
[13.191s][info][gc,heap     ] GC(328) Humongous regions: 0->0
[13.192s][info][gc,metaspace] GC(328) Metaspace: 613K(832K)->613K(832K) NonClass: 595K(704K)->595K(704K) Class: 17K(128K)->17K(128K)
[13.192s][info][gc          ] GC(328) Pause Young (Normal) (G1 Evacuation Pause) 155M->5M(256M) 6.691ms
[13.193s][info][gc,cpu      ] GC(328) User=0.00s Sys=0.01s Real=0.01s
[13.220s][info][gc,start    ] GC(329) Pause Young (Normal) (G1 Evacuation Pause)
[13.220s][info][gc,task     ] GC(329) Using 6 workers of 8 for evacuation
[13.223s][info][gc,phases   ] GC(329)   Pre Evacuate Collection Set: 0.2ms
[13.223s][info][gc,phases   ] GC(329)   Merge Heap Roots: 0.2ms
[13.223s][info][gc,phases   ] GC(329)   Evacuate Collection Set: 0.8ms
[13.224s][info][gc,phases   ] GC(329)   Post Evacuate Collection Set: 0.8ms
[13.225s][info][gc,phases   ] GC(329)   Other: 0.5ms
[13.225s][info][gc,heap     ] GC(329) Eden regions: 149->0(150)
[13.226s][info][gc,heap     ] GC(329) Survivor regions: 4->3(20)
[13.226s][info][gc,heap     ] GC(329) Old regions: 2->2
[13.227s][info][gc,heap     ] GC(329) Archive regions: 2->2
[13.228s][info][gc,heap     ] GC(329) Humongous regions: 0->0
[13.228s][info][gc,metaspace] GC(329) Metaspace: 613K(832K)->613K(832K) NonClass: 595K(704K)->595K(704K) Class: 17K(128K)->17K(128K)
[13.228s][info][gc          ] GC(329) Pause Young (Normal) (G1 Evacuation Pause) 154M->5M(256M) 8.732ms
[13.229s][info][gc,cpu      ] GC(329) User=0.00s Sys=0.00s Real=0.01s
[13.259s][info][gc,start    ] GC(330) Pause Young (Normal) (G1 Evacuation Pause)
[13.261s][info][gc,task     ] GC(330) Using 6 workers of 8 for evacuation
[13.264s][info][gc,phases   ] GC(330)   Pre Evacuate Collection Set: 0.3ms
[13.265s][info][gc,phases   ] GC(330)   Merge Heap Roots: 0.2ms
[13.265s][info][gc,phases   ] GC(330)   Evacuate Collection Set: 1.5ms
[13.265s][info][gc,phases   ] GC(330)   Post Evacuate Collection Set: 0.8ms
[13.266s][info][gc,phases   ] GC(330)   Other: 0.9ms
[13.266s][info][gc,heap     ] GC(330) Eden regions: 150->0(149)
[13.266s][info][gc,heap     ] GC(330) Survivor regions: 3->4(20)
[13.267s][info][gc,heap     ] GC(330) Old regions: 2->2
[13.267s][info][gc,heap     ] GC(330) Archive regions: 2->2
[13.267s][info][gc,heap     ] GC(330) Humongous regions: 0->0
[13.267s][info][gc,metaspace] GC(330) Metaspace: 613K(832K)->613K(832K) NonClass: 595K(704K)->595K(704K) Class: 17K(128K)->17K(128K)
[13.268s][info][gc          ] GC(330) Pause Young (Normal) (G1 Evacuation Pause) 155M->6M(256M) 8.304ms
[13.268s][info][gc,cpu      ] GC(330) User=0.01s Sys=0.00s Real=0.01s
[13.299s][info][gc,start    ] GC(331) Pause Young (Normal) (G1 Evacuation Pause)
[13.299s][info][gc,task     ] GC(331) Using 6 workers of 8 for evacuation
[13.302s][info][gc,phases   ] GC(331)   Pre Evacuate Collection Set: 0.2ms
[13.302s][info][gc,phases   ] GC(331)   Merge Heap Roots: 0.4ms
[13.302s][info][gc,phases   ] GC(331)   Evacuate Collection Set: 0.7ms
[13.303s][info][gc,phases   ] GC(331)   Post Evacuate Collection Set: 0.7ms
[13.303s][info][gc,phases   ] GC(331)   Other: 0.4ms
[13.303s][info][gc,heap     ] GC(331) Eden regions: 149->0(149)
[13.304s][info][gc,heap     ] GC(331) Survivor regions: 4->4(20)
[13.304s][info][gc,heap     ] GC(331) Old regions: 2->2
[13.304s][info][gc,heap     ] GC(331) Archive regions: 2->2
[13.305s][info][gc,heap     ] GC(331) Humongous regions: 0->0
[13.305s][info][gc,metaspace] GC(331) Metaspace: 613K(832K)->613K(832K) NonClass: 595K(704K)->595K(704K) Class: 17K(128K)->17K(128K)
[13.305s][info][gc          ] GC(331) Pause Young (Normal) (G1 Evacuation Pause) 155M->5M(256M) 6.637ms
[13.306s][info][gc,cpu      ] GC(331) User=0.00s Sys=0.00s Real=0.00s
[13.336s][info][gc,start    ] GC(332) Pause Young (Normal) (G1 Evacuation Pause)
[13.336s][info][gc,task     ] GC(332) Using 6 workers of 8 for evacuation
[13.338s][info][gc,phases   ] GC(332)   Pre Evacuate Collection Set: 0.2ms
[13.338s][info][gc,phases   ] GC(332)   Merge Heap Roots: 0.2ms
[13.339s][info][gc,phases   ] GC(332)   Evacuate Collection Set: 0.8ms
[13.339s][info][gc,phases   ] GC(332)   Post Evacuate Collection Set: 0.6ms
[13.339s][info][gc,phases   ] GC(332)   Other: 0.3ms
[13.340s][info][gc,heap     ] GC(332) Eden regions: 149->0(150)
[13.340s][info][gc,heap     ] GC(332) Survivor regions: 4->3(20)
[13.340s][info][gc,heap     ] GC(332) Old regions: 2->2
[13.341s][info][gc,heap     ] GC(332) Archive regions: 2->2
[13.342s][info][gc,heap     ] GC(332) Humongous regions: 0->0
[13.342s][info][gc,metaspace] GC(332) Metaspace: 613K(832K)->613K(832K) NonClass: 595K(704K)->595K(704K) Class: 17K(128K)->17K(128K)
[13.342s][info][gc          ] GC(332) Pause Young (Normal) (G1 Evacuation Pause) 154M->5M(256M) 6.754ms
[13.343s][info][gc,cpu      ] GC(332) User=0.00s Sys=0.01s Real=0.01s
[13.369s][info][gc,start    ] GC(333) Pause Young (Normal) (G1 Evacuation Pause)
[13.369s][info][gc,task     ] GC(333) Using 6 workers of 8 for evacuation
[13.371s][info][gc,phases   ] GC(333)   Pre Evacuate Collection Set: 0.2ms
[13.371s][info][gc,phases   ] GC(333)   Merge Heap Roots: 0.2ms
[13.372s][info][gc,phases   ] GC(333)   Evacuate Collection Set: 0.6ms
[13.372s][info][gc,phases   ] GC(333)   Post Evacuate Collection Set: 0.6ms
[13.372s][info][gc,phases   ] GC(333)   Other: 0.4ms
[13.373s][info][gc,heap     ] GC(333) Eden regions: 150->0(149)
[13.373s][info][gc,heap     ] GC(333) Survivor regions: 3->4(20)
[13.374s][info][gc,heap     ] GC(333) Old regions: 2->2
[13.375s][info][gc,heap     ] GC(333) Archive regions: 2->2
[13.375s][info][gc,heap     ] GC(333) Humongous regions: 0->0
[13.376s][info][gc,metaspace] GC(333) Metaspace: 613K(832K)->613K(832K) NonClass: 595K(704K)->595K(704K) Class: 17K(128K)->17K(128K)
[13.377s][info][gc          ] GC(333) Pause Young (Normal) (G1 Evacuation Pause) 155M->6M(256M) 8.333ms
[13.378s][info][gc,cpu      ] GC(333) User=0.00s Sys=0.00s Real=0.01s
[13.404s][info][gc,start    ] GC(334) Pause Young (Normal) (G1 Evacuation Pause)
[13.404s][info][gc,task     ] GC(334) Using 6 workers of 8 for evacuation
[13.407s][info][gc,phases   ] GC(334)   Pre Evacuate Collection Set: 0.2ms
[13.409s][info][gc,phases   ] GC(334)   Merge Heap Roots: 0.2ms
[13.409s][info][gc,phases   ] GC(334)   Evacuate Collection Set: 0.8ms
[13.410s][info][gc,phases   ] GC(334)   Post Evacuate Collection Set: 0.9ms
[13.411s][info][gc,phases   ] GC(334)   Other: 0.5ms
[13.411s][info][gc,heap     ] GC(334) Eden regions: 149->0(149)
[13.411s][info][gc,heap     ] GC(334) Survivor regions: 4->4(20)
[13.412s][info][gc,heap     ] GC(334) Old regions: 2->2
[13.412s][info][gc,heap     ] GC(334) Archive regions: 2->2
[13.413s][info][gc,heap     ] GC(334) Humongous regions: 0->0
[13.413s][info][gc,metaspace] GC(334) Metaspace: 613K(832K)->613K(832K) NonClass: 595K(704K)->595K(704K) Class: 17K(128K)->17K(128K)
[13.414s][info][gc          ] GC(334) Pause Young (Normal) (G1 Evacuation Pause) 155M->5M(256M) 9.653ms
[13.414s][info][gc,cpu      ] GC(334) User=0.00s Sys=0.01s Real=0.01s
[13.446s][info][gc,start    ] GC(335) Pause Young (Normal) (G1 Evacuation Pause)
[13.447s][info][gc,task     ] GC(335) Using 6 workers of 8 for evacuation
[13.449s][info][gc,phases   ] GC(335)   Pre Evacuate Collection Set: 0.2ms
[13.450s][info][gc,phases   ] GC(335)   Merge Heap Roots: 0.2ms
[13.450s][info][gc,phases   ] GC(335)   Evacuate Collection Set: 0.9ms
[13.450s][info][gc,phases   ] GC(335)   Post Evacuate Collection Set: 0.7ms
[13.451s][info][gc,phases   ] GC(335)   Other: 0.5ms
[13.451s][info][gc,heap     ] GC(335) Eden regions: 149->0(149)
[13.451s][info][gc,heap     ] GC(335) Survivor regions: 4->4(20)
[13.451s][info][gc,heap     ] GC(335) Old regions: 2->2
[13.452s][info][gc,heap     ] GC(335) Archive regions: 2->2
[13.452s][info][gc,heap     ] GC(335) Humongous regions: 0->0
[13.452s][info][gc,metaspace] GC(335) Metaspace: 613K(832K)->613K(832K) NonClass: 595K(704K)->595K(704K) Class: 17K(128K)->17K(128K)
[13.452s][info][gc          ] GC(335) Pause Young (Normal) (G1 Evacuation Pause) 154M->5M(256M) 6.468ms
[13.453s][info][gc,cpu      ] GC(335) User=0.00s Sys=0.00s Real=0.01s
[13.489s][info][gc,start    ] GC(336) Pause Young (Normal) (G1 Evacuation Pause)
[13.489s][info][gc,task     ] GC(336) Using 6 workers of 8 for evacuation
[13.492s][info][gc,phases   ] GC(336)   Pre Evacuate Collection Set: 0.2ms
[13.493s][info][gc,phases   ] GC(336)   Merge Heap Roots: 0.2ms
[13.493s][info][gc,phases   ] GC(336)   Evacuate Collection Set: 1.1ms
[13.494s][info][gc,phases   ] GC(336)   Post Evacuate Collection Set: 1.1ms
[13.494s][info][gc,phases   ] GC(336)   Other: 0.4ms
[13.494s][info][gc,heap     ] GC(336) Eden regions: 149->0(150)
[13.495s][info][gc,heap     ] GC(336) Survivor regions: 4->3(20)
[13.495s][info][gc,heap     ] GC(336) Old regions: 2->2
[13.495s][info][gc,heap     ] GC(336) Archive regions: 2->2
[13.496s][info][gc,heap     ] GC(336) Humongous regions: 0->0
[13.496s][info][gc,metaspace] GC(336) Metaspace: 613K(832K)->613K(832K) NonClass: 595K(704K)->595K(704K) Class: 17K(128K)->17K(128K)
[13.496s][info][gc          ] GC(336) Pause Young (Normal) (G1 Evacuation Pause) 154M->5M(256M) 7.461ms
[13.497s][info][gc,cpu      ] GC(336) User=0.01s Sys=0.00s Real=0.01s
[13.532s][info][gc,start    ] GC(337) Pause Young (Normal) (G1 Evacuation Pause)
[13.533s][info][gc,task     ] GC(337) Using 6 workers of 8 for evacuation
[13.536s][info][gc,phases   ] GC(337)   Pre Evacuate Collection Set: 0.3ms
[13.537s][info][gc,phases   ] GC(337)   Merge Heap Roots: 0.2ms
[13.537s][info][gc,phases   ] GC(337)   Evacuate Collection Set: 1.0ms
[13.538s][info][gc,phases   ] GC(337)   Post Evacuate Collection Set: 0.8ms
[13.538s][info][gc,phases   ] GC(337)   Other: 1.0ms
[13.538s][info][gc,heap     ] GC(337) Eden regions: 150->0(149)
[13.539s][info][gc,heap     ] GC(337) Survivor regions: 3->4(20)
[13.547s][info][gc,heap     ] GC(337) Old regions: 2->2
[13.548s][info][gc,heap     ] GC(337) Archive regions: 2->2
[13.548s][info][gc,heap     ] GC(337) Humongous regions: 0->0
[13.549s][info][gc,metaspace] GC(337) Metaspace: 613K(832K)->613K(832K) NonClass: 595K(704K)->595K(704K) Class: 17K(128K)->17K(128K)
[13.550s][info][gc          ] GC(337) Pause Young (Normal) (G1 Evacuation Pause) 155M->6M(256M) 17.459ms
[13.550s][info][gc,cpu      ] GC(337) User=0.01s Sys=0.00s Real=0.02s
[13.586s][info][gc,start    ] GC(338) Pause Young (Normal) (G1 Evacuation Pause)
[13.586s][info][gc,task     ] GC(338) Using 6 workers of 8 for evacuation
[13.588s][info][gc,phases   ] GC(338)   Pre Evacuate Collection Set: 0.2ms
[13.589s][info][gc,phases   ] GC(338)   Merge Heap Roots: 0.2ms
[13.589s][info][gc,phases   ] GC(338)   Evacuate Collection Set: 0.9ms
[13.589s][info][gc,phases   ] GC(338)   Post Evacuate Collection Set: 0.8ms
[13.590s][info][gc,phases   ] GC(338)   Other: 0.4ms
[13.590s][info][gc,heap     ] GC(338) Eden regions: 149->0(149)
[13.591s][info][gc,heap     ] GC(338) Survivor regions: 4->4(20)
[13.591s][info][gc,heap     ] GC(338) Old regions: 2->2
[13.592s][info][gc,heap     ] GC(338) Archive regions: 2->2
[13.592s][info][gc,heap     ] GC(338) Humongous regions: 0->0
[13.593s][info][gc,metaspace] GC(338) Metaspace: 613K(832K)->613K(832K) NonClass: 595K(704K)->595K(704K) Class: 17K(128K)->17K(128K)
[13.594s][info][gc          ] GC(338) Pause Young (Normal) (G1 Evacuation Pause) 155M->5M(256M) 8.260ms
[13.594s][info][gc,cpu      ] GC(338) User=0.00s Sys=0.01s Real=0.01s
[13.621s][info][gc,start    ] GC(339) Pause Young (Normal) (G1 Evacuation Pause)
[13.621s][info][gc,task     ] GC(339) Using 6 workers of 8 for evacuation
[13.623s][info][gc,phases   ] GC(339)   Pre Evacuate Collection Set: 0.2ms
[13.624s][info][gc,phases   ] GC(339)   Merge Heap Roots: 0.2ms
[13.625s][info][gc,phases   ] GC(339)   Evacuate Collection Set: 0.8ms
[13.625s][info][gc,phases   ] GC(339)   Post Evacuate Collection Set: 0.8ms
[13.625s][info][gc,phases   ] GC(339)   Other: 0.3ms
[13.626s][info][gc,heap     ] GC(339) Eden regions: 149->0(150)
[13.626s][info][gc,heap     ] GC(339) Survivor regions: 4->3(20)
[13.627s][info][gc,heap     ] GC(339) Old regions: 2->2
[13.627s][info][gc,heap     ] GC(339) Archive regions: 2->2
[13.627s][info][gc,heap     ] GC(339) Humongous regions: 0->0
[13.627s][info][gc,metaspace] GC(339) Metaspace: 613K(832K)->613K(832K) NonClass: 595K(704K)->595K(704K) Class: 17K(128K)->17K(128K)
[13.628s][info][gc          ] GC(339) Pause Young (Normal) (G1 Evacuation Pause) 154M->5M(256M) 6.909ms
[13.628s][info][gc,cpu      ] GC(339) User=0.00s Sys=0.00s Real=0.01s
[13.653s][info][gc,start    ] GC(340) Pause Young (Normal) (G1 Evacuation Pause)
[13.654s][info][gc,task     ] GC(340) Using 6 workers of 8 for evacuation
[13.656s][info][gc,phases   ] GC(340)   Pre Evacuate Collection Set: 0.2ms
[13.656s][info][gc,phases   ] GC(340)   Merge Heap Roots: 0.2ms
[13.657s][info][gc,phases   ] GC(340)   Evacuate Collection Set: 0.9ms
[13.657s][info][gc,phases   ] GC(340)   Post Evacuate Collection Set: 0.8ms
[13.658s][info][gc,phases   ] GC(340)   Other: 0.4ms
[13.659s][info][gc,heap     ] GC(340) Eden regions: 150->0(149)
[13.659s][info][gc,heap     ] GC(340) Survivor regions: 3->4(20)
[13.660s][info][gc,heap     ] GC(340) Old regions: 2->2
[13.660s][info][gc,heap     ] GC(340) Archive regions: 2->2
[13.660s][info][gc,heap     ] GC(340) Humongous regions: 0->0
[13.661s][info][gc,metaspace] GC(340) Metaspace: 613K(832K)->613K(832K) NonClass: 595K(704K)->595K(704K) Class: 17K(128K)->17K(128K)
[13.661s][info][gc          ] GC(340) Pause Young (Normal) (G1 Evacuation Pause) 155M->6M(256M) 7.823ms
[13.661s][info][gc,cpu      ] GC(340) User=0.00s Sys=0.00s Real=0.01s
[13.688s][info][gc,start    ] GC(341) Pause Young (Normal) (G1 Evacuation Pause)
[13.688s][info][gc,task     ] GC(341) Using 6 workers of 8 for evacuation
[13.691s][info][gc,phases   ] GC(341)   Pre Evacuate Collection Set: 0.2ms
[13.691s][info][gc,phases   ] GC(341)   Merge Heap Roots: 0.2ms
[13.692s][info][gc,phases   ] GC(341)   Evacuate Collection Set: 1.0ms
[13.692s][info][gc,phases   ] GC(341)   Post Evacuate Collection Set: 0.9ms
[13.693s][info][gc,phases   ] GC(341)   Other: 0.4ms
[13.693s][info][gc,heap     ] GC(341) Eden regions: 149->0(149)
[13.694s][info][gc,heap     ] GC(341) Survivor regions: 4->4(20)
[13.694s][info][gc,heap     ] GC(341) Old regions: 2->2
[13.694s][info][gc,heap     ] GC(341) Archive regions: 2->2
[13.695s][info][gc,heap     ] GC(341) Humongous regions: 0->0
[13.695s][info][gc,metaspace] GC(341) Metaspace: 613K(832K)->613K(832K) NonClass: 595K(704K)->595K(704K) Class: 17K(128K)->17K(128K)
[13.695s][info][gc          ] GC(341) Pause Young (Normal) (G1 Evacuation Pause) 155M->5M(256M) 7.582ms
[13.696s][info][gc,cpu      ] GC(341) User=0.01s Sys=0.00s Real=0.00s
[13.721s][info][gc,start    ] GC(342) Pause Young (Normal) (G1 Evacuation Pause)
[13.722s][info][gc,task     ] GC(342) Using 6 workers of 8 for evacuation
[13.725s][info][gc,phases   ] GC(342)   Pre Evacuate Collection Set: 0.2ms
[13.725s][info][gc,phases   ] GC(342)   Merge Heap Roots: 0.2ms
[13.726s][info][gc,phases   ] GC(342)   Evacuate Collection Set: 1.0ms
[13.727s][info][gc,phases   ] GC(342)   Post Evacuate Collection Set: 1.1ms
[13.727s][info][gc,phases   ] GC(342)   Other: 0.5ms
[13.727s][info][gc,heap     ] GC(342) Eden regions: 149->0(149)
[13.728s][info][gc,heap     ] GC(342) Survivor regions: 4->4(20)
[13.728s][info][gc,heap     ] GC(342) Old regions: 2->2
[13.728s][info][gc,heap     ] GC(342) Archive regions: 2->2
[13.729s][info][gc,heap     ] GC(342) Humongous regions: 0->0
[13.729s][info][gc,metaspace] GC(342) Metaspace: 613K(832K)->613K(832K) NonClass: 595K(704K)->595K(704K) Class: 17K(128K)->17K(128K)
[13.729s][info][gc          ] GC(342) Pause Young (Normal) (G1 Evacuation Pause) 154M->5M(256M) 8.188ms
[13.730s][info][gc,cpu      ] GC(342) User=0.01s Sys=0.00s Real=0.01s
[13.755s][info][gc,start    ] GC(343) Pause Young (Normal) (G1 Evacuation Pause)
[13.756s][info][gc,task     ] GC(343) Using 6 workers of 8 for evacuation
[13.760s][info][gc,phases   ] GC(343)   Pre Evacuate Collection Set: 0.3ms
[13.761s][info][gc,phases   ] GC(343)   Merge Heap Roots: 0.3ms
[13.761s][info][gc,phases   ] GC(343)   Evacuate Collection Set: 1.3ms
[13.762s][info][gc,phases   ] GC(343)   Post Evacuate Collection Set: 1.2ms
[13.762s][info][gc,phases   ] GC(343)   Other: 0.6ms
[13.763s][info][gc,heap     ] GC(343) Eden regions: 149->0(150)
[13.763s][info][gc,heap     ] GC(343) Survivor regions: 4->3(20)
[13.763s][info][gc,heap     ] GC(343) Old regions: 2->2
[13.764s][info][gc,heap     ] GC(343) Archive regions: 2->2
[13.764s][info][gc,heap     ] GC(343) Humongous regions: 0->0
[13.765s][info][gc,metaspace] GC(343) Metaspace: 613K(832K)->613K(832K) NonClass: 595K(704K)->595K(704K) Class: 17K(128K)->17K(128K)
[13.765s][info][gc          ] GC(343) Pause Young (Normal) (G1 Evacuation Pause) 154M->5M(256M) 9.703ms
[13.765s][info][gc,cpu      ] GC(343) User=0.01s Sys=0.01s Real=0.01s
[13.797s][info][gc,start    ] GC(344) Pause Young (Normal) (G1 Evacuation Pause)
[13.797s][info][gc,task     ] GC(344) Using 6 workers of 8 for evacuation
[13.799s][info][gc,phases   ] GC(344)   Pre Evacuate Collection Set: 0.2ms
[13.800s][info][gc,phases   ] GC(344)   Merge Heap Roots: 0.2ms
[13.800s][info][gc,phases   ] GC(344)   Evacuate Collection Set: 0.7ms
[13.801s][info][gc,phases   ] GC(344)   Post Evacuate Collection Set: 0.7ms
[13.801s][info][gc,phases   ] GC(344)   Other: 0.4ms
[13.801s][info][gc,heap     ] GC(344) Eden regions: 150->0(149)
[13.802s][info][gc,heap     ] GC(344) Survivor regions: 3->4(20)
[13.802s][info][gc,heap     ] GC(344) Old regions: 2->2
[13.802s][info][gc,heap     ] GC(344) Archive regions: 2->2
[13.802s][info][gc,heap     ] GC(344) Humongous regions: 0->0
[13.803s][info][gc,metaspace] GC(344) Metaspace: 613K(832K)->613K(832K) NonClass: 595K(704K)->595K(704K) Class: 17K(128K)->17K(128K)
[13.803s][info][gc          ] GC(344) Pause Young (Normal) (G1 Evacuation Pause) 155M->6M(256M) 6.373ms
[13.803s][info][gc,cpu      ] GC(344) User=0.00s Sys=0.00s Real=0.00s
[13.834s][info][gc,start    ] GC(345) Pause Young (Normal) (G1 Evacuation Pause)
[13.835s][info][gc,task     ] GC(345) Using 6 workers of 8 for evacuation
[13.837s][info][gc,phases   ] GC(345)   Pre Evacuate Collection Set: 0.2ms
[13.838s][info][gc,phases   ] GC(345)   Merge Heap Roots: 0.2ms
[13.838s][info][gc,phases   ] GC(345)   Evacuate Collection Set: 0.8ms
[13.838s][info][gc,phases   ] GC(345)   Post Evacuate Collection Set: 0.7ms
[13.839s][info][gc,phases   ] GC(345)   Other: 0.4ms
[13.839s][info][gc,heap     ] GC(345) Eden regions: 149->0(149)
[13.839s][info][gc,heap     ] GC(345) Survivor regions: 4->4(20)
[13.840s][info][gc,heap     ] GC(345) Old regions: 2->2
[13.840s][info][gc,heap     ] GC(345) Archive regions: 2->2
[13.841s][info][gc,heap     ] GC(345) Humongous regions: 0->0
[13.841s][info][gc,metaspace] GC(345) Metaspace: 613K(832K)->613K(832K) NonClass: 595K(704K)->595K(704K) Class: 17K(128K)->17K(128K)
[13.842s][info][gc          ] GC(345) Pause Young (Normal) (G1 Evacuation Pause) 155M->5M(256M) 7.404ms
[13.842s][info][gc,cpu      ] GC(345) User=0.00s Sys=0.01s Real=0.01s
[13.870s][info][gc,start    ] GC(346) Pause Young (Normal) (G1 Evacuation Pause)
[13.871s][info][gc,task     ] GC(346) Using 6 workers of 8 for evacuation
[13.873s][info][gc,phases   ] GC(346)   Pre Evacuate Collection Set: 0.2ms
[13.874s][info][gc,phases   ] GC(346)   Merge Heap Roots: 0.2ms
[13.874s][info][gc,phases   ] GC(346)   Evacuate Collection Set: 0.8ms
[13.875s][info][gc,phases   ] GC(346)   Post Evacuate Collection Set: 0.9ms
[13.875s][info][gc,phases   ] GC(346)   Other: 0.4ms
[13.876s][info][gc,heap     ] GC(346) Eden regions: 149->0(150)
[13.876s][info][gc,heap     ] GC(346) Survivor regions: 4->3(20)
[13.877s][info][gc,heap     ] GC(346) Old regions: 2->2
[13.877s][info][gc,heap     ] GC(346) Archive regions: 2->2
[13.878s][info][gc,heap     ] GC(346) Humongous regions: 0->0
[13.878s][info][gc,metaspace] GC(346) Metaspace: 613K(832K)->613K(832K) NonClass: 595K(704K)->595K(704K) Class: 17K(128K)->17K(128K)
[13.878s][info][gc          ] GC(346) Pause Young (Normal) (G1 Evacuation Pause) 154M->5M(256M) 8.230ms
[13.879s][info][gc,cpu      ] GC(346) User=0.00s Sys=0.00s Real=0.01s
[13.906s][info][gc,start    ] GC(347) Pause Young (Normal) (G1 Evacuation Pause)
[13.906s][info][gc,task     ] GC(347) Using 6 workers of 8 for evacuation
[13.910s][info][gc,phases   ] GC(347)   Pre Evacuate Collection Set: 0.3ms
[13.911s][info][gc,phases   ] GC(347)   Merge Heap Roots: 0.3ms
[13.911s][info][gc,phases   ] GC(347)   Evacuate Collection Set: 1.6ms
[13.912s][info][gc,phases   ] GC(347)   Post Evacuate Collection Set: 1.3ms
[13.912s][info][gc,phases   ] GC(347)   Other: 0.7ms
[13.913s][info][gc,heap     ] GC(347) Eden regions: 150->0(149)
[13.913s][info][gc,heap     ] GC(347) Survivor regions: 3->4(20)
[13.913s][info][gc,heap     ] GC(347) Old regions: 2->2
[13.914s][info][gc,heap     ] GC(347) Archive regions: 2->2
[13.914s][info][gc,heap     ] GC(347) Humongous regions: 0->0
[13.914s][info][gc,metaspace] GC(347) Metaspace: 613K(832K)->613K(832K) NonClass: 595K(704K)->595K(704K) Class: 17K(128K)->17K(128K)
[13.915s][info][gc          ] GC(347) Pause Young (Normal) (G1 Evacuation Pause) 155M->6M(256M) 8.820ms
[13.915s][info][gc,cpu      ] GC(347) User=0.01s Sys=0.00s Real=0.01s
[13.940s][info][gc,start    ] GC(348) Pause Young (Normal) (G1 Evacuation Pause)
[13.941s][info][gc,task     ] GC(348) Using 6 workers of 8 for evacuation
[13.944s][info][gc,phases   ] GC(348)   Pre Evacuate Collection Set: 0.3ms
[13.945s][info][gc,phases   ] GC(348)   Merge Heap Roots: 0.3ms
[13.945s][info][gc,phases   ] GC(348)   Evacuate Collection Set: 1.8ms
[13.945s][info][gc,phases   ] GC(348)   Post Evacuate Collection Set: 0.9ms
[13.946s][info][gc,phases   ] GC(348)   Other: 0.7ms
[13.946s][info][gc,heap     ] GC(348) Eden regions: 149->0(149)
[13.946s][info][gc,heap     ] GC(348) Survivor regions: 4->4(20)
[13.946s][info][gc,heap     ] GC(348) Old regions: 2->2
[13.947s][info][gc,heap     ] GC(348) Archive regions: 2->2
[13.947s][info][gc,heap     ] GC(348) Humongous regions: 0->0
[13.947s][info][gc,metaspace] GC(348) Metaspace: 613K(832K)->613K(832K) NonClass: 595K(704K)->595K(704K) Class: 17K(128K)->17K(128K)
[13.947s][info][gc          ] GC(348) Pause Young (Normal) (G1 Evacuation Pause) 155M->5M(256M) 7.562ms
[13.948s][info][gc,cpu      ] GC(348) User=0.01s Sys=0.01s Real=0.01s
[13.973s][info][gc,start    ] GC(349) Pause Young (Normal) (G1 Evacuation Pause)
[13.973s][info][gc,task     ] GC(349) Using 6 workers of 8 for evacuation
[13.977s][info][gc,phases   ] GC(349)   Pre Evacuate Collection Set: 0.3ms
[13.978s][info][gc,phases   ] GC(349)   Merge Heap Roots: 0.3ms
[13.978s][info][gc,phases   ] GC(349)   Evacuate Collection Set: 1.3ms
[13.978s][info][gc,phases   ] GC(349)   Post Evacuate Collection Set: 1.1ms
[13.979s][info][gc,phases   ] GC(349)   Other: 0.8ms
[13.979s][info][gc,heap     ] GC(349) Eden regions: 149->0(150)
[13.979s][info][gc,heap     ] GC(349) Survivor regions: 4->3(20)
[13.980s][info][gc,heap     ] GC(349) Old regions: 2->2
[13.980s][info][gc,heap     ] GC(349) Archive regions: 2->2
[13.980s][info][gc,heap     ] GC(349) Humongous regions: 0->0
[13.981s][info][gc,metaspace] GC(349) Metaspace: 613K(832K)->613K(832K) NonClass: 595K(704K)->595K(704K) Class: 17K(128K)->17K(128K)
[13.981s][info][gc          ] GC(349) Pause Young (Normal) (G1 Evacuation Pause) 154M->5M(256M) 7.983ms
[13.981s][info][gc,cpu      ] GC(349) User=0.01s Sys=0.00s Real=0.01s
[14.007s][info][gc,start    ] GC(350) Pause Young (Normal) (G1 Evacuation Pause)
[14.008s][info][gc,task     ] GC(350) Using 6 workers of 8 for evacuation
[14.012s][info][gc,phases   ] GC(350)   Pre Evacuate Collection Set: 0.3ms
[14.012s][info][gc,phases   ] GC(350)   Merge Heap Roots: 0.2ms
[14.012s][info][gc,phases   ] GC(350)   Evacuate Collection Set: 1.6ms
[14.013s][info][gc,phases   ] GC(350)   Post Evacuate Collection Set: 1.2ms
[14.013s][info][gc,phases   ] GC(350)   Other: 0.7ms
[14.013s][info][gc,heap     ] GC(350) Eden regions: 150->0(149)
[14.014s][info][gc,heap     ] GC(350) Survivor regions: 3->4(20)
[14.014s][info][gc,heap     ] GC(350) Old regions: 2->2
[14.014s][info][gc,heap     ] GC(350) Archive regions: 2->2
[14.014s][info][gc,heap     ] GC(350) Humongous regions: 0->0
[14.015s][info][gc,metaspace] GC(350) Metaspace: 613K(832K)->613K(832K) NonClass: 595K(704K)->595K(704K) Class: 17K(128K)->17K(128K)
[14.015s][info][gc          ] GC(350) Pause Young (Normal) (G1 Evacuation Pause) 155M->6M(256M) 8.326ms
[14.015s][info][gc,cpu      ] GC(350) User=0.01s Sys=0.01s Real=0.00s
[14.046s][info][gc,start    ] GC(351) Pause Young (Normal) (G1 Evacuation Pause)
[14.046s][info][gc,task     ] GC(351) Using 6 workers of 8 for evacuation
[14.048s][info][gc,phases   ] GC(351)   Pre Evacuate Collection Set: 0.2ms
[14.049s][info][gc,phases   ] GC(351)   Merge Heap Roots: 0.2ms
[14.049s][info][gc,phases   ] GC(351)   Evacuate Collection Set: 0.7ms
[14.049s][info][gc,phases   ] GC(351)   Post Evacuate Collection Set: 0.6ms
[14.049s][info][gc,phases   ] GC(351)   Other: 0.4ms
[14.049s][info][gc,heap     ] GC(351) Eden regions: 149->0(149)
[14.050s][info][gc,heap     ] GC(351) Survivor regions: 4->4(20)
[14.050s][info][gc,heap     ] GC(351) Old regions: 2->2
[14.050s][info][gc,heap     ] GC(351) Archive regions: 2->2
[14.050s][info][gc,heap     ] GC(351) Humongous regions: 0->0
[14.051s][info][gc,metaspace] GC(351) Metaspace: 613K(832K)->613K(832K) NonClass: 595K(704K)->595K(704K) Class: 17K(128K)->17K(128K)
[14.051s][info][gc          ] GC(351) Pause Young (Normal) (G1 Evacuation Pause) 155M->6M(256M) 4.996ms
[14.051s][info][gc,cpu      ] GC(351) User=0.00s Sys=0.00s Real=0.01s
[14.081s][info][gc,start    ] GC(352) Pause Young (Normal) (G1 Evacuation Pause)
[14.081s][info][gc,task     ] GC(352) Using 6 workers of 8 for evacuation
[14.083s][info][gc,phases   ] GC(352)   Pre Evacuate Collection Set: 0.2ms
[14.083s][info][gc,phases   ] GC(352)   Merge Heap Roots: 0.2ms
[14.083s][info][gc,phases   ] GC(352)   Evacuate Collection Set: 0.8ms
[14.084s][info][gc,phases   ] GC(352)   Post Evacuate Collection Set: 0.6ms
[14.084s][info][gc,phases   ] GC(352)   Other: 0.3ms
[14.084s][info][gc,heap     ] GC(352) Eden regions: 149->0(149)
[14.084s][info][gc,heap     ] GC(352) Survivor regions: 4->4(20)
[14.085s][info][gc,heap     ] GC(352) Old regions: 2->2
[14.085s][info][gc,heap     ] GC(352) Archive regions: 2->2
[14.085s][info][gc,heap     ] GC(352) Humongous regions: 0->0
[14.085s][info][gc,metaspace] GC(352) Metaspace: 613K(832K)->613K(832K) NonClass: 595K(704K)->595K(704K) Class: 17K(128K)->17K(128K)
[14.086s][info][gc          ] GC(352) Pause Young (Normal) (G1 Evacuation Pause) 155M->5M(256M) 5.026ms
[14.086s][info][gc,cpu      ] GC(352) User=0.00s Sys=0.00s Real=0.00s
[14.113s][info][gc,start    ] GC(353) Pause Young (Normal) (G1 Evacuation Pause)
[14.114s][info][gc,task     ] GC(353) Using 6 workers of 8 for evacuation
[14.116s][info][gc,phases   ] GC(353)   Pre Evacuate Collection Set: 0.2ms
[14.116s][info][gc,phases   ] GC(353)   Merge Heap Roots: 0.2ms
[14.117s][info][gc,phases   ] GC(353)   Evacuate Collection Set: 0.6ms
[14.117s][info][gc,phases   ] GC(353)   Post Evacuate Collection Set: 0.7ms
[14.117s][info][gc,phases   ] GC(353)   Other: 0.4ms
[14.117s][info][gc,heap     ] GC(353) Eden regions: 149->0(150)
[14.118s][info][gc,heap     ] GC(353) Survivor regions: 4->3(20)
[14.118s][info][gc,heap     ] GC(353) Old regions: 2->2
[14.118s][info][gc,heap     ] GC(353) Archive regions: 2->2
[14.118s][info][gc,heap     ] GC(353) Humongous regions: 0->0
[14.119s][info][gc,metaspace] GC(353) Metaspace: 613K(832K)->613K(832K) NonClass: 595K(704K)->595K(704K) Class: 17K(128K)->17K(128K)
[14.119s][info][gc          ] GC(353) Pause Young (Normal) (G1 Evacuation Pause) 154M->5M(256M) 5.469ms
[14.119s][info][gc,cpu      ] GC(353) User=0.01s Sys=0.00s Real=0.01s
[14.150s][info][gc,start    ] GC(354) Pause Young (Normal) (G1 Evacuation Pause)
[14.150s][info][gc,task     ] GC(354) Using 6 workers of 8 for evacuation
[14.152s][info][gc,phases   ] GC(354)   Pre Evacuate Collection Set: 0.2ms
[14.153s][info][gc,phases   ] GC(354)   Merge Heap Roots: 0.2ms
[14.153s][info][gc,phases   ] GC(354)   Evacuate Collection Set: 0.9ms
[14.153s][info][gc,phases   ] GC(354)   Post Evacuate Collection Set: 0.7ms
[14.154s][info][gc,phases   ] GC(354)   Other: 0.4ms
[14.154s][info][gc,heap     ] GC(354) Eden regions: 150->0(149)
[14.154s][info][gc,heap     ] GC(354) Survivor regions: 3->4(20)
[14.155s][info][gc,heap     ] GC(354) Old regions: 2->2
[14.155s][info][gc,heap     ] GC(354) Archive regions: 2->2
[14.155s][info][gc,heap     ] GC(354) Humongous regions: 0->0
[14.155s][info][gc,metaspace] GC(354) Metaspace: 613K(832K)->613K(832K) NonClass: 595K(704K)->595K(704K) Class: 17K(128K)->17K(128K)
[14.156s][info][gc          ] GC(354) Pause Young (Normal) (G1 Evacuation Pause) 155M->6M(256M) 6.138ms
[14.156s][info][gc,cpu      ] GC(354) User=0.00s Sys=0.00s Real=0.00s
[14.184s][info][gc,start    ] GC(355) Pause Young (Normal) (G1 Evacuation Pause)
[14.185s][info][gc,task     ] GC(355) Using 6 workers of 8 for evacuation
[14.187s][info][gc,phases   ] GC(355)   Pre Evacuate Collection Set: 0.2ms
[14.187s][info][gc,phases   ] GC(355)   Merge Heap Roots: 0.2ms
[14.188s][info][gc,phases   ] GC(355)   Evacuate Collection Set: 0.9ms
[14.188s][info][gc,phases   ] GC(355)   Post Evacuate Collection Set: 0.7ms
[14.188s][info][gc,phases   ] GC(355)   Other: 0.4ms
[14.189s][info][gc,heap     ] GC(355) Eden regions: 149->0(149)
[14.189s][info][gc,heap     ] GC(355) Survivor regions: 4->4(20)
[14.189s][info][gc,heap     ] GC(355) Old regions: 2->2
[14.190s][info][gc,heap     ] GC(355) Archive regions: 2->2
[14.190s][info][gc,heap     ] GC(355) Humongous regions: 0->0
[14.190s][info][gc,metaspace] GC(355) Metaspace: 613K(832K)->613K(832K) NonClass: 595K(704K)->595K(704K) Class: 17K(128K)->17K(128K)
[14.191s][info][gc          ] GC(355) Pause Young (Normal) (G1 Evacuation Pause) 155M->6M(256M) 6.575ms
[14.191s][info][gc,cpu      ] GC(355) User=0.00s Sys=0.00s Real=0.01s
[14.216s][info][gc,start    ] GC(356) Pause Young (Normal) (G1 Evacuation Pause)
[14.216s][info][gc,task     ] GC(356) Using 6 workers of 8 for evacuation
[14.218s][info][gc,phases   ] GC(356)   Pre Evacuate Collection Set: 0.2ms
[14.219s][info][gc,phases   ] GC(356)   Merge Heap Roots: 0.2ms
[14.219s][info][gc,phases   ] GC(356)   Evacuate Collection Set: 0.8ms
[14.219s][info][gc,phases   ] GC(356)   Post Evacuate Collection Set: 0.7ms
[14.219s][info][gc,phases   ] GC(356)   Other: 0.4ms
[14.220s][info][gc,heap     ] GC(356) Eden regions: 149->0(149)
[14.220s][info][gc,heap     ] GC(356) Survivor regions: 4->4(20)
[14.220s][info][gc,heap     ] GC(356) Old regions: 2->2
[14.220s][info][gc,heap     ] GC(356) Archive regions: 2->2
[14.221s][info][gc,heap     ] GC(356) Humongous regions: 0->0
[14.221s][info][gc,metaspace] GC(356) Metaspace: 613K(832K)->613K(832K) NonClass: 595K(704K)->595K(704K) Class: 17K(128K)->17K(128K)
[14.221s][info][gc          ] GC(356) Pause Young (Normal) (G1 Evacuation Pause) 155M->5M(256M) 5.376ms
[14.221s][info][gc,cpu      ] GC(356) User=0.00s Sys=0.00s Real=0.01s
[14.251s][info][gc,start    ] GC(357) Pause Young (Normal) (G1 Evacuation Pause)
[14.252s][info][gc,task     ] GC(357) Using 6 workers of 8 for evacuation
[14.255s][info][gc,phases   ] GC(357)   Pre Evacuate Collection Set: 0.2ms
[14.259s][info][gc,phases   ] GC(357)   Merge Heap Roots: 0.2ms
[14.260s][info][gc,phases   ] GC(357)   Evacuate Collection Set: 1.1ms
[14.261s][info][gc,phases   ] GC(357)   Post Evacuate Collection Set: 0.8ms
[14.261s][info][gc,phases   ] GC(357)   Other: 1.3ms
[14.261s][info][gc,heap     ] GC(357) Eden regions: 149->0(150)
[14.261s][info][gc,heap     ] GC(357) Survivor regions: 4->3(20)
[14.262s][info][gc,heap     ] GC(357) Old regions: 2->2
[14.262s][info][gc,heap     ] GC(357) Archive regions: 2->2
[14.262s][info][gc,heap     ] GC(357) Humongous regions: 0->0
[14.263s][info][gc,metaspace] GC(357) Metaspace: 613K(832K)->613K(832K) NonClass: 595K(704K)->595K(704K) Class: 17K(128K)->17K(128K)
[14.263s][info][gc          ] GC(357) Pause Young (Normal) (G1 Evacuation Pause) 154M->5M(256M) 11.870ms
[14.263s][info][gc,cpu      ] GC(357) User=0.00s Sys=0.01s Real=0.01s
[14.290s][info][gc,start    ] GC(358) Pause Young (Normal) (G1 Evacuation Pause)
[14.290s][info][gc,task     ] GC(358) Using 6 workers of 8 for evacuation
[14.293s][info][gc,phases   ] GC(358)   Pre Evacuate Collection Set: 0.2ms
[14.294s][info][gc,phases   ] GC(358)   Merge Heap Roots: 0.2ms
[14.294s][info][gc,phases   ] GC(358)   Evacuate Collection Set: 1.4ms
[14.295s][info][gc,phases   ] GC(358)   Post Evacuate Collection Set: 0.9ms
[14.295s][info][gc,phases   ] GC(358)   Other: 0.5ms
[14.295s][info][gc,heap     ] GC(358) Eden regions: 150->0(149)
[14.296s][info][gc,heap     ] GC(358) Survivor regions: 3->4(20)
[14.296s][info][gc,heap     ] GC(358) Old regions: 2->2
[14.297s][info][gc,heap     ] GC(358) Archive regions: 2->2
[14.297s][info][gc,heap     ] GC(358) Humongous regions: 0->0
[14.297s][info][gc,metaspace] GC(358) Metaspace: 613K(832K)->613K(832K) NonClass: 595K(704K)->595K(704K) Class: 17K(128K)->17K(128K)
[14.297s][info][gc          ] GC(358) Pause Young (Normal) (G1 Evacuation Pause) 155M->5M(256M) 7.730ms
[14.298s][info][gc,cpu      ] GC(358) User=0.01s Sys=0.00s Real=0.01s
[14.323s][info][gc,start    ] GC(359) Pause Young (Normal) (G1 Evacuation Pause)
[14.323s][info][gc,task     ] GC(359) Using 6 workers of 8 for evacuation
[14.327s][info][gc,phases   ] GC(359)   Pre Evacuate Collection Set: 0.3ms
[14.328s][info][gc,phases   ] GC(359)   Merge Heap Roots: 0.2ms
[14.328s][info][gc,phases   ] GC(359)   Evacuate Collection Set: 1.5ms
[14.328s][info][gc,phases   ] GC(359)   Post Evacuate Collection Set: 1.2ms
[14.329s][info][gc,phases   ] GC(359)   Other: 0.7ms
[14.329s][info][gc,heap     ] GC(359) Eden regions: 149->0(149)
[14.330s][info][gc,heap     ] GC(359) Survivor regions: 4->4(20)
[14.330s][info][gc,heap     ] GC(359) Old regions: 2->2
[14.330s][info][gc,heap     ] GC(359) Archive regions: 2->2
[14.330s][info][gc,heap     ] GC(359) Humongous regions: 0->0
[14.331s][info][gc,metaspace] GC(359) Metaspace: 613K(832K)->613K(832K) NonClass: 595K(704K)->595K(704K) Class: 17K(128K)->17K(128K)
[14.331s][info][gc          ] GC(359) Pause Young (Normal) (G1 Evacuation Pause) 154M->5M(256M) 8.165ms
[14.331s][info][gc,cpu      ] GC(359) User=0.01s Sys=0.00s Real=0.01s
[14.351s][info][gc,start    ] GC(360) Pause Young (Normal) (G1 Evacuation Pause)
[14.351s][info][gc,task     ] GC(360) Using 6 workers of 8 for evacuation
[14.354s][info][gc,phases   ] GC(360)   Pre Evacuate Collection Set: 0.2ms
[14.354s][info][gc,phases   ] GC(360)   Merge Heap Roots: 0.2ms
[14.354s][info][gc,phases   ] GC(360)   Evacuate Collection Set: 0.8ms
[14.355s][info][gc,phases   ] GC(360)   Post Evacuate Collection Set: 0.7ms
[14.355s][info][gc,phases   ] GC(360)   Other: 0.4ms
[14.355s][info][gc,heap     ] GC(360) Eden regions: 149->0(150)
[14.356s][info][gc,heap     ] GC(360) Survivor regions: 4->3(20)
[14.356s][info][gc,heap     ] GC(360) Old regions: 2->2
[14.356s][info][gc,heap     ] GC(360) Archive regions: 2->2
[14.357s][info][gc,heap     ] GC(360) Humongous regions: 0->0
[14.357s][info][gc,metaspace] GC(360) Metaspace: 613K(832K)->613K(832K) NonClass: 595K(704K)->595K(704K) Class: 17K(128K)->17K(128K)
[14.357s][info][gc          ] GC(360) Pause Young (Normal) (G1 Evacuation Pause) 154M->5M(256M) 6.093ms
[14.357s][info][gc,cpu      ] GC(360) User=0.00s Sys=0.00s Real=0.01s
[14.377s][info][gc,start    ] GC(361) Pause Young (Normal) (G1 Evacuation Pause)
[14.378s][info][gc,task     ] GC(361) Using 6 workers of 8 for evacuation
[14.380s][info][gc,phases   ] GC(361)   Pre Evacuate Collection Set: 0.2ms
[14.380s][info][gc,phases   ] GC(361)   Merge Heap Roots: 0.3ms
[14.381s][info][gc,phases   ] GC(361)   Evacuate Collection Set: 0.7ms
[14.381s][info][gc,phases   ] GC(361)   Post Evacuate Collection Set: 0.8ms
[14.382s][info][gc,phases   ] GC(361)   Other: 0.5ms
[14.382s][info][gc,heap     ] GC(361) Eden regions: 150->0(149)
[14.382s][info][gc,heap     ] GC(361) Survivor regions: 3->4(20)
[14.383s][info][gc,heap     ] GC(361) Old regions: 2->2
[14.383s][info][gc,heap     ] GC(361) Archive regions: 2->2
[14.383s][info][gc,heap     ] GC(361) Humongous regions: 0->0
[14.384s][info][gc,metaspace] GC(361) Metaspace: 613K(832K)->613K(832K) NonClass: 595K(704K)->595K(704K) Class: 17K(128K)->17K(128K)
[14.384s][info][gc          ] GC(361) Pause Young (Normal) (G1 Evacuation Pause) 155M->6M(256M) 7.040ms
[14.384s][info][gc,cpu      ] GC(361) User=0.00s Sys=0.01s Real=0.00s
[14.403s][info][gc,start    ] GC(362) Pause Young (Normal) (G1 Evacuation Pause)
[14.403s][info][gc,task     ] GC(362) Using 6 workers of 8 for evacuation
[14.406s][info][gc,phases   ] GC(362)   Pre Evacuate Collection Set: 0.2ms
[14.406s][info][gc,phases   ] GC(362)   Merge Heap Roots: 0.2ms
[14.406s][info][gc,phases   ] GC(362)   Evacuate Collection Set: 1.0ms
[14.407s][info][gc,phases   ] GC(362)   Post Evacuate Collection Set: 0.7ms
[14.407s][info][gc,phases   ] GC(362)   Other: 0.4ms
[14.407s][info][gc,heap     ] GC(362) Eden regions: 149->0(149)
[14.407s][info][gc,heap     ] GC(362) Survivor regions: 4->4(20)
[14.408s][info][gc,heap     ] GC(362) Old regions: 2->2
[14.408s][info][gc,heap     ] GC(362) Archive regions: 2->2
[14.408s][info][gc,heap     ] GC(362) Humongous regions: 0->0
[14.408s][info][gc,metaspace] GC(362) Metaspace: 613K(832K)->613K(832K) NonClass: 595K(704K)->595K(704K) Class: 17K(128K)->17K(128K)
[14.409s][info][gc          ] GC(362) Pause Young (Normal) (G1 Evacuation Pause) 155M->5M(256M) 5.967ms
[14.409s][info][gc,cpu      ] GC(362) User=0.01s Sys=0.00s Real=0.01s
[14.428s][info][gc,start    ] GC(363) Pause Young (Normal) (G1 Evacuation Pause)
[14.428s][info][gc,task     ] GC(363) Using 6 workers of 8 for evacuation
[14.430s][info][gc,phases   ] GC(363)   Pre Evacuate Collection Set: 0.2ms
[14.431s][info][gc,phases   ] GC(363)   Merge Heap Roots: 0.2ms
[14.431s][info][gc,phases   ] GC(363)   Evacuate Collection Set: 0.6ms
[14.432s][info][gc,phases   ] GC(363)   Post Evacuate Collection Set: 0.7ms
[14.432s][info][gc,phases   ] GC(363)   Other: 0.4ms
[14.432s][info][gc,heap     ] GC(363) Eden regions: 149->0(149)
[14.432s][info][gc,heap     ] GC(363) Survivor regions: 4->4(20)
[14.433s][info][gc,heap     ] GC(363) Old regions: 2->2
[14.433s][info][gc,heap     ] GC(363) Archive regions: 2->2
[14.433s][info][gc,heap     ] GC(363) Humongous regions: 0->0
[14.434s][info][gc,metaspace] GC(363) Metaspace: 613K(832K)->613K(832K) NonClass: 595K(704K)->595K(704K) Class: 17K(128K)->17K(128K)
[14.434s][info][gc          ] GC(363) Pause Young (Normal) (G1 Evacuation Pause) 154M->5M(256M) 5.816ms
[14.434s][info][gc,cpu      ] GC(363) User=0.00s Sys=0.00s Real=0.00s
[14.453s][info][gc,start    ] GC(364) Pause Young (Normal) (G1 Evacuation Pause)
[14.453s][info][gc,task     ] GC(364) Using 6 workers of 8 for evacuation
[14.455s][info][gc,phases   ] GC(364)   Pre Evacuate Collection Set: 0.2ms
[14.455s][info][gc,phases   ] GC(364)   Merge Heap Roots: 0.2ms
[14.455s][info][gc,phases   ] GC(364)   Evacuate Collection Set: 0.7ms
[14.456s][info][gc,phases   ] GC(364)   Post Evacuate Collection Set: 0.6ms
[14.456s][info][gc,phases   ] GC(364)   Other: 0.3ms
[14.457s][info][gc,heap     ] GC(364) Eden regions: 149->0(150)
[14.457s][info][gc,heap     ] GC(364) Survivor regions: 4->3(20)
[14.457s][info][gc,heap     ] GC(364) Old regions: 2->2
[14.458s][info][gc,heap     ] GC(364) Archive regions: 2->2
[14.458s][info][gc,heap     ] GC(364) Humongous regions: 0->0
[14.458s][info][gc,metaspace] GC(364) Metaspace: 613K(832K)->613K(832K) NonClass: 595K(704K)->595K(704K) Class: 17K(128K)->17K(128K)
[14.458s][info][gc          ] GC(364) Pause Young (Normal) (G1 Evacuation Pause) 154M->5M(256M) 5.895ms
[14.459s][info][gc,cpu      ] GC(364) User=0.00s Sys=0.00s Real=0.01s
[14.478s][info][gc,start    ] GC(365) Pause Young (Normal) (G1 Evacuation Pause)
[14.479s][info][gc,task     ] GC(365) Using 6 workers of 8 for evacuation
[14.481s][info][gc,phases   ] GC(365)   Pre Evacuate Collection Set: 0.2ms
[14.481s][info][gc,phases   ] GC(365)   Merge Heap Roots: 0.2ms
[14.482s][info][gc,phases   ] GC(365)   Evacuate Collection Set: 0.8ms
[14.482s][info][gc,phases   ] GC(365)   Post Evacuate Collection Set: 0.8ms
[14.482s][info][gc,phases   ] GC(365)   Other: 0.4ms
[14.483s][info][gc,heap     ] GC(365) Eden regions: 150->0(149)
[14.483s][info][gc,heap     ] GC(365) Survivor regions: 3->4(20)
[14.484s][info][gc,heap     ] GC(365) Old regions: 2->2
[14.484s][info][gc,heap     ] GC(365) Archive regions: 2->2
[14.484s][info][gc,heap     ] GC(365) Humongous regions: 0->0
[14.485s][info][gc,metaspace] GC(365) Metaspace: 613K(832K)->613K(832K) NonClass: 595K(704K)->595K(704K) Class: 17K(128K)->17K(128K)
[14.485s][info][gc          ] GC(365) Pause Young (Normal) (G1 Evacuation Pause) 155M->5M(256M) 6.871ms
[14.485s][info][gc,cpu      ] GC(365) User=0.01s Sys=0.00s Real=0.00s
[14.504s][info][gc,start    ] GC(366) Pause Young (Normal) (G1 Evacuation Pause)
[14.505s][info][gc,task     ] GC(366) Using 6 workers of 8 for evacuation
[14.507s][info][gc,phases   ] GC(366)   Pre Evacuate Collection Set: 0.2ms
[14.507s][info][gc,phases   ] GC(366)   Merge Heap Roots: 0.1ms
[14.508s][info][gc,phases   ] GC(366)   Evacuate Collection Set: 0.8ms
[14.508s][info][gc,phases   ] GC(366)   Post Evacuate Collection Set: 0.7ms
[14.508s][info][gc,phases   ] GC(366)   Other: 0.4ms
[14.509s][info][gc,heap     ] GC(366) Eden regions: 149->0(149)
[14.509s][info][gc,heap     ] GC(366) Survivor regions: 4->4(20)
[14.509s][info][gc,heap     ] GC(366) Old regions: 2->2
[14.510s][info][gc,heap     ] GC(366) Archive regions: 2->2
[14.510s][info][gc,heap     ] GC(366) Humongous regions: 0->0
[14.510s][info][gc,metaspace] GC(366) Metaspace: 613K(832K)->613K(832K) NonClass: 595K(704K)->595K(704K) Class: 17K(128K)->17K(128K)
[14.510s][info][gc          ] GC(366) Pause Young (Normal) (G1 Evacuation Pause) 154M->5M(256M) 6.304ms
[14.511s][info][gc,cpu      ] GC(366) User=0.00s Sys=0.00s Real=0.01s
[14.530s][info][gc,start    ] GC(367) Pause Young (Normal) (G1 Evacuation Pause)
[14.530s][info][gc,task     ] GC(367) Using 6 workers of 8 for evacuation
[14.532s][info][gc,phases   ] GC(367)   Pre Evacuate Collection Set: 0.2ms
[14.532s][info][gc,phases   ] GC(367)   Merge Heap Roots: 0.1ms
[14.532s][info][gc,phases   ] GC(367)   Evacuate Collection Set: 0.6ms
[14.533s][info][gc,phases   ] GC(367)   Post Evacuate Collection Set: 0.6ms
[14.533s][info][gc,phases   ] GC(367)   Other: 0.3ms
[14.533s][info][gc,heap     ] GC(367) Eden regions: 149->0(150)
[14.534s][info][gc,heap     ] GC(367) Survivor regions: 4->3(20)
[14.534s][info][gc,heap     ] GC(367) Old regions: 2->2
[14.534s][info][gc,heap     ] GC(367) Archive regions: 2->2
[14.535s][info][gc,heap     ] GC(367) Humongous regions: 0->0
[14.535s][info][gc,metaspace] GC(367) Metaspace: 613K(832K)->613K(832K) NonClass: 595K(704K)->595K(704K) Class: 17K(128K)->17K(128K)
[14.535s][info][gc          ] GC(367) Pause Young (Normal) (G1 Evacuation Pause) 154M->5M(256M) 5.660ms
[14.535s][info][gc,cpu      ] GC(367) User=0.00s Sys=0.01s Real=0.00s
[14.554s][info][gc,start    ] GC(368) Pause Young (Normal) (G1 Evacuation Pause)
[14.555s][info][gc,task     ] GC(368) Using 6 workers of 8 for evacuation
[14.557s][info][gc,phases   ] GC(368)   Pre Evacuate Collection Set: 0.2ms
[14.558s][info][gc,phases   ] GC(368)   Merge Heap Roots: 0.1ms
[14.558s][info][gc,phases   ] GC(368)   Evacuate Collection Set: 1.1ms
[14.558s][info][gc,phases   ] GC(368)   Post Evacuate Collection Set: 0.7ms
[14.559s][info][gc,phases   ] GC(368)   Other: 0.4ms
[14.559s][info][gc,heap     ] GC(368) Eden regions: 150->0(149)
[14.559s][info][gc,heap     ] GC(368) Survivor regions: 3->4(20)
[14.560s][info][gc,heap     ] GC(368) Old regions: 2->2
[14.560s][info][gc,heap     ] GC(368) Archive regions: 2->2
[14.560s][info][gc,heap     ] GC(368) Humongous regions: 0->0
[14.561s][info][gc,metaspace] GC(368) Metaspace: 613K(832K)->613K(832K) NonClass: 595K(704K)->595K(704K) Class: 17K(128K)->17K(128K)
[14.561s][info][gc          ] GC(368) Pause Young (Normal) (G1 Evacuation Pause) 155M->6M(256M) 6.591ms
[14.561s][info][gc,cpu      ] GC(368) User=0.00s Sys=0.00s Real=0.01s
[14.580s][info][gc,start    ] GC(369) Pause Young (Normal) (G1 Evacuation Pause)
[14.580s][info][gc,task     ] GC(369) Using 6 workers of 8 for evacuation
[14.583s][info][gc,phases   ] GC(369)   Pre Evacuate Collection Set: 0.2ms
[14.583s][info][gc,phases   ] GC(369)   Merge Heap Roots: 0.2ms
[14.583s][info][gc,phases   ] GC(369)   Evacuate Collection Set: 0.8ms
[14.584s][info][gc,phases   ] GC(369)   Post Evacuate Collection Set: 0.6ms
[14.584s][info][gc,phases   ] GC(369)   Other: 0.5ms
[14.584s][info][gc,heap     ] GC(369) Eden regions: 149->0(149)
[14.585s][info][gc,heap     ] GC(369) Survivor regions: 4->4(20)
[14.585s][info][gc,heap     ] GC(369) Old regions: 2->2
[14.585s][info][gc,heap     ] GC(369) Archive regions: 2->2
[14.585s][info][gc,heap     ] GC(369) Humongous regions: 0->0
[14.586s][info][gc,metaspace] GC(369) Metaspace: 613K(832K)->613K(832K) NonClass: 595K(704K)->595K(704K) Class: 17K(128K)->17K(128K)
[14.586s][info][gc          ] GC(369) Pause Young (Normal) (G1 Evacuation Pause) 155M->5M(256M) 6.003ms
[14.586s][info][gc,cpu      ] GC(369) User=0.00s Sys=0.01s Real=0.00s
[14.606s][info][gc,start    ] GC(370) Pause Young (Normal) (G1 Evacuation Pause)
[14.606s][info][gc,task     ] GC(370) Using 6 workers of 8 for evacuation
[14.608s][info][gc,phases   ] GC(370)   Pre Evacuate Collection Set: 0.2ms
[14.609s][info][gc,phases   ] GC(370)   Merge Heap Roots: 0.2ms
[14.609s][info][gc,phases   ] GC(370)   Evacuate Collection Set: 0.8ms
[14.609s][info][gc,phases   ] GC(370)   Post Evacuate Collection Set: 0.5ms
[14.609s][info][gc,phases   ] GC(370)   Other: 0.3ms
[14.610s][info][gc,heap     ] GC(370) Eden regions: 149->0(149)
[14.610s][info][gc,heap     ] GC(370) Survivor regions: 4->4(20)
[14.610s][info][gc,heap     ] GC(370) Old regions: 2->2
[14.610s][info][gc,heap     ] GC(370) Archive regions: 2->2
[14.610s][info][gc,heap     ] GC(370) Humongous regions: 0->0
[14.611s][info][gc,metaspace] GC(370) Metaspace: 613K(832K)->613K(832K) NonClass: 595K(704K)->595K(704K) Class: 17K(128K)->17K(128K)
[14.611s][info][gc          ] GC(370) Pause Young (Normal) (G1 Evacuation Pause) 154M->5M(256M) 4.887ms
[14.611s][info][gc,cpu      ] GC(370) User=0.01s Sys=0.00s Real=0.01s
[14.631s][info][gc,start    ] GC(371) Pause Young (Normal) (G1 Evacuation Pause)
[14.631s][info][gc,task     ] GC(371) Using 6 workers of 8 for evacuation
[14.633s][info][gc,phases   ] GC(371)   Pre Evacuate Collection Set: 0.2ms
[14.634s][info][gc,phases   ] GC(371)   Merge Heap Roots: 0.2ms
[14.634s][info][gc,phases   ] GC(371)   Evacuate Collection Set: 0.7ms
[14.634s][info][gc,phases   ] GC(371)   Post Evacuate Collection Set: 0.7ms
[14.635s][info][gc,phases   ] GC(371)   Other: 0.4ms
[14.635s][info][gc,heap     ] GC(371) Eden regions: 149->0(150)
[14.635s][info][gc,heap     ] GC(371) Survivor regions: 4->3(20)
[14.635s][info][gc,heap     ] GC(371) Old regions: 2->2
[14.636s][info][gc,heap     ] GC(371) Archive regions: 2->2
[14.636s][info][gc,heap     ] GC(371) Humongous regions: 0->0
[14.636s][info][gc,metaspace] GC(371) Metaspace: 613K(832K)->613K(832K) NonClass: 595K(704K)->595K(704K) Class: 17K(128K)->17K(128K)
[14.637s][info][gc          ] GC(371) Pause Young (Normal) (G1 Evacuation Pause) 154M->5M(256M) 5.796ms
[14.637s][info][gc,cpu      ] GC(371) User=0.00s Sys=0.00s Real=0.01s
[14.657s][info][gc,start    ] GC(372) Pause Young (Normal) (G1 Evacuation Pause)
[14.657s][info][gc,task     ] GC(372) Using 6 workers of 8 for evacuation
[14.659s][info][gc,phases   ] GC(372)   Pre Evacuate Collection Set: 0.2ms
[14.660s][info][gc,phases   ] GC(372)   Merge Heap Roots: 0.2ms
[14.660s][info][gc,phases   ] GC(372)   Evacuate Collection Set: 0.8ms
[14.660s][info][gc,phases   ] GC(372)   Post Evacuate Collection Set: 0.6ms
[14.661s][info][gc,phases   ] GC(372)   Other: 0.4ms
[14.661s][info][gc,heap     ] GC(372) Eden regions: 150->0(149)
[14.661s][info][gc,heap     ] GC(372) Survivor regions: 3->4(20)
[14.661s][info][gc,heap     ] GC(372) Old regions: 2->2
[14.662s][info][gc,heap     ] GC(372) Archive regions: 2->2
[14.662s][info][gc,heap     ] GC(372) Humongous regions: 0->0
[14.662s][info][gc,metaspace] GC(372) Metaspace: 613K(832K)->613K(832K) NonClass: 595K(704K)->595K(704K) Class: 17K(128K)->17K(128K)
[14.663s][info][gc          ] GC(372) Pause Young (Normal) (G1 Evacuation Pause) 155M->6M(256M) 5.973ms
[14.663s][info][gc,cpu      ] GC(372) User=0.00s Sys=0.00s Real=0.00s
[14.682s][info][gc,start    ] GC(373) Pause Young (Normal) (G1 Evacuation Pause)
[14.682s][info][gc,task     ] GC(373) Using 6 workers of 8 for evacuation
[14.684s][info][gc,phases   ] GC(373)   Pre Evacuate Collection Set: 0.2ms
[14.685s][info][gc,phases   ] GC(373)   Merge Heap Roots: 0.2ms
[14.685s][info][gc,phases   ] GC(373)   Evacuate Collection Set: 0.7ms
[14.685s][info][gc,phases   ] GC(373)   Post Evacuate Collection Set: 0.7ms
[14.686s][info][gc,phases   ] GC(373)   Other: 0.4ms
[14.686s][info][gc,heap     ] GC(373) Eden regions: 149->0(149)
[14.686s][info][gc,heap     ] GC(373) Survivor regions: 4->4(20)
[14.687s][info][gc,heap     ] GC(373) Old regions: 2->2
[14.687s][info][gc,heap     ] GC(373) Archive regions: 2->2
[14.687s][info][gc,heap     ] GC(373) Humongous regions: 0->0
[14.687s][info][gc,metaspace] GC(373) Metaspace: 613K(832K)->613K(832K) NonClass: 595K(704K)->595K(704K) Class: 17K(128K)->17K(128K)
[14.688s][info][gc          ] GC(373) Pause Young (Normal) (G1 Evacuation Pause) 155M->5M(256M) 5.725ms
[14.688s][info][gc,cpu      ] GC(373) User=0.00s Sys=0.00s Real=0.01s
[14.708s][info][gc,start    ] GC(374) Pause Young (Normal) (G1 Evacuation Pause)
[14.708s][info][gc,task     ] GC(374) Using 6 workers of 8 for evacuation
[14.710s][info][gc,phases   ] GC(374)   Pre Evacuate Collection Set: 0.2ms
[14.711s][info][gc,phases   ] GC(374)   Merge Heap Roots: 0.3ms
[14.711s][info][gc,phases   ] GC(374)   Evacuate Collection Set: 0.7ms
[14.711s][info][gc,phases   ] GC(374)   Post Evacuate Collection Set: 0.7ms
[14.712s][info][gc,phases   ] GC(374)   Other: 0.4ms
[14.712s][info][gc,heap     ] GC(374) Eden regions: 149->0(150)
[14.712s][info][gc,heap     ] GC(374) Survivor regions: 4->3(20)
[14.713s][info][gc,heap     ] GC(374) Old regions: 2->2
[14.713s][info][gc,heap     ] GC(374) Archive regions: 2->2
[14.713s][info][gc,heap     ] GC(374) Humongous regions: 0->0
[14.713s][info][gc,metaspace] GC(374) Metaspace: 613K(832K)->613K(832K) NonClass: 595K(704K)->595K(704K) Class: 17K(128K)->17K(128K)
[14.714s][info][gc          ] GC(374) Pause Young (Normal) (G1 Evacuation Pause) 154M->5M(256M) 5.818ms
[14.714s][info][gc,cpu      ] GC(374) User=0.00s Sys=0.00s Real=0.00s
[14.732s][info][gc,start    ] GC(375) Pause Young (Normal) (G1 Evacuation Pause)
[14.733s][info][gc,task     ] GC(375) Using 6 workers of 8 for evacuation
[14.735s][info][gc,phases   ] GC(375)   Pre Evacuate Collection Set: 0.2ms
[14.735s][info][gc,phases   ] GC(375)   Merge Heap Roots: 0.2ms
[14.736s][info][gc,phases   ] GC(375)   Evacuate Collection Set: 1.0ms
[14.736s][info][gc,phases   ] GC(375)   Post Evacuate Collection Set: 0.7ms
[14.736s][info][gc,phases   ] GC(375)   Other: 0.5ms
[14.737s][info][gc,heap     ] GC(375) Eden regions: 150->0(149)
[14.737s][info][gc,heap     ] GC(375) Survivor regions: 3->4(20)
[14.737s][info][gc,heap     ] GC(375) Old regions: 2->2
[14.738s][info][gc,heap     ] GC(375) Archive regions: 2->2
[14.738s][info][gc,heap     ] GC(375) Humongous regions: 0->0
[14.738s][info][gc,metaspace] GC(375) Metaspace: 613K(832K)->613K(832K) NonClass: 595K(704K)->595K(704K) Class: 17K(128K)->17K(128K)
[14.738s][info][gc          ] GC(375) Pause Young (Normal) (G1 Evacuation Pause) 155M->6M(256M) 6.211ms
[14.739s][info][gc,cpu      ] GC(375) User=0.00s Sys=0.00s Real=0.01s
[14.758s][info][gc,start    ] GC(376) Pause Young (Normal) (G1 Evacuation Pause)
[14.758s][info][gc,task     ] GC(376) Using 6 workers of 8 for evacuation
[14.760s][info][gc,phases   ] GC(376)   Pre Evacuate Collection Set: 0.2ms
[14.761s][info][gc,phases   ] GC(376)   Merge Heap Roots: 0.1ms
[14.761s][info][gc,phases   ] GC(376)   Evacuate Collection Set: 0.8ms
[14.761s][info][gc,phases   ] GC(376)   Post Evacuate Collection Set: 0.6ms
[14.761s][info][gc,phases   ] GC(376)   Other: 0.4ms
[14.762s][info][gc,heap     ] GC(376) Eden regions: 149->0(149)
[14.762s][info][gc,heap     ] GC(376) Survivor regions: 4->4(20)
[14.762s][info][gc,heap     ] GC(376) Old regions: 2->2
[14.762s][info][gc,heap     ] GC(376) Archive regions: 2->2
[14.763s][info][gc,heap     ] GC(376) Humongous regions: 0->0
[14.763s][info][gc,metaspace] GC(376) Metaspace: 613K(832K)->613K(832K) NonClass: 595K(704K)->595K(704K) Class: 17K(128K)->17K(128K)
[14.763s][info][gc          ] GC(376) Pause Young (Normal) (G1 Evacuation Pause) 155M->6M(256M) 5.511ms
[14.764s][info][gc,cpu      ] GC(376) User=0.01s Sys=0.00s Real=0.00s
[14.783s][info][gc,start    ] GC(377) Pause Young (Normal) (G1 Evacuation Pause)
[14.783s][info][gc,task     ] GC(377) Using 6 workers of 8 for evacuation
[14.785s][info][gc,phases   ] GC(377)   Pre Evacuate Collection Set: 0.2ms
[14.785s][info][gc,phases   ] GC(377)   Merge Heap Roots: 0.2ms
[14.786s][info][gc,phases   ] GC(377)   Evacuate Collection Set: 0.8ms
[14.786s][info][gc,phases   ] GC(377)   Post Evacuate Collection Set: 0.6ms
[14.786s][info][gc,phases   ] GC(377)   Other: 0.3ms
[14.786s][info][gc,heap     ] GC(377) Eden regions: 149->0(149)
[14.787s][info][gc,heap     ] GC(377) Survivor regions: 4->4(20)
[14.787s][info][gc,heap     ] GC(377) Old regions: 2->2
[14.787s][info][gc,heap     ] GC(377) Archive regions: 2->2
[14.787s][info][gc,heap     ] GC(377) Humongous regions: 0->0
[14.788s][info][gc,metaspace] GC(377) Metaspace: 613K(832K)->613K(832K) NonClass: 595K(704K)->595K(704K) Class: 17K(128K)->17K(128K)
[14.788s][info][gc          ] GC(377) Pause Young (Normal) (G1 Evacuation Pause) 155M->5M(256M) 5.358ms
[14.788s][info][gc,cpu      ] GC(377) User=0.00s Sys=0.00s Real=0.01s
[14.806s][info][gc,start    ] GC(378) Pause Young (Normal) (G1 Evacuation Pause)
[14.806s][info][gc,task     ] GC(378) Using 6 workers of 8 for evacuation
[14.808s][info][gc,phases   ] GC(378)   Pre Evacuate Collection Set: 0.2ms
[14.808s][info][gc,phases   ] GC(378)   Merge Heap Roots: 0.2ms
[14.809s][info][gc,phases   ] GC(378)   Evacuate Collection Set: 0.5ms
[14.809s][info][gc,phases   ] GC(378)   Post Evacuate Collection Set: 0.6ms
[14.809s][info][gc,phases   ] GC(378)   Other: 0.3ms
[14.810s][info][gc,heap     ] GC(378) Eden regions: 149->0(150)
[14.810s][info][gc,heap     ] GC(378) Survivor regions: 4->3(20)
[14.810s][info][gc,heap     ] GC(378) Old regions: 2->2
[14.811s][info][gc,heap     ] GC(378) Archive regions: 2->2
[14.811s][info][gc,heap     ] GC(378) Humongous regions: 0->0
[14.811s][info][gc,metaspace] GC(378) Metaspace: 613K(832K)->613K(832K) NonClass: 595K(704K)->595K(704K) Class: 17K(128K)->17K(128K)
[14.811s][info][gc          ] GC(378) Pause Young (Normal) (G1 Evacuation Pause) 154M->5M(256M) 5.540ms
[14.812s][info][gc,cpu      ] GC(378) User=0.00s Sys=0.00s Real=0.01s
[14.830s][info][gc,start    ] GC(379) Pause Young (Normal) (G1 Evacuation Pause)
[14.831s][info][gc,task     ] GC(379) Using 6 workers of 8 for evacuation
[14.833s][info][gc,phases   ] GC(379)   Pre Evacuate Collection Set: 0.2ms
[14.833s][info][gc,phases   ] GC(379)   Merge Heap Roots: 0.2ms
[14.834s][info][gc,phases   ] GC(379)   Evacuate Collection Set: 0.9ms
[14.834s][info][gc,phases   ] GC(379)   Post Evacuate Collection Set: 0.7ms
[14.834s][info][gc,phases   ] GC(379)   Other: 0.4ms
[14.835s][info][gc,heap     ] GC(379) Eden regions: 150->0(149)
[14.835s][info][gc,heap     ] GC(379) Survivor regions: 3->4(20)
[14.835s][info][gc,heap     ] GC(379) Old regions: 2->2
[14.835s][info][gc,heap     ] GC(379) Archive regions: 2->2
[14.836s][info][gc,heap     ] GC(379) Humongous regions: 0->0
[14.836s][info][gc,metaspace] GC(379) Metaspace: 613K(832K)->613K(832K) NonClass: 595K(704K)->595K(704K) Class: 17K(128K)->17K(128K)
[14.836s][info][gc          ] GC(379) Pause Young (Normal) (G1 Evacuation Pause) 155M->5M(256M) 5.929ms
[14.836s][info][gc,cpu      ] GC(379) User=0.01s Sys=0.00s Real=0.00s
[14.855s][info][gc,start    ] GC(380) Pause Young (Normal) (G1 Evacuation Pause)
[14.856s][info][gc,task     ] GC(380) Using 6 workers of 8 for evacuation
[14.858s][info][gc,phases   ] GC(380)   Pre Evacuate Collection Set: 0.3ms
[14.858s][info][gc,phases   ] GC(380)   Merge Heap Roots: 0.2ms
[14.859s][info][gc,phases   ] GC(380)   Evacuate Collection Set: 0.6ms
[14.859s][info][gc,phases   ] GC(380)   Post Evacuate Collection Set: 0.7ms
[14.859s][info][gc,phases   ] GC(380)   Other: 0.5ms
[14.860s][info][gc,heap     ] GC(380) Eden regions: 149->0(149)
[14.860s][info][gc,heap     ] GC(380) Survivor regions: 4->4(20)
[14.860s][info][gc,heap     ] GC(380) Old regions: 2->2
[14.861s][info][gc,heap     ] GC(380) Archive regions: 2->2
[14.861s][info][gc,heap     ] GC(380) Humongous regions: 0->0
[14.861s][info][gc,metaspace] GC(380) Metaspace: 613K(832K)->613K(832K) NonClass: 595K(704K)->595K(704K) Class: 17K(128K)->17K(128K)
[14.862s][info][gc          ] GC(380) Pause Young (Normal) (G1 Evacuation Pause) 154M->5M(256M) 6.245ms
[14.862s][info][gc,cpu      ] GC(380) User=0.00s Sys=0.01s Real=0.01s
[14.880s][info][gc,start    ] GC(381) Pause Young (Normal) (G1 Evacuation Pause)
[14.880s][info][gc,task     ] GC(381) Using 6 workers of 8 for evacuation
[14.882s][info][gc,phases   ] GC(381)   Pre Evacuate Collection Set: 0.2ms
[14.883s][info][gc,phases   ] GC(381)   Merge Heap Roots: 0.1ms
[14.883s][info][gc,phases   ] GC(381)   Evacuate Collection Set: 0.7ms
[14.883s][info][gc,phases   ] GC(381)   Post Evacuate Collection Set: 0.6ms
[14.884s][info][gc,phases   ] GC(381)   Other: 0.3ms
[14.884s][info][gc,heap     ] GC(381) Eden regions: 149->0(150)
[14.884s][info][gc,heap     ] GC(381) Survivor regions: 4->3(20)
[14.885s][info][gc,heap     ] GC(381) Old regions: 2->2
[14.885s][info][gc,heap     ] GC(381) Archive regions: 2->2
[14.885s][info][gc,heap     ] GC(381) Humongous regions: 0->0
[14.886s][info][gc,metaspace] GC(381) Metaspace: 613K(832K)->613K(832K) NonClass: 595K(704K)->595K(704K) Class: 17K(128K)->17K(128K)
[14.886s][info][gc          ] GC(381) Pause Young (Normal) (G1 Evacuation Pause) 154M->5M(256M) 6.030ms
[14.886s][info][gc,cpu      ] GC(381) User=0.00s Sys=0.00s Real=0.00s
[14.914s][info][gc,start    ] GC(382) Pause Young (Normal) (G1 Evacuation Pause)
[14.914s][info][gc,task     ] GC(382) Using 6 workers of 8 for evacuation
[14.917s][info][gc,phases   ] GC(382)   Pre Evacuate Collection Set: 0.2ms
[14.917s][info][gc,phases   ] GC(382)   Merge Heap Roots: 0.2ms
[14.917s][info][gc,phases   ] GC(382)   Evacuate Collection Set: 0.8ms
[14.918s][info][gc,phases   ] GC(382)   Post Evacuate Collection Set: 0.8ms
[14.918s][info][gc,phases   ] GC(382)   Other: 0.4ms
[14.919s][info][gc,heap     ] GC(382) Eden regions: 150->0(149)
[14.919s][info][gc,heap     ] GC(382) Survivor regions: 3->4(20)
[14.919s][info][gc,heap     ] GC(382) Old regions: 2->2
[14.920s][info][gc,heap     ] GC(382) Archive regions: 2->2
[14.920s][info][gc,heap     ] GC(382) Humongous regions: 0->0
[14.920s][info][gc,metaspace] GC(382) Metaspace: 615K(832K)->615K(832K) NonClass: 597K(704K)->597K(704K) Class: 17K(128K)->17K(128K)
[14.921s][info][gc          ] GC(382) Pause Young (Normal) (G1 Evacuation Pause) 155M->6M(256M) 6.698ms
[14.921s][info][gc,cpu      ] GC(382) User=0.00s Sys=0.01s Real=0.01s
[14.941s][info][gc,start    ] GC(383) Pause Young (Normal) (G1 Evacuation Pause)
[14.942s][info][gc,task     ] GC(383) Using 6 workers of 8 for evacuation
[14.944s][info][gc,phases   ] GC(383)   Pre Evacuate Collection Set: 0.2ms
[14.944s][info][gc,phases   ] GC(383)   Merge Heap Roots: 0.2ms
[14.945s][info][gc,phases   ] GC(383)   Evacuate Collection Set: 0.7ms
[14.945s][info][gc,phases   ] GC(383)   Post Evacuate Collection Set: 0.7ms
[14.946s][info][gc,phases   ] GC(383)   Other: 0.4ms
[14.946s][info][gc,heap     ] GC(383) Eden regions: 149->0(149)
[14.946s][info][gc,heap     ] GC(383) Survivor regions: 4->4(20)
[14.947s][info][gc,heap     ] GC(383) Old regions: 2->2
[14.947s][info][gc,heap     ] GC(383) Archive regions: 2->2
[14.947s][info][gc,heap     ] GC(383) Humongous regions: 0->0
[14.948s][info][gc,metaspace] GC(383) Metaspace: 615K(832K)->615K(832K) NonClass: 597K(704K)->597K(704K) Class: 17K(128K)->17K(128K)
[14.948s][info][gc          ] GC(383) Pause Young (Normal) (G1 Evacuation Pause) 155M->5M(256M) 6.680ms
[14.948s][info][gc,cpu      ] GC(383) User=0.01s Sys=0.00s Real=0.01s
[14.968s][info][gc,start    ] GC(384) Pause Young (Normal) (G1 Evacuation Pause)
[14.968s][info][gc,task     ] GC(384) Using 6 workers of 8 for evacuation
[14.971s][info][gc,phases   ] GC(384)   Pre Evacuate Collection Set: 0.2ms
[14.971s][info][gc,phases   ] GC(384)   Merge Heap Roots: 0.2ms
[14.972s][info][gc,phases   ] GC(384)   Evacuate Collection Set: 1.0ms
[14.972s][info][gc,phases   ] GC(384)   Post Evacuate Collection Set: 0.7ms
[14.972s][info][gc,phases   ] GC(384)   Other: 0.5ms
[14.973s][info][gc,heap     ] GC(384) Eden regions: 149->0(150)
[14.973s][info][gc,heap     ] GC(384) Survivor regions: 4->3(20)
[14.973s][info][gc,heap     ] GC(384) Old regions: 2->2
[14.974s][info][gc,heap     ] GC(384) Archive regions: 2->2
[14.974s][info][gc,heap     ] GC(384) Humongous regions: 0->0
[14.974s][info][gc,metaspace] GC(384) Metaspace: 615K(832K)->615K(832K) NonClass: 597K(704K)->597K(704K) Class: 17K(128K)->17K(128K)
[14.975s][info][gc          ] GC(384) Pause Young (Normal) (G1 Evacuation Pause) 154M->5M(256M) 6.696ms
[14.975s][info][gc,cpu      ] GC(384) User=0.00s Sys=0.00s Real=0.00s
[14.994s][info][gc,start    ] GC(385) Pause Young (Normal) (G1 Evacuation Pause)
[14.995s][info][gc,task     ] GC(385) Using 6 workers of 8 for evacuation
[14.997s][info][gc,phases   ] GC(385)   Pre Evacuate Collection Set: 0.2ms
[14.997s][info][gc,phases   ] GC(385)   Merge Heap Roots: 0.1ms
[14.998s][info][gc,phases   ] GC(385)   Evacuate Collection Set: 0.8ms
[14.998s][info][gc,phases   ] GC(385)   Post Evacuate Collection Set: 0.6ms
[14.998s][info][gc,phases   ] GC(385)   Other: 0.4ms
[14.998s][info][gc,heap     ] GC(385) Eden regions: 150->0(149)
[14.999s][info][gc,heap     ] GC(385) Survivor regions: 3->4(20)
[14.999s][info][gc,heap     ] GC(385) Old regions: 2->2
[14.999s][info][gc,heap     ] GC(385) Archive regions: 2->2
[14.999s][info][gc,heap     ] GC(385) Humongous regions: 0->0
[14.999s][info][gc,metaspace] GC(385) Metaspace: 615K(832K)->615K(832K) NonClass: 597K(704K)->597K(704K) Class: 17K(128K)->17K(128K)
[15.000s][info][gc          ] GC(385) Pause Young (Normal) (G1 Evacuation Pause) 155M->6M(256M) 5.339ms
[15.000s][info][gc,cpu      ] GC(385) User=0.00s Sys=0.01s Real=0.01s
[15.019s][info][gc,start    ] GC(386) Pause Young (Normal) (G1 Evacuation Pause)
[15.019s][info][gc,task     ] GC(386) Using 6 workers of 8 for evacuation
[15.021s][info][gc,phases   ] GC(386)   Pre Evacuate Collection Set: 0.2ms
[15.021s][info][gc,phases   ] GC(386)   Merge Heap Roots: 0.1ms
[15.021s][info][gc,phases   ] GC(386)   Evacuate Collection Set: 0.6ms
[15.021s][info][gc,phases   ] GC(386)   Post Evacuate Collection Set: 0.6ms
[15.022s][info][gc,phases   ] GC(386)   Other: 0.4ms
[15.022s][info][gc,heap     ] GC(386) Eden regions: 149->0(149)
[15.022s][info][gc,heap     ] GC(386) Survivor regions: 4->4(20)
[15.022s][info][gc,heap     ] GC(386) Old regions: 2->2
[15.023s][info][gc,heap     ] GC(386) Archive regions: 2->2
[15.023s][info][gc,heap     ] GC(386) Humongous regions: 0->0
[15.023s][info][gc,metaspace] GC(386) Metaspace: 615K(832K)->615K(832K) NonClass: 597K(704K)->597K(704K) Class: 17K(128K)->17K(128K)
[15.024s][info][gc          ] GC(386) Pause Young (Normal) (G1 Evacuation Pause) 155M->5M(256M) 5.035ms
[15.024s][info][gc,cpu      ] GC(386) User=0.01s Sys=0.00s Real=0.00s
[15.043s][info][gc,start    ] GC(387) Pause Young (Normal) (G1 Evacuation Pause)
[15.044s][info][gc,task     ] GC(387) Using 6 workers of 8 for evacuation
[15.046s][info][gc,phases   ] GC(387)   Pre Evacuate Collection Set: 0.2ms
[15.047s][info][gc,phases   ] GC(387)   Merge Heap Roots: 0.2ms
[15.047s][info][gc,phases   ] GC(387)   Evacuate Collection Set: 0.8ms
[15.047s][info][gc,phases   ] GC(387)   Post Evacuate Collection Set: 0.8ms
[15.048s][info][gc,phases   ] GC(387)   Other: 0.5ms
[15.048s][info][gc,heap     ] GC(387) Eden regions: 149->0(149)
[15.049s][info][gc,heap     ] GC(387) Survivor regions: 4->4(20)
[15.049s][info][gc,heap     ] GC(387) Old regions: 2->2
[15.049s][info][gc,heap     ] GC(387) Archive regions: 2->2
[15.050s][info][gc,heap     ] GC(387) Humongous regions: 0->0
[15.050s][info][gc,metaspace] GC(387) Metaspace: 615K(832K)->615K(832K) NonClass: 597K(704K)->597K(704K) Class: 17K(128K)->17K(128K)
[15.050s][info][gc          ] GC(387) Pause Young (Normal) (G1 Evacuation Pause) 154M->5M(256M) 6.827ms
[15.051s][info][gc,cpu      ] GC(387) User=0.00s Sys=0.00s Real=0.01s
[15.070s][info][gc,start    ] GC(388) Pause Young (Normal) (G1 Evacuation Pause)
[15.070s][info][gc,task     ] GC(388) Using 6 workers of 8 for evacuation
[15.073s][info][gc,phases   ] GC(388)   Pre Evacuate Collection Set: 0.2ms
[15.073s][info][gc,phases   ] GC(388)   Merge Heap Roots: 0.2ms
[15.074s][info][gc,phases   ] GC(388)   Evacuate Collection Set: 0.8ms
[15.074s][info][gc,phases   ] GC(388)   Post Evacuate Collection Set: 0.9ms
[15.074s][info][gc,phases   ] GC(388)   Other: 0.4ms
[15.075s][info][gc,heap     ] GC(388) Eden regions: 149->0(150)
[15.075s][info][gc,heap     ] GC(388) Survivor regions: 4->3(20)
[15.075s][info][gc,heap     ] GC(388) Old regions: 2->2
[15.076s][info][gc,heap     ] GC(388) Archive regions: 2->2
[15.076s][info][gc,heap     ] GC(388) Humongous regions: 0->0
[15.076s][info][gc,metaspace] GC(388) Metaspace: 615K(832K)->615K(832K) NonClass: 597K(704K)->597K(704K) Class: 17K(128K)->17K(128K)
[15.076s][info][gc          ] GC(388) Pause Young (Normal) (G1 Evacuation Pause) 154M->5M(256M) 6.406ms
[15.077s][info][gc,cpu      ] GC(388) User=0.00s Sys=0.00s Real=0.01s
[15.097s][info][gc,start    ] GC(389) Pause Young (Normal) (G1 Evacuation Pause)
[15.097s][info][gc,task     ] GC(389) Using 6 workers of 8 for evacuation
[15.099s][info][gc,phases   ] GC(389)   Pre Evacuate Collection Set: 0.2ms
[15.100s][info][gc,phases   ] GC(389)   Merge Heap Roots: 0.2ms
[15.100s][info][gc,phases   ] GC(389)   Evacuate Collection Set: 0.8ms
[15.100s][info][gc,phases   ] GC(389)   Post Evacuate Collection Set: 0.6ms
[15.101s][info][gc,phases   ] GC(389)   Other: 0.4ms
[15.101s][info][gc,heap     ] GC(389) Eden regions: 150->0(149)
[15.101s][info][gc,heap     ] GC(389) Survivor regions: 3->4(20)
[15.102s][info][gc,heap     ] GC(389) Old regions: 2->2
[15.102s][info][gc,heap     ] GC(389) Archive regions: 2->2
[15.102s][info][gc,heap     ] GC(389) Humongous regions: 0->0
[15.102s][info][gc,metaspace] GC(389) Metaspace: 615K(832K)->615K(832K) NonClass: 597K(704K)->597K(704K) Class: 17K(128K)->17K(128K)
[15.103s][info][gc          ] GC(389) Pause Young (Normal) (G1 Evacuation Pause) 155M->6M(256M) 5.929ms
[15.103s][info][gc,cpu      ] GC(389) User=0.00s Sys=0.00s Real=0.00s
[15.127s][info][gc,start    ] GC(390) Pause Young (Normal) (G1 Evacuation Pause)
[15.127s][info][gc,task     ] GC(390) Using 6 workers of 8 for evacuation
[15.130s][info][gc,phases   ] GC(390)   Pre Evacuate Collection Set: 0.2ms
[15.130s][info][gc,phases   ] GC(390)   Merge Heap Roots: 0.2ms
[15.131s][info][gc,phases   ] GC(390)   Evacuate Collection Set: 0.9ms
[15.131s][info][gc,phases   ] GC(390)   Post Evacuate Collection Set: 0.7ms
[15.132s][info][gc,phases   ] GC(390)   Other: 0.4ms
[15.132s][info][gc,heap     ] GC(390) Eden regions: 149->0(149)
[15.132s][info][gc,heap     ] GC(390) Survivor regions: 4->4(20)
[15.133s][info][gc,heap     ] GC(390) Old regions: 2->2
[15.133s][info][gc,heap     ] GC(390) Archive regions: 2->2
[15.134s][info][gc,heap     ] GC(390) Humongous regions: 0->0
[15.135s][info][gc,metaspace] GC(390) Metaspace: 615K(832K)->615K(832K) NonClass: 597K(704K)->597K(704K) Class: 17K(128K)->17K(128K)
[15.135s][info][gc          ] GC(390) Pause Young (Normal) (G1 Evacuation Pause) 155M->5M(256M) 8.405ms
[15.136s][info][gc,cpu      ] GC(390) User=0.00s Sys=0.00s Real=0.00s
[15.162s][info][gc,start    ] GC(391) Pause Young (Normal) (G1 Evacuation Pause)
[15.163s][info][gc,task     ] GC(391) Using 6 workers of 8 for evacuation
[15.165s][info][gc,phases   ] GC(391)   Pre Evacuate Collection Set: 0.2ms
[15.166s][info][gc,phases   ] GC(391)   Merge Heap Roots: 0.2ms
[15.166s][info][gc,phases   ] GC(391)   Evacuate Collection Set: 0.8ms
[15.166s][info][gc,phases   ] GC(391)   Post Evacuate Collection Set: 0.7ms
[15.167s][info][gc,phases   ] GC(391)   Other: 0.4ms
[15.167s][info][gc,heap     ] GC(391) Eden regions: 149->0(150)
[15.167s][info][gc,heap     ] GC(391) Survivor regions: 4->3(20)
[15.168s][info][gc,heap     ] GC(391) Old regions: 2->2
[15.168s][info][gc,heap     ] GC(391) Archive regions: 2->2
[15.168s][info][gc,heap     ] GC(391) Humongous regions: 0->0
[15.168s][info][gc,metaspace] GC(391) Metaspace: 615K(832K)->615K(832K) NonClass: 597K(704K)->597K(704K) Class: 17K(128K)->17K(128K)
[15.169s][info][gc          ] GC(391) Pause Young (Normal) (G1 Evacuation Pause) 154M->5M(256M) 6.488ms
[15.169s][info][gc,cpu      ] GC(391) User=0.01s Sys=0.00s Real=0.01s
[15.201s][info][gc,start    ] GC(392) Pause Young (Normal) (G1 Evacuation Pause)
[15.201s][info][gc,task     ] GC(392) Using 6 workers of 8 for evacuation
[15.204s][info][gc,phases   ] GC(392)   Pre Evacuate Collection Set: 0.2ms
[15.204s][info][gc,phases   ] GC(392)   Merge Heap Roots: 0.2ms
[15.204s][info][gc,phases   ] GC(392)   Evacuate Collection Set: 1.0ms
[15.205s][info][gc,phases   ] GC(392)   Post Evacuate Collection Set: 0.7ms
[15.205s][info][gc,phases   ] GC(392)   Other: 0.4ms
[15.205s][info][gc,heap     ] GC(392) Eden regions: 150->0(149)
[15.206s][info][gc,heap     ] GC(392) Survivor regions: 3->4(20)
[15.206s][info][gc,heap     ] GC(392) Old regions: 2->2
[15.207s][info][gc,heap     ] GC(392) Archive regions: 2->2
[15.207s][info][gc,heap     ] GC(392) Humongous regions: 0->0
[15.207s][info][gc,metaspace] GC(392) Metaspace: 615K(832K)->615K(832K) NonClass: 597K(704K)->597K(704K) Class: 17K(128K)->17K(128K)
[15.208s][info][gc          ] GC(392) Pause Young (Normal) (G1 Evacuation Pause) 155M->6M(256M) 7.333ms
[15.208s][info][gc,cpu      ] GC(392) User=0.01s Sys=0.00s Real=0.01s
[15.233s][info][gc,start    ] GC(393) Pause Young (Normal) (G1 Evacuation Pause)
[15.234s][info][gc,task     ] GC(393) Using 6 workers of 8 for evacuation
[15.236s][info][gc,phases   ] GC(393)   Pre Evacuate Collection Set: 0.2ms
[15.236s][info][gc,phases   ] GC(393)   Merge Heap Roots: 0.2ms
[15.236s][info][gc,phases   ] GC(393)   Evacuate Collection Set: 0.9ms
[15.237s][info][gc,phases   ] GC(393)   Post Evacuate Collection Set: 0.7ms
[15.237s][info][gc,phases   ] GC(393)   Other: 0.3ms
[15.237s][info][gc,heap     ] GC(393) Eden regions: 149->0(149)
[15.237s][info][gc,heap     ] GC(393) Survivor regions: 4->4(20)
[15.238s][info][gc,heap     ] GC(393) Old regions: 2->2
[15.238s][info][gc,heap     ] GC(393) Archive regions: 2->2
[15.238s][info][gc,heap     ] GC(393) Humongous regions: 0->0
[15.238s][info][gc,metaspace] GC(393) Metaspace: 615K(832K)->615K(832K) NonClass: 597K(704K)->597K(704K) Class: 17K(128K)->17K(128K)
[15.239s][info][gc          ] GC(393) Pause Young (Normal) (G1 Evacuation Pause) 155M->6M(256M) 5.326ms
[15.239s][info][gc,cpu      ] GC(393) User=0.00s Sys=0.00s Real=0.01s
[15.269s][info][gc,start    ] GC(394) Pause Young (Normal) (G1 Evacuation Pause)
[15.269s][info][gc,task     ] GC(394) Using 6 workers of 8 for evacuation
[15.271s][info][gc,phases   ] GC(394)   Pre Evacuate Collection Set: 0.2ms
[15.271s][info][gc,phases   ] GC(394)   Merge Heap Roots: 0.2ms
[15.272s][info][gc,phases   ] GC(394)   Evacuate Collection Set: 0.6ms
[15.272s][info][gc,phases   ] GC(394)   Post Evacuate Collection Set: 0.7ms
[15.272s][info][gc,phases   ] GC(394)   Other: 0.4ms
[15.272s][info][gc,heap     ] GC(394) Eden regions: 149->0(149)
[15.273s][info][gc,heap     ] GC(394) Survivor regions: 4->4(20)
[15.273s][info][gc,heap     ] GC(394) Old regions: 2->2
[15.273s][info][gc,heap     ] GC(394) Archive regions: 2->2
[15.274s][info][gc,heap     ] GC(394) Humongous regions: 0->0
[15.274s][info][gc,metaspace] GC(394) Metaspace: 615K(832K)->615K(832K) NonClass: 597K(704K)->597K(704K) Class: 17K(128K)->17K(128K)
[15.274s][info][gc          ] GC(394) Pause Young (Normal) (G1 Evacuation Pause) 155M->5M(256M) 5.466ms
[15.274s][info][gc,cpu      ] GC(394) User=0.01s Sys=0.00s Real=0.00s
[15.298s][info][gc,start    ] GC(395) Pause Young (Normal) (G1 Evacuation Pause)
[15.299s][info][gc,task     ] GC(395) Using 6 workers of 8 for evacuation
[15.301s][info][gc,phases   ] GC(395)   Pre Evacuate Collection Set: 0.2ms
[15.301s][info][gc,phases   ] GC(395)   Merge Heap Roots: 0.2ms
[15.302s][info][gc,phases   ] GC(395)   Evacuate Collection Set: 0.9ms
[15.302s][info][gc,phases   ] GC(395)   Post Evacuate Collection Set: 0.7ms
[15.302s][info][gc,phases   ] GC(395)   Other: 0.4ms
[15.303s][info][gc,heap     ] GC(395) Eden regions: 149->0(150)
[15.303s][info][gc,heap     ] GC(395) Survivor regions: 4->3(20)
[15.303s][info][gc,heap     ] GC(395) Old regions: 2->2
[15.303s][info][gc,heap     ] GC(395) Archive regions: 2->2
[15.303s][info][gc,heap     ] GC(395) Humongous regions: 0->0
[15.304s][info][gc,metaspace] GC(395) Metaspace: 615K(832K)->615K(832K) NonClass: 597K(704K)->597K(704K) Class: 17K(128K)->17K(128K)
[15.304s][info][gc          ] GC(395) Pause Young (Normal) (G1 Evacuation Pause) 154M->5M(256M) 5.589ms
[15.304s][info][gc,cpu      ] GC(395) User=0.01s Sys=0.00s Real=0.00s
[15.328s][info][gc,start    ] GC(396) Pause Young (Normal) (G1 Evacuation Pause)
[15.328s][info][gc,task     ] GC(396) Using 6 workers of 8 for evacuation
[15.331s][info][gc,phases   ] GC(396)   Pre Evacuate Collection Set: 0.3ms
[15.331s][info][gc,phases   ] GC(396)   Merge Heap Roots: 0.2ms
[15.331s][info][gc,phases   ] GC(396)   Evacuate Collection Set: 0.7ms
[15.331s][info][gc,phases   ] GC(396)   Post Evacuate Collection Set: 0.7ms
[15.332s][info][gc,phases   ] GC(396)   Other: 0.4ms
[15.332s][info][gc,heap     ] GC(396) Eden regions: 150->0(149)
[15.332s][info][gc,heap     ] GC(396) Survivor regions: 3->4(20)
[15.332s][info][gc,heap     ] GC(396) Old regions: 2->2
[15.333s][info][gc,heap     ] GC(396) Archive regions: 2->2
[15.333s][info][gc,heap     ] GC(396) Humongous regions: 0->0
[15.333s][info][gc,metaspace] GC(396) Metaspace: 615K(832K)->615K(832K) NonClass: 597K(704K)->597K(704K) Class: 17K(128K)->17K(128K)
[15.334s][info][gc          ] GC(396) Pause Young (Normal) (G1 Evacuation Pause) 155M->6M(256M) 5.786ms
[15.334s][info][gc,cpu      ] GC(396) User=0.01s Sys=0.00s Real=0.00s
[15.361s][info][gc,start    ] GC(397) Pause Young (Normal) (G1 Evacuation Pause)
[15.361s][info][gc,task     ] GC(397) Using 6 workers of 8 for evacuation
[15.363s][info][gc,phases   ] GC(397)   Pre Evacuate Collection Set: 0.3ms
[15.363s][info][gc,phases   ] GC(397)   Merge Heap Roots: 0.2ms
[15.364s][info][gc,phases   ] GC(397)   Evacuate Collection Set: 0.6ms
[15.364s][info][gc,phases   ] GC(397)   Post Evacuate Collection Set: 0.6ms
[15.364s][info][gc,phases   ] GC(397)   Other: 0.3ms
[15.364s][info][gc,heap     ] GC(397) Eden regions: 149->0(149)
[15.365s][info][gc,heap     ] GC(397) Survivor regions: 4->4(20)
[15.365s][info][gc,heap     ] GC(397) Old regions: 2->2
[15.365s][info][gc,heap     ] GC(397) Archive regions: 2->2
[15.365s][info][gc,heap     ] GC(397) Humongous regions: 0->0
[15.366s][info][gc,metaspace] GC(397) Metaspace: 615K(832K)->615K(832K) NonClass: 597K(704K)->597K(704K) Class: 17K(128K)->17K(128K)
[15.366s][info][gc          ] GC(397) Pause Young (Normal) (G1 Evacuation Pause) 155M->5M(256M) 4.998ms
[15.366s][info][gc,cpu      ] GC(397) User=0.01s Sys=0.01s Real=0.00s
[15.388s][info][gc,start    ] GC(398) Pause Young (Normal) (G1 Evacuation Pause)
[15.388s][info][gc,task     ] GC(398) Using 6 workers of 8 for evacuation
[15.391s][info][gc,phases   ] GC(398)   Pre Evacuate Collection Set: 0.2ms
[15.391s][info][gc,phases   ] GC(398)   Merge Heap Roots: 0.3ms
[15.392s][info][gc,phases   ] GC(398)   Evacuate Collection Set: 0.8ms
[15.392s][info][gc,phases   ] GC(398)   Post Evacuate Collection Set: 0.8ms
[15.392s][info][gc,phases   ] GC(398)   Other: 0.4ms
[15.392s][info][gc,heap     ] GC(398) Eden regions: 149->0(149)
[15.393s][info][gc,heap     ] GC(398) Survivor regions: 4->4(20)
[15.393s][info][gc,heap     ] GC(398) Old regions: 2->2
[15.393s][info][gc,heap     ] GC(398) Archive regions: 2->2
[15.393s][info][gc,heap     ] GC(398) Humongous regions: 0->0
[15.394s][info][gc,metaspace] GC(398) Metaspace: 615K(832K)->615K(832K) NonClass: 597K(704K)->597K(704K) Class: 17K(128K)->17K(128K)
[15.394s][info][gc          ] GC(398) Pause Young (Normal) (G1 Evacuation Pause) 154M->5M(256M) 5.822ms
[15.394s][info][gc,cpu      ] GC(398) User=0.00s Sys=0.00s Real=0.00s
[15.415s][info][gc,start    ] GC(399) Pause Young (Normal) (G1 Evacuation Pause)
[15.415s][info][gc,task     ] GC(399) Using 6 workers of 8 for evacuation
[15.417s][info][gc,phases   ] GC(399)   Pre Evacuate Collection Set: 0.2ms
[15.418s][info][gc,phases   ] GC(399)   Merge Heap Roots: 0.2ms
[15.418s][info][gc,phases   ] GC(399)   Evacuate Collection Set: 0.8ms
[15.418s][info][gc,phases   ] GC(399)   Post Evacuate Collection Set: 0.7ms
[15.418s][info][gc,phases   ] GC(399)   Other: 0.3ms
[15.419s][info][gc,heap     ] GC(399) Eden regions: 149->0(150)
[15.419s][info][gc,heap     ] GC(399) Survivor regions: 4->3(20)
[15.419s][info][gc,heap     ] GC(399) Old regions: 2->2
[15.419s][info][gc,heap     ] GC(399) Archive regions: 2->2
[15.420s][info][gc,heap     ] GC(399) Humongous regions: 0->0
[15.420s][info][gc,metaspace] GC(399) Metaspace: 615K(832K)->615K(832K) NonClass: 597K(704K)->597K(704K) Class: 17K(128K)->17K(128K)
[15.420s][info][gc          ] GC(399) Pause Young (Normal) (G1 Evacuation Pause) 154M->5M(256M) 5.144ms
[15.420s][info][gc,cpu      ] GC(399) User=0.00s Sys=0.00s Real=0.01s
[15.443s][info][gc,start    ] GC(400) Pause Young (Normal) (G1 Evacuation Pause)
[15.443s][info][gc,task     ] GC(400) Using 6 workers of 8 for evacuation
[15.446s][info][gc,phases   ] GC(400)   Pre Evacuate Collection Set: 0.2ms
[15.446s][info][gc,phases   ] GC(400)   Merge Heap Roots: 0.2ms
[15.446s][info][gc,phases   ] GC(400)   Evacuate Collection Set: 0.9ms
[15.446s][info][gc,phases   ] GC(400)   Post Evacuate Collection Set: 0.6ms
[15.447s][info][gc,phases   ] GC(400)   Other: 0.3ms
[15.447s][info][gc,heap     ] GC(400) Eden regions: 150->0(149)
[15.447s][info][gc,heap     ] GC(400) Survivor regions: 3->4(20)
[15.447s][info][gc,heap     ] GC(400) Old regions: 2->2
[15.448s][info][gc,heap     ] GC(400) Archive regions: 2->2
[15.448s][info][gc,heap     ] GC(400) Humongous regions: 0->0
[15.448s][info][gc,metaspace] GC(400) Metaspace: 615K(832K)->615K(832K) NonClass: 597K(704K)->597K(704K) Class: 17K(128K)->17K(128K)
[15.448s][info][gc          ] GC(400) Pause Young (Normal) (G1 Evacuation Pause) 155M->5M(256M) 5.290ms
[15.449s][info][gc,cpu      ] GC(400) User=0.01s Sys=0.00s Real=0.01s
[15.469s][info][gc,start    ] GC(401) Pause Young (Normal) (G1 Evacuation Pause)
[15.470s][info][gc,task     ] GC(401) Using 6 workers of 8 for evacuation
[15.472s][info][gc,phases   ] GC(401)   Pre Evacuate Collection Set: 0.2ms
[15.473s][info][gc,phases   ] GC(401)   Merge Heap Roots: 0.3ms
[15.473s][info][gc,phases   ] GC(401)   Evacuate Collection Set: 0.8ms
[15.473s][info][gc,phases   ] GC(401)   Post Evacuate Collection Set: 0.8ms
[15.474s][info][gc,phases   ] GC(401)   Other: 0.4ms
[15.474s][info][gc,heap     ] GC(401) Eden regions: 149->0(149)
[15.474s][info][gc,heap     ] GC(401) Survivor regions: 4->4(20)
[15.475s][info][gc,heap     ] GC(401) Old regions: 2->2
[15.475s][info][gc,heap     ] GC(401) Archive regions: 2->2
[15.475s][info][gc,heap     ] GC(401) Humongous regions: 0->0
[15.476s][info][gc,metaspace] GC(401) Metaspace: 615K(832K)->615K(832K) NonClass: 597K(704K)->597K(704K) Class: 17K(128K)->17K(128K)
[15.476s][info][gc          ] GC(401) Pause Young (Normal) (G1 Evacuation Pause) 154M->5M(256M) 6.674ms
[15.476s][info][gc,cpu      ] GC(401) User=0.00s Sys=0.00s Real=0.00s
[15.497s][info][gc,start    ] GC(402) Pause Young (Normal) (G1 Evacuation Pause)
[15.498s][info][gc,task     ] GC(402) Using 6 workers of 8 for evacuation
[15.500s][info][gc,phases   ] GC(402)   Pre Evacuate Collection Set: 0.2ms
[15.500s][info][gc,phases   ] GC(402)   Merge Heap Roots: 0.2ms
[15.500s][info][gc,phases   ] GC(402)   Evacuate Collection Set: 0.5ms
[15.500s][info][gc,phases   ] GC(402)   Post Evacuate Collection Set: 0.6ms
[15.501s][info][gc,phases   ] GC(402)   Other: 0.4ms
[15.501s][info][gc,heap     ] GC(402) Eden regions: 149->0(150)
[15.501s][info][gc,heap     ] GC(402) Survivor regions: 4->3(20)
[15.501s][info][gc,heap     ] GC(402) Old regions: 2->2
[15.502s][info][gc,heap     ] GC(402) Archive regions: 2->2
[15.502s][info][gc,heap     ] GC(402) Humongous regions: 0->0
[15.502s][info][gc,metaspace] GC(402) Metaspace: 615K(832K)->615K(832K) NonClass: 597K(704K)->597K(704K) Class: 17K(128K)->17K(128K)
[15.502s][info][gc          ] GC(402) Pause Young (Normal) (G1 Evacuation Pause) 154M->5M(256M) 5.051ms
[15.503s][info][gc,cpu      ] GC(402) User=0.00s Sys=0.01s Real=0.00s
[15.525s][info][gc,start    ] GC(403) Pause Young (Normal) (G1 Evacuation Pause)
[15.525s][info][gc,task     ] GC(403) Using 6 workers of 8 for evacuation
[15.528s][info][gc,phases   ] GC(403)   Pre Evacuate Collection Set: 0.2ms
[15.528s][info][gc,phases   ] GC(403)   Merge Heap Roots: 0.2ms
[15.528s][info][gc,phases   ] GC(403)   Evacuate Collection Set: 0.6ms
[15.528s][info][gc,phases   ] GC(403)   Post Evacuate Collection Set: 0.7ms
[15.529s][info][gc,phases   ] GC(403)   Other: 0.3ms
[15.529s][info][gc,heap     ] GC(403) Eden regions: 150->0(149)
[15.529s][info][gc,heap     ] GC(403) Survivor regions: 3->4(20)
[15.529s][info][gc,heap     ] GC(403) Old regions: 2->2
[15.529s][info][gc,heap     ] GC(403) Archive regions: 2->2
[15.530s][info][gc,heap     ] GC(403) Humongous regions: 0->0
[15.530s][info][gc,metaspace] GC(403) Metaspace: 615K(832K)->615K(832K) NonClass: 597K(704K)->597K(704K) Class: 17K(128K)->17K(128K)
[15.530s][info][gc          ] GC(403) Pause Young (Normal) (G1 Evacuation Pause) 155M->6M(256M) 5.095ms
[15.530s][info][gc,cpu      ] GC(403) User=0.00s Sys=0.00s Real=0.01s
[15.550s][info][gc,start    ] GC(404) Pause Young (Normal) (G1 Evacuation Pause)
[15.551s][info][gc,task     ] GC(404) Using 6 workers of 8 for evacuation
[15.553s][info][gc,phases   ] GC(404)   Pre Evacuate Collection Set: 0.2ms
[15.554s][info][gc,phases   ] GC(404)   Merge Heap Roots: 0.2ms
[15.554s][info][gc,phases   ] GC(404)   Evacuate Collection Set: 0.9ms
[15.554s][info][gc,phases   ] GC(404)   Post Evacuate Collection Set: 0.6ms
[15.554s][info][gc,phases   ] GC(404)   Other: 0.3ms
[15.555s][info][gc,heap     ] GC(404) Eden regions: 149->0(149)
[15.555s][info][gc,heap     ] GC(404) Survivor regions: 4->4(20)
[15.555s][info][gc,heap     ] GC(404) Old regions: 2->2
[15.556s][info][gc,heap     ] GC(404) Archive regions: 2->2
[15.556s][info][gc,heap     ] GC(404) Humongous regions: 0->0
[15.556s][info][gc,metaspace] GC(404) Metaspace: 615K(832K)->615K(832K) NonClass: 597K(704K)->597K(704K) Class: 17K(128K)->17K(128K)
[15.557s][info][gc          ] GC(404) Pause Young (Normal) (G1 Evacuation Pause) 155M->5M(256M) 6.126ms
[15.557s][info][gc,cpu      ] GC(404) User=0.01s Sys=0.00s Real=0.01s
[15.576s][info][gc,start    ] GC(405) Pause Young (Normal) (G1 Evacuation Pause)
[15.577s][info][gc,task     ] GC(405) Using 6 workers of 8 for evacuation
[15.579s][info][gc,phases   ] GC(405)   Pre Evacuate Collection Set: 0.2ms
[15.579s][info][gc,phases   ] GC(405)   Merge Heap Roots: 0.2ms
[15.579s][info][gc,phases   ] GC(405)   Evacuate Collection Set: 0.7ms
[15.579s][info][gc,phases   ] GC(405)   Post Evacuate Collection Set: 0.6ms
[15.580s][info][gc,phases   ] GC(405)   Other: 0.3ms
[15.580s][info][gc,heap     ] GC(405) Eden regions: 149->0(150)
[15.580s][info][gc,heap     ] GC(405) Survivor regions: 4->3(20)
[15.581s][info][gc,heap     ] GC(405) Old regions: 2->2
[15.581s][info][gc,heap     ] GC(405) Archive regions: 2->2
[15.581s][info][gc,heap     ] GC(405) Humongous regions: 0->0
[15.581s][info][gc,metaspace] GC(405) Metaspace: 615K(832K)->615K(832K) NonClass: 597K(704K)->597K(704K) Class: 17K(128K)->17K(128K)
[15.582s][info][gc          ] GC(405) Pause Young (Normal) (G1 Evacuation Pause) 154M->5M(256M) 5.256ms
[15.582s][info][gc,cpu      ] GC(405) User=0.00s Sys=0.00s Real=0.01s
[15.601s][info][gc,start    ] GC(406) Pause Young (Normal) (G1 Evacuation Pause)
[15.601s][info][gc,task     ] GC(406) Using 6 workers of 8 for evacuation
[15.604s][info][gc,phases   ] GC(406)   Pre Evacuate Collection Set: 0.2ms
[15.604s][info][gc,phases   ] GC(406)   Merge Heap Roots: 0.2ms
[15.604s][info][gc,phases   ] GC(406)   Evacuate Collection Set: 0.9ms
[15.605s][info][gc,phases   ] GC(406)   Post Evacuate Collection Set: 0.7ms
[15.605s][info][gc,phases   ] GC(406)   Other: 0.4ms
[15.605s][info][gc,heap     ] GC(406) Eden regions: 150->0(149)
[15.606s][info][gc,heap     ] GC(406) Survivor regions: 3->4(20)
[15.606s][info][gc,heap     ] GC(406) Old regions: 2->2
[15.606s][info][gc,heap     ] GC(406) Archive regions: 2->2
[15.607s][info][gc,heap     ] GC(406) Humongous regions: 0->0
[15.607s][info][gc,metaspace] GC(406) Metaspace: 615K(832K)->615K(832K) NonClass: 597K(704K)->597K(704K) Class: 17K(128K)->17K(128K)
[15.607s][info][gc          ] GC(406) Pause Young (Normal) (G1 Evacuation Pause) 155M->6M(256M) 6.222ms
[15.607s][info][gc,cpu      ] GC(406) User=0.01s Sys=0.00s Real=0.01s
[15.629s][info][gc,start    ] GC(407) Pause Young (Normal) (G1 Evacuation Pause)
[15.629s][info][gc,task     ] GC(407) Using 6 workers of 8 for evacuation
[15.632s][info][gc,phases   ] GC(407)   Pre Evacuate Collection Set: 0.2ms
[15.632s][info][gc,phases   ] GC(407)   Merge Heap Roots: 0.2ms
[15.633s][info][gc,phases   ] GC(407)   Evacuate Collection Set: 0.9ms
[15.633s][info][gc,phases   ] GC(407)   Post Evacuate Collection Set: 0.8ms
[15.634s][info][gc,phases   ] GC(407)   Other: 0.6ms
[15.634s][info][gc,heap     ] GC(407) Eden regions: 149->0(149)
[15.635s][info][gc,heap     ] GC(407) Survivor regions: 4->4(20)
[15.635s][info][gc,heap     ] GC(407) Old regions: 2->2
[15.635s][info][gc,heap     ] GC(407) Archive regions: 2->2
[15.635s][info][gc,heap     ] GC(407) Humongous regions: 0->0
[15.636s][info][gc,metaspace] GC(407) Metaspace: 615K(832K)->615K(832K) NonClass: 597K(704K)->597K(704K) Class: 17K(128K)->17K(128K)
[15.636s][info][gc          ] GC(407) Pause Young (Normal) (G1 Evacuation Pause) 155M->6M(256M) 7.262ms
[15.636s][info][gc,cpu      ] GC(407) User=0.01s Sys=0.00s Real=0.00s
[15.656s][info][gc,start    ] GC(408) Pause Young (Normal) (G1 Evacuation Pause)
[15.657s][info][gc,task     ] GC(408) Using 6 workers of 8 for evacuation
[15.659s][info][gc,phases   ] GC(408)   Pre Evacuate Collection Set: 0.2ms
[15.659s][info][gc,phases   ] GC(408)   Merge Heap Roots: 0.2ms
[15.660s][info][gc,phases   ] GC(408)   Evacuate Collection Set: 0.8ms
[15.660s][info][gc,phases   ] GC(408)   Post Evacuate Collection Set: 0.6ms
[15.661s][info][gc,phases   ] GC(408)   Other: 0.4ms
[15.661s][info][gc,heap     ] GC(408) Eden regions: 149->0(149)
[15.661s][info][gc,heap     ] GC(408) Survivor regions: 4->4(20)
[15.661s][info][gc,heap     ] GC(408) Old regions: 2->2
[15.662s][info][gc,heap     ] GC(408) Archive regions: 2->2
[15.662s][info][gc,heap     ] GC(408) Humongous regions: 0->0
[15.662s][info][gc,metaspace] GC(408) Metaspace: 615K(832K)->615K(832K) NonClass: 597K(704K)->597K(704K) Class: 17K(128K)->17K(128K)
[15.663s][info][gc          ] GC(408) Pause Young (Normal) (G1 Evacuation Pause) 155M->5M(256M) 6.170ms
[15.663s][info][gc,cpu      ] GC(408) User=0.01s Sys=0.00s Real=0.01s
[15.683s][info][gc,start    ] GC(409) Pause Young (Normal) (G1 Evacuation Pause)
[15.683s][info][gc,task     ] GC(409) Using 6 workers of 8 for evacuation
[15.686s][info][gc,phases   ] GC(409)   Pre Evacuate Collection Set: 0.2ms
[15.686s][info][gc,phases   ] GC(409)   Merge Heap Roots: 0.2ms
[15.686s][info][gc,phases   ] GC(409)   Evacuate Collection Set: 0.8ms
[15.687s][info][gc,phases   ] GC(409)   Post Evacuate Collection Set: 0.7ms
[15.687s][info][gc,phases   ] GC(409)   Other: 0.5ms
[15.688s][info][gc,heap     ] GC(409) Eden regions: 149->0(150)
[15.688s][info][gc,heap     ] GC(409) Survivor regions: 4->3(20)
[15.688s][info][gc,heap     ] GC(409) Old regions: 2->2
[15.689s][info][gc,heap     ] GC(409) Archive regions: 2->2
[15.689s][info][gc,heap     ] GC(409) Humongous regions: 0->0
[15.689s][info][gc,metaspace] GC(409) Metaspace: 615K(832K)->615K(832K) NonClass: 597K(704K)->597K(704K) Class: 17K(128K)->17K(128K)
[15.690s][info][gc          ] GC(409) Pause Young (Normal) (G1 Evacuation Pause) 154M->5M(256M) 6.806ms
[15.690s][info][gc,cpu      ] GC(409) User=0.00s Sys=0.01s Real=0.01s
[15.710s][info][gc,start    ] GC(410) Pause Young (Normal) (G1 Evacuation Pause)
[15.710s][info][gc,task     ] GC(410) Using 6 workers of 8 for evacuation
[15.713s][info][gc,phases   ] GC(410)   Pre Evacuate Collection Set: 0.2ms
[15.713s][info][gc,phases   ] GC(410)   Merge Heap Roots: 0.2ms
[15.713s][info][gc,phases   ] GC(410)   Evacuate Collection Set: 0.9ms
[15.713s][info][gc,phases   ] GC(410)   Post Evacuate Collection Set: 0.7ms
[15.714s][info][gc,phases   ] GC(410)   Other: 0.3ms
[15.714s][info][gc,heap     ] GC(410) Eden regions: 150->0(149)
[15.714s][info][gc,heap     ] GC(410) Survivor regions: 3->4(20)
[15.714s][info][gc,heap     ] GC(410) Old regions: 2->2
[15.715s][info][gc,heap     ] GC(410) Archive regions: 2->2
[15.715s][info][gc,heap     ] GC(410) Humongous regions: 0->0
[15.715s][info][gc,metaspace] GC(410) Metaspace: 615K(832K)->615K(832K) NonClass: 597K(704K)->597K(704K) Class: 17K(128K)->17K(128K)
[15.715s][info][gc          ] GC(410) Pause Young (Normal) (G1 Evacuation Pause) 155M->6M(256M) 5.574ms
[15.716s][info][gc,cpu      ] GC(410) User=0.01s Sys=0.00s Real=0.00s
[15.736s][info][gc,start    ] GC(411) Pause Young (Normal) (G1 Evacuation Pause)
[15.736s][info][gc,task     ] GC(411) Using 6 workers of 8 for evacuation
[15.739s][info][gc,phases   ] GC(411)   Pre Evacuate Collection Set: 0.2ms
[15.739s][info][gc,phases   ] GC(411)   Merge Heap Roots: 0.2ms
[15.739s][info][gc,phases   ] GC(411)   Evacuate Collection Set: 0.8ms
[15.740s][info][gc,phases   ] GC(411)   Post Evacuate Collection Set: 0.7ms
[15.740s][info][gc,phases   ] GC(411)   Other: 0.4ms
[15.740s][info][gc,heap     ] GC(411) Eden regions: 149->0(149)
[15.741s][info][gc,heap     ] GC(411) Survivor regions: 4->4(20)
[15.741s][info][gc,heap     ] GC(411) Old regions: 2->2
[15.741s][info][gc,heap     ] GC(411) Archive regions: 2->2
[15.742s][info][gc,heap     ] GC(411) Humongous regions: 0->0
[15.742s][info][gc,metaspace] GC(411) Metaspace: 615K(832K)->615K(832K) NonClass: 597K(704K)->597K(704K) Class: 17K(128K)->17K(128K)
[15.742s][info][gc          ] GC(411) Pause Young (Normal) (G1 Evacuation Pause) 155M->5M(256M) 6.229ms
[15.742s][info][gc,cpu      ] GC(411) User=0.00s Sys=0.01s Real=0.01s
[15.762s][info][gc,start    ] GC(412) Pause Young (Normal) (G1 Evacuation Pause)
[15.762s][info][gc,task     ] GC(412) Using 6 workers of 8 for evacuation
[15.765s][info][gc,phases   ] GC(412)   Pre Evacuate Collection Set: 0.2ms
[15.765s][info][gc,phases   ] GC(412)   Merge Heap Roots: 0.3ms
[15.766s][info][gc,phases   ] GC(412)   Evacuate Collection Set: 0.8ms
[15.766s][info][gc,phases   ] GC(412)   Post Evacuate Collection Set: 0.7ms
[15.766s][info][gc,phases   ] GC(412)   Other: 0.4ms
[15.767s][info][gc,heap     ] GC(412) Eden regions: 149->0(150)
[15.767s][info][gc,heap     ] GC(412) Survivor regions: 4->3(20)
[15.767s][info][gc,heap     ] GC(412) Old regions: 2->2
[15.768s][info][gc,heap     ] GC(412) Archive regions: 2->2
[15.768s][info][gc,heap     ] GC(412) Humongous regions: 0->0
[15.768s][info][gc,metaspace] GC(412) Metaspace: 615K(832K)->615K(832K) NonClass: 597K(704K)->597K(704K) Class: 17K(128K)->17K(128K)
[15.769s][info][gc          ] GC(412) Pause Young (Normal) (G1 Evacuation Pause) 154M->5M(256M) 6.843ms
[15.769s][info][gc,cpu      ] GC(412) User=0.01s Sys=0.00s Real=0.01s
[15.788s][info][gc,start    ] GC(413) Pause Young (Normal) (G1 Evacuation Pause)
[15.788s][info][gc,task     ] GC(413) Using 6 workers of 8 for evacuation
[15.791s][info][gc,phases   ] GC(413)   Pre Evacuate Collection Set: 0.3ms
[15.791s][info][gc,phases   ] GC(413)   Merge Heap Roots: 0.2ms
[15.791s][info][gc,phases   ] GC(413)   Evacuate Collection Set: 0.9ms
[15.792s][info][gc,phases   ] GC(413)   Post Evacuate Collection Set: 0.7ms
[15.792s][info][gc,phases   ] GC(413)   Other: 0.4ms
[15.792s][info][gc,heap     ] GC(413) Eden regions: 150->0(149)
[15.793s][info][gc,heap     ] GC(413) Survivor regions: 3->4(20)
[15.793s][info][gc,heap     ] GC(413) Old regions: 2->2
[15.793s][info][gc,heap     ] GC(413) Archive regions: 2->2
[15.794s][info][gc,heap     ] GC(413) Humongous regions: 0->0
[15.794s][info][gc,metaspace] GC(413) Metaspace: 615K(832K)->615K(832K) NonClass: 597K(704K)->597K(704K) Class: 17K(128K)->17K(128K)
[15.794s][info][gc          ] GC(413) Pause Young (Normal) (G1 Evacuation Pause) 155M->6M(256M) 6.770ms
[15.795s][info][gc,cpu      ] GC(413) User=0.01s Sys=0.00s Real=0.00s
[15.813s][info][gc,start    ] GC(414) Pause Young (Normal) (G1 Evacuation Pause)
[15.813s][info][gc,task     ] GC(414) Using 6 workers of 8 for evacuation
[15.816s][info][gc,phases   ] GC(414)   Pre Evacuate Collection Set: 0.2ms
[15.816s][info][gc,phases   ] GC(414)   Merge Heap Roots: 0.2ms
[15.816s][info][gc,phases   ] GC(414)   Evacuate Collection Set: 0.8ms
[15.817s][info][gc,phases   ] GC(414)   Post Evacuate Collection Set: 0.7ms
[15.817s][info][gc,phases   ] GC(414)   Other: 0.5ms
[15.818s][info][gc,heap     ] GC(414) Eden regions: 149->0(149)
[15.818s][info][gc,heap     ] GC(414) Survivor regions: 4->4(20)
[15.818s][info][gc,heap     ] GC(414) Old regions: 2->2
[15.819s][info][gc,heap     ] GC(414) Archive regions: 2->2
[15.819s][info][gc,heap     ] GC(414) Humongous regions: 0->0
[15.819s][info][gc,metaspace] GC(414) Metaspace: 615K(832K)->615K(832K) NonClass: 597K(704K)->597K(704K) Class: 17K(128K)->17K(128K)
[15.820s][info][gc          ] GC(414) Pause Young (Normal) (G1 Evacuation Pause) 155M->6M(256M) 6.657ms
[15.820s][info][gc,cpu      ] GC(414) User=0.00s Sys=0.00s Real=0.01s
[15.838s][info][gc,start    ] GC(415) Pause Young (Normal) (G1 Evacuation Pause)
[15.839s][info][gc,task     ] GC(415) Using 6 workers of 8 for evacuation
[15.841s][info][gc,phases   ] GC(415)   Pre Evacuate Collection Set: 0.2ms
[15.841s][info][gc,phases   ] GC(415)   Merge Heap Roots: 0.1ms
[15.841s][info][gc,phases   ] GC(415)   Evacuate Collection Set: 0.6ms
[15.842s][info][gc,phases   ] GC(415)   Post Evacuate Collection Set: 0.7ms
[15.842s][info][gc,phases   ] GC(415)   Other: 0.4ms
[15.842s][info][gc,heap     ] GC(415) Eden regions: 149->0(149)
[15.843s][info][gc,heap     ] GC(415) Survivor regions: 4->4(20)
[15.843s][info][gc,heap     ] GC(415) Old regions: 2->2
[15.843s][info][gc,heap     ] GC(415) Archive regions: 2->2
[15.843s][info][gc,heap     ] GC(415) Humongous regions: 0->0
[15.844s][info][gc,metaspace] GC(415) Metaspace: 615K(832K)->615K(832K) NonClass: 597K(704K)->597K(704K) Class: 17K(128K)->17K(128K)
[15.844s][info][gc          ] GC(415) Pause Young (Normal) (G1 Evacuation Pause) 155M->5M(256M) 5.930ms
[15.844s][info][gc,cpu      ] GC(415) User=0.00s Sys=0.00s Real=0.00s
[15.863s][info][gc,start    ] GC(416) Pause Young (Normal) (G1 Evacuation Pause)
[15.864s][info][gc,task     ] GC(416) Using 6 workers of 8 for evacuation
[15.866s][info][gc,phases   ] GC(416)   Pre Evacuate Collection Set: 0.2ms
[15.867s][info][gc,phases   ] GC(416)   Merge Heap Roots: 0.2ms
[15.867s][info][gc,phases   ] GC(416)   Evacuate Collection Set: 0.7ms
[15.867s][info][gc,phases   ] GC(416)   Post Evacuate Collection Set: 0.7ms
[15.868s][info][gc,phases   ] GC(416)   Other: 0.4ms
[15.868s][info][gc,heap     ] GC(416) Eden regions: 149->0(150)
[15.868s][info][gc,heap     ] GC(416) Survivor regions: 4->3(20)
[15.869s][info][gc,heap     ] GC(416) Old regions: 2->2
[15.869s][info][gc,heap     ] GC(416) Archive regions: 2->2
[15.869s][info][gc,heap     ] GC(416) Humongous regions: 0->0
[15.870s][info][gc,metaspace] GC(416) Metaspace: 615K(832K)->615K(832K) NonClass: 597K(704K)->597K(704K) Class: 17K(128K)->17K(128K)
[15.870s][info][gc          ] GC(416) Pause Young (Normal) (G1 Evacuation Pause) 154M->5M(256M) 6.387ms
[15.870s][info][gc,cpu      ] GC(416) User=0.01s Sys=0.00s Real=0.01s
[15.888s][info][gc,start    ] GC(417) Pause Young (Normal) (G1 Evacuation Pause)
[15.889s][info][gc,task     ] GC(417) Using 6 workers of 8 for evacuation
[15.891s][info][gc,phases   ] GC(417)   Pre Evacuate Collection Set: 0.2ms
[15.892s][info][gc,phases   ] GC(417)   Merge Heap Roots: 0.2ms
[15.892s][info][gc,phases   ] GC(417)   Evacuate Collection Set: 0.9ms
[15.892s][info][gc,phases   ] GC(417)   Post Evacuate Collection Set: 0.7ms
[15.893s][info][gc,phases   ] GC(417)   Other: 0.4ms
[15.893s][info][gc,heap     ] GC(417) Eden regions: 150->0(149)
[15.894s][info][gc,heap     ] GC(417) Survivor regions: 3->4(20)
[15.894s][info][gc,heap     ] GC(417) Old regions: 2->2
[15.894s][info][gc,heap     ] GC(417) Archive regions: 2->2
[15.895s][info][gc,heap     ] GC(417) Humongous regions: 0->0
[15.895s][info][gc,metaspace] GC(417) Metaspace: 615K(832K)->615K(832K) NonClass: 597K(704K)->597K(704K) Class: 17K(128K)->17K(128K)
[15.895s][info][gc          ] GC(417) Pause Young (Normal) (G1 Evacuation Pause) 155M->5M(256M) 7.077ms
[15.896s][info][gc,cpu      ] GC(417) User=0.00s Sys=0.00s Real=0.00s
[15.914s][info][gc,start    ] GC(418) Pause Young (Normal) (G1 Evacuation Pause)
[15.915s][info][gc,task     ] GC(418) Using 6 workers of 8 for evacuation
[15.916s][info][gc,phases   ] GC(418)   Pre Evacuate Collection Set: 0.2ms
[15.917s][info][gc,phases   ] GC(418)   Merge Heap Roots: 0.2ms
[15.917s][info][gc,phases   ] GC(418)   Evacuate Collection Set: 0.5ms
[15.918s][info][gc,phases   ] GC(418)   Post Evacuate Collection Set: 0.7ms
[15.918s][info][gc,phases   ] GC(418)   Other: 0.4ms
[15.918s][info][gc,heap     ] GC(418) Eden regions: 149->0(149)
[15.919s][info][gc,heap     ] GC(418) Survivor regions: 4->4(20)
[15.919s][info][gc,heap     ] GC(418) Old regions: 2->2
[15.920s][info][gc,heap     ] GC(418) Archive regions: 2->2
[15.920s][info][gc,heap     ] GC(418) Humongous regions: 0->0
[15.920s][info][gc,metaspace] GC(418) Metaspace: 615K(832K)->615K(832K) NonClass: 597K(704K)->597K(704K) Class: 17K(128K)->17K(128K)
[15.920s][info][gc          ] GC(418) Pause Young (Normal) (G1 Evacuation Pause) 154M->5M(256M) 6.292ms
[15.921s][info][gc,cpu      ] GC(418) User=0.00s Sys=0.00s Real=0.01s
[15.938s][info][gc,start    ] GC(419) Pause Young (Normal) (G1 Evacuation Pause)
[15.938s][info][gc,task     ] GC(419) Using 6 workers of 8 for evacuation
[15.940s][info][gc,phases   ] GC(419)   Pre Evacuate Collection Set: 0.2ms
[15.941s][info][gc,phases   ] GC(419)   Merge Heap Roots: 0.2ms
[15.941s][info][gc,phases   ] GC(419)   Evacuate Collection Set: 0.6ms
[15.941s][info][gc,phases   ] GC(419)   Post Evacuate Collection Set: 0.7ms
[15.942s][info][gc,phases   ] GC(419)   Other: 0.4ms
[15.942s][info][gc,heap     ] GC(419) Eden regions: 149->0(150)
[15.942s][info][gc,heap     ] GC(419) Survivor regions: 4->3(20)
[15.942s][info][gc,heap     ] GC(419) Old regions: 2->2
[15.943s][info][gc,heap     ] GC(419) Archive regions: 2->2
[15.943s][info][gc,heap     ] GC(419) Humongous regions: 0->0
[15.943s][info][gc,metaspace] GC(419) Metaspace: 615K(832K)->615K(832K) NonClass: 597K(704K)->597K(704K) Class: 17K(128K)->17K(128K)
[15.943s][info][gc          ] GC(419) Pause Young (Normal) (G1 Evacuation Pause) 154M->5M(256M) 5.527ms
[15.944s][info][gc,cpu      ] GC(419) User=0.01s Sys=0.00s Real=0.00s
[15.963s][info][gc,start    ] GC(420) Pause Young (Normal) (G1 Evacuation Pause)
[15.963s][info][gc,task     ] GC(420) Using 6 workers of 8 for evacuation
[15.966s][info][gc,phases   ] GC(420)   Pre Evacuate Collection Set: 0.2ms
[15.966s][info][gc,phases   ] GC(420)   Merge Heap Roots: 0.2ms
[15.967s][info][gc,phases   ] GC(420)   Evacuate Collection Set: 0.9ms
[15.967s][info][gc,phases   ] GC(420)   Post Evacuate Collection Set: 0.7ms
[15.967s][info][gc,phases   ] GC(420)   Other: 0.4ms
[15.968s][info][gc,heap     ] GC(420) Eden regions: 150->0(149)
[15.968s][info][gc,heap     ] GC(420) Survivor regions: 3->4(20)
[15.968s][info][gc,heap     ] GC(420) Old regions: 2->2
[15.968s][info][gc,heap     ] GC(420) Archive regions: 2->2
[15.969s][info][gc,heap     ] GC(420) Humongous regions: 0->0
[15.969s][info][gc,metaspace] GC(420) Metaspace: 615K(832K)->615K(832K) NonClass: 597K(704K)->597K(704K) Class: 17K(128K)->17K(128K)
[15.969s][info][gc          ] GC(420) Pause Young (Normal) (G1 Evacuation Pause) 155M->6M(256M) 6.124ms
[15.969s][info][gc,cpu      ] GC(420) User=0.00s Sys=0.00s Real=0.01s
[15.988s][info][gc,start    ] GC(421) Pause Young (Normal) (G1 Evacuation Pause)
[15.988s][info][gc,task     ] GC(421) Using 6 workers of 8 for evacuation
[15.990s][info][gc,phases   ] GC(421)   Pre Evacuate Collection Set: 0.2ms
[15.990s][info][gc,phases   ] GC(421)   Merge Heap Roots: 0.2ms
[15.991s][info][gc,phases   ] GC(421)   Evacuate Collection Set: 0.8ms
[15.991s][info][gc,phases   ] GC(421)   Post Evacuate Collection Set: 0.7ms
[15.991s][info][gc,phases   ] GC(421)   Other: 0.3ms
[15.992s][info][gc,heap     ] GC(421) Eden regions: 149->0(149)
[15.992s][info][gc,heap     ] GC(421) Survivor regions: 4->4(20)
[15.992s][info][gc,heap     ] GC(421) Old regions: 2->2
[15.993s][info][gc,heap     ] GC(421) Archive regions: 2->2
[15.993s][info][gc,heap     ] GC(421) Humongous regions: 0->0
[15.993s][info][gc,metaspace] GC(421) Metaspace: 615K(832K)->615K(832K) NonClass: 597K(704K)->597K(704K) Class: 17K(128K)->17K(128K)
[15.993s][info][gc          ] GC(421) Pause Young (Normal) (G1 Evacuation Pause) 155M->6M(256M) 5.775ms
[15.994s][info][gc,cpu      ] GC(421) User=0.00s Sys=0.00s Real=0.00s
[16.012s][info][gc,start    ] GC(422) Pause Young (Normal) (G1 Evacuation Pause)
[16.012s][info][gc,task     ] GC(422) Using 6 workers of 8 for evacuation
[16.014s][info][gc,phases   ] GC(422)   Pre Evacuate Collection Set: 0.2ms
[16.015s][info][gc,phases   ] GC(422)   Merge Heap Roots: 0.2ms
[16.015s][info][gc,phases   ] GC(422)   Evacuate Collection Set: 0.7ms
[16.015s][info][gc,phases   ] GC(422)   Post Evacuate Collection Set: 0.7ms
[16.016s][info][gc,phases   ] GC(422)   Other: 0.4ms
[16.016s][info][gc,heap     ] GC(422) Eden regions: 149->0(149)
[16.016s][info][gc,heap     ] GC(422) Survivor regions: 4->4(20)
[16.017s][info][gc,heap     ] GC(422) Old regions: 2->2
[16.017s][info][gc,heap     ] GC(422) Archive regions: 2->2
[16.017s][info][gc,heap     ] GC(422) Humongous regions: 0->0
[16.018s][info][gc,metaspace] GC(422) Metaspace: 615K(832K)->615K(832K) NonClass: 597K(704K)->597K(704K) Class: 17K(128K)->17K(128K)
[16.018s][info][gc          ] GC(422) Pause Young (Normal) (G1 Evacuation Pause) 155M->5M(256M) 6.352ms
[16.018s][info][gc,cpu      ] GC(422) User=0.01s Sys=0.00s Real=0.01s
[16.036s][info][gc,start    ] GC(423) Pause Young (Normal) (G1 Evacuation Pause)
[16.036s][info][gc,task     ] GC(423) Using 6 workers of 8 for evacuation
[16.038s][info][gc,phases   ] GC(423)   Pre Evacuate Collection Set: 0.2ms
[16.039s][info][gc,phases   ] GC(423)   Merge Heap Roots: 0.2ms
[16.039s][info][gc,phases   ] GC(423)   Evacuate Collection Set: 0.5ms
[16.039s][info][gc,phases   ] GC(423)   Post Evacuate Collection Set: 0.7ms
[16.040s][info][gc,phases   ] GC(423)   Other: 0.4ms
[16.040s][info][gc,heap     ] GC(423) Eden regions: 149->0(150)
[16.040s][info][gc,heap     ] GC(423) Survivor regions: 4->3(20)
[16.040s][info][gc,heap     ] GC(423) Old regions: 2->2
[16.041s][info][gc,heap     ] GC(423) Archive regions: 2->2
[16.041s][info][gc,heap     ] GC(423) Humongous regions: 0->0
[16.041s][info][gc,metaspace] GC(423) Metaspace: 615K(832K)->615K(832K) NonClass: 597K(704K)->597K(704K) Class: 17K(128K)->17K(128K)
[16.042s][info][gc          ] GC(423) Pause Young (Normal) (G1 Evacuation Pause) 154M->5M(256M) 5.819ms
[16.042s][info][gc,cpu      ] GC(423) User=0.01s Sys=0.00s Real=0.01s
[16.061s][info][gc,start    ] GC(424) Pause Young (Normal) (G1 Evacuation Pause)
[16.062s][info][gc,task     ] GC(424) Using 6 workers of 8 for evacuation
[16.064s][info][gc,phases   ] GC(424)   Pre Evacuate Collection Set: 0.2ms
[16.065s][info][gc,phases   ] GC(424)   Merge Heap Roots: 0.3ms
[16.065s][info][gc,phases   ] GC(424)   Evacuate Collection Set: 0.9ms
[16.065s][info][gc,phases   ] GC(424)   Post Evacuate Collection Set: 0.7ms
[16.066s][info][gc,phases   ] GC(424)   Other: 0.5ms
[16.066s][info][gc,heap     ] GC(424) Eden regions: 150->0(149)
[16.066s][info][gc,heap     ] GC(424) Survivor regions: 3->4(20)
[16.067s][info][gc,heap     ] GC(424) Old regions: 2->2
[16.067s][info][gc,heap     ] GC(424) Archive regions: 2->2
[16.067s][info][gc,heap     ] GC(424) Humongous regions: 0->0
[16.068s][info][gc,metaspace] GC(424) Metaspace: 615K(832K)->615K(832K) NonClass: 597K(704K)->597K(704K) Class: 17K(128K)->17K(128K)
[16.068s][info][gc          ] GC(424) Pause Young (Normal) (G1 Evacuation Pause) 155M->6M(256M) 6.516ms
[16.068s][info][gc,cpu      ] GC(424) User=0.00s Sys=0.00s Real=0.01s
[16.087s][info][gc,start    ] GC(425) Pause Young (Normal) (G1 Evacuation Pause)
[16.087s][info][gc,task     ] GC(425) Using 6 workers of 8 for evacuation
[16.089s][info][gc,phases   ] GC(425)   Pre Evacuate Collection Set: 0.2ms
[16.090s][info][gc,phases   ] GC(425)   Merge Heap Roots: 0.2ms
[16.090s][info][gc,phases   ] GC(425)   Evacuate Collection Set: 0.8ms
[16.090s][info][gc,phases   ] GC(425)   Post Evacuate Collection Set: 0.6ms
[16.091s][info][gc,phases   ] GC(425)   Other: 0.3ms
[16.091s][info][gc,heap     ] GC(425) Eden regions: 149->0(149)
[16.091s][info][gc,heap     ] GC(425) Survivor regions: 4->4(20)
[16.092s][info][gc,heap     ] GC(425) Old regions: 2->2
[16.092s][info][gc,heap     ] GC(425) Archive regions: 2->2
[16.092s][info][gc,heap     ] GC(425) Humongous regions: 0->0
[16.092s][info][gc,metaspace] GC(425) Metaspace: 615K(832K)->615K(832K) NonClass: 597K(704K)->597K(704K) Class: 17K(128K)->17K(128K)
[16.092s][info][gc          ] GC(425) Pause Young (Normal) (G1 Evacuation Pause) 155M->5M(256M) 5.614ms
[16.093s][info][gc,cpu      ] GC(425) User=0.00s Sys=0.00s Real=0.00s
[16.112s][info][gc,start    ] GC(426) Pause Young (Normal) (G1 Evacuation Pause)
[16.112s][info][gc,task     ] GC(426) Using 6 workers of 8 for evacuation
[16.114s][info][gc,phases   ] GC(426)   Pre Evacuate Collection Set: 0.2ms
[16.115s][info][gc,phases   ] GC(426)   Merge Heap Roots: 0.2ms
[16.115s][info][gc,phases   ] GC(426)   Evacuate Collection Set: 0.7ms
[16.115s][info][gc,phases   ] GC(426)   Post Evacuate Collection Set: 0.7ms
[16.116s][info][gc,phases   ] GC(426)   Other: 0.4ms
[16.116s][info][gc,heap     ] GC(426) Eden regions: 149->0(150)
[16.116s][info][gc,heap     ] GC(426) Survivor regions: 4->3(20)
[16.116s][info][gc,heap     ] GC(426) Old regions: 2->2
[16.117s][info][gc,heap     ] GC(426) Archive regions: 2->2
[16.117s][info][gc,heap     ] GC(426) Humongous regions: 0->0
[16.117s][info][gc,metaspace] GC(426) Metaspace: 615K(832K)->615K(832K) NonClass: 597K(704K)->597K(704K) Class: 17K(128K)->17K(128K)
[16.118s][info][gc          ] GC(426) Pause Young (Normal) (G1 Evacuation Pause) 154M->5M(256M) 6.127ms
[16.118s][info][gc,cpu      ] GC(426) User=0.01s Sys=0.00s Real=0.01s
[16.136s][info][gc,start    ] GC(427) Pause Young (Normal) (G1 Evacuation Pause)
[16.137s][info][gc,task     ] GC(427) Using 6 workers of 8 for evacuation
[16.139s][info][gc,phases   ] GC(427)   Pre Evacuate Collection Set: 0.2ms
[16.139s][info][gc,phases   ] GC(427)   Merge Heap Roots: 0.2ms
[16.139s][info][gc,phases   ] GC(427)   Evacuate Collection Set: 0.8ms
[16.140s][info][gc,phases   ] GC(427)   Post Evacuate Collection Set: 0.6ms
[16.140s][info][gc,phases   ] GC(427)   Other: 0.3ms
[16.140s][info][gc,heap     ] GC(427) Eden regions: 150->0(149)
[16.141s][info][gc,heap     ] GC(427) Survivor regions: 3->4(20)
[16.141s][info][gc,heap     ] GC(427) Old regions: 2->2
[16.141s][info][gc,heap     ] GC(427) Archive regions: 2->2
[16.141s][info][gc,heap     ] GC(427) Humongous regions: 0->0
[16.142s][info][gc,metaspace] GC(427) Metaspace: 615K(832K)->615K(832K) NonClass: 597K(704K)->597K(704K) Class: 17K(128K)->17K(128K)
[16.142s][info][gc          ] GC(427) Pause Young (Normal) (G1 Evacuation Pause) 155M->6M(256M) 5.659ms
[16.142s][info][gc,cpu      ] GC(427) User=0.00s Sys=0.00s Real=0.01s
[16.161s][info][gc,start    ] GC(428) Pause Young (Normal) (G1 Evacuation Pause)
[16.162s][info][gc,task     ] GC(428) Using 6 workers of 8 for evacuation
[16.164s][info][gc,phases   ] GC(428)   Pre Evacuate Collection Set: 0.2ms
[16.164s][info][gc,phases   ] GC(428)   Merge Heap Roots: 0.2ms
[16.165s][info][gc,phases   ] GC(428)   Evacuate Collection Set: 0.6ms
[16.165s][info][gc,phases   ] GC(428)   Post Evacuate Collection Set: 0.7ms
[16.165s][info][gc,phases   ] GC(428)   Other: 0.5ms
[16.166s][info][gc,heap     ] GC(428) Eden regions: 149->0(149)
[16.166s][info][gc,heap     ] GC(428) Survivor regions: 4->4(20)
[16.166s][info][gc,heap     ] GC(428) Old regions: 2->2
[16.166s][info][gc,heap     ] GC(428) Archive regions: 2->2
[16.167s][info][gc,heap     ] GC(428) Humongous regions: 0->0
[16.167s][info][gc,metaspace] GC(428) Metaspace: 615K(832K)->615K(832K) NonClass: 597K(704K)->597K(704K) Class: 17K(128K)->17K(128K)
[16.167s][info][gc          ] GC(428) Pause Young (Normal) (G1 Evacuation Pause) 155M->6M(256M) 6.054ms
[16.168s][info][gc,cpu      ] GC(428) User=0.00s Sys=0.00s Real=0.01s
[16.187s][info][gc,start    ] GC(429) Pause Young (Normal) (G1 Evacuation Pause)
[16.188s][info][gc,task     ] GC(429) Using 6 workers of 8 for evacuation
[16.190s][info][gc,phases   ] GC(429)   Pre Evacuate Collection Set: 0.2ms
[16.191s][info][gc,phases   ] GC(429)   Merge Heap Roots: 0.2ms
[16.191s][info][gc,phases   ] GC(429)   Evacuate Collection Set: 0.9ms
[16.191s][info][gc,phases   ] GC(429)   Post Evacuate Collection Set: 0.8ms
[16.192s][info][gc,phases   ] GC(429)   Other: 0.4ms
[16.192s][info][gc,heap     ] GC(429) Eden regions: 149->0(149)
[16.192s][info][gc,heap     ] GC(429) Survivor regions: 4->4(20)
[16.193s][info][gc,heap     ] GC(429) Old regions: 2->2
[16.193s][info][gc,heap     ] GC(429) Archive regions: 2->2
[16.194s][info][gc,heap     ] GC(429) Humongous regions: 0->0
[16.194s][info][gc,metaspace] GC(429) Metaspace: 615K(832K)->615K(832K) NonClass: 597K(704K)->597K(704K) Class: 17K(128K)->17K(128K)
[16.194s][info][gc          ] GC(429) Pause Young (Normal) (G1 Evacuation Pause) 155M->5M(256M) 6.869ms
[16.195s][info][gc,cpu      ] GC(429) User=0.01s Sys=0.00s Real=0.00s
[16.214s][info][gc,start    ] GC(430) Pause Young (Normal) (G1 Evacuation Pause)
[16.214s][info][gc,task     ] GC(430) Using 6 workers of 8 for evacuation
[16.217s][info][gc,phases   ] GC(430)   Pre Evacuate Collection Set: 0.3ms
[16.217s][info][gc,phases   ] GC(430)   Merge Heap Roots: 0.2ms
[16.217s][info][gc,phases   ] GC(430)   Evacuate Collection Set: 0.5ms
[16.218s][info][gc,phases   ] GC(430)   Post Evacuate Collection Set: 0.7ms
[16.218s][info][gc,phases   ] GC(430)   Other: 0.4ms
[16.218s][info][gc,heap     ] GC(430) Eden regions: 149->0(150)
[16.219s][info][gc,heap     ] GC(430) Survivor regions: 4->3(20)
[16.219s][info][gc,heap     ] GC(430) Old regions: 2->2
[16.219s][info][gc,heap     ] GC(430) Archive regions: 2->2
[16.219s][info][gc,heap     ] GC(430) Humongous regions: 0->0
[16.220s][info][gc,metaspace] GC(430) Metaspace: 615K(832K)->615K(832K) NonClass: 597K(704K)->597K(704K) Class: 17K(128K)->17K(128K)
[16.220s][info][gc          ] GC(430) Pause Young (Normal) (G1 Evacuation Pause) 154M->5M(256M) 5.917ms
[16.220s][info][gc,cpu      ] GC(430) User=0.00s Sys=0.01s Real=0.01s
[16.239s][info][gc,start    ] GC(431) Pause Young (Normal) (G1 Evacuation Pause)
[16.239s][info][gc,task     ] GC(431) Using 6 workers of 8 for evacuation
[16.242s][info][gc,phases   ] GC(431)   Pre Evacuate Collection Set: 0.2ms
[16.242s][info][gc,phases   ] GC(431)   Merge Heap Roots: 0.2ms
[16.243s][info][gc,phases   ] GC(431)   Evacuate Collection Set: 0.9ms
[16.243s][info][gc,phases   ] GC(431)   Post Evacuate Collection Set: 0.7ms
[16.243s][info][gc,phases   ] GC(431)   Other: 0.4ms
[16.244s][info][gc,heap     ] GC(431) Eden regions: 150->0(149)
[16.244s][info][gc,heap     ] GC(431) Survivor regions: 3->4(20)
[16.245s][info][gc,heap     ] GC(431) Old regions: 2->2
[16.245s][info][gc,heap     ] GC(431) Archive regions: 2->2
[16.245s][info][gc,heap     ] GC(431) Humongous regions: 0->0
[16.246s][info][gc,metaspace] GC(431) Metaspace: 615K(832K)->615K(832K) NonClass: 597K(704K)->597K(704K) Class: 17K(128K)->17K(128K)
[16.246s][info][gc          ] GC(431) Pause Young (Normal) (G1 Evacuation Pause) 155M->6M(256M) 7.568ms
[16.247s][info][gc,cpu      ] GC(431) User=0.01s Sys=0.00s Real=0.01s
[16.268s][info][gc,start    ] GC(432) Pause Young (Normal) (G1 Evacuation Pause)
[16.268s][info][gc,task     ] GC(432) Using 6 workers of 8 for evacuation
[16.270s][info][gc,phases   ] GC(432)   Pre Evacuate Collection Set: 0.2ms
[16.271s][info][gc,phases   ] GC(432)   Merge Heap Roots: 0.2ms
[16.271s][info][gc,phases   ] GC(432)   Evacuate Collection Set: 0.8ms
[16.271s][info][gc,phases   ] GC(432)   Post Evacuate Collection Set: 0.7ms
[16.271s][info][gc,phases   ] GC(432)   Other: 0.4ms
[16.272s][info][gc,heap     ] GC(432) Eden regions: 149->0(149)
[16.272s][info][gc,heap     ] GC(432) Survivor regions: 4->4(20)
[16.272s][info][gc,heap     ] GC(432) Old regions: 2->2
[16.272s][info][gc,heap     ] GC(432) Archive regions: 2->2
[16.273s][info][gc,heap     ] GC(432) Humongous regions: 0->0
[16.273s][info][gc,metaspace] GC(432) Metaspace: 615K(832K)->615K(832K) NonClass: 597K(704K)->597K(704K) Class: 17K(128K)->17K(128K)
[16.273s][info][gc          ] GC(432) Pause Young (Normal) (G1 Evacuation Pause) 155M->5M(256M) 5.469ms
[16.274s][info][gc,cpu      ] GC(432) User=0.00s Sys=0.00s Real=0.00s
[16.292s][info][gc,start    ] GC(433) Pause Young (Normal) (G1 Evacuation Pause)
[16.293s][info][gc,task     ] GC(433) Using 6 workers of 8 for evacuation
[16.295s][info][gc,phases   ] GC(433)   Pre Evacuate Collection Set: 0.2ms
[16.295s][info][gc,phases   ] GC(433)   Merge Heap Roots: 0.2ms
[16.296s][info][gc,phases   ] GC(433)   Evacuate Collection Set: 0.7ms
[16.296s][info][gc,phases   ] GC(433)   Post Evacuate Collection Set: 0.8ms
[16.296s][info][gc,phases   ] GC(433)   Other: 0.4ms
[16.297s][info][gc,heap     ] GC(433) Eden regions: 149->0(150)
[16.297s][info][gc,heap     ] GC(433) Survivor regions: 4->3(20)
[16.297s][info][gc,heap     ] GC(433) Old regions: 2->2
[16.298s][info][gc,heap     ] GC(433) Archive regions: 2->2
[16.298s][info][gc,heap     ] GC(433) Humongous regions: 0->0
[16.298s][info][gc,metaspace] GC(433) Metaspace: 615K(832K)->615K(832K) NonClass: 597K(704K)->597K(704K) Class: 17K(128K)->17K(128K)
[16.298s][info][gc          ] GC(433) Pause Young (Normal) (G1 Evacuation Pause) 154M->5M(256M) 6.128ms
[16.299s][info][gc,cpu      ] GC(433) User=0.01s Sys=0.00s Real=0.01s
[16.319s][info][gc,start    ] GC(434) Pause Young (Normal) (G1 Evacuation Pause)
[16.320s][info][gc,task     ] GC(434) Using 6 workers of 8 for evacuation
[16.322s][info][gc,phases   ] GC(434)   Pre Evacuate Collection Set: 0.2ms
[16.322s][info][gc,phases   ] GC(434)   Merge Heap Roots: 0.2ms
[16.322s][info][gc,phases   ] GC(434)   Evacuate Collection Set: 0.8ms
[16.323s][info][gc,phases   ] GC(434)   Post Evacuate Collection Set: 0.7ms
[16.323s][info][gc,phases   ] GC(434)   Other: 0.3ms
[16.323s][info][gc,heap     ] GC(434) Eden regions: 150->0(149)
[16.324s][info][gc,heap     ] GC(434) Survivor regions: 3->4(20)
[16.324s][info][gc,heap     ] GC(434) Old regions: 2->2
[16.324s][info][gc,heap     ] GC(434) Archive regions: 2->2
[16.325s][info][gc,heap     ] GC(434) Humongous regions: 0->0
[16.325s][info][gc,metaspace] GC(434) Metaspace: 615K(832K)->615K(832K) NonClass: 597K(704K)->597K(704K) Class: 17K(128K)->17K(128K)
[16.325s][info][gc          ] GC(434) Pause Young (Normal) (G1 Evacuation Pause) 155M->6M(256M) 5.974ms
[16.325s][info][gc,cpu      ] GC(434) User=0.00s Sys=0.00s Real=0.00s
[16.344s][info][gc,start    ] GC(435) Pause Young (Normal) (G1 Evacuation Pause)
[16.345s][info][gc,task     ] GC(435) Using 6 workers of 8 for evacuation
[16.347s][info][gc,phases   ] GC(435)   Pre Evacuate Collection Set: 0.2ms
[16.348s][info][gc,phases   ] GC(435)   Merge Heap Roots: 0.2ms
[16.348s][info][gc,phases   ] GC(435)   Evacuate Collection Set: 0.8ms
[16.348s][info][gc,phases   ] GC(435)   Post Evacuate Collection Set: 0.7ms
[16.349s][info][gc,phases   ] GC(435)   Other: 0.5ms
[16.349s][info][gc,heap     ] GC(435) Eden regions: 149->0(149)
[16.350s][info][gc,heap     ] GC(435) Survivor regions: 4->4(20)
[16.350s][info][gc,heap     ] GC(435) Old regions: 2->2
[16.351s][info][gc,heap     ] GC(435) Archive regions: 2->2
[16.351s][info][gc,heap     ] GC(435) Humongous regions: 0->0
[16.351s][info][gc,metaspace] GC(435) Metaspace: 615K(832K)->615K(832K) NonClass: 597K(704K)->597K(704K) Class: 17K(128K)->17K(128K)
[16.352s][info][gc          ] GC(435) Pause Young (Normal) (G1 Evacuation Pause) 155M->6M(256M) 7.346ms
[16.352s][info][gc,cpu      ] GC(435) User=0.00s Sys=0.01s Real=0.01s
[16.370s][info][gc,start    ] GC(436) Pause Young (Normal) (G1 Evacuation Pause)
[16.370s][info][gc,task     ] GC(436) Using 6 workers of 8 for evacuation
[16.373s][info][gc,phases   ] GC(436)   Pre Evacuate Collection Set: 0.2ms
[16.373s][info][gc,phases   ] GC(436)   Merge Heap Roots: 0.2ms
[16.373s][info][gc,phases   ] GC(436)   Evacuate Collection Set: 0.8ms
[16.374s][info][gc,phases   ] GC(436)   Post Evacuate Collection Set: 0.7ms
[16.374s][info][gc,phases   ] GC(436)   Other: 0.4ms
[16.374s][info][gc,heap     ] GC(436) Eden regions: 149->0(149)
[16.374s][info][gc,heap     ] GC(436) Survivor regions: 4->4(20)
[16.375s][info][gc,heap     ] GC(436) Old regions: 2->2
[16.375s][info][gc,heap     ] GC(436) Archive regions: 2->2
[16.375s][info][gc,heap     ] GC(436) Humongous regions: 0->0
[16.376s][info][gc,metaspace] GC(436) Metaspace: 615K(832K)->615K(832K) NonClass: 597K(704K)->597K(704K) Class: 17K(128K)->17K(128K)
[16.376s][info][gc          ] GC(436) Pause Young (Normal) (G1 Evacuation Pause) 155M->5M(256M) 5.988ms
[16.376s][info][gc,cpu      ] GC(436) User=0.01s Sys=0.00s Real=0.00s
[16.394s][info][gc,start    ] GC(437) Pause Young (Normal) (G1 Evacuation Pause)
[16.394s][info][gc,task     ] GC(437) Using 6 workers of 8 for evacuation
[16.397s][info][gc,phases   ] GC(437)   Pre Evacuate Collection Set: 0.2ms
[16.397s][info][gc,phases   ] GC(437)   Merge Heap Roots: 0.2ms
[16.397s][info][gc,phases   ] GC(437)   Evacuate Collection Set: 0.7ms
[16.398s][info][gc,phases   ] GC(437)   Post Evacuate Collection Set: 0.7ms
[16.398s][info][gc,phases   ] GC(437)   Other: 0.4ms
[16.398s][info][gc,heap     ] GC(437) Eden regions: 149->0(150)
[16.399s][info][gc,heap     ] GC(437) Survivor regions: 4->3(20)
[16.399s][info][gc,heap     ] GC(437) Old regions: 2->2
[16.399s][info][gc,heap     ] GC(437) Archive regions: 2->2
[16.400s][info][gc,heap     ] GC(437) Humongous regions: 0->0
[16.400s][info][gc,metaspace] GC(437) Metaspace: 615K(832K)->615K(832K) NonClass: 597K(704K)->597K(704K) Class: 17K(128K)->17K(128K)
[16.400s][info][gc          ] GC(437) Pause Young (Normal) (G1 Evacuation Pause) 154M->5M(256M) 6.095ms
[16.400s][info][gc,cpu      ] GC(437) User=0.00s Sys=0.01s Real=0.01s
[16.419s][info][gc,start    ] GC(438) Pause Young (Normal) (G1 Evacuation Pause)
[16.420s][info][gc,task     ] GC(438) Using 6 workers of 8 for evacuation
[16.422s][info][gc,phases   ] GC(438)   Pre Evacuate Collection Set: 0.2ms
[16.422s][info][gc,phases   ] GC(438)   Merge Heap Roots: 0.3ms
[16.423s][info][gc,phases   ] GC(438)   Evacuate Collection Set: 0.8ms
[16.423s][info][gc,phases   ] GC(438)   Post Evacuate Collection Set: 0.7ms
[16.424s][info][gc,phases   ] GC(438)   Other: 0.5ms
[16.424s][info][gc,heap     ] GC(438) Eden regions: 150->0(149)
[16.424s][info][gc,heap     ] GC(438) Survivor regions: 3->4(20)
[16.425s][info][gc,heap     ] GC(438) Old regions: 2->2
[16.425s][info][gc,heap     ] GC(438) Archive regions: 2->2
[16.425s][info][gc,heap     ] GC(438) Humongous regions: 0->0
[16.426s][info][gc,metaspace] GC(438) Metaspace: 615K(832K)->615K(832K) NonClass: 597K(704K)->597K(704K) Class: 17K(128K)->17K(128K)
[16.426s][info][gc          ] GC(438) Pause Young (Normal) (G1 Evacuation Pause) 155M->6M(256M) 6.912ms
[16.426s][info][gc,cpu      ] GC(438) User=0.00s Sys=0.00s Real=0.00s
[16.444s][info][gc,start    ] GC(439) Pause Young (Normal) (G1 Evacuation Pause)
[16.444s][info][gc,task     ] GC(439) Using 6 workers of 8 for evacuation
[16.446s][info][gc,phases   ] GC(439)   Pre Evacuate Collection Set: 0.2ms
[16.447s][info][gc,phases   ] GC(439)   Merge Heap Roots: 0.2ms
[16.447s][info][gc,phases   ] GC(439)   Evacuate Collection Set: 0.8ms
[16.447s][info][gc,phases   ] GC(439)   Post Evacuate Collection Set: 0.6ms
[16.448s][info][gc,phases   ] GC(439)   Other: 0.4ms
[16.448s][info][gc,heap     ] GC(439) Eden regions: 149->0(149)
[16.448s][info][gc,heap     ] GC(439) Survivor regions: 4->4(20)
[16.448s][info][gc,heap     ] GC(439) Old regions: 2->2
[16.449s][info][gc,heap     ] GC(439) Archive regions: 2->2
[16.449s][info][gc,heap     ] GC(439) Humongous regions: 0->0
[16.449s][info][gc,metaspace] GC(439) Metaspace: 615K(832K)->615K(832K) NonClass: 597K(704K)->597K(704K) Class: 17K(128K)->17K(128K)
[16.449s][info][gc          ] GC(439) Pause Young (Normal) (G1 Evacuation Pause) 155M->6M(256M) 5.404ms
[16.450s][info][gc,cpu      ] GC(439) User=0.01s Sys=0.00s Real=0.01s
[16.467s][info][gc,start    ] GC(440) Pause Young (Normal) (G1 Evacuation Pause)
[16.467s][info][gc,task     ] GC(440) Using 6 workers of 8 for evacuation
[16.469s][info][gc,phases   ] GC(440)   Pre Evacuate Collection Set: 0.2ms
[16.470s][info][gc,phases   ] GC(440)   Merge Heap Roots: 0.2ms
[16.470s][info][gc,phases   ] GC(440)   Evacuate Collection Set: 0.7ms
[16.470s][info][gc,phases   ] GC(440)   Post Evacuate Collection Set: 0.6ms
[16.470s][info][gc,phases   ] GC(440)   Other: 0.4ms
[16.471s][info][gc,heap     ] GC(440) Eden regions: 149->0(150)
[16.471s][info][gc,heap     ] GC(440) Survivor regions: 4->3(20)
[16.471s][info][gc,heap     ] GC(440) Old regions: 2->2
[16.472s][info][gc,heap     ] GC(440) Archive regions: 2->2
[16.472s][info][gc,heap     ] GC(440) Humongous regions: 0->0
[16.472s][info][gc,metaspace] GC(440) Metaspace: 615K(832K)->615K(832K) NonClass: 597K(704K)->597K(704K) Class: 17K(128K)->17K(128K)
[16.473s][info][gc          ] GC(440) Pause Young (Normal) (G1 Evacuation Pause) 155M->5M(256M) 5.537ms
[16.473s][info][gc,cpu      ] GC(440) User=0.01s Sys=0.00s Real=0.00s
[16.495s][info][gc,start    ] GC(441) Pause Young (Normal) (G1 Evacuation Pause)
[16.495s][info][gc,task     ] GC(441) Using 6 workers of 8 for evacuation
[16.498s][info][gc,phases   ] GC(441)   Pre Evacuate Collection Set: 0.2ms
[16.498s][info][gc,phases   ] GC(441)   Merge Heap Roots: 0.2ms
[16.498s][info][gc,phases   ] GC(441)   Evacuate Collection Set: 1.0ms
[16.499s][info][gc,phases   ] GC(441)   Post Evacuate Collection Set: 0.7ms
[16.499s][info][gc,phases   ] GC(441)   Other: 0.5ms
[16.499s][info][gc,heap     ] GC(441) Eden regions: 150->0(149)
[16.500s][info][gc,heap     ] GC(441) Survivor regions: 3->4(20)
[16.500s][info][gc,heap     ] GC(441) Old regions: 2->2
[16.501s][info][gc,heap     ] GC(441) Archive regions: 2->2
[16.501s][info][gc,heap     ] GC(441) Humongous regions: 0->0
[16.501s][info][gc,metaspace] GC(441) Metaspace: 615K(832K)->615K(832K) NonClass: 597K(704K)->597K(704K) Class: 17K(128K)->17K(128K)
[16.501s][info][gc          ] GC(441) Pause Young (Normal) (G1 Evacuation Pause) 155M->6M(256M) 6.897ms
[16.502s][info][gc,cpu      ] GC(441) User=0.00s Sys=0.00s Real=0.01s
[16.525s][info][gc,start    ] GC(442) Pause Young (Normal) (G1 Evacuation Pause)
[16.526s][info][gc,task     ] GC(442) Using 6 workers of 8 for evacuation
[16.529s][info][gc,phases   ] GC(442)   Pre Evacuate Collection Set: 0.2ms
[16.530s][info][gc,phases   ] GC(442)   Merge Heap Roots: 0.2ms
[16.533s][info][gc,phases   ] GC(442)   Evacuate Collection Set: 1.0ms
[16.534s][info][gc,phases   ] GC(442)   Post Evacuate Collection Set: 0.8ms
[16.535s][info][gc,phases   ] GC(442)   Other: 0.4ms
[16.535s][info][gc,heap     ] GC(442) Eden regions: 149->0(149)
[16.536s][info][gc,heap     ] GC(442) Survivor regions: 4->4(20)
[16.537s][info][gc,heap     ] GC(442) Old regions: 2->2
[16.539s][info][gc,heap     ] GC(442) Archive regions: 2->2
[16.542s][info][gc,heap     ] GC(442) Humongous regions: 0->0
[16.543s][info][gc,metaspace] GC(442) Metaspace: 615K(832K)->615K(832K) NonClass: 597K(704K)->597K(704K) Class: 17K(128K)->17K(128K)
[16.544s][info][gc          ] GC(442) Pause Young (Normal) (G1 Evacuation Pause) 155M->5M(256M) 18.746ms
[16.545s][info][gc,cpu      ] GC(442) User=0.00s Sys=0.01s Real=0.02s
[16.569s][info][gc,start    ] GC(443) Pause Young (Normal) (G1 Evacuation Pause)
[16.570s][info][gc,task     ] GC(443) Using 6 workers of 8 for evacuation
[16.573s][info][gc,phases   ] GC(443)   Pre Evacuate Collection Set: 0.2ms
[16.575s][info][gc,phases   ] GC(443)   Merge Heap Roots: 0.2ms
[16.576s][info][gc,phases   ] GC(443)   Evacuate Collection Set: 0.7ms
[16.576s][info][gc,phases   ] GC(443)   Post Evacuate Collection Set: 0.8ms
[16.576s][info][gc,phases   ] GC(443)   Other: 0.6ms
[16.577s][info][gc,heap     ] GC(443) Eden regions: 149->0(149)
[16.577s][info][gc,heap     ] GC(443) Survivor regions: 4->4(20)
[16.577s][info][gc,heap     ] GC(443) Old regions: 2->2
[16.578s][info][gc,heap     ] GC(443) Archive regions: 2->2
[16.578s][info][gc,heap     ] GC(443) Humongous regions: 0->0
[16.578s][info][gc,metaspace] GC(443) Metaspace: 615K(832K)->615K(832K) NonClass: 597K(704K)->597K(704K) Class: 17K(128K)->17K(128K)
[16.579s][info][gc          ] GC(443) Pause Young (Normal) (G1 Evacuation Pause) 154M->5M(256M) 9.351ms
[16.579s][info][gc,cpu      ] GC(443) User=0.01s Sys=0.00s Real=0.01s
[16.603s][info][gc,start    ] GC(444) Pause Young (Normal) (G1 Evacuation Pause)
[16.604s][info][gc,task     ] GC(444) Using 6 workers of 8 for evacuation
[16.606s][info][gc,phases   ] GC(444)   Pre Evacuate Collection Set: 0.2ms
[16.607s][info][gc,phases   ] GC(444)   Merge Heap Roots: 0.2ms
[16.607s][info][gc,phases   ] GC(444)   Evacuate Collection Set: 0.8ms
[16.607s][info][gc,phases   ] GC(444)   Post Evacuate Collection Set: 0.7ms
[16.608s][info][gc,phases   ] GC(444)   Other: 0.4ms
[16.608s][info][gc,heap     ] GC(444) Eden regions: 149->0(150)
[16.608s][info][gc,heap     ] GC(444) Survivor regions: 4->3(20)
[16.609s][info][gc,heap     ] GC(444) Old regions: 2->2
[16.609s][info][gc,heap     ] GC(444) Archive regions: 2->2
[16.609s][info][gc,heap     ] GC(444) Humongous regions: 0->0
[16.609s][info][gc,metaspace] GC(444) Metaspace: 615K(832K)->615K(832K) NonClass: 597K(704K)->597K(704K) Class: 17K(128K)->17K(128K)
[16.610s][info][gc          ] GC(444) Pause Young (Normal) (G1 Evacuation Pause) 154M->5M(256M) 6.220ms
[16.610s][info][gc,cpu      ] GC(444) User=0.01s Sys=0.00s Real=0.01s
[16.638s][info][gc,start    ] GC(445) Pause Young (Normal) (G1 Evacuation Pause)
[16.639s][info][gc,task     ] GC(445) Using 6 workers of 8 for evacuation
[16.641s][info][gc,phases   ] GC(445)   Pre Evacuate Collection Set: 0.3ms
[16.646s][info][gc,phases   ] GC(445)   Merge Heap Roots: 0.2ms
[16.653s][info][gc,phases   ] GC(445)   Evacuate Collection Set: 1.0ms
[16.653s][info][gc,phases   ] GC(445)   Post Evacuate Collection Set: 0.8ms
[16.654s][info][gc,phases   ] GC(445)   Other: 0.4ms
[16.655s][info][gc,heap     ] GC(445) Eden regions: 150->0(149)
[16.656s][info][gc,heap     ] GC(445) Survivor regions: 3->4(20)
[16.657s][info][gc,heap     ] GC(445) Old regions: 2->2
[16.657s][info][gc,heap     ] GC(445) Archive regions: 2->2
[16.658s][info][gc,heap     ] GC(445) Humongous regions: 0->0
[16.659s][info][gc,metaspace] GC(445) Metaspace: 615K(832K)->615K(832K) NonClass: 597K(704K)->597K(704K) Class: 17K(128K)->17K(128K)
[16.664s][info][gc          ] GC(445) Pause Young (Normal) (G1 Evacuation Pause) 155M->6M(256M) 26.014ms
[16.665s][info][gc,cpu      ] GC(445) User=0.00s Sys=0.00s Real=0.02s
[16.695s][info][gc,start    ] GC(446) Pause Young (Normal) (G1 Evacuation Pause)
[16.729s][info][gc,task     ] GC(446) Using 6 workers of 8 for evacuation
[16.749s][info][gc,phases   ] GC(446)   Pre Evacuate Collection Set: 0.3ms
[16.749s][info][gc,phases   ] GC(446)   Merge Heap Roots: 0.3ms
[16.750s][info][gc,phases   ] GC(446)   Evacuate Collection Set: 1.0ms
[16.750s][info][gc,phases   ] GC(446)   Post Evacuate Collection Set: 0.8ms
[16.750s][info][gc,phases   ] GC(446)   Other: 17.8ms
[16.751s][info][gc,heap     ] GC(446) Eden regions: 149->0(149)
[16.751s][info][gc,heap     ] GC(446) Survivor regions: 4->4(20)
[16.751s][info][gc,heap     ] GC(446) Old regions: 2->2
[16.752s][info][gc,heap     ] GC(446) Archive regions: 2->2
[16.752s][info][gc,heap     ] GC(446) Humongous regions: 0->0
[16.752s][info][gc,metaspace] GC(446) Metaspace: 615K(832K)->615K(832K) NonClass: 597K(704K)->597K(704K) Class: 17K(128K)->17K(128K)
[16.753s][info][gc          ] GC(446) Pause Young (Normal) (G1 Evacuation Pause) 155M->5M(256M) 58.222ms
[16.753s][info][gc,cpu      ] GC(446) User=0.00s Sys=0.00s Real=0.06s
[16.788s][info][gc,start    ] GC(447) Pause Young (Normal) (G1 Evacuation Pause)
[16.789s][info][gc,task     ] GC(447) Using 6 workers of 8 for evacuation
[16.792s][info][gc,phases   ] GC(447)   Pre Evacuate Collection Set: 0.3ms
[16.792s][info][gc,phases   ] GC(447)   Merge Heap Roots: 0.3ms
[16.793s][info][gc,phases   ] GC(447)   Evacuate Collection Set: 1.5ms
[16.793s][info][gc,phases   ] GC(447)   Post Evacuate Collection Set: 0.8ms
[16.794s][info][gc,phases   ] GC(447)   Other: 0.4ms
[16.794s][info][gc,heap     ] GC(447) Eden regions: 149->0(149)
[16.794s][info][gc,heap     ] GC(447) Survivor regions: 4->4(20)
[16.795s][info][gc,heap     ] GC(447) Old regions: 2->2
[16.795s][info][gc,heap     ] GC(447) Archive regions: 2->2
[16.795s][info][gc,heap     ] GC(447) Humongous regions: 0->0
[16.795s][info][gc,metaspace] GC(447) Metaspace: 615K(832K)->615K(832K) NonClass: 597K(704K)->597K(704K) Class: 17K(128K)->17K(128K)
[16.796s][info][gc          ] GC(447) Pause Young (Normal) (G1 Evacuation Pause) 154M->5M(256M) 7.466ms
[16.796s][info][gc,cpu      ] GC(447) User=0.00s Sys=0.01s Real=0.00s
[16.820s][info][gc,start    ] GC(448) Pause Young (Normal) (G1 Evacuation Pause)
[16.820s][info][gc,task     ] GC(448) Using 6 workers of 8 for evacuation
[16.822s][info][gc,phases   ] GC(448)   Pre Evacuate Collection Set: 0.2ms
[16.823s][info][gc,phases   ] GC(448)   Merge Heap Roots: 0.2ms
[16.823s][info][gc,phases   ] GC(448)   Evacuate Collection Set: 0.8ms
[16.823s][info][gc,phases   ] GC(448)   Post Evacuate Collection Set: 0.6ms
[16.824s][info][gc,phases   ] GC(448)   Other: 0.3ms
[16.824s][info][gc,heap     ] GC(448) Eden regions: 149->0(150)
[16.824s][info][gc,heap     ] GC(448) Survivor regions: 4->3(20)
[16.825s][info][gc,heap     ] GC(448) Old regions: 2->2
[16.825s][info][gc,heap     ] GC(448) Archive regions: 2->2
[16.825s][info][gc,heap     ] GC(448) Humongous regions: 0->0
[16.826s][info][gc,metaspace] GC(448) Metaspace: 615K(832K)->615K(832K) NonClass: 597K(704K)->597K(704K) Class: 17K(128K)->17K(128K)
[16.826s][info][gc          ] GC(448) Pause Young (Normal) (G1 Evacuation Pause) 154M->5M(256M) 5.891ms
[16.826s][info][gc,cpu      ] GC(448) User=0.00s Sys=0.00s Real=0.00s
[16.849s][info][gc,start    ] GC(449) Pause Young (Normal) (G1 Evacuation Pause)
[16.849s][info][gc,task     ] GC(449) Using 6 workers of 8 for evacuation
[16.851s][info][gc,phases   ] GC(449)   Pre Evacuate Collection Set: 0.2ms
[16.852s][info][gc,phases   ] GC(449)   Merge Heap Roots: 0.2ms
[16.852s][info][gc,phases   ] GC(449)   Evacuate Collection Set: 0.7ms
[16.852s][info][gc,phases   ] GC(449)   Post Evacuate Collection Set: 0.7ms
[16.853s][info][gc,phases   ] GC(449)   Other: 0.3ms
[16.853s][info][gc,heap     ] GC(449) Eden regions: 150->0(149)
[16.853s][info][gc,heap     ] GC(449) Survivor regions: 3->4(20)
[16.853s][info][gc,heap     ] GC(449) Old regions: 2->2
[16.854s][info][gc,heap     ] GC(449) Archive regions: 2->2
[16.854s][info][gc,heap     ] GC(449) Humongous regions: 0->0
[16.854s][info][gc,metaspace] GC(449) Metaspace: 615K(832K)->615K(832K) NonClass: 597K(704K)->597K(704K) Class: 17K(128K)->17K(128K)
[16.854s][info][gc          ] GC(449) Pause Young (Normal) (G1 Evacuation Pause) 155M->5M(256M) 5.525ms
[16.855s][info][gc,cpu      ] GC(449) User=0.01s Sys=0.00s Real=0.00s
[16.877s][info][gc,start    ] GC(450) Pause Young (Normal) (G1 Evacuation Pause)
[16.878s][info][gc,task     ] GC(450) Using 6 workers of 8 for evacuation
[16.880s][info][gc,phases   ] GC(450)   Pre Evacuate Collection Set: 0.2ms
[16.880s][info][gc,phases   ] GC(450)   Merge Heap Roots: 0.3ms
[16.881s][info][gc,phases   ] GC(450)   Evacuate Collection Set: 0.9ms
[16.881s][info][gc,phases   ] GC(450)   Post Evacuate Collection Set: 0.7ms
[16.881s][info][gc,phases   ] GC(450)   Other: 0.4ms
[16.882s][info][gc,heap     ] GC(450) Eden regions: 149->0(149)
[16.882s][info][gc,heap     ] GC(450) Survivor regions: 4->4(20)
[16.882s][info][gc,heap     ] GC(450) Old regions: 2->2
[16.882s][info][gc,heap     ] GC(450) Archive regions: 2->2
[16.883s][info][gc,heap     ] GC(450) Humongous regions: 0->0
[16.883s][info][gc,metaspace] GC(450) Metaspace: 615K(832K)->615K(832K) NonClass: 597K(704K)->597K(704K) Class: 17K(128K)->17K(128K)
[16.883s][info][gc          ] GC(450) Pause Young (Normal) (G1 Evacuation Pause) 154M->5M(256M) 5.869ms
[16.883s][info][gc,cpu      ] GC(450) User=0.01s Sys=0.00s Real=0.00s
[16.908s][info][gc,start    ] GC(451) Pause Young (Normal) (G1 Evacuation Pause)
[16.908s][info][gc,task     ] GC(451) Using 6 workers of 8 for evacuation
[16.911s][info][gc,phases   ] GC(451)   Pre Evacuate Collection Set: 0.2ms
[16.911s][info][gc,phases   ] GC(451)   Merge Heap Roots: 0.2ms
[16.911s][info][gc,phases   ] GC(451)   Evacuate Collection Set: 0.9ms
[16.912s][info][gc,phases   ] GC(451)   Post Evacuate Collection Set: 0.8ms
[16.912s][info][gc,phases   ] GC(451)   Other: 0.4ms
[16.912s][info][gc,heap     ] GC(451) Eden regions: 149->0(150)
[16.912s][info][gc,heap     ] GC(451) Survivor regions: 4->3(20)
[16.913s][info][gc,heap     ] GC(451) Old regions: 2->2
[16.913s][info][gc,heap     ] GC(451) Archive regions: 2->2
[16.913s][info][gc,heap     ] GC(451) Humongous regions: 0->0
[16.914s][info][gc,metaspace] GC(451) Metaspace: 615K(832K)->615K(832K) NonClass: 597K(704K)->597K(704K) Class: 17K(128K)->17K(128K)
[16.914s][info][gc          ] GC(451) Pause Young (Normal) (G1 Evacuation Pause) 154M->5M(256M) 6.066ms
[16.914s][info][gc,cpu      ] GC(451) User=0.01s Sys=0.00s Real=0.00s
[16.941s][info][gc,start    ] GC(452) Pause Young (Normal) (G1 Evacuation Pause)
[16.942s][info][gc,task     ] GC(452) Using 6 workers of 8 for evacuation
[16.944s][info][gc,phases   ] GC(452)   Pre Evacuate Collection Set: 0.2ms
[16.945s][info][gc,phases   ] GC(452)   Merge Heap Roots: 0.2ms
[16.946s][info][gc,phases   ] GC(452)   Evacuate Collection Set: 1.0ms
[16.946s][info][gc,phases   ] GC(452)   Post Evacuate Collection Set: 0.9ms
[16.946s][info][gc,phases   ] GC(452)   Other: 0.4ms
[16.947s][info][gc,heap     ] GC(452) Eden regions: 150->0(149)
[16.947s][info][gc,heap     ] GC(452) Survivor regions: 3->4(20)
[16.947s][info][gc,heap     ] GC(452) Old regions: 2->2
[16.948s][info][gc,heap     ] GC(452) Archive regions: 2->2
[16.948s][info][gc,heap     ] GC(452) Humongous regions: 0->0
[16.948s][info][gc,metaspace] GC(452) Metaspace: 615K(832K)->615K(832K) NonClass: 597K(704K)->597K(704K) Class: 17K(128K)->17K(128K)
[16.948s][info][gc          ] GC(452) Pause Young (Normal) (G1 Evacuation Pause) 155M->6M(256M) 7.329ms
[16.949s][info][gc,cpu      ] GC(452) User=0.00s Sys=0.00s Real=0.01s
[16.975s][info][gc,start    ] GC(453) Pause Young (Normal) (G1 Evacuation Pause)
[16.975s][info][gc,task     ] GC(453) Using 6 workers of 8 for evacuation
[16.978s][info][gc,phases   ] GC(453)   Pre Evacuate Collection Set: 0.2ms
[16.978s][info][gc,phases   ] GC(453)   Merge Heap Roots: 0.2ms
[16.979s][info][gc,phases   ] GC(453)   Evacuate Collection Set: 1.0ms
[16.979s][info][gc,phases   ] GC(453)   Post Evacuate Collection Set: 0.8ms
[16.979s][info][gc,phases   ] GC(453)   Other: 0.4ms
[16.980s][info][gc,heap     ] GC(453) Eden regions: 149->0(149)
[16.980s][info][gc,heap     ] GC(453) Survivor regions: 4->4(20)
[16.981s][info][gc,heap     ] GC(453) Old regions: 2->2
[16.981s][info][gc,heap     ] GC(453) Archive regions: 2->2
[16.981s][info][gc,heap     ] GC(453) Humongous regions: 0->0
[16.981s][info][gc,metaspace] GC(453) Metaspace: 615K(832K)->615K(832K) NonClass: 597K(704K)->597K(704K) Class: 17K(128K)->17K(128K)
[16.982s][info][gc          ] GC(453) Pause Young (Normal) (G1 Evacuation Pause) 155M->5M(256M) 6.931ms
[16.982s][info][gc,cpu      ] GC(453) User=0.00s Sys=0.00s Real=0.01s
[17.008s][info][gc,start    ] GC(454) Pause Young (Normal) (G1 Evacuation Pause)
[17.008s][info][gc,task     ] GC(454) Using 6 workers of 8 for evacuation
[17.010s][info][gc,phases   ] GC(454)   Pre Evacuate Collection Set: 0.2ms
[17.011s][info][gc,phases   ] GC(454)   Merge Heap Roots: 0.2ms
[17.011s][info][gc,phases   ] GC(454)   Evacuate Collection Set: 0.7ms
[17.011s][info][gc,phases   ] GC(454)   Post Evacuate Collection Set: 0.7ms
[17.012s][info][gc,phases   ] GC(454)   Other: 0.4ms
[17.012s][info][gc,heap     ] GC(454) Eden regions: 149->0(150)
[17.012s][info][gc,heap     ] GC(454) Survivor regions: 4->3(20)
[17.012s][info][gc,heap     ] GC(454) Old regions: 2->2
[17.013s][info][gc,heap     ] GC(454) Archive regions: 2->2
[17.013s][info][gc,heap     ] GC(454) Humongous regions: 0->0
[17.013s][info][gc,metaspace] GC(454) Metaspace: 615K(832K)->615K(832K) NonClass: 597K(704K)->597K(704K) Class: 17K(128K)->17K(128K)
[17.014s][info][gc          ] GC(454) Pause Young (Normal) (G1 Evacuation Pause) 154M->5M(256M) 5.714ms
[17.014s][info][gc,cpu      ] GC(454) User=0.01s Sys=0.00s Real=0.00s
[17.042s][info][gc,start    ] GC(455) Pause Young (Normal) (G1 Evacuation Pause)
[17.042s][info][gc,task     ] GC(455) Using 6 workers of 8 for evacuation
[17.045s][info][gc,phases   ] GC(455)   Pre Evacuate Collection Set: 0.2ms
[17.045s][info][gc,phases   ] GC(455)   Merge Heap Roots: 0.2ms
[17.045s][info][gc,phases   ] GC(455)   Evacuate Collection Set: 1.0ms
[17.045s][info][gc,phases   ] GC(455)   Post Evacuate Collection Set: 0.7ms
[17.046s][info][gc,phases   ] GC(455)   Other: 0.4ms
[17.046s][info][gc,heap     ] GC(455) Eden regions: 150->0(149)
[17.046s][info][gc,heap     ] GC(455) Survivor regions: 3->4(20)
[17.047s][info][gc,heap     ] GC(455) Old regions: 2->2
[17.047s][info][gc,heap     ] GC(455) Archive regions: 2->2
[17.047s][info][gc,heap     ] GC(455) Humongous regions: 0->0
[17.047s][info][gc,metaspace] GC(455) Metaspace: 615K(832K)->615K(832K) NonClass: 597K(704K)->597K(704K) Class: 17K(128K)->17K(128K)
[17.048s][info][gc          ] GC(455) Pause Young (Normal) (G1 Evacuation Pause) 155M->6M(256M) 5.969ms
[17.048s][info][gc,cpu      ] GC(455) User=0.00s Sys=0.00s Real=0.01s
[17.073s][info][gc,start    ] GC(456) Pause Young (Normal) (G1 Evacuation Pause)
[17.073s][info][gc,task     ] GC(456) Using 6 workers of 8 for evacuation
[17.076s][info][gc,phases   ] GC(456)   Pre Evacuate Collection Set: 0.2ms
[17.076s][info][gc,phases   ] GC(456)   Merge Heap Roots: 0.2ms
[17.077s][info][gc,phases   ] GC(456)   Evacuate Collection Set: 1.0ms
[17.077s][info][gc,phases   ] GC(456)   Post Evacuate Collection Set: 0.7ms
[17.077s][info][gc,phases   ] GC(456)   Other: 0.4ms
[17.078s][info][gc,heap     ] GC(456) Eden regions: 149->0(149)
[17.078s][info][gc,heap     ] GC(456) Survivor regions: 4->4(20)
[17.078s][info][gc,heap     ] GC(456) Old regions: 2->2
[17.079s][info][gc,heap     ] GC(456) Archive regions: 2->2
[17.079s][info][gc,heap     ] GC(456) Humongous regions: 0->0
[17.079s][info][gc,metaspace] GC(456) Metaspace: 615K(832K)->615K(832K) NonClass: 597K(704K)->597K(704K) Class: 17K(128K)->17K(128K)
[17.080s][info][gc          ] GC(456) Pause Young (Normal) (G1 Evacuation Pause) 155M->5M(256M) 6.502ms
[17.080s][info][gc,cpu      ] GC(456) User=0.00s Sys=0.00s Real=0.01s
[17.105s][info][gc,start    ] GC(457) Pause Young (Normal) (G1 Evacuation Pause)
[17.105s][info][gc,task     ] GC(457) Using 6 workers of 8 for evacuation
[17.108s][info][gc,phases   ] GC(457)   Pre Evacuate Collection Set: 0.2ms
[17.108s][info][gc,phases   ] GC(457)   Merge Heap Roots: 0.2ms
[17.108s][info][gc,phases   ] GC(457)   Evacuate Collection Set: 1.0ms
[17.109s][info][gc,phases   ] GC(457)   Post Evacuate Collection Set: 0.8ms
[17.109s][info][gc,phases   ] GC(457)   Other: 0.4ms
[17.109s][info][gc,heap     ] GC(457) Eden regions: 149->0(149)
[17.110s][info][gc,heap     ] GC(457) Survivor regions: 4->4(20)
[17.110s][info][gc,heap     ] GC(457) Old regions: 2->2
[17.110s][info][gc,heap     ] GC(457) Archive regions: 2->2
[17.110s][info][gc,heap     ] GC(457) Humongous regions: 0->0
[17.111s][info][gc,metaspace] GC(457) Metaspace: 615K(832K)->615K(832K) NonClass: 597K(704K)->597K(704K) Class: 17K(128K)->17K(128K)
[17.111s][info][gc          ] GC(457) Pause Young (Normal) (G1 Evacuation Pause) 154M->5M(256M) 5.998ms
[17.111s][info][gc,cpu      ] GC(457) User=0.00s Sys=0.00s Real=0.01s
[17.134s][info][gc,start    ] GC(458) Pause Young (Normal) (G1 Evacuation Pause)
[17.135s][info][gc,task     ] GC(458) Using 6 workers of 8 for evacuation
[17.137s][info][gc,phases   ] GC(458)   Pre Evacuate Collection Set: 0.2ms
[17.138s][info][gc,phases   ] GC(458)   Merge Heap Roots: 0.2ms
[17.138s][info][gc,phases   ] GC(458)   Evacuate Collection Set: 0.9ms
[17.138s][info][gc,phases   ] GC(458)   Post Evacuate Collection Set: 0.7ms
[17.139s][info][gc,phases   ] GC(458)   Other: 0.4ms
[17.139s][info][gc,heap     ] GC(458) Eden regions: 149->0(150)
[17.139s][info][gc,heap     ] GC(458) Survivor regions: 4->3(20)
[17.140s][info][gc,heap     ] GC(458) Old regions: 2->2
[17.140s][info][gc,heap     ] GC(458) Archive regions: 2->2
[17.140s][info][gc,heap     ] GC(458) Humongous regions: 0->0
[17.141s][info][gc,metaspace] GC(458) Metaspace: 615K(832K)->615K(832K) NonClass: 597K(704K)->597K(704K) Class: 17K(128K)->17K(128K)
[17.141s][info][gc          ] GC(458) Pause Young (Normal) (G1 Evacuation Pause) 154M->5M(256M) 6.545ms
[17.141s][info][gc,cpu      ] GC(458) User=0.00s Sys=0.01s Real=0.01s
[17.170s][info][gc,start    ] GC(459) Pause Young (Normal) (G1 Evacuation Pause)
[17.170s][info][gc,task     ] GC(459) Using 6 workers of 8 for evacuation
[17.173s][info][gc,phases   ] GC(459)   Pre Evacuate Collection Set: 0.2ms
[17.173s][info][gc,phases   ] GC(459)   Merge Heap Roots: 0.2ms
[17.173s][info][gc,phases   ] GC(459)   Evacuate Collection Set: 1.0ms
[17.174s][info][gc,phases   ] GC(459)   Post Evacuate Collection Set: 0.8ms
[17.174s][info][gc,phases   ] GC(459)   Other: 0.4ms
[17.175s][info][gc,heap     ] GC(459) Eden regions: 150->0(149)
[17.175s][info][gc,heap     ] GC(459) Survivor regions: 3->4(20)
[17.175s][info][gc,heap     ] GC(459) Old regions: 2->2
[17.175s][info][gc,heap     ] GC(459) Archive regions: 2->2
[17.176s][info][gc,heap     ] GC(459) Humongous regions: 0->0
[17.176s][info][gc,metaspace] GC(459) Metaspace: 615K(832K)->615K(832K) NonClass: 597K(704K)->597K(704K) Class: 17K(128K)->17K(128K)
[17.176s][info][gc          ] GC(459) Pause Young (Normal) (G1 Evacuation Pause) 155M->6M(256M) 6.791ms
[17.177s][info][gc,cpu      ] GC(459) User=0.00s Sys=0.00s Real=0.01s
[17.203s][info][gc,start    ] GC(460) Pause Young (Normal) (G1 Evacuation Pause)
[17.203s][info][gc,task     ] GC(460) Using 6 workers of 8 for evacuation
[17.206s][info][gc,phases   ] GC(460)   Pre Evacuate Collection Set: 0.2ms
[17.208s][info][gc,phases   ] GC(460)   Merge Heap Roots: 0.2ms
[17.208s][info][gc,phases   ] GC(460)   Evacuate Collection Set: 0.9ms
[17.208s][info][gc,phases   ] GC(460)   Post Evacuate Collection Set: 0.9ms
[17.209s][info][gc,phases   ] GC(460)   Other: 0.5ms
[17.209s][info][gc,heap     ] GC(460) Eden regions: 149->0(149)
[17.209s][info][gc,heap     ] GC(460) Survivor regions: 4->4(20)
[17.210s][info][gc,heap     ] GC(460) Old regions: 2->2
[17.210s][info][gc,heap     ] GC(460) Archive regions: 2->2
[17.210s][info][gc,heap     ] GC(460) Humongous regions: 0->0
[17.211s][info][gc,metaspace] GC(460) Metaspace: 615K(832K)->615K(832K) NonClass: 597K(704K)->597K(704K) Class: 17K(128K)->17K(128K)
[17.211s][info][gc          ] GC(460) Pause Young (Normal) (G1 Evacuation Pause) 155M->5M(256M) 8.102ms
[17.211s][info][gc,cpu      ] GC(460) User=0.00s Sys=0.00s Real=0.01s
[17.239s][info][gc,start    ] GC(461) Pause Young (Normal) (G1 Evacuation Pause)
[17.240s][info][gc,task     ] GC(461) Using 6 workers of 8 for evacuation
[17.243s][info][gc,phases   ] GC(461)   Pre Evacuate Collection Set: 0.3ms
[17.244s][info][gc,phases   ] GC(461)   Merge Heap Roots: 0.2ms
[17.244s][info][gc,phases   ] GC(461)   Evacuate Collection Set: 1.0ms
[17.245s][info][gc,phases   ] GC(461)   Post Evacuate Collection Set: 0.9ms
[17.245s][info][gc,phases   ] GC(461)   Other: 0.7ms
[17.245s][info][gc,heap     ] GC(461) Eden regions: 149->0(150)
[17.246s][info][gc,heap     ] GC(461) Survivor regions: 4->3(20)
[17.246s][info][gc,heap     ] GC(461) Old regions: 2->2
[17.247s][info][gc,heap     ] GC(461) Archive regions: 2->2
[17.247s][info][gc,heap     ] GC(461) Humongous regions: 0->0
[17.248s][info][gc,metaspace] GC(461) Metaspace: 615K(832K)->615K(832K) NonClass: 597K(704K)->597K(704K) Class: 17K(128K)->17K(128K)
[17.249s][info][gc          ] GC(461) Pause Young (Normal) (G1 Evacuation Pause) 154M->5M(256M) 10.013ms
[17.252s][info][gc,cpu      ] GC(461) User=0.01s Sys=0.00s Real=0.01s
[17.284s][info][gc,start    ] GC(462) Pause Young (Normal) (G1 Evacuation Pause)
[17.284s][info][gc,task     ] GC(462) Using 6 workers of 8 for evacuation
[17.287s][info][gc,phases   ] GC(462)   Pre Evacuate Collection Set: 0.3ms
[17.288s][info][gc,phases   ] GC(462)   Merge Heap Roots: 0.2ms
[17.288s][info][gc,phases   ] GC(462)   Evacuate Collection Set: 0.9ms
[17.288s][info][gc,phases   ] GC(462)   Post Evacuate Collection Set: 0.9ms
[17.289s][info][gc,phases   ] GC(462)   Other: 0.5ms
[17.289s][info][gc,heap     ] GC(462) Eden regions: 150->0(149)
[17.290s][info][gc,heap     ] GC(462) Survivor regions: 3->4(20)
[17.290s][info][gc,heap     ] GC(462) Old regions: 2->2
[17.290s][info][gc,heap     ] GC(462) Archive regions: 2->2
[17.291s][info][gc,heap     ] GC(462) Humongous regions: 0->0
[17.291s][info][gc,metaspace] GC(462) Metaspace: 615K(832K)->615K(832K) NonClass: 597K(704K)->597K(704K) Class: 17K(128K)->17K(128K)
[17.291s][info][gc          ] GC(462) Pause Young (Normal) (G1 Evacuation Pause) 155M->6M(256M) 7.398ms
[17.292s][info][gc,cpu      ] GC(462) User=0.00s Sys=0.01s Real=0.01s
[17.318s][info][gc,start    ] GC(463) Pause Young (Normal) (G1 Evacuation Pause)
[17.319s][info][gc,task     ] GC(463) Using 6 workers of 8 for evacuation
[17.322s][info][gc,phases   ] GC(463)   Pre Evacuate Collection Set: 0.2ms
[17.322s][info][gc,phases   ] GC(463)   Merge Heap Roots: 0.1ms
[17.322s][info][gc,phases   ] GC(463)   Evacuate Collection Set: 1.1ms
[17.323s][info][gc,phases   ] GC(463)   Post Evacuate Collection Set: 0.8ms
[17.323s][info][gc,phases   ] GC(463)   Other: 0.5ms
[17.324s][info][gc,heap     ] GC(463) Eden regions: 149->0(149)
[17.324s][info][gc,heap     ] GC(463) Survivor regions: 4->4(20)
[17.324s][info][gc,heap     ] GC(463) Old regions: 2->2
[17.325s][info][gc,heap     ] GC(463) Archive regions: 2->2
[17.325s][info][gc,heap     ] GC(463) Humongous regions: 0->0
[17.325s][info][gc,metaspace] GC(463) Metaspace: 615K(832K)->615K(832K) NonClass: 597K(704K)->597K(704K) Class: 17K(128K)->17K(128K)
[17.326s][info][gc          ] GC(463) Pause Young (Normal) (G1 Evacuation Pause) 155M->6M(256M) 7.289ms
[17.326s][info][gc,cpu      ] GC(463) User=0.01s Sys=0.00s Real=0.00s
[17.358s][info][gc,start    ] GC(464) Pause Young (Normal) (G1 Evacuation Pause)
[17.359s][info][gc,task     ] GC(464) Using 6 workers of 8 for evacuation
[17.362s][info][gc,phases   ] GC(464)   Pre Evacuate Collection Set: 0.3ms
[17.362s][info][gc,phases   ] GC(464)   Merge Heap Roots: 0.2ms
[17.362s][info][gc,phases   ] GC(464)   Evacuate Collection Set: 1.0ms
[17.363s][info][gc,phases   ] GC(464)   Post Evacuate Collection Set: 0.8ms
[17.363s][info][gc,phases   ] GC(464)   Other: 0.5ms
[17.363s][info][gc,heap     ] GC(464) Eden regions: 149->0(149)
[17.364s][info][gc,heap     ] GC(464) Survivor regions: 4->4(20)
[17.364s][info][gc,heap     ] GC(464) Old regions: 2->2
[17.364s][info][gc,heap     ] GC(464) Archive regions: 2->2
[17.365s][info][gc,heap     ] GC(464) Humongous regions: 0->0
[17.365s][info][gc,metaspace] GC(464) Metaspace: 615K(832K)->615K(832K) NonClass: 597K(704K)->597K(704K) Class: 17K(128K)->17K(128K)
[17.365s][info][gc          ] GC(464) Pause Young (Normal) (G1 Evacuation Pause) 155M->5M(256M) 7.019ms
[17.366s][info][gc,cpu      ] GC(464) User=0.01s Sys=0.00s Real=0.00s
[17.391s][info][gc,start    ] GC(465) Pause Young (Normal) (G1 Evacuation Pause)
[17.392s][info][gc,task     ] GC(465) Using 6 workers of 8 for evacuation
[17.394s][info][gc,phases   ] GC(465)   Pre Evacuate Collection Set: 0.2ms
[17.394s][info][gc,phases   ] GC(465)   Merge Heap Roots: 0.2ms
[17.395s][info][gc,phases   ] GC(465)   Evacuate Collection Set: 0.9ms
[17.395s][info][gc,phases   ] GC(465)   Post Evacuate Collection Set: 0.8ms
[17.395s][info][gc,phases   ] GC(465)   Other: 0.5ms
[17.396s][info][gc,heap     ] GC(465) Eden regions: 149->0(150)
[17.396s][info][gc,heap     ] GC(465) Survivor regions: 4->3(20)
[17.396s][info][gc,heap     ] GC(465) Old regions: 2->2
[17.397s][info][gc,heap     ] GC(465) Archive regions: 2->2
[17.397s][info][gc,heap     ] GC(465) Humongous regions: 0->0
[17.397s][info][gc,metaspace] GC(465) Metaspace: 615K(832K)->615K(832K) NonClass: 597K(704K)->597K(704K) Class: 17K(128K)->17K(128K)
[17.398s][info][gc          ] GC(465) Pause Young (Normal) (G1 Evacuation Pause) 154M->5M(256M) 6.501ms
[17.398s][info][gc,cpu      ] GC(465) User=0.01s Sys=0.00s Real=0.01s
[17.424s][info][gc,start    ] GC(466) Pause Young (Normal) (G1 Evacuation Pause)
[17.424s][info][gc,task     ] GC(466) Using 6 workers of 8 for evacuation
[17.427s][info][gc,phases   ] GC(466)   Pre Evacuate Collection Set: 0.2ms
[17.427s][info][gc,phases   ] GC(466)   Merge Heap Roots: 0.2ms
[17.428s][info][gc,phases   ] GC(466)   Evacuate Collection Set: 1.1ms
[17.428s][info][gc,phases   ] GC(466)   Post Evacuate Collection Set: 0.8ms
[17.428s][info][gc,phases   ] GC(466)   Other: 0.5ms
[17.429s][info][gc,heap     ] GC(466) Eden regions: 150->0(149)
[17.429s][info][gc,heap     ] GC(466) Survivor regions: 3->4(20)
[17.430s][info][gc,heap     ] GC(466) Old regions: 2->2
[17.430s][info][gc,heap     ] GC(466) Archive regions: 2->2
[17.430s][info][gc,heap     ] GC(466) Humongous regions: 0->0
[17.430s][info][gc,metaspace] GC(466) Metaspace: 615K(832K)->615K(832K) NonClass: 597K(704K)->597K(704K) Class: 17K(128K)->17K(128K)
[17.431s][info][gc          ] GC(466) Pause Young (Normal) (G1 Evacuation Pause) 155M->6M(256M) 6.928ms
[17.431s][info][gc,cpu      ] GC(466) User=0.00s Sys=0.01s Real=0.01s
[17.456s][info][gc,start    ] GC(467) Pause Young (Normal) (G1 Evacuation Pause)
[17.457s][info][gc,task     ] GC(467) Using 6 workers of 8 for evacuation
[17.459s][info][gc,phases   ] GC(467)   Pre Evacuate Collection Set: 0.2ms
[17.460s][info][gc,phases   ] GC(467)   Merge Heap Roots: 0.1ms
[17.460s][info][gc,phases   ] GC(467)   Evacuate Collection Set: 1.0ms
[17.460s][info][gc,phases   ] GC(467)   Post Evacuate Collection Set: 0.7ms
[17.461s][info][gc,phases   ] GC(467)   Other: 0.5ms
[17.461s][info][gc,heap     ] GC(467) Eden regions: 149->0(149)
[17.461s][info][gc,heap     ] GC(467) Survivor regions: 4->4(20)
[17.462s][info][gc,heap     ] GC(467) Old regions: 2->2
[17.462s][info][gc,heap     ] GC(467) Archive regions: 2->2
[17.462s][info][gc,heap     ] GC(467) Humongous regions: 0->0
[17.463s][info][gc,metaspace] GC(467) Metaspace: 615K(832K)->615K(832K) NonClass: 597K(704K)->597K(704K) Class: 17K(128K)->17K(128K)
[17.463s][info][gc          ] GC(467) Pause Young (Normal) (G1 Evacuation Pause) 155M->5M(256M) 7.186ms
[17.464s][info][gc,cpu      ] GC(467) User=0.01s Sys=0.00s Real=0.01s
[17.491s][info][gc,start    ] GC(468) Pause Young (Normal) (G1 Evacuation Pause)
[17.491s][info][gc,task     ] GC(468) Using 6 workers of 8 for evacuation
[17.494s][info][gc,phases   ] GC(468)   Pre Evacuate Collection Set: 0.2ms
[17.495s][info][gc,phases   ] GC(468)   Merge Heap Roots: 0.3ms
[17.495s][info][gc,phases   ] GC(468)   Evacuate Collection Set: 1.1ms
[17.495s][info][gc,phases   ] GC(468)   Post Evacuate Collection Set: 0.8ms
[17.496s][info][gc,phases   ] GC(468)   Other: 0.5ms
[17.496s][info][gc,heap     ] GC(468) Eden regions: 149->0(150)
[17.496s][info][gc,heap     ] GC(468) Survivor regions: 4->3(20)
[17.497s][info][gc,heap     ] GC(468) Old regions: 2->2
[17.497s][info][gc,heap     ] GC(468) Archive regions: 2->2
[17.498s][info][gc,heap     ] GC(468) Humongous regions: 0->0
[17.498s][info][gc,metaspace] GC(468) Metaspace: 615K(832K)->615K(832K) NonClass: 597K(704K)->597K(704K) Class: 17K(128K)->17K(128K)
[17.498s][info][gc          ] GC(468) Pause Young (Normal) (G1 Evacuation Pause) 154M->5M(256M) 7.671ms
[17.499s][info][gc,cpu      ] GC(468) User=0.00s Sys=0.00s Real=0.01s
[17.526s][info][gc,start    ] GC(469) Pause Young (Normal) (G1 Evacuation Pause)
[17.527s][info][gc,task     ] GC(469) Using 6 workers of 8 for evacuation
[17.530s][info][gc,phases   ] GC(469)   Pre Evacuate Collection Set: 0.3ms
[17.530s][info][gc,phases   ] GC(469)   Merge Heap Roots: 0.1ms
[17.530s][info][gc,phases   ] GC(469)   Evacuate Collection Set: 1.1ms
[17.531s][info][gc,phases   ] GC(469)   Post Evacuate Collection Set: 0.7ms
[17.531s][info][gc,phases   ] GC(469)   Other: 0.4ms
[17.531s][info][gc,heap     ] GC(469) Eden regions: 150->0(149)
[17.531s][info][gc,heap     ] GC(469) Survivor regions: 3->4(20)
[17.532s][info][gc,heap     ] GC(469) Old regions: 2->2
[17.532s][info][gc,heap     ] GC(469) Archive regions: 2->2
[17.532s][info][gc,heap     ] GC(469) Humongous regions: 0->0
[17.532s][info][gc,metaspace] GC(469) Metaspace: 615K(832K)->615K(832K) NonClass: 597K(704K)->597K(704K) Class: 17K(128K)->17K(128K)
[17.533s][info][gc          ] GC(469) Pause Young (Normal) (G1 Evacuation Pause) 155M->6M(256M) 6.307ms
[17.533s][info][gc,cpu      ] GC(469) User=0.00s Sys=0.01s Real=0.01s
[17.559s][info][gc,start    ] GC(470) Pause Young (Normal) (G1 Evacuation Pause)
[17.559s][info][gc,task     ] GC(470) Using 6 workers of 8 for evacuation
[17.562s][info][gc,phases   ] GC(470)   Pre Evacuate Collection Set: 0.2ms
[17.562s][info][gc,phases   ] GC(470)   Merge Heap Roots: 0.2ms
[17.563s][info][gc,phases   ] GC(470)   Evacuate Collection Set: 1.1ms
[17.563s][info][gc,phases   ] GC(470)   Post Evacuate Collection Set: 0.7ms
[17.563s][info][gc,phases   ] GC(470)   Other: 0.4ms
[17.563s][info][gc,heap     ] GC(470) Eden regions: 149->0(149)
[17.564s][info][gc,heap     ] GC(470) Survivor regions: 4->4(20)
[17.564s][info][gc,heap     ] GC(470) Old regions: 2->2
[17.564s][info][gc,heap     ] GC(470) Archive regions: 2->2
[17.565s][info][gc,heap     ] GC(470) Humongous regions: 0->0
[17.565s][info][gc,metaspace] GC(470) Metaspace: 615K(832K)->615K(832K) NonClass: 597K(704K)->597K(704K) Class: 17K(128K)->17K(128K)
[17.565s][info][gc          ] GC(470) Pause Young (Normal) (G1 Evacuation Pause) 155M->5M(256M) 6.379ms
[17.566s][info][gc,cpu      ] GC(470) User=0.00s Sys=0.00s Real=0.00s
[17.594s][info][gc,start    ] GC(471) Pause Young (Normal) (G1 Evacuation Pause)
[17.595s][info][gc,task     ] GC(471) Using 6 workers of 8 for evacuation
[17.597s][info][gc,phases   ] GC(471)   Pre Evacuate Collection Set: 0.3ms
[17.597s][info][gc,phases   ] GC(471)   Merge Heap Roots: 0.2ms
[17.598s][info][gc,phases   ] GC(471)   Evacuate Collection Set: 1.2ms
[17.598s][info][gc,phases   ] GC(471)   Post Evacuate Collection Set: 0.5ms
[17.598s][info][gc,phases   ] GC(471)   Other: 0.4ms
[17.599s][info][gc,heap     ] GC(471) Eden regions: 149->0(150)
[17.599s][info][gc,heap     ] GC(471) Survivor regions: 4->3(20)
[17.599s][info][gc,heap     ] GC(471) Old regions: 2->2
[17.599s][info][gc,heap     ] GC(471) Archive regions: 2->2
[17.600s][info][gc,heap     ] GC(471) Humongous regions: 0->0
[17.600s][info][gc,metaspace] GC(471) Metaspace: 615K(832K)->615K(832K) NonClass: 597K(704K)->597K(704K) Class: 17K(128K)->17K(128K)
[17.601s][info][gc          ] GC(471) Pause Young (Normal) (G1 Evacuation Pause) 154M->5M(256M) 6.470ms
[17.601s][info][gc,cpu      ] GC(471) User=0.00s Sys=0.00s Real=0.01s
[17.633s][info][gc,start    ] GC(472) Pause Young (Normal) (G1 Evacuation Pause)
[17.633s][info][gc,task     ] GC(472) Using 6 workers of 8 for evacuation
[17.636s][info][gc,phases   ] GC(472)   Pre Evacuate Collection Set: 0.3ms
[17.637s][info][gc,phases   ] GC(472)   Merge Heap Roots: 0.2ms
[17.637s][info][gc,phases   ] GC(472)   Evacuate Collection Set: 1.0ms
[17.637s][info][gc,phases   ] GC(472)   Post Evacuate Collection Set: 0.8ms
[17.638s][info][gc,phases   ] GC(472)   Other: 0.5ms
[17.638s][info][gc,heap     ] GC(472) Eden regions: 150->0(149)
[17.638s][info][gc,heap     ] GC(472) Survivor regions: 3->4(20)
[17.639s][info][gc,heap     ] GC(472) Old regions: 2->2
[17.639s][info][gc,heap     ] GC(472) Archive regions: 2->2
[17.639s][info][gc,heap     ] GC(472) Humongous regions: 0->0
[17.640s][info][gc,metaspace] GC(472) Metaspace: 615K(832K)->615K(832K) NonClass: 597K(704K)->597K(704K) Class: 17K(128K)->17K(128K)
[17.640s][info][gc          ] GC(472) Pause Young (Normal) (G1 Evacuation Pause) 155M->6M(256M) 7.067ms
[17.640s][info][gc,cpu      ] GC(472) User=0.00s Sys=0.00s Real=0.01s
[17.670s][info][gc,start    ] GC(473) Pause Young (Normal) (G1 Evacuation Pause)
[17.671s][info][gc,task     ] GC(473) Using 6 workers of 8 for evacuation
[17.674s][info][gc,phases   ] GC(473)   Pre Evacuate Collection Set: 0.3ms
[17.675s][info][gc,phases   ] GC(473)   Merge Heap Roots: 0.3ms
[17.675s][info][gc,phases   ] GC(473)   Evacuate Collection Set: 1.4ms
[17.675s][info][gc,phases   ] GC(473)   Post Evacuate Collection Set: 0.9ms
[17.676s][info][gc,phases   ] GC(473)   Other: 0.5ms
[17.676s][info][gc,heap     ] GC(473) Eden regions: 149->0(149)
[17.676s][info][gc,heap     ] GC(473) Survivor regions: 4->4(20)
[17.676s][info][gc,heap     ] GC(473) Old regions: 2->2
[17.677s][info][gc,heap     ] GC(473) Archive regions: 2->2
[17.677s][info][gc,heap     ] GC(473) Humongous regions: 0->0
[17.678s][info][gc,metaspace] GC(473) Metaspace: 615K(832K)->615K(832K) NonClass: 597K(704K)->597K(704K) Class: 17K(128K)->17K(128K)
[17.678s][info][gc          ] GC(473) Pause Young (Normal) (G1 Evacuation Pause) 155M->6M(256M) 7.715ms
[17.679s][info][gc,cpu      ] GC(473) User=0.01s Sys=0.00s Real=0.01s
[17.706s][info][gc,start    ] GC(474) Pause Young (Normal) (G1 Evacuation Pause)
[17.706s][info][gc,task     ] GC(474) Using 6 workers of 8 for evacuation
[17.709s][info][gc,phases   ] GC(474)   Pre Evacuate Collection Set: 0.3ms
[17.710s][info][gc,phases   ] GC(474)   Merge Heap Roots: 0.2ms
[17.710s][info][gc,phases   ] GC(474)   Evacuate Collection Set: 0.9ms
[17.710s][info][gc,phases   ] GC(474)   Post Evacuate Collection Set: 0.9ms
[17.711s][info][gc,phases   ] GC(474)   Other: 0.5ms
[17.711s][info][gc,heap     ] GC(474) Eden regions: 149->0(149)
[17.711s][info][gc,heap     ] GC(474) Survivor regions: 4->4(20)
[17.712s][info][gc,heap     ] GC(474) Old regions: 2->2
[17.712s][info][gc,heap     ] GC(474) Archive regions: 2->2
[17.712s][info][gc,heap     ] GC(474) Humongous regions: 0->0
[17.713s][info][gc,metaspace] GC(474) Metaspace: 615K(832K)->615K(832K) NonClass: 597K(704K)->597K(704K) Class: 17K(128K)->17K(128K)
[17.713s][info][gc          ] GC(474) Pause Young (Normal) (G1 Evacuation Pause) 155M->5M(256M) 7.412ms
[17.713s][info][gc,cpu      ] GC(474) User=0.01s Sys=0.00s Real=0.01s
[17.755s][info][gc,start    ] GC(475) Pause Young (Normal) (G1 Evacuation Pause)
[17.755s][info][gc,task     ] GC(475) Using 6 workers of 8 for evacuation
[17.759s][info][gc,phases   ] GC(475)   Pre Evacuate Collection Set: 0.2ms
[17.760s][info][gc,phases   ] GC(475)   Merge Heap Roots: 0.6ms
[17.761s][info][gc,phases   ] GC(475)   Evacuate Collection Set: 1.5ms
[17.763s][info][gc,phases   ] GC(475)   Post Evacuate Collection Set: 0.8ms
[17.767s][info][gc,phases   ] GC(475)   Other: 0.5ms
[17.768s][info][gc,heap     ] GC(475) Eden regions: 149->0(150)
[17.769s][info][gc,heap     ] GC(475) Survivor regions: 4->3(20)
[17.769s][info][gc,heap     ] GC(475) Old regions: 2->2
[17.771s][info][gc,heap     ] GC(475) Archive regions: 2->2
[17.771s][info][gc,heap     ] GC(475) Humongous regions: 0->0
[17.772s][info][gc,metaspace] GC(475) Metaspace: 615K(832K)->615K(832K) NonClass: 597K(704K)->597K(704K) Class: 17K(128K)->17K(128K)
[17.772s][info][gc          ] GC(475) Pause Young (Normal) (G1 Evacuation Pause) 154M->5M(256M) 17.636ms
[17.773s][info][gc,cpu      ] GC(475) User=0.00s Sys=0.01s Real=0.02s
[17.812s][info][gc,start    ] GC(476) Pause Young (Normal) (G1 Evacuation Pause)
[17.813s][info][gc,task     ] GC(476) Using 6 workers of 8 for evacuation
[17.816s][info][gc,phases   ] GC(476)   Pre Evacuate Collection Set: 0.2ms
[17.817s][info][gc,phases   ] GC(476)   Merge Heap Roots: 0.1ms
[17.817s][info][gc,phases   ] GC(476)   Evacuate Collection Set: 1.6ms
[17.818s][info][gc,phases   ] GC(476)   Post Evacuate Collection Set: 0.9ms
[17.818s][info][gc,phases   ] GC(476)   Other: 0.6ms
[17.819s][info][gc,heap     ] GC(476) Eden regions: 150->0(149)
[17.819s][info][gc,heap     ] GC(476) Survivor regions: 3->4(20)
[17.819s][info][gc,heap     ] GC(476) Old regions: 2->2
[17.820s][info][gc,heap     ] GC(476) Archive regions: 2->2
[17.820s][info][gc,heap     ] GC(476) Humongous regions: 0->0
[17.820s][info][gc,metaspace] GC(476) Metaspace: 615K(832K)->615K(832K) NonClass: 597K(704K)->597K(704K) Class: 17K(128K)->17K(128K)
[17.821s][info][gc          ] GC(476) Pause Young (Normal) (G1 Evacuation Pause) 155M->6M(256M) 9.159ms
[17.822s][info][gc,cpu      ] GC(476) User=0.01s Sys=0.00s Real=0.01s
[17.858s][info][gc,start    ] GC(477) Pause Young (Normal) (G1 Evacuation Pause)
[17.858s][info][gc,task     ] GC(477) Using 6 workers of 8 for evacuation
[17.862s][info][gc,phases   ] GC(477)   Pre Evacuate Collection Set: 0.2ms
[17.863s][info][gc,phases   ] GC(477)   Merge Heap Roots: 0.5ms
[17.864s][info][gc,phases   ] GC(477)   Evacuate Collection Set: 1.5ms
[17.865s][info][gc,phases   ] GC(477)   Post Evacuate Collection Set: 1.3ms
[17.865s][info][gc,phases   ] GC(477)   Other: 0.6ms
[17.866s][info][gc,heap     ] GC(477) Eden regions: 149->0(149)
[17.867s][info][gc,heap     ] GC(477) Survivor regions: 4->4(20)
[17.867s][info][gc,heap     ] GC(477) Old regions: 2->2
[17.867s][info][gc,heap     ] GC(477) Archive regions: 2->2
[17.868s][info][gc,heap     ] GC(477) Humongous regions: 0->0
[17.868s][info][gc,metaspace] GC(477) Metaspace: 615K(832K)->615K(832K) NonClass: 597K(704K)->597K(704K) Class: 17K(128K)->17K(128K)
[17.869s][info][gc          ] GC(477) Pause Young (Normal) (G1 Evacuation Pause) 155M->5M(256M) 11.211ms
[17.870s][info][gc,cpu      ] GC(477) User=0.00s Sys=0.00s Real=0.01s
[17.903s][info][gc,start    ] GC(478) Pause Young (Normal) (G1 Evacuation Pause)
[17.904s][info][gc,task     ] GC(478) Using 6 workers of 8 for evacuation
[17.917s][info][gc,phases   ] GC(478)   Pre Evacuate Collection Set: 0.8ms
[17.921s][info][gc,phases   ] GC(478)   Merge Heap Roots: 0.2ms
[17.926s][info][gc,phases   ] GC(478)   Evacuate Collection Set: 8.3ms
[17.926s][info][gc,phases   ] GC(478)   Post Evacuate Collection Set: 2.6ms
[17.927s][info][gc,phases   ] GC(478)   Other: 0.7ms
[17.927s][info][gc,heap     ] GC(478) Eden regions: 149->0(150)
[17.928s][info][gc,heap     ] GC(478) Survivor regions: 4->3(20)
[17.928s][info][gc,heap     ] GC(478) Old regions: 2->2
[17.930s][info][gc,heap     ] GC(478) Archive regions: 2->2
[17.935s][info][gc,heap     ] GC(478) Humongous regions: 0->0
[17.941s][info][gc,metaspace] GC(478) Metaspace: 615K(832K)->615K(832K) NonClass: 597K(704K)->597K(704K) Class: 17K(128K)->17K(128K)
[17.946s][info][gc          ] GC(478) Pause Young (Normal) (G1 Evacuation Pause) 154M->5M(256M) 42.567ms
[17.949s][info][gc,cpu      ] GC(478) User=0.01s Sys=0.00s Real=0.05s
[18.024s][info][gc,start    ] GC(479) Pause Young (Normal) (G1 Evacuation Pause)
[18.031s][info][gc,task     ] GC(479) Using 6 workers of 8 for evacuation
[18.056s][info][gc,phases   ] GC(479)   Pre Evacuate Collection Set: 0.2ms
[18.061s][info][gc,phases   ] GC(479)   Merge Heap Roots: 0.3ms
[18.064s][info][gc,phases   ] GC(479)   Evacuate Collection Set: 4.6ms
[18.065s][info][gc,phases   ] GC(479)   Post Evacuate Collection Set: 16.4ms
[18.065s][info][gc,phases   ] GC(479)   Other: 3.3ms
[18.065s][info][gc,heap     ] GC(479) Eden regions: 150->0(149)
[18.066s][info][gc,heap     ] GC(479) Survivor regions: 3->4(20)
[18.066s][info][gc,heap     ] GC(479) Old regions: 2->2
[18.067s][info][gc,heap     ] GC(479) Archive regions: 2->2
[18.068s][info][gc,heap     ] GC(479) Humongous regions: 0->0
[18.068s][info][gc,metaspace] GC(479) Metaspace: 615K(832K)->615K(832K) NonClass: 597K(704K)->597K(704K) Class: 17K(128K)->17K(128K)
[18.069s][info][gc          ] GC(479) Pause Young (Normal) (G1 Evacuation Pause) 155M->6M(256M) 44.762ms
[18.070s][info][gc,cpu      ] GC(479) User=0.01s Sys=0.01s Real=0.05s
[18.133s][info][gc,start    ] GC(480) Pause Young (Normal) (G1 Evacuation Pause)
[18.134s][info][gc,task     ] GC(480) Using 6 workers of 8 for evacuation
[18.149s][info][gc,phases   ] GC(480)   Pre Evacuate Collection Set: 0.2ms
[18.149s][info][gc,phases   ] GC(480)   Merge Heap Roots: 1.3ms
[18.150s][info][gc,phases   ] GC(480)   Evacuate Collection Set: 8.2ms
[18.150s][info][gc,phases   ] GC(480)   Post Evacuate Collection Set: 1.7ms
[18.151s][info][gc,phases   ] GC(480)   Other: 3.3ms
[18.151s][info][gc,heap     ] GC(480) Eden regions: 149->0(149)
[18.154s][info][gc,heap     ] GC(480) Survivor regions: 4->4(20)
[18.155s][info][gc,heap     ] GC(480) Old regions: 2->2
[18.155s][info][gc,heap     ] GC(480) Archive regions: 2->2
[18.155s][info][gc,heap     ] GC(480) Humongous regions: 0->0
[18.156s][info][gc,metaspace] GC(480) Metaspace: 615K(832K)->615K(832K) NonClass: 597K(704K)->597K(704K) Class: 17K(128K)->17K(128K)
[18.158s][info][gc          ] GC(480) Pause Young (Normal) (G1 Evacuation Pause) 155M->6M(256M) 24.970ms
[18.159s][info][gc,cpu      ] GC(480) User=0.01s Sys=0.01s Real=0.03s
[18.198s][info][gc,start    ] GC(481) Pause Young (Normal) (G1 Evacuation Pause)
[18.199s][info][gc,task     ] GC(481) Using 6 workers of 8 for evacuation
[18.202s][info][gc,phases   ] GC(481)   Pre Evacuate Collection Set: 0.2ms
[18.202s][info][gc,phases   ] GC(481)   Merge Heap Roots: 0.1ms
[18.203s][info][gc,phases   ] GC(481)   Evacuate Collection Set: 1.5ms
[18.203s][info][gc,phases   ] GC(481)   Post Evacuate Collection Set: 0.7ms
[18.203s][info][gc,phases   ] GC(481)   Other: 0.5ms
[18.204s][info][gc,heap     ] GC(481) Eden regions: 149->0(149)
[18.204s][info][gc,heap     ] GC(481) Survivor regions: 4->4(20)
[18.204s][info][gc,heap     ] GC(481) Old regions: 2->2
[18.205s][info][gc,heap     ] GC(481) Archive regions: 2->2
[18.205s][info][gc,heap     ] GC(481) Humongous regions: 0->0
[18.205s][info][gc,metaspace] GC(481) Metaspace: 615K(832K)->615K(832K) NonClass: 597K(704K)->597K(704K) Class: 17K(128K)->17K(128K)
[18.206s][info][gc          ] GC(481) Pause Young (Normal) (G1 Evacuation Pause) 155M->5M(256M) 7.553ms
[18.206s][info][gc,cpu      ] GC(481) User=0.00s Sys=0.00s Real=0.00s
[18.246s][info][gc,start    ] GC(482) Pause Young (Normal) (G1 Evacuation Pause)
[18.249s][info][gc,task     ] GC(482) Using 6 workers of 8 for evacuation
[18.265s][info][gc,phases   ] GC(482)   Pre Evacuate Collection Set: 0.3ms
[18.265s][info][gc,phases   ] GC(482)   Merge Heap Roots: 5.7ms
[18.266s][info][gc,phases   ] GC(482)   Evacuate Collection Set: 4.6ms
[18.266s][info][gc,phases   ] GC(482)   Post Evacuate Collection Set: 1.0ms
[18.267s][info][gc,phases   ] GC(482)   Other: 4.0ms
[18.267s][info][gc,heap     ] GC(482) Eden regions: 149->0(150)
[18.267s][info][gc,heap     ] GC(482) Survivor regions: 4->3(20)
[18.268s][info][gc,heap     ] GC(482) Old regions: 2->2
[18.268s][info][gc,heap     ] GC(482) Archive regions: 2->2
[18.268s][info][gc,heap     ] GC(482) Humongous regions: 0->0
[18.269s][info][gc,metaspace] GC(482) Metaspace: 615K(832K)->615K(832K) NonClass: 597K(704K)->597K(704K) Class: 17K(128K)->17K(128K)
[18.269s][info][gc          ] GC(482) Pause Young (Normal) (G1 Evacuation Pause) 154M->5M(256M) 22.776ms
[18.270s][info][gc,cpu      ] GC(482) User=0.00s Sys=0.03s Real=0.03s
[18.315s][info][gc,start    ] GC(483) Pause Young (Normal) (G1 Evacuation Pause)
[18.315s][info][gc,task     ] GC(483) Using 6 workers of 8 for evacuation
[18.322s][info][gc,phases   ] GC(483)   Pre Evacuate Collection Set: 0.2ms
[18.327s][info][gc,phases   ] GC(483)   Merge Heap Roots: 0.1ms
[18.328s][info][gc,phases   ] GC(483)   Evacuate Collection Set: 5.1ms
[18.329s][info][gc,phases   ] GC(483)   Post Evacuate Collection Set: 0.7ms
[18.329s][info][gc,phases   ] GC(483)   Other: 0.6ms
[18.330s][info][gc,heap     ] GC(483) Eden regions: 150->0(149)
[18.330s][info][gc,heap     ] GC(483) Survivor regions: 3->4(20)
[18.330s][info][gc,heap     ] GC(483) Old regions: 2->2
[18.331s][info][gc,heap     ] GC(483) Archive regions: 2->2
[18.331s][info][gc,heap     ] GC(483) Humongous regions: 0->0
[18.331s][info][gc,metaspace] GC(483) Metaspace: 615K(832K)->615K(832K) NonClass: 597K(704K)->597K(704K) Class: 17K(128K)->17K(128K)
[18.331s][info][gc          ] GC(483) Pause Young (Normal) (G1 Evacuation Pause) 155M->6M(256M) 16.635ms
[18.332s][info][gc,cpu      ] GC(483) User=0.00s Sys=0.01s Real=0.02s
[18.383s][info][gc,start    ] GC(484) Pause Young (Normal) (G1 Evacuation Pause)
[18.384s][info][gc,task     ] GC(484) Using 6 workers of 8 for evacuation
[18.387s][info][gc,phases   ] GC(484)   Pre Evacuate Collection Set: 0.2ms
[18.387s][info][gc,phases   ] GC(484)   Merge Heap Roots: 0.2ms
[18.388s][info][gc,phases   ] GC(484)   Evacuate Collection Set: 1.2ms
[18.389s][info][gc,phases   ] GC(484)   Post Evacuate Collection Set: 1.0ms
[18.389s][info][gc,phases   ] GC(484)   Other: 0.4ms
[18.390s][info][gc,heap     ] GC(484) Eden regions: 149->0(149)
[18.392s][info][gc,heap     ] GC(484) Survivor regions: 4->4(20)
[18.392s][info][gc,heap     ] GC(484) Old regions: 2->2
[18.393s][info][gc,heap     ] GC(484) Archive regions: 2->2
[18.393s][info][gc,heap     ] GC(484) Humongous regions: 0->0
[18.394s][info][gc,metaspace] GC(484) Metaspace: 615K(832K)->615K(832K) NonClass: 597K(704K)->597K(704K) Class: 17K(128K)->17K(128K)
[18.394s][info][gc          ] GC(484) Pause Young (Normal) (G1 Evacuation Pause) 155M->6M(256M) 10.995ms
[18.394s][info][gc,cpu      ] GC(484) User=0.00s Sys=0.01s Real=0.01s
[18.437s][info][gc,start    ] GC(485) Pause Young (Normal) (G1 Evacuation Pause)
[18.437s][info][gc,task     ] GC(485) Using 6 workers of 8 for evacuation
[18.441s][info][gc,phases   ] GC(485)   Pre Evacuate Collection Set: 0.2ms
[18.457s][info][gc,phases   ] GC(485)   Merge Heap Roots: 0.3ms
[18.462s][info][gc,phases   ] GC(485)   Evacuate Collection Set: 1.3ms
[18.464s][info][gc,phases   ] GC(485)   Post Evacuate Collection Set: 1.6ms
[18.465s][info][gc,phases   ] GC(485)   Other: 0.6ms
[18.466s][info][gc,heap     ] GC(485) Eden regions: 149->0(150)
[18.467s][info][gc,heap     ] GC(485) Survivor regions: 4->3(20)
[18.467s][info][gc,heap     ] GC(485) Old regions: 2->2
[18.467s][info][gc,heap     ] GC(485) Archive regions: 2->2
[18.468s][info][gc,heap     ] GC(485) Humongous regions: 0->0
[18.468s][info][gc,metaspace] GC(485) Metaspace: 615K(832K)->615K(832K) NonClass: 597K(704K)->597K(704K) Class: 17K(128K)->17K(128K)
[18.469s][info][gc          ] GC(485) Pause Young (Normal) (G1 Evacuation Pause) 155M->5M(256M) 32.012ms
[18.470s][info][gc,cpu      ] GC(485) User=0.00s Sys=0.00s Real=0.03s
[18.512s][info][gc,start    ] GC(486) Pause Young (Normal) (G1 Evacuation Pause)
[18.515s][info][gc,task     ] GC(486) Using 6 workers of 8 for evacuation
[18.519s][info][gc,phases   ] GC(486)   Pre Evacuate Collection Set: 0.2ms
[18.520s][info][gc,phases   ] GC(486)   Merge Heap Roots: 0.2ms
[18.520s][info][gc,phases   ] GC(486)   Evacuate Collection Set: 1.3ms
[18.520s][info][gc,phases   ] GC(486)   Post Evacuate Collection Set: 0.7ms
[18.521s][info][gc,phases   ] GC(486)   Other: 1.7ms
[18.521s][info][gc,heap     ] GC(486) Eden regions: 150->0(149)
[18.521s][info][gc,heap     ] GC(486) Survivor regions: 3->4(20)
[18.522s][info][gc,heap     ] GC(486) Old regions: 2->2
[18.522s][info][gc,heap     ] GC(486) Archive regions: 2->2
[18.523s][info][gc,heap     ] GC(486) Humongous regions: 0->0
[18.523s][info][gc,metaspace] GC(486) Metaspace: 615K(832K)->615K(832K) NonClass: 597K(704K)->597K(704K) Class: 17K(128K)->17K(128K)
[18.526s][info][gc          ] GC(486) Pause Young (Normal) (G1 Evacuation Pause) 155M->6M(256M) 13.596ms
[18.527s][info][gc,cpu      ] GC(486) User=0.00s Sys=0.00s Real=0.02s
[18.569s][info][gc,start    ] GC(487) Pause Young (Normal) (G1 Evacuation Pause)
[18.569s][info][gc,task     ] GC(487) Using 6 workers of 8 for evacuation
[18.580s][info][gc,phases   ] GC(487)   Pre Evacuate Collection Set: 0.2ms
[18.581s][info][gc,phases   ] GC(487)   Merge Heap Roots: 0.3ms
[18.582s][info][gc,phases   ] GC(487)   Evacuate Collection Set: 8.4ms
[18.582s][info][gc,phases   ] GC(487)   Post Evacuate Collection Set: 1.0ms
[18.583s][info][gc,phases   ] GC(487)   Other: 0.7ms
[18.583s][info][gc,heap     ] GC(487) Eden regions: 149->0(149)
[18.584s][info][gc,heap     ] GC(487) Survivor regions: 4->4(20)
[18.584s][info][gc,heap     ] GC(487) Old regions: 2->2
[18.585s][info][gc,heap     ] GC(487) Archive regions: 2->2
[18.585s][info][gc,heap     ] GC(487) Humongous regions: 0->0
[18.585s][info][gc,metaspace] GC(487) Metaspace: 615K(832K)->615K(832K) NonClass: 597K(704K)->597K(704K) Class: 17K(128K)->17K(128K)
[18.586s][info][gc          ] GC(487) Pause Young (Normal) (G1 Evacuation Pause) 155M->5M(256M) 16.734ms
[18.586s][info][gc,cpu      ] GC(487) User=0.02s Sys=0.00s Real=0.01s
[18.637s][info][gc,start    ] GC(488) Pause Young (Normal) (G1 Evacuation Pause)
[18.638s][info][gc,task     ] GC(488) Using 6 workers of 8 for evacuation
[18.649s][info][gc,phases   ] GC(488)   Pre Evacuate Collection Set: 0.2ms
[18.650s][info][gc,phases   ] GC(488)   Merge Heap Roots: 0.2ms
[18.650s][info][gc,phases   ] GC(488)   Evacuate Collection Set: 1.5ms
[18.650s][info][gc,phases   ] GC(488)   Post Evacuate Collection Set: 8.8ms
[18.651s][info][gc,phases   ] GC(488)   Other: 0.6ms
[18.651s][info][gc,heap     ] GC(488) Eden regions: 149->0(150)
[18.652s][info][gc,heap     ] GC(488) Survivor regions: 4->3(20)
[18.652s][info][gc,heap     ] GC(488) Old regions: 2->2
[18.652s][info][gc,heap     ] GC(488) Archive regions: 2->2
[18.653s][info][gc,heap     ] GC(488) Humongous regions: 0->0
[18.653s][info][gc,metaspace] GC(488) Metaspace: 615K(832K)->615K(832K) NonClass: 597K(704K)->597K(704K) Class: 17K(128K)->17K(128K)
[18.653s][info][gc          ] GC(488) Pause Young (Normal) (G1 Evacuation Pause) 154M->5M(256M) 15.921ms
[18.654s][info][gc,cpu      ] GC(488) User=0.01s Sys=0.00s Real=0.01s
[18.695s][info][gc,start    ] GC(489) Pause Young (Normal) (G1 Evacuation Pause)
[18.696s][info][gc,task     ] GC(489) Using 6 workers of 8 for evacuation
[18.700s][info][gc,phases   ] GC(489)   Pre Evacuate Collection Set: 0.5ms
[18.700s][info][gc,phases   ] GC(489)   Merge Heap Roots: 0.3ms
[18.701s][info][gc,phases   ] GC(489)   Evacuate Collection Set: 1.8ms
[18.701s][info][gc,phases   ] GC(489)   Post Evacuate Collection Set: 1.0ms
[18.702s][info][gc,phases   ] GC(489)   Other: 0.9ms
[18.702s][info][gc,heap     ] GC(489) Eden regions: 150->0(148)
[18.702s][info][gc,heap     ] GC(489) Survivor regions: 3->5(20)
[18.703s][info][gc,heap     ] GC(489) Old regions: 2->2
[18.703s][info][gc,heap     ] GC(489) Archive regions: 2->2
[18.704s][info][gc,heap     ] GC(489) Humongous regions: 0->0
[18.704s][info][gc,metaspace] GC(489) Metaspace: 615K(832K)->615K(832K) NonClass: 597K(704K)->597K(704K) Class: 17K(128K)->17K(128K)
[18.704s][info][gc          ] GC(489) Pause Young (Normal) (G1 Evacuation Pause) 155M->6M(256M) 9.874ms
[18.705s][info][gc,cpu      ] GC(489) User=0.00s Sys=0.02s Real=0.01s
[18.752s][info][gc,start    ] GC(490) Pause Young (Normal) (G1 Evacuation Pause)
[18.753s][info][gc,task     ] GC(490) Using 6 workers of 8 for evacuation
[18.757s][info][gc,phases   ] GC(490)   Pre Evacuate Collection Set: 0.2ms
[18.759s][info][gc,phases   ] GC(490)   Merge Heap Roots: 0.3ms
[18.759s][info][gc,phases   ] GC(490)   Evacuate Collection Set: 2.1ms
[18.760s][info][gc,phases   ] GC(490)   Post Evacuate Collection Set: 1.2ms
[18.761s][info][gc,phases   ] GC(490)   Other: 0.5ms
[18.761s][info][gc,heap     ] GC(490) Eden regions: 148->0(150)
[18.762s][info][gc,heap     ] GC(490) Survivor regions: 5->3(20)
[18.762s][info][gc,heap     ] GC(490) Old regions: 2->2
[18.762s][info][gc,heap     ] GC(490) Archive regions: 2->2
[18.763s][info][gc,heap     ] GC(490) Humongous regions: 0->0
[18.763s][info][gc,metaspace] GC(490) Metaspace: 615K(832K)->615K(832K) NonClass: 597K(704K)->597K(704K) Class: 17K(128K)->17K(128K)
[18.763s][info][gc          ] GC(490) Pause Young (Normal) (G1 Evacuation Pause) 154M->5M(256M) 10.961ms
[18.764s][info][gc,cpu      ] GC(490) User=0.01s Sys=0.00s Real=0.01s
[18.801s][info][gc,start    ] GC(491) Pause Young (Normal) (G1 Evacuation Pause)
[18.801s][info][gc,task     ] GC(491) Using 6 workers of 8 for evacuation
[18.804s][info][gc,phases   ] GC(491)   Pre Evacuate Collection Set: 0.2ms
[18.804s][info][gc,phases   ] GC(491)   Merge Heap Roots: 0.3ms
[18.804s][info][gc,phases   ] GC(491)   Evacuate Collection Set: 1.1ms
[18.805s][info][gc,phases   ] GC(491)   Post Evacuate Collection Set: 0.8ms
[18.805s][info][gc,phases   ] GC(491)   Other: 0.4ms
[18.805s][info][gc,heap     ] GC(491) Eden regions: 150->0(149)
[18.806s][info][gc,heap     ] GC(491) Survivor regions: 3->4(20)
[18.806s][info][gc,heap     ] GC(491) Old regions: 2->2
[18.807s][info][gc,heap     ] GC(491) Archive regions: 2->2
[18.808s][info][gc,heap     ] GC(491) Humongous regions: 0->0
[18.809s][info][gc,metaspace] GC(491) Metaspace: 615K(832K)->615K(832K) NonClass: 597K(704K)->597K(704K) Class: 17K(128K)->17K(128K)
[18.810s][info][gc          ] GC(491) Pause Young (Normal) (G1 Evacuation Pause) 155M->6M(256M) 9.074ms
[18.810s][info][gc,cpu      ] GC(491) User=0.00s Sys=0.00s Real=0.01s
[18.850s][info][gc,start    ] GC(492) Pause Young (Normal) (G1 Evacuation Pause)
[18.851s][info][gc,task     ] GC(492) Using 6 workers of 8 for evacuation
[18.853s][info][gc,phases   ] GC(492)   Pre Evacuate Collection Set: 0.3ms
[18.854s][info][gc,phases   ] GC(492)   Merge Heap Roots: 0.3ms
[18.854s][info][gc,phases   ] GC(492)   Evacuate Collection Set: 0.8ms
[18.854s][info][gc,phases   ] GC(492)   Post Evacuate Collection Set: 0.8ms
[18.855s][info][gc,phases   ] GC(492)   Other: 0.5ms
[18.855s][info][gc,heap     ] GC(492) Eden regions: 149->0(149)
[18.856s][info][gc,heap     ] GC(492) Survivor regions: 4->4(20)
[18.856s][info][gc,heap     ] GC(492) Old regions: 2->2
[18.856s][info][gc,heap     ] GC(492) Archive regions: 2->2
[18.857s][info][gc,heap     ] GC(492) Humongous regions: 0->0
[18.860s][info][gc,metaspace] GC(492) Metaspace: 615K(832K)->615K(832K) NonClass: 597K(704K)->597K(704K) Class: 17K(128K)->17K(128K)
[18.861s][info][gc          ] GC(492) Pause Young (Normal) (G1 Evacuation Pause) 155M->5M(256M) 11.057ms
[18.862s][info][gc,cpu      ] GC(492) User=0.01s Sys=0.00s Real=0.01s
[18.904s][info][gc,start    ] GC(493) Pause Young (Normal) (G1 Evacuation Pause)
[18.905s][info][gc,task     ] GC(493) Using 6 workers of 8 for evacuation
[18.912s][info][gc,phases   ] GC(493)   Pre Evacuate Collection Set: 0.4ms
[18.913s][info][gc,phases   ] GC(493)   Merge Heap Roots: 0.3ms
[18.914s][info][gc,phases   ] GC(493)   Evacuate Collection Set: 5.0ms
[18.914s][info][gc,phases   ] GC(493)   Post Evacuate Collection Set: 1.1ms
[18.915s][info][gc,phases   ] GC(493)   Other: 0.5ms
[18.915s][info][gc,heap     ] GC(493) Eden regions: 149->0(150)
[18.916s][info][gc,heap     ] GC(493) Survivor regions: 4->3(20)
[18.916s][info][gc,heap     ] GC(493) Old regions: 2->2
[18.916s][info][gc,heap     ] GC(493) Archive regions: 2->2
[18.917s][info][gc,heap     ] GC(493) Humongous regions: 0->0
[18.917s][info][gc,metaspace] GC(493) Metaspace: 615K(832K)->615K(832K) NonClass: 597K(704K)->597K(704K) Class: 17K(128K)->17K(128K)
[18.918s][info][gc          ] GC(493) Pause Young (Normal) (G1 Evacuation Pause) 154M->5M(256M) 13.431ms
[18.918s][info][gc,cpu      ] GC(493) User=0.01s Sys=0.01s Real=0.02s
[18.972s][info][gc,start    ] GC(494) Pause Young (Normal) (G1 Evacuation Pause)
[18.972s][info][gc,task     ] GC(494) Using 6 workers of 8 for evacuation
[18.984s][info][gc,phases   ] GC(494)   Pre Evacuate Collection Set: 1.0ms
[18.987s][info][gc,phases   ] GC(494)   Merge Heap Roots: 0.7ms
[18.988s][info][gc,phases   ] GC(494)   Evacuate Collection Set: 8.2ms
[18.990s][info][gc,phases   ] GC(494)   Post Evacuate Collection Set: 1.0ms
[18.994s][info][gc,phases   ] GC(494)   Other: 0.7ms
[18.995s][info][gc,heap     ] GC(494) Eden regions: 150->0(149)
[18.997s][info][gc,heap     ] GC(494) Survivor regions: 3->4(20)
[18.997s][info][gc,heap     ] GC(494) Old regions: 2->2
[18.998s][info][gc,heap     ] GC(494) Archive regions: 2->2
[18.998s][info][gc,heap     ] GC(494) Humongous regions: 0->0
[18.998s][info][gc,metaspace] GC(494) Metaspace: 615K(832K)->615K(832K) NonClass: 597K(704K)->597K(704K) Class: 17K(128K)->17K(128K)
[18.999s][info][gc          ] GC(494) Pause Young (Normal) (G1 Evacuation Pause) 155M->6M(256M) 27.073ms
[18.999s][info][gc,cpu      ] GC(494) User=0.04s Sys=0.01s Real=0.03s
[19.049s][info][gc,start    ] GC(495) Pause Young (Normal) (G1 Evacuation Pause)
[19.050s][info][gc,task     ] GC(495) Using 6 workers of 8 for evacuation
[19.053s][info][gc,phases   ] GC(495)   Pre Evacuate Collection Set: 0.3ms
[19.053s][info][gc,phases   ] GC(495)   Merge Heap Roots: 0.2ms
[19.054s][info][gc,phases   ] GC(495)   Evacuate Collection Set: 1.3ms
[19.054s][info][gc,phases   ] GC(495)   Post Evacuate Collection Set: 0.9ms
[19.055s][info][gc,phases   ] GC(495)   Other: 0.5ms
[19.055s][info][gc,heap     ] GC(495) Eden regions: 149->0(149)
[19.055s][info][gc,heap     ] GC(495) Survivor regions: 4->4(20)
[19.056s][info][gc,heap     ] GC(495) Old regions: 2->2
[19.057s][info][gc,heap     ] GC(495) Archive regions: 2->2
[19.058s][info][gc,heap     ] GC(495) Humongous regions: 0->0
[19.059s][info][gc,metaspace] GC(495) Metaspace: 615K(832K)->615K(832K) NonClass: 597K(704K)->597K(704K) Class: 17K(128K)->17K(128K)
[19.060s][info][gc          ] GC(495) Pause Young (Normal) (G1 Evacuation Pause) 155M->5M(256M) 10.291ms
[19.060s][info][gc,cpu      ] GC(495) User=0.00s Sys=0.00s Real=0.01s
[19.117s][info][gc,start    ] GC(496) Pause Young (Normal) (G1 Evacuation Pause)
[19.118s][info][gc,task     ] GC(496) Using 6 workers of 8 for evacuation
[19.121s][info][gc,phases   ] GC(496)   Pre Evacuate Collection Set: 0.3ms
[19.122s][info][gc,phases   ] GC(496)   Merge Heap Roots: 0.2ms
[19.122s][info][gc,phases   ] GC(496)   Evacuate Collection Set: 1.6ms
[19.123s][info][gc,phases   ] GC(496)   Post Evacuate Collection Set: 0.9ms
[19.123s][info][gc,phases   ] GC(496)   Other: 0.4ms
[19.124s][info][gc,heap     ] GC(496) Eden regions: 149->0(150)
[19.124s][info][gc,heap     ] GC(496) Survivor regions: 4->3(20)
[19.125s][info][gc,heap     ] GC(496) Old regions: 2->2
[19.126s][info][gc,heap     ] GC(496) Archive regions: 2->2
[19.126s][info][gc,heap     ] GC(496) Humongous regions: 0->0
[19.127s][info][gc,metaspace] GC(496) Metaspace: 615K(832K)->615K(832K) NonClass: 597K(704K)->597K(704K) Class: 17K(128K)->17K(128K)
[19.127s][info][gc          ] GC(496) Pause Young (Normal) (G1 Evacuation Pause) 154M->5M(256M) 9.754ms
[19.128s][info][gc,cpu      ] GC(496) User=0.01s Sys=0.00s Real=0.01s
[19.170s][info][gc,start    ] GC(497) Pause Young (Normal) (G1 Evacuation Pause)
[19.170s][info][gc,task     ] GC(497) Using 6 workers of 8 for evacuation
[19.173s][info][gc,phases   ] GC(497)   Pre Evacuate Collection Set: 0.2ms
[19.174s][info][gc,phases   ] GC(497)   Merge Heap Roots: 0.2ms
[19.175s][info][gc,phases   ] GC(497)   Evacuate Collection Set: 0.8ms
[19.176s][info][gc,phases   ] GC(497)   Post Evacuate Collection Set: 0.8ms
[19.177s][info][gc,phases   ] GC(497)   Other: 0.5ms
[19.178s][info][gc,heap     ] GC(497) Eden regions: 150->0(149)
[19.178s][info][gc,heap     ] GC(497) Survivor regions: 3->4(20)
[19.179s][info][gc,heap     ] GC(497) Old regions: 2->2
[19.180s][info][gc,heap     ] GC(497) Archive regions: 2->2
[19.180s][info][gc,heap     ] GC(497) Humongous regions: 0->0
[19.180s][info][gc,metaspace] GC(497) Metaspace: 615K(832K)->615K(832K) NonClass: 597K(704K)->597K(704K) Class: 17K(128K)->17K(128K)
[19.181s][info][gc          ] GC(497) Pause Young (Normal) (G1 Evacuation Pause) 155M->6M(256M) 11.054ms
[19.181s][info][gc,cpu      ] GC(497) User=0.01s Sys=0.00s Real=0.01s
[19.222s][info][gc,start    ] GC(498) Pause Young (Normal) (G1 Evacuation Pause)
[19.223s][info][gc,task     ] GC(498) Using 6 workers of 8 for evacuation
[19.228s][info][gc,phases   ] GC(498)   Pre Evacuate Collection Set: 0.6ms
[19.230s][info][gc,phases   ] GC(498)   Merge Heap Roots: 0.6ms
[19.230s][info][gc,phases   ] GC(498)   Evacuate Collection Set: 2.7ms
[19.230s][info][gc,phases   ] GC(498)   Post Evacuate Collection Set: 1.4ms
[19.231s][info][gc,phases   ] GC(498)   Other: 0.6ms
[19.231s][info][gc,heap     ] GC(498) Eden regions: 149->0(149)
[19.231s][info][gc,heap     ] GC(498) Survivor regions: 4->4(20)
[19.232s][info][gc,heap     ] GC(498) Old regions: 2->2
[19.232s][info][gc,heap     ] GC(498) Archive regions: 2->2
[19.232s][info][gc,heap     ] GC(498) Humongous regions: 0->0
[19.233s][info][gc,metaspace] GC(498) Metaspace: 615K(832K)->615K(832K) NonClass: 597K(704K)->597K(704K) Class: 17K(128K)->17K(128K)
[19.233s][info][gc          ] GC(498) Pause Young (Normal) (G1 Evacuation Pause) 155M->5M(256M) 11.052ms
[19.233s][info][gc,cpu      ] GC(498) User=0.00s Sys=0.01s Real=0.01s
[19.284s][info][gc,start    ] GC(499) Pause Young (Normal) (G1 Evacuation Pause)
[19.284s][info][gc,task     ] GC(499) Using 6 workers of 8 for evacuation
[19.287s][info][gc,phases   ] GC(499)   Pre Evacuate Collection Set: 0.3ms
[19.288s][info][gc,phases   ] GC(499)   Merge Heap Roots: 0.3ms
[19.288s][info][gc,phases   ] GC(499)   Evacuate Collection Set: 1.2ms
[19.288s][info][gc,phases   ] GC(499)   Post Evacuate Collection Set: 0.7ms
[19.289s][info][gc,phases   ] GC(499)   Other: 0.5ms
[19.289s][info][gc,heap     ] GC(499) Eden regions: 149->0(150)
[19.289s][info][gc,heap     ] GC(499) Survivor regions: 4->3(20)
[19.289s][info][gc,heap     ] GC(499) Old regions: 2->2
[19.290s][info][gc,heap     ] GC(499) Archive regions: 2->2
[19.290s][info][gc,heap     ] GC(499) Humongous regions: 0->0
[19.291s][info][gc,metaspace] GC(499) Metaspace: 615K(832K)->615K(832K) NonClass: 597K(704K)->597K(704K) Class: 17K(128K)->17K(128K)
[19.292s][info][gc          ] GC(499) Pause Young (Normal) (G1 Evacuation Pause) 154M->5M(256M) 8.438ms
[19.293s][info][gc,cpu      ] GC(499) User=0.00s Sys=0.01s Real=0.01s
[19.336s][info][gc,start    ] GC(500) Pause Young (Normal) (G1 Evacuation Pause)
[19.337s][info][gc,task     ] GC(500) Using 6 workers of 8 for evacuation
[19.339s][info][gc,phases   ] GC(500)   Pre Evacuate Collection Set: 0.2ms
[19.340s][info][gc,phases   ] GC(500)   Merge Heap Roots: 0.3ms
[19.341s][info][gc,phases   ] GC(500)   Evacuate Collection Set: 0.8ms
[19.341s][info][gc,phases   ] GC(500)   Post Evacuate Collection Set: 0.9ms
[19.342s][info][gc,phases   ] GC(500)   Other: 0.5ms
[19.342s][info][gc,heap     ] GC(500) Eden regions: 150->0(149)
[19.343s][info][gc,heap     ] GC(500) Survivor regions: 3->4(20)
[19.344s][info][gc,heap     ] GC(500) Old regions: 2->2
[19.344s][info][gc,heap     ] GC(500) Archive regions: 2->2
[19.344s][info][gc,heap     ] GC(500) Humongous regions: 0->0
[19.345s][info][gc,metaspace] GC(500) Metaspace: 615K(832K)->615K(832K) NonClass: 597K(704K)->597K(704K) Class: 17K(128K)->17K(128K)
[19.345s][info][gc          ] GC(500) Pause Young (Normal) (G1 Evacuation Pause) 155M->6M(256M) 9.204ms
[19.346s][info][gc,cpu      ] GC(500) User=0.01s Sys=0.00s Real=0.01s
[19.393s][info][gc,start    ] GC(501) Pause Young (Normal) (G1 Evacuation Pause)
[19.394s][info][gc,task     ] GC(501) Using 6 workers of 8 for evacuation
[19.398s][info][gc,phases   ] GC(501)   Pre Evacuate Collection Set: 0.3ms
[19.398s][info][gc,phases   ] GC(501)   Merge Heap Roots: 0.3ms
[19.399s][info][gc,phases   ] GC(501)   Evacuate Collection Set: 1.6ms
[19.399s][info][gc,phases   ] GC(501)   Post Evacuate Collection Set: 0.8ms
[19.399s][info][gc,phases   ] GC(501)   Other: 0.8ms
[19.400s][info][gc,heap     ] GC(501) Eden regions: 149->0(149)
[19.400s][info][gc,heap     ] GC(501) Survivor regions: 4->4(20)
[19.400s][info][gc,heap     ] GC(501) Old regions: 2->2
[19.400s][info][gc,heap     ] GC(501) Archive regions: 2->2
[19.401s][info][gc,heap     ] GC(501) Humongous regions: 0->0
[19.401s][info][gc,metaspace] GC(501) Metaspace: 615K(832K)->615K(832K) NonClass: 597K(704K)->597K(704K) Class: 17K(128K)->17K(128K)
[19.401s][info][gc          ] GC(501) Pause Young (Normal) (G1 Evacuation Pause) 155M->6M(256M) 8.322ms
[19.402s][info][gc,cpu      ] GC(501) User=0.00s Sys=0.01s Real=0.01s
[19.446s][info][gc,start    ] GC(502) Pause Young (Normal) (G1 Evacuation Pause)
[19.447s][info][gc,task     ] GC(502) Using 6 workers of 8 for evacuation
[19.450s][info][gc,phases   ] GC(502)   Pre Evacuate Collection Set: 0.3ms
[19.450s][info][gc,phases   ] GC(502)   Merge Heap Roots: 0.2ms
[19.450s][info][gc,phases   ] GC(502)   Evacuate Collection Set: 1.1ms
[19.451s][info][gc,phases   ] GC(502)   Post Evacuate Collection Set: 0.7ms
[19.451s][info][gc,phases   ] GC(502)   Other: 0.5ms
[19.451s][info][gc,heap     ] GC(502) Eden regions: 149->0(149)
[19.452s][info][gc,heap     ] GC(502) Survivor regions: 4->4(20)
[19.452s][info][gc,heap     ] GC(502) Old regions: 2->2
[19.452s][info][gc,heap     ] GC(502) Archive regions: 2->2
[19.453s][info][gc,heap     ] GC(502) Humongous regions: 0->0
[19.453s][info][gc,metaspace] GC(502) Metaspace: 615K(832K)->615K(832K) NonClass: 597K(704K)->597K(704K) Class: 17K(128K)->17K(128K)
[19.453s][info][gc          ] GC(502) Pause Young (Normal) (G1 Evacuation Pause) 155M->5M(256M) 7.376ms
[19.454s][info][gc,cpu      ] GC(502) User=0.01s Sys=0.00s Real=0.01s
[19.517s][info][gc,start    ] GC(503) Pause Young (Normal) (G1 Evacuation Pause)
[19.522s][info][gc,task     ] GC(503) Using 6 workers of 8 for evacuation
[19.530s][info][gc,phases   ] GC(503)   Pre Evacuate Collection Set: 0.3ms
[19.546s][info][gc,phases   ] GC(503)   Merge Heap Roots: 0.3ms
[19.546s][info][gc,phases   ] GC(503)   Evacuate Collection Set: 0.9ms
[19.547s][info][gc,phases   ] GC(503)   Post Evacuate Collection Set: 0.8ms
[19.547s][info][gc,phases   ] GC(503)   Other: 5.9ms
[19.548s][info][gc,heap     ] GC(503) Eden regions: 149->0(150)
[19.548s][info][gc,heap     ] GC(503) Survivor regions: 4->3(20)
[19.549s][info][gc,heap     ] GC(503) Old regions: 2->2
[19.549s][info][gc,heap     ] GC(503) Archive regions: 2->2
[19.549s][info][gc,heap     ] GC(503) Humongous regions: 0->0
[19.550s][info][gc,metaspace] GC(503) Metaspace: 615K(832K)->615K(832K) NonClass: 597K(704K)->597K(704K) Class: 17K(128K)->17K(128K)
[19.550s][info][gc          ] GC(503) Pause Young (Normal) (G1 Evacuation Pause) 154M->5M(256M) 32.684ms
[19.550s][info][gc,cpu      ] GC(503) User=0.01s Sys=0.00s Real=0.03s
[19.605s][info][gc,start    ] GC(504) Pause Young (Normal) (G1 Evacuation Pause)
[19.606s][info][gc,task     ] GC(504) Using 6 workers of 8 for evacuation
[19.612s][info][gc,phases   ] GC(504)   Pre Evacuate Collection Set: 0.6ms
[19.613s][info][gc,phases   ] GC(504)   Merge Heap Roots: 0.4ms
[19.613s][info][gc,phases   ] GC(504)   Evacuate Collection Set: 3.0ms
[19.614s][info][gc,phases   ] GC(504)   Post Evacuate Collection Set: 1.1ms
[19.614s][info][gc,phases   ] GC(504)   Other: 0.7ms
[19.614s][info][gc,heap     ] GC(504) Eden regions: 150->0(149)
[19.615s][info][gc,heap     ] GC(504) Survivor regions: 3->4(20)
[19.615s][info][gc,heap     ] GC(504) Old regions: 2->2
[19.615s][info][gc,heap     ] GC(504) Archive regions: 2->2
[19.615s][info][gc,heap     ] GC(504) Humongous regions: 0->0
[19.616s][info][gc,metaspace] GC(504) Metaspace: 615K(832K)->615K(832K) NonClass: 597K(704K)->597K(704K) Class: 17K(128K)->17K(128K)
[19.616s][info][gc          ] GC(504) Pause Young (Normal) (G1 Evacuation Pause) 155M->6M(256M) 10.782ms
[19.617s][info][gc,cpu      ] GC(504) User=0.00s Sys=0.02s Real=0.01s
[19.665s][info][gc,start    ] GC(505) Pause Young (Normal) (G1 Evacuation Pause)
[19.665s][info][gc,task     ] GC(505) Using 6 workers of 8 for evacuation
[19.668s][info][gc,phases   ] GC(505)   Pre Evacuate Collection Set: 0.2ms
[19.669s][info][gc,phases   ] GC(505)   Merge Heap Roots: 0.2ms
[19.670s][info][gc,phases   ] GC(505)   Evacuate Collection Set: 1.2ms
[19.670s][info][gc,phases   ] GC(505)   Post Evacuate Collection Set: 0.9ms
[19.671s][info][gc,phases   ] GC(505)   Other: 0.6ms
[19.671s][info][gc,heap     ] GC(505) Eden regions: 149->0(149)
[19.671s][info][gc,heap     ] GC(505) Survivor regions: 4->4(20)
[19.672s][info][gc,heap     ] GC(505) Old regions: 2->2
[19.673s][info][gc,heap     ] GC(505) Archive regions: 2->2
[19.673s][info][gc,heap     ] GC(505) Humongous regions: 0->0
[19.674s][info][gc,metaspace] GC(505) Metaspace: 615K(832K)->615K(832K) NonClass: 597K(704K)->597K(704K) Class: 17K(128K)->17K(128K)
[19.675s][info][gc          ] GC(505) Pause Young (Normal) (G1 Evacuation Pause) 155M->6M(256M) 10.477ms
[19.676s][info][gc,cpu      ] GC(505) User=0.01s Sys=0.00s Real=0.01s
[19.719s][info][gc,start    ] GC(506) Pause Young (Normal) (G1 Evacuation Pause)
[19.719s][info][gc,task     ] GC(506) Using 6 workers of 8 for evacuation
[19.722s][info][gc,phases   ] GC(506)   Pre Evacuate Collection Set: 0.3ms
[19.723s][info][gc,phases   ] GC(506)   Merge Heap Roots: 0.2ms
[19.723s][info][gc,phases   ] GC(506)   Evacuate Collection Set: 1.2ms
[19.724s][info][gc,phases   ] GC(506)   Post Evacuate Collection Set: 0.9ms
[19.725s][info][gc,phases   ] GC(506)   Other: 0.5ms
[19.725s][info][gc,heap     ] GC(506) Eden regions: 149->0(150)
[19.726s][info][gc,heap     ] GC(506) Survivor regions: 4->3(20)
[19.727s][info][gc,heap     ] GC(506) Old regions: 2->2
[19.727s][info][gc,heap     ] GC(506) Archive regions: 2->2
[19.728s][info][gc,heap     ] GC(506) Humongous regions: 0->0
[19.728s][info][gc,metaspace] GC(506) Metaspace: 615K(832K)->615K(832K) NonClass: 597K(704K)->597K(704K) Class: 17K(128K)->17K(128K)
[19.729s][info][gc          ] GC(506) Pause Young (Normal) (G1 Evacuation Pause) 155M->5M(256M) 9.545ms
[19.729s][info][gc,cpu      ] GC(506) User=0.01s Sys=0.00s Real=0.01s
[19.774s][info][gc,start    ] GC(507) Pause Young (Normal) (G1 Evacuation Pause)
[19.774s][info][gc,task     ] GC(507) Using 6 workers of 8 for evacuation
[19.777s][info][gc,phases   ] GC(507)   Pre Evacuate Collection Set: 0.3ms
[19.778s][info][gc,phases   ] GC(507)   Merge Heap Roots: 0.2ms
[19.779s][info][gc,phases   ] GC(507)   Evacuate Collection Set: 1.0ms
[19.780s][info][gc,phases   ] GC(507)   Post Evacuate Collection Set: 0.9ms
[19.781s][info][gc,phases   ] GC(507)   Other: 0.5ms
[19.782s][info][gc,heap     ] GC(507) Eden regions: 150->0(149)
[19.782s][info][gc,heap     ] GC(507) Survivor regions: 3->4(20)
[19.783s][info][gc,heap     ] GC(507) Old regions: 2->2
[19.784s][info][gc,heap     ] GC(507) Archive regions: 2->2
[19.784s][info][gc,heap     ] GC(507) Humongous regions: 0->0
[19.784s][info][gc,metaspace] GC(507) Metaspace: 615K(832K)->615K(832K) NonClass: 597K(704K)->597K(704K) Class: 17K(128K)->17K(128K)
[19.785s][info][gc          ] GC(507) Pause Young (Normal) (G1 Evacuation Pause) 155M->6M(256M) 10.925ms
[19.785s][info][gc,cpu      ] GC(507) User=0.00s Sys=0.01s Real=0.01s
[19.838s][info][gc,start    ] GC(508) Pause Young (Normal) (G1 Evacuation Pause)
[19.838s][info][gc,task     ] GC(508) Using 6 workers of 8 for evacuation
[19.841s][info][gc,phases   ] GC(508)   Pre Evacuate Collection Set: 0.2ms
[19.842s][info][gc,phases   ] GC(508)   Merge Heap Roots: 0.2ms
[19.843s][info][gc,phases   ] GC(508)   Evacuate Collection Set: 1.1ms
[19.844s][info][gc,phases   ] GC(508)   Post Evacuate Collection Set: 0.9ms
[19.845s][info][gc,phases   ] GC(508)   Other: 0.4ms
[19.846s][info][gc,heap     ] GC(508) Eden regions: 149->0(149)
[19.846s][info][gc,heap     ] GC(508) Survivor regions: 4->4(20)
[19.847s][info][gc,heap     ] GC(508) Old regions: 2->2
[19.847s][info][gc,heap     ] GC(508) Archive regions: 2->2
[19.848s][info][gc,heap     ] GC(508) Humongous regions: 0->0
[19.848s][info][gc,metaspace] GC(508) Metaspace: 615K(832K)->615K(832K) NonClass: 597K(704K)->597K(704K) Class: 17K(128K)->17K(128K)
[19.849s][info][gc          ] GC(508) Pause Young (Normal) (G1 Evacuation Pause) 155M->6M(256M) 10.960ms
[19.849s][info][gc,cpu      ] GC(508) User=0.01s Sys=0.00s Real=0.01s
[19.902s][info][gc,start    ] GC(509) Pause Young (Normal) (G1 Evacuation Pause)
[19.902s][info][gc,task     ] GC(509) Using 6 workers of 8 for evacuation
[19.905s][info][gc,phases   ] GC(509)   Pre Evacuate Collection Set: 0.3ms
[19.905s][info][gc,phases   ] GC(509)   Merge Heap Roots: 0.2ms
[19.906s][info][gc,phases   ] GC(509)   Evacuate Collection Set: 1.0ms
[19.906s][info][gc,phases   ] GC(509)   Post Evacuate Collection Set: 0.9ms
[19.906s][info][gc,phases   ] GC(509)   Other: 0.4ms
[19.907s][info][gc,heap     ] GC(509) Eden regions: 149->0(149)
[19.907s][info][gc,heap     ] GC(509) Survivor regions: 4->4(20)
[19.908s][info][gc,heap     ] GC(509) Old regions: 2->2
[19.908s][info][gc,heap     ] GC(509) Archive regions: 2->2
[19.908s][info][gc,heap     ] GC(509) Humongous regions: 0->0
[19.911s][info][gc,metaspace] GC(509) Metaspace: 615K(832K)->615K(832K) NonClass: 597K(704K)->597K(704K) Class: 17K(128K)->17K(128K)
[19.912s][info][gc          ] GC(509) Pause Young (Normal) (G1 Evacuation Pause) 155M->5M(256M) 9.905ms
[19.912s][info][gc,cpu      ] GC(509) User=0.01s Sys=0.00s Real=0.01s
[19.962s][info][gc,start    ] GC(510) Pause Young (Normal) (G1 Evacuation Pause)
[19.963s][info][gc,task     ] GC(510) Using 6 workers of 8 for evacuation
[19.966s][info][gc,phases   ] GC(510)   Pre Evacuate Collection Set: 0.3ms
[19.967s][info][gc,phases   ] GC(510)   Merge Heap Roots: 0.2ms
[19.967s][info][gc,phases   ] GC(510)   Evacuate Collection Set: 1.0ms
[19.968s][info][gc,phases   ] GC(510)   Post Evacuate Collection Set: 0.8ms
[19.968s][info][gc,phases   ] GC(510)   Other: 0.7ms
[19.968s][info][gc,heap     ] GC(510) Eden regions: 149->0(150)
[19.969s][info][gc,heap     ] GC(510) Survivor regions: 4->3(20)
[19.969s][info][gc,heap     ] GC(510) Old regions: 2->2
[19.970s][info][gc,heap     ] GC(510) Archive regions: 2->2
[19.970s][info][gc,heap     ] GC(510) Humongous regions: 0->0
[19.970s][info][gc,metaspace] GC(510) Metaspace: 615K(832K)->615K(832K) NonClass: 597K(704K)->597K(704K) Class: 17K(128K)->17K(128K)
[19.971s][info][gc          ] GC(510) Pause Young (Normal) (G1 Evacuation Pause) 154M->5M(256M) 9.143ms
[19.971s][info][gc,cpu      ] GC(510) User=0.00s Sys=0.00s Real=0.01s
[20.022s][info][gc,start    ] GC(511) Pause Young (Normal) (G1 Evacuation Pause)
[20.022s][info][gc,task     ] GC(511) Using 6 workers of 8 for evacuation
[20.028s][info][gc,phases   ] GC(511)   Pre Evacuate Collection Set: 0.2ms
[20.029s][info][gc,phases   ] GC(511)   Merge Heap Roots: 0.2ms
[20.030s][info][gc,phases   ] GC(511)   Evacuate Collection Set: 2.5ms
[20.030s][info][gc,phases   ] GC(511)   Post Evacuate Collection Set: 1.9ms
[20.031s][info][gc,phases   ] GC(511)   Other: 0.6ms
[20.031s][info][gc,heap     ] GC(511) Eden regions: 150->0(149)
[20.032s][info][gc,heap     ] GC(511) Survivor regions: 3->4(20)
[20.032s][info][gc,heap     ] GC(511) Old regions: 2->2
[20.032s][info][gc,heap     ] GC(511) Archive regions: 2->2
[20.033s][info][gc,heap     ] GC(511) Humongous regions: 0->0
[20.033s][info][gc,metaspace] GC(511) Metaspace: 615K(832K)->615K(832K) NonClass: 597K(704K)->597K(704K) Class: 17K(128K)->17K(128K)
[20.033s][info][gc          ] GC(511) Pause Young (Normal) (G1 Evacuation Pause) 155M->6M(256M) 11.593ms
[20.034s][info][gc,cpu      ] GC(511) User=0.02s Sys=0.00s Real=0.01s
[20.083s][info][gc,start    ] GC(512) Pause Young (Normal) (G1 Evacuation Pause)
[20.083s][info][gc,task     ] GC(512) Using 6 workers of 8 for evacuation
[20.086s][info][gc,phases   ] GC(512)   Pre Evacuate Collection Set: 0.3ms
[20.087s][info][gc,phases   ] GC(512)   Merge Heap Roots: 0.2ms
[20.087s][info][gc,phases   ] GC(512)   Evacuate Collection Set: 1.3ms
[20.087s][info][gc,phases   ] GC(512)   Post Evacuate Collection Set: 1.0ms
[20.088s][info][gc,phases   ] GC(512)   Other: 0.4ms
[20.088s][info][gc,heap     ] GC(512) Eden regions: 149->0(149)
[20.088s][info][gc,heap     ] GC(512) Survivor regions: 4->4(20)
[20.089s][info][gc,heap     ] GC(512) Old regions: 2->2
[20.089s][info][gc,heap     ] GC(512) Archive regions: 2->2
[20.089s][info][gc,heap     ] GC(512) Humongous regions: 0->0
[20.090s][info][gc,metaspace] GC(512) Metaspace: 615K(832K)->615K(832K) NonClass: 597K(704K)->597K(704K) Class: 17K(128K)->17K(128K)
[20.090s][info][gc          ] GC(512) Pause Young (Normal) (G1 Evacuation Pause) 155M->6M(256M) 7.549ms
[20.091s][info][gc,cpu      ] GC(512) User=0.00s Sys=0.00s Real=0.01s
[20.140s][info][gc,start    ] GC(513) Pause Young (Normal) (G1 Evacuation Pause)
[20.141s][info][gc,task     ] GC(513) Using 6 workers of 8 for evacuation
[20.144s][info][gc,phases   ] GC(513)   Pre Evacuate Collection Set: 0.3ms
[20.147s][info][gc,phases   ] GC(513)   Merge Heap Roots: 0.3ms
[20.148s][info][gc,phases   ] GC(513)   Evacuate Collection Set: 1.2ms
[20.149s][info][gc,phases   ] GC(513)   Post Evacuate Collection Set: 1.2ms
[20.149s][info][gc,phases   ] GC(513)   Other: 0.5ms
[20.149s][info][gc,heap     ] GC(513) Eden regions: 149->0(149)
[20.150s][info][gc,heap     ] GC(513) Survivor regions: 4->4(20)
[20.150s][info][gc,heap     ] GC(513) Old regions: 2->2
[20.150s][info][gc,heap     ] GC(513) Archive regions: 2->2
[20.150s][info][gc,heap     ] GC(513) Humongous regions: 0->0
[20.151s][info][gc,metaspace] GC(513) Metaspace: 615K(832K)->615K(832K) NonClass: 597K(704K)->597K(704K) Class: 17K(128K)->17K(128K)
[20.151s][info][gc          ] GC(513) Pause Young (Normal) (G1 Evacuation Pause) 155M->5M(256M) 10.952ms
[20.151s][info][gc,cpu      ] GC(513) User=0.01s Sys=0.00s Real=0.01s
[20.196s][info][gc,start    ] GC(514) Pause Young (Normal) (G1 Evacuation Pause)
[20.197s][info][gc,task     ] GC(514) Using 6 workers of 8 for evacuation
[20.199s][info][gc,phases   ] GC(514)   Pre Evacuate Collection Set: 0.3ms
[20.200s][info][gc,phases   ] GC(514)   Merge Heap Roots: 0.2ms
[20.200s][info][gc,phases   ] GC(514)   Evacuate Collection Set: 1.0ms
[20.200s][info][gc,phases   ] GC(514)   Post Evacuate Collection Set: 0.9ms
[20.201s][info][gc,phases   ] GC(514)   Other: 0.4ms
[20.201s][info][gc,heap     ] GC(514) Eden regions: 149->0(150)
[20.201s][info][gc,heap     ] GC(514) Survivor regions: 4->3(20)
[20.201s][info][gc,heap     ] GC(514) Old regions: 2->2
[20.202s][info][gc,heap     ] GC(514) Archive regions: 2->2
[20.202s][info][gc,heap     ] GC(514) Humongous regions: 0->0
[20.202s][info][gc,metaspace] GC(514) Metaspace: 615K(832K)->615K(832K) NonClass: 597K(704K)->597K(704K) Class: 17K(128K)->17K(128K)
[20.203s][info][gc          ] GC(514) Pause Young (Normal) (G1 Evacuation Pause) 154M->5M(256M) 6.441ms
[20.203s][info][gc,cpu      ] GC(514) User=0.00s Sys=0.00s Real=0.01s
[20.270s][info][gc,start    ] GC(515) Pause Young (Normal) (G1 Evacuation Pause)
[20.271s][info][gc,task     ] GC(515) Using 6 workers of 8 for evacuation
[20.277s][info][gc,phases   ] GC(515)   Pre Evacuate Collection Set: 0.3ms
[20.279s][info][gc,phases   ] GC(515)   Merge Heap Roots: 0.2ms
[20.281s][info][gc,phases   ] GC(515)   Evacuate Collection Set: 2.7ms
[20.281s][info][gc,phases   ] GC(515)   Post Evacuate Collection Set: 1.5ms
[20.281s][info][gc,phases   ] GC(515)   Other: 1.0ms
[20.282s][info][gc,heap     ] GC(515) Eden regions: 150->0(149)
[20.283s][info][gc,heap     ] GC(515) Survivor regions: 3->4(20)
[20.284s][info][gc,heap     ] GC(515) Old regions: 2->2
[20.284s][info][gc,heap     ] GC(515) Archive regions: 2->2
[20.284s][info][gc,heap     ] GC(515) Humongous regions: 0->0
[20.285s][info][gc,metaspace] GC(515) Metaspace: 615K(832K)->615K(832K) NonClass: 597K(704K)->597K(704K) Class: 17K(128K)->17K(128K)
[20.285s][info][gc          ] GC(515) Pause Young (Normal) (G1 Evacuation Pause) 155M->6M(256M) 15.061ms
[20.286s][info][gc,cpu      ] GC(515) User=0.01s Sys=0.00s Real=0.01s
[20.350s][info][gc,start    ] GC(516) Pause Young (Normal) (G1 Evacuation Pause)
[20.350s][info][gc,task     ] GC(516) Using 6 workers of 8 for evacuation
[20.358s][info][gc,phases   ] GC(516)   Pre Evacuate Collection Set: 0.4ms
[20.360s][info][gc,phases   ] GC(516)   Merge Heap Roots: 0.3ms
[20.361s][info][gc,phases   ] GC(516)   Evacuate Collection Set: 4.5ms
[20.362s][info][gc,phases   ] GC(516)   Post Evacuate Collection Set: 1.7ms
[20.363s][info][gc,phases   ] GC(516)   Other: 0.9ms
[20.363s][info][gc,heap     ] GC(516) Eden regions: 149->0(149)
[20.364s][info][gc,heap     ] GC(516) Survivor regions: 4->4(20)
[20.364s][info][gc,heap     ] GC(516) Old regions: 2->2
[20.364s][info][gc,heap     ] GC(516) Archive regions: 2->2
[20.365s][info][gc,heap     ] GC(516) Humongous regions: 0->0
[20.365s][info][gc,metaspace] GC(516) Metaspace: 615K(832K)->615K(832K) NonClass: 597K(704K)->597K(704K) Class: 17K(128K)->17K(128K)
[20.365s][info][gc          ] GC(516) Pause Young (Normal) (G1 Evacuation Pause) 155M->5M(256M) 15.530ms
[20.366s][info][gc,cpu      ] GC(516) User=0.00s Sys=0.01s Real=0.01s
[20.430s][info][gc,start    ] GC(517) Pause Young (Normal) (G1 Evacuation Pause)
[20.431s][info][gc,task     ] GC(517) Using 6 workers of 8 for evacuation
[20.446s][info][gc,phases   ] GC(517)   Pre Evacuate Collection Set: 0.4ms
[20.447s][info][gc,phases   ] GC(517)   Merge Heap Roots: 0.4ms
[20.447s][info][gc,phases   ] GC(517)   Evacuate Collection Set: 6.1ms
[20.448s][info][gc,phases   ] GC(517)   Post Evacuate Collection Set: 6.1ms
[20.449s][info][gc,phases   ] GC(517)   Other: 1.9ms
[20.449s][info][gc,heap     ] GC(517) Eden regions: 149->0(150)
[20.450s][info][gc,heap     ] GC(517) Survivor regions: 4->3(20)
[20.450s][info][gc,heap     ] GC(517) Old regions: 2->2
[20.451s][info][gc,heap     ] GC(517) Archive regions: 2->2
[20.452s][info][gc,heap     ] GC(517) Humongous regions: 0->0
[20.452s][info][gc,metaspace] GC(517) Metaspace: 615K(832K)->615K(832K) NonClass: 597K(704K)->597K(704K) Class: 17K(128K)->17K(128K)
[20.453s][info][gc          ] GC(517) Pause Young (Normal) (G1 Evacuation Pause) 154M->5M(256M) 22.727ms
[20.453s][info][gc,cpu      ] GC(517) User=0.03s Sys=0.00s Real=0.02s
[20.535s][info][gc,start    ] GC(518) Pause Young (Normal) (G1 Evacuation Pause)
[20.536s][info][gc,task     ] GC(518) Using 6 workers of 8 for evacuation
[20.543s][info][gc,phases   ] GC(518)   Pre Evacuate Collection Set: 0.9ms
[20.545s][info][gc,phases   ] GC(518)   Merge Heap Roots: 0.2ms
[20.546s][info][gc,phases   ] GC(518)   Evacuate Collection Set: 2.0ms
[20.546s][info][gc,phases   ] GC(518)   Post Evacuate Collection Set: 2.9ms
[20.546s][info][gc,phases   ] GC(518)   Other: 0.9ms
[20.547s][info][gc,heap     ] GC(518) Eden regions: 150->0(149)
[20.547s][info][gc,heap     ] GC(518) Survivor regions: 3->4(20)
[20.548s][info][gc,heap     ] GC(518) Old regions: 2->2
[20.548s][info][gc,heap     ] GC(518) Archive regions: 2->2
[20.548s][info][gc,heap     ] GC(518) Humongous regions: 0->0
[20.549s][info][gc,metaspace] GC(518) Metaspace: 615K(832K)->615K(832K) NonClass: 597K(704K)->597K(704K) Class: 17K(128K)->17K(128K)
[20.549s][info][gc          ] GC(518) Pause Young (Normal) (G1 Evacuation Pause) 155M->6M(256M) 13.959ms
[20.550s][info][gc,cpu      ] GC(518) User=0.01s Sys=0.00s Real=0.02s
[20.603s][info][gc,start    ] GC(519) Pause Young (Normal) (G1 Evacuation Pause)
[20.604s][info][gc,task     ] GC(519) Using 6 workers of 8 for evacuation
[20.608s][info][gc,phases   ] GC(519)   Pre Evacuate Collection Set: 0.3ms
[20.609s][info][gc,phases   ] GC(519)   Merge Heap Roots: 0.2ms
[20.610s][info][gc,phases   ] GC(519)   Evacuate Collection Set: 1.3ms
[20.611s][info][gc,phases   ] GC(519)   Post Evacuate Collection Set: 2.0ms
[20.612s][info][gc,phases   ] GC(519)   Other: 0.6ms
[20.612s][info][gc,heap     ] GC(519) Eden regions: 149->0(149)
[20.613s][info][gc,heap     ] GC(519) Survivor regions: 4->4(20)
[20.613s][info][gc,heap     ] GC(519) Old regions: 2->2
[20.614s][info][gc,heap     ] GC(519) Archive regions: 2->2
[20.614s][info][gc,heap     ] GC(519) Humongous regions: 0->0
[20.614s][info][gc,metaspace] GC(519) Metaspace: 615K(832K)->615K(832K) NonClass: 597K(704K)->597K(704K) Class: 17K(128K)->17K(128K)
[20.615s][info][gc          ] GC(519) Pause Young (Normal) (G1 Evacuation Pause) 155M->6M(256M) 11.400ms
[20.615s][info][gc,cpu      ] GC(519) User=0.00s Sys=0.01s Real=0.01s
[20.656s][info][gc,start    ] GC(520) Pause Young (Normal) (G1 Evacuation Pause)
[20.656s][info][gc,task     ] GC(520) Using 6 workers of 8 for evacuation
[20.662s][info][gc,phases   ] GC(520)   Pre Evacuate Collection Set: 0.6ms
[20.663s][info][gc,phases   ] GC(520)   Merge Heap Roots: 0.5ms
[20.663s][info][gc,phases   ] GC(520)   Evacuate Collection Set: 2.5ms
[20.664s][info][gc,phases   ] GC(520)   Post Evacuate Collection Set: 0.9ms
[20.664s][info][gc,phases   ] GC(520)   Other: 0.9ms
[20.664s][info][gc,heap     ] GC(520) Eden regions: 149->0(150)
[20.665s][info][gc,heap     ] GC(520) Survivor regions: 4->3(20)
[20.665s][info][gc,heap     ] GC(520) Old regions: 2->2
[20.665s][info][gc,heap     ] GC(520) Archive regions: 2->2
[20.666s][info][gc,heap     ] GC(520) Humongous regions: 0->0
[20.666s][info][gc,metaspace] GC(520) Metaspace: 615K(832K)->615K(832K) NonClass: 597K(704K)->597K(704K) Class: 17K(128K)->17K(128K)
[20.667s][info][gc          ] GC(520) Pause Young (Normal) (G1 Evacuation Pause) 155M->5M(256M) 10.904ms
[20.667s][info][gc,cpu      ] GC(520) User=0.01s Sys=0.00s Real=0.02s
[20.714s][info][gc,start    ] GC(521) Pause Young (Normal) (G1 Evacuation Pause)
[20.714s][info][gc,task     ] GC(521) Using 6 workers of 8 for evacuation
[20.717s][info][gc,phases   ] GC(521)   Pre Evacuate Collection Set: 0.2ms
[20.717s][info][gc,phases   ] GC(521)   Merge Heap Roots: 0.2ms
[20.718s][info][gc,phases   ] GC(521)   Evacuate Collection Set: 1.2ms
[20.718s][info][gc,phases   ] GC(521)   Post Evacuate Collection Set: 0.9ms
[20.719s][info][gc,phases   ] GC(521)   Other: 0.4ms
[20.719s][info][gc,heap     ] GC(521) Eden regions: 150->0(149)
[20.719s][info][gc,heap     ] GC(521) Survivor regions: 3->4(20)
[20.719s][info][gc,heap     ] GC(521) Old regions: 2->2
[20.720s][info][gc,heap     ] GC(521) Archive regions: 2->2
[20.720s][info][gc,heap     ] GC(521) Humongous regions: 0->0
[20.720s][info][gc,metaspace] GC(521) Metaspace: 615K(832K)->615K(832K) NonClass: 597K(704K)->597K(704K) Class: 17K(128K)->17K(128K)
[20.721s][info][gc          ] GC(521) Pause Young (Normal) (G1 Evacuation Pause) 155M->6M(256M) 7.031ms
[20.721s][info][gc,cpu      ] GC(521) User=0.00s Sys=0.00s Real=0.01s
[20.767s][info][gc,start    ] GC(522) Pause Young (Normal) (G1 Evacuation Pause)
[20.767s][info][gc,task     ] GC(522) Using 6 workers of 8 for evacuation
[20.770s][info][gc,phases   ] GC(522)   Pre Evacuate Collection Set: 0.2ms
[20.770s][info][gc,phases   ] GC(522)   Merge Heap Roots: 0.4ms
[20.771s][info][gc,phases   ] GC(522)   Evacuate Collection Set: 1.2ms
[20.771s][info][gc,phases   ] GC(522)   Post Evacuate Collection Set: 0.8ms
[20.771s][info][gc,phases   ] GC(522)   Other: 0.4ms
[20.772s][info][gc,heap     ] GC(522) Eden regions: 149->0(149)
[20.772s][info][gc,heap     ] GC(522) Survivor regions: 4->4(20)
[20.773s][info][gc,heap     ] GC(522) Old regions: 2->2
[20.773s][info][gc,heap     ] GC(522) Archive regions: 2->2
[20.775s][info][gc,heap     ] GC(522) Humongous regions: 0->0
[20.775s][info][gc,metaspace] GC(522) Metaspace: 615K(832K)->615K(832K) NonClass: 597K(704K)->597K(704K) Class: 17K(128K)->17K(128K)
[20.776s][info][gc          ] GC(522) Pause Young (Normal) (G1 Evacuation Pause) 155M->6M(256M) 9.669ms
[20.777s][info][gc,cpu      ] GC(522) User=0.01s Sys=0.01s Real=0.01s
[20.830s][info][gc,start    ] GC(523) Pause Young (Normal) (G1 Evacuation Pause)
[20.830s][info][gc,task     ] GC(523) Using 6 workers of 8 for evacuation
[20.834s][info][gc,phases   ] GC(523)   Pre Evacuate Collection Set: 0.2ms
[20.834s][info][gc,phases   ] GC(523)   Merge Heap Roots: 0.2ms
[20.835s][info][gc,phases   ] GC(523)   Evacuate Collection Set: 1.0ms
[20.835s][info][gc,phases   ] GC(523)   Post Evacuate Collection Set: 0.8ms
[20.835s][info][gc,phases   ] GC(523)   Other: 1.2ms
[20.836s][info][gc,heap     ] GC(523) Eden regions: 149->0(149)
[20.836s][info][gc,heap     ] GC(523) Survivor regions: 4->4(20)
[20.836s][info][gc,heap     ] GC(523) Old regions: 2->2
[20.837s][info][gc,heap     ] GC(523) Archive regions: 2->2
[20.837s][info][gc,heap     ] GC(523) Humongous regions: 0->0
[20.837s][info][gc,metaspace] GC(523) Metaspace: 615K(832K)->615K(832K) NonClass: 597K(704K)->597K(704K) Class: 17K(128K)->17K(128K)
[20.838s][info][gc          ] GC(523) Pause Young (Normal) (G1 Evacuation Pause) 155M->5M(256M) 7.622ms
[20.838s][info][gc,cpu      ] GC(523) User=0.00s Sys=0.00s Real=0.01s
[20.886s][info][gc,start    ] GC(524) Pause Young (Normal) (G1 Evacuation Pause)
[20.889s][info][gc,task     ] GC(524) Using 6 workers of 8 for evacuation
[20.893s][info][gc,phases   ] GC(524)   Pre Evacuate Collection Set: 0.3ms
[20.895s][info][gc,phases   ] GC(524)   Merge Heap Roots: 0.3ms
[20.895s][info][gc,phases   ] GC(524)   Evacuate Collection Set: 1.7ms
[20.895s][info][gc,phases   ] GC(524)   Post Evacuate Collection Set: 1.2ms
[20.896s][info][gc,phases   ] GC(524)   Other: 0.8ms
[20.896s][info][gc,heap     ] GC(524) Eden regions: 149->0(150)
[20.897s][info][gc,heap     ] GC(524) Survivor regions: 4->3(20)
[20.897s][info][gc,heap     ] GC(524) Old regions: 2->2
[20.897s][info][gc,heap     ] GC(524) Archive regions: 2->2
[20.897s][info][gc,heap     ] GC(524) Humongous regions: 0->0
[20.898s][info][gc,metaspace] GC(524) Metaspace: 615K(832K)->615K(832K) NonClass: 597K(704K)->597K(704K) Class: 17K(128K)->17K(128K)
[20.898s][info][gc          ] GC(524) Pause Young (Normal) (G1 Evacuation Pause) 154M->5M(256M) 11.845ms
[20.898s][info][gc,cpu      ] GC(524) User=0.01s Sys=0.00s Real=0.02s
[20.944s][info][gc,start    ] GC(525) Pause Young (Normal) (G1 Evacuation Pause)
[20.945s][info][gc,task     ] GC(525) Using 6 workers of 8 for evacuation
[20.948s][info][gc,phases   ] GC(525)   Pre Evacuate Collection Set: 0.4ms
[20.948s][info][gc,phases   ] GC(525)   Merge Heap Roots: 0.2ms
[20.949s][info][gc,phases   ] GC(525)   Evacuate Collection Set: 1.1ms
[20.949s][info][gc,phases   ] GC(525)   Post Evacuate Collection Set: 0.8ms
[20.949s][info][gc,phases   ] GC(525)   Other: 0.8ms
[20.949s][info][gc,heap     ] GC(525) Eden regions: 150->0(149)
[20.949s][info][gc,heap     ] GC(525) Survivor regions: 3->4(20)
[20.950s][info][gc,heap     ] GC(525) Old regions: 2->2
[20.950s][info][gc,heap     ] GC(525) Archive regions: 2->2
[20.950s][info][gc,heap     ] GC(525) Humongous regions: 0->0
[20.951s][info][gc,metaspace] GC(525) Metaspace: 615K(832K)->615K(832K) NonClass: 597K(704K)->597K(704K) Class: 17K(128K)->17K(128K)
[20.951s][info][gc          ] GC(525) Pause Young (Normal) (G1 Evacuation Pause) 155M->6M(256M) 7.008ms
[20.951s][info][gc,cpu      ] GC(525) User=0.01s Sys=0.00s Real=0.01s
[20.995s][info][gc,start    ] GC(526) Pause Young (Normal) (G1 Evacuation Pause)
[20.995s][info][gc,task     ] GC(526) Using 6 workers of 8 for evacuation
[20.999s][info][gc,phases   ] GC(526)   Pre Evacuate Collection Set: 0.3ms
[20.999s][info][gc,phases   ] GC(526)   Merge Heap Roots: 0.3ms
[21.000s][info][gc,phases   ] GC(526)   Evacuate Collection Set: 1.8ms
[21.000s][info][gc,phases   ] GC(526)   Post Evacuate Collection Set: 0.8ms
[21.000s][info][gc,phases   ] GC(526)   Other: 0.5ms
[21.000s][info][gc,heap     ] GC(526) Eden regions: 149->0(149)
[21.000s][info][gc,heap     ] GC(526) Survivor regions: 4->4(20)
[21.001s][info][gc,heap     ] GC(526) Old regions: 2->2
[21.001s][info][gc,heap     ] GC(526) Archive regions: 2->2
[21.001s][info][gc,heap     ] GC(526) Humongous regions: 0->0
[21.001s][info][gc,metaspace] GC(526) Metaspace: 615K(832K)->615K(832K) NonClass: 597K(704K)->597K(704K) Class: 17K(128K)->17K(128K)
[21.002s][info][gc          ] GC(526) Pause Young (Normal) (G1 Evacuation Pause) 155M->6M(256M) 6.996ms
[21.003s][info][gc,cpu      ] GC(526) User=0.00s Sys=0.00s Real=0.01s
[21.046s][info][gc,start    ] GC(527) Pause Young (Normal) (G1 Evacuation Pause)
[21.047s][info][gc,task     ] GC(527) Using 6 workers of 8 for evacuation
[21.050s][info][gc,phases   ] GC(527)   Pre Evacuate Collection Set: 0.3ms
[21.050s][info][gc,phases   ] GC(527)   Merge Heap Roots: 0.2ms
[21.050s][info][gc,phases   ] GC(527)   Evacuate Collection Set: 1.0ms
[21.051s][info][gc,phases   ] GC(527)   Post Evacuate Collection Set: 0.7ms
[21.051s][info][gc,phases   ] GC(527)   Other: 0.5ms
[21.051s][info][gc,heap     ] GC(527) Eden regions: 149->0(149)
[21.052s][info][gc,heap     ] GC(527) Survivor regions: 4->4(20)
[21.052s][info][gc,heap     ] GC(527) Old regions: 2->2
[21.052s][info][gc,heap     ] GC(527) Archive regions: 2->2
[21.052s][info][gc,heap     ] GC(527) Humongous regions: 0->0
[21.053s][info][gc,metaspace] GC(527) Metaspace: 615K(832K)->615K(832K) NonClass: 597K(704K)->597K(704K) Class: 17K(128K)->17K(128K)
[21.053s][info][gc          ] GC(527) Pause Young (Normal) (G1 Evacuation Pause) 155M->5M(256M) 6.919ms
[21.053s][info][gc,cpu      ] GC(527) User=0.00s Sys=0.00s Real=0.01s
[21.101s][info][gc,start    ] GC(528) Pause Young (Normal) (G1 Evacuation Pause)
[21.101s][info][gc,task     ] GC(528) Using 6 workers of 8 for evacuation
[21.104s][info][gc,phases   ] GC(528)   Pre Evacuate Collection Set: 0.4ms
[21.105s][info][gc,phases   ] GC(528)   Merge Heap Roots: 0.3ms
[21.105s][info][gc,phases   ] GC(528)   Evacuate Collection Set: 1.1ms
[21.105s][info][gc,phases   ] GC(528)   Post Evacuate Collection Set: 0.8ms
[21.106s][info][gc,phases   ] GC(528)   Other: 0.5ms
[21.106s][info][gc,heap     ] GC(528) Eden regions: 149->0(150)
[21.107s][info][gc,heap     ] GC(528) Survivor regions: 4->3(20)
[21.108s][info][gc,heap     ] GC(528) Old regions: 2->2
[21.108s][info][gc,heap     ] GC(528) Archive regions: 2->2
[21.109s][info][gc,heap     ] GC(528) Humongous regions: 0->0
[21.110s][info][gc,metaspace] GC(528) Metaspace: 615K(832K)->615K(832K) NonClass: 597K(704K)->597K(704K) Class: 17K(128K)->17K(128K)
[21.111s][info][gc          ] GC(528) Pause Young (Normal) (G1 Evacuation Pause) 154M->5M(256M) 10.549ms
[21.112s][info][gc,cpu      ] GC(528) User=0.00s Sys=0.01s Real=0.01s
[21.154s][info][gc,start    ] GC(529) Pause Young (Normal) (G1 Evacuation Pause)
[21.155s][info][gc,task     ] GC(529) Using 6 workers of 8 for evacuation
[21.159s][info][gc,phases   ] GC(529)   Pre Evacuate Collection Set: 0.3ms
[21.159s][info][gc,phases   ] GC(529)   Merge Heap Roots: 0.2ms
[21.160s][info][gc,phases   ] GC(529)   Evacuate Collection Set: 1.2ms
[21.161s][info][gc,phases   ] GC(529)   Post Evacuate Collection Set: 1.8ms
[21.162s][info][gc,phases   ] GC(529)   Other: 0.5ms
[21.162s][info][gc,heap     ] GC(529) Eden regions: 150->0(149)
[21.162s][info][gc,heap     ] GC(529) Survivor regions: 3->4(20)
[21.163s][info][gc,heap     ] GC(529) Old regions: 2->2
[21.163s][info][gc,heap     ] GC(529) Archive regions: 2->2
[21.163s][info][gc,heap     ] GC(529) Humongous regions: 0->0
[21.164s][info][gc,metaspace] GC(529) Metaspace: 615K(832K)->615K(832K) NonClass: 597K(704K)->597K(704K) Class: 17K(128K)->17K(128K)
[21.164s][info][gc          ] GC(529) Pause Young (Normal) (G1 Evacuation Pause) 155M->6M(256M) 10.119ms
[21.165s][info][gc,cpu      ] GC(529) User=0.01s Sys=0.00s Real=0.01s
[21.215s][info][gc,start    ] GC(530) Pause Young (Normal) (G1 Evacuation Pause)
[21.216s][info][gc,task     ] GC(530) Using 6 workers of 8 for evacuation
[21.220s][info][gc,phases   ] GC(530)   Pre Evacuate Collection Set: 0.3ms
[21.220s][info][gc,phases   ] GC(530)   Merge Heap Roots: 0.2ms
[21.221s][info][gc,phases   ] GC(530)   Evacuate Collection Set: 1.4ms
[21.221s][info][gc,phases   ] GC(530)   Post Evacuate Collection Set: 1.3ms
[21.221s][info][gc,phases   ] GC(530)   Other: 0.5ms
[21.222s][info][gc,heap     ] GC(530) Eden regions: 149->0(149)
[21.222s][info][gc,heap     ] GC(530) Survivor regions: 4->4(20)
[21.222s][info][gc,heap     ] GC(530) Old regions: 2->2
[21.223s][info][gc,heap     ] GC(530) Archive regions: 2->2
[21.225s][info][gc,heap     ] GC(530) Humongous regions: 0->0
[21.226s][info][gc,metaspace] GC(530) Metaspace: 615K(832K)->615K(832K) NonClass: 597K(704K)->597K(704K) Class: 17K(128K)->17K(128K)
[21.227s][info][gc          ] GC(530) Pause Young (Normal) (G1 Evacuation Pause) 155M->5M(256M) 11.927ms
[21.228s][info][gc,cpu      ] GC(530) User=0.00s Sys=0.01s Real=0.02s
[21.276s][info][gc,start    ] GC(531) Pause Young (Normal) (G1 Evacuation Pause)
[21.277s][info][gc,task     ] GC(531) Using 6 workers of 8 for evacuation
[21.281s][info][gc,phases   ] GC(531)   Pre Evacuate Collection Set: 0.3ms
[21.281s][info][gc,phases   ] GC(531)   Merge Heap Roots: 0.2ms
[21.282s][info][gc,phases   ] GC(531)   Evacuate Collection Set: 1.6ms
[21.282s][info][gc,phases   ] GC(531)   Post Evacuate Collection Set: 0.9ms
[21.283s][info][gc,phases   ] GC(531)   Other: 0.9ms
[21.283s][info][gc,heap     ] GC(531) Eden regions: 149->0(150)
[21.283s][info][gc,heap     ] GC(531) Survivor regions: 4->3(20)
[21.284s][info][gc,heap     ] GC(531) Old regions: 2->2
[21.284s][info][gc,heap     ] GC(531) Archive regions: 2->2
[21.284s][info][gc,heap     ] GC(531) Humongous regions: 0->0
[21.285s][info][gc,metaspace] GC(531) Metaspace: 615K(832K)->615K(832K) NonClass: 597K(704K)->597K(704K) Class: 17K(128K)->17K(128K)
[21.285s][info][gc          ] GC(531) Pause Young (Normal) (G1 Evacuation Pause) 154M->5M(256M) 9.106ms
[21.285s][info][gc,cpu      ] GC(531) User=0.00s Sys=0.01s Real=0.01s
[21.344s][info][gc,start    ] GC(532) Pause Young (Normal) (G1 Evacuation Pause)
[21.394s][info][gc,task     ] GC(532) Using 6 workers of 8 for evacuation
[21.399s][info][gc,phases   ] GC(532)   Pre Evacuate Collection Set: 0.4ms
[21.400s][info][gc,phases   ] GC(532)   Merge Heap Roots: 0.2ms
[21.400s][info][gc,phases   ] GC(532)   Evacuate Collection Set: 1.1ms
[21.400s][info][gc,phases   ] GC(532)   Post Evacuate Collection Set: 0.9ms
[21.401s][info][gc,phases   ] GC(532)   Other: 2.5ms
[21.401s][info][gc,heap     ] GC(532) Eden regions: 150->0(149)
[21.401s][info][gc,heap     ] GC(532) Survivor regions: 3->4(20)
[21.402s][info][gc,heap     ] GC(532) Old regions: 2->2
[21.402s][info][gc,heap     ] GC(532) Archive regions: 2->2
[21.402s][info][gc,heap     ] GC(532) Humongous regions: 0->0
[21.403s][info][gc,metaspace] GC(532) Metaspace: 615K(832K)->615K(832K) NonClass: 597K(704K)->597K(704K) Class: 17K(128K)->17K(128K)
[21.403s][info][gc          ] GC(532) Pause Young (Normal) (G1 Evacuation Pause) 155M->6M(256M) 58.664ms
[21.403s][info][gc,cpu      ] GC(532) User=0.00s Sys=0.01s Real=0.06s
[21.455s][info][gc,start    ] GC(533) Pause Young (Normal) (G1 Evacuation Pause)
[21.456s][info][gc,task     ] GC(533) Using 6 workers of 8 for evacuation
[21.462s][info][gc,phases   ] GC(533)   Pre Evacuate Collection Set: 0.6ms
[21.464s][info][gc,phases   ] GC(533)   Merge Heap Roots: 0.4ms
[21.464s][info][gc,phases   ] GC(533)   Evacuate Collection Set: 3.4ms
[21.465s][info][gc,phases   ] GC(533)   Post Evacuate Collection Set: 1.2ms
[21.465s][info][gc,phases   ] GC(533)   Other: 0.6ms
[21.465s][info][gc,heap     ] GC(533) Eden regions: 149->0(149)
[21.466s][info][gc,heap     ] GC(533) Survivor regions: 4->4(20)
[21.466s][info][gc,heap     ] GC(533) Old regions: 2->2
[21.467s][info][gc,heap     ] GC(533) Archive regions: 2->2
[21.467s][info][gc,heap     ] GC(533) Humongous regions: 0->0
[21.468s][info][gc,metaspace] GC(533) Metaspace: 615K(832K)->615K(832K) NonClass: 597K(704K)->597K(704K) Class: 17K(128K)->17K(128K)
[21.468s][info][gc          ] GC(533) Pause Young (Normal) (G1 Evacuation Pause) 155M->5M(256M) 12.599ms
[21.468s][info][gc,cpu      ] GC(533) User=0.00s Sys=0.01s Real=0.02s
[21.511s][info][gc,start    ] GC(534) Pause Young (Normal) (G1 Evacuation Pause)
[21.512s][info][gc,task     ] GC(534) Using 6 workers of 8 for evacuation
[21.517s][info][gc,phases   ] GC(534)   Pre Evacuate Collection Set: 0.3ms
[21.517s][info][gc,phases   ] GC(534)   Merge Heap Roots: 0.3ms
[21.518s][info][gc,phases   ] GC(534)   Evacuate Collection Set: 1.4ms
[21.518s][info][gc,phases   ] GC(534)   Post Evacuate Collection Set: 0.9ms
[21.518s][info][gc,phases   ] GC(534)   Other: 1.3ms
[21.519s][info][gc,heap     ] GC(534) Eden regions: 149->0(150)
[21.519s][info][gc,heap     ] GC(534) Survivor regions: 4->3(20)
[21.519s][info][gc,heap     ] GC(534) Old regions: 2->2
[21.520s][info][gc,heap     ] GC(534) Archive regions: 2->2
[21.520s][info][gc,heap     ] GC(534) Humongous regions: 0->0
[21.520s][info][gc,metaspace] GC(534) Metaspace: 615K(832K)->615K(832K) NonClass: 597K(704K)->597K(704K) Class: 17K(128K)->17K(128K)
[21.521s][info][gc          ] GC(534) Pause Young (Normal) (G1 Evacuation Pause) 154M->5M(256M) 9.211ms
[21.521s][info][gc,cpu      ] GC(534) User=0.00s Sys=0.01s Real=0.01s
[21.566s][info][gc,start    ] GC(535) Pause Young (Normal) (G1 Evacuation Pause)
[21.566s][info][gc,task     ] GC(535) Using 6 workers of 8 for evacuation
[21.569s][info][gc,phases   ] GC(535)   Pre Evacuate Collection Set: 0.2ms
[21.569s][info][gc,phases   ] GC(535)   Merge Heap Roots: 0.2ms
[21.570s][info][gc,phases   ] GC(535)   Evacuate Collection Set: 1.1ms
[21.570s][info][gc,phases   ] GC(535)   Post Evacuate Collection Set: 0.8ms
[21.571s][info][gc,phases   ] GC(535)   Other: 0.4ms
[21.571s][info][gc,heap     ] GC(535) Eden regions: 150->0(149)
[21.571s][info][gc,heap     ] GC(535) Survivor regions: 3->4(20)
[21.572s][info][gc,heap     ] GC(535) Old regions: 2->2
[21.572s][info][gc,heap     ] GC(535) Archive regions: 2->2
[21.572s][info][gc,heap     ] GC(535) Humongous regions: 0->0
[21.573s][info][gc,metaspace] GC(535) Metaspace: 615K(832K)->615K(832K) NonClass: 597K(704K)->597K(704K) Class: 17K(128K)->17K(128K)
[21.573s][info][gc          ] GC(535) Pause Young (Normal) (G1 Evacuation Pause) 155M->6M(256M) 7.271ms
[21.574s][info][gc,cpu      ] GC(535) User=0.00s Sys=0.00s Real=0.01s
[21.617s][info][gc,start    ] GC(536) Pause Young (Normal) (G1 Evacuation Pause)
[21.618s][info][gc,task     ] GC(536) Using 6 workers of 8 for evacuation
[21.621s][info][gc,phases   ] GC(536)   Pre Evacuate Collection Set: 0.2ms
[21.621s][info][gc,phases   ] GC(536)   Merge Heap Roots: 0.2ms
[21.621s][info][gc,phases   ] GC(536)   Evacuate Collection Set: 1.1ms
[21.622s][info][gc,phases   ] GC(536)   Post Evacuate Collection Set: 0.8ms
[21.622s][info][gc,phases   ] GC(536)   Other: 0.5ms
[21.622s][info][gc,heap     ] GC(536) Eden regions: 149->0(149)
[21.623s][info][gc,heap     ] GC(536) Survivor regions: 4->4(20)
[21.623s][info][gc,heap     ] GC(536) Old regions: 2->2
[21.623s][info][gc,heap     ] GC(536) Archive regions: 2->2
[21.624s][info][gc,heap     ] GC(536) Humongous regions: 0->0
[21.624s][info][gc,metaspace] GC(536) Metaspace: 615K(832K)->615K(832K) NonClass: 597K(704K)->597K(704K) Class: 17K(128K)->17K(128K)
[21.625s][info][gc          ] GC(536) Pause Young (Normal) (G1 Evacuation Pause) 155M->6M(256M) 7.642ms
[21.626s][info][gc,cpu      ] GC(536) User=0.00s Sys=0.00s Real=0.00s
[21.670s][info][gc,start    ] GC(537) Pause Young (Normal) (G1 Evacuation Pause)
[21.670s][info][gc,task     ] GC(537) Using 6 workers of 8 for evacuation
[21.672s][info][gc,phases   ] GC(537)   Pre Evacuate Collection Set: 0.3ms
[21.673s][info][gc,phases   ] GC(537)   Merge Heap Roots: 0.2ms
[21.673s][info][gc,phases   ] GC(537)   Evacuate Collection Set: 0.7ms
[21.674s][info][gc,phases   ] GC(537)   Post Evacuate Collection Set: 0.8ms
[21.675s][info][gc,phases   ] GC(537)   Other: 0.4ms
[21.676s][info][gc,heap     ] GC(537) Eden regions: 149->0(149)
[21.677s][info][gc,heap     ] GC(537) Survivor regions: 4->4(20)
[21.677s][info][gc,heap     ] GC(537) Old regions: 2->2
[21.678s][info][gc,heap     ] GC(537) Archive regions: 2->2
[21.678s][info][gc,heap     ] GC(537) Humongous regions: 0->0
[21.679s][info][gc,metaspace] GC(537) Metaspace: 615K(832K)->615K(832K) NonClass: 597K(704K)->597K(704K) Class: 17K(128K)->17K(128K)
[21.680s][info][gc          ] GC(537) Pause Young (Normal) (G1 Evacuation Pause) 155M->5M(256M) 10.018ms
[21.680s][info][gc,cpu      ] GC(537) User=0.01s Sys=0.00s Real=0.01s
[21.719s][info][gc,start    ] GC(538) Pause Young (Normal) (G1 Evacuation Pause)
[21.720s][info][gc,task     ] GC(538) Using 6 workers of 8 for evacuation
[21.722s][info][gc,phases   ] GC(538)   Pre Evacuate Collection Set: 0.3ms
[21.723s][info][gc,phases   ] GC(538)   Merge Heap Roots: 0.2ms
[21.723s][info][gc,phases   ] GC(538)   Evacuate Collection Set: 0.9ms
[21.723s][info][gc,phases   ] GC(538)   Post Evacuate Collection Set: 0.7ms
[21.724s][info][gc,phases   ] GC(538)   Other: 0.4ms
[21.727s][info][gc,heap     ] GC(538) Eden regions: 149->0(150)
[21.728s][info][gc,heap     ] GC(538) Survivor regions: 4->3(20)
[21.728s][info][gc,heap     ] GC(538) Old regions: 2->2
[21.729s][info][gc,heap     ] GC(538) Archive regions: 2->2
[21.729s][info][gc,heap     ] GC(538) Humongous regions: 0->0
[21.729s][info][gc,metaspace] GC(538) Metaspace: 615K(832K)->615K(832K) NonClass: 597K(704K)->597K(704K) Class: 17K(128K)->17K(128K)
[21.730s][info][gc          ] GC(538) Pause Young (Normal) (G1 Evacuation Pause) 154M->5M(256M) 10.578ms
[21.730s][info][gc,cpu      ] GC(538) User=0.00s Sys=0.00s Real=0.01s
[21.777s][info][gc,start    ] GC(539) Pause Young (Normal) (G1 Evacuation Pause)
[21.778s][info][gc,task     ] GC(539) Using 6 workers of 8 for evacuation
[21.782s][info][gc,phases   ] GC(539)   Pre Evacuate Collection Set: 0.4ms
[21.783s][info][gc,phases   ] GC(539)   Merge Heap Roots: 0.2ms
[21.783s][info][gc,phases   ] GC(539)   Evacuate Collection Set: 1.3ms
[21.783s][info][gc,phases   ] GC(539)   Post Evacuate Collection Set: 1.0ms
[21.784s][info][gc,phases   ] GC(539)   Other: 1.2ms
[21.784s][info][gc,heap     ] GC(539) Eden regions: 150->0(149)
[21.785s][info][gc,heap     ] GC(539) Survivor regions: 3->4(20)
[21.785s][info][gc,heap     ] GC(539) Old regions: 2->2
[21.785s][info][gc,heap     ] GC(539) Archive regions: 2->2
[21.785s][info][gc,heap     ] GC(539) Humongous regions: 0->0
[21.786s][info][gc,metaspace] GC(539) Metaspace: 615K(832K)->615K(832K) NonClass: 597K(704K)->597K(704K) Class: 17K(128K)->17K(128K)
[21.786s][info][gc          ] GC(539) Pause Young (Normal) (G1 Evacuation Pause) 155M->6M(256M) 8.765ms
[21.787s][info][gc,cpu      ] GC(539) User=0.01s Sys=0.00s Real=0.01s
[21.847s][info][gc,start    ] GC(540) Pause Young (Normal) (G1 Evacuation Pause)
[21.847s][info][gc,task     ] GC(540) Using 6 workers of 8 for evacuation
[21.850s][info][gc,phases   ] GC(540)   Pre Evacuate Collection Set: 0.3ms
[21.852s][info][gc,phases   ] GC(540)   Merge Heap Roots: 0.2ms
[21.853s][info][gc,phases   ] GC(540)   Evacuate Collection Set: 1.1ms
[21.854s][info][gc,phases   ] GC(540)   Post Evacuate Collection Set: 0.8ms
[21.855s][info][gc,phases   ] GC(540)   Other: 0.4ms
[21.855s][info][gc,heap     ] GC(540) Eden regions: 149->0(149)
[21.857s][info][gc,heap     ] GC(540) Survivor regions: 4->4(20)
[21.861s][info][gc,heap     ] GC(540) Old regions: 2->2
[21.863s][info][gc,heap     ] GC(540) Archive regions: 2->2
[21.865s][info][gc,heap     ] GC(540) Humongous regions: 0->0
[21.866s][info][gc,metaspace] GC(540) Metaspace: 615K(832K)->615K(832K) NonClass: 597K(704K)->597K(704K) Class: 17K(128K)->17K(128K)
[21.866s][info][gc          ] GC(540) Pause Young (Normal) (G1 Evacuation Pause) 155M->5M(256M) 19.462ms
[21.867s][info][gc,cpu      ] GC(540) User=0.00s Sys=0.00s Real=0.02s
[21.923s][info][gc,start    ] GC(541) Pause Young (Normal) (G1 Evacuation Pause)
[21.927s][info][gc,task     ] GC(541) Using 6 workers of 8 for evacuation
[21.932s][info][gc,phases   ] GC(541)   Pre Evacuate Collection Set: 0.3ms
[21.933s][info][gc,phases   ] GC(541)   Merge Heap Roots: 0.3ms
[21.933s][info][gc,phases   ] GC(541)   Evacuate Collection Set: 1.6ms
[21.934s][info][gc,phases   ] GC(541)   Post Evacuate Collection Set: 1.0ms
[21.935s][info][gc,phases   ] GC(541)   Other: 1.6ms
[21.936s][info][gc,heap     ] GC(541) Eden regions: 149->0(149)
[21.940s][info][gc,heap     ] GC(541) Survivor regions: 4->4(20)
[21.942s][info][gc,heap     ] GC(541) Old regions: 2->2
[21.945s][info][gc,heap     ] GC(541) Archive regions: 2->2
[21.946s][info][gc,heap     ] GC(541) Humongous regions: 0->0
[21.947s][info][gc,metaspace] GC(541) Metaspace: 615K(832K)->615K(832K) NonClass: 597K(704K)->597K(704K) Class: 17K(128K)->17K(128K)
[21.947s][info][gc          ] GC(541) Pause Young (Normal) (G1 Evacuation Pause) 154M->5M(256M) 24.362ms
[21.947s][info][gc,cpu      ] GC(541) User=0.01s Sys=0.01s Real=0.03s
[22.002s][info][gc,start    ] GC(542) Pause Young (Normal) (G1 Evacuation Pause)
[22.002s][info][gc,task     ] GC(542) Using 6 workers of 8 for evacuation
[22.012s][info][gc,phases   ] GC(542)   Pre Evacuate Collection Set: 0.2ms
[22.013s][info][gc,phases   ] GC(542)   Merge Heap Roots: 0.3ms
[22.014s][info][gc,phases   ] GC(542)   Evacuate Collection Set: 1.4ms
[22.014s][info][gc,phases   ] GC(542)   Post Evacuate Collection Set: 7.7ms
[22.015s][info][gc,phases   ] GC(542)   Other: 0.6ms
[22.015s][info][gc,heap     ] GC(542) Eden regions: 149->0(150)
[22.015s][info][gc,heap     ] GC(542) Survivor regions: 4->3(20)
[22.017s][info][gc,heap     ] GC(542) Old regions: 2->2
[22.017s][info][gc,heap     ] GC(542) Archive regions: 2->2
[22.018s][info][gc,heap     ] GC(542) Humongous regions: 0->0
[22.018s][info][gc,metaspace] GC(542) Metaspace: 615K(832K)->615K(832K) NonClass: 597K(704K)->597K(704K) Class: 17K(128K)->17K(128K)
[22.018s][info][gc          ] GC(542) Pause Young (Normal) (G1 Evacuation Pause) 154M->5M(256M) 16.840ms
[22.019s][info][gc,cpu      ] GC(542) User=0.00s Sys=0.02s Real=0.02s
[22.082s][info][gc,start    ] GC(543) Pause Young (Normal) (G1 Evacuation Pause)
[22.083s][info][gc,task     ] GC(543) Using 6 workers of 8 for evacuation
[22.095s][info][gc,phases   ] GC(543)   Pre Evacuate Collection Set: 0.2ms
[22.096s][info][gc,phases   ] GC(543)   Merge Heap Roots: 0.3ms
[22.097s][info][gc,phases   ] GC(543)   Evacuate Collection Set: 2.9ms
[22.098s][info][gc,phases   ] GC(543)   Post Evacuate Collection Set: 8.4ms
[22.098s][info][gc,phases   ] GC(543)   Other: 0.6ms
[22.099s][info][gc,heap     ] GC(543) Eden regions: 150->0(149)
[22.099s][info][gc,heap     ] GC(543) Survivor regions: 3->4(20)
[22.100s][info][gc,heap     ] GC(543) Old regions: 2->2
[22.100s][info][gc,heap     ] GC(543) Archive regions: 2->2
[22.101s][info][gc,heap     ] GC(543) Humongous regions: 0->0
[22.101s][info][gc,metaspace] GC(543) Metaspace: 615K(832K)->615K(832K) NonClass: 597K(704K)->597K(704K) Class: 17K(128K)->17K(128K)
[22.102s][info][gc          ] GC(543) Pause Young (Normal) (G1 Evacuation Pause) 155M->5M(256M) 19.174ms
[22.102s][info][gc,cpu      ] GC(543) User=0.02s Sys=0.00s Real=0.02s
[22.155s][info][gc,start    ] GC(544) Pause Young (Normal) (G1 Evacuation Pause)
[22.156s][info][gc,task     ] GC(544) Using 6 workers of 8 for evacuation
[22.167s][info][gc,phases   ] GC(544)   Pre Evacuate Collection Set: 0.2ms
[22.168s][info][gc,phases   ] GC(544)   Merge Heap Roots: 0.5ms
[22.169s][info][gc,phases   ] GC(544)   Evacuate Collection Set: 2.9ms
[22.169s][info][gc,phases   ] GC(544)   Post Evacuate Collection Set: 1.0ms
[22.170s][info][gc,phases   ] GC(544)   Other: 6.9ms
[22.170s][info][gc,heap     ] GC(544) Eden regions: 149->0(150)
[22.170s][info][gc,heap     ] GC(544) Survivor regions: 4->3(20)
[22.171s][info][gc,heap     ] GC(544) Old regions: 2->2
[22.172s][info][gc,heap     ] GC(544) Archive regions: 2->2
[22.172s][info][gc,heap     ] GC(544) Humongous regions: 0->0
[22.172s][info][gc,metaspace] GC(544) Metaspace: 615K(832K)->615K(832K) NonClass: 597K(704K)->597K(704K) Class: 17K(128K)->17K(128K)
[22.174s][info][gc          ] GC(544) Pause Young (Normal) (G1 Evacuation Pause) 154M->5M(256M) 18.090ms
[22.175s][info][gc,cpu      ] GC(544) User=0.00s Sys=0.01s Real=0.02s
[22.233s][info][gc,start    ] GC(545) Pause Young (Normal) (G1 Evacuation Pause)
[22.233s][info][gc,task     ] GC(545) Using 6 workers of 8 for evacuation
[22.237s][info][gc,phases   ] GC(545)   Pre Evacuate Collection Set: 0.3ms
[22.237s][info][gc,phases   ] GC(545)   Merge Heap Roots: 0.2ms
[22.237s][info][gc,phases   ] GC(545)   Evacuate Collection Set: 1.3ms
[22.238s][info][gc,phases   ] GC(545)   Post Evacuate Collection Set: 0.9ms
[22.239s][info][gc,phases   ] GC(545)   Other: 0.5ms
[22.239s][info][gc,heap     ] GC(545) Eden regions: 150->0(148)
[22.240s][info][gc,heap     ] GC(545) Survivor regions: 3->5(20)
[22.241s][info][gc,heap     ] GC(545) Old regions: 2->2
[22.243s][info][gc,heap     ] GC(545) Archive regions: 2->2
[22.245s][info][gc,heap     ] GC(545) Humongous regions: 0->0
[22.245s][info][gc,metaspace] GC(545) Metaspace: 615K(832K)->615K(832K) NonClass: 597K(704K)->597K(704K) Class: 17K(128K)->17K(128K)
[22.246s][info][gc          ] GC(545) Pause Young (Normal) (G1 Evacuation Pause) 155M->6M(256M) 13.459ms
[22.248s][info][gc,cpu      ] GC(545) User=0.00s Sys=0.01s Real=0.02s
[22.314s][info][gc,start    ] GC(546) Pause Young (Normal) (G1 Evacuation Pause)
[22.314s][info][gc,task     ] GC(546) Using 6 workers of 8 for evacuation
[22.317s][info][gc,phases   ] GC(546)   Pre Evacuate Collection Set: 0.3ms
[22.318s][info][gc,phases   ] GC(546)   Merge Heap Roots: 0.2ms
[22.318s][info][gc,phases   ] GC(546)   Evacuate Collection Set: 1.3ms
[22.318s][info][gc,phases   ] GC(546)   Post Evacuate Collection Set: 0.8ms
[22.319s][info][gc,phases   ] GC(546)   Other: 0.5ms
[22.319s][info][gc,heap     ] GC(546) Eden regions: 148->0(150)
[22.319s][info][gc,heap     ] GC(546) Survivor regions: 5->3(20)
[22.320s][info][gc,heap     ] GC(546) Old regions: 2->2
[22.320s][info][gc,heap     ] GC(546) Archive regions: 2->2
[22.321s][info][gc,heap     ] GC(546) Humongous regions: 0->0
[22.321s][info][gc,metaspace] GC(546) Metaspace: 615K(832K)->615K(832K) NonClass: 597K(704K)->597K(704K) Class: 17K(128K)->17K(128K)
[22.321s][info][gc          ] GC(546) Pause Young (Normal) (G1 Evacuation Pause) 154M->5M(256M) 7.509ms
[22.322s][info][gc,cpu      ] GC(546) User=0.01s Sys=0.00s Real=0.01s
[22.369s][info][gc,start    ] GC(547) Pause Young (Normal) (G1 Evacuation Pause)
[22.369s][info][gc,task     ] GC(547) Using 6 workers of 8 for evacuation
[22.374s][info][gc,phases   ] GC(547)   Pre Evacuate Collection Set: 0.2ms
[22.378s][info][gc,phases   ] GC(547)   Merge Heap Roots: 0.2ms
[22.378s][info][gc,phases   ] GC(547)   Evacuate Collection Set: 1.3ms
[22.379s][info][gc,phases   ] GC(547)   Post Evacuate Collection Set: 1.9ms
[22.380s][info][gc,phases   ] GC(547)   Other: 0.5ms
[22.380s][info][gc,heap     ] GC(547) Eden regions: 150->0(149)
[22.381s][info][gc,heap     ] GC(547) Survivor regions: 3->4(20)
[22.381s][info][gc,heap     ] GC(547) Old regions: 2->2
[22.381s][info][gc,heap     ] GC(547) Archive regions: 2->2
[22.382s][info][gc,heap     ] GC(547) Humongous regions: 0->0
[22.382s][info][gc,metaspace] GC(547) Metaspace: 615K(832K)->615K(832K) NonClass: 597K(704K)->597K(704K) Class: 17K(128K)->17K(128K)
[22.383s][info][gc          ] GC(547) Pause Young (Normal) (G1 Evacuation Pause) 155M->5M(256M) 13.749ms
[22.383s][info][gc,cpu      ] GC(547) User=0.01s Sys=0.00s Real=0.01s
[22.431s][info][gc,start    ] GC(548) Pause Young (Normal) (G1 Evacuation Pause)
[22.432s][info][gc,task     ] GC(548) Using 6 workers of 8 for evacuation
[22.435s][info][gc,phases   ] GC(548)   Pre Evacuate Collection Set: 0.3ms
[22.436s][info][gc,phases   ] GC(548)   Merge Heap Roots: 0.3ms
[22.436s][info][gc,phases   ] GC(548)   Evacuate Collection Set: 1.1ms
[22.436s][info][gc,phases   ] GC(548)   Post Evacuate Collection Set: 1.0ms
[22.437s][info][gc,phases   ] GC(548)   Other: 0.5ms
[22.437s][info][gc,heap     ] GC(548) Eden regions: 149->0(149)
[22.437s][info][gc,heap     ] GC(548) Survivor regions: 4->4(20)
[22.438s][info][gc,heap     ] GC(548) Old regions: 2->2
[22.438s][info][gc,heap     ] GC(548) Archive regions: 2->2
[22.439s][info][gc,heap     ] GC(548) Humongous regions: 0->0
[22.439s][info][gc,metaspace] GC(548) Metaspace: 615K(832K)->615K(832K) NonClass: 597K(704K)->597K(704K) Class: 17K(128K)->17K(128K)
[22.441s][info][gc          ] GC(548) Pause Young (Normal) (G1 Evacuation Pause) 154M->5M(256M) 9.498ms
[22.443s][info][gc,cpu      ] GC(548) User=0.01s Sys=0.00s Real=0.01s
[22.490s][info][gc,start    ] GC(549) Pause Young (Normal) (G1 Evacuation Pause)
[22.491s][info][gc,task     ] GC(549) Using 6 workers of 8 for evacuation
[22.496s][info][gc,phases   ] GC(549)   Pre Evacuate Collection Set: 0.6ms
[22.497s][info][gc,phases   ] GC(549)   Merge Heap Roots: 0.3ms
[22.497s][info][gc,phases   ] GC(549)   Evacuate Collection Set: 1.9ms
[22.497s][info][gc,phases   ] GC(549)   Post Evacuate Collection Set: 1.0ms
[22.498s][info][gc,phases   ] GC(549)   Other: 1.2ms
[22.498s][info][gc,heap     ] GC(549) Eden regions: 149->0(150)
[22.498s][info][gc,heap     ] GC(549) Survivor regions: 4->3(20)
[22.499s][info][gc,heap     ] GC(549) Old regions: 2->2
[22.499s][info][gc,heap     ] GC(549) Archive regions: 2->2
[22.499s][info][gc,heap     ] GC(549) Humongous regions: 0->0
[22.499s][info][gc,metaspace] GC(549) Metaspace: 615K(832K)->615K(832K) NonClass: 597K(704K)->597K(704K) Class: 17K(128K)->17K(128K)
[22.500s][info][gc          ] GC(549) Pause Young (Normal) (G1 Evacuation Pause) 154M->5M(256M) 9.940ms
[22.500s][info][gc,cpu      ] GC(549) User=0.01s Sys=0.00s Real=0.01s
[22.544s][info][gc,start    ] GC(550) Pause Young (Normal) (G1 Evacuation Pause)
[22.544s][info][gc,task     ] GC(550) Using 6 workers of 8 for evacuation
[22.547s][info][gc,phases   ] GC(550)   Pre Evacuate Collection Set: 0.3ms
[22.548s][info][gc,phases   ] GC(550)   Merge Heap Roots: 0.3ms
[22.548s][info][gc,phases   ] GC(550)   Evacuate Collection Set: 1.2ms
[22.548s][info][gc,phases   ] GC(550)   Post Evacuate Collection Set: 1.0ms
[22.549s][info][gc,phases   ] GC(550)   Other: 0.4ms
[22.549s][info][gc,heap     ] GC(550) Eden regions: 150->0(149)
[22.549s][info][gc,heap     ] GC(550) Survivor regions: 3->4(20)
[22.550s][info][gc,heap     ] GC(550) Old regions: 2->2
[22.550s][info][gc,heap     ] GC(550) Archive regions: 2->2
[22.550s][info][gc,heap     ] GC(550) Humongous regions: 0->0
[22.550s][info][gc,metaspace] GC(550) Metaspace: 615K(832K)->615K(832K) NonClass: 597K(704K)->597K(704K) Class: 17K(128K)->17K(128K)
[22.551s][info][gc          ] GC(550) Pause Young (Normal) (G1 Evacuation Pause) 155M->6M(256M) 7.089ms
[22.551s][info][gc,cpu      ] GC(550) User=0.00s Sys=0.01s Real=0.01s
[22.597s][info][gc,start    ] GC(551) Pause Young (Normal) (G1 Evacuation Pause)
[22.597s][info][gc,task     ] GC(551) Using 6 workers of 8 for evacuation
[22.600s][info][gc,phases   ] GC(551)   Pre Evacuate Collection Set: 0.2ms
[22.601s][info][gc,phases   ] GC(551)   Merge Heap Roots: 0.3ms
[22.601s][info][gc,phases   ] GC(551)   Evacuate Collection Set: 1.2ms
[22.601s][info][gc,phases   ] GC(551)   Post Evacuate Collection Set: 0.8ms
[22.602s][info][gc,phases   ] GC(551)   Other: 0.5ms
[22.602s][info][gc,heap     ] GC(551) Eden regions: 149->0(149)
[22.602s][info][gc,heap     ] GC(551) Survivor regions: 4->4(20)
[22.603s][info][gc,heap     ] GC(551) Old regions: 2->2
[22.603s][info][gc,heap     ] GC(551) Archive regions: 2->2
[22.603s][info][gc,heap     ] GC(551) Humongous regions: 0->0
[22.604s][info][gc,metaspace] GC(551) Metaspace: 615K(832K)->615K(832K) NonClass: 597K(704K)->597K(704K) Class: 17K(128K)->17K(128K)
[22.604s][info][gc          ] GC(551) Pause Young (Normal) (G1 Evacuation Pause) 155M->5M(256M) 7.364ms
[22.604s][info][gc,cpu      ] GC(551) User=0.01s Sys=0.00s Real=0.00s
[22.655s][info][gc,start    ] GC(552) Pause Young (Normal) (G1 Evacuation Pause)
[22.655s][info][gc,task     ] GC(552) Using 6 workers of 8 for evacuation
[22.659s][info][gc,phases   ] GC(552)   Pre Evacuate Collection Set: 0.2ms
[22.660s][info][gc,phases   ] GC(552)   Merge Heap Roots: 0.2ms
[22.661s][info][gc,phases   ] GC(552)   Evacuate Collection Set: 2.1ms
[22.661s][info][gc,phases   ] GC(552)   Post Evacuate Collection Set: 1.0ms
[22.661s][info][gc,phases   ] GC(552)   Other: 0.6ms
[22.662s][info][gc,heap     ] GC(552) Eden regions: 149->0(150)
[22.662s][info][gc,heap     ] GC(552) Survivor regions: 4->3(20)
[22.662s][info][gc,heap     ] GC(552) Old regions: 2->2
[22.662s][info][gc,heap     ] GC(552) Archive regions: 2->2
[22.663s][info][gc,heap     ] GC(552) Humongous regions: 0->0
[22.663s][info][gc,metaspace] GC(552) Metaspace: 615K(832K)->615K(832K) NonClass: 597K(704K)->597K(704K) Class: 17K(128K)->17K(128K)
[22.663s][info][gc          ] GC(552) Pause Young (Normal) (G1 Evacuation Pause) 154M->5M(256M) 8.376ms
[22.664s][info][gc,cpu      ] GC(552) User=0.01s Sys=0.01s Real=0.01s
[22.705s][info][gc,start    ] GC(553) Pause Young (Normal) (G1 Evacuation Pause)
[22.706s][info][gc,task     ] GC(553) Using 6 workers of 8 for evacuation
[22.714s][info][gc,phases   ] GC(553)   Pre Evacuate Collection Set: 0.9ms
[22.714s][info][gc,phases   ] GC(553)   Merge Heap Roots: 0.5ms
[22.714s][info][gc,phases   ] GC(553)   Evacuate Collection Set: 2.7ms
[22.715s][info][gc,phases   ] GC(553)   Post Evacuate Collection Set: 1.7ms
[22.715s][info][gc,phases   ] GC(553)   Other: 1.9ms
[22.715s][info][gc,heap     ] GC(553) Eden regions: 150->0(149)
[22.715s][info][gc,heap     ] GC(553) Survivor regions: 3->4(20)
[22.716s][info][gc,heap     ] GC(553) Old regions: 2->2
[22.716s][info][gc,heap     ] GC(553) Archive regions: 2->2
[22.717s][info][gc,heap     ] GC(553) Humongous regions: 0->0
[22.717s][info][gc,metaspace] GC(553) Metaspace: 615K(832K)->615K(832K) NonClass: 597K(704K)->597K(704K) Class: 17K(128K)->17K(128K)
[22.717s][info][gc          ] GC(553) Pause Young (Normal) (G1 Evacuation Pause) 155M->6M(256M) 11.954ms
[22.718s][info][gc,cpu      ] GC(553) User=0.01s Sys=0.00s Real=0.02s
[22.761s][info][gc,start    ] GC(554) Pause Young (Normal) (G1 Evacuation Pause)
[22.762s][info][gc,task     ] GC(554) Using 6 workers of 8 for evacuation
[22.765s][info][gc,phases   ] GC(554)   Pre Evacuate Collection Set: 0.3ms
[22.765s][info][gc,phases   ] GC(554)   Merge Heap Roots: 0.2ms
[22.766s][info][gc,phases   ] GC(554)   Evacuate Collection Set: 0.9ms
[22.766s][info][gc,phases   ] GC(554)   Post Evacuate Collection Set: 0.7ms
[22.767s][info][gc,phases   ] GC(554)   Other: 0.6ms
[22.767s][info][gc,heap     ] GC(554) Eden regions: 149->0(149)
[22.768s][info][gc,heap     ] GC(554) Survivor regions: 4->4(20)
[22.768s][info][gc,heap     ] GC(554) Old regions: 2->2
[22.768s][info][gc,heap     ] GC(554) Archive regions: 2->2
[22.768s][info][gc,heap     ] GC(554) Humongous regions: 0->0
[22.769s][info][gc,metaspace] GC(554) Metaspace: 615K(832K)->615K(832K) NonClass: 597K(704K)->597K(704K) Class: 17K(128K)->17K(128K)
[22.769s][info][gc          ] GC(554) Pause Young (Normal) (G1 Evacuation Pause) 155M->5M(256M) 7.926ms
[22.769s][info][gc,cpu      ] GC(554) User=0.00s Sys=0.00s Real=0.01s
[22.813s][info][gc,start    ] GC(555) Pause Young (Normal) (G1 Evacuation Pause)
[22.814s][info][gc,task     ] GC(555) Using 6 workers of 8 for evacuation
[22.817s][info][gc,phases   ] GC(555)   Pre Evacuate Collection Set: 0.2ms
[22.817s][info][gc,phases   ] GC(555)   Merge Heap Roots: 0.2ms
[22.817s][info][gc,phases   ] GC(555)   Evacuate Collection Set: 1.0ms
[22.817s][info][gc,phases   ] GC(555)   Post Evacuate Collection Set: 0.8ms
[22.818s][info][gc,phases   ] GC(555)   Other: 0.5ms
[22.818s][info][gc,heap     ] GC(555) Eden regions: 149->0(150)
[22.818s][info][gc,heap     ] GC(555) Survivor regions: 4->3(20)
[22.819s][info][gc,heap     ] GC(555) Old regions: 2->2
[22.819s][info][gc,heap     ] GC(555) Archive regions: 2->2
[22.819s][info][gc,heap     ] GC(555) Humongous regions: 0->0
[22.820s][info][gc,metaspace] GC(555) Metaspace: 615K(832K)->615K(832K) NonClass: 597K(704K)->597K(704K) Class: 17K(128K)->17K(128K)
[22.820s][info][gc          ] GC(555) Pause Young (Normal) (G1 Evacuation Pause) 154M->5M(256M) 6.482ms
[22.820s][info][gc,cpu      ] GC(555) User=0.00s Sys=0.00s Real=0.01s
[22.865s][info][gc,start    ] GC(556) Pause Young (Normal) (G1 Evacuation Pause)
[22.866s][info][gc,task     ] GC(556) Using 6 workers of 8 for evacuation
[22.870s][info][gc,phases   ] GC(556)   Pre Evacuate Collection Set: 0.2ms
[22.870s][info][gc,phases   ] GC(556)   Merge Heap Roots: 0.3ms
[22.871s][info][gc,phases   ] GC(556)   Evacuate Collection Set: 1.6ms
[22.871s][info][gc,phases   ] GC(556)   Post Evacuate Collection Set: 1.0ms
[22.871s][info][gc,phases   ] GC(556)   Other: 0.7ms
[22.872s][info][gc,heap     ] GC(556) Eden regions: 150->0(149)
[22.872s][info][gc,heap     ] GC(556) Survivor regions: 3->4(20)
[22.872s][info][gc,heap     ] GC(556) Old regions: 2->2
[22.873s][info][gc,heap     ] GC(556) Archive regions: 2->2
[22.873s][info][gc,heap     ] GC(556) Humongous regions: 0->0
[22.873s][info][gc,metaspace] GC(556) Metaspace: 615K(832K)->615K(832K) NonClass: 597K(704K)->597K(704K) Class: 17K(128K)->17K(128K)
[22.874s][info][gc          ] GC(556) Pause Young (Normal) (G1 Evacuation Pause) 155M->6M(256M) 9.252ms
[22.875s][info][gc,cpu      ] GC(556) User=0.00s Sys=0.01s Real=0.01s
[22.916s][info][gc,start    ] GC(557) Pause Young (Normal) (G1 Evacuation Pause)
[22.916s][info][gc,task     ] GC(557) Using 6 workers of 8 for evacuation
[22.920s][info][gc,phases   ] GC(557)   Pre Evacuate Collection Set: 0.3ms
[22.920s][info][gc,phases   ] GC(557)   Merge Heap Roots: 0.3ms
[22.920s][info][gc,phases   ] GC(557)   Evacuate Collection Set: 1.3ms
[22.921s][info][gc,phases   ] GC(557)   Post Evacuate Collection Set: 0.9ms
[22.921s][info][gc,phases   ] GC(557)   Other: 0.5ms
[22.921s][info][gc,heap     ] GC(557) Eden regions: 149->0(149)
[22.922s][info][gc,heap     ] GC(557) Survivor regions: 4->4(20)
[22.922s][info][gc,heap     ] GC(557) Old regions: 2->2
[22.923s][info][gc,heap     ] GC(557) Archive regions: 2->2
[22.923s][info][gc,heap     ] GC(557) Humongous regions: 0->0
[22.925s][info][gc,metaspace] GC(557) Metaspace: 615K(832K)->615K(832K) NonClass: 597K(704K)->597K(704K) Class: 17K(128K)->17K(128K)
[22.926s][info][gc          ] GC(557) Pause Young (Normal) (G1 Evacuation Pause) 155M->5M(256M) 9.837ms
[22.927s][info][gc,cpu      ] GC(557) User=0.01s Sys=0.01s Real=0.02s
[22.970s][info][gc,start    ] GC(558) Pause Young (Normal) (G1 Evacuation Pause)
[22.971s][info][gc,task     ] GC(558) Using 6 workers of 8 for evacuation
[22.975s][info][gc,phases   ] GC(558)   Pre Evacuate Collection Set: 0.4ms
[22.976s][info][gc,phases   ] GC(558)   Merge Heap Roots: 0.3ms
[22.976s][info][gc,phases   ] GC(558)   Evacuate Collection Set: 1.1ms
[22.978s][info][gc,phases   ] GC(558)   Post Evacuate Collection Set: 1.5ms
[22.979s][info][gc,phases   ] GC(558)   Other: 0.5ms
[22.979s][info][gc,heap     ] GC(558) Eden regions: 149->0(149)
[22.980s][info][gc,heap     ] GC(558) Survivor regions: 4->4(20)
[22.980s][info][gc,heap     ] GC(558) Old regions: 2->2
[22.980s][info][gc,heap     ] GC(558) Archive regions: 2->2
[22.981s][info][gc,heap     ] GC(558) Humongous regions: 0->0
[22.981s][info][gc,metaspace] GC(558) Metaspace: 615K(832K)->615K(832K) NonClass: 597K(704K)->597K(704K) Class: 17K(128K)->17K(128K)
[22.981s][info][gc          ] GC(558) Pause Young (Normal) (G1 Evacuation Pause) 154M->5M(256M) 10.862ms
[22.981s][info][gc,cpu      ] GC(558) User=0.01s Sys=0.00s Real=0.01s
[23.024s][info][gc,start    ] GC(559) Pause Young (Normal) (G1 Evacuation Pause)
[23.025s][info][gc,task     ] GC(559) Using 6 workers of 8 for evacuation
[23.029s][info][gc,phases   ] GC(559)   Pre Evacuate Collection Set: 0.5ms
[23.029s][info][gc,phases   ] GC(559)   Merge Heap Roots: 0.3ms
[23.030s][info][gc,phases   ] GC(559)   Evacuate Collection Set: 1.1ms
[23.030s][info][gc,phases   ] GC(559)   Post Evacuate Collection Set: 0.8ms
[23.030s][info][gc,phases   ] GC(559)   Other: 1.2ms
[23.031s][info][gc,heap     ] GC(559) Eden regions: 149->0(150)
[23.031s][info][gc,heap     ] GC(559) Survivor regions: 4->3(20)
[23.031s][info][gc,heap     ] GC(559) Old regions: 2->2
[23.032s][info][gc,heap     ] GC(559) Archive regions: 2->2
[23.032s][info][gc,heap     ] GC(559) Humongous regions: 0->0
[23.032s][info][gc,metaspace] GC(559) Metaspace: 615K(832K)->615K(832K) NonClass: 597K(704K)->597K(704K) Class: 17K(128K)->17K(128K)
[23.033s][info][gc          ] GC(559) Pause Young (Normal) (G1 Evacuation Pause) 154M->5M(256M) 8.982ms
[23.033s][info][gc,cpu      ] GC(559) User=0.00s Sys=0.00s Real=0.01s
[23.082s][info][gc,start    ] GC(560) Pause Young (Normal) (G1 Evacuation Pause)
[23.082s][info][gc,task     ] GC(560) Using 6 workers of 8 for evacuation
[23.085s][info][gc,phases   ] GC(560)   Pre Evacuate Collection Set: 0.2ms
[23.086s][info][gc,phases   ] GC(560)   Merge Heap Roots: 0.3ms
[23.086s][info][gc,phases   ] GC(560)   Evacuate Collection Set: 1.3ms
[23.086s][info][gc,phases   ] GC(560)   Post Evacuate Collection Set: 0.8ms
[23.087s][info][gc,phases   ] GC(560)   Other: 0.5ms
[23.087s][info][gc,heap     ] GC(560) Eden regions: 150->0(149)
[23.087s][info][gc,heap     ] GC(560) Survivor regions: 3->4(20)
[23.088s][info][gc,heap     ] GC(560) Old regions: 2->2
[23.088s][info][gc,heap     ] GC(560) Archive regions: 2->2
[23.088s][info][gc,heap     ] GC(560) Humongous regions: 0->0
[23.089s][info][gc,metaspace] GC(560) Metaspace: 615K(832K)->615K(832K) NonClass: 597K(704K)->597K(704K) Class: 17K(128K)->17K(128K)
[23.089s][info][gc          ] GC(560) Pause Young (Normal) (G1 Evacuation Pause) 155M->5M(256M) 7.289ms
[23.089s][info][gc,cpu      ] GC(560) User=0.00s Sys=0.01s Real=0.01s
[23.134s][info][gc,start    ] GC(561) Pause Young (Normal) (G1 Evacuation Pause)
[23.134s][info][gc,task     ] GC(561) Using 6 workers of 8 for evacuation
[23.138s][info][gc,phases   ] GC(561)   Pre Evacuate Collection Set: 0.3ms
[23.138s][info][gc,phases   ] GC(561)   Merge Heap Roots: 0.3ms
[23.138s][info][gc,phases   ] GC(561)   Evacuate Collection Set: 1.3ms
[23.139s][info][gc,phases   ] GC(561)   Post Evacuate Collection Set: 0.7ms
[23.140s][info][gc,phases   ] GC(561)   Other: 0.4ms
[23.140s][info][gc,heap     ] GC(561) Eden regions: 149->0(149)
[23.141s][info][gc,heap     ] GC(561) Survivor regions: 4->4(20)
[23.142s][info][gc,heap     ] GC(561) Old regions: 2->2
[23.143s][info][gc,heap     ] GC(561) Archive regions: 2->2
[23.143s][info][gc,heap     ] GC(561) Humongous regions: 0->0
[23.144s][info][gc,metaspace] GC(561) Metaspace: 615K(832K)->615K(832K) NonClass: 597K(704K)->597K(704K) Class: 17K(128K)->17K(128K)
[23.144s][info][gc          ] GC(561) Pause Young (Normal) (G1 Evacuation Pause) 154M->5M(256M) 10.307ms
[23.145s][info][gc,cpu      ] GC(561) User=0.00s Sys=0.00s Real=0.01s
[23.186s][info][gc,start    ] GC(562) Pause Young (Normal) (G1 Evacuation Pause)
[23.186s][info][gc,task     ] GC(562) Using 6 workers of 8 for evacuation
[23.189s][info][gc,phases   ] GC(562)   Pre Evacuate Collection Set: 0.3ms
[23.190s][info][gc,phases   ] GC(562)   Merge Heap Roots: 0.3ms
[23.191s][info][gc,phases   ] GC(562)   Evacuate Collection Set: 1.1ms
[23.192s][info][gc,phases   ] GC(562)   Post Evacuate Collection Set: 0.9ms
[23.193s][info][gc,phases   ] GC(562)   Other: 0.4ms
[23.194s][info][gc,heap     ] GC(562) Eden regions: 149->0(149)
[23.194s][info][gc,heap     ] GC(562) Survivor regions: 4->4(20)
[23.195s][info][gc,heap     ] GC(562) Old regions: 2->2
[23.195s][info][gc,heap     ] GC(562) Archive regions: 2->2
[23.196s][info][gc,heap     ] GC(562) Humongous regions: 0->0
[23.196s][info][gc,metaspace] GC(562) Metaspace: 615K(832K)->615K(832K) NonClass: 597K(704K)->597K(704K) Class: 17K(128K)->17K(128K)
[23.197s][info][gc          ] GC(562) Pause Young (Normal) (G1 Evacuation Pause) 154M->5M(256M) 10.718ms
[23.197s][info][gc,cpu      ] GC(562) User=0.00s Sys=0.00s Real=0.02s
[23.242s][info][gc,start    ] GC(563) Pause Young (Normal) (G1 Evacuation Pause)
[23.244s][info][gc,task     ] GC(563) Using 6 workers of 8 for evacuation
[23.247s][info][gc,phases   ] GC(563)   Pre Evacuate Collection Set: 0.3ms
[23.247s][info][gc,phases   ] GC(563)   Merge Heap Roots: 0.3ms
[23.248s][info][gc,phases   ] GC(563)   Evacuate Collection Set: 0.8ms
[23.248s][info][gc,phases   ] GC(563)   Post Evacuate Collection Set: 1.0ms
[23.248s][info][gc,phases   ] GC(563)   Other: 0.5ms
[23.249s][info][gc,heap     ] GC(563) Eden regions: 149->0(150)
[23.249s][info][gc,heap     ] GC(563) Survivor regions: 4->3(20)
[23.249s][info][gc,heap     ] GC(563) Old regions: 2->2
[23.250s][info][gc,heap     ] GC(563) Archive regions: 2->2
[23.250s][info][gc,heap     ] GC(563) Humongous regions: 0->0
[23.250s][info][gc,metaspace] GC(563) Metaspace: 615K(832K)->615K(832K) NonClass: 597K(704K)->597K(704K) Class: 17K(128K)->17K(128K)
[23.251s][info][gc          ] GC(563) Pause Young (Normal) (G1 Evacuation Pause) 154M->5M(256M) 8.508ms
[23.251s][info][gc,cpu      ] GC(563) User=0.00s Sys=0.00s Real=0.01s
[23.321s][info][gc,start    ] GC(564) Pause Young (Normal) (G1 Evacuation Pause)
[23.322s][info][gc,task     ] GC(564) Using 6 workers of 8 for evacuation
[23.336s][info][gc,phases   ] GC(564)   Pre Evacuate Collection Set: 0.4ms
[23.337s][info][gc,phases   ] GC(564)   Merge Heap Roots: 0.2ms
[23.338s][info][gc,phases   ] GC(564)   Evacuate Collection Set: 11.8ms
[23.339s][info][gc,phases   ] GC(564)   Post Evacuate Collection Set: 0.9ms
[23.339s][info][gc,phases   ] GC(564)   Other: 0.6ms
[23.341s][info][gc,heap     ] GC(564) Eden regions: 150->0(149)
[23.346s][info][gc,heap     ] GC(564) Survivor regions: 3->4(20)
[23.349s][info][gc,heap     ] GC(564) Old regions: 2->2
[23.349s][info][gc,heap     ] GC(564) Archive regions: 2->2
[23.350s][info][gc,heap     ] GC(564) Humongous regions: 0->0
[23.350s][info][gc,metaspace] GC(564) Metaspace: 615K(832K)->615K(832K) NonClass: 597K(704K)->597K(704K) Class: 17K(128K)->17K(128K)
[23.351s][info][gc          ] GC(564) Pause Young (Normal) (G1 Evacuation Pause) 155M->6M(256M) 30.118ms
[23.351s][info][gc,cpu      ] GC(564) User=0.03s Sys=0.00s Real=0.03s
[23.418s][info][gc,start    ] GC(565) Pause Young (Normal) (G1 Evacuation Pause)
[23.419s][info][gc,task     ] GC(565) Using 6 workers of 8 for evacuation
[23.422s][info][gc,phases   ] GC(565)   Pre Evacuate Collection Set: 0.3ms
[23.427s][info][gc,phases   ] GC(565)   Merge Heap Roots: 0.3ms
[23.429s][info][gc,phases   ] GC(565)   Evacuate Collection Set: 1.2ms
[23.430s][info][gc,phases   ] GC(565)   Post Evacuate Collection Set: 1.0ms
[23.431s][info][gc,phases   ] GC(565)   Other: 0.6ms
[23.431s][info][gc,heap     ] GC(565) Eden regions: 149->0(149)
[23.432s][info][gc,heap     ] GC(565) Survivor regions: 4->4(20)
[23.432s][info][gc,heap     ] GC(565) Old regions: 2->2
[23.433s][info][gc,heap     ] GC(565) Archive regions: 2->2
[23.433s][info][gc,heap     ] GC(565) Humongous regions: 0->0
[23.433s][info][gc,metaspace] GC(565) Metaspace: 615K(832K)->615K(832K) NonClass: 597K(704K)->597K(704K) Class: 17K(128K)->17K(128K)
[23.434s][info][gc          ] GC(565) Pause Young (Normal) (G1 Evacuation Pause) 155M->5M(256M) 15.566ms
[23.434s][info][gc,cpu      ] GC(565) User=0.01s Sys=0.00s Real=0.01s
[23.501s][info][gc,start    ] GC(566) Pause Young (Normal) (G1 Evacuation Pause)
[23.538s][info][gc,task     ] GC(566) Using 6 workers of 8 for evacuation
[23.565s][info][gc,phases   ] GC(566)   Pre Evacuate Collection Set: 0.3ms
[23.569s][info][gc,phases   ] GC(566)   Merge Heap Roots: 0.3ms
[23.571s][info][gc,phases   ] GC(566)   Evacuate Collection Set: 0.8ms
[23.584s][info][gc,phases   ] GC(566)   Post Evacuate Collection Set: 0.9ms
[23.585s][info][gc,phases   ] GC(566)   Other: 24.9ms
[23.586s][info][gc,heap     ] GC(566) Eden regions: 149->0(150)
[23.587s][info][gc,heap     ] GC(566) Survivor regions: 4->3(20)
[23.587s][info][gc,heap     ] GC(566) Old regions: 2->2
[23.587s][info][gc,heap     ] GC(566) Archive regions: 2->2
[23.588s][info][gc,heap     ] GC(566) Humongous regions: 0->0
[23.588s][info][gc,metaspace] GC(566) Metaspace: 615K(832K)->615K(832K) NonClass: 597K(704K)->597K(704K) Class: 17K(128K)->17K(128K)
[23.589s][info][gc          ] GC(566) Pause Young (Normal) (G1 Evacuation Pause) 154M->5M(256M) 87.917ms
[23.589s][info][gc,cpu      ] GC(566) User=0.01s Sys=0.00s Real=0.09s
[23.653s][info][gc,start    ] GC(567) Pause Young (Normal) (G1 Evacuation Pause)
[23.654s][info][gc,task     ] GC(567) Using 6 workers of 8 for evacuation
[23.662s][info][gc,phases   ] GC(567)   Pre Evacuate Collection Set: 0.8ms
[23.664s][info][gc,phases   ] GC(567)   Merge Heap Roots: 0.4ms
[23.664s][info][gc,phases   ] GC(567)   Evacuate Collection Set: 2.0ms
[23.665s][info][gc,phases   ] GC(567)   Post Evacuate Collection Set: 1.4ms
[23.665s][info][gc,phases   ] GC(567)   Other: 3.5ms
[23.665s][info][gc,heap     ] GC(567) Eden regions: 150->0(149)
[23.667s][info][gc,heap     ] GC(567) Survivor regions: 3->4(20)
[23.667s][info][gc,heap     ] GC(567) Old regions: 2->2
[23.668s][info][gc,heap     ] GC(567) Archive regions: 2->2
[23.668s][info][gc,heap     ] GC(567) Humongous regions: 0->0
[23.669s][info][gc,metaspace] GC(567) Metaspace: 615K(832K)->615K(832K) NonClass: 597K(704K)->597K(704K) Class: 17K(128K)->17K(128K)
[23.670s][info][gc          ] GC(567) Pause Young (Normal) (G1 Evacuation Pause) 155M->6M(256M) 16.540ms
[23.670s][info][gc,cpu      ] GC(567) User=0.02s Sys=0.00s Real=0.02s
[23.734s][info][gc,start    ] GC(568) Pause Young (Normal) (G1 Evacuation Pause)
[23.734s][info][gc,task     ] GC(568) Using 6 workers of 8 for evacuation
[23.738s][info][gc,phases   ] GC(568)   Pre Evacuate Collection Set: 0.3ms
[23.738s][info][gc,phases   ] GC(568)   Merge Heap Roots: 0.2ms
[23.739s][info][gc,phases   ] GC(568)   Evacuate Collection Set: 1.5ms
[23.739s][info][gc,phases   ] GC(568)   Post Evacuate Collection Set: 1.0ms
[23.739s][info][gc,phases   ] GC(568)   Other: 0.7ms
[23.740s][info][gc,heap     ] GC(568) Eden regions: 149->0(149)
[23.740s][info][gc,heap     ] GC(568) Survivor regions: 4->4(20)
[23.741s][info][gc,heap     ] GC(568) Old regions: 2->2
[23.742s][info][gc,heap     ] GC(568) Archive regions: 2->2
[23.742s][info][gc,heap     ] GC(568) Humongous regions: 0->0
[23.743s][info][gc,metaspace] GC(568) Metaspace: 615K(832K)->615K(832K) NonClass: 597K(704K)->597K(704K) Class: 17K(128K)->17K(128K)
[23.745s][info][gc          ] GC(568) Pause Young (Normal) (G1 Evacuation Pause) 155M->5M(256M) 10.911ms
[23.746s][info][gc,cpu      ] GC(568) User=0.01s Sys=0.00s Real=0.01s
[23.789s][info][gc,start    ] GC(569) Pause Young (Normal) (G1 Evacuation Pause)
[23.789s][info][gc,task     ] GC(569) Using 6 workers of 8 for evacuation
[23.794s][info][gc,phases   ] GC(569)   Pre Evacuate Collection Set: 0.4ms
[23.795s][info][gc,phases   ] GC(569)   Merge Heap Roots: 0.4ms
[23.796s][info][gc,phases   ] GC(569)   Evacuate Collection Set: 1.7ms
[23.796s][info][gc,phases   ] GC(569)   Post Evacuate Collection Set: 1.5ms
[23.797s][info][gc,phases   ] GC(569)   Other: 0.5ms
[23.797s][info][gc,heap     ] GC(569) Eden regions: 149->0(149)
[23.797s][info][gc,heap     ] GC(569) Survivor regions: 4->4(20)
[23.798s][info][gc,heap     ] GC(569) Old regions: 2->2
[23.798s][info][gc,heap     ] GC(569) Archive regions: 2->2
[23.799s][info][gc,heap     ] GC(569) Humongous regions: 0->0
[23.799s][info][gc,metaspace] GC(569) Metaspace: 615K(832K)->615K(832K) NonClass: 597K(704K)->597K(704K) Class: 17K(128K)->17K(128K)
[23.799s][info][gc          ] GC(569) Pause Young (Normal) (G1 Evacuation Pause) 154M->5M(256M) 10.460ms
[23.800s][info][gc,cpu      ] GC(569) User=0.01s Sys=0.00s Real=0.01s
[23.848s][info][gc,start    ] GC(570) Pause Young (Normal) (G1 Evacuation Pause)
[23.848s][info][gc,task     ] GC(570) Using 6 workers of 8 for evacuation
[23.851s][info][gc,phases   ] GC(570)   Pre Evacuate Collection Set: 0.3ms
[23.852s][info][gc,phases   ] GC(570)   Merge Heap Roots: 0.2ms
[23.852s][info][gc,phases   ] GC(570)   Evacuate Collection Set: 1.1ms
[23.853s][info][gc,phases   ] GC(570)   Post Evacuate Collection Set: 0.9ms
[23.853s][info][gc,phases   ] GC(570)   Other: 0.5ms
[23.853s][info][gc,heap     ] GC(570) Eden regions: 149->0(150)
[23.854s][info][gc,heap     ] GC(570) Survivor regions: 4->3(20)
[23.854s][info][gc,heap     ] GC(570) Old regions: 2->2
[23.854s][info][gc,heap     ] GC(570) Archive regions: 2->2
[23.855s][info][gc,heap     ] GC(570) Humongous regions: 0->0
[23.855s][info][gc,metaspace] GC(570) Metaspace: 615K(832K)->615K(832K) NonClass: 597K(704K)->597K(704K) Class: 17K(128K)->17K(128K)
[23.856s][info][gc          ] GC(570) Pause Young (Normal) (G1 Evacuation Pause) 154M->5M(256M) 8.143ms
[23.857s][info][gc,cpu      ] GC(570) User=0.00s Sys=0.00s Real=0.00s
[23.903s][info][gc,start    ] GC(571) Pause Young (Normal) (G1 Evacuation Pause)
[23.903s][info][gc,task     ] GC(571) Using 6 workers of 8 for evacuation
[23.907s][info][gc,phases   ] GC(571)   Pre Evacuate Collection Set: 0.3ms
[23.908s][info][gc,phases   ] GC(571)   Merge Heap Roots: 0.3ms
[23.909s][info][gc,phases   ] GC(571)   Evacuate Collection Set: 1.2ms
[23.910s][info][gc,phases   ] GC(571)   Post Evacuate Collection Set: 0.9ms
[23.911s][info][gc,phases   ] GC(571)   Other: 0.6ms
[23.911s][info][gc,heap     ] GC(571) Eden regions: 150->0(149)
[23.912s][info][gc,heap     ] GC(571) Survivor regions: 3->4(20)
[23.913s][info][gc,heap     ] GC(571) Old regions: 2->2
[23.915s][info][gc,heap     ] GC(571) Archive regions: 2->2
[23.915s][info][gc,heap     ] GC(571) Humongous regions: 0->0
[23.916s][info][gc,metaspace] GC(571) Metaspace: 615K(832K)->615K(832K) NonClass: 597K(704K)->597K(704K) Class: 17K(128K)->17K(128K)
[23.916s][info][gc          ] GC(571) Pause Young (Normal) (G1 Evacuation Pause) 155M->5M(256M) 12.879ms
[23.916s][info][gc,cpu      ] GC(571) User=0.01s Sys=0.00s Real=0.01s
[23.967s][info][gc,start    ] GC(572) Pause Young (Normal) (G1 Evacuation Pause)
[23.968s][info][gc,task     ] GC(572) Using 6 workers of 8 for evacuation
[23.971s][info][gc,phases   ] GC(572)   Pre Evacuate Collection Set: 0.2ms
[23.971s][info][gc,phases   ] GC(572)   Merge Heap Roots: 0.2ms
[23.972s][info][gc,phases   ] GC(572)   Evacuate Collection Set: 1.4ms
[23.972s][info][gc,phases   ] GC(572)   Post Evacuate Collection Set: 0.9ms
[23.972s][info][gc,phases   ] GC(572)   Other: 0.4ms
[23.973s][info][gc,heap     ] GC(572) Eden regions: 149->0(149)
[23.973s][info][gc,heap     ] GC(572) Survivor regions: 4->4(20)
[23.974s][info][gc,heap     ] GC(572) Old regions: 2->2
[23.976s][info][gc,heap     ] GC(572) Archive regions: 2->2
[23.977s][info][gc,heap     ] GC(572) Humongous regions: 0->0
[23.978s][info][gc,metaspace] GC(572) Metaspace: 615K(832K)->615K(832K) NonClass: 597K(704K)->597K(704K) Class: 17K(128K)->17K(128K)
[23.980s][info][gc          ] GC(572) Pause Young (Normal) (G1 Evacuation Pause) 154M->5M(256M) 12.071ms
[23.980s][info][gc,cpu      ] GC(572) User=0.01s Sys=0.00s Real=0.01s
[24.030s][info][gc,start    ] GC(573) Pause Young (Normal) (G1 Evacuation Pause)
[24.030s][info][gc,task     ] GC(573) Using 6 workers of 8 for evacuation
[24.034s][info][gc,phases   ] GC(573)   Pre Evacuate Collection Set: 0.4ms
[24.034s][info][gc,phases   ] GC(573)   Merge Heap Roots: 0.3ms
[24.035s][info][gc,phases   ] GC(573)   Evacuate Collection Set: 1.1ms
[24.036s][info][gc,phases   ] GC(573)   Post Evacuate Collection Set: 0.8ms
[24.036s][info][gc,phases   ] GC(573)   Other: 0.7ms
[24.037s][info][gc,heap     ] GC(573) Eden regions: 149->0(150)
[24.037s][info][gc,heap     ] GC(573) Survivor regions: 4->3(20)
[24.037s][info][gc,heap     ] GC(573) Old regions: 2->2
[24.038s][info][gc,heap     ] GC(573) Archive regions: 2->2
[24.038s][info][gc,heap     ] GC(573) Humongous regions: 0->0
[24.038s][info][gc,metaspace] GC(573) Metaspace: 615K(832K)->615K(832K) NonClass: 597K(704K)->597K(704K) Class: 17K(128K)->17K(128K)
[24.039s][info][gc          ] GC(573) Pause Young (Normal) (G1 Evacuation Pause) 154M->5M(256M) 8.908ms
[24.039s][info][gc,cpu      ] GC(573) User=0.00s Sys=0.00s Real=0.01s
[24.090s][info][gc,start    ] GC(574) Pause Young (Normal) (G1 Evacuation Pause)
[24.091s][info][gc,task     ] GC(574) Using 6 workers of 8 for evacuation
[24.097s][info][gc,phases   ] GC(574)   Pre Evacuate Collection Set: 0.5ms
[24.098s][info][gc,phases   ] GC(574)   Merge Heap Roots: 0.3ms
[24.099s][info][gc,phases   ] GC(574)   Evacuate Collection Set: 2.5ms
[24.099s][info][gc,phases   ] GC(574)   Post Evacuate Collection Set: 1.4ms
[24.100s][info][gc,phases   ] GC(574)   Other: 1.3ms
[24.100s][info][gc,heap     ] GC(574) Eden regions: 150->0(149)
[24.100s][info][gc,heap     ] GC(574) Survivor regions: 3->4(20)
[24.101s][info][gc,heap     ] GC(574) Old regions: 2->2
[24.101s][info][gc,heap     ] GC(574) Archive regions: 2->2
[24.101s][info][gc,heap     ] GC(574) Humongous regions: 0->0
[24.102s][info][gc,metaspace] GC(574) Metaspace: 615K(832K)->615K(832K) NonClass: 597K(704K)->597K(704K) Class: 17K(128K)->17K(128K)
[24.102s][info][gc          ] GC(574) Pause Young (Normal) (G1 Evacuation Pause) 155M->6M(256M) 11.747ms
[24.102s][info][gc,cpu      ] GC(574) User=0.01s Sys=0.01s Real=0.01s
[24.147s][info][gc,start    ] GC(575) Pause Young (Normal) (G1 Evacuation Pause)
[24.148s][info][gc,task     ] GC(575) Using 6 workers of 8 for evacuation
[24.151s][info][gc,phases   ] GC(575)   Pre Evacuate Collection Set: 0.4ms
[24.151s][info][gc,phases   ] GC(575)   Merge Heap Roots: 0.2ms
[24.152s][info][gc,phases   ] GC(575)   Evacuate Collection Set: 1.2ms
[24.152s][info][gc,phases   ] GC(575)   Post Evacuate Collection Set: 0.8ms
[24.152s][info][gc,phases   ] GC(575)   Other: 0.4ms
[24.153s][info][gc,heap     ] GC(575) Eden regions: 149->0(149)
[24.153s][info][gc,heap     ] GC(575) Survivor regions: 4->4(20)
[24.153s][info][gc,heap     ] GC(575) Old regions: 2->2
[24.154s][info][gc,heap     ] GC(575) Archive regions: 2->2
[24.154s][info][gc,heap     ] GC(575) Humongous regions: 0->0
[24.154s][info][gc,metaspace] GC(575) Metaspace: 615K(832K)->615K(832K) NonClass: 597K(704K)->597K(704K) Class: 17K(128K)->17K(128K)
[24.155s][info][gc          ] GC(575) Pause Young (Normal) (G1 Evacuation Pause) 155M->5M(256M) 7.309ms
[24.155s][info][gc,cpu      ] GC(575) User=0.01s Sys=0.00s Real=0.00s
[24.200s][info][gc,start    ] GC(576) Pause Young (Normal) (G1 Evacuation Pause)
[24.201s][info][gc,task     ] GC(576) Using 6 workers of 8 for evacuation
[24.203s][info][gc,phases   ] GC(576)   Pre Evacuate Collection Set: 0.2ms
[24.204s][info][gc,phases   ] GC(576)   Merge Heap Roots: 0.2ms
[24.204s][info][gc,phases   ] GC(576)   Evacuate Collection Set: 1.1ms
[24.205s][info][gc,phases   ] GC(576)   Post Evacuate Collection Set: 0.8ms
[24.205s][info][gc,phases   ] GC(576)   Other: 0.4ms
[24.205s][info][gc,heap     ] GC(576) Eden regions: 149->0(149)
[24.206s][info][gc,heap     ] GC(576) Survivor regions: 4->4(20)
[24.206s][info][gc,heap     ] GC(576) Old regions: 2->2
[24.206s][info][gc,heap     ] GC(576) Archive regions: 2->2
[24.207s][info][gc,heap     ] GC(576) Humongous regions: 0->0
[24.208s][info][gc,metaspace] GC(576) Metaspace: 615K(832K)->615K(832K) NonClass: 597K(704K)->597K(704K) Class: 17K(128K)->17K(128K)
[24.209s][info][gc          ] GC(576) Pause Young (Normal) (G1 Evacuation Pause) 154M->5M(256M) 8.222ms
[24.209s][info][gc,cpu      ] GC(576) User=0.00s Sys=0.00s Real=0.01s
[24.251s][info][gc,start    ] GC(577) Pause Young (Normal) (G1 Evacuation Pause)
[24.251s][info][gc,task     ] GC(577) Using 6 workers of 8 for evacuation
[24.254s][info][gc,phases   ] GC(577)   Pre Evacuate Collection Set: 0.2ms
[24.254s][info][gc,phases   ] GC(577)   Merge Heap Roots: 0.2ms
[24.255s][info][gc,phases   ] GC(577)   Evacuate Collection Set: 0.8ms
[24.255s][info][gc,phases   ] GC(577)   Post Evacuate Collection Set: 0.9ms
[24.255s][info][gc,phases   ] GC(577)   Other: 0.5ms
[24.256s][info][gc,heap     ] GC(577) Eden regions: 149->0(150)
[24.257s][info][gc,heap     ] GC(577) Survivor regions: 4->3(20)
[24.257s][info][gc,heap     ] GC(577) Old regions: 2->2
[24.258s][info][gc,heap     ] GC(577) Archive regions: 2->2
[24.259s][info][gc,heap     ] GC(577) Humongous regions: 0->0
[24.260s][info][gc,metaspace] GC(577) Metaspace: 615K(832K)->615K(832K) NonClass: 597K(704K)->597K(704K) Class: 17K(128K)->17K(128K)
[24.261s][info][gc          ] GC(577) Pause Young (Normal) (G1 Evacuation Pause) 154M->5M(256M) 9.443ms
[24.261s][info][gc,cpu      ] GC(577) User=0.01s Sys=0.00s Real=0.01s
[24.314s][info][gc,start    ] GC(578) Pause Young (Normal) (G1 Evacuation Pause)
[24.315s][info][gc,task     ] GC(578) Using 6 workers of 8 for evacuation
[24.318s][info][gc,phases   ] GC(578)   Pre Evacuate Collection Set: 0.3ms
[24.318s][info][gc,phases   ] GC(578)   Merge Heap Roots: 0.2ms
[24.319s][info][gc,phases   ] GC(578)   Evacuate Collection Set: 1.3ms
[24.319s][info][gc,phases   ] GC(578)   Post Evacuate Collection Set: 0.9ms
[24.319s][info][gc,phases   ] GC(578)   Other: 0.4ms
[24.320s][info][gc,heap     ] GC(578) Eden regions: 150->0(149)
[24.320s][info][gc,heap     ] GC(578) Survivor regions: 3->4(20)
[24.320s][info][gc,heap     ] GC(578) Old regions: 2->2
[24.321s][info][gc,heap     ] GC(578) Archive regions: 2->2
[24.321s][info][gc,heap     ] GC(578) Humongous regions: 0->0
[24.321s][info][gc,metaspace] GC(578) Metaspace: 615K(832K)->615K(832K) NonClass: 597K(704K)->597K(704K) Class: 17K(128K)->17K(128K)
[24.322s][info][gc          ] GC(578) Pause Young (Normal) (G1 Evacuation Pause) 155M->5M(256M) 7.098ms
[24.322s][info][gc,cpu      ] GC(578) User=0.01s Sys=0.00s Real=0.01s
[24.366s][info][gc,start    ] GC(579) Pause Young (Normal) (G1 Evacuation Pause)
[24.367s][info][gc,task     ] GC(579) Using 6 workers of 8 for evacuation
[24.370s][info][gc,phases   ] GC(579)   Pre Evacuate Collection Set: 0.4ms
[24.371s][info][gc,phases   ] GC(579)   Merge Heap Roots: 0.3ms
[24.371s][info][gc,phases   ] GC(579)   Evacuate Collection Set: 1.6ms
[24.371s][info][gc,phases   ] GC(579)   Post Evacuate Collection Set: 1.0ms
[24.372s][info][gc,phases   ] GC(579)   Other: 0.4ms
[24.372s][info][gc,heap     ] GC(579) Eden regions: 149->0(149)
[24.372s][info][gc,heap     ] GC(579) Survivor regions: 4->4(20)
[24.373s][info][gc,heap     ] GC(579) Old regions: 2->2
[24.374s][info][gc,heap     ] GC(579) Archive regions: 2->2
[24.374s][info][gc,heap     ] GC(579) Humongous regions: 0->0
[24.376s][info][gc,metaspace] GC(579) Metaspace: 615K(832K)->615K(832K) NonClass: 597K(704K)->597K(704K) Class: 17K(128K)->17K(128K)
[24.377s][info][gc          ] GC(579) Pause Young (Normal) (G1 Evacuation Pause) 154M->5M(256M) 10.962ms
[24.378s][info][gc,cpu      ] GC(579) User=0.00s Sys=0.00s Real=0.02s
[24.423s][info][gc,start    ] GC(580) Pause Young (Normal) (G1 Evacuation Pause)
[24.427s][info][gc,task     ] GC(580) Using 6 workers of 8 for evacuation
[24.430s][info][gc,phases   ] GC(580)   Pre Evacuate Collection Set: 0.3ms
[24.431s][info][gc,phases   ] GC(580)   Merge Heap Roots: 0.2ms
[24.431s][info][gc,phases   ] GC(580)   Evacuate Collection Set: 0.9ms
[24.431s][info][gc,phases   ] GC(580)   Post Evacuate Collection Set: 1.0ms
[24.432s][info][gc,phases   ] GC(580)   Other: 0.6ms
[24.432s][info][gc,heap     ] GC(580) Eden regions: 149->0(150)
[24.432s][info][gc,heap     ] GC(580) Survivor regions: 4->3(20)
[24.433s][info][gc,heap     ] GC(580) Old regions: 2->2
[24.433s][info][gc,heap     ] GC(580) Archive regions: 2->2
[24.433s][info][gc,heap     ] GC(580) Humongous regions: 0->0
[24.433s][info][gc,metaspace] GC(580) Metaspace: 615K(832K)->615K(832K) NonClass: 597K(704K)->597K(704K) Class: 17K(128K)->17K(128K)
[24.434s][info][gc          ] GC(580) Pause Young (Normal) (G1 Evacuation Pause) 154M->5M(256M) 10.630ms
[24.434s][info][gc,cpu      ] GC(580) User=0.01s Sys=0.00s Real=0.01s
[24.476s][info][gc,start    ] GC(581) Pause Young (Normal) (G1 Evacuation Pause)
[24.477s][info][gc,task     ] GC(581) Using 6 workers of 8 for evacuation
[24.481s][info][gc,phases   ] GC(581)   Pre Evacuate Collection Set: 0.3ms
[24.497s][info][gc,phases   ] GC(581)   Merge Heap Roots: 0.2ms
[24.497s][info][gc,phases   ] GC(581)   Evacuate Collection Set: 1.5ms
[24.498s][info][gc,phases   ] GC(581)   Post Evacuate Collection Set: 1.0ms
[24.498s][info][gc,phases   ] GC(581)   Other: 0.8ms
[24.499s][info][gc,heap     ] GC(581) Eden regions: 150->0(149)
[24.499s][info][gc,heap     ] GC(581) Survivor regions: 3->4(20)
[24.499s][info][gc,heap     ] GC(581) Old regions: 2->2
[24.499s][info][gc,heap     ] GC(581) Archive regions: 2->2
[24.500s][info][gc,heap     ] GC(581) Humongous regions: 0->0
[24.500s][info][gc,metaspace] GC(581) Metaspace: 615K(832K)->615K(832K) NonClass: 597K(704K)->597K(704K) Class: 17K(128K)->17K(128K)
[24.500s][info][gc          ] GC(581) Pause Young (Normal) (G1 Evacuation Pause) 155M->6M(256M) 24.251ms
[24.501s][info][gc,cpu      ] GC(581) User=0.01s Sys=0.00s Real=0.03s
[24.545s][info][gc,start    ] GC(582) Pause Young (Normal) (G1 Evacuation Pause)
[24.546s][info][gc,task     ] GC(582) Using 6 workers of 8 for evacuation
[24.549s][info][gc,phases   ] GC(582)   Pre Evacuate Collection Set: 0.4ms
[24.550s][info][gc,phases   ] GC(582)   Merge Heap Roots: 0.2ms
[24.550s][info][gc,phases   ] GC(582)   Evacuate Collection Set: 1.6ms
[24.551s][info][gc,phases   ] GC(582)   Post Evacuate Collection Set: 0.9ms
[24.551s][info][gc,phases   ] GC(582)   Other: 0.7ms
[24.551s][info][gc,heap     ] GC(582) Eden regions: 149->0(149)
[24.552s][info][gc,heap     ] GC(582) Survivor regions: 4->4(20)
[24.552s][info][gc,heap     ] GC(582) Old regions: 2->2
[24.552s][info][gc,heap     ] GC(582) Archive regions: 2->2
[24.553s][info][gc,heap     ] GC(582) Humongous regions: 0->0
[24.553s][info][gc,metaspace] GC(582) Metaspace: 615K(832K)->615K(832K) NonClass: 597K(704K)->597K(704K) Class: 17K(128K)->17K(128K)
[24.553s][info][gc          ] GC(582) Pause Young (Normal) (G1 Evacuation Pause) 155M->5M(256M) 8.684ms
[24.554s][info][gc,cpu      ] GC(582) User=0.01s Sys=0.00s Real=0.01s
[24.597s][info][gc,start    ] GC(583) Pause Young (Normal) (G1 Evacuation Pause)
[24.597s][info][gc,task     ] GC(583) Using 6 workers of 8 for evacuation
[24.600s][info][gc,phases   ] GC(583)   Pre Evacuate Collection Set: 0.2ms
[24.601s][info][gc,phases   ] GC(583)   Merge Heap Roots: 0.2ms
[24.601s][info][gc,phases   ] GC(583)   Evacuate Collection Set: 1.1ms
[24.602s][info][gc,phases   ] GC(583)   Post Evacuate Collection Set: 1.1ms
[24.602s][info][gc,phases   ] GC(583)   Other: 0.4ms
[24.602s][info][gc,heap     ] GC(583) Eden regions: 149->0(149)
[24.603s][info][gc,heap     ] GC(583) Survivor regions: 4->4(20)
[24.603s][info][gc,heap     ] GC(583) Old regions: 2->2
[24.603s][info][gc,heap     ] GC(583) Archive regions: 2->2
[24.604s][info][gc,heap     ] GC(583) Humongous regions: 0->0
[24.604s][info][gc,metaspace] GC(583) Metaspace: 615K(832K)->615K(832K) NonClass: 597K(704K)->597K(704K) Class: 17K(128K)->17K(128K)
[24.604s][info][gc          ] GC(583) Pause Young (Normal) (G1 Evacuation Pause) 154M->5M(256M) 7.763ms
[24.605s][info][gc,cpu      ] GC(583) User=0.01s Sys=0.00s Real=0.00s
[24.651s][info][gc,start    ] GC(584) Pause Young (Normal) (G1 Evacuation Pause)
[24.651s][info][gc,task     ] GC(584) Using 6 workers of 8 for evacuation
[24.654s][info][gc,phases   ] GC(584)   Pre Evacuate Collection Set: 0.2ms
[24.654s][info][gc,phases   ] GC(584)   Merge Heap Roots: 0.2ms
[24.654s][info][gc,phases   ] GC(584)   Evacuate Collection Set: 0.9ms
[24.655s][info][gc,phases   ] GC(584)   Post Evacuate Collection Set: 0.8ms
[24.655s][info][gc,phases   ] GC(584)   Other: 0.4ms
[24.655s][info][gc,heap     ] GC(584) Eden regions: 149->0(150)
[24.656s][info][gc,heap     ] GC(584) Survivor regions: 4->3(20)
[24.656s][info][gc,heap     ] GC(584) Old regions: 2->2
[24.656s][info][gc,heap     ] GC(584) Archive regions: 2->2
[24.657s][info][gc,heap     ] GC(584) Humongous regions: 0->0
[24.657s][info][gc,metaspace] GC(584) Metaspace: 615K(832K)->615K(832K) NonClass: 597K(704K)->597K(704K) Class: 17K(128K)->17K(128K)
[24.658s][info][gc          ] GC(584) Pause Young (Normal) (G1 Evacuation Pause) 154M->5M(256M) 7.413ms
[24.659s][info][gc,cpu      ] GC(584) User=0.01s Sys=0.00s Real=0.01s
[24.700s][info][gc,start    ] GC(585) Pause Young (Normal) (G1 Evacuation Pause)
[24.700s][info][gc,task     ] GC(585) Using 6 workers of 8 for evacuation
[24.703s][info][gc,phases   ] GC(585)   Pre Evacuate Collection Set: 0.2ms
[24.704s][info][gc,phases   ] GC(585)   Merge Heap Roots: 0.2ms
[24.704s][info][gc,phases   ] GC(585)   Evacuate Collection Set: 1.3ms
[24.704s][info][gc,phases   ] GC(585)   Post Evacuate Collection Set: 0.8ms
[24.704s][info][gc,phases   ] GC(585)   Other: 0.4ms
[24.705s][info][gc,heap     ] GC(585) Eden regions: 150->0(149)
[24.705s][info][gc,heap     ] GC(585) Survivor regions: 3->4(20)
[24.705s][info][gc,heap     ] GC(585) Old regions: 2->2
[24.706s][info][gc,heap     ] GC(585) Archive regions: 2->2
[24.706s][info][gc,heap     ] GC(585) Humongous regions: 0->0
[24.707s][info][gc,metaspace] GC(585) Metaspace: 615K(832K)->615K(832K) NonClass: 597K(704K)->597K(704K) Class: 17K(128K)->17K(128K)
[24.707s][info][gc          ] GC(585) Pause Young (Normal) (G1 Evacuation Pause) 155M->5M(256M) 7.378ms
[24.708s][info][gc,cpu      ] GC(585) User=0.01s Sys=0.00s Real=0.01s
[24.749s][info][gc,start    ] GC(586) Pause Young (Normal) (G1 Evacuation Pause)
[24.749s][info][gc,task     ] GC(586) Using 6 workers of 8 for evacuation
[24.752s][info][gc,phases   ] GC(586)   Pre Evacuate Collection Set: 0.2ms
[24.752s][info][gc,phases   ] GC(586)   Merge Heap Roots: 0.2ms
[24.752s][info][gc,phases   ] GC(586)   Evacuate Collection Set: 0.9ms
[24.753s][info][gc,phases   ] GC(586)   Post Evacuate Collection Set: 0.7ms
[24.753s][info][gc,phases   ] GC(586)   Other: 0.4ms
[24.753s][info][gc,heap     ] GC(586) Eden regions: 149->0(149)
[24.754s][info][gc,heap     ] GC(586) Survivor regions: 4->4(20)
[24.754s][info][gc,heap     ] GC(586) Old regions: 2->2
[24.754s][info][gc,heap     ] GC(586) Archive regions: 2->2
[24.754s][info][gc,heap     ] GC(586) Humongous regions: 0->0
[24.755s][info][gc,metaspace] GC(586) Metaspace: 615K(832K)->615K(832K) NonClass: 597K(704K)->597K(704K) Class: 17K(128K)->17K(128K)
[24.755s][info][gc          ] GC(586) Pause Young (Normal) (G1 Evacuation Pause) 154M->5M(256M) 6.028ms
[24.756s][info][gc,cpu      ] GC(586) User=0.00s Sys=0.00s Real=0.00s
[24.800s][info][gc,start    ] GC(587) Pause Young (Normal) (G1 Evacuation Pause)
[24.800s][info][gc,task     ] GC(587) Using 6 workers of 8 for evacuation
[24.803s][info][gc,phases   ] GC(587)   Pre Evacuate Collection Set: 0.2ms
[24.803s][info][gc,phases   ] GC(587)   Merge Heap Roots: 0.3ms
[24.804s][info][gc,phases   ] GC(587)   Evacuate Collection Set: 1.1ms
[24.804s][info][gc,phases   ] GC(587)   Post Evacuate Collection Set: 0.7ms
[24.804s][info][gc,phases   ] GC(587)   Other: 0.5ms
[24.804s][info][gc,heap     ] GC(587) Eden regions: 149->0(150)
[24.805s][info][gc,heap     ] GC(587) Survivor regions: 4->3(20)
[24.805s][info][gc,heap     ] GC(587) Old regions: 2->2
[24.805s][info][gc,heap     ] GC(587) Archive regions: 2->2
[24.806s][info][gc,heap     ] GC(587) Humongous regions: 0->0
[24.806s][info][gc,metaspace] GC(587) Metaspace: 615K(832K)->615K(832K) NonClass: 597K(704K)->597K(704K) Class: 17K(128K)->17K(128K)
[24.807s][info][gc          ] GC(587) Pause Young (Normal) (G1 Evacuation Pause) 154M->5M(256M) 6.822ms
[24.808s][info][gc,cpu      ] GC(587) User=0.01s Sys=0.00s Real=0.01s
[24.851s][info][gc,start    ] GC(588) Pause Young (Normal) (G1 Evacuation Pause)
[24.852s][info][gc,task     ] GC(588) Using 6 workers of 8 for evacuation
[24.855s][info][gc,phases   ] GC(588)   Pre Evacuate Collection Set: 0.3ms
[24.855s][info][gc,phases   ] GC(588)   Merge Heap Roots: 0.2ms
[24.856s][info][gc,phases   ] GC(588)   Evacuate Collection Set: 1.2ms
[24.857s][info][gc,phases   ] GC(588)   Post Evacuate Collection Set: 0.9ms
[24.858s][info][gc,phases   ] GC(588)   Other: 0.5ms
[24.858s][info][gc,heap     ] GC(588) Eden regions: 150->0(149)
[24.859s][info][gc,heap     ] GC(588) Survivor regions: 3->4(20)
[24.861s][info][gc,heap     ] GC(588) Old regions: 2->2
[24.862s][info][gc,heap     ] GC(588) Archive regions: 2->2
[24.862s][info][gc,heap     ] GC(588) Humongous regions: 0->0
[24.863s][info][gc,metaspace] GC(588) Metaspace: 615K(832K)->615K(832K) NonClass: 597K(704K)->597K(704K) Class: 17K(128K)->17K(128K)
[24.863s][info][gc          ] GC(588) Pause Young (Normal) (G1 Evacuation Pause) 155M->6M(256M) 11.938ms
[24.863s][info][gc,cpu      ] GC(588) User=0.01s Sys=0.00s Real=0.01s
[24.904s][info][gc,start    ] GC(589) Pause Young (Normal) (G1 Evacuation Pause)
[24.904s][info][gc,task     ] GC(589) Using 6 workers of 8 for evacuation
[24.908s][info][gc,phases   ] GC(589)   Pre Evacuate Collection Set: 0.2ms
[24.909s][info][gc,phases   ] GC(589)   Merge Heap Roots: 0.2ms
[24.909s][info][gc,phases   ] GC(589)   Evacuate Collection Set: 1.0ms
[24.910s][info][gc,phases   ] GC(589)   Post Evacuate Collection Set: 1.5ms
[24.911s][info][gc,phases   ] GC(589)   Other: 0.4ms
[24.911s][info][gc,heap     ] GC(589) Eden regions: 149->0(149)
[24.911s][info][gc,heap     ] GC(589) Survivor regions: 4->4(20)
[24.911s][info][gc,heap     ] GC(589) Old regions: 2->2
[24.912s][info][gc,heap     ] GC(589) Archive regions: 2->2
[24.912s][info][gc,heap     ] GC(589) Humongous regions: 0->0
[24.912s][info][gc,metaspace] GC(589) Metaspace: 615K(832K)->615K(832K) NonClass: 597K(704K)->597K(704K) Class: 17K(128K)->17K(128K)
[24.912s][info][gc          ] GC(589) Pause Young (Normal) (G1 Evacuation Pause) 155M->5M(256M) 8.498ms
[24.913s][info][gc,cpu      ] GC(589) User=0.00s Sys=0.01s Real=0.01s
[24.950s][info][gc,start    ] GC(590) Pause Young (Normal) (G1 Evacuation Pause)
[24.950s][info][gc,task     ] GC(590) Using 6 workers of 8 for evacuation
[24.952s][info][gc,phases   ] GC(590)   Pre Evacuate Collection Set: 0.3ms
[24.953s][info][gc,phases   ] GC(590)   Merge Heap Roots: 0.2ms
[24.953s][info][gc,phases   ] GC(590)   Evacuate Collection Set: 0.8ms
[24.953s][info][gc,phases   ] GC(590)   Post Evacuate Collection Set: 0.7ms
[24.953s][info][gc,phases   ] GC(590)   Other: 0.4ms
[24.954s][info][gc,heap     ] GC(590) Eden regions: 149->0(149)
[24.954s][info][gc,heap     ] GC(590) Survivor regions: 4->4(20)
[24.954s][info][gc,heap     ] GC(590) Old regions: 2->2
[24.954s][info][gc,heap     ] GC(590) Archive regions: 2->2
[24.955s][info][gc,heap     ] GC(590) Humongous regions: 0->0
[24.956s][info][gc,metaspace] GC(590) Metaspace: 615K(832K)->615K(832K) NonClass: 597K(704K)->597K(704K) Class: 17K(128K)->17K(128K)
[24.957s][info][gc          ] GC(590) Pause Young (Normal) (G1 Evacuation Pause) 154M->5M(256M) 7.247ms
[24.958s][info][gc,cpu      ] GC(590) User=0.01s Sys=0.00s Real=0.01s
[25.002s][info][gc,start    ] GC(591) Pause Young (Normal) (G1 Evacuation Pause)
[25.003s][info][gc,task     ] GC(591) Using 6 workers of 8 for evacuation
[25.008s][info][gc,phases   ] GC(591)   Pre Evacuate Collection Set: 0.3ms
[25.010s][info][gc,phases   ] GC(591)   Merge Heap Roots: 0.3ms
[25.011s][info][gc,phases   ] GC(591)   Evacuate Collection Set: 1.9ms
[25.012s][info][gc,phases   ] GC(591)   Post Evacuate Collection Set: 1.6ms
[25.012s][info][gc,phases   ] GC(591)   Other: 1.0ms
[25.012s][info][gc,heap     ] GC(591) Eden regions: 149->0(150)
[25.013s][info][gc,heap     ] GC(591) Survivor regions: 4->3(20)
[25.013s][info][gc,heap     ] GC(591) Old regions: 2->2
[25.013s][info][gc,heap     ] GC(591) Archive regions: 2->2
[25.014s][info][gc,heap     ] GC(591) Humongous regions: 0->0
[25.014s][info][gc,metaspace] GC(591) Metaspace: 615K(832K)->615K(832K) NonClass: 597K(704K)->597K(704K) Class: 17K(128K)->17K(128K)
[25.014s][info][gc          ] GC(591) Pause Young (Normal) (G1 Evacuation Pause) 154M->5M(256M) 11.807ms
[25.014s][info][gc,cpu      ] GC(591) User=0.00s Sys=0.01s Real=0.01s
[25.054s][info][gc,start    ] GC(592) Pause Young (Normal) (G1 Evacuation Pause)
[25.054s][info][gc,task     ] GC(592) Using 6 workers of 8 for evacuation
[25.057s][info][gc,phases   ] GC(592)   Pre Evacuate Collection Set: 0.2ms
[25.058s][info][gc,phases   ] GC(592)   Merge Heap Roots: 0.2ms
[25.059s][info][gc,phases   ] GC(592)   Evacuate Collection Set: 0.9ms
[25.060s][info][gc,phases   ] GC(592)   Post Evacuate Collection Set: 1.2ms
[25.061s][info][gc,phases   ] GC(592)   Other: 0.5ms
[25.061s][info][gc,heap     ] GC(592) Eden regions: 150->0(149)
[25.062s][info][gc,heap     ] GC(592) Survivor regions: 3->4(20)
[25.062s][info][gc,heap     ] GC(592) Old regions: 2->2
[25.063s][info][gc,heap     ] GC(592) Archive regions: 2->2
[25.063s][info][gc,heap     ] GC(592) Humongous regions: 0->0
[25.063s][info][gc,metaspace] GC(592) Metaspace: 615K(832K)->615K(832K) NonClass: 597K(704K)->597K(704K) Class: 17K(128K)->17K(128K)
[25.064s][info][gc          ] GC(592) Pause Young (Normal) (G1 Evacuation Pause) 155M->5M(256M) 9.927ms
[25.064s][info][gc,cpu      ] GC(592) User=0.00s Sys=0.01s Real=0.01s
[25.105s][info][gc,start    ] GC(593) Pause Young (Normal) (G1 Evacuation Pause)
[25.105s][info][gc,task     ] GC(593) Using 6 workers of 8 for evacuation
[25.110s][info][gc,phases   ] GC(593)   Pre Evacuate Collection Set: 0.2ms
[25.111s][info][gc,phases   ] GC(593)   Merge Heap Roots: 0.2ms
[25.112s][info][gc,phases   ] GC(593)   Evacuate Collection Set: 2.6ms
[25.112s][info][gc,phases   ] GC(593)   Post Evacuate Collection Set: 1.5ms
[25.113s][info][gc,phases   ] GC(593)   Other: 0.5ms
[25.113s][info][gc,heap     ] GC(593) Eden regions: 149->0(150)
[25.114s][info][gc,heap     ] GC(593) Survivor regions: 4->3(20)
[25.114s][info][gc,heap     ] GC(593) Old regions: 2->2
[25.114s][info][gc,heap     ] GC(593) Archive regions: 2->2
[25.114s][info][gc,heap     ] GC(593) Humongous regions: 0->0
[25.115s][info][gc,metaspace] GC(593) Metaspace: 615K(832K)->615K(832K) NonClass: 597K(704K)->597K(704K) Class: 17K(128K)->17K(128K)
[25.115s][info][gc          ] GC(593) Pause Young (Normal) (G1 Evacuation Pause) 154M->5M(256M) 10.210ms
[25.115s][info][gc,cpu      ] GC(593) User=0.02s Sys=0.00s Real=0.01s
[25.153s][info][gc,start    ] GC(594) Pause Young (Normal) (G1 Evacuation Pause)
[25.153s][info][gc,task     ] GC(594) Using 6 workers of 8 for evacuation
[25.157s][info][gc,phases   ] GC(594)   Pre Evacuate Collection Set: 0.2ms
[25.158s][info][gc,phases   ] GC(594)   Merge Heap Roots: 0.2ms
[25.159s][info][gc,phases   ] GC(594)   Evacuate Collection Set: 1.4ms
[25.160s][info][gc,phases   ] GC(594)   Post Evacuate Collection Set: 0.9ms
[25.160s][info][gc,phases   ] GC(594)   Other: 0.4ms
[25.161s][info][gc,heap     ] GC(594) Eden regions: 150->0(149)
[25.161s][info][gc,heap     ] GC(594) Survivor regions: 3->4(20)
[25.162s][info][gc,heap     ] GC(594) Old regions: 2->2
[25.162s][info][gc,heap     ] GC(594) Archive regions: 2->2
[25.163s][info][gc,heap     ] GC(594) Humongous regions: 0->0
[25.163s][info][gc,metaspace] GC(594) Metaspace: 615K(832K)->615K(832K) NonClass: 597K(704K)->597K(704K) Class: 17K(128K)->17K(128K)
[25.163s][info][gc          ] GC(594) Pause Young (Normal) (G1 Evacuation Pause) 155M->6M(256M) 10.197ms
[25.164s][info][gc,cpu      ] GC(594) User=0.00s Sys=0.00s Real=0.01s
[25.202s][info][gc,start    ] GC(595) Pause Young (Normal) (G1 Evacuation Pause)
[25.203s][info][gc,task     ] GC(595) Using 6 workers of 8 for evacuation
[25.206s][info][gc,phases   ] GC(595)   Pre Evacuate Collection Set: 0.2ms
[25.206s][info][gc,phases   ] GC(595)   Merge Heap Roots: 0.2ms
[25.208s][info][gc,phases   ] GC(595)   Evacuate Collection Set: 1.4ms
[25.209s][info][gc,phases   ] GC(595)   Post Evacuate Collection Set: 0.8ms
[25.210s][info][gc,phases   ] GC(595)   Other: 0.4ms
[25.211s][info][gc,heap     ] GC(595) Eden regions: 149->0(149)
[25.211s][info][gc,heap     ] GC(595) Survivor regions: 4->4(20)
[25.212s][info][gc,heap     ] GC(595) Old regions: 2->2
[25.212s][info][gc,heap     ] GC(595) Archive regions: 2->2
[25.213s][info][gc,heap     ] GC(595) Humongous regions: 0->0
[25.213s][info][gc,metaspace] GC(595) Metaspace: 615K(832K)->615K(832K) NonClass: 597K(704K)->597K(704K) Class: 17K(128K)->17K(128K)
[25.214s][info][gc          ] GC(595) Pause Young (Normal) (G1 Evacuation Pause) 155M->6M(256M) 11.212ms
[25.214s][info][gc,cpu      ] GC(595) User=0.01s Sys=0.00s Real=0.01s
[25.260s][info][gc,start    ] GC(596) Pause Young (Normal) (G1 Evacuation Pause)
[25.261s][info][gc,task     ] GC(596) Using 6 workers of 8 for evacuation
[25.264s][info][gc,phases   ] GC(596)   Pre Evacuate Collection Set: 0.3ms
[25.265s][info][gc,phases   ] GC(596)   Merge Heap Roots: 0.2ms
[25.265s][info][gc,phases   ] GC(596)   Evacuate Collection Set: 1.3ms
[25.266s][info][gc,phases   ] GC(596)   Post Evacuate Collection Set: 0.9ms
[25.266s][info][gc,phases   ] GC(596)   Other: 0.6ms
[25.266s][info][gc,heap     ] GC(596) Eden regions: 149->0(149)
[25.266s][info][gc,heap     ] GC(596) Survivor regions: 4->4(20)
[25.267s][info][gc,heap     ] GC(596) Old regions: 2->2
[25.267s][info][gc,heap     ] GC(596) Archive regions: 2->2
[25.267s][info][gc,heap     ] GC(596) Humongous regions: 0->0
[25.268s][info][gc,metaspace] GC(596) Metaspace: 615K(832K)->615K(832K) NonClass: 597K(704K)->597K(704K) Class: 17K(128K)->17K(128K)
[25.268s][info][gc          ] GC(596) Pause Young (Normal) (G1 Evacuation Pause) 155M->5M(256M) 7.420ms
[25.268s][info][gc,cpu      ] GC(596) User=0.01s Sys=0.00s Real=0.01s
[25.318s][info][gc,start    ] GC(597) Pause Young (Normal) (G1 Evacuation Pause)
[25.319s][info][gc,task     ] GC(597) Using 6 workers of 8 for evacuation
[25.321s][info][gc,phases   ] GC(597)   Pre Evacuate Collection Set: 0.2ms
[25.321s][info][gc,phases   ] GC(597)   Merge Heap Roots: 0.2ms
[25.321s][info][gc,phases   ] GC(597)   Evacuate Collection Set: 0.7ms
[25.322s][info][gc,phases   ] GC(597)   Post Evacuate Collection Set: 0.7ms
[25.322s][info][gc,phases   ] GC(597)   Other: 0.4ms
[25.323s][info][gc,heap     ] GC(597) Eden regions: 149->0(150)
[25.323s][info][gc,heap     ] GC(597) Survivor regions: 4->3(20)
[25.324s][info][gc,heap     ] GC(597) Old regions: 2->2
[25.325s][info][gc,heap     ] GC(597) Archive regions: 2->2
[25.325s][info][gc,heap     ] GC(597) Humongous regions: 0->0
[25.326s][info][gc,metaspace] GC(597) Metaspace: 615K(832K)->615K(832K) NonClass: 597K(704K)->597K(704K) Class: 17K(128K)->17K(128K)
[25.328s][info][gc          ] GC(597) Pause Young (Normal) (G1 Evacuation Pause) 154M->5M(256M) 9.351ms
[25.328s][info][gc,cpu      ] GC(597) User=0.01s Sys=0.00s Real=0.01s
[25.372s][info][gc,start    ] GC(598) Pause Young (Normal) (G1 Evacuation Pause)
[25.374s][info][gc,task     ] GC(598) Using 6 workers of 8 for evacuation
[25.380s][info][gc,phases   ] GC(598)   Pre Evacuate Collection Set: 0.3ms
[25.380s][info][gc,phases   ] GC(598)   Merge Heap Roots: 0.2ms
[25.380s][info][gc,phases   ] GC(598)   Evacuate Collection Set: 1.4ms
[25.381s][info][gc,phases   ] GC(598)   Post Evacuate Collection Set: 0.8ms
[25.381s][info][gc,phases   ] GC(598)   Other: 2.9ms
[25.381s][info][gc,heap     ] GC(598) Eden regions: 150->0(149)
[25.382s][info][gc,heap     ] GC(598) Survivor regions: 3->4(20)
[25.382s][info][gc,heap     ] GC(598) Old regions: 2->2
[25.382s][info][gc,heap     ] GC(598) Archive regions: 2->2
[25.383s][info][gc,heap     ] GC(598) Humongous regions: 0->0
[25.383s][info][gc,metaspace] GC(598) Metaspace: 615K(832K)->615K(832K) NonClass: 597K(704K)->597K(704K) Class: 17K(128K)->17K(128K)
[25.383s][info][gc          ] GC(598) Pause Young (Normal) (G1 Evacuation Pause) 155M->6M(256M) 11.437ms
[25.384s][info][gc,cpu      ] GC(598) User=0.01s Sys=0.00s Real=0.01s
[25.433s][info][gc,start    ] GC(599) Pause Young (Normal) (G1 Evacuation Pause)
[25.433s][info][gc,task     ] GC(599) Using 6 workers of 8 for evacuation
[25.436s][info][gc,phases   ] GC(599)   Pre Evacuate Collection Set: 0.2ms
[25.437s][info][gc,phases   ] GC(599)   Merge Heap Roots: 0.2ms
[25.437s][info][gc,phases   ] GC(599)   Evacuate Collection Set: 1.2ms
[25.438s][info][gc,phases   ] GC(599)   Post Evacuate Collection Set: 0.9ms
[25.438s][info][gc,phases   ] GC(599)   Other: 0.4ms
[25.438s][info][gc,heap     ] GC(599) Eden regions: 149->0(149)
[25.439s][info][gc,heap     ] GC(599) Survivor regions: 4->4(20)
[25.439s][info][gc,heap     ] GC(599) Old regions: 2->2
[25.441s][info][gc,heap     ] GC(599) Archive regions: 2->2
[25.442s][info][gc,heap     ] GC(599) Humongous regions: 0->0
[25.442s][info][gc,metaspace] GC(599) Metaspace: 615K(832K)->615K(832K) NonClass: 597K(704K)->597K(704K) Class: 17K(128K)->17K(128K)
[25.443s][info][gc          ] GC(599) Pause Young (Normal) (G1 Evacuation Pause) 155M->5M(256M) 10.229ms
[25.444s][info][gc,cpu      ] GC(599) User=0.00s Sys=0.00s Real=0.01s
[25.486s][info][gc,start    ] GC(600) Pause Young (Normal) (G1 Evacuation Pause)
[25.487s][info][gc,task     ] GC(600) Using 6 workers of 8 for evacuation
[25.492s][info][gc,phases   ] GC(600)   Pre Evacuate Collection Set: 0.3ms
[25.496s][info][gc,phases   ] GC(600)   Merge Heap Roots: 0.5ms
[25.496s][info][gc,phases   ] GC(600)   Evacuate Collection Set: 1.8ms
[25.497s][info][gc,phases   ] GC(600)   Post Evacuate Collection Set: 2.4ms
[25.497s][info][gc,phases   ] GC(600)   Other: 0.5ms
[25.498s][info][gc,heap     ] GC(600) Eden regions: 149->0(150)
[25.498s][info][gc,heap     ] GC(600) Survivor regions: 4->3(20)
[25.498s][info][gc,heap     ] GC(600) Old regions: 2->2
[25.499s][info][gc,heap     ] GC(600) Archive regions: 2->2
[25.500s][info][gc,heap     ] GC(600) Humongous regions: 0->0
[25.500s][info][gc,metaspace] GC(600) Metaspace: 615K(832K)->615K(832K) NonClass: 597K(704K)->597K(704K) Class: 17K(128K)->17K(128K)
[25.501s][info][gc          ] GC(600) Pause Young (Normal) (G1 Evacuation Pause) 154M->5M(256M) 14.176ms
[25.501s][info][gc,cpu      ] GC(600) User=0.01s Sys=0.00s Real=0.02s
[25.547s][info][gc,start    ] GC(601) Pause Young (Normal) (G1 Evacuation Pause)
[25.548s][info][gc,task     ] GC(601) Using 6 workers of 8 for evacuation
[25.551s][info][gc,phases   ] GC(601)   Pre Evacuate Collection Set: 0.3ms
[25.551s][info][gc,phases   ] GC(601)   Merge Heap Roots: 0.3ms
[25.552s][info][gc,phases   ] GC(601)   Evacuate Collection Set: 1.4ms
[25.552s][info][gc,phases   ] GC(601)   Post Evacuate Collection Set: 0.8ms
[25.553s][info][gc,phases   ] GC(601)   Other: 0.4ms
[25.553s][info][gc,heap     ] GC(601) Eden regions: 150->0(149)
[25.553s][info][gc,heap     ] GC(601) Survivor regions: 3->4(20)
[25.554s][info][gc,heap     ] GC(601) Old regions: 2->2
[25.554s][info][gc,heap     ] GC(601) Archive regions: 2->2
[25.554s][info][gc,heap     ] GC(601) Humongous regions: 0->0
[25.555s][info][gc,metaspace] GC(601) Metaspace: 615K(832K)->615K(832K) NonClass: 597K(704K)->597K(704K) Class: 17K(128K)->17K(128K)
[25.555s][info][gc          ] GC(601) Pause Young (Normal) (G1 Evacuation Pause) 155M->6M(256M) 7.510ms
[25.555s][info][gc,cpu      ] GC(601) User=0.01s Sys=0.00s Real=0.00s
[25.645s][info][gc,start    ] GC(602) Pause Young (Normal) (G1 Evacuation Pause)
[25.663s][info][gc,task     ] GC(602) Using 6 workers of 8 for evacuation
[25.666s][info][gc,phases   ] GC(602)   Pre Evacuate Collection Set: 0.2ms
[25.667s][info][gc,phases   ] GC(602)   Merge Heap Roots: 0.2ms
[25.667s][info][gc,phases   ] GC(602)   Evacuate Collection Set: 1.1ms
[25.668s][info][gc,phases   ] GC(602)   Post Evacuate Collection Set: 0.9ms
[25.668s][info][gc,phases   ] GC(602)   Other: 1.0ms
[25.668s][info][gc,heap     ] GC(602) Eden regions: 149->0(149)
[25.669s][info][gc,heap     ] GC(602) Survivor regions: 4->4(20)
[25.669s][info][gc,heap     ] GC(602) Old regions: 2->2
[25.669s][info][gc,heap     ] GC(602) Archive regions: 2->2
[25.670s][info][gc,heap     ] GC(602) Humongous regions: 0->0
[25.670s][info][gc,metaspace] GC(602) Metaspace: 615K(832K)->615K(832K) NonClass: 597K(704K)->597K(704K) Class: 17K(128K)->17K(128K)
[25.671s][info][gc          ] GC(602) Pause Young (Normal) (G1 Evacuation Pause) 155M->6M(256M) 25.596ms
[25.671s][info][gc,cpu      ] GC(602) User=0.01s Sys=0.00s Real=0.03s
[25.722s][info][gc,start    ] GC(603) Pause Young (Normal) (G1 Evacuation Pause)
[25.722s][info][gc,task     ] GC(603) Using 6 workers of 8 for evacuation
[25.727s][info][gc,phases   ] GC(603)   Pre Evacuate Collection Set: 0.4ms
[25.728s][info][gc,phases   ] GC(603)   Merge Heap Roots: 0.5ms
[25.729s][info][gc,phases   ] GC(603)   Evacuate Collection Set: 2.3ms
[25.729s][info][gc,phases   ] GC(603)   Post Evacuate Collection Set: 1.4ms
[25.730s][info][gc,phases   ] GC(603)   Other: 0.8ms
[25.730s][info][gc,heap     ] GC(603) Eden regions: 149->0(149)
[25.730s][info][gc,heap     ] GC(603) Survivor regions: 4->4(20)
[25.731s][info][gc,heap     ] GC(603) Old regions: 2->2
[25.731s][info][gc,heap     ] GC(603) Archive regions: 2->2
[25.731s][info][gc,heap     ] GC(603) Humongous regions: 0->0
[25.732s][info][gc,metaspace] GC(603) Metaspace: 615K(832K)->615K(832K) NonClass: 597K(704K)->597K(704K) Class: 17K(128K)->17K(128K)
[25.732s][info][gc          ] GC(603) Pause Young (Normal) (G1 Evacuation Pause) 155M->5M(256M) 10.337ms
[25.732s][info][gc,cpu      ] GC(603) User=0.01s Sys=0.00s Real=0.01s
[25.773s][info][gc,start    ] GC(604) Pause Young (Normal) (G1 Evacuation Pause)
[25.774s][info][gc,task     ] GC(604) Using 6 workers of 8 for evacuation
[25.779s][info][gc,phases   ] GC(604)   Pre Evacuate Collection Set: 0.5ms
[25.780s][info][gc,phases   ] GC(604)   Merge Heap Roots: 0.3ms
[25.780s][info][gc,phases   ] GC(604)   Evacuate Collection Set: 1.7ms
[25.781s][info][gc,phases   ] GC(604)   Post Evacuate Collection Set: 1.1ms
[25.781s][info][gc,phases   ] GC(604)   Other: 1.3ms
[25.781s][info][gc,heap     ] GC(604) Eden regions: 149->0(150)
[25.782s][info][gc,heap     ] GC(604) Survivor regions: 4->3(20)
[25.782s][info][gc,heap     ] GC(604) Old regions: 2->2
[25.782s][info][gc,heap     ] GC(604) Archive regions: 2->2
[25.783s][info][gc,heap     ] GC(604) Humongous regions: 0->0
[25.783s][info][gc,metaspace] GC(604) Metaspace: 615K(832K)->615K(832K) NonClass: 597K(704K)->597K(704K) Class: 17K(128K)->17K(128K)
[25.783s][info][gc          ] GC(604) Pause Young (Normal) (G1 Evacuation Pause) 154M->5M(256M) 10.455ms
[25.784s][info][gc,cpu      ] GC(604) User=0.01s Sys=0.00s Real=0.01s
[25.826s][info][gc,start    ] GC(605) Pause Young (Normal) (G1 Evacuation Pause)
[25.827s][info][gc,task     ] GC(605) Using 6 workers of 8 for evacuation
[25.831s][info][gc,phases   ] GC(605)   Pre Evacuate Collection Set: 0.4ms
[25.831s][info][gc,phases   ] GC(605)   Merge Heap Roots: 0.2ms
[25.831s][info][gc,phases   ] GC(605)   Evacuate Collection Set: 1.2ms
[25.832s][info][gc,phases   ] GC(605)   Post Evacuate Collection Set: 0.8ms
[25.832s][info][gc,phases   ] GC(605)   Other: 0.7ms
[25.832s][info][gc,heap     ] GC(605) Eden regions: 150->0(149)
[25.833s][info][gc,heap     ] GC(605) Survivor regions: 3->4(20)
[25.833s][info][gc,heap     ] GC(605) Old regions: 2->2
[25.833s][info][gc,heap     ] GC(605) Archive regions: 2->2
[25.834s][info][gc,heap     ] GC(605) Humongous regions: 0->0
[25.834s][info][gc,metaspace] GC(605) Metaspace: 615K(832K)->615K(832K) NonClass: 597K(704K)->597K(704K) Class: 17K(128K)->17K(128K)
[25.834s][info][gc          ] GC(605) Pause Young (Normal) (G1 Evacuation Pause) 155M->6M(256M) 8.222ms
[25.835s][info][gc,cpu      ] GC(605) User=0.01s Sys=0.00s Real=0.01s
[25.883s][info][gc,start    ] GC(606) Pause Young (Normal) (G1 Evacuation Pause)
[25.884s][info][gc,task     ] GC(606) Using 6 workers of 8 for evacuation
[25.888s][info][gc,phases   ] GC(606)   Pre Evacuate Collection Set: 0.3ms
[25.888s][info][gc,phases   ] GC(606)   Merge Heap Roots: 0.3ms
[25.888s][info][gc,phases   ] GC(606)   Evacuate Collection Set: 1.4ms
[25.889s][info][gc,phases   ] GC(606)   Post Evacuate Collection Set: 1.2ms
[25.889s][info][gc,phases   ] GC(606)   Other: 0.5ms
[25.890s][info][gc,heap     ] GC(606) Eden regions: 149->0(149)
[25.890s][info][gc,heap     ] GC(606) Survivor regions: 4->4(20)
[25.891s][info][gc,heap     ] GC(606) Old regions: 2->2
[25.892s][info][gc,heap     ] GC(606) Archive regions: 2->2
[25.893s][info][gc,heap     ] GC(606) Humongous regions: 0->0
[25.894s][info][gc,metaspace] GC(606) Metaspace: 615K(832K)->615K(832K) NonClass: 597K(704K)->597K(704K) Class: 17K(128K)->17K(128K)
[25.894s][info][gc          ] GC(606) Pause Young (Normal) (G1 Evacuation Pause) 155M->6M(256M) 11.004ms
[25.895s][info][gc,cpu      ] GC(606) User=0.01s Sys=0.00s Real=0.01s
[25.950s][info][gc,start    ] GC(607) Pause Young (Normal) (G1 Evacuation Pause)
[25.950s][info][gc,task     ] GC(607) Using 6 workers of 8 for evacuation
[25.953s][info][gc,phases   ] GC(607)   Pre Evacuate Collection Set: 0.4ms
[25.954s][info][gc,phases   ] GC(607)   Merge Heap Roots: 0.3ms
[25.954s][info][gc,phases   ] GC(607)   Evacuate Collection Set: 0.9ms
[25.954s][info][gc,phases   ] GC(607)   Post Evacuate Collection Set: 0.9ms
[25.955s][info][gc,phases   ] GC(607)   Other: 0.5ms
[25.955s][info][gc,heap     ] GC(607) Eden regions: 149->0(149)
[25.955s][info][gc,heap     ] GC(607) Survivor regions: 4->4(20)
[25.956s][info][gc,heap     ] GC(607) Old regions: 2->2
[25.956s][info][gc,heap     ] GC(607) Archive regions: 2->2
[25.957s][info][gc,heap     ] GC(607) Humongous regions: 0->0
[25.959s][info][gc,metaspace] GC(607) Metaspace: 615K(832K)->615K(832K) NonClass: 597K(704K)->597K(704K) Class: 17K(128K)->17K(128K)
[25.960s][info][gc          ] GC(607) Pause Young (Normal) (G1 Evacuation Pause) 155M->5M(256M) 10.416ms
[25.961s][info][gc,cpu      ] GC(607) User=0.01s Sys=0.00s Real=0.01s
[26.022s][info][gc,start    ] GC(608) Pause Young (Normal) (G1 Evacuation Pause)
[26.022s][info][gc,task     ] GC(608) Using 6 workers of 8 for evacuation
[26.028s][info][gc,phases   ] GC(608)   Pre Evacuate Collection Set: 0.5ms
[26.029s][info][gc,phases   ] GC(608)   Merge Heap Roots: 0.4ms
[26.029s][info][gc,phases   ] GC(608)   Evacuate Collection Set: 3.0ms
[26.030s][info][gc,phases   ] GC(608)   Post Evacuate Collection Set: 1.3ms
[26.030s][info][gc,phases   ] GC(608)   Other: 0.7ms
[26.030s][info][gc,heap     ] GC(608) Eden regions: 149->0(150)
[26.031s][info][gc,heap     ] GC(608) Survivor regions: 4->3(20)
[26.031s][info][gc,heap     ] GC(608) Old regions: 2->2
[26.032s][info][gc,heap     ] GC(608) Archive regions: 2->2
[26.032s][info][gc,heap     ] GC(608) Humongous regions: 0->0
[26.032s][info][gc,metaspace] GC(608) Metaspace: 615K(832K)->615K(832K) NonClass: 597K(704K)->597K(704K) Class: 17K(128K)->17K(128K)
[26.033s][info][gc          ] GC(608) Pause Young (Normal) (G1 Evacuation Pause) 154M->5M(256M) 11.213ms
[26.033s][info][gc,cpu      ] GC(608) User=0.02s Sys=0.00s Real=0.01s
[26.099s][info][gc,start    ] GC(609) Pause Young (Normal) (G1 Evacuation Pause)
[26.100s][info][gc,task     ] GC(609) Using 6 workers of 8 for evacuation
[26.103s][info][gc,phases   ] GC(609)   Pre Evacuate Collection Set: 0.3ms
[26.103s][info][gc,phases   ] GC(609)   Merge Heap Roots: 0.3ms
[26.104s][info][gc,phases   ] GC(609)   Evacuate Collection Set: 1.3ms
[26.104s][info][gc,phases   ] GC(609)   Post Evacuate Collection Set: 1.0ms
[26.104s][info][gc,phases   ] GC(609)   Other: 0.5ms
[26.105s][info][gc,heap     ] GC(609) Eden regions: 150->0(149)
[26.105s][info][gc,heap     ] GC(609) Survivor regions: 3->4(20)
[26.106s][info][gc,heap     ] GC(609) Old regions: 2->2
[26.106s][info][gc,heap     ] GC(609) Archive regions: 2->2
[26.106s][info][gc,heap     ] GC(609) Humongous regions: 0->0
[26.107s][info][gc,metaspace] GC(609) Metaspace: 615K(832K)->615K(832K) NonClass: 597K(704K)->597K(704K) Class: 17K(128K)->17K(128K)
[26.108s][info][gc          ] GC(609) Pause Young (Normal) (G1 Evacuation Pause) 155M->6M(256M) 9.037ms
[26.109s][info][gc,cpu      ] GC(609) User=0.01s Sys=0.00s Real=0.01s
[26.155s][info][gc,start    ] GC(610) Pause Young (Normal) (G1 Evacuation Pause)
[26.156s][info][gc,task     ] GC(610) Using 6 workers of 8 for evacuation
[26.162s][info][gc,phases   ] GC(610)   Pre Evacuate Collection Set: 0.3ms
[26.163s][info][gc,phases   ] GC(610)   Merge Heap Roots: 0.4ms
[26.163s][info][gc,phases   ] GC(610)   Evacuate Collection Set: 3.7ms
[26.164s][info][gc,phases   ] GC(610)   Post Evacuate Collection Set: 1.1ms
[26.165s][info][gc,phases   ] GC(610)   Other: 0.6ms
[26.165s][info][gc,heap     ] GC(610) Eden regions: 149->0(149)
[26.165s][info][gc,heap     ] GC(610) Survivor regions: 4->4(20)
[26.166s][info][gc,heap     ] GC(610) Old regions: 2->2
[26.166s][info][gc,heap     ] GC(610) Archive regions: 2->2
[26.167s][info][gc,heap     ] GC(610) Humongous regions: 0->0
[26.167s][info][gc,metaspace] GC(610) Metaspace: 615K(832K)->615K(832K) NonClass: 597K(704K)->597K(704K) Class: 17K(128K)->17K(128K)
[26.167s][info][gc          ] GC(610) Pause Young (Normal) (G1 Evacuation Pause) 155M->5M(256M) 12.262ms
[26.168s][info][gc,cpu      ] GC(610) User=0.01s Sys=0.00s Real=0.02s
[26.221s][info][gc,start    ] GC(611) Pause Young (Normal) (G1 Evacuation Pause)
[26.221s][info][gc,task     ] GC(611) Using 6 workers of 8 for evacuation
[26.226s][info][gc,phases   ] GC(611)   Pre Evacuate Collection Set: 0.3ms
[26.227s][info][gc,phases   ] GC(611)   Merge Heap Roots: 0.2ms
[26.228s][info][gc,phases   ] GC(611)   Evacuate Collection Set: 2.0ms
[26.229s][info][gc,phases   ] GC(611)   Post Evacuate Collection Set: 1.5ms
[26.229s][info][gc,phases   ] GC(611)   Other: 0.7ms
[26.230s][info][gc,heap     ] GC(611) Eden regions: 149->0(150)
[26.230s][info][gc,heap     ] GC(611) Survivor regions: 4->3(20)
[26.230s][info][gc,heap     ] GC(611) Old regions: 2->2
[26.231s][info][gc,heap     ] GC(611) Archive regions: 2->2
[26.231s][info][gc,heap     ] GC(611) Humongous regions: 0->0
[26.231s][info][gc,metaspace] GC(611) Metaspace: 615K(832K)->615K(832K) NonClass: 597K(704K)->597K(704K) Class: 17K(128K)->17K(128K)
[26.232s][info][gc          ] GC(611) Pause Young (Normal) (G1 Evacuation Pause) 154M->5M(256M) 11.027ms
[26.232s][info][gc,cpu      ] GC(611) User=0.01s Sys=0.01s Real=0.01s
[26.282s][info][gc,start    ] GC(612) Pause Young (Normal) (G1 Evacuation Pause)
[26.282s][info][gc,task     ] GC(612) Using 6 workers of 8 for evacuation
[26.287s][info][gc,phases   ] GC(612)   Pre Evacuate Collection Set: 0.6ms
[26.287s][info][gc,phases   ] GC(612)   Merge Heap Roots: 0.3ms
[26.288s][info][gc,phases   ] GC(612)   Evacuate Collection Set: 2.2ms
[26.288s][info][gc,phases   ] GC(612)   Post Evacuate Collection Set: 0.9ms
[26.289s][info][gc,phases   ] GC(612)   Other: 0.6ms
[26.290s][info][gc,heap     ] GC(612) Eden regions: 150->0(149)
[26.292s][info][gc,heap     ] GC(612) Survivor regions: 3->4(20)
[26.293s][info][gc,heap     ] GC(612) Old regions: 2->2
[26.294s][info][gc,heap     ] GC(612) Archive regions: 2->2
[26.295s][info][gc,heap     ] GC(612) Humongous regions: 0->0
[26.295s][info][gc,metaspace] GC(612) Metaspace: 615K(832K)->615K(832K) NonClass: 597K(704K)->597K(704K) Class: 17K(128K)->17K(128K)
[26.296s][info][gc          ] GC(612) Pause Young (Normal) (G1 Evacuation Pause) 155M->6M(256M) 14.370ms
[26.296s][info][gc,cpu      ] GC(612) User=0.00s Sys=0.01s Real=0.01s
[26.345s][info][gc,start    ] GC(613) Pause Young (Normal) (G1 Evacuation Pause)
[26.346s][info][gc,task     ] GC(613) Using 6 workers of 8 for evacuation
[26.349s][info][gc,phases   ] GC(613)   Pre Evacuate Collection Set: 0.3ms
[26.349s][info][gc,phases   ] GC(613)   Merge Heap Roots: 0.3ms
[26.350s][info][gc,phases   ] GC(613)   Evacuate Collection Set: 1.2ms
[26.350s][info][gc,phases   ] GC(613)   Post Evacuate Collection Set: 0.9ms
[26.351s][info][gc,phases   ] GC(613)   Other: 0.5ms
[26.351s][info][gc,heap     ] GC(613) Eden regions: 149->0(149)
[26.351s][info][gc,heap     ] GC(613) Survivor regions: 4->4(20)
[26.352s][info][gc,heap     ] GC(613) Old regions: 2->2
[26.352s][info][gc,heap     ] GC(613) Archive regions: 2->2
[26.352s][info][gc,heap     ] GC(613) Humongous regions: 0->0
[26.353s][info][gc,metaspace] GC(613) Metaspace: 615K(832K)->615K(832K) NonClass: 597K(704K)->597K(704K) Class: 17K(128K)->17K(128K)
[26.353s][info][gc          ] GC(613) Pause Young (Normal) (G1 Evacuation Pause) 155M->5M(256M) 7.660ms
[26.353s][info][gc,cpu      ] GC(613) User=0.00s Sys=0.00s Real=0.01s
[26.404s][info][gc,start    ] GC(614) Pause Young (Normal) (G1 Evacuation Pause)
[26.405s][info][gc,task     ] GC(614) Using 6 workers of 8 for evacuation
[26.412s][info][gc,phases   ] GC(614)   Pre Evacuate Collection Set: 0.3ms
[26.412s][info][gc,phases   ] GC(614)   Merge Heap Roots: 0.2ms
[26.413s][info][gc,phases   ] GC(614)   Evacuate Collection Set: 4.0ms
[26.413s][info][gc,phases   ] GC(614)   Post Evacuate Collection Set: 1.9ms
[26.414s][info][gc,phases   ] GC(614)   Other: 0.5ms
[26.414s][info][gc,heap     ] GC(614) Eden regions: 149->0(149)
[26.415s][info][gc,heap     ] GC(614) Survivor regions: 4->4(20)
[26.415s][info][gc,heap     ] GC(614) Old regions: 2->2
[26.415s][info][gc,heap     ] GC(614) Archive regions: 2->2
[26.416s][info][gc,heap     ] GC(614) Humongous regions: 0->0
[26.416s][info][gc,metaspace] GC(614) Metaspace: 615K(832K)->615K(832K) NonClass: 597K(704K)->597K(704K) Class: 17K(128K)->17K(128K)
[26.416s][info][gc          ] GC(614) Pause Young (Normal) (G1 Evacuation Pause) 154M->5M(256M) 12.015ms
[26.417s][info][gc,cpu      ] GC(614) User=0.01s Sys=0.00s Real=0.02s
[26.465s][info][gc,start    ] GC(615) Pause Young (Normal) (G1 Evacuation Pause)
[26.466s][info][gc,task     ] GC(615) Using 6 workers of 8 for evacuation
[26.469s][info][gc,phases   ] GC(615)   Pre Evacuate Collection Set: 0.4ms
[26.469s][info][gc,phases   ] GC(615)   Merge Heap Roots: 0.3ms
[26.470s][info][gc,phases   ] GC(615)   Evacuate Collection Set: 1.1ms
[26.470s][info][gc,phases   ] GC(615)   Post Evacuate Collection Set: 0.9ms
[26.470s][info][gc,phases   ] GC(615)   Other: 0.4ms
[26.471s][info][gc,heap     ] GC(615) Eden regions: 149->0(150)
[26.471s][info][gc,heap     ] GC(615) Survivor regions: 4->3(20)
[26.471s][info][gc,heap     ] GC(615) Old regions: 2->2
[26.471s][info][gc,heap     ] GC(615) Archive regions: 2->2
[26.472s][info][gc,heap     ] GC(615) Humongous regions: 0->0
[26.472s][info][gc,metaspace] GC(615) Metaspace: 615K(832K)->615K(832K) NonClass: 597K(704K)->597K(704K) Class: 17K(128K)->17K(128K)
[26.473s][info][gc          ] GC(615) Pause Young (Normal) (G1 Evacuation Pause) 154M->5M(256M) 7.247ms
[26.473s][info][gc,cpu      ] GC(615) User=0.01s Sys=0.00s Real=0.01s
[26.519s][info][gc,start    ] GC(616) Pause Young (Normal) (G1 Evacuation Pause)
[26.520s][info][gc,task     ] GC(616) Using 6 workers of 8 for evacuation
[26.523s][info][gc,phases   ] GC(616)   Pre Evacuate Collection Set: 0.2ms
[26.523s][info][gc,phases   ] GC(616)   Merge Heap Roots: 0.2ms
[26.524s][info][gc,phases   ] GC(616)   Evacuate Collection Set: 1.0ms
[26.525s][info][gc,phases   ] GC(616)   Post Evacuate Collection Set: 0.9ms
[26.525s][info][gc,phases   ] GC(616)   Other: 0.4ms
[26.526s][info][gc,heap     ] GC(616) Eden regions: 150->0(149)
[26.527s][info][gc,heap     ] GC(616) Survivor regions: 3->4(20)
[26.528s][info][gc,heap     ] GC(616) Old regions: 2->2
[26.529s][info][gc,heap     ] GC(616) Archive regions: 2->2
[26.529s][info][gc,heap     ] GC(616) Humongous regions: 0->0
[26.529s][info][gc,metaspace] GC(616) Metaspace: 615K(832K)->615K(832K) NonClass: 597K(704K)->597K(704K) Class: 17K(128K)->17K(128K)
[26.530s][info][gc          ] GC(616) Pause Young (Normal) (G1 Evacuation Pause) 155M->6M(256M) 10.326ms
[26.530s][info][gc,cpu      ] GC(616) User=0.01s Sys=0.00s Real=0.01s
[26.576s][info][gc,start    ] GC(617) Pause Young (Normal) (G1 Evacuation Pause)
[26.578s][info][gc,task     ] GC(617) Using 6 workers of 8 for evacuation
[26.581s][info][gc,phases   ] GC(617)   Pre Evacuate Collection Set: 0.3ms
[26.581s][info][gc,phases   ] GC(617)   Merge Heap Roots: 0.3ms
[26.582s][info][gc,phases   ] GC(617)   Evacuate Collection Set: 1.1ms
[26.582s][info][gc,phases   ] GC(617)   Post Evacuate Collection Set: 0.8ms
[26.582s][info][gc,phases   ] GC(617)   Other: 0.8ms
[26.583s][info][gc,heap     ] GC(617) Eden regions: 149->0(149)
[26.583s][info][gc,heap     ] GC(617) Survivor regions: 4->4(20)
[26.583s][info][gc,heap     ] GC(617) Old regions: 2->2
[26.583s][info][gc,heap     ] GC(617) Archive regions: 2->2
[26.584s][info][gc,heap     ] GC(617) Humongous regions: 0->0
[26.584s][info][gc,metaspace] GC(617) Metaspace: 615K(832K)->615K(832K) NonClass: 597K(704K)->597K(704K) Class: 17K(128K)->17K(128K)
[26.584s][info][gc          ] GC(617) Pause Young (Normal) (G1 Evacuation Pause) 155M->5M(256M) 8.142ms
[26.585s][info][gc,cpu      ] GC(617) User=0.01s Sys=0.00s Real=0.01s
[26.631s][info][gc,start    ] GC(618) Pause Young (Normal) (G1 Evacuation Pause)
[26.632s][info][gc,task     ] GC(618) Using 6 workers of 8 for evacuation
[26.635s][info][gc,phases   ] GC(618)   Pre Evacuate Collection Set: 0.4ms
[26.635s][info][gc,phases   ] GC(618)   Merge Heap Roots: 0.2ms
[26.636s][info][gc,phases   ] GC(618)   Evacuate Collection Set: 0.8ms
[26.636s][info][gc,phases   ] GC(618)   Post Evacuate Collection Set: 0.8ms
[26.637s][info][gc,phases   ] GC(618)   Other: 0.5ms
[26.637s][info][gc,heap     ] GC(618) Eden regions: 149->0(150)
[26.637s][info][gc,heap     ] GC(618) Survivor regions: 4->3(20)
[26.637s][info][gc,heap     ] GC(618) Old regions: 2->2
[26.638s][info][gc,heap     ] GC(618) Archive regions: 2->2
[26.638s][info][gc,heap     ] GC(618) Humongous regions: 0->0
[26.638s][info][gc,metaspace] GC(618) Metaspace: 615K(832K)->615K(832K) NonClass: 597K(704K)->597K(704K) Class: 17K(128K)->17K(128K)
[26.639s][info][gc          ] GC(618) Pause Young (Normal) (G1 Evacuation Pause) 154M->5M(256M) 7.603ms
[26.639s][info][gc,cpu      ] GC(618) User=0.01s Sys=0.00s Real=0.01s
[26.687s][info][gc,start    ] GC(619) Pause Young (Normal) (G1 Evacuation Pause)
[26.687s][info][gc,task     ] GC(619) Using 6 workers of 8 for evacuation
[26.691s][info][gc,phases   ] GC(619)   Pre Evacuate Collection Set: 0.3ms
[26.692s][info][gc,phases   ] GC(619)   Merge Heap Roots: 0.3ms
[26.693s][info][gc,phases   ] GC(619)   Evacuate Collection Set: 1.2ms
[26.694s][info][gc,phases   ] GC(619)   Post Evacuate Collection Set: 1.2ms
[26.694s][info][gc,phases   ] GC(619)   Other: 0.6ms
[26.695s][info][gc,heap     ] GC(619) Eden regions: 150->0(149)
[26.696s][info][gc,heap     ] GC(619) Survivor regions: 3->4(20)
[26.696s][info][gc,heap     ] GC(619) Old regions: 2->2
[26.697s][info][gc,heap     ] GC(619) Archive regions: 2->2
[26.697s][info][gc,heap     ] GC(619) Humongous regions: 0->0
[26.697s][info][gc,metaspace] GC(619) Metaspace: 615K(832K)->615K(832K) NonClass: 597K(704K)->597K(704K) Class: 17K(128K)->17K(128K)
[26.698s][info][gc          ] GC(619) Pause Young (Normal) (G1 Evacuation Pause) 155M->6M(256M) 11.477ms
[26.698s][info][gc,cpu      ] GC(619) User=0.01s Sys=0.01s Real=0.01s
[26.735s][info][gc,start    ] GC(620) Pause Young (Normal) (G1 Evacuation Pause)
[26.735s][info][gc,task     ] GC(620) Using 6 workers of 8 for evacuation
[26.739s][info][gc,phases   ] GC(620)   Pre Evacuate Collection Set: 0.2ms
[26.739s][info][gc,phases   ] GC(620)   Merge Heap Roots: 0.3ms
[26.740s][info][gc,phases   ] GC(620)   Evacuate Collection Set: 1.1ms
[26.741s][info][gc,phases   ] GC(620)   Post Evacuate Collection Set: 1.0ms
[26.742s][info][gc,phases   ] GC(620)   Other: 0.5ms
[26.743s][info][gc,heap     ] GC(620) Eden regions: 149->0(149)
[26.744s][info][gc,heap     ] GC(620) Survivor regions: 4->4(20)
[26.744s][info][gc,heap     ] GC(620) Old regions: 2->2
[26.745s][info][gc,heap     ] GC(620) Archive regions: 2->2
[26.745s][info][gc,heap     ] GC(620) Humongous regions: 0->0
[26.746s][info][gc,metaspace] GC(620) Metaspace: 615K(832K)->615K(832K) NonClass: 597K(704K)->597K(704K) Class: 17K(128K)->17K(128K)
[26.746s][info][gc          ] GC(620) Pause Young (Normal) (G1 Evacuation Pause) 155M->5M(256M) 11.009ms
[26.746s][info][gc,cpu      ] GC(620) User=0.00s Sys=0.00s Real=0.01s
[26.788s][info][gc,start    ] GC(621) Pause Young (Normal) (G1 Evacuation Pause)
[26.788s][info][gc,task     ] GC(621) Using 6 workers of 8 for evacuation
[26.793s][info][gc,phases   ] GC(621)   Pre Evacuate Collection Set: 0.4ms
[26.794s][info][gc,phases   ] GC(621)   Merge Heap Roots: 0.3ms
[26.795s][info][gc,phases   ] GC(621)   Evacuate Collection Set: 2.4ms
[26.796s][info][gc,phases   ] GC(621)   Post Evacuate Collection Set: 1.6ms
[26.796s][info][gc,phases   ] GC(621)   Other: 0.5ms
[26.797s][info][gc,heap     ] GC(621) Eden regions: 149->0(149)
[26.797s][info][gc,heap     ] GC(621) Survivor regions: 4->4(20)
[26.797s][info][gc,heap     ] GC(621) Old regions: 2->2
[26.798s][info][gc,heap     ] GC(621) Archive regions: 2->2
[26.798s][info][gc,heap     ] GC(621) Humongous regions: 0->0
[26.798s][info][gc,metaspace] GC(621) Metaspace: 615K(832K)->615K(832K) NonClass: 597K(704K)->597K(704K) Class: 17K(128K)->17K(128K)
[26.799s][info][gc          ] GC(621) Pause Young (Normal) (G1 Evacuation Pause) 154M->5M(256M) 10.739ms
[26.799s][info][gc,cpu      ] GC(621) User=0.01s Sys=0.00s Real=0.01s
[26.848s][info][gc,start    ] GC(622) Pause Young (Normal) (G1 Evacuation Pause)
[26.849s][info][gc,task     ] GC(622) Using 6 workers of 8 for evacuation
[26.852s][info][gc,phases   ] GC(622)   Pre Evacuate Collection Set: 0.3ms
[26.852s][info][gc,phases   ] GC(622)   Merge Heap Roots: 0.2ms
[26.852s][info][gc,phases   ] GC(622)   Evacuate Collection Set: 1.1ms
[26.853s][info][gc,phases   ] GC(622)   Post Evacuate Collection Set: 0.8ms
[26.853s][info][gc,phases   ] GC(622)   Other: 0.5ms
[26.853s][info][gc,heap     ] GC(622) Eden regions: 149->0(150)
[26.854s][info][gc,heap     ] GC(622) Survivor regions: 4->3(20)
[26.854s][info][gc,heap     ] GC(622) Old regions: 2->2
[26.854s][info][gc,heap     ] GC(622) Archive regions: 2->2
[26.855s][info][gc,heap     ] GC(622) Humongous regions: 0->0
[26.855s][info][gc,metaspace] GC(622) Metaspace: 615K(832K)->615K(832K) NonClass: 597K(704K)->597K(704K) Class: 17K(128K)->17K(128K)
[26.855s][info][gc          ] GC(622) Pause Young (Normal) (G1 Evacuation Pause) 154M->5M(256M) 7.257ms
[26.856s][info][gc,cpu      ] GC(622) User=0.00s Sys=0.01s Real=0.00s
[26.904s][info][gc,start    ] GC(623) Pause Young (Normal) (G1 Evacuation Pause)
[26.905s][info][gc,task     ] GC(623) Using 6 workers of 8 for evacuation
[26.912s][info][gc,phases   ] GC(623)   Pre Evacuate Collection Set: 0.2ms
[26.913s][info][gc,phases   ] GC(623)   Merge Heap Roots: 0.3ms
[26.913s][info][gc,phases   ] GC(623)   Evacuate Collection Set: 5.7ms
[26.914s][info][gc,phases   ] GC(623)   Post Evacuate Collection Set: 1.1ms
[26.914s][info][gc,phases   ] GC(623)   Other: 0.5ms
[26.914s][info][gc,heap     ] GC(623) Eden regions: 150->0(149)
[26.915s][info][gc,heap     ] GC(623) Survivor regions: 3->4(20)
[26.915s][info][gc,heap     ] GC(623) Old regions: 2->2
[26.915s][info][gc,heap     ] GC(623) Archive regions: 2->2
[26.916s][info][gc,heap     ] GC(623) Humongous regions: 0->0
[26.916s][info][gc,metaspace] GC(623) Metaspace: 615K(832K)->615K(832K) NonClass: 597K(704K)->597K(704K) Class: 17K(128K)->17K(128K)
[26.916s][info][gc          ] GC(623) Pause Young (Normal) (G1 Evacuation Pause) 155M->6M(256M) 12.226ms
[26.917s][info][gc,cpu      ] GC(623) User=0.02s Sys=0.00s Real=0.02s
[26.965s][info][gc,start    ] GC(624) Pause Young (Normal) (G1 Evacuation Pause)
[26.965s][info][gc,task     ] GC(624) Using 6 workers of 8 for evacuation
[26.967s][info][gc,phases   ] GC(624)   Pre Evacuate Collection Set: 0.2ms
[26.968s][info][gc,phases   ] GC(624)   Merge Heap Roots: 0.2ms
[26.968s][info][gc,phases   ] GC(624)   Evacuate Collection Set: 0.9ms
[26.968s][info][gc,phases   ] GC(624)   Post Evacuate Collection Set: 0.7ms
[26.969s][info][gc,phases   ] GC(624)   Other: 0.4ms
[26.969s][info][gc,heap     ] GC(624) Eden regions: 149->0(149)
[26.970s][info][gc,heap     ] GC(624) Survivor regions: 4->4(20)
[26.970s][info][gc,heap     ] GC(624) Old regions: 2->2
[26.970s][info][gc,heap     ] GC(624) Archive regions: 2->2
[26.970s][info][gc,heap     ] GC(624) Humongous regions: 0->0
[26.971s][info][gc,metaspace] GC(624) Metaspace: 615K(832K)->615K(832K) NonClass: 597K(704K)->597K(704K) Class: 17K(128K)->17K(128K)
[26.971s][info][gc          ] GC(624) Pause Young (Normal) (G1 Evacuation Pause) 155M->5M(256M) 6.405ms
[26.971s][info][gc,cpu      ] GC(624) User=0.00s Sys=0.00s Real=0.01s
[27.020s][info][gc,start    ] GC(625) Pause Young (Normal) (G1 Evacuation Pause)
[27.021s][info][gc,task     ] GC(625) Using 6 workers of 8 for evacuation
[27.031s][info][gc,phases   ] GC(625)   Pre Evacuate Collection Set: 0.2ms
[27.031s][info][gc,phases   ] GC(625)   Merge Heap Roots: 0.2ms
[27.032s][info][gc,phases   ] GC(625)   Evacuate Collection Set: 8.1ms
[27.032s][info][gc,phases   ] GC(625)   Post Evacuate Collection Set: 0.9ms
[27.032s][info][gc,phases   ] GC(625)   Other: 0.5ms
[27.033s][info][gc,heap     ] GC(625) Eden regions: 149->0(150)
[27.033s][info][gc,heap     ] GC(625) Survivor regions: 4->3(20)
[27.033s][info][gc,heap     ] GC(625) Old regions: 2->2
[27.034s][info][gc,heap     ] GC(625) Archive regions: 2->2
[27.035s][info][gc,heap     ] GC(625) Humongous regions: 0->0
[27.035s][info][gc,metaspace] GC(625) Metaspace: 615K(832K)->615K(832K) NonClass: 597K(704K)->597K(704K) Class: 17K(128K)->17K(128K)
[27.035s][info][gc          ] GC(625) Pause Young (Normal) (G1 Evacuation Pause) 154M->5M(256M) 15.034ms
[27.036s][info][gc,cpu      ] GC(625) User=0.02s Sys=0.00s Real=0.01s
[27.099s][info][gc,start    ] GC(626) Pause Young (Normal) (G1 Evacuation Pause)
[27.100s][info][gc,task     ] GC(626) Using 6 workers of 8 for evacuation
[27.104s][info][gc,phases   ] GC(626)   Pre Evacuate Collection Set: 0.3ms
[27.104s][info][gc,phases   ] GC(626)   Merge Heap Roots: 0.2ms
[27.105s][info][gc,phases   ] GC(626)   Evacuate Collection Set: 1.9ms
[27.105s][info][gc,phases   ] GC(626)   Post Evacuate Collection Set: 0.9ms
[27.106s][info][gc,phases   ] GC(626)   Other: 0.5ms
[27.108s][info][gc,heap     ] GC(626) Eden regions: 150->0(149)
[27.109s][info][gc,heap     ] GC(626) Survivor regions: 3->4(20)
[27.110s][info][gc,heap     ] GC(626) Old regions: 2->2
[27.111s][info][gc,heap     ] GC(626) Archive regions: 2->2
[27.111s][info][gc,heap     ] GC(626) Humongous regions: 0->0
[27.112s][info][gc,metaspace] GC(626) Metaspace: 615K(832K)->615K(832K) NonClass: 597K(704K)->597K(704K) Class: 17K(128K)->17K(128K)
[27.113s][info][gc          ] GC(626) Pause Young (Normal) (G1 Evacuation Pause) 155M->6M(256M) 13.648ms
[27.113s][info][gc,cpu      ] GC(626) User=0.01s Sys=0.00s Real=0.01s
[27.166s][info][gc,start    ] GC(627) Pause Young (Normal) (G1 Evacuation Pause)
[27.166s][info][gc,task     ] GC(627) Using 6 workers of 8 for evacuation
[27.170s][info][gc,phases   ] GC(627)   Pre Evacuate Collection Set: 0.2ms
[27.170s][info][gc,phases   ] GC(627)   Merge Heap Roots: 0.2ms
[27.170s][info][gc,phases   ] GC(627)   Evacuate Collection Set: 1.3ms
[27.171s][info][gc,phases   ] GC(627)   Post Evacuate Collection Set: 1.0ms
[27.171s][info][gc,phases   ] GC(627)   Other: 0.5ms
[27.171s][info][gc,heap     ] GC(627) Eden regions: 149->0(149)
[27.172s][info][gc,heap     ] GC(627) Survivor regions: 4->4(20)
[27.173s][info][gc,heap     ] GC(627) Old regions: 2->2
[27.173s][info][gc,heap     ] GC(627) Archive regions: 2->2
[27.174s][info][gc,heap     ] GC(627) Humongous regions: 0->0
[27.175s][info][gc,metaspace] GC(627) Metaspace: 615K(832K)->615K(832K) NonClass: 597K(704K)->597K(704K) Class: 17K(128K)->17K(128K)
[27.176s][info][gc          ] GC(627) Pause Young (Normal) (G1 Evacuation Pause) 155M->5M(256M) 10.273ms
[27.177s][info][gc,cpu      ] GC(627) User=0.00s Sys=0.00s Real=0.02s
[27.223s][info][gc,start    ] GC(628) Pause Young (Normal) (G1 Evacuation Pause)
[27.225s][info][gc,task     ] GC(628) Using 6 workers of 8 for evacuation
[27.231s][info][gc,phases   ] GC(628)   Pre Evacuate Collection Set: 0.6ms
[27.231s][info][gc,phases   ] GC(628)   Merge Heap Roots: 0.2ms
[27.231s][info][gc,phases   ] GC(628)   Evacuate Collection Set: 2.2ms
[27.232s][info][gc,phases   ] GC(628)   Post Evacuate Collection Set: 0.9ms
[27.232s][info][gc,phases   ] GC(628)   Other: 1.6ms
[27.232s][info][gc,heap     ] GC(628) Eden regions: 149->0(149)
[27.233s][info][gc,heap     ] GC(628) Survivor regions: 4->4(20)
[27.233s][info][gc,heap     ] GC(628) Old regions: 2->2
[27.233s][info][gc,heap     ] GC(628) Archive regions: 2->2
[27.234s][info][gc,heap     ] GC(628) Humongous regions: 0->0
[27.234s][info][gc,metaspace] GC(628) Metaspace: 615K(832K)->615K(832K) NonClass: 597K(704K)->597K(704K) Class: 17K(128K)->17K(128K)
[27.234s][info][gc          ] GC(628) Pause Young (Normal) (G1 Evacuation Pause) 154M->5M(256M) 11.330ms
[27.235s][info][gc,cpu      ] GC(628) User=0.01s Sys=0.00s Real=0.01s
[27.293s][info][gc,start    ] GC(629) Pause Young (Normal) (G1 Evacuation Pause)
[27.304s][info][gc,task     ] GC(629) Using 6 workers of 8 for evacuation
[27.315s][info][gc,phases   ] GC(629)   Pre Evacuate Collection Set: 4.0ms
[27.316s][info][gc,phases   ] GC(629)   Merge Heap Roots: 0.4ms
[27.317s][info][gc,phases   ] GC(629)   Evacuate Collection Set: 1.6ms
[27.317s][info][gc,phases   ] GC(629)   Post Evacuate Collection Set: 1.0ms
[27.319s][info][gc,phases   ] GC(629)   Other: 4.5ms
[27.319s][info][gc,heap     ] GC(629) Eden regions: 149->0(150)
[27.319s][info][gc,heap     ] GC(629) Survivor regions: 4->3(20)
[27.321s][info][gc,heap     ] GC(629) Old regions: 2->2
[27.321s][info][gc,heap     ] GC(629) Archive regions: 2->2
[27.322s][info][gc,heap     ] GC(629) Humongous regions: 0->0
[27.323s][info][gc,metaspace] GC(629) Metaspace: 615K(832K)->615K(832K) NonClass: 597K(704K)->597K(704K) Class: 17K(128K)->17K(128K)
[27.326s][info][gc          ] GC(629) Pause Young (Normal) (G1 Evacuation Pause) 154M->5M(256M) 32.872ms
[27.328s][info][gc,cpu      ] GC(629) User=0.02s Sys=0.00s Real=0.04s
[27.400s][info][gc,start    ] GC(630) Pause Young (Normal) (G1 Evacuation Pause)
[27.400s][info][gc,task     ] GC(630) Using 6 workers of 8 for evacuation
[27.405s][info][gc,phases   ] GC(630)   Pre Evacuate Collection Set: 0.4ms
[27.405s][info][gc,phases   ] GC(630)   Merge Heap Roots: 0.3ms
[27.407s][info][gc,phases   ] GC(630)   Evacuate Collection Set: 2.2ms
[27.411s][info][gc,phases   ] GC(630)   Post Evacuate Collection Set: 1.0ms
[27.413s][info][gc,phases   ] GC(630)   Other: 0.5ms
[27.414s][info][gc,heap     ] GC(630) Eden regions: 150->0(149)
[27.415s][info][gc,heap     ] GC(630) Survivor regions: 3->4(20)
[27.416s][info][gc,heap     ] GC(630) Old regions: 2->2
[27.416s][info][gc,heap     ] GC(630) Archive regions: 2->2
[27.417s][info][gc,heap     ] GC(630) Humongous regions: 0->0
[27.417s][info][gc,metaspace] GC(630) Metaspace: 615K(832K)->615K(832K) NonClass: 597K(704K)->597K(704K) Class: 17K(128K)->17K(128K)
[27.417s][info][gc          ] GC(630) Pause Young (Normal) (G1 Evacuation Pause) 155M->6M(256M) 17.867ms
[27.418s][info][gc,cpu      ] GC(630) User=0.01s Sys=0.00s Real=0.02s
[27.497s][info][gc,start    ] GC(631) Pause Young (Normal) (G1 Evacuation Pause)
[27.498s][info][gc,task     ] GC(631) Using 6 workers of 8 for evacuation
[27.501s][info][gc,phases   ] GC(631)   Pre Evacuate Collection Set: 0.3ms
[27.502s][info][gc,phases   ] GC(631)   Merge Heap Roots: 0.4ms
[27.502s][info][gc,phases   ] GC(631)   Evacuate Collection Set: 1.5ms
[27.503s][info][gc,phases   ] GC(631)   Post Evacuate Collection Set: 0.8ms
[27.503s][info][gc,phases   ] GC(631)   Other: 0.5ms
[27.503s][info][gc,heap     ] GC(631) Eden regions: 149->0(149)
[27.504s][info][gc,heap     ] GC(631) Survivor regions: 4->4(20)
[27.504s][info][gc,heap     ] GC(631) Old regions: 2->2
[27.504s][info][gc,heap     ] GC(631) Archive regions: 2->2
[27.505s][info][gc,heap     ] GC(631) Humongous regions: 0->0
[27.505s][info][gc,metaspace] GC(631) Metaspace: 615K(832K)->615K(832K) NonClass: 597K(704K)->597K(704K) Class: 17K(128K)->17K(128K)
[27.506s][info][gc          ] GC(631) Pause Young (Normal) (G1 Evacuation Pause) 155M->5M(256M) 8.236ms
[27.506s][info][gc,cpu      ] GC(631) User=0.00s Sys=0.00s Real=0.00s
[27.571s][info][gc,start    ] GC(632) Pause Young (Normal) (G1 Evacuation Pause)
[27.572s][info][gc,task     ] GC(632) Using 6 workers of 8 for evacuation
[27.577s][info][gc,phases   ] GC(632)   Pre Evacuate Collection Set: 0.3ms
[27.579s][info][gc,phases   ] GC(632)   Merge Heap Roots: 0.2ms
[27.579s][info][gc,phases   ] GC(632)   Evacuate Collection Set: 2.5ms
[27.580s][info][gc,phases   ] GC(632)   Post Evacuate Collection Set: 1.6ms
[27.580s][info][gc,phases   ] GC(632)   Other: 0.7ms
[27.581s][info][gc,heap     ] GC(632) Eden regions: 149->0(150)
[27.581s][info][gc,heap     ] GC(632) Survivor regions: 4->3(20)
[27.582s][info][gc,heap     ] GC(632) Old regions: 2->2
[27.582s][info][gc,heap     ] GC(632) Archive regions: 2->2
[27.582s][info][gc,heap     ] GC(632) Humongous regions: 0->0
[27.583s][info][gc,metaspace] GC(632) Metaspace: 615K(832K)->615K(832K) NonClass: 597K(704K)->597K(704K) Class: 17K(128K)->17K(128K)
[27.583s][info][gc          ] GC(632) Pause Young (Normal) (G1 Evacuation Pause) 154M->5M(256M) 11.895ms
[27.583s][info][gc,cpu      ] GC(632) User=0.00s Sys=0.01s Real=0.01s
[27.645s][info][gc,start    ] GC(633) Pause Young (Normal) (G1 Evacuation Pause)
[27.645s][info][gc,task     ] GC(633) Using 6 workers of 8 for evacuation
[27.649s][info][gc,phases   ] GC(633)   Pre Evacuate Collection Set: 0.4ms
[27.650s][info][gc,phases   ] GC(633)   Merge Heap Roots: 0.3ms
[27.650s][info][gc,phases   ] GC(633)   Evacuate Collection Set: 1.5ms
[27.650s][info][gc,phases   ] GC(633)   Post Evacuate Collection Set: 1.1ms
[27.651s][info][gc,phases   ] GC(633)   Other: 0.6ms
[27.652s][info][gc,heap     ] GC(633) Eden regions: 150->0(149)
[27.652s][info][gc,heap     ] GC(633) Survivor regions: 3->4(20)
[27.653s][info][gc,heap     ] GC(633) Old regions: 2->2
[27.653s][info][gc,heap     ] GC(633) Archive regions: 2->2
[27.653s][info][gc,heap     ] GC(633) Humongous regions: 0->0
[27.654s][info][gc,metaspace] GC(633) Metaspace: 615K(832K)->615K(832K) NonClass: 597K(704K)->597K(704K) Class: 17K(128K)->17K(128K)
[27.654s][info][gc          ] GC(633) Pause Young (Normal) (G1 Evacuation Pause) 155M->6M(256M) 9.309ms
[27.654s][info][gc,cpu      ] GC(633) User=0.00s Sys=0.01s Real=0.01s
[27.713s][info][gc,start    ] GC(634) Pause Young (Normal) (G1 Evacuation Pause)
[27.714s][info][gc,task     ] GC(634) Using 6 workers of 8 for evacuation
[27.719s][info][gc,phases   ] GC(634)   Pre Evacuate Collection Set: 0.4ms
[27.720s][info][gc,phases   ] GC(634)   Merge Heap Roots: 0.3ms
[27.720s][info][gc,phases   ] GC(634)   Evacuate Collection Set: 3.4ms
[27.721s][info][gc,phases   ] GC(634)   Post Evacuate Collection Set: 1.0ms
[27.721s][info][gc,phases   ] GC(634)   Other: 0.5ms
[27.722s][info][gc,heap     ] GC(634) Eden regions: 149->0(149)
[27.722s][info][gc,heap     ] GC(634) Survivor regions: 4->4(20)
[27.723s][info][gc,heap     ] GC(634) Old regions: 2->2
[27.725s][info][gc,heap     ] GC(634) Archive regions: 2->2
[27.727s][info][gc,heap     ] GC(634) Humongous regions: 0->0
[27.728s][info][gc,metaspace] GC(634) Metaspace: 615K(832K)->615K(832K) NonClass: 597K(704K)->597K(704K) Class: 17K(128K)->17K(128K)
[27.728s][info][gc          ] GC(634) Pause Young (Normal) (G1 Evacuation Pause) 155M->6M(256M) 15.602ms
[27.729s][info][gc,cpu      ] GC(634) User=0.00s Sys=0.01s Real=0.02s
[27.793s][info][gc,start    ] GC(635) Pause Young (Normal) (G1 Evacuation Pause)
[27.797s][info][gc,task     ] GC(635) Using 6 workers of 8 for evacuation
[27.805s][info][gc,phases   ] GC(635)   Pre Evacuate Collection Set: 0.9ms
[27.805s][info][gc,phases   ] GC(635)   Merge Heap Roots: 3.0ms
[27.806s][info][gc,phases   ] GC(635)   Evacuate Collection Set: 2.4ms
[27.807s][info][gc,phases   ] GC(635)   Post Evacuate Collection Set: 1.1ms
[27.808s][info][gc,phases   ] GC(635)   Other: 0.8ms
[27.811s][info][gc,heap     ] GC(635) Eden regions: 149->0(150)
[27.812s][info][gc,heap     ] GC(635) Survivor regions: 4->3(20)
[27.812s][info][gc,heap     ] GC(635) Old regions: 2->2
[27.813s][info][gc,heap     ] GC(635) Archive regions: 2->2
[27.814s][info][gc,heap     ] GC(635) Humongous regions: 0->0
[27.814s][info][gc,metaspace] GC(635) Metaspace: 615K(832K)->615K(832K) NonClass: 597K(704K)->597K(704K) Class: 17K(128K)->17K(128K)
[27.816s][info][gc          ] GC(635) Pause Young (Normal) (G1 Evacuation Pause) 155M->5M(256M) 23.226ms
[27.817s][info][gc,cpu      ] GC(635) User=0.01s Sys=0.00s Real=0.03s
[27.885s][info][gc,start    ] GC(636) Pause Young (Normal) (G1 Evacuation Pause)
[27.886s][info][gc,task     ] GC(636) Using 6 workers of 8 for evacuation
[27.900s][info][gc,phases   ] GC(636)   Pre Evacuate Collection Set: 0.5ms
[27.950s][info][gc,phases   ] GC(636)   Merge Heap Roots: 0.1ms
[27.967s][info][gc,phases   ] GC(636)   Evacuate Collection Set: 5.0ms
[27.967s][info][gc,phases   ] GC(636)   Post Evacuate Collection Set: 7.1ms
[27.968s][info][gc,phases   ] GC(636)   Other: 1.3ms
[27.968s][info][gc,heap     ] GC(636) Eden regions: 150->0(149)
[27.969s][info][gc,heap     ] GC(636) Survivor regions: 3->4(20)
[27.970s][info][gc,heap     ] GC(636) Old regions: 2->2
[27.970s][info][gc,heap     ] GC(636) Archive regions: 2->2
[27.970s][info][gc,heap     ] GC(636) Humongous regions: 0->0
[27.971s][info][gc,metaspace] GC(636) Metaspace: 615K(832K)->615K(832K) NonClass: 597K(704K)->597K(704K) Class: 17K(128K)->17K(128K)
[27.971s][info][gc          ] GC(636) Pause Young (Normal) (G1 Evacuation Pause) 155M->6M(256M) 86.055ms
[27.971s][info][gc,cpu      ] GC(636) User=0.00s Sys=0.01s Real=0.09s
[28.055s][info][gc,start    ] GC(637) Pause Young (Normal) (G1 Evacuation Pause)
[28.056s][info][gc,task     ] GC(637) Using 6 workers of 8 for evacuation
[28.066s][info][gc,phases   ] GC(637)   Pre Evacuate Collection Set: 0.1ms
[28.067s][info][gc,phases   ] GC(637)   Merge Heap Roots: 0.2ms
[28.068s][info][gc,phases   ] GC(637)   Evacuate Collection Set: 4.3ms
[28.068s][info][gc,phases   ] GC(637)   Post Evacuate Collection Set: 4.5ms
[28.069s][info][gc,phases   ] GC(637)   Other: 1.0ms
[28.070s][info][gc,heap     ] GC(637) Eden regions: 149->0(149)
[28.070s][info][gc,heap     ] GC(637) Survivor regions: 4->4(20)
[28.071s][info][gc,heap     ] GC(637) Old regions: 2->2
[28.071s][info][gc,heap     ] GC(637) Archive regions: 2->2
[28.071s][info][gc,heap     ] GC(637) Humongous regions: 0->0
[28.072s][info][gc,metaspace] GC(637) Metaspace: 615K(832K)->615K(832K) NonClass: 597K(704K)->597K(704K) Class: 17K(128K)->17K(128K)
[28.073s][info][gc          ] GC(637) Pause Young (Normal) (G1 Evacuation Pause) 155M->6M(256M) 17.364ms
[28.073s][info][gc,cpu      ] GC(637) User=0.02s Sys=0.00s Real=0.02s
[28.136s][info][gc,start    ] GC(638) Pause Young (Normal) (G1 Evacuation Pause)
[28.137s][info][gc,task     ] GC(638) Using 6 workers of 8 for evacuation
[28.143s][info][gc,phases   ] GC(638)   Pre Evacuate Collection Set: 0.8ms
[28.147s][info][gc,phases   ] GC(638)   Merge Heap Roots: 0.2ms
[28.148s][info][gc,phases   ] GC(638)   Evacuate Collection Set: 3.1ms
[28.149s][info][gc,phases   ] GC(638)   Post Evacuate Collection Set: 1.0ms
[28.150s][info][gc,phases   ] GC(638)   Other: 0.5ms
[28.150s][info][gc,heap     ] GC(638) Eden regions: 149->0(149)
[28.151s][info][gc,heap     ] GC(638) Survivor regions: 4->4(20)
[28.152s][info][gc,heap     ] GC(638) Old regions: 2->2
[28.152s][info][gc,heap     ] GC(638) Archive regions: 2->2
[28.153s][info][gc,heap     ] GC(638) Humongous regions: 0->0
[28.153s][info][gc,metaspace] GC(638) Metaspace: 615K(832K)->615K(832K) NonClass: 597K(704K)->597K(704K) Class: 17K(128K)->17K(128K)
[28.154s][info][gc          ] GC(638) Pause Young (Normal) (G1 Evacuation Pause) 155M->5M(256M) 17.331ms
[28.154s][info][gc,cpu      ] GC(638) User=0.01s Sys=0.01s Real=0.02s
[28.214s][info][gc,start    ] GC(639) Pause Young (Normal) (G1 Evacuation Pause)
[28.215s][info][gc,task     ] GC(639) Using 6 workers of 8 for evacuation
[28.219s][info][gc,phases   ] GC(639)   Pre Evacuate Collection Set: 0.6ms
[28.219s][info][gc,phases   ] GC(639)   Merge Heap Roots: 0.3ms
[28.220s][info][gc,phases   ] GC(639)   Evacuate Collection Set: 1.0ms
[28.220s][info][gc,phases   ] GC(639)   Post Evacuate Collection Set: 0.8ms
[28.220s][info][gc,phases   ] GC(639)   Other: 1.0ms
[28.221s][info][gc,heap     ] GC(639) Eden regions: 149->0(150)
[28.221s][info][gc,heap     ] GC(639) Survivor regions: 4->3(20)
[28.221s][info][gc,heap     ] GC(639) Old regions: 2->2
[28.222s][info][gc,heap     ] GC(639) Archive regions: 2->2
[28.222s][info][gc,heap     ] GC(639) Humongous regions: 0->0
[28.222s][info][gc,metaspace] GC(639) Metaspace: 615K(832K)->615K(832K) NonClass: 597K(704K)->597K(704K) Class: 17K(128K)->17K(128K)
[28.223s][info][gc          ] GC(639) Pause Young (Normal) (G1 Evacuation Pause) 154M->5M(256M) 8.507ms
[28.223s][info][gc,cpu      ] GC(639) User=0.00s Sys=0.01s Real=0.01s
[28.274s][info][gc,start    ] GC(640) Pause Young (Normal) (G1 Evacuation Pause)
[28.274s][info][gc,task     ] GC(640) Using 6 workers of 8 for evacuation
[28.278s][info][gc,phases   ] GC(640)   Pre Evacuate Collection Set: 0.3ms
[28.279s][info][gc,phases   ] GC(640)   Merge Heap Roots: 0.2ms
[28.279s][info][gc,phases   ] GC(640)   Evacuate Collection Set: 1.5ms
[28.280s][info][gc,phases   ] GC(640)   Post Evacuate Collection Set: 1.0ms
[28.281s][info][gc,phases   ] GC(640)   Other: 0.7ms
[28.282s][info][gc,heap     ] GC(640) Eden regions: 150->0(149)
[28.282s][info][gc,heap     ] GC(640) Survivor regions: 3->4(20)
[28.283s][info][gc,heap     ] GC(640) Old regions: 2->2
[28.284s][info][gc,heap     ] GC(640) Archive regions: 2->2
[28.285s][info][gc,heap     ] GC(640) Humongous regions: 0->0
[28.285s][info][gc,metaspace] GC(640) Metaspace: 615K(832K)->615K(832K) NonClass: 597K(704K)->597K(704K) Class: 17K(128K)->17K(128K)
[28.285s][info][gc          ] GC(640) Pause Young (Normal) (G1 Evacuation Pause) 155M->6M(256M) 11.903ms
[28.286s][info][gc,cpu      ] GC(640) User=0.01s Sys=0.00s Real=0.01s
[28.352s][info][gc,start    ] GC(641) Pause Young (Normal) (G1 Evacuation Pause)
[28.352s][info][gc,task     ] GC(641) Using 6 workers of 8 for evacuation
[28.355s][info][gc,phases   ] GC(641)   Pre Evacuate Collection Set: 0.3ms
[28.355s][info][gc,phases   ] GC(641)   Merge Heap Roots: 0.2ms
[28.356s][info][gc,phases   ] GC(641)   Evacuate Collection Set: 0.8ms
[28.356s][info][gc,phases   ] GC(641)   Post Evacuate Collection Set: 0.8ms
[28.356s][info][gc,phases   ] GC(641)   Other: 0.5ms
[28.357s][info][gc,heap     ] GC(641) Eden regions: 149->0(149)
[28.357s][info][gc,heap     ] GC(641) Survivor regions: 4->4(20)
[28.358s][info][gc,heap     ] GC(641) Old regions: 2->2
[28.358s][info][gc,heap     ] GC(641) Archive regions: 2->2
[28.358s][info][gc,heap     ] GC(641) Humongous regions: 0->0
[28.359s][info][gc,metaspace] GC(641) Metaspace: 615K(832K)->615K(832K) NonClass: 597K(704K)->597K(704K) Class: 17K(128K)->17K(128K)
[28.360s][info][gc          ] GC(641) Pause Young (Normal) (G1 Evacuation Pause) 155M->6M(256M) 8.006ms
[28.360s][info][gc,cpu      ] GC(641) User=0.00s Sys=0.00s Real=0.01s
[28.411s][info][gc,start    ] GC(642) Pause Young (Normal) (G1 Evacuation Pause)
[28.411s][info][gc,task     ] GC(642) Using 6 workers of 8 for evacuation
[28.417s][info][gc,phases   ] GC(642)   Pre Evacuate Collection Set: 0.4ms
[28.418s][info][gc,phases   ] GC(642)   Merge Heap Roots: 0.5ms
[28.418s][info][gc,phases   ] GC(642)   Evacuate Collection Set: 2.5ms
[28.418s][info][gc,phases   ] GC(642)   Post Evacuate Collection Set: 1.5ms
[28.419s][info][gc,phases   ] GC(642)   Other: 0.8ms
[28.419s][info][gc,heap     ] GC(642) Eden regions: 149->0(149)
[28.419s][info][gc,heap     ] GC(642) Survivor regions: 4->4(20)
[28.420s][info][gc,heap     ] GC(642) Old regions: 2->2
[28.420s][info][gc,heap     ] GC(642) Archive regions: 2->2
[28.420s][info][gc,heap     ] GC(642) Humongous regions: 0->0
[28.421s][info][gc,metaspace] GC(642) Metaspace: 615K(832K)->615K(832K) NonClass: 597K(704K)->597K(704K) Class: 17K(128K)->17K(128K)
[28.421s][info][gc          ] GC(642) Pause Young (Normal) (G1 Evacuation Pause) 155M->5M(256M) 10.247ms
[28.421s][info][gc,cpu      ] GC(642) User=0.02s Sys=0.01s Real=0.01s
[28.472s][info][gc,start    ] GC(643) Pause Young (Normal) (G1 Evacuation Pause)
[28.473s][info][gc,task     ] GC(643) Using 6 workers of 8 for evacuation
[28.480s][info][gc,phases   ] GC(643)   Pre Evacuate Collection Set: 0.6ms
[28.480s][info][gc,phases   ] GC(643)   Merge Heap Roots: 0.3ms
[28.481s][info][gc,phases   ] GC(643)   Evacuate Collection Set: 3.1ms
[28.481s][info][gc,phases   ] GC(643)   Post Evacuate Collection Set: 1.3ms
[28.481s][info][gc,phases   ] GC(643)   Other: 1.2ms
[28.482s][info][gc,heap     ] GC(643) Eden regions: 149->0(150)
[28.482s][info][gc,heap     ] GC(643) Survivor regions: 4->3(20)
[28.483s][info][gc,heap     ] GC(643) Old regions: 2->2
[28.483s][info][gc,heap     ] GC(643) Archive regions: 2->2
[28.483s][info][gc,heap     ] GC(643) Humongous regions: 0->0
[28.484s][info][gc,metaspace] GC(643) Metaspace: 615K(832K)->615K(832K) NonClass: 597K(704K)->597K(704K) Class: 17K(128K)->17K(128K)
[28.484s][info][gc          ] GC(643) Pause Young (Normal) (G1 Evacuation Pause) 154M->5M(256M) 11.940ms
[28.485s][info][gc,cpu      ] GC(643) User=0.02s Sys=0.00s Real=0.01s
[28.531s][info][gc,start    ] GC(644) Pause Young (Normal) (G1 Evacuation Pause)
[28.532s][info][gc,task     ] GC(644) Using 6 workers of 8 for evacuation
[28.535s][info][gc,phases   ] GC(644)   Pre Evacuate Collection Set: 0.3ms
[28.535s][info][gc,phases   ] GC(644)   Merge Heap Roots: 0.2ms
[28.535s][info][gc,phases   ] GC(644)   Evacuate Collection Set: 1.2ms
[28.536s][info][gc,phases   ] GC(644)   Post Evacuate Collection Set: 0.8ms
[28.536s][info][gc,phases   ] GC(644)   Other: 0.4ms
[28.536s][info][gc,heap     ] GC(644) Eden regions: 150->0(149)
[28.537s][info][gc,heap     ] GC(644) Survivor regions: 3->4(20)
[28.537s][info][gc,heap     ] GC(644) Old regions: 2->2
[28.537s][info][gc,heap     ] GC(644) Archive regions: 2->2
[28.537s][info][gc,heap     ] GC(644) Humongous regions: 0->0
[28.538s][info][gc,metaspace] GC(644) Metaspace: 615K(832K)->615K(832K) NonClass: 597K(704K)->597K(704K) Class: 17K(128K)->17K(128K)
[28.538s][info][gc          ] GC(644) Pause Young (Normal) (G1 Evacuation Pause) 155M->6M(256M) 6.841ms
[28.538s][info][gc,cpu      ] GC(644) User=0.01s Sys=0.00s Real=0.01s
[28.587s][info][gc,start    ] GC(645) Pause Young (Normal) (G1 Evacuation Pause)
[28.588s][info][gc,task     ] GC(645) Using 6 workers of 8 for evacuation
[28.592s][info][gc,phases   ] GC(645)   Pre Evacuate Collection Set: 0.2ms
[28.593s][info][gc,phases   ] GC(645)   Merge Heap Roots: 0.3ms
[28.593s][info][gc,phases   ] GC(645)   Evacuate Collection Set: 1.4ms
[28.594s][info][gc,phases   ] GC(645)   Post Evacuate Collection Set: 1.6ms
[28.594s][info][gc,phases   ] GC(645)   Other: 0.5ms
[28.595s][info][gc,heap     ] GC(645) Eden regions: 149->0(149)
[28.595s][info][gc,heap     ] GC(645) Survivor regions: 4->4(20)
[28.595s][info][gc,heap     ] GC(645) Old regions: 2->2
[28.596s][info][gc,heap     ] GC(645) Archive regions: 2->2
[28.596s][info][gc,heap     ] GC(645) Humongous regions: 0->0
[28.597s][info][gc,metaspace] GC(645) Metaspace: 615K(832K)->615K(832K) NonClass: 597K(704K)->597K(704K) Class: 17K(128K)->17K(128K)
[28.597s][info][gc          ] GC(645) Pause Young (Normal) (G1 Evacuation Pause) 155M->5M(256M) 9.579ms
[28.597s][info][gc,cpu      ] GC(645) User=0.01s Sys=0.00s Real=0.01s
[28.640s][info][gc,start    ] GC(646) Pause Young (Normal) (G1 Evacuation Pause)
[28.641s][info][gc,task     ] GC(646) Using 6 workers of 8 for evacuation
[28.646s][info][gc,phases   ] GC(646)   Pre Evacuate Collection Set: 0.6ms
[28.646s][info][gc,phases   ] GC(646)   Merge Heap Roots: 0.3ms
[28.647s][info][gc,phases   ] GC(646)   Evacuate Collection Set: 1.6ms
[28.647s][info][gc,phases   ] GC(646)   Post Evacuate Collection Set: 1.0ms
[28.647s][info][gc,phases   ] GC(646)   Other: 1.3ms
[28.648s][info][gc,heap     ] GC(646) Eden regions: 149->0(150)
[28.648s][info][gc,heap     ] GC(646) Survivor regions: 4->3(20)
[28.648s][info][gc,heap     ] GC(646) Old regions: 2->2
[28.649s][info][gc,heap     ] GC(646) Archive regions: 2->2
[28.649s][info][gc,heap     ] GC(646) Humongous regions: 0->0
[28.649s][info][gc,metaspace] GC(646) Metaspace: 615K(832K)->615K(832K) NonClass: 597K(704K)->597K(704K) Class: 17K(128K)->17K(128K)
[28.650s][info][gc          ] GC(646) Pause Young (Normal) (G1 Evacuation Pause) 154M->5M(256M) 9.817ms
[28.650s][info][gc,cpu      ] GC(646) User=0.01s Sys=0.00s Real=0.01s
[28.698s][info][gc,start    ] GC(647) Pause Young (Normal) (G1 Evacuation Pause)
[28.698s][info][gc,task     ] GC(647) Using 6 workers of 8 for evacuation
[28.701s][info][gc,phases   ] GC(647)   Pre Evacuate Collection Set: 0.3ms
[28.701s][info][gc,phases   ] GC(647)   Merge Heap Roots: 0.3ms
[28.702s][info][gc,phases   ] GC(647)   Evacuate Collection Set: 1.0ms
[28.702s][info][gc,phases   ] GC(647)   Post Evacuate Collection Set: 0.9ms
[28.702s][info][gc,phases   ] GC(647)   Other: 0.4ms
[28.703s][info][gc,heap     ] GC(647) Eden regions: 150->0(149)
[28.703s][info][gc,heap     ] GC(647) Survivor regions: 3->4(20)
[28.703s][info][gc,heap     ] GC(647) Old regions: 2->2
[28.704s][info][gc,heap     ] GC(647) Archive regions: 2->2
[28.704s][info][gc,heap     ] GC(647) Humongous regions: 0->0
[28.704s][info][gc,metaspace] GC(647) Metaspace: 615K(832K)->615K(832K) NonClass: 597K(704K)->597K(704K) Class: 17K(128K)->17K(128K)
[28.705s][info][gc          ] GC(647) Pause Young (Normal) (G1 Evacuation Pause) 155M->6M(256M) 7.007ms
[28.705s][info][gc,cpu      ] GC(647) User=0.01s Sys=0.00s Real=0.00s
[28.754s][info][gc,start    ] GC(648) Pause Young (Normal) (G1 Evacuation Pause)
[28.754s][info][gc,task     ] GC(648) Using 6 workers of 8 for evacuation
[28.758s][info][gc,phases   ] GC(648)   Pre Evacuate Collection Set: 0.2ms
[28.759s][info][gc,phases   ] GC(648)   Merge Heap Roots: 0.2ms
[28.760s][info][gc,phases   ] GC(648)   Evacuate Collection Set: 1.1ms
[28.761s][info][gc,phases   ] GC(648)   Post Evacuate Collection Set: 1.6ms
[28.761s][info][gc,phases   ] GC(648)   Other: 0.5ms
[28.762s][info][gc,heap     ] GC(648) Eden regions: 149->0(149)
[28.762s][info][gc,heap     ] GC(648) Survivor regions: 4->4(20)
[28.762s][info][gc,heap     ] GC(648) Old regions: 2->2
[28.763s][info][gc,heap     ] GC(648) Archive regions: 2->2
[28.763s][info][gc,heap     ] GC(648) Humongous regions: 0->0
[28.763s][info][gc,metaspace] GC(648) Metaspace: 615K(832K)->615K(832K) NonClass: 597K(704K)->597K(704K) Class: 17K(128K)->17K(128K)
[28.764s][info][gc          ] GC(648) Pause Young (Normal) (G1 Evacuation Pause) 155M->5M(256M) 10.005ms
[28.764s][info][gc,cpu      ] GC(648) User=0.00s Sys=0.01s Real=0.01s
[28.808s][info][gc,start    ] GC(649) Pause Young (Normal) (G1 Evacuation Pause)
[28.809s][info][gc,task     ] GC(649) Using 6 workers of 8 for evacuation
[28.815s][info][gc,phases   ] GC(649)   Pre Evacuate Collection Set: 1.4ms
[28.815s][info][gc,phases   ] GC(649)   Merge Heap Roots: 0.3ms
[28.816s][info][gc,phases   ] GC(649)   Evacuate Collection Set: 2.2ms
[28.816s][info][gc,phases   ] GC(649)   Post Evacuate Collection Set: 0.8ms
[28.816s][info][gc,phases   ] GC(649)   Other: 0.9ms
[28.817s][info][gc,heap     ] GC(649) Eden regions: 149->0(149)
[28.817s][info][gc,heap     ] GC(649) Survivor regions: 4->4(20)
[28.817s][info][gc,heap     ] GC(649) Old regions: 2->2
[28.818s][info][gc,heap     ] GC(649) Archive regions: 2->2
[28.818s][info][gc,heap     ] GC(649) Humongous regions: 0->0
[28.818s][info][gc,metaspace] GC(649) Metaspace: 615K(832K)->615K(832K) NonClass: 597K(704K)->597K(704K) Class: 17K(128K)->17K(128K)
[28.818s][info][gc          ] GC(649) Pause Young (Normal) (G1 Evacuation Pause) 154M->5M(256M) 9.918ms
[28.819s][info][gc,cpu      ] GC(649) User=0.01s Sys=0.00s Real=0.01s
[28.869s][info][gc,start    ] GC(650) Pause Young (Normal) (G1 Evacuation Pause)
[28.869s][info][gc,task     ] GC(650) Using 6 workers of 8 for evacuation
[28.872s][info][gc,phases   ] GC(650)   Pre Evacuate Collection Set: 0.2ms
[28.873s][info][gc,phases   ] GC(650)   Merge Heap Roots: 0.3ms
[28.873s][info][gc,phases   ] GC(650)   Evacuate Collection Set: 1.1ms
[28.875s][info][gc,phases   ] GC(650)   Post Evacuate Collection Set: 0.8ms
[28.876s][info][gc,phases   ] GC(650)   Other: 0.4ms
[28.877s][info][gc,heap     ] GC(650) Eden regions: 149->0(150)
[28.877s][info][gc,heap     ] GC(650) Survivor regions: 4->3(20)
[28.877s][info][gc,heap     ] GC(650) Old regions: 2->2
[28.878s][info][gc,heap     ] GC(650) Archive regions: 2->2
[28.878s][info][gc,heap     ] GC(650) Humongous regions: 0->0
[28.878s][info][gc,metaspace] GC(650) Metaspace: 615K(832K)->615K(832K) NonClass: 597K(704K)->597K(704K) Class: 17K(128K)->17K(128K)
[28.879s][info][gc          ] GC(650) Pause Young (Normal) (G1 Evacuation Pause) 154M->5M(256M) 9.881ms
[28.879s][info][gc,cpu      ] GC(650) User=0.01s Sys=0.00s Real=0.01s
[28.922s][info][gc,start    ] GC(651) Pause Young (Normal) (G1 Evacuation Pause)
[28.923s][info][gc,task     ] GC(651) Using 6 workers of 8 for evacuation
[28.928s][info][gc,phases   ] GC(651)   Pre Evacuate Collection Set: 0.7ms
[28.929s][info][gc,phases   ] GC(651)   Merge Heap Roots: 0.4ms
[28.929s][info][gc,phases   ] GC(651)   Evacuate Collection Set: 2.8ms
[28.929s][info][gc,phases   ] GC(651)   Post Evacuate Collection Set: 1.0ms
[28.930s][info][gc,phases   ] GC(651)   Other: 0.6ms
[28.930s][info][gc,heap     ] GC(651) Eden regions: 150->0(149)
[28.931s][info][gc,heap     ] GC(651) Survivor regions: 3->4(20)
[28.931s][info][gc,heap     ] GC(651) Old regions: 2->2
[28.931s][info][gc,heap     ] GC(651) Archive regions: 2->2
[28.932s][info][gc,heap     ] GC(651) Humongous regions: 0->0
[28.932s][info][gc,metaspace] GC(651) Metaspace: 615K(832K)->615K(832K) NonClass: 597K(704K)->597K(704K) Class: 17K(128K)->17K(128K)
[28.932s][info][gc          ] GC(651) Pause Young (Normal) (G1 Evacuation Pause) 155M->6M(256M) 10.516ms
[28.933s][info][gc,cpu      ] GC(651) User=0.01s Sys=0.01s Real=0.01s
[28.982s][info][gc,start    ] GC(652) Pause Young (Normal) (G1 Evacuation Pause)
[28.982s][info][gc,task     ] GC(652) Using 6 workers of 8 for evacuation
[28.985s][info][gc,phases   ] GC(652)   Pre Evacuate Collection Set: 0.2ms
[28.986s][info][gc,phases   ] GC(652)   Merge Heap Roots: 0.2ms
[28.986s][info][gc,phases   ] GC(652)   Evacuate Collection Set: 1.3ms
[28.987s][info][gc,phases   ] GC(652)   Post Evacuate Collection Set: 0.9ms
[28.987s][info][gc,phases   ] GC(652)   Other: 0.4ms
[28.987s][info][gc,heap     ] GC(652) Eden regions: 149->0(149)
[28.988s][info][gc,heap     ] GC(652) Survivor regions: 4->4(20)
[28.988s][info][gc,heap     ] GC(652) Old regions: 2->2
[28.988s][info][gc,heap     ] GC(652) Archive regions: 2->2
[28.988s][info][gc,heap     ] GC(652) Humongous regions: 0->0
[28.989s][info][gc,metaspace] GC(652) Metaspace: 615K(832K)->615K(832K) NonClass: 597K(704K)->597K(704K) Class: 17K(128K)->17K(128K)
[28.989s][info][gc          ] GC(652) Pause Young (Normal) (G1 Evacuation Pause) 155M->5M(256M) 7.234ms
[28.989s][info][gc,cpu      ] GC(652) User=0.00s Sys=0.00s Real=0.01s
[29.035s][info][gc,start    ] GC(653) Pause Young (Normal) (G1 Evacuation Pause)
[29.035s][info][gc,task     ] GC(653) Using 6 workers of 8 for evacuation
[29.038s][info][gc,phases   ] GC(653)   Pre Evacuate Collection Set: 0.2ms
[29.039s][info][gc,phases   ] GC(653)   Merge Heap Roots: 0.2ms
[29.039s][info][gc,phases   ] GC(653)   Evacuate Collection Set: 1.2ms
[29.040s][info][gc,phases   ] GC(653)   Post Evacuate Collection Set: 0.7ms
[29.040s][info][gc,phases   ] GC(653)   Other: 0.4ms
[29.041s][info][gc,heap     ] GC(653) Eden regions: 149->0(150)
[29.042s][info][gc,heap     ] GC(653) Survivor regions: 4->3(20)
[29.042s][info][gc,heap     ] GC(653) Old regions: 2->2
[29.044s][info][gc,heap     ] GC(653) Archive regions: 2->2
[29.044s][info][gc,heap     ] GC(653) Humongous regions: 0->0
[29.045s][info][gc,metaspace] GC(653) Metaspace: 615K(832K)->615K(832K) NonClass: 597K(704K)->597K(704K) Class: 17K(128K)->17K(128K)
[29.045s][info][gc          ] GC(653) Pause Young (Normal) (G1 Evacuation Pause) 154M->5M(256M) 10.255ms
[29.046s][info][gc,cpu      ] GC(653) User=0.00s Sys=0.01s Real=0.01s
[29.089s][info][gc,start    ] GC(654) Pause Young (Normal) (G1 Evacuation Pause)
[29.090s][info][gc,task     ] GC(654) Using 6 workers of 8 for evacuation
[29.095s][info][gc,phases   ] GC(654)   Pre Evacuate Collection Set: 0.4ms
[29.096s][info][gc,phases   ] GC(654)   Merge Heap Roots: 0.4ms
[29.096s][info][gc,phases   ] GC(654)   Evacuate Collection Set: 2.5ms
[29.097s][info][gc,phases   ] GC(654)   Post Evacuate Collection Set: 0.8ms
[29.097s][info][gc,phases   ] GC(654)   Other: 1.0ms
[29.098s][info][gc,heap     ] GC(654) Eden regions: 150->0(149)
[29.098s][info][gc,heap     ] GC(654) Survivor regions: 3->4(20)
[29.099s][info][gc,heap     ] GC(654) Old regions: 2->2
[29.099s][info][gc,heap     ] GC(654) Archive regions: 2->2
[29.099s][info][gc,heap     ] GC(654) Humongous regions: 0->0
[29.100s][info][gc,metaspace] GC(654) Metaspace: 615K(832K)->615K(832K) NonClass: 597K(704K)->597K(704K) Class: 17K(128K)->17K(128K)
[29.100s][info][gc          ] GC(654) Pause Young (Normal) (G1 Evacuation Pause) 155M->6M(256M) 10.578ms
[29.100s][info][gc,cpu      ] GC(654) User=0.01s Sys=0.00s Real=0.01s
[29.148s][info][gc,start    ] GC(655) Pause Young (Normal) (G1 Evacuation Pause)
[29.149s][info][gc,task     ] GC(655) Using 6 workers of 8 for evacuation
[29.152s][info][gc,phases   ] GC(655)   Pre Evacuate Collection Set: 0.4ms
[29.153s][info][gc,phases   ] GC(655)   Merge Heap Roots: 0.2ms
[29.153s][info][gc,phases   ] GC(655)   Evacuate Collection Set: 1.3ms
[29.153s][info][gc,phases   ] GC(655)   Post Evacuate Collection Set: 0.9ms
[29.154s][info][gc,phases   ] GC(655)   Other: 0.5ms
[29.154s][info][gc,heap     ] GC(655) Eden regions: 149->0(149)
[29.154s][info][gc,heap     ] GC(655) Survivor regions: 4->4(20)
[29.155s][info][gc,heap     ] GC(655) Old regions: 2->2
[29.155s][info][gc,heap     ] GC(655) Archive regions: 2->2
[29.155s][info][gc,heap     ] GC(655) Humongous regions: 0->0
[29.156s][info][gc,metaspace] GC(655) Metaspace: 615K(832K)->615K(832K) NonClass: 597K(704K)->597K(704K) Class: 17K(128K)->17K(128K)
[29.156s][info][gc          ] GC(655) Pause Young (Normal) (G1 Evacuation Pause) 155M->5M(256M) 7.963ms
[29.157s][info][gc,cpu      ] GC(655) User=0.00s Sys=0.00s Real=0.01s
[29.208s][info][gc,start    ] GC(656) Pause Young (Normal) (G1 Evacuation Pause)
[29.210s][info][gc,task     ] GC(656) Using 6 workers of 8 for evacuation
[29.214s][info][gc,phases   ] GC(656)   Pre Evacuate Collection Set: 0.2ms
[29.215s][info][gc,phases   ] GC(656)   Merge Heap Roots: 0.2ms
[29.215s][info][gc,phases   ] GC(656)   Evacuate Collection Set: 2.2ms
[29.216s][info][gc,phases   ] GC(656)   Post Evacuate Collection Set: 1.4ms
[29.216s][info][gc,phases   ] GC(656)   Other: 0.9ms
[29.216s][info][gc,heap     ] GC(656) Eden regions: 149->0(150)
[29.217s][info][gc,heap     ] GC(656) Survivor regions: 4->3(20)
[29.217s][info][gc,heap     ] GC(656) Old regions: 2->2
[29.217s][info][gc,heap     ] GC(656) Archive regions: 2->2
[29.218s][info][gc,heap     ] GC(656) Humongous regions: 0->0
[29.218s][info][gc,metaspace] GC(656) Metaspace: 615K(832K)->615K(832K) NonClass: 597K(704K)->597K(704K) Class: 17K(128K)->17K(128K)
[29.219s][info][gc          ] GC(656) Pause Young (Normal) (G1 Evacuation Pause) 154M->5M(256M) 10.177ms
[29.219s][info][gc,cpu      ] GC(656) User=0.01s Sys=0.00s Real=0.01s
[29.269s][info][gc,start    ] GC(657) Pause Young (Normal) (G1 Evacuation Pause)
[29.269s][info][gc,task     ] GC(657) Using 6 workers of 8 for evacuation
[29.272s][info][gc,phases   ] GC(657)   Pre Evacuate Collection Set: 0.3ms
[29.272s][info][gc,phases   ] GC(657)   Merge Heap Roots: 0.2ms
[29.273s][info][gc,phases   ] GC(657)   Evacuate Collection Set: 1.2ms
[29.274s][info][gc,phases   ] GC(657)   Post Evacuate Collection Set: 0.7ms
[29.274s][info][gc,phases   ] GC(657)   Other: 0.4ms
[29.275s][info][gc,heap     ] GC(657) Eden regions: 150->0(149)
[29.276s][info][gc,heap     ] GC(657) Survivor regions: 3->4(20)
[29.277s][info][gc,heap     ] GC(657) Old regions: 2->2
[29.278s][info][gc,heap     ] GC(657) Archive regions: 2->2
[29.278s][info][gc,heap     ] GC(657) Humongous regions: 0->0
[29.278s][info][gc,metaspace] GC(657) Metaspace: 615K(832K)->615K(832K) NonClass: 597K(704K)->597K(704K) Class: 17K(128K)->17K(128K)
[29.279s][info][gc          ] GC(657) Pause Young (Normal) (G1 Evacuation Pause) 155M->6M(256M) 10.118ms
[29.279s][info][gc,cpu      ] GC(657) User=0.01s Sys=0.00s Real=0.01s
[29.332s][info][gc,start    ] GC(658) Pause Young (Normal) (G1 Evacuation Pause)
[29.333s][info][gc,task     ] GC(658) Using 6 workers of 8 for evacuation
[29.336s][info][gc,phases   ] GC(658)   Pre Evacuate Collection Set: 0.2ms
[29.336s][info][gc,phases   ] GC(658)   Merge Heap Roots: 0.2ms
[29.336s][info][gc,phases   ] GC(658)   Evacuate Collection Set: 1.2ms
[29.337s][info][gc,phases   ] GC(658)   Post Evacuate Collection Set: 0.9ms
[29.337s][info][gc,phases   ] GC(658)   Other: 0.5ms
[29.338s][info][gc,heap     ] GC(658) Eden regions: 149->0(149)
[29.338s][info][gc,heap     ] GC(658) Survivor regions: 4->4(20)
[29.338s][info][gc,heap     ] GC(658) Old regions: 2->2
[29.339s][info][gc,heap     ] GC(658) Archive regions: 2->2
[29.339s][info][gc,heap     ] GC(658) Humongous regions: 0->0
[29.340s][info][gc,metaspace] GC(658) Metaspace: 615K(832K)->615K(832K) NonClass: 597K(704K)->597K(704K) Class: 17K(128K)->17K(128K)
[29.341s][info][gc          ] GC(658) Pause Young (Normal) (G1 Evacuation Pause) 155M->6M(256M) 8.384ms
[29.342s][info][gc,cpu      ] GC(658) User=0.01s Sys=0.00s Real=0.01s
[29.392s][info][gc,start    ] GC(659) Pause Young (Normal) (G1 Evacuation Pause)
[29.394s][info][gc,task     ] GC(659) Using 6 workers of 8 for evacuation
[29.398s][info][gc,phases   ] GC(659)   Pre Evacuate Collection Set: 0.6ms
[29.398s][info][gc,phases   ] GC(659)   Merge Heap Roots: 0.2ms
[29.399s][info][gc,phases   ] GC(659)   Evacuate Collection Set: 1.2ms
[29.399s][info][gc,phases   ] GC(659)   Post Evacuate Collection Set: 0.9ms
[29.400s][info][gc,phases   ] GC(659)   Other: 1.0ms
[29.400s][info][gc,heap     ] GC(659) Eden regions: 149->0(149)
[29.400s][info][gc,heap     ] GC(659) Survivor regions: 4->4(20)
[29.401s][info][gc,heap     ] GC(659) Old regions: 2->2
[29.401s][info][gc,heap     ] GC(659) Archive regions: 2->2
[29.402s][info][gc,heap     ] GC(659) Humongous regions: 0->0
[29.402s][info][gc,metaspace] GC(659) Metaspace: 615K(832K)->615K(832K) NonClass: 597K(704K)->597K(704K) Class: 17K(128K)->17K(128K)
[29.402s][info][gc          ] GC(659) Pause Young (Normal) (G1 Evacuation Pause) 155M->5M(256M) 10.503ms
[29.403s][info][gc,cpu      ] GC(659) User=0.00s Sys=0.01s Real=0.01s
[29.461s][info][gc,start    ] GC(660) Pause Young (Normal) (G1 Evacuation Pause)
[29.462s][info][gc,task     ] GC(660) Using 6 workers of 8 for evacuation
[29.465s][info][gc,phases   ] GC(660)   Pre Evacuate Collection Set: 0.3ms
[29.466s][info][gc,phases   ] GC(660)   Merge Heap Roots: 0.3ms
[29.466s][info][gc,phases   ] GC(660)   Evacuate Collection Set: 1.6ms
[29.466s][info][gc,phases   ] GC(660)   Post Evacuate Collection Set: 0.9ms
[29.467s][info][gc,phases   ] GC(660)   Other: 0.6ms
[29.467s][info][gc,heap     ] GC(660) Eden regions: 149->0(150)
[29.468s][info][gc,heap     ] GC(660) Survivor regions: 4->3(20)
[29.468s][info][gc,heap     ] GC(660) Old regions: 2->2
[29.468s][info][gc,heap     ] GC(660) Archive regions: 2->2
[29.469s][info][gc,heap     ] GC(660) Humongous regions: 0->0
[29.470s][info][gc,metaspace] GC(660) Metaspace: 615K(832K)->615K(832K) NonClass: 597K(704K)->597K(704K) Class: 17K(128K)->17K(128K)
[29.470s][info][gc          ] GC(660) Pause Young (Normal) (G1 Evacuation Pause) 154M->5M(256M) 8.843ms
[29.470s][info][gc,cpu      ] GC(660) User=0.00s Sys=0.01s Real=0.01s
[29.519s][info][gc,start    ] GC(661) Pause Young (Normal) (G1 Evacuation Pause)
[29.519s][info][gc,task     ] GC(661) Using 6 workers of 8 for evacuation
[29.523s][info][gc,phases   ] GC(661)   Pre Evacuate Collection Set: 0.2ms
[29.523s][info][gc,phases   ] GC(661)   Merge Heap Roots: 0.3ms
[29.524s][info][gc,phases   ] GC(661)   Evacuate Collection Set: 1.4ms
[29.525s][info][gc,phases   ] GC(661)   Post Evacuate Collection Set: 0.9ms
[29.526s][info][gc,phases   ] GC(661)   Other: 0.4ms
[29.527s][info][gc,heap     ] GC(661) Eden regions: 150->0(149)
[29.527s][info][gc,heap     ] GC(661) Survivor regions: 3->4(20)
[29.528s][info][gc,heap     ] GC(661) Old regions: 2->2
[29.528s][info][gc,heap     ] GC(661) Archive regions: 2->2
[29.529s][info][gc,heap     ] GC(661) Humongous regions: 0->0
[29.530s][info][gc,metaspace] GC(661) Metaspace: 615K(832K)->615K(832K) NonClass: 597K(704K)->597K(704K) Class: 17K(128K)->17K(128K)
[29.530s][info][gc          ] GC(661) Pause Young (Normal) (G1 Evacuation Pause) 155M->6M(256M) 11.413ms
[29.531s][info][gc,cpu      ] GC(661) User=0.01s Sys=0.01s Real=0.01s
[29.578s][info][gc,start    ] GC(662) Pause Young (Normal) (G1 Evacuation Pause)
[29.579s][info][gc,task     ] GC(662) Using 6 workers of 8 for evacuation
[29.583s][info][gc,phases   ] GC(662)   Pre Evacuate Collection Set: 0.3ms
[29.583s][info][gc,phases   ] GC(662)   Merge Heap Roots: 0.3ms
[29.583s][info][gc,phases   ] GC(662)   Evacuate Collection Set: 1.7ms
[29.584s][info][gc,phases   ] GC(662)   Post Evacuate Collection Set: 0.8ms
[29.584s][info][gc,phases   ] GC(662)   Other: 0.5ms
[29.585s][info][gc,heap     ] GC(662) Eden regions: 149->0(149)
[29.585s][info][gc,heap     ] GC(662) Survivor regions: 4->4(20)
[29.585s][info][gc,heap     ] GC(662) Old regions: 2->2
[29.586s][info][gc,heap     ] GC(662) Archive regions: 2->2
[29.586s][info][gc,heap     ] GC(662) Humongous regions: 0->0
[29.586s][info][gc,metaspace] GC(662) Metaspace: 615K(832K)->615K(832K) NonClass: 597K(704K)->597K(704K) Class: 17K(128K)->17K(128K)
[29.587s][info][gc          ] GC(662) Pause Young (Normal) (G1 Evacuation Pause) 155M->5M(256M) 8.677ms
[29.587s][info][gc,cpu      ] GC(662) User=0.01s Sys=0.00s Real=0.01s
[29.636s][info][gc,start    ] GC(663) Pause Young (Normal) (G1 Evacuation Pause)
[29.636s][info][gc,task     ] GC(663) Using 6 workers of 8 for evacuation
[29.639s][info][gc,phases   ] GC(663)   Pre Evacuate Collection Set: 0.3ms
[29.640s][info][gc,phases   ] GC(663)   Merge Heap Roots: 0.2ms
[29.640s][info][gc,phases   ] GC(663)   Evacuate Collection Set: 1.2ms
[29.641s][info][gc,phases   ] GC(663)   Post Evacuate Collection Set: 0.9ms
[29.642s][info][gc,phases   ] GC(663)   Other: 0.4ms
[29.644s][info][gc,heap     ] GC(663) Eden regions: 149->0(149)
[29.644s][info][gc,heap     ] GC(663) Survivor regions: 4->4(20)
[29.645s][info][gc,heap     ] GC(663) Old regions: 2->2
[29.645s][info][gc,heap     ] GC(663) Archive regions: 2->2
[29.645s][info][gc,heap     ] GC(663) Humongous regions: 0->0
[29.646s][info][gc,metaspace] GC(663) Metaspace: 615K(832K)->615K(832K) NonClass: 597K(704K)->597K(704K) Class: 17K(128K)->17K(128K)
[29.646s][info][gc          ] GC(663) Pause Young (Normal) (G1 Evacuation Pause) 154M->5M(256M) 10.561ms
[29.647s][info][gc,cpu      ] GC(663) User=0.00s Sys=0.01s Real=0.02s
[29.702s][info][gc,start    ] GC(664) Pause Young (Normal) (G1 Evacuation Pause)
[29.703s][info][gc,task     ] GC(664) Using 6 workers of 8 for evacuation
[29.708s][info][gc,phases   ] GC(664)   Pre Evacuate Collection Set: 0.3ms
[29.711s][info][gc,phases   ] GC(664)   Merge Heap Roots: 0.3ms
[29.712s][info][gc,phases   ] GC(664)   Evacuate Collection Set: 1.9ms
[29.712s][info][gc,phases   ] GC(664)   Post Evacuate Collection Set: 1.8ms
[29.713s][info][gc,phases   ] GC(664)   Other: 1.2ms
[29.714s][info][gc,heap     ] GC(664) Eden regions: 149->0(150)
[29.714s][info][gc,heap     ] GC(664) Survivor regions: 4->3(20)
[29.715s][info][gc,heap     ] GC(664) Old regions: 2->2
[29.715s][info][gc,heap     ] GC(664) Archive regions: 2->2
[29.716s][info][gc,heap     ] GC(664) Humongous regions: 0->0
[29.716s][info][gc,metaspace] GC(664) Metaspace: 615K(832K)->615K(832K) NonClass: 597K(704K)->597K(704K) Class: 17K(128K)->17K(128K)
[29.716s][info][gc          ] GC(664) Pause Young (Normal) (G1 Evacuation Pause) 154M->5M(256M) 14.323ms
[29.717s][info][gc,cpu      ] GC(664) User=0.00s Sys=0.01s Real=0.02s
[29.769s][info][gc,start    ] GC(665) Pause Young (Normal) (G1 Evacuation Pause)
[29.769s][info][gc,task     ] GC(665) Using 6 workers of 8 for evacuation
[29.774s][info][gc,phases   ] GC(665)   Pre Evacuate Collection Set: 0.4ms
[29.775s][info][gc,phases   ] GC(665)   Merge Heap Roots: 0.3ms
[29.778s][info][gc,phases   ] GC(665)   Evacuate Collection Set: 1.9ms
[29.778s][info][gc,phases   ] GC(665)   Post Evacuate Collection Set: 1.5ms
[29.779s][info][gc,phases   ] GC(665)   Other: 0.7ms
[29.779s][info][gc,heap     ] GC(665) Eden regions: 150->0(149)
[29.780s][info][gc,heap     ] GC(665) Survivor regions: 3->4(20)
[29.780s][info][gc,heap     ] GC(665) Old regions: 2->2
[29.781s][info][gc,heap     ] GC(665) Archive regions: 2->2
[29.781s][info][gc,heap     ] GC(665) Humongous regions: 0->0
[29.782s][info][gc,metaspace] GC(665) Metaspace: 615K(832K)->615K(832K) NonClass: 597K(704K)->597K(704K) Class: 17K(128K)->17K(128K)
[29.782s][info][gc          ] GC(665) Pause Young (Normal) (G1 Evacuation Pause) 155M->6M(256M) 13.301ms
[29.782s][info][gc,cpu      ] GC(665) User=0.01s Sys=0.00s Real=0.01s
[29.831s][info][gc,start    ] GC(666) Pause Young (Normal) (G1 Evacuation Pause)
[29.832s][info][gc,task     ] GC(666) Using 6 workers of 8 for evacuation
[29.835s][info][gc,phases   ] GC(666)   Pre Evacuate Collection Set: 0.2ms
[29.835s][info][gc,phases   ] GC(666)   Merge Heap Roots: 0.2ms
[29.835s][info][gc,phases   ] GC(666)   Evacuate Collection Set: 1.1ms
[29.836s][info][gc,phases   ] GC(666)   Post Evacuate Collection Set: 0.8ms
[29.836s][info][gc,phases   ] GC(666)   Other: 0.4ms
[29.836s][info][gc,heap     ] GC(666) Eden regions: 149->0(149)
[29.837s][info][gc,heap     ] GC(666) Survivor regions: 4->4(20)
[29.837s][info][gc,heap     ] GC(666) Old regions: 2->2
[29.837s][info][gc,heap     ] GC(666) Archive regions: 2->2
[29.838s][info][gc,heap     ] GC(666) Humongous regions: 0->0
[29.838s][info][gc,metaspace] GC(666) Metaspace: 615K(832K)->615K(832K) NonClass: 597K(704K)->597K(704K) Class: 17K(128K)->17K(128K)
[29.838s][info][gc          ] GC(666) Pause Young (Normal) (G1 Evacuation Pause) 155M->5M(256M) 7.123ms
[29.839s][info][gc,cpu      ] GC(666) User=0.01s Sys=0.00s Real=0.01s
[29.902s][info][gc,start    ] GC(667) Pause Young (Normal) (G1 Evacuation Pause)
[29.920s][info][gc,task     ] GC(667) Using 6 workers of 8 for evacuation
[29.923s][info][gc,phases   ] GC(667)   Pre Evacuate Collection Set: 0.2ms
[29.924s][info][gc,phases   ] GC(667)   Merge Heap Roots: 0.3ms
[29.925s][info][gc,phases   ] GC(667)   Evacuate Collection Set: 1.5ms
[29.925s][info][gc,phases   ] GC(667)   Post Evacuate Collection Set: 0.9ms
[29.926s][info][gc,phases   ] GC(667)   Other: 0.6ms
[29.926s][info][gc,heap     ] GC(667) Eden regions: 149->0(150)
[29.927s][info][gc,heap     ] GC(667) Survivor regions: 4->3(20)
[29.927s][info][gc,heap     ] GC(667) Old regions: 2->2
[29.928s][info][gc,heap     ] GC(667) Archive regions: 2->2
[29.928s][info][gc,heap     ] GC(667) Humongous regions: 0->0
[29.928s][info][gc,metaspace] GC(667) Metaspace: 615K(832K)->615K(832K) NonClass: 597K(704K)->597K(704K) Class: 17K(128K)->17K(128K)
[29.929s][info][gc          ] GC(667) Pause Young (Normal) (G1 Evacuation Pause) 154M->5M(256M) 26.671ms
[29.929s][info][gc,cpu      ] GC(667) User=0.00s Sys=0.00s Real=0.03s
[29.982s][info][gc,start    ] GC(668) Pause Young (Normal) (G1 Evacuation Pause)
[29.982s][info][gc,task     ] GC(668) Using 6 workers of 8 for evacuation
[29.985s][info][gc,phases   ] GC(668)   Pre Evacuate Collection Set: 0.2ms
[29.985s][info][gc,phases   ] GC(668)   Merge Heap Roots: 0.2ms
[29.986s][info][gc,phases   ] GC(668)   Evacuate Collection Set: 1.1ms
[29.986s][info][gc,phases   ] GC(668)   Post Evacuate Collection Set: 0.9ms
[29.986s][info][gc,phases   ] GC(668)   Other: 0.4ms
[29.987s][info][gc,heap     ] GC(668) Eden regions: 150->0(149)
[29.987s][info][gc,heap     ] GC(668) Survivor regions: 3->4(20)
[29.987s][info][gc,heap     ] GC(668) Old regions: 2->2
[29.988s][info][gc,heap     ] GC(668) Archive regions: 2->2
[29.988s][info][gc,heap     ] GC(668) Humongous regions: 0->0
[29.988s][info][gc,metaspace] GC(668) Metaspace: 615K(832K)->615K(832K) NonClass: 597K(704K)->597K(704K) Class: 17K(128K)->17K(128K)
[29.989s][info][gc          ] GC(668) Pause Young (Normal) (G1 Evacuation Pause) 155M->6M(256M) 7.359ms
[29.989s][info][gc,cpu      ] GC(668) User=0.00s Sys=0.00s Real=0.01s
[30.037s][info][gc,start    ] GC(669) Pause Young (Normal) (G1 Evacuation Pause)
[30.038s][info][gc,task     ] GC(669) Using 6 workers of 8 for evacuation
[30.043s][info][gc,phases   ] GC(669)   Pre Evacuate Collection Set: 0.4ms
[30.044s][info][gc,phases   ] GC(669)   Merge Heap Roots: 1.0ms
[30.044s][info][gc,phases   ] GC(669)   Evacuate Collection Set: 1.8ms
[30.045s][info][gc,phases   ] GC(669)   Post Evacuate Collection Set: 1.3ms
[30.045s][info][gc,phases   ] GC(669)   Other: 0.4ms
[30.046s][info][gc,heap     ] GC(669) Eden regions: 149->0(149)
[30.046s][info][gc,heap     ] GC(669) Survivor regions: 4->4(20)
[30.047s][info][gc,heap     ] GC(669) Old regions: 2->2
[30.047s][info][gc,heap     ] GC(669) Archive regions: 2->2
[30.048s][info][gc,heap     ] GC(669) Humongous regions: 0->0
[30.048s][info][gc,metaspace] GC(669) Metaspace: 615K(832K)->615K(832K) NonClass: 597K(704K)->597K(704K) Class: 17K(128K)->17K(128K)
[30.048s][info][gc          ] GC(669) Pause Young (Normal) (G1 Evacuation Pause) 155M->5M(256M) 11.093ms
[30.049s][info][gc,cpu      ] GC(669) User=0.01s Sys=0.00s Real=0.01s
[30.088s][info][gc,start    ] GC(670) Pause Young (Normal) (G1 Evacuation Pause)
[30.089s][info][gc,task     ] GC(670) Using 6 workers of 8 for evacuation
[30.092s][info][gc,phases   ] GC(670)   Pre Evacuate Collection Set: 0.3ms
[30.093s][info][gc,phases   ] GC(670)   Merge Heap Roots: 0.3ms
[30.094s][info][gc,phases   ] GC(670)   Evacuate Collection Set: 1.1ms
[30.096s][info][gc,phases   ] GC(670)   Post Evacuate Collection Set: 1.0ms
[30.096s][info][gc,phases   ] GC(670)   Other: 0.6ms
[30.097s][info][gc,heap     ] GC(670) Eden regions: 149->0(149)
[30.097s][info][gc,heap     ] GC(670) Survivor regions: 4->4(20)
[30.098s][info][gc,heap     ] GC(670) Old regions: 2->2
[30.098s][info][gc,heap     ] GC(670) Archive regions: 2->2
[30.098s][info][gc,heap     ] GC(670) Humongous regions: 0->0
[30.099s][info][gc,metaspace] GC(670) Metaspace: 615K(832K)->615K(832K) NonClass: 597K(704K)->597K(704K) Class: 17K(128K)->17K(128K)
[30.099s][info][gc          ] GC(670) Pause Young (Normal) (G1 Evacuation Pause) 154M->5M(256M) 10.611ms
[30.099s][info][gc,cpu      ] GC(670) User=0.01s Sys=0.00s Real=0.01s
[30.140s][info][gc,start    ] GC(671) Pause Young (Normal) (G1 Evacuation Pause)
[30.141s][info][gc,task     ] GC(671) Using 6 workers of 8 for evacuation
[30.146s][info][gc,phases   ] GC(671)   Pre Evacuate Collection Set: 0.3ms
[30.147s][info][gc,phases   ] GC(671)   Merge Heap Roots: 0.3ms
[30.147s][info][gc,phases   ] GC(671)   Evacuate Collection Set: 2.6ms
[30.148s][info][gc,phases   ] GC(671)   Post Evacuate Collection Set: 1.5ms
[30.148s][info][gc,phases   ] GC(671)   Other: 0.6ms
[30.148s][info][gc,heap     ] GC(671) Eden regions: 149->0(150)
[30.149s][info][gc,heap     ] GC(671) Survivor regions: 4->3(20)
[30.149s][info][gc,heap     ] GC(671) Old regions: 2->2
[30.149s][info][gc,heap     ] GC(671) Archive regions: 2->2
[30.150s][info][gc,heap     ] GC(671) Humongous regions: 0->0
[30.150s][info][gc,metaspace] GC(671) Metaspace: 615K(832K)->615K(832K) NonClass: 597K(704K)->597K(704K) Class: 17K(128K)->17K(128K)
[30.150s][info][gc          ] GC(671) Pause Young (Normal) (G1 Evacuation Pause) 154M->5M(256M) 10.235ms
[30.151s][info][gc,cpu      ] GC(671) User=0.01s Sys=0.00s Real=0.01s
[30.197s][info][gc,start    ] GC(672) Pause Young (Normal) (G1 Evacuation Pause)
[30.198s][info][gc,task     ] GC(672) Using 6 workers of 8 for evacuation
[30.203s][info][gc,phases   ] GC(672)   Pre Evacuate Collection Set: 0.5ms
[30.204s][info][gc,phases   ] GC(672)   Merge Heap Roots: 0.3ms
[30.205s][info][gc,phases   ] GC(672)   Evacuate Collection Set: 2.9ms
[30.205s][info][gc,phases   ] GC(672)   Post Evacuate Collection Set: 1.5ms
[30.205s][info][gc,phases   ] GC(672)   Other: 0.7ms
[30.206s][info][gc,heap     ] GC(672) Eden regions: 150->0(149)
[30.206s][info][gc,heap     ] GC(672) Survivor regions: 3->4(20)
[30.206s][info][gc,heap     ] GC(672) Old regions: 2->2
[30.207s][info][gc,heap     ] GC(672) Archive regions: 2->2
[30.207s][info][gc,heap     ] GC(672) Humongous regions: 0->0
[30.208s][info][gc,metaspace] GC(672) Metaspace: 615K(832K)->615K(832K) NonClass: 597K(704K)->597K(704K) Class: 17K(128K)->17K(128K)
[30.208s][info][gc          ] GC(672) Pause Young (Normal) (G1 Evacuation Pause) 155M->6M(256M) 11.321ms
[30.209s][info][gc,cpu      ] GC(672) User=0.01s Sys=0.00s Real=0.01s
[30.257s][info][gc,start    ] GC(673) Pause Young (Normal) (G1 Evacuation Pause)
[30.258s][info][gc,task     ] GC(673) Using 6 workers of 8 for evacuation
[30.263s][info][gc,phases   ] GC(673)   Pre Evacuate Collection Set: 0.3ms
[30.264s][info][gc,phases   ] GC(673)   Merge Heap Roots: 0.4ms
[30.265s][info][gc,phases   ] GC(673)   Evacuate Collection Set: 2.1ms
[30.266s][info][gc,phases   ] GC(673)   Post Evacuate Collection Set: 1.7ms
[30.266s][info][gc,phases   ] GC(673)   Other: 0.7ms
[30.266s][info][gc,heap     ] GC(673) Eden regions: 149->0(149)
[30.267s][info][gc,heap     ] GC(673) Survivor regions: 4->4(20)
[30.267s][info][gc,heap     ] GC(673) Old regions: 2->2
[30.267s][info][gc,heap     ] GC(673) Archive regions: 2->2
[30.268s][info][gc,heap     ] GC(673) Humongous regions: 0->0
[30.268s][info][gc,metaspace] GC(673) Metaspace: 615K(832K)->615K(832K) NonClass: 597K(704K)->597K(704K) Class: 17K(128K)->17K(128K)
[30.268s][info][gc          ] GC(673) Pause Young (Normal) (G1 Evacuation Pause) 155M->5M(256M) 11.063ms
[30.269s][info][gc,cpu      ] GC(673) User=0.01s Sys=0.00s Real=0.01s
[30.331s][info][gc,start    ] GC(674) Pause Young (Normal) (G1 Evacuation Pause)
[30.332s][info][gc,task     ] GC(674) Using 6 workers of 8 for evacuation
[30.335s][info][gc,phases   ] GC(674)   Pre Evacuate Collection Set: 0.3ms
[30.335s][info][gc,phases   ] GC(674)   Merge Heap Roots: 0.2ms
[30.335s][info][gc,phases   ] GC(674)   Evacuate Collection Set: 0.9ms
[30.336s][info][gc,phases   ] GC(674)   Post Evacuate Collection Set: 0.9ms
[30.336s][info][gc,phases   ] GC(674)   Other: 0.4ms
[30.336s][info][gc,heap     ] GC(674) Eden regions: 149->0(150)
[30.337s][info][gc,heap     ] GC(674) Survivor regions: 4->3(20)
[30.337s][info][gc,heap     ] GC(674) Old regions: 2->2
[30.338s][info][gc,heap     ] GC(674) Archive regions: 2->2
[30.338s][info][gc,heap     ] GC(674) Humongous regions: 0->0
[30.338s][info][gc,metaspace] GC(674) Metaspace: 615K(832K)->615K(832K) NonClass: 597K(704K)->597K(704K) Class: 17K(128K)->17K(128K)
[30.339s][info][gc          ] GC(674) Pause Young (Normal) (G1 Evacuation Pause) 154M->5M(256M) 7.337ms
[30.339s][info][gc,cpu      ] GC(674) User=0.01s Sys=0.01s Real=0.01s
[30.392s][info][gc,start    ] GC(675) Pause Young (Normal) (G1 Evacuation Pause)
[30.392s][info][gc,task     ] GC(675) Using 6 workers of 8 for evacuation
[30.398s][info][gc,phases   ] GC(675)   Pre Evacuate Collection Set: 0.4ms
[30.398s][info][gc,phases   ] GC(675)   Merge Heap Roots: 0.3ms
[30.399s][info][gc,phases   ] GC(675)   Evacuate Collection Set: 1.7ms
[30.399s][info][gc,phases   ] GC(675)   Post Evacuate Collection Set: 0.9ms
[30.399s][info][gc,phases   ] GC(675)   Other: 2.6ms
[30.400s][info][gc,heap     ] GC(675) Eden regions: 150->0(149)
[30.400s][info][gc,heap     ] GC(675) Survivor regions: 3->4(20)
[30.400s][info][gc,heap     ] GC(675) Old regions: 2->2
[30.401s][info][gc,heap     ] GC(675) Archive regions: 2->2
[30.401s][info][gc,heap     ] GC(675) Humongous regions: 0->0
[30.401s][info][gc,metaspace] GC(675) Metaspace: 615K(832K)->615K(832K) NonClass: 597K(704K)->597K(704K) Class: 17K(128K)->17K(128K)
[30.402s][info][gc          ] GC(675) Pause Young (Normal) (G1 Evacuation Pause) 155M->6M(256M) 10.005ms
[30.402s][info][gc,cpu      ] GC(675) User=0.00s Sys=0.00s Real=0.01s
[30.459s][info][gc,start    ] GC(676) Pause Young (Normal) (G1 Evacuation Pause)
[30.460s][info][gc,task     ] GC(676) Using 6 workers of 8 for evacuation
[30.469s][info][gc,phases   ] GC(676)   Pre Evacuate Collection Set: 0.4ms
[30.470s][info][gc,phases   ] GC(676)   Merge Heap Roots: 0.3ms
[30.470s][info][gc,phases   ] GC(676)   Evacuate Collection Set: 5.0ms
[30.471s][info][gc,phases   ] GC(676)   Post Evacuate Collection Set: 2.5ms
[30.471s][info][gc,phases   ] GC(676)   Other: 0.6ms
[30.472s][info][gc,heap     ] GC(676) Eden regions: 149->0(149)
[30.473s][info][gc,heap     ] GC(676) Survivor regions: 4->4(20)
[30.474s][info][gc,heap     ] GC(676) Old regions: 2->2
[30.475s][info][gc,heap     ] GC(676) Archive regions: 2->2
[30.477s][info][gc,heap     ] GC(676) Humongous regions: 0->0
[30.477s][info][gc,metaspace] GC(676) Metaspace: 615K(832K)->615K(832K) NonClass: 597K(704K)->597K(704K) Class: 17K(128K)->17K(128K)
[30.478s][info][gc          ] GC(676) Pause Young (Normal) (G1 Evacuation Pause) 155M->5M(256M) 19.648ms
[30.479s][info][gc,cpu      ] GC(676) User=0.01s Sys=0.00s Real=0.02s
[30.532s][info][gc,start    ] GC(677) Pause Young (Normal) (G1 Evacuation Pause)
[30.532s][info][gc,task     ] GC(677) Using 6 workers of 8 for evacuation
[30.536s][info][gc,phases   ] GC(677)   Pre Evacuate Collection Set: 0.3ms
[30.536s][info][gc,phases   ] GC(677)   Merge Heap Roots: 0.2ms
[30.536s][info][gc,phases   ] GC(677)   Evacuate Collection Set: 1.2ms
[30.537s][info][gc,phases   ] GC(677)   Post Evacuate Collection Set: 1.0ms
[30.538s][info][gc,phases   ] GC(677)   Other: 0.5ms
[30.538s][info][gc,heap     ] GC(677) Eden regions: 149->0(150)
[30.539s][info][gc,heap     ] GC(677) Survivor regions: 4->3(20)
[30.540s][info][gc,heap     ] GC(677) Old regions: 2->2
[30.540s][info][gc,heap     ] GC(677) Archive regions: 2->2
[30.540s][info][gc,heap     ] GC(677) Humongous regions: 0->0
[30.542s][info][gc,metaspace] GC(677) Metaspace: 615K(832K)->615K(832K) NonClass: 597K(704K)->597K(704K) Class: 17K(128K)->17K(128K)
[30.542s][info][gc          ] GC(677) Pause Young (Normal) (G1 Evacuation Pause) 154M->5M(256M) 10.754ms
[30.544s][info][gc,cpu      ] GC(677) User=0.01s Sys=0.00s Real=0.01s
[30.602s][info][gc,start    ] GC(678) Pause Young (Normal) (G1 Evacuation Pause)
[30.603s][info][gc,task     ] GC(678) Using 6 workers of 8 for evacuation
[30.607s][info][gc,phases   ] GC(678)   Pre Evacuate Collection Set: 0.3ms
[30.608s][info][gc,phases   ] GC(678)   Merge Heap Roots: 0.3ms
[30.608s][info][gc,phases   ] GC(678)   Evacuate Collection Set: 1.9ms
[30.609s][info][gc,phases   ] GC(678)   Post Evacuate Collection Set: 1.3ms
[30.610s][info][gc,phases   ] GC(678)   Other: 0.5ms
[30.610s][info][gc,heap     ] GC(678) Eden regions: 150->0(149)
[30.612s][info][gc,heap     ] GC(678) Survivor regions: 3->4(20)
[30.613s][info][gc,heap     ] GC(678) Old regions: 2->2
[30.613s][info][gc,heap     ] GC(678) Archive regions: 2->2
[30.614s][info][gc,heap     ] GC(678) Humongous regions: 0->0
[30.614s][info][gc,metaspace] GC(678) Metaspace: 615K(832K)->615K(832K) NonClass: 597K(704K)->597K(704K) Class: 17K(128K)->17K(128K)
[30.615s][info][gc          ] GC(678) Pause Young (Normal) (G1 Evacuation Pause) 155M->6M(256M) 12.677ms
[30.616s][info][gc,cpu      ] GC(678) User=0.00s Sys=0.01s Real=0.01s
[30.657s][info][gc,start    ] GC(679) Pause Young (Normal) (G1 Evacuation Pause)
[30.658s][info][gc,task     ] GC(679) Using 6 workers of 8 for evacuation
[30.662s][info][gc,phases   ] GC(679)   Pre Evacuate Collection Set: 0.3ms
[30.663s][info][gc,phases   ] GC(679)   Merge Heap Roots: 0.3ms
[30.664s][info][gc,phases   ] GC(679)   Evacuate Collection Set: 1.5ms
[30.664s][info][gc,phases   ] GC(679)   Post Evacuate Collection Set: 1.8ms
[30.665s][info][gc,phases   ] GC(679)   Other: 0.6ms
[30.665s][info][gc,heap     ] GC(679) Eden regions: 149->0(149)
[30.665s][info][gc,heap     ] GC(679) Survivor regions: 4->4(20)
[30.666s][info][gc,heap     ] GC(679) Old regions: 2->2
[30.666s][info][gc,heap     ] GC(679) Archive regions: 2->2
[30.666s][info][gc,heap     ] GC(679) Humongous regions: 0->0
[30.667s][info][gc,metaspace] GC(679) Metaspace: 615K(832K)->615K(832K) NonClass: 597K(704K)->597K(704K) Class: 17K(128K)->17K(128K)
[30.667s][info][gc          ] GC(679) Pause Young (Normal) (G1 Evacuation Pause) 155M->5M(256M) 9.532ms
[30.667s][info][gc,cpu      ] GC(679) User=0.01s Sys=0.01s Real=0.01s
[30.708s][info][gc,start    ] GC(680) Pause Young (Normal) (G1 Evacuation Pause)
[30.708s][info][gc,task     ] GC(680) Using 6 workers of 8 for evacuation
[30.713s][info][gc,phases   ] GC(680)   Pre Evacuate Collection Set: 0.3ms
[30.714s][info][gc,phases   ] GC(680)   Merge Heap Roots: 0.2ms
[30.715s][info][gc,phases   ] GC(680)   Evacuate Collection Set: 2.5ms
[30.715s][info][gc,phases   ] GC(680)   Post Evacuate Collection Set: 1.2ms
[30.715s][info][gc,phases   ] GC(680)   Other: 0.7ms
[30.716s][info][gc,heap     ] GC(680) Eden regions: 149->0(149)
[30.716s][info][gc,heap     ] GC(680) Survivor regions: 4->4(20)
[30.716s][info][gc,heap     ] GC(680) Old regions: 2->2
[30.717s][info][gc,heap     ] GC(680) Archive regions: 2->2
[30.717s][info][gc,heap     ] GC(680) Humongous regions: 0->0
[30.717s][info][gc,metaspace] GC(680) Metaspace: 615K(832K)->615K(832K) NonClass: 597K(704K)->597K(704K) Class: 17K(128K)->17K(128K)
[30.718s][info][gc          ] GC(680) Pause Young (Normal) (G1 Evacuation Pause) 154M->5M(256M) 9.686ms
[30.718s][info][gc,cpu      ] GC(680) User=0.01s Sys=0.00s Real=0.01s
[30.757s][info][gc,start    ] GC(681) Pause Young (Normal) (G1 Evacuation Pause)
[30.757s][info][gc,task     ] GC(681) Using 6 workers of 8 for evacuation
[30.760s][info][gc,phases   ] GC(681)   Pre Evacuate Collection Set: 0.3ms
[30.761s][info][gc,phases   ] GC(681)   Merge Heap Roots: 0.2ms
[30.761s][info][gc,phases   ] GC(681)   Evacuate Collection Set: 0.8ms
[30.761s][info][gc,phases   ] GC(681)   Post Evacuate Collection Set: 0.9ms
[30.762s][info][gc,phases   ] GC(681)   Other: 0.5ms
[30.762s][info][gc,heap     ] GC(681) Eden regions: 149->0(150)
[30.763s][info][gc,heap     ] GC(681) Survivor regions: 4->3(20)
[30.763s][info][gc,heap     ] GC(681) Old regions: 2->2
[30.763s][info][gc,heap     ] GC(681) Archive regions: 2->2
[30.764s][info][gc,heap     ] GC(681) Humongous regions: 0->0
[30.764s][info][gc,metaspace] GC(681) Metaspace: 615K(832K)->615K(832K) NonClass: 597K(704K)->597K(704K) Class: 17K(128K)->17K(128K)
[30.765s][info][gc          ] GC(681) Pause Young (Normal) (G1 Evacuation Pause) 154M->5M(256M) 7.897ms
[30.766s][info][gc,cpu      ] GC(681) User=0.01s Sys=0.00s Real=0.00s
[30.817s][info][gc,start    ] GC(682) Pause Young (Normal) (G1 Evacuation Pause)
[30.818s][info][gc,task     ] GC(682) Using 6 workers of 8 for evacuation
[30.821s][info][gc,phases   ] GC(682)   Pre Evacuate Collection Set: 0.3ms
[30.821s][info][gc,phases   ] GC(682)   Merge Heap Roots: 0.2ms
[30.822s][info][gc,phases   ] GC(682)   Evacuate Collection Set: 1.5ms
[30.823s][info][gc,phases   ] GC(682)   Post Evacuate Collection Set: 0.9ms
[30.823s][info][gc,phases   ] GC(682)   Other: 0.4ms
[30.823s][info][gc,heap     ] GC(682) Eden regions: 150->0(149)
[30.824s][info][gc,heap     ] GC(682) Survivor regions: 3->4(20)
[30.824s][info][gc,heap     ] GC(682) Old regions: 2->2
[30.825s][info][gc,heap     ] GC(682) Archive regions: 2->2
[30.826s][info][gc,heap     ] GC(682) Humongous regions: 0->0
[30.826s][info][gc,metaspace] GC(682) Metaspace: 615K(832K)->615K(832K) NonClass: 597K(704K)->597K(704K) Class: 17K(128K)->17K(128K)
[30.827s][info][gc          ] GC(682) Pause Young (Normal) (G1 Evacuation Pause) 155M->6M(256M) 10.114ms
[30.828s][info][gc,cpu      ] GC(682) User=0.01s Sys=0.00s Real=0.01s
[30.870s][info][gc,start    ] GC(683) Pause Young (Normal) (G1 Evacuation Pause)
[30.871s][info][gc,task     ] GC(683) Using 6 workers of 8 for evacuation
[30.874s][info][gc,phases   ] GC(683)   Pre Evacuate Collection Set: 0.3ms
[30.874s][info][gc,phases   ] GC(683)   Merge Heap Roots: 0.2ms
[30.875s][info][gc,phases   ] GC(683)   Evacuate Collection Set: 1.2ms
[30.875s][info][gc,phases   ] GC(683)   Post Evacuate Collection Set: 0.9ms
[30.876s][info][gc,phases   ] GC(683)   Other: 0.5ms
[30.876s][info][gc,heap     ] GC(683) Eden regions: 149->0(149)
[30.877s][info][gc,heap     ] GC(683) Survivor regions: 4->4(20)
[30.878s][info][gc,heap     ] GC(683) Old regions: 2->2
[30.878s][info][gc,heap     ] GC(683) Archive regions: 2->2
[30.879s][info][gc,heap     ] GC(683) Humongous regions: 0->0
[30.879s][info][gc,metaspace] GC(683) Metaspace: 615K(832K)->615K(832K) NonClass: 597K(704K)->597K(704K) Class: 17K(128K)->17K(128K)
[30.880s][info][gc          ] GC(683) Pause Young (Normal) (G1 Evacuation Pause) 155M->5M(256M) 9.254ms
[30.880s][info][gc,cpu      ] GC(683) User=0.01s Sys=0.00s Real=0.01s
[30.921s][info][gc,start    ] GC(684) Pause Young (Normal) (G1 Evacuation Pause)
[30.921s][info][gc,task     ] GC(684) Using 6 workers of 8 for evacuation
[30.925s][info][gc,phases   ] GC(684)   Pre Evacuate Collection Set: 0.5ms
[30.926s][info][gc,phases   ] GC(684)   Merge Heap Roots: 0.3ms
[30.926s][info][gc,phases   ] GC(684)   Evacuate Collection Set: 1.2ms
[30.926s][info][gc,phases   ] GC(684)   Post Evacuate Collection Set: 1.0ms
[30.927s][info][gc,phases   ] GC(684)   Other: 0.5ms
[30.927s][info][gc,heap     ] GC(684) Eden regions: 149->0(150)
[30.928s][info][gc,heap     ] GC(684) Survivor regions: 4->3(20)
[30.928s][info][gc,heap     ] GC(684) Old regions: 2->2
[30.928s][info][gc,heap     ] GC(684) Archive regions: 2->2
[30.929s][info][gc,heap     ] GC(684) Humongous regions: 0->0
[30.929s][info][gc,metaspace] GC(684) Metaspace: 615K(832K)->615K(832K) NonClass: 597K(704K)->597K(704K) Class: 17K(128K)->17K(128K)
[30.930s][info][gc          ] GC(684) Pause Young (Normal) (G1 Evacuation Pause) 154M->5M(256M) 9.087ms
[30.930s][info][gc,cpu      ] GC(684) User=0.00s Sys=0.00s Real=0.01s
[30.975s][info][gc,start    ] GC(685) Pause Young (Normal) (G1 Evacuation Pause)
[30.975s][info][gc,task     ] GC(685) Using 6 workers of 8 for evacuation
[30.979s][info][gc,phases   ] GC(685)   Pre Evacuate Collection Set: 0.3ms
[30.979s][info][gc,phases   ] GC(685)   Merge Heap Roots: 0.3ms
[30.980s][info][gc,phases   ] GC(685)   Evacuate Collection Set: 1.5ms
[30.980s][info][gc,phases   ] GC(685)   Post Evacuate Collection Set: 0.9ms
[30.981s][info][gc,phases   ] GC(685)   Other: 0.5ms
[30.982s][info][gc,heap     ] GC(685) Eden regions: 150->0(149)
[30.982s][info][gc,heap     ] GC(685) Survivor regions: 3->4(20)
[30.983s][info][gc,heap     ] GC(685) Old regions: 2->2
[30.983s][info][gc,heap     ] GC(685) Archive regions: 2->2
[30.983s][info][gc,heap     ] GC(685) Humongous regions: 0->0
[30.984s][info][gc,metaspace] GC(685) Metaspace: 615K(832K)->615K(832K) NonClass: 597K(704K)->597K(704K) Class: 17K(128K)->17K(128K)
[30.984s][info][gc          ] GC(685) Pause Young (Normal) (G1 Evacuation Pause) 155M->6M(256M) 9.170ms
[30.985s][info][gc,cpu      ] GC(685) User=0.00s Sys=0.01s Real=0.01s
[31.023s][info][gc,start    ] GC(686) Pause Young (Normal) (G1 Evacuation Pause)
[31.023s][info][gc,task     ] GC(686) Using 6 workers of 8 for evacuation
[31.028s][info][gc,phases   ] GC(686)   Pre Evacuate Collection Set: 0.3ms
[31.029s][info][gc,phases   ] GC(686)   Merge Heap Roots: 0.2ms
[31.029s][info][gc,phases   ] GC(686)   Evacuate Collection Set: 1.4ms
[31.029s][info][gc,phases   ] GC(686)   Post Evacuate Collection Set: 1.8ms
[31.030s][info][gc,phases   ] GC(686)   Other: 0.6ms
[31.030s][info][gc,heap     ] GC(686) Eden regions: 149->0(149)
[31.031s][info][gc,heap     ] GC(686) Survivor regions: 4->4(20)
[31.031s][info][gc,heap     ] GC(686) Old regions: 2->2
[31.031s][info][gc,heap     ] GC(686) Archive regions: 2->2
[31.032s][info][gc,heap     ] GC(686) Humongous regions: 0->0
[31.032s][info][gc,metaspace] GC(686) Metaspace: 615K(832K)->615K(832K) NonClass: 597K(704K)->597K(704K) Class: 17K(128K)->17K(128K)
[31.032s][info][gc          ] GC(686) Pause Young (Normal) (G1 Evacuation Pause) 155M->6M(256M) 9.434ms
[31.033s][info][gc,cpu      ] GC(686) User=0.00s Sys=0.00s Real=0.01s
[31.071s][info][gc,start    ] GC(687) Pause Young (Normal) (G1 Evacuation Pause)
[31.072s][info][gc,task     ] GC(687) Using 6 workers of 8 for evacuation
[31.075s][info][gc,phases   ] GC(687)   Pre Evacuate Collection Set: 0.3ms
[31.075s][info][gc,phases   ] GC(687)   Merge Heap Roots: 0.2ms
[31.076s][info][gc,phases   ] GC(687)   Evacuate Collection Set: 1.0ms
[31.077s][info][gc,phases   ] GC(687)   Post Evacuate Collection Set: 0.9ms
[31.078s][info][gc,phases   ] GC(687)   Other: 0.5ms
[31.079s][info][gc,heap     ] GC(687) Eden regions: 149->0(149)
[31.079s][info][gc,heap     ] GC(687) Survivor regions: 4->4(20)
[31.080s][info][gc,heap     ] GC(687) Old regions: 2->2
[31.081s][info][gc,heap     ] GC(687) Archive regions: 2->2
[31.081s][info][gc,heap     ] GC(687) Humongous regions: 0->0
[31.082s][info][gc,metaspace] GC(687) Metaspace: 615K(832K)->615K(832K) NonClass: 597K(704K)->597K(704K) Class: 17K(128K)->17K(128K)
[31.082s][info][gc          ] GC(687) Pause Young (Normal) (G1 Evacuation Pause) 155M->5M(256M) 10.752ms
[31.083s][info][gc,cpu      ] GC(687) User=0.00s Sys=0.00s Real=0.01s
[31.130s][info][gc,start    ] GC(688) Pause Young (Normal) (G1 Evacuation Pause)
[31.132s][info][gc,task     ] GC(688) Using 6 workers of 8 for evacuation
[31.135s][info][gc,phases   ] GC(688)   Pre Evacuate Collection Set: 0.2ms
[31.135s][info][gc,phases   ] GC(688)   Merge Heap Roots: 0.2ms
[31.136s][info][gc,phases   ] GC(688)   Evacuate Collection Set: 1.1ms
[31.136s][info][gc,phases   ] GC(688)   Post Evacuate Collection Set: 0.8ms
[31.136s][info][gc,phases   ] GC(688)   Other: 0.5ms
[31.136s][info][gc,heap     ] GC(688) Eden regions: 149->0(150)
[31.137s][info][gc,heap     ] GC(688) Survivor regions: 4->3(20)
[31.137s][info][gc,heap     ] GC(688) Old regions: 2->2
[31.137s][info][gc,heap     ] GC(688) Archive regions: 2->2
[31.138s][info][gc,heap     ] GC(688) Humongous regions: 0->0
[31.138s][info][gc,metaspace] GC(688) Metaspace: 615K(832K)->615K(832K) NonClass: 597K(704K)->597K(704K) Class: 17K(128K)->17K(128K)
[31.138s][info][gc          ] GC(688) Pause Young (Normal) (G1 Evacuation Pause) 154M->5M(256M) 8.609ms
[31.139s][info][gc,cpu      ] GC(688) User=0.01s Sys=0.00s Real=0.01s
[31.183s][info][gc,start    ] GC(689) Pause Young (Normal) (G1 Evacuation Pause)
[31.183s][info][gc,task     ] GC(689) Using 6 workers of 8 for evacuation
[31.186s][info][gc,phases   ] GC(689)   Pre Evacuate Collection Set: 0.3ms
[31.186s][info][gc,phases   ] GC(689)   Merge Heap Roots: 0.2ms
[31.187s][info][gc,phases   ] GC(689)   Evacuate Collection Set: 1.2ms
[31.187s][info][gc,phases   ] GC(689)   Post Evacuate Collection Set: 0.8ms
[31.187s][info][gc,phases   ] GC(689)   Other: 0.5ms
[31.188s][info][gc,heap     ] GC(689) Eden regions: 150->0(149)
[31.188s][info][gc,heap     ] GC(689) Survivor regions: 3->4(20)
[31.190s][info][gc,heap     ] GC(689) Old regions: 2->2
[31.190s][info][gc,heap     ] GC(689) Archive regions: 2->2
[31.191s][info][gc,heap     ] GC(689) Humongous regions: 0->0
[31.192s][info][gc,metaspace] GC(689) Metaspace: 615K(832K)->615K(832K) NonClass: 597K(704K)->597K(704K) Class: 17K(128K)->17K(128K)
[31.193s][info][gc          ] GC(689) Pause Young (Normal) (G1 Evacuation Pause) 155M->6M(256M) 10.335ms
[31.194s][info][gc,cpu      ] GC(689) User=0.01s Sys=0.00s Real=0.01s
[31.237s][info][gc,start    ] GC(690) Pause Young (Normal) (G1 Evacuation Pause)
[31.237s][info][gc,task     ] GC(690) Using 6 workers of 8 for evacuation
[31.242s][info][gc,phases   ] GC(690)   Pre Evacuate Collection Set: 1.0ms
[31.243s][info][gc,phases   ] GC(690)   Merge Heap Roots: 0.4ms
[31.243s][info][gc,phases   ] GC(690)   Evacuate Collection Set: 1.4ms
[31.244s][info][gc,phases   ] GC(690)   Post Evacuate Collection Set: 1.3ms
[31.244s][info][gc,phases   ] GC(690)   Other: 0.8ms
[31.245s][info][gc,heap     ] GC(690) Eden regions: 149->0(149)
[31.245s][info][gc,heap     ] GC(690) Survivor regions: 4->4(20)
[31.245s][info][gc,heap     ] GC(690) Old regions: 2->2
[31.246s][info][gc,heap     ] GC(690) Archive regions: 2->2
[31.246s][info][gc,heap     ] GC(690) Humongous regions: 0->0
[31.246s][info][gc,metaspace] GC(690) Metaspace: 615K(832K)->615K(832K) NonClass: 597K(704K)->597K(704K) Class: 17K(128K)->17K(128K)
[31.247s][info][gc          ] GC(690) Pause Young (Normal) (G1 Evacuation Pause) 155M->5M(256M) 10.003ms
[31.247s][info][gc,cpu      ] GC(690) User=0.01s Sys=0.00s Real=0.01s
[31.288s][info][gc,start    ] GC(691) Pause Young (Normal) (G1 Evacuation Pause)
[31.289s][info][gc,task     ] GC(691) Using 6 workers of 8 for evacuation
[31.295s][info][gc,phases   ] GC(691)   Pre Evacuate Collection Set: 0.5ms
[31.296s][info][gc,phases   ] GC(691)   Merge Heap Roots: 0.4ms
[31.296s][info][gc,phases   ] GC(691)   Evacuate Collection Set: 2.9ms
[31.297s][info][gc,phases   ] GC(691)   Post Evacuate Collection Set: 1.0ms
[31.297s][info][gc,phases   ] GC(691)   Other: 1.4ms
[31.298s][info][gc,heap     ] GC(691) Eden regions: 149->0(149)
[31.298s][info][gc,heap     ] GC(691) Survivor regions: 4->4(20)
[31.299s][info][gc,heap     ] GC(691) Old regions: 2->2
[31.299s][info][gc,heap     ] GC(691) Archive regions: 2->2
[31.299s][info][gc,heap     ] GC(691) Humongous regions: 0->0
[31.300s][info][gc,metaspace] GC(691) Metaspace: 615K(832K)->615K(832K) NonClass: 597K(704K)->597K(704K) Class: 17K(128K)->17K(128K)
[31.300s][info][gc          ] GC(691) Pause Young (Normal) (G1 Evacuation Pause) 154M->5M(256M) 11.690ms
[31.300s][info][gc,cpu      ] GC(691) User=0.01s Sys=0.00s Real=0.01s
[31.351s][info][gc,start    ] GC(692) Pause Young (Normal) (G1 Evacuation Pause)
[31.351s][info][gc,task     ] GC(692) Using 6 workers of 8 for evacuation
[31.354s][info][gc,phases   ] GC(692)   Pre Evacuate Collection Set: 0.2ms
[31.355s][info][gc,phases   ] GC(692)   Merge Heap Roots: 0.2ms
[31.355s][info][gc,phases   ] GC(692)   Evacuate Collection Set: 1.0ms
[31.355s][info][gc,phases   ] GC(692)   Post Evacuate Collection Set: 0.7ms
[31.356s][info][gc,phases   ] GC(692)   Other: 0.8ms
[31.356s][info][gc,heap     ] GC(692) Eden regions: 149->0(150)
[31.357s][info][gc,heap     ] GC(692) Survivor regions: 4->3(20)
[31.358s][info][gc,heap     ] GC(692) Old regions: 2->2
[31.359s][info][gc,heap     ] GC(692) Archive regions: 2->2
[31.359s][info][gc,heap     ] GC(692) Humongous regions: 0->0
[31.360s][info][gc,metaspace] GC(692) Metaspace: 615K(832K)->615K(832K) NonClass: 597K(704K)->597K(704K) Class: 17K(128K)->17K(128K)
[31.360s][info][gc          ] GC(692) Pause Young (Normal) (G1 Evacuation Pause) 154M->5M(256M) 9.371ms
[31.361s][info][gc,cpu      ] GC(692) User=0.01s Sys=0.00s Real=0.01s
[31.403s][info][gc,start    ] GC(693) Pause Young (Normal) (G1 Evacuation Pause)
[31.404s][info][gc,task     ] GC(693) Using 6 workers of 8 for evacuation
[31.411s][info][gc,phases   ] GC(693)   Pre Evacuate Collection Set: 0.3ms
[31.411s][info][gc,phases   ] GC(693)   Merge Heap Roots: 0.3ms
[31.412s][info][gc,phases   ] GC(693)   Evacuate Collection Set: 4.6ms
[31.412s][info][gc,phases   ] GC(693)   Post Evacuate Collection Set: 1.2ms
[31.413s][info][gc,phases   ] GC(693)   Other: 0.5ms
[31.414s][info][gc,heap     ] GC(693) Eden regions: 150->0(149)
[31.414s][info][gc,heap     ] GC(693) Survivor regions: 3->4(20)
[31.414s][info][gc,heap     ] GC(693) Old regions: 2->2
[31.415s][info][gc,heap     ] GC(693) Archive regions: 2->2
[31.415s][info][gc,heap     ] GC(693) Humongous regions: 0->0
[31.415s][info][gc,metaspace] GC(693) Metaspace: 615K(832K)->615K(832K) NonClass: 597K(704K)->597K(704K) Class: 17K(128K)->17K(128K)
[31.416s][info][gc          ] GC(693) Pause Young (Normal) (G1 Evacuation Pause) 155M->6M(256M) 12.179ms
[31.416s][info][gc,cpu      ] GC(693) User=0.01s Sys=0.00s Real=0.01s
[31.464s][info][gc,start    ] GC(694) Pause Young (Normal) (G1 Evacuation Pause)
[31.465s][info][gc,task     ] GC(694) Using 6 workers of 8 for evacuation
[31.468s][info][gc,phases   ] GC(694)   Pre Evacuate Collection Set: 0.3ms
[31.468s][info][gc,phases   ] GC(694)   Merge Heap Roots: 0.3ms
[31.469s][info][gc,phases   ] GC(694)   Evacuate Collection Set: 1.3ms
[31.469s][info][gc,phases   ] GC(694)   Post Evacuate Collection Set: 0.8ms
[31.469s][info][gc,phases   ] GC(694)   Other: 0.4ms
[31.470s][info][gc,heap     ] GC(694) Eden regions: 149->0(149)
[31.471s][info][gc,heap     ] GC(694) Survivor regions: 4->4(20)
[31.471s][info][gc,heap     ] GC(694) Old regions: 2->2
[31.472s][info][gc,heap     ] GC(694) Archive regions: 2->2
[31.472s][info][gc,heap     ] GC(694) Humongous regions: 0->0
[31.473s][info][gc,metaspace] GC(694) Metaspace: 615K(832K)->615K(832K) NonClass: 597K(704K)->597K(704K) Class: 17K(128K)->17K(128K)
[31.473s][info][gc          ] GC(694) Pause Young (Normal) (G1 Evacuation Pause) 155M->5M(256M) 9.046ms
[31.474s][info][gc,cpu      ] GC(694) User=0.01s Sys=0.00s Real=0.01s
[31.518s][info][gc,start    ] GC(695) Pause Young (Normal) (G1 Evacuation Pause)
[31.518s][info][gc,task     ] GC(695) Using 6 workers of 8 for evacuation
[31.521s][info][gc,phases   ] GC(695)   Pre Evacuate Collection Set: 0.3ms
[31.521s][info][gc,phases   ] GC(695)   Merge Heap Roots: 0.2ms
[31.522s][info][gc,phases   ] GC(695)   Evacuate Collection Set: 0.8ms
[31.522s][info][gc,phases   ] GC(695)   Post Evacuate Collection Set: 0.8ms
[31.522s][info][gc,phases   ] GC(695)   Other: 0.5ms
[31.523s][info][gc,heap     ] GC(695) Eden regions: 149->0(150)
[31.525s][info][gc,heap     ] GC(695) Survivor regions: 4->3(20)
[31.526s][info][gc,heap     ] GC(695) Old regions: 2->2
[31.527s][info][gc,heap     ] GC(695) Archive regions: 2->2
[31.527s][info][gc,heap     ] GC(695) Humongous regions: 0->0
[31.528s][info][gc,metaspace] GC(695) Metaspace: 615K(832K)->615K(832K) NonClass: 597K(704K)->597K(704K) Class: 17K(128K)->17K(128K)
[31.528s][info][gc          ] GC(695) Pause Young (Normal) (G1 Evacuation Pause) 154M->5M(256M) 10.326ms
[31.529s][info][gc,cpu      ] GC(695) User=0.00s Sys=0.00s Real=0.01s
[31.576s][info][gc,start    ] GC(696) Pause Young (Normal) (G1 Evacuation Pause)
[31.577s][info][gc,task     ] GC(696) Using 6 workers of 8 for evacuation
[31.581s][info][gc,phases   ] GC(696)   Pre Evacuate Collection Set: 0.3ms
[31.582s][info][gc,phases   ] GC(696)   Merge Heap Roots: 0.2ms
[31.582s][info][gc,phases   ] GC(696)   Evacuate Collection Set: 2.4ms
[31.583s][info][gc,phases   ] GC(696)   Post Evacuate Collection Set: 0.8ms
[31.583s][info][gc,phases   ] GC(696)   Other: 0.5ms
[31.583s][info][gc,heap     ] GC(696) Eden regions: 150->0(149)
[31.584s][info][gc,heap     ] GC(696) Survivor regions: 3->4(20)
[31.584s][info][gc,heap     ] GC(696) Old regions: 2->2
[31.584s][info][gc,heap     ] GC(696) Archive regions: 2->2
[31.585s][info][gc,heap     ] GC(696) Humongous regions: 0->0
[31.585s][info][gc,metaspace] GC(696) Metaspace: 615K(832K)->615K(832K) NonClass: 597K(704K)->597K(704K) Class: 17K(128K)->17K(128K)
[31.585s][info][gc          ] GC(696) Pause Young (Normal) (G1 Evacuation Pause) 155M->6M(256M) 9.276ms
[31.586s][info][gc,cpu      ] GC(696) User=0.01s Sys=0.00s Real=0.01s
[31.633s][info][gc,start    ] GC(697) Pause Young (Normal) (G1 Evacuation Pause)
[31.633s][info][gc,task     ] GC(697) Using 6 workers of 8 for evacuation
[31.636s][info][gc,phases   ] GC(697)   Pre Evacuate Collection Set: 0.2ms
[31.637s][info][gc,phases   ] GC(697)   Merge Heap Roots: 0.2ms
[31.637s][info][gc,phases   ] GC(697)   Evacuate Collection Set: 1.1ms
[31.638s][info][gc,phases   ] GC(697)   Post Evacuate Collection Set: 0.9ms
[31.639s][info][gc,phases   ] GC(697)   Other: 0.6ms
[31.640s][info][gc,heap     ] GC(697) Eden regions: 149->0(149)
[31.640s][info][gc,heap     ] GC(697) Survivor regions: 4->4(20)
[31.641s][info][gc,heap     ] GC(697) Old regions: 2->2
[31.641s][info][gc,heap     ] GC(697) Archive regions: 2->2
[31.642s][info][gc,heap     ] GC(697) Humongous regions: 0->0
[31.643s][info][gc,metaspace] GC(697) Metaspace: 615K(832K)->615K(832K) NonClass: 597K(704K)->597K(704K) Class: 17K(128K)->17K(128K)
[31.643s][info][gc          ] GC(697) Pause Young (Normal) (G1 Evacuation Pause) 155M->5M(256M) 10.217ms
[31.644s][info][gc,cpu      ] GC(697) User=0.00s Sys=0.00s Real=0.01s
[31.685s][info][gc,start    ] GC(698) Pause Young (Normal) (G1 Evacuation Pause)
[31.685s][info][gc,task     ] GC(698) Using 6 workers of 8 for evacuation
[31.688s][info][gc,phases   ] GC(698)   Pre Evacuate Collection Set: 0.2ms
[31.688s][info][gc,phases   ] GC(698)   Merge Heap Roots: 0.3ms
[31.689s][info][gc,phases   ] GC(698)   Evacuate Collection Set: 0.9ms
[31.689s][info][gc,phases   ] GC(698)   Post Evacuate Collection Set: 0.8ms
[31.690s][info][gc,phases   ] GC(698)   Other: 0.5ms
[31.691s][info][gc,heap     ] GC(698) Eden regions: 149->0(150)
[31.692s][info][gc,heap     ] GC(698) Survivor regions: 4->3(20)
[31.693s][info][gc,heap     ] GC(698) Old regions: 2->2
[31.694s][info][gc,heap     ] GC(698) Archive regions: 2->2
[31.694s][info][gc,heap     ] GC(698) Humongous regions: 0->0
[31.694s][info][gc,metaspace] GC(698) Metaspace: 615K(832K)->615K(832K) NonClass: 597K(704K)->597K(704K) Class: 17K(128K)->17K(128K)
[31.695s][info][gc          ] GC(698) Pause Young (Normal) (G1 Evacuation Pause) 154M->5M(256M) 10.473ms
[31.696s][info][gc,cpu      ] GC(698) User=0.01s Sys=0.00s Real=0.01s
[31.740s][info][gc,start    ] GC(699) Pause Young (Normal) (G1 Evacuation Pause)
[31.741s][info][gc,task     ] GC(699) Using 6 workers of 8 for evacuation
[31.746s][info][gc,phases   ] GC(699)   Pre Evacuate Collection Set: 0.6ms
[31.746s][info][gc,phases   ] GC(699)   Merge Heap Roots: 0.4ms
[31.747s][info][gc,phases   ] GC(699)   Evacuate Collection Set: 1.7ms
[31.747s][info][gc,phases   ] GC(699)   Post Evacuate Collection Set: 0.9ms
[31.748s][info][gc,phases   ] GC(699)   Other: 1.0ms
[31.748s][info][gc,heap     ] GC(699) Eden regions: 150->0(149)
[31.748s][info][gc,heap     ] GC(699) Survivor regions: 3->4(20)
[31.749s][info][gc,heap     ] GC(699) Old regions: 2->2
[31.749s][info][gc,heap     ] GC(699) Archive regions: 2->2
[31.749s][info][gc,heap     ] GC(699) Humongous regions: 0->0
[31.749s][info][gc,metaspace] GC(699) Metaspace: 615K(832K)->615K(832K) NonClass: 597K(704K)->597K(704K) Class: 17K(128K)->17K(128K)
[31.750s][info][gc          ] GC(699) Pause Young (Normal) (G1 Evacuation Pause) 155M->6M(256M) 10.052ms
[31.750s][info][gc,cpu      ] GC(699) User=0.01s Sys=0.00s Real=0.01s
[31.796s][info][gc,start    ] GC(700) Pause Young (Normal) (G1 Evacuation Pause)
[31.797s][info][gc,task     ] GC(700) Using 6 workers of 8 for evacuation
[31.800s][info][gc,phases   ] GC(700)   Pre Evacuate Collection Set: 0.3ms
[31.800s][info][gc,phases   ] GC(700)   Merge Heap Roots: 0.2ms
[31.800s][info][gc,phases   ] GC(700)   Evacuate Collection Set: 1.0ms
[31.801s][info][gc,phases   ] GC(700)   Post Evacuate Collection Set: 0.9ms
[31.801s][info][gc,phases   ] GC(700)   Other: 0.5ms
[31.801s][info][gc,heap     ] GC(700) Eden regions: 149->0(149)
[31.802s][info][gc,heap     ] GC(700) Survivor regions: 4->4(20)
[31.802s][info][gc,heap     ] GC(700) Old regions: 2->2
[31.803s][info][gc,heap     ] GC(700) Archive regions: 2->2
[31.803s][info][gc,heap     ] GC(700) Humongous regions: 0->0
[31.803s][info][gc,metaspace] GC(700) Metaspace: 615K(832K)->615K(832K) NonClass: 597K(704K)->597K(704K) Class: 17K(128K)->17K(128K)
[31.804s][info][gc          ] GC(700) Pause Young (Normal) (G1 Evacuation Pause) 155M->6M(256M) 7.582ms
[31.804s][info][gc,cpu      ] GC(700) User=0.01s Sys=0.00s Real=0.01s
[31.851s][info][gc,start    ] GC(701) Pause Young (Normal) (G1 Evacuation Pause)
[31.851s][info][gc,task     ] GC(701) Using 6 workers of 8 for evacuation
[31.854s][info][gc,phases   ] GC(701)   Pre Evacuate Collection Set: 0.3ms
[31.855s][info][gc,phases   ] GC(701)   Merge Heap Roots: 0.3ms
[31.855s][info][gc,phases   ] GC(701)   Evacuate Collection Set: 1.1ms
[31.855s][info][gc,phases   ] GC(701)   Post Evacuate Collection Set: 0.8ms
[31.857s][info][gc,phases   ] GC(701)   Other: 0.5ms
[31.858s][info][gc,heap     ] GC(701) Eden regions: 149->0(149)
[31.859s][info][gc,heap     ] GC(701) Survivor regions: 4->4(20)
[31.860s][info][gc,heap     ] GC(701) Old regions: 2->2
[31.861s][info][gc,heap     ] GC(701) Archive regions: 2->2
[31.861s][info][gc,heap     ] GC(701) Humongous regions: 0->0
[31.862s][info][gc,metaspace] GC(701) Metaspace: 615K(832K)->615K(832K) NonClass: 597K(704K)->597K(704K) Class: 17K(128K)->17K(128K)
[31.863s][info][gc          ] GC(701) Pause Young (Normal) (G1 Evacuation Pause) 155M->5M(256M) 11.956ms
[31.863s][info][gc,cpu      ] GC(701) User=0.01s Sys=0.00s Real=0.01s
[31.901s][info][gc,start    ] GC(702) Pause Young (Normal) (G1 Evacuation Pause)
[31.901s][info][gc,task     ] GC(702) Using 6 workers of 8 for evacuation
[31.903s][info][gc,phases   ] GC(702)   Pre Evacuate Collection Set: 0.2ms
[31.904s][info][gc,phases   ] GC(702)   Merge Heap Roots: 0.2ms
[31.904s][info][gc,phases   ] GC(702)   Evacuate Collection Set: 0.8ms
[31.904s][info][gc,phases   ] GC(702)   Post Evacuate Collection Set: 0.8ms
[31.905s][info][gc,phases   ] GC(702)   Other: 0.4ms
[31.905s][info][gc,heap     ] GC(702) Eden regions: 149->0(150)
[31.906s][info][gc,heap     ] GC(702) Survivor regions: 4->3(20)
[31.906s][info][gc,heap     ] GC(702) Old regions: 2->2
[31.907s][info][gc,heap     ] GC(702) Archive regions: 2->2
[31.908s][info][gc,heap     ] GC(702) Humongous regions: 0->0
[31.909s][info][gc,metaspace] GC(702) Metaspace: 615K(832K)->615K(832K) NonClass: 597K(704K)->597K(704K) Class: 17K(128K)->17K(128K)
[31.909s][info][gc          ] GC(702) Pause Young (Normal) (G1 Evacuation Pause) 154M->5M(256M) 8.797ms
[31.910s][info][gc,cpu      ] GC(702) User=0.01s Sys=0.00s Real=0.01s
[31.950s][info][gc,start    ] GC(703) Pause Young (Normal) (G1 Evacuation Pause)
[31.951s][info][gc,task     ] GC(703) Using 6 workers of 8 for evacuation
[31.953s][info][gc,phases   ] GC(703)   Pre Evacuate Collection Set: 0.2ms
[31.954s][info][gc,phases   ] GC(703)   Merge Heap Roots: 0.2ms
[31.954s][info][gc,phases   ] GC(703)   Evacuate Collection Set: 1.1ms
[31.954s][info][gc,phases   ] GC(703)   Post Evacuate Collection Set: 0.7ms
[31.955s][info][gc,phases   ] GC(703)   Other: 0.4ms
[31.955s][info][gc,heap     ] GC(703) Eden regions: 150->0(149)
[31.955s][info][gc,heap     ] GC(703) Survivor regions: 3->4(20)
[31.956s][info][gc,heap     ] GC(703) Old regions: 2->2
[31.956s][info][gc,heap     ] GC(703) Archive regions: 2->2
[31.957s][info][gc,heap     ] GC(703) Humongous regions: 0->0
[31.958s][info][gc,metaspace] GC(703) Metaspace: 615K(832K)->615K(832K) NonClass: 597K(704K)->597K(704K) Class: 17K(128K)->17K(128K)
[31.959s][info][gc          ] GC(703) Pause Young (Normal) (G1 Evacuation Pause) 155M->6M(256M) 8.583ms
[31.960s][info][gc,cpu      ] GC(703) User=0.01s Sys=0.00s Real=0.01s
[32.016s][info][gc,start    ] GC(704) Pause Young (Normal) (G1 Evacuation Pause)
[32.044s][info][gc,task     ] GC(704) Using 6 workers of 8 for evacuation
[32.046s][info][gc,phases   ] GC(704)   Pre Evacuate Collection Set: 0.3ms
[32.047s][info][gc,phases   ] GC(704)   Merge Heap Roots: 0.3ms
[32.047s][info][gc,phases   ] GC(704)   Evacuate Collection Set: 0.8ms
[32.048s][info][gc,phases   ] GC(704)   Post Evacuate Collection Set: 0.9ms
[32.048s][info][gc,phases   ] GC(704)   Other: 0.5ms
[32.048s][info][gc,heap     ] GC(704) Eden regions: 149->0(149)
[32.049s][info][gc,heap     ] GC(704) Survivor regions: 4->4(20)
[32.049s][info][gc,heap     ] GC(704) Old regions: 2->2
[32.049s][info][gc,heap     ] GC(704) Archive regions: 2->2
[32.050s][info][gc,heap     ] GC(704) Humongous regions: 0->0
[32.050s][info][gc,metaspace] GC(704) Metaspace: 615K(832K)->615K(832K) NonClass: 597K(704K)->597K(704K) Class: 17K(128K)->17K(128K)
[32.050s][info][gc          ] GC(704) Pause Young (Normal) (G1 Evacuation Pause) 155M->5M(256M) 34.392ms
[32.051s][info][gc,cpu      ] GC(704) User=0.01s Sys=0.00s Real=0.04s
[32.098s][info][gc,start    ] GC(705) Pause Young (Normal) (G1 Evacuation Pause)
[32.099s][info][gc,task     ] GC(705) Using 6 workers of 8 for evacuation
[32.102s][info][gc,phases   ] GC(705)   Pre Evacuate Collection Set: 0.4ms
[32.102s][info][gc,phases   ] GC(705)   Merge Heap Roots: 0.3ms
[32.103s][info][gc,phases   ] GC(705)   Evacuate Collection Set: 1.3ms
[32.103s][info][gc,phases   ] GC(705)   Post Evacuate Collection Set: 0.8ms
[32.103s][info][gc,phases   ] GC(705)   Other: 0.5ms
[32.104s][info][gc,heap     ] GC(705) Eden regions: 149->0(150)
[32.104s][info][gc,heap     ] GC(705) Survivor regions: 4->3(20)
[32.104s][info][gc,heap     ] GC(705) Old regions: 2->2
[32.105s][info][gc,heap     ] GC(705) Archive regions: 2->2
[32.105s][info][gc,heap     ] GC(705) Humongous regions: 0->0
[32.105s][info][gc,metaspace] GC(705) Metaspace: 615K(832K)->615K(832K) NonClass: 597K(704K)->597K(704K) Class: 17K(128K)->17K(128K)
[32.106s][info][gc          ] GC(705) Pause Young (Normal) (G1 Evacuation Pause) 154M->5M(256M) 7.285ms
[32.106s][info][gc,cpu      ] GC(705) User=0.01s Sys=0.00s Real=0.00s
[32.151s][info][gc,start    ] GC(706) Pause Young (Normal) (G1 Evacuation Pause)
[32.152s][info][gc,task     ] GC(706) Using 6 workers of 8 for evacuation
[32.155s][info][gc,phases   ] GC(706)   Pre Evacuate Collection Set: 0.2ms
[32.155s][info][gc,phases   ] GC(706)   Merge Heap Roots: 0.2ms
[32.156s][info][gc,phases   ] GC(706)   Evacuate Collection Set: 1.6ms
[32.156s][info][gc,phases   ] GC(706)   Post Evacuate Collection Set: 0.8ms
[32.156s][info][gc,phases   ] GC(706)   Other: 0.4ms
[32.157s][info][gc,heap     ] GC(706) Eden regions: 150->0(149)
[32.157s][info][gc,heap     ] GC(706) Survivor regions: 3->4(20)
[32.158s][info][gc,heap     ] GC(706) Old regions: 2->2
[32.158s][info][gc,heap     ] GC(706) Archive regions: 2->2
[32.159s][info][gc,heap     ] GC(706) Humongous regions: 0->0
[32.160s][info][gc,metaspace] GC(706) Metaspace: 615K(832K)->615K(832K) NonClass: 597K(704K)->597K(704K) Class: 17K(128K)->17K(128K)
[32.160s][info][gc          ] GC(706) Pause Young (Normal) (G1 Evacuation Pause) 155M->6M(256M) 8.855ms
[32.161s][info][gc,cpu      ] GC(706) User=0.01s Sys=0.00s Real=0.01s
[32.203s][info][gc,start    ] GC(707) Pause Young (Normal) (G1 Evacuation Pause)
[32.203s][info][gc,task     ] GC(707) Using 6 workers of 8 for evacuation
[32.206s][info][gc,phases   ] GC(707)   Pre Evacuate Collection Set: 0.3ms
[32.208s][info][gc,phases   ] GC(707)   Merge Heap Roots: 0.3ms
[32.208s][info][gc,phases   ] GC(707)   Evacuate Collection Set: 1.0ms
[32.209s][info][gc,phases   ] GC(707)   Post Evacuate Collection Set: 0.7ms
[32.211s][info][gc,phases   ] GC(707)   Other: 0.5ms
[32.211s][info][gc,heap     ] GC(707) Eden regions: 149->0(149)
[32.211s][info][gc,heap     ] GC(707) Survivor regions: 4->4(20)
[32.212s][info][gc,heap     ] GC(707) Old regions: 2->2
[32.212s][info][gc,heap     ] GC(707) Archive regions: 2->2
[32.212s][info][gc,heap     ] GC(707) Humongous regions: 0->0
[32.212s][info][gc,metaspace] GC(707) Metaspace: 615K(832K)->615K(832K) NonClass: 597K(704K)->597K(704K) Class: 17K(128K)->17K(128K)
[32.213s][info][gc          ] GC(707) Pause Young (Normal) (G1 Evacuation Pause) 155M->6M(256M) 9.667ms
[32.213s][info][gc,cpu      ] GC(707) User=0.01s Sys=0.01s Real=0.01s
[32.252s][info][gc,start    ] GC(708) Pause Young (Normal) (G1 Evacuation Pause)
[32.253s][info][gc,task     ] GC(708) Using 6 workers of 8 for evacuation
[32.255s][info][gc,phases   ] GC(708)   Pre Evacuate Collection Set: 0.2ms
[32.256s][info][gc,phases   ] GC(708)   Merge Heap Roots: 0.2ms
[32.258s][info][gc,phases   ] GC(708)   Evacuate Collection Set: 1.1ms
[32.258s][info][gc,phases   ] GC(708)   Post Evacuate Collection Set: 0.7ms
[32.259s][info][gc,phases   ] GC(708)   Other: 0.4ms
[32.260s][info][gc,heap     ] GC(708) Eden regions: 149->0(149)
[32.260s][info][gc,heap     ] GC(708) Survivor regions: 4->4(20)
[32.261s][info][gc,heap     ] GC(708) Old regions: 2->2
[32.262s][info][gc,heap     ] GC(708) Archive regions: 2->2
[32.262s][info][gc,heap     ] GC(708) Humongous regions: 0->0
[32.262s][info][gc,metaspace] GC(708) Metaspace: 615K(832K)->615K(832K) NonClass: 597K(704K)->597K(704K) Class: 17K(128K)->17K(128K)
[32.262s][info][gc          ] GC(708) Pause Young (Normal) (G1 Evacuation Pause) 155M->5M(256M) 10.024ms
[32.263s][info][gc,cpu      ] GC(708) User=0.00s Sys=0.00s Real=0.01s
[32.307s][info][gc,start    ] GC(709) Pause Young (Normal) (G1 Evacuation Pause)
[32.308s][info][gc,task     ] GC(709) Using 6 workers of 8 for evacuation
[32.317s][info][gc,phases   ] GC(709)   Pre Evacuate Collection Set: 0.5ms
[32.317s][info][gc,phases   ] GC(709)   Merge Heap Roots: 0.2ms
[32.318s][info][gc,phases   ] GC(709)   Evacuate Collection Set: 5.6ms
[32.318s][info][gc,phases   ] GC(709)   Post Evacuate Collection Set: 1.0ms
[32.319s][info][gc,phases   ] GC(709)   Other: 1.2ms
[32.319s][info][gc,heap     ] GC(709) Eden regions: 149->0(150)
[32.320s][info][gc,heap     ] GC(709) Survivor regions: 4->3(20)
[32.320s][info][gc,heap     ] GC(709) Old regions: 2->2
[32.320s][info][gc,heap     ] GC(709) Archive regions: 2->2
[32.321s][info][gc,heap     ] GC(709) Humongous regions: 0->0
[32.321s][info][gc,metaspace] GC(709) Metaspace: 615K(832K)->615K(832K) NonClass: 597K(704K)->597K(704K) Class: 17K(128K)->17K(128K)
[32.321s][info][gc          ] GC(709) Pause Young (Normal) (G1 Evacuation Pause) 154M->5M(256M) 14.148ms
[32.322s][info][gc,cpu      ] GC(709) User=0.00s Sys=0.01s Real=0.01s
[32.366s][info][gc,start    ] GC(710) Pause Young (Normal) (G1 Evacuation Pause)
[32.366s][info][gc,task     ] GC(710) Using 6 workers of 8 for evacuation
[32.369s][info][gc,phases   ] GC(710)   Pre Evacuate Collection Set: 0.4ms
[32.370s][info][gc,phases   ] GC(710)   Merge Heap Roots: 0.2ms
[32.370s][info][gc,phases   ] GC(710)   Evacuate Collection Set: 1.2ms
[32.371s][info][gc,phases   ] GC(710)   Post Evacuate Collection Set: 0.8ms
[32.371s][info][gc,phases   ] GC(710)   Other: 0.5ms
[32.371s][info][gc,heap     ] GC(710) Eden regions: 150->0(149)
[32.371s][info][gc,heap     ] GC(710) Survivor regions: 3->4(20)
[32.372s][info][gc,heap     ] GC(710) Old regions: 2->2
[32.372s][info][gc,heap     ] GC(710) Archive regions: 2->2
[32.373s][info][gc,heap     ] GC(710) Humongous regions: 0->0
[32.374s][info][gc,metaspace] GC(710) Metaspace: 615K(832K)->615K(832K) NonClass: 597K(704K)->597K(704K) Class: 17K(128K)->17K(128K)
[32.374s][info][gc          ] GC(710) Pause Young (Normal) (G1 Evacuation Pause) 155M->6M(256M) 8.422ms
[32.375s][info][gc,cpu      ] GC(710) User=0.01s Sys=0.00s Real=0.01s
[32.421s][info][gc,start    ] GC(711) Pause Young (Normal) (G1 Evacuation Pause)
[32.422s][info][gc,task     ] GC(711) Using 6 workers of 8 for evacuation
[32.426s][info][gc,phases   ] GC(711)   Pre Evacuate Collection Set: 0.3ms
[32.427s][info][gc,phases   ] GC(711)   Merge Heap Roots: 0.2ms
[32.428s][info][gc,phases   ] GC(711)   Evacuate Collection Set: 2.0ms
[32.428s][info][gc,phases   ] GC(711)   Post Evacuate Collection Set: 1.5ms
[32.429s][info][gc,phases   ] GC(711)   Other: 0.5ms
[32.429s][info][gc,heap     ] GC(711) Eden regions: 149->0(149)
[32.430s][info][gc,heap     ] GC(711) Survivor regions: 4->4(20)
[32.430s][info][gc,heap     ] GC(711) Old regions: 2->2
[32.430s][info][gc,heap     ] GC(711) Archive regions: 2->2
[32.431s][info][gc,heap     ] GC(711) Humongous regions: 0->0
[32.432s][info][gc,metaspace] GC(711) Metaspace: 615K(832K)->615K(832K) NonClass: 597K(704K)->597K(704K) Class: 17K(128K)->17K(128K)
[32.432s][info][gc          ] GC(711) Pause Young (Normal) (G1 Evacuation Pause) 155M->5M(256M) 10.640ms
[32.432s][info][gc,cpu      ] GC(711) User=0.01s Sys=0.00s Real=0.01s
[32.472s][info][gc,start    ] GC(712) Pause Young (Normal) (G1 Evacuation Pause)
[32.472s][info][gc,task     ] GC(712) Using 6 workers of 8 for evacuation
[32.477s][info][gc,phases   ] GC(712)   Pre Evacuate Collection Set: 0.4ms
[32.477s][info][gc,phases   ] GC(712)   Merge Heap Roots: 0.3ms
[32.478s][info][gc,phases   ] GC(712)   Evacuate Collection Set: 1.7ms
[32.478s][info][gc,phases   ] GC(712)   Post Evacuate Collection Set: 1.5ms
[32.479s][info][gc,phases   ] GC(712)   Other: 0.5ms
[32.479s][info][gc,heap     ] GC(712) Eden regions: 149->0(149)
[32.479s][info][gc,heap     ] GC(712) Survivor regions: 4->4(20)
[32.480s][info][gc,heap     ] GC(712) Old regions: 2->2
[32.480s][info][gc,heap     ] GC(712) Archive regions: 2->2
[32.480s][info][gc,heap     ] GC(712) Humongous regions: 0->0
[32.481s][info][gc,metaspace] GC(712) Metaspace: 615K(832K)->615K(832K) NonClass: 597K(704K)->597K(704K) Class: 17K(128K)->17K(128K)
[32.481s][info][gc          ] GC(712) Pause Young (Normal) (G1 Evacuation Pause) 154M->5M(256M) 9.515ms
[32.481s][info][gc,cpu      ] GC(712) User=0.01s Sys=0.00s Real=0.01s
[32.521s][info][gc,start    ] GC(713) Pause Young (Normal) (G1 Evacuation Pause)
[32.521s][info][gc,task     ] GC(713) Using 6 workers of 8 for evacuation
[32.525s][info][gc,phases   ] GC(713)   Pre Evacuate Collection Set: 0.2ms
[32.526s][info][gc,phases   ] GC(713)   Merge Heap Roots: 0.2ms
[32.527s][info][gc,phases   ] GC(713)   Evacuate Collection Set: 1.2ms
[32.527s][info][gc,phases   ] GC(713)   Post Evacuate Collection Set: 1.8ms
[32.528s][info][gc,phases   ] GC(713)   Other: 0.5ms
[32.528s][info][gc,heap     ] GC(713) Eden regions: 149->0(150)
[32.528s][info][gc,heap     ] GC(713) Survivor regions: 4->3(20)
[32.529s][info][gc,heap     ] GC(713) Old regions: 2->2
[32.529s][info][gc,heap     ] GC(713) Archive regions: 2->2
[32.530s][info][gc,heap     ] GC(713) Humongous regions: 0->0
[32.530s][info][gc,metaspace] GC(713) Metaspace: 615K(832K)->615K(832K) NonClass: 597K(704K)->597K(704K) Class: 17K(128K)->17K(128K)
[32.531s][info][gc          ] GC(713) Pause Young (Normal) (G1 Evacuation Pause) 154M->5M(256M) 9.896ms
[32.531s][info][gc,cpu      ] GC(713) User=0.01s Sys=0.00s Real=0.01s
[32.571s][info][gc,start    ] GC(714) Pause Young (Normal) (G1 Evacuation Pause)
[32.571s][info][gc,task     ] GC(714) Using 6 workers of 8 for evacuation
[32.575s][info][gc,phases   ] GC(714)   Pre Evacuate Collection Set: 0.3ms
[32.576s][info][gc,phases   ] GC(714)   Merge Heap Roots: 0.2ms
[32.577s][info][gc,phases   ] GC(714)   Evacuate Collection Set: 1.5ms
[32.577s][info][gc,phases   ] GC(714)   Post Evacuate Collection Set: 1.4ms
[32.578s][info][gc,phases   ] GC(714)   Other: 0.5ms
[32.578s][info][gc,heap     ] GC(714) Eden regions: 150->0(149)
[32.579s][info][gc,heap     ] GC(714) Survivor regions: 3->4(20)
[32.579s][info][gc,heap     ] GC(714) Old regions: 2->2
[32.579s][info][gc,heap     ] GC(714) Archive regions: 2->2
[32.580s][info][gc,heap     ] GC(714) Humongous regions: 0->0
[32.580s][info][gc,metaspace] GC(714) Metaspace: 615K(832K)->615K(832K) NonClass: 597K(704K)->597K(704K) Class: 17K(128K)->17K(128K)
[32.580s][info][gc          ] GC(714) Pause Young (Normal) (G1 Evacuation Pause) 155M->6M(256M) 9.732ms
[32.581s][info][gc,cpu      ] GC(714) User=0.01s Sys=0.00s Real=0.01s
[32.621s][info][gc,start    ] GC(715) Pause Young (Normal) (G1 Evacuation Pause)
[32.621s][info][gc,task     ] GC(715) Using 6 workers of 8 for evacuation
[32.626s][info][gc,phases   ] GC(715)   Pre Evacuate Collection Set: 0.2ms
[32.627s][info][gc,phases   ] GC(715)   Merge Heap Roots: 0.3ms
[32.628s][info][gc,phases   ] GC(715)   Evacuate Collection Set: 2.3ms
[32.628s][info][gc,phases   ] GC(715)   Post Evacuate Collection Set: 1.4ms
[32.628s][info][gc,phases   ] GC(715)   Other: 0.5ms
[32.629s][info][gc,heap     ] GC(715) Eden regions: 149->0(149)
[32.629s][info][gc,heap     ] GC(715) Survivor regions: 4->4(20)
[32.630s][info][gc,heap     ] GC(715) Old regions: 2->2
[32.630s][info][gc,heap     ] GC(715) Archive regions: 2->2
[32.630s][info][gc,heap     ] GC(715) Humongous regions: 0->0
[32.631s][info][gc,metaspace] GC(715) Metaspace: 615K(832K)->615K(832K) NonClass: 597K(704K)->597K(704K) Class: 17K(128K)->17K(128K)
[32.631s][info][gc          ] GC(715) Pause Young (Normal) (G1 Evacuation Pause) 155M->5M(256M) 10.136ms
[32.631s][info][gc,cpu      ] GC(715) User=0.01s Sys=0.00s Real=0.01s
[32.670s][info][gc,start    ] GC(716) Pause Young (Normal) (G1 Evacuation Pause)
[32.671s][info][gc,task     ] GC(716) Using 6 workers of 8 for evacuation
[32.674s][info][gc,phases   ] GC(716)   Pre Evacuate Collection Set: 0.3ms
[32.675s][info][gc,phases   ] GC(716)   Merge Heap Roots: 0.2ms
[32.676s][info][gc,phases   ] GC(716)   Evacuate Collection Set: 0.9ms
[32.677s][info][gc,phases   ] GC(716)   Post Evacuate Collection Set: 1.5ms
[32.678s][info][gc,phases   ] GC(716)   Other: 0.5ms
[32.678s][info][gc,heap     ] GC(716) Eden regions: 149->0(150)
[32.678s][info][gc,heap     ] GC(716) Survivor regions: 4->3(20)
[32.679s][info][gc,heap     ] GC(716) Old regions: 2->2
[32.679s][info][gc,heap     ] GC(716) Archive regions: 2->2
[32.679s][info][gc,heap     ] GC(716) Humongous regions: 0->0
[32.679s][info][gc,metaspace] GC(716) Metaspace: 615K(832K)->615K(832K) NonClass: 597K(704K)->597K(704K) Class: 17K(128K)->17K(128K)
[32.680s][info][gc          ] GC(716) Pause Young (Normal) (G1 Evacuation Pause) 154M->5M(256M) 9.348ms
[32.680s][info][gc,cpu      ] GC(716) User=0.01s Sys=0.00s Real=0.01s
[32.720s][info][gc,start    ] GC(717) Pause Young (Normal) (G1 Evacuation Pause)
[32.720s][info][gc,task     ] GC(717) Using 6 workers of 8 for evacuation
[32.724s][info][gc,phases   ] GC(717)   Pre Evacuate Collection Set: 0.2ms
[32.725s][info][gc,phases   ] GC(717)   Merge Heap Roots: 0.3ms
[32.726s][info][gc,phases   ] GC(717)   Evacuate Collection Set: 1.2ms
[32.727s][info][gc,phases   ] GC(717)   Post Evacuate Collection Set: 1.4ms
[32.727s][info][gc,phases   ] GC(717)   Other: 0.5ms
[32.728s][info][gc,heap     ] GC(717) Eden regions: 150->0(149)
[32.728s][info][gc,heap     ] GC(717) Survivor regions: 3->4(20)
[32.729s][info][gc,heap     ] GC(717) Old regions: 2->2
[32.729s][info][gc,heap     ] GC(717) Archive regions: 2->2
[32.730s][info][gc,heap     ] GC(717) Humongous regions: 0->0
[32.730s][info][gc,metaspace] GC(717) Metaspace: 615K(832K)->615K(832K) NonClass: 597K(704K)->597K(704K) Class: 17K(128K)->17K(128K)
[32.730s][info][gc          ] GC(717) Pause Young (Normal) (G1 Evacuation Pause) 155M->6M(256M) 10.587ms
[32.731s][info][gc,cpu      ] GC(717) User=0.01s Sys=0.00s Real=0.01s
[32.789s][info][gc,start    ] GC(718) Pause Young (Normal) (G1 Evacuation Pause)
[32.790s][info][gc,task     ] GC(718) Using 6 workers of 8 for evacuation
[32.798s][info][gc,phases   ] GC(718)   Pre Evacuate Collection Set: 0.5ms
[32.798s][info][gc,phases   ] GC(718)   Merge Heap Roots: 0.4ms
[32.799s][info][gc,phases   ] GC(718)   Evacuate Collection Set: 4.4ms
[32.799s][info][gc,phases   ] GC(718)   Post Evacuate Collection Set: 1.1ms
[32.800s][info][gc,phases   ] GC(718)   Other: 1.7ms
[32.800s][info][gc,heap     ] GC(718) Eden regions: 149->0(149)
[32.800s][info][gc,heap     ] GC(718) Survivor regions: 4->4(20)
[32.801s][info][gc,heap     ] GC(718) Old regions: 2->2
[32.801s][info][gc,heap     ] GC(718) Archive regions: 2->2
[32.801s][info][gc,heap     ] GC(718) Humongous regions: 0->0
[32.802s][info][gc,metaspace] GC(718) Metaspace: 615K(832K)->615K(832K) NonClass: 597K(704K)->597K(704K) Class: 17K(128K)->17K(128K)
[32.802s][info][gc          ] GC(718) Pause Young (Normal) (G1 Evacuation Pause) 155M->5M(256M) 13.347ms
[32.803s][info][gc,cpu      ] GC(718) User=0.01s Sys=0.01s Real=0.01s
[32.863s][info][gc,start    ] GC(719) Pause Young (Normal) (G1 Evacuation Pause)
[32.863s][info][gc,task     ] GC(719) Using 6 workers of 8 for evacuation
[32.866s][info][gc,phases   ] GC(719)   Pre Evacuate Collection Set: 0.3ms
[32.867s][info][gc,phases   ] GC(719)   Merge Heap Roots: 0.2ms
[32.867s][info][gc,phases   ] GC(719)   Evacuate Collection Set: 1.2ms
[32.868s][info][gc,phases   ] GC(719)   Post Evacuate Collection Set: 0.8ms
[32.868s][info][gc,phases   ] GC(719)   Other: 0.6ms
[32.869s][info][gc,heap     ] GC(719) Eden regions: 149->0(149)
[32.869s][info][gc,heap     ] GC(719) Survivor regions: 4->4(20)
[32.870s][info][gc,heap     ] GC(719) Old regions: 2->2
[32.870s][info][gc,heap     ] GC(719) Archive regions: 2->2
[32.870s][info][gc,heap     ] GC(719) Humongous regions: 0->0
[32.871s][info][gc,metaspace] GC(719) Metaspace: 615K(832K)->615K(832K) NonClass: 597K(704K)->597K(704K) Class: 17K(128K)->17K(128K)
[32.871s][info][gc          ] GC(719) Pause Young (Normal) (G1 Evacuation Pause) 154M->5M(256M) 8.670ms
[32.872s][info][gc,cpu      ] GC(719) User=0.00s Sys=0.00s Real=0.01s
[32.925s][info][gc,start    ] GC(720) Pause Young (Normal) (G1 Evacuation Pause)
[32.926s][info][gc,task     ] GC(720) Using 6 workers of 8 for evacuation
[32.932s][info][gc,phases   ] GC(720)   Pre Evacuate Collection Set: 0.5ms
[32.933s][info][gc,phases   ] GC(720)   Merge Heap Roots: 0.2ms
[32.933s][info][gc,phases   ] GC(720)   Evacuate Collection Set: 4.4ms
[32.934s][info][gc,phases   ] GC(720)   Post Evacuate Collection Set: 0.9ms
[32.934s][info][gc,phases   ] GC(720)   Other: 0.8ms
[32.934s][info][gc,heap     ] GC(720) Eden regions: 149->0(150)
[32.935s][info][gc,heap     ] GC(720) Survivor regions: 4->3(20)
[32.935s][info][gc,heap     ] GC(720) Old regions: 2->2
[32.935s][info][gc,heap     ] GC(720) Archive regions: 2->2
[32.936s][info][gc,heap     ] GC(720) Humongous regions: 0->0
[32.936s][info][gc,metaspace] GC(720) Metaspace: 615K(832K)->615K(832K) NonClass: 597K(704K)->597K(704K) Class: 17K(128K)->17K(128K)
[32.936s][info][gc          ] GC(720) Pause Young (Normal) (G1 Evacuation Pause) 154M->5M(256M) 11.835ms
[32.937s][info][gc,cpu      ] GC(720) User=0.00s Sys=0.01s Real=0.02s
[32.989s][info][gc,start    ] GC(721) Pause Young (Normal) (G1 Evacuation Pause)
[32.990s][info][gc,task     ] GC(721) Using 6 workers of 8 for evacuation
[32.996s][info][gc,phases   ] GC(721)   Pre Evacuate Collection Set: 0.6ms
[32.997s][info][gc,phases   ] GC(721)   Merge Heap Roots: 0.3ms
[32.997s][info][gc,phases   ] GC(721)   Evacuate Collection Set: 3.7ms
[32.998s][info][gc,phases   ] GC(721)   Post Evacuate Collection Set: 1.0ms
[32.999s][info][gc,phases   ] GC(721)   Other: 1.0ms
[33.000s][info][gc,heap     ] GC(721) Eden regions: 150->0(149)
[33.000s][info][gc,heap     ] GC(721) Survivor regions: 3->4(20)
[33.000s][info][gc,heap     ] GC(721) Old regions: 2->2
[33.001s][info][gc,heap     ] GC(721) Archive regions: 2->2
[33.001s][info][gc,heap     ] GC(721) Humongous regions: 0->0
[33.001s][info][gc,metaspace] GC(721) Metaspace: 615K(832K)->615K(832K) NonClass: 597K(704K)->597K(704K) Class: 17K(128K)->17K(128K)
[33.002s][info][gc          ] GC(721) Pause Young (Normal) (G1 Evacuation Pause) 155M->6M(256M) 12.936ms
[33.002s][info][gc,cpu      ] GC(721) User=0.01s Sys=0.00s Real=0.01s
[33.053s][info][gc,start    ] GC(722) Pause Young (Normal) (G1 Evacuation Pause)
[33.053s][info][gc,task     ] GC(722) Using 6 workers of 8 for evacuation
[33.057s][info][gc,phases   ] GC(722)   Pre Evacuate Collection Set: 0.2ms
[33.058s][info][gc,phases   ] GC(722)   Merge Heap Roots: 0.2ms
[33.061s][info][gc,phases   ] GC(722)   Evacuate Collection Set: 1.2ms
[33.062s][info][gc,phases   ] GC(722)   Post Evacuate Collection Set: 1.2ms
[33.063s][info][gc,phases   ] GC(722)   Other: 0.6ms
[33.063s][info][gc,heap     ] GC(722) Eden regions: 149->0(149)
[33.064s][info][gc,heap     ] GC(722) Survivor regions: 4->4(20)
[33.064s][info][gc,heap     ] GC(722) Old regions: 2->2
[33.065s][info][gc,heap     ] GC(722) Archive regions: 2->2
[33.066s][info][gc,heap     ] GC(722) Humongous regions: 0->0
[33.066s][info][gc,metaspace] GC(722) Metaspace: 615K(832K)->615K(832K) NonClass: 597K(704K)->597K(704K) Class: 17K(128K)->17K(128K)
[33.067s][info][gc          ] GC(722) Pause Young (Normal) (G1 Evacuation Pause) 155M->5M(256M) 14.010ms
[33.067s][info][gc,cpu      ] GC(722) User=0.00s Sys=0.01s Real=0.02s
[33.117s][info][gc,start    ] GC(723) Pause Young (Normal) (G1 Evacuation Pause)
[33.118s][info][gc,task     ] GC(723) Using 6 workers of 8 for evacuation
[33.122s][info][gc,phases   ] GC(723)   Pre Evacuate Collection Set: 0.3ms
[33.123s][info][gc,phases   ] GC(723)   Merge Heap Roots: 0.3ms
[33.123s][info][gc,phases   ] GC(723)   Evacuate Collection Set: 1.6ms
[33.124s][info][gc,phases   ] GC(723)   Post Evacuate Collection Set: 1.0ms
[33.125s][info][gc,phases   ] GC(723)   Other: 1.2ms
[33.126s][info][gc,heap     ] GC(723) Eden regions: 149->0(150)
[33.128s][info][gc,heap     ] GC(723) Survivor regions: 4->3(20)
[33.128s][info][gc,heap     ] GC(723) Old regions: 2->2
[33.129s][info][gc,heap     ] GC(723) Archive regions: 2->2
[33.129s][info][gc,heap     ] GC(723) Humongous regions: 0->0
[33.130s][info][gc,metaspace] GC(723) Metaspace: 615K(832K)->615K(832K) NonClass: 597K(704K)->597K(704K) Class: 17K(128K)->17K(128K)
[33.130s][info][gc          ] GC(723) Pause Young (Normal) (G1 Evacuation Pause) 154M->5M(256M) 13.489ms
[33.131s][info][gc,cpu      ] GC(723) User=0.01s Sys=0.00s Real=0.01s
[33.177s][info][gc,start    ] GC(724) Pause Young (Normal) (G1 Evacuation Pause)
[33.177s][info][gc,task     ] GC(724) Using 6 workers of 8 for evacuation
[33.181s][info][gc,phases   ] GC(724)   Pre Evacuate Collection Set: 0.4ms
[33.182s][info][gc,phases   ] GC(724)   Merge Heap Roots: 0.3ms
[33.183s][info][gc,phases   ] GC(724)   Evacuate Collection Set: 1.3ms
[33.183s][info][gc,phases   ] GC(724)   Post Evacuate Collection Set: 1.3ms
[33.183s][info][gc,phases   ] GC(724)   Other: 0.8ms
[33.184s][info][gc,heap     ] GC(724) Eden regions: 150->0(149)
[33.184s][info][gc,heap     ] GC(724) Survivor regions: 3->4(20)
[33.184s][info][gc,heap     ] GC(724) Old regions: 2->2
[33.185s][info][gc,heap     ] GC(724) Archive regions: 2->2
[33.185s][info][gc,heap     ] GC(724) Humongous regions: 0->0
[33.185s][info][gc,metaspace] GC(724) Metaspace: 615K(832K)->615K(832K) NonClass: 597K(704K)->597K(704K) Class: 17K(128K)->17K(128K)
[33.186s][info][gc          ] GC(724) Pause Young (Normal) (G1 Evacuation Pause) 155M->6M(256M) 9.034ms
[33.186s][info][gc,cpu      ] GC(724) User=0.01s Sys=0.01s Real=0.00s
[33.231s][info][gc,start    ] GC(725) Pause Young (Normal) (G1 Evacuation Pause)
[33.232s][info][gc,task     ] GC(725) Using 6 workers of 8 for evacuation
[33.234s][info][gc,phases   ] GC(725)   Pre Evacuate Collection Set: 0.3ms
[33.235s][info][gc,phases   ] GC(725)   Merge Heap Roots: 0.2ms
[33.235s][info][gc,phases   ] GC(725)   Evacuate Collection Set: 1.0ms
[33.236s][info][gc,phases   ] GC(725)   Post Evacuate Collection Set: 0.9ms
[33.236s][info][gc,phases   ] GC(725)   Other: 0.4ms
[33.236s][info][gc,heap     ] GC(725) Eden regions: 149->0(149)
[33.237s][info][gc,heap     ] GC(725) Survivor regions: 4->4(20)
[33.237s][info][gc,heap     ] GC(725) Old regions: 2->2
[33.237s][info][gc,heap     ] GC(725) Archive regions: 2->2
[33.238s][info][gc,heap     ] GC(725) Humongous regions: 0->0
[33.238s][info][gc,metaspace] GC(725) Metaspace: 615K(832K)->615K(832K) NonClass: 597K(704K)->597K(704K) Class: 17K(128K)->17K(128K)
[33.238s][info][gc          ] GC(725) Pause Young (Normal) (G1 Evacuation Pause) 155M->6M(256M) 7.195ms
[33.239s][info][gc,cpu      ] GC(725) User=0.01s Sys=0.00s Real=0.01s
[33.285s][info][gc,start    ] GC(726) Pause Young (Normal) (G1 Evacuation Pause)
[33.285s][info][gc,task     ] GC(726) Using 6 workers of 8 for evacuation
[33.288s][info][gc,phases   ] GC(726)   Pre Evacuate Collection Set: 0.2ms
[33.288s][info][gc,phases   ] GC(726)   Merge Heap Roots: 0.2ms
[33.288s][info][gc,phases   ] GC(726)   Evacuate Collection Set: 1.1ms
[33.289s][info][gc,phases   ] GC(726)   Post Evacuate Collection Set: 0.8ms
[33.289s][info][gc,phases   ] GC(726)   Other: 0.3ms
[33.290s][info][gc,heap     ] GC(726) Eden regions: 149->0(149)
[33.291s][info][gc,heap     ] GC(726) Survivor regions: 4->4(20)
[33.291s][info][gc,heap     ] GC(726) Old regions: 2->2
[33.294s][info][gc,heap     ] GC(726) Archive regions: 2->2
[33.295s][info][gc,heap     ] GC(726) Humongous regions: 0->0
[33.295s][info][gc,metaspace] GC(726) Metaspace: 615K(832K)->615K(832K) NonClass: 597K(704K)->597K(704K) Class: 17K(128K)->17K(128K)
[33.296s][info][gc          ] GC(726) Pause Young (Normal) (G1 Evacuation Pause) 155M->5M(256M) 11.582ms
[33.297s][info][gc,cpu      ] GC(726) User=0.00s Sys=0.00s Real=0.02s
[33.344s][info][gc,start    ] GC(727) Pause Young (Normal) (G1 Evacuation Pause)
[33.344s][info][gc,task     ] GC(727) Using 6 workers of 8 for evacuation
[33.347s][info][gc,phases   ] GC(727)   Pre Evacuate Collection Set: 0.3ms
[33.348s][info][gc,phases   ] GC(727)   Merge Heap Roots: 0.2ms
[33.348s][info][gc,phases   ] GC(727)   Evacuate Collection Set: 1.2ms
[33.348s][info][gc,phases   ] GC(727)   Post Evacuate Collection Set: 0.7ms
[33.349s][info][gc,phases   ] GC(727)   Other: 0.4ms
[33.349s][info][gc,heap     ] GC(727) Eden regions: 149->0(150)
[33.350s][info][gc,heap     ] GC(727) Survivor regions: 4->3(20)
[33.350s][info][gc,heap     ] GC(727) Old regions: 2->2
[33.351s][info][gc,heap     ] GC(727) Archive regions: 2->2
[33.351s][info][gc,heap     ] GC(727) Humongous regions: 0->0
[33.351s][info][gc,metaspace] GC(727) Metaspace: 615K(832K)->615K(832K) NonClass: 597K(704K)->597K(704K) Class: 17K(128K)->17K(128K)
[33.352s][info][gc          ] GC(727) Pause Young (Normal) (G1 Evacuation Pause) 154M->5M(256M) 8.254ms
[33.352s][info][gc,cpu      ] GC(727) User=0.00s Sys=0.00s Real=0.01s
[33.397s][info][gc,start    ] GC(728) Pause Young (Normal) (G1 Evacuation Pause)
[33.398s][info][gc,task     ] GC(728) Using 6 workers of 8 for evacuation
[33.400s][info][gc,phases   ] GC(728)   Pre Evacuate Collection Set: 0.2ms
[33.401s][info][gc,phases   ] GC(728)   Merge Heap Roots: 0.2ms
[33.401s][info][gc,phases   ] GC(728)   Evacuate Collection Set: 1.1ms
[33.402s][info][gc,phases   ] GC(728)   Post Evacuate Collection Set: 0.8ms
[33.402s][info][gc,phases   ] GC(728)   Other: 0.5ms
[33.402s][info][gc,heap     ] GC(728) Eden regions: 150->0(149)
[33.403s][info][gc,heap     ] GC(728) Survivor regions: 3->4(20)
[33.403s][info][gc,heap     ] GC(728) Old regions: 2->2
[33.403s][info][gc,heap     ] GC(728) Archive regions: 2->2
[33.403s][info][gc,heap     ] GC(728) Humongous regions: 0->0
[33.404s][info][gc,metaspace] GC(728) Metaspace: 615K(832K)->615K(832K) NonClass: 597K(704K)->597K(704K) Class: 17K(128K)->17K(128K)
[33.404s][info][gc          ] GC(728) Pause Young (Normal) (G1 Evacuation Pause) 155M->6M(256M) 6.917ms
[33.404s][info][gc,cpu      ] GC(728) User=0.01s Sys=0.01s Real=0.00s
[33.454s][info][gc,start    ] GC(729) Pause Young (Normal) (G1 Evacuation Pause)
[33.455s][info][gc,task     ] GC(729) Using 6 workers of 8 for evacuation
[33.461s][info][gc,phases   ] GC(729)   Pre Evacuate Collection Set: 0.3ms
[33.462s][info][gc,phases   ] GC(729)   Merge Heap Roots: 0.2ms
[33.462s][info][gc,phases   ] GC(729)   Evacuate Collection Set: 4.2ms
[33.462s][info][gc,phases   ] GC(729)   Post Evacuate Collection Set: 1.2ms
[33.463s][info][gc,phases   ] GC(729)   Other: 0.5ms
[33.463s][info][gc,heap     ] GC(729) Eden regions: 149->0(149)
[33.463s][info][gc,heap     ] GC(729) Survivor regions: 4->4(20)
[33.464s][info][gc,heap     ] GC(729) Old regions: 2->2
[33.464s][info][gc,heap     ] GC(729) Archive regions: 2->2
[33.465s][info][gc,heap     ] GC(729) Humongous regions: 0->0
[33.465s][info][gc,metaspace] GC(729) Metaspace: 615K(832K)->615K(832K) NonClass: 597K(704K)->597K(704K) Class: 17K(128K)->17K(128K)
[33.465s][info][gc          ] GC(729) Pause Young (Normal) (G1 Evacuation Pause) 155M->5M(256M) 10.959ms
[33.466s][info][gc,cpu      ] GC(729) User=0.01s Sys=0.00s Real=0.01s
[33.511s][info][gc,start    ] GC(730) Pause Young (Normal) (G1 Evacuation Pause)
[33.512s][info][gc,task     ] GC(730) Using 6 workers of 8 for evacuation
[33.515s][info][gc,phases   ] GC(730)   Pre Evacuate Collection Set: 0.2ms
[33.515s][info][gc,phases   ] GC(730)   Merge Heap Roots: 0.2ms
[33.515s][info][gc,phases   ] GC(730)   Evacuate Collection Set: 1.0ms
[33.516s][info][gc,phases   ] GC(730)   Post Evacuate Collection Set: 0.9ms
[33.516s][info][gc,phases   ] GC(730)   Other: 0.5ms
[33.517s][info][gc,heap     ] GC(730) Eden regions: 149->0(150)
[33.517s][info][gc,heap     ] GC(730) Survivor regions: 4->3(20)
[33.517s][info][gc,heap     ] GC(730) Old regions: 2->2
[33.518s][info][gc,heap     ] GC(730) Archive regions: 2->2
[33.518s][info][gc,heap     ] GC(730) Humongous regions: 0->0
[33.518s][info][gc,metaspace] GC(730) Metaspace: 615K(832K)->615K(832K) NonClass: 597K(704K)->597K(704K) Class: 17K(128K)->17K(128K)
[33.519s][info][gc          ] GC(730) Pause Young (Normal) (G1 Evacuation Pause) 154M->5M(256M) 7.619ms
[33.519s][info][gc,cpu      ] GC(730) User=0.00s Sys=0.00s Real=0.01s
[33.565s][info][gc,start    ] GC(731) Pause Young (Normal) (G1 Evacuation Pause)
[33.565s][info][gc,task     ] GC(731) Using 6 workers of 8 for evacuation
[33.569s][info][gc,phases   ] GC(731)   Pre Evacuate Collection Set: 0.3ms
[33.569s][info][gc,phases   ] GC(731)   Merge Heap Roots: 0.3ms
[33.570s][info][gc,phases   ] GC(731)   Evacuate Collection Set: 1.2ms
[33.570s][info][gc,phases   ] GC(731)   Post Evacuate Collection Set: 1.3ms
[33.570s][info][gc,phases   ] GC(731)   Other: 0.5ms
[33.571s][info][gc,heap     ] GC(731) Eden regions: 150->0(149)
[33.571s][info][gc,heap     ] GC(731) Survivor regions: 3->4(20)
[33.571s][info][gc,heap     ] GC(731) Old regions: 2->2
[33.572s][info][gc,heap     ] GC(731) Archive regions: 2->2
[33.572s][info][gc,heap     ] GC(731) Humongous regions: 0->0
[33.572s][info][gc,metaspace] GC(731) Metaspace: 615K(832K)->615K(832K) NonClass: 597K(704K)->597K(704K) Class: 17K(128K)->17K(128K)
[33.573s][info][gc          ] GC(731) Pause Young (Normal) (G1 Evacuation Pause) 155M->6M(256M) 8.186ms
[33.573s][info][gc,cpu      ] GC(731) User=0.01s Sys=0.00s Real=0.01s
[33.618s][info][gc,start    ] GC(732) Pause Young (Normal) (G1 Evacuation Pause)
[33.618s][info][gc,task     ] GC(732) Using 6 workers of 8 for evacuation
[33.621s][info][gc,phases   ] GC(732)   Pre Evacuate Collection Set: 0.3ms
[33.622s][info][gc,phases   ] GC(732)   Merge Heap Roots: 0.2ms
[33.622s][info][gc,phases   ] GC(732)   Evacuate Collection Set: 1.1ms
[33.622s][info][gc,phases   ] GC(732)   Post Evacuate Collection Set: 0.8ms
[33.623s][info][gc,phases   ] GC(732)   Other: 0.5ms
[33.623s][info][gc,heap     ] GC(732) Eden regions: 149->0(149)
[33.624s][info][gc,heap     ] GC(732) Survivor regions: 4->4(20)
[33.625s][info][gc,heap     ] GC(732) Old regions: 2->2
[33.626s][info][gc,heap     ] GC(732) Archive regions: 2->2
[33.627s][info][gc,heap     ] GC(732) Humongous regions: 0->0
[33.628s][info][gc,metaspace] GC(732) Metaspace: 615K(832K)->615K(832K) NonClass: 597K(704K)->597K(704K) Class: 17K(128K)->17K(128K)
[33.628s][info][gc          ] GC(732) Pause Young (Normal) (G1 Evacuation Pause) 155M->5M(256M) 10.439ms
[33.629s][info][gc,cpu      ] GC(732) User=0.01s Sys=0.00s Real=0.01s
[33.668s][info][gc,start    ] GC(733) Pause Young (Normal) (G1 Evacuation Pause)
[33.668s][info][gc,task     ] GC(733) Using 6 workers of 8 for evacuation
[33.671s][info][gc,phases   ] GC(733)   Pre Evacuate Collection Set: 0.2ms
[33.671s][info][gc,phases   ] GC(733)   Merge Heap Roots: 0.2ms
[33.672s][info][gc,phases   ] GC(733)   Evacuate Collection Set: 1.0ms
[33.672s][info][gc,phases   ] GC(733)   Post Evacuate Collection Set: 0.7ms
[33.672s][info][gc,phases   ] GC(733)   Other: 0.3ms
[33.673s][info][gc,heap     ] GC(733) Eden regions: 149->0(149)
[33.673s][info][gc,heap     ] GC(733) Survivor regions: 4->4(20)
[33.674s][info][gc,heap     ] GC(733) Old regions: 2->2
[33.674s][info][gc,heap     ] GC(733) Archive regions: 2->2
[33.675s][info][gc,heap     ] GC(733) Humongous regions: 0->0
[33.676s][info][gc,metaspace] GC(733) Metaspace: 615K(832K)->615K(832K) NonClass: 597K(704K)->597K(704K) Class: 17K(128K)->17K(128K)
[33.677s][info][gc          ] GC(733) Pause Young (Normal) (G1 Evacuation Pause) 154M->5M(256M) 8.856ms
[33.677s][info][gc,cpu      ] GC(733) User=0.00s Sys=0.00s Real=0.01s
[33.718s][info][gc,start    ] GC(734) Pause Young (Normal) (G1 Evacuation Pause)
[33.718s][info][gc,task     ] GC(734) Using 6 workers of 8 for evacuation
[33.721s][info][gc,phases   ] GC(734)   Pre Evacuate Collection Set: 0.3ms
[33.722s][info][gc,phases   ] GC(734)   Merge Heap Roots: 0.2ms
[33.722s][info][gc,phases   ] GC(734)   Evacuate Collection Set: 1.1ms
[33.722s][info][gc,phases   ] GC(734)   Post Evacuate Collection Set: 0.8ms
[33.723s][info][gc,phases   ] GC(734)   Other: 0.4ms
[33.723s][info][gc,heap     ] GC(734) Eden regions: 149->0(150)
[33.724s][info][gc,heap     ] GC(734) Survivor regions: 4->3(20)
[33.731s][info][gc,heap     ] GC(734) Old regions: 2->2
[33.732s][info][gc,heap     ] GC(734) Archive regions: 2->2
[33.732s][info][gc,heap     ] GC(734) Humongous regions: 0->0
[33.732s][info][gc,metaspace] GC(734) Metaspace: 615K(832K)->615K(832K) NonClass: 597K(704K)->597K(704K) Class: 17K(128K)->17K(128K)
[33.733s][info][gc          ] GC(734) Pause Young (Normal) (G1 Evacuation Pause) 154M->5M(256M) 15.470ms
[33.734s][info][gc,cpu      ] GC(734) User=0.01s Sys=0.00s Real=0.01s
[33.778s][info][gc,start    ] GC(735) Pause Young (Normal) (G1 Evacuation Pause)
[33.779s][info][gc,task     ] GC(735) Using 6 workers of 8 for evacuation
[33.782s][info][gc,phases   ] GC(735)   Pre Evacuate Collection Set: 0.3ms
[33.783s][info][gc,phases   ] GC(735)   Merge Heap Roots: 0.2ms
[33.783s][info][gc,phases   ] GC(735)   Evacuate Collection Set: 1.5ms
[33.783s][info][gc,phases   ] GC(735)   Post Evacuate Collection Set: 0.8ms
[33.784s][info][gc,phases   ] GC(735)   Other: 0.7ms
[33.784s][info][gc,heap     ] GC(735) Eden regions: 150->0(149)
[33.784s][info][gc,heap     ] GC(735) Survivor regions: 3->4(20)
[33.785s][info][gc,heap     ] GC(735) Old regions: 2->2
[33.785s][info][gc,heap     ] GC(735) Archive regions: 2->2
[33.785s][info][gc,heap     ] GC(735) Humongous regions: 0->0
[33.785s][info][gc,metaspace] GC(735) Metaspace: 615K(832K)->615K(832K) NonClass: 597K(704K)->597K(704K) Class: 17K(128K)->17K(128K)
[33.786s][info][gc          ] GC(735) Pause Young (Normal) (G1 Evacuation Pause) 155M->5M(256M) 7.982ms
[33.786s][info][gc,cpu      ] GC(735) User=0.01s Sys=0.00s Real=0.00s
[33.831s][info][gc,start    ] GC(736) Pause Young (Normal) (G1 Evacuation Pause)
[33.832s][info][gc,task     ] GC(736) Using 6 workers of 8 for evacuation
[33.835s][info][gc,phases   ] GC(736)   Pre Evacuate Collection Set: 0.3ms
[33.836s][info][gc,phases   ] GC(736)   Merge Heap Roots: 0.3ms
[33.836s][info][gc,phases   ] GC(736)   Evacuate Collection Set: 1.4ms
[33.836s][info][gc,phases   ] GC(736)   Post Evacuate Collection Set: 0.8ms
[33.837s][info][gc,phases   ] GC(736)   Other: 0.5ms
[33.837s][info][gc,heap     ] GC(736) Eden regions: 149->0(150)
[33.837s][info][gc,heap     ] GC(736) Survivor regions: 4->3(20)
[33.838s][info][gc,heap     ] GC(736) Old regions: 2->2
[33.838s][info][gc,heap     ] GC(736) Archive regions: 2->2
[33.838s][info][gc,heap     ] GC(736) Humongous regions: 0->0
[33.839s][info][gc,metaspace] GC(736) Metaspace: 615K(832K)->615K(832K) NonClass: 597K(704K)->597K(704K) Class: 17K(128K)->17K(128K)
[33.839s][info][gc          ] GC(736) Pause Young (Normal) (G1 Evacuation Pause) 154M->5M(256M) 7.711ms
[33.839s][info][gc,cpu      ] GC(736) User=0.00s Sys=0.00s Real=0.01s
[33.885s][info][gc,start    ] GC(737) Pause Young (Normal) (G1 Evacuation Pause)
[33.885s][info][gc,task     ] GC(737) Using 6 workers of 8 for evacuation
[33.888s][info][gc,phases   ] GC(737)   Pre Evacuate Collection Set: 0.3ms
[33.889s][info][gc,phases   ] GC(737)   Merge Heap Roots: 0.2ms
[33.889s][info][gc,phases   ] GC(737)   Evacuate Collection Set: 1.3ms
[33.890s][info][gc,phases   ] GC(737)   Post Evacuate Collection Set: 0.9ms
[33.890s][info][gc,phases   ] GC(737)   Other: 0.5ms
[33.891s][info][gc,heap     ] GC(737) Eden regions: 150->0(149)
[33.892s][info][gc,heap     ] GC(737) Survivor regions: 3->4(20)
[33.893s][info][gc,heap     ] GC(737) Old regions: 2->2
[33.893s][info][gc,heap     ] GC(737) Archive regions: 2->2
[33.894s][info][gc,heap     ] GC(737) Humongous regions: 0->0
[33.894s][info][gc,metaspace] GC(737) Metaspace: 615K(832K)->615K(832K) NonClass: 597K(704K)->597K(704K) Class: 17K(128K)->17K(128K)
[33.895s][info][gc          ] GC(737) Pause Young (Normal) (G1 Evacuation Pause) 155M->6M(256M) 9.905ms
[33.895s][info][gc,cpu      ] GC(737) User=0.01s Sys=0.00s Real=0.01s
[33.938s][info][gc,start    ] GC(738) Pause Young (Normal) (G1 Evacuation Pause)
[33.938s][info][gc,task     ] GC(738) Using 6 workers of 8 for evacuation
[33.943s][info][gc,phases   ] GC(738)   Pre Evacuate Collection Set: 0.4ms
[33.944s][info][gc,phases   ] GC(738)   Merge Heap Roots: 0.3ms
[33.945s][info][gc,phases   ] GC(738)   Evacuate Collection Set: 2.2ms
[33.945s][info][gc,phases   ] GC(738)   Post Evacuate Collection Set: 1.6ms
[33.945s][info][gc,phases   ] GC(738)   Other: 0.5ms
[33.946s][info][gc,heap     ] GC(738) Eden regions: 149->0(149)
[33.946s][info][gc,heap     ] GC(738) Survivor regions: 4->4(20)
[33.947s][info][gc,heap     ] GC(738) Old regions: 2->2
[33.947s][info][gc,heap     ] GC(738) Archive regions: 2->2
[33.947s][info][gc,heap     ] GC(738) Humongous regions: 0->0
[33.948s][info][gc,metaspace] GC(738) Metaspace: 615K(832K)->615K(832K) NonClass: 597K(704K)->597K(704K) Class: 17K(128K)->17K(128K)
[33.948s][info][gc          ] GC(738) Pause Young (Normal) (G1 Evacuation Pause) 155M->6M(256M) 10.207ms
[33.949s][info][gc,cpu      ] GC(738) User=0.01s Sys=0.01s Real=0.01s
[33.989s][info][gc,start    ] GC(739) Pause Young (Normal) (G1 Evacuation Pause)
[33.989s][info][gc,task     ] GC(739) Using 6 workers of 8 for evacuation
[33.995s][info][gc,phases   ] GC(739)   Pre Evacuate Collection Set: 0.6ms
[33.996s][info][gc,phases   ] GC(739)   Merge Heap Roots: 0.4ms
[33.996s][info][gc,phases   ] GC(739)   Evacuate Collection Set: 2.5ms
[33.997s][info][gc,phases   ] GC(739)   Post Evacuate Collection Set: 1.1ms
[33.997s][info][gc,phases   ] GC(739)   Other: 0.7ms
[33.998s][info][gc,heap     ] GC(739) Eden regions: 149->0(149)
[33.998s][info][gc,heap     ] GC(739) Survivor regions: 4->4(20)
[33.998s][info][gc,heap     ] GC(739) Old regions: 2->2
[33.999s][info][gc,heap     ] GC(739) Archive regions: 2->2
[33.999s][info][gc,heap     ] GC(739) Humongous regions: 0->0
[33.999s][info][gc,metaspace] GC(739) Metaspace: 615K(832K)->615K(832K) NonClass: 597K(704K)->597K(704K) Class: 17K(128K)->17K(128K)
[34.000s][info][gc          ] GC(739) Pause Young (Normal) (G1 Evacuation Pause) 155M->5M(256M) 10.724ms
[34.000s][info][gc,cpu      ] GC(739) User=0.01s Sys=0.00s Real=0.01s
[34.042s][info][gc,start    ] GC(740) Pause Young (Normal) (G1 Evacuation Pause)
[34.042s][info][gc,task     ] GC(740) Using 6 workers of 8 for evacuation
[34.046s][info][gc,phases   ] GC(740)   Pre Evacuate Collection Set: 0.3ms
[34.047s][info][gc,phases   ] GC(740)   Merge Heap Roots: 0.2ms
[34.048s][info][gc,phases   ] GC(740)   Evacuate Collection Set: 1.1ms
[34.048s][info][gc,phases   ] GC(740)   Post Evacuate Collection Set: 1.0ms
[34.048s][info][gc,phases   ] GC(740)   Other: 1.5ms
[34.049s][info][gc,heap     ] GC(740) Eden regions: 149->0(150)
[34.049s][info][gc,heap     ] GC(740) Survivor regions: 4->3(20)
[34.049s][info][gc,heap     ] GC(740) Old regions: 2->2
[34.050s][info][gc,heap     ] GC(740) Archive regions: 2->2
[34.050s][info][gc,heap     ] GC(740) Humongous regions: 0->0
[34.050s][info][gc,metaspace] GC(740) Metaspace: 615K(832K)->615K(832K) NonClass: 597K(704K)->597K(704K) Class: 17K(128K)->17K(128K)
[34.051s][info][gc          ] GC(740) Pause Young (Normal) (G1 Evacuation Pause) 154M->5M(256M) 9.290ms
[34.051s][info][gc,cpu      ] GC(740) User=0.00s Sys=0.00s Real=0.01s
[34.096s][info][gc,start    ] GC(741) Pause Young (Normal) (G1 Evacuation Pause)
[34.096s][info][gc,task     ] GC(741) Using 6 workers of 8 for evacuation
[34.100s][info][gc,phases   ] GC(741)   Pre Evacuate Collection Set: 0.2ms
[34.100s][info][gc,phases   ] GC(741)   Merge Heap Roots: 0.3ms
[34.101s][info][gc,phases   ] GC(741)   Evacuate Collection Set: 1.7ms
[34.101s][info][gc,phases   ] GC(741)   Post Evacuate Collection Set: 0.9ms
[34.101s][info][gc,phases   ] GC(741)   Other: 0.4ms
[34.102s][info][gc,heap     ] GC(741) Eden regions: 150->0(149)
[34.102s][info][gc,heap     ] GC(741) Survivor regions: 3->4(20)
[34.102s][info][gc,heap     ] GC(741) Old regions: 2->2
[34.103s][info][gc,heap     ] GC(741) Archive regions: 2->2
[34.103s][info][gc,heap     ] GC(741) Humongous regions: 0->0
[34.103s][info][gc,metaspace] GC(741) Metaspace: 615K(832K)->615K(832K) NonClass: 597K(704K)->597K(704K) Class: 17K(128K)->17K(128K)
[34.103s][info][gc          ] GC(741) Pause Young (Normal) (G1 Evacuation Pause) 155M->6M(256M) 7.574ms
[34.104s][info][gc,cpu      ] GC(741) User=0.01s Sys=0.00s Real=0.01s
[34.166s][info][gc,start    ] GC(742) Pause Young (Normal) (G1 Evacuation Pause)
[34.175s][info][gc,task     ] GC(742) Using 6 workers of 8 for evacuation
[34.205s][info][gc,phases   ] GC(742)   Pre Evacuate Collection Set: 0.3ms
[34.205s][info][gc,phases   ] GC(742)   Merge Heap Roots: 0.2ms
[34.205s][info][gc,phases   ] GC(742)   Evacuate Collection Set: 0.8ms
[34.206s][info][gc,phases   ] GC(742)   Post Evacuate Collection Set: 1.0ms
[34.206s][info][gc,phases   ] GC(742)   Other: 27.4ms
[34.207s][info][gc,heap     ] GC(742) Eden regions: 149->0(149)
[34.207s][info][gc,heap     ] GC(742) Survivor regions: 4->4(20)
[34.207s][info][gc,heap     ] GC(742) Old regions: 2->2
[34.208s][info][gc,heap     ] GC(742) Archive regions: 2->2
[34.208s][info][gc,heap     ] GC(742) Humongous regions: 0->0
[34.208s][info][gc,metaspace] GC(742) Metaspace: 615K(832K)->615K(832K) NonClass: 597K(704K)->597K(704K) Class: 17K(128K)->17K(128K)
[34.209s][info][gc          ] GC(742) Pause Young (Normal) (G1 Evacuation Pause) 155M->6M(256M) 43.116ms
[34.209s][info][gc,cpu      ] GC(742) User=0.01s Sys=0.00s Real=0.05s
[34.254s][info][gc,start    ] GC(743) Pause Young (Normal) (G1 Evacuation Pause)
[34.254s][info][gc,task     ] GC(743) Using 6 workers of 8 for evacuation
[34.257s][info][gc,phases   ] GC(743)   Pre Evacuate Collection Set: 0.3ms
[34.258s][info][gc,phases   ] GC(743)   Merge Heap Roots: 0.2ms
[34.258s][info][gc,phases   ] GC(743)   Evacuate Collection Set: 1.0ms
[34.258s][info][gc,phases   ] GC(743)   Post Evacuate Collection Set: 0.9ms
[34.259s][info][gc,phases   ] GC(743)   Other: 0.4ms
[34.259s][info][gc,heap     ] GC(743) Eden regions: 149->0(149)
[34.260s][info][gc,heap     ] GC(743) Survivor regions: 4->4(20)
[34.260s][info][gc,heap     ] GC(743) Old regions: 2->2
[34.260s][info][gc,heap     ] GC(743) Archive regions: 2->2
[34.261s][info][gc,heap     ] GC(743) Humongous regions: 0->0
[34.261s][info][gc,metaspace] GC(743) Metaspace: 615K(832K)->615K(832K) NonClass: 597K(704K)->597K(704K) Class: 17K(128K)->17K(128K)
[34.261s][info][gc          ] GC(743) Pause Young (Normal) (G1 Evacuation Pause) 155M->5M(256M) 7.643ms
[34.262s][info][gc,cpu      ] GC(743) User=0.01s Sys=0.00s Real=0.01s
[34.309s][info][gc,start    ] GC(744) Pause Young (Normal) (G1 Evacuation Pause)
[34.313s][info][gc,task     ] GC(744) Using 6 workers of 8 for evacuation
[34.318s][info][gc,phases   ] GC(744)   Pre Evacuate Collection Set: 0.4ms
[34.319s][info][gc,phases   ] GC(744)   Merge Heap Roots: 0.2ms
[34.319s][info][gc,phases   ] GC(744)   Evacuate Collection Set: 2.1ms
[34.319s][info][gc,phases   ] GC(744)   Post Evacuate Collection Set: 1.0ms
[34.320s][info][gc,phases   ] GC(744)   Other: 0.9ms
[34.320s][info][gc,heap     ] GC(744) Eden regions: 149->0(150)
[34.321s][info][gc,heap     ] GC(744) Survivor regions: 4->3(20)
[34.321s][info][gc,heap     ] GC(744) Old regions: 2->2
[34.322s][info][gc,heap     ] GC(744) Archive regions: 2->2
[34.322s][info][gc,heap     ] GC(744) Humongous regions: 0->0
[34.322s][info][gc,metaspace] GC(744) Metaspace: 615K(832K)->615K(832K) NonClass: 597K(704K)->597K(704K) Class: 17K(128K)->17K(128K)
[34.323s][info][gc          ] GC(744) Pause Young (Normal) (G1 Evacuation Pause) 154M->5M(256M) 13.722ms
[34.324s][info][gc,cpu      ] GC(744) User=0.00s Sys=0.01s Real=0.01s
[34.372s][info][gc,start    ] GC(745) Pause Young (Normal) (G1 Evacuation Pause)
[34.372s][info][gc,task     ] GC(745) Using 6 workers of 8 for evacuation
[34.378s][info][gc,phases   ] GC(745)   Pre Evacuate Collection Set: 0.6ms
[34.378s][info][gc,phases   ] GC(745)   Merge Heap Roots: 0.4ms
[34.379s][info][gc,phases   ] GC(745)   Evacuate Collection Set: 2.3ms
[34.379s][info][gc,phases   ] GC(745)   Post Evacuate Collection Set: 1.2ms
[34.379s][info][gc,phases   ] GC(745)   Other: 0.7ms
[34.380s][info][gc,heap     ] GC(745) Eden regions: 150->0(149)
[34.380s][info][gc,heap     ] GC(745) Survivor regions: 3->4(20)
[34.381s][info][gc,heap     ] GC(745) Old regions: 2->2
[34.381s][info][gc,heap     ] GC(745) Archive regions: 2->2
[34.382s][info][gc,heap     ] GC(745) Humongous regions: 0->0
[34.382s][info][gc,metaspace] GC(745) Metaspace: 615K(832K)->615K(832K) NonClass: 597K(704K)->597K(704K) Class: 17K(128K)->17K(128K)
[34.382s][info][gc          ] GC(745) Pause Young (Normal) (G1 Evacuation Pause) 155M->6M(256M) 10.493ms
[34.383s][info][gc,cpu      ] GC(745) User=0.00s Sys=0.01s Real=0.01s
[34.424s][info][gc,start    ] GC(746) Pause Young (Normal) (G1 Evacuation Pause)
[34.426s][info][gc,task     ] GC(746) Using 6 workers of 8 for evacuation
[34.430s][info][gc,phases   ] GC(746)   Pre Evacuate Collection Set: 0.3ms
[34.430s][info][gc,phases   ] GC(746)   Merge Heap Roots: 0.2ms
[34.431s][info][gc,phases   ] GC(746)   Evacuate Collection Set: 1.2ms
[34.432s][info][gc,phases   ] GC(746)   Post Evacuate Collection Set: 1.0ms
[34.432s][info][gc,phases   ] GC(746)   Other: 1.3ms
[34.432s][info][gc,heap     ] GC(746) Eden regions: 149->0(149)
[34.433s][info][gc,heap     ] GC(746) Survivor regions: 4->4(20)
[34.433s][info][gc,heap     ] GC(746) Old regions: 2->2
[34.433s][info][gc,heap     ] GC(746) Archive regions: 2->2
[34.434s][info][gc,heap     ] GC(746) Humongous regions: 0->0
[34.434s][info][gc,metaspace] GC(746) Metaspace: 615K(832K)->615K(832K) NonClass: 597K(704K)->597K(704K) Class: 17K(128K)->17K(128K)
[34.434s][info][gc          ] GC(746) Pause Young (Normal) (G1 Evacuation Pause) 155M->5M(256M) 10.394ms
[34.435s][info][gc,cpu      ] GC(746) User=0.01s Sys=0.00s Real=0.01s
[34.479s][info][gc,start    ] GC(747) Pause Young (Normal) (G1 Evacuation Pause)
[34.480s][info][gc,task     ] GC(747) Using 6 workers of 8 for evacuation
[34.483s][info][gc,phases   ] GC(747)   Pre Evacuate Collection Set: 0.3ms
[34.483s][info][gc,phases   ] GC(747)   Merge Heap Roots: 0.2ms
[34.484s][info][gc,phases   ] GC(747)   Evacuate Collection Set: 0.8ms
[34.484s][info][gc,phases   ] GC(747)   Post Evacuate Collection Set: 0.8ms
[34.484s][info][gc,phases   ] GC(747)   Other: 0.6ms
[34.485s][info][gc,heap     ] GC(747) Eden regions: 149->0(149)
[34.485s][info][gc,heap     ] GC(747) Survivor regions: 4->4(20)
[34.485s][info][gc,heap     ] GC(747) Old regions: 2->2
[34.485s][info][gc,heap     ] GC(747) Archive regions: 2->2
[34.486s][info][gc,heap     ] GC(747) Humongous regions: 0->0
[34.486s][info][gc,metaspace] GC(747) Metaspace: 615K(832K)->615K(832K) NonClass: 597K(704K)->597K(704K) Class: 17K(128K)->17K(128K)
[34.486s][info][gc          ] GC(747) Pause Young (Normal) (G1 Evacuation Pause) 154M->5M(256M) 6.913ms
[34.487s][info][gc,cpu      ] GC(747) User=0.01s Sys=0.00s Real=0.01s
[34.527s][info][gc,start    ] GC(748) Pause Young (Normal) (G1 Evacuation Pause)
[34.528s][info][gc,task     ] GC(748) Using 6 workers of 8 for evacuation
[34.531s][info][gc,phases   ] GC(748)   Pre Evacuate Collection Set: 0.3ms
[34.531s][info][gc,phases   ] GC(748)   Merge Heap Roots: 0.2ms
[34.531s][info][gc,phases   ] GC(748)   Evacuate Collection Set: 0.8ms
[34.532s][info][gc,phases   ] GC(748)   Post Evacuate Collection Set: 1.1ms
[34.532s][info][gc,phases   ] GC(748)   Other: 0.5ms
[34.532s][info][gc,heap     ] GC(748) Eden regions: 149->0(150)
[34.533s][info][gc,heap     ] GC(748) Survivor regions: 4->3(20)
[34.533s][info][gc,heap     ] GC(748) Old regions: 2->2
[34.533s][info][gc,heap     ] GC(748) Archive regions: 2->2
[34.534s][info][gc,heap     ] GC(748) Humongous regions: 0->0
[34.534s][info][gc,metaspace] GC(748) Metaspace: 615K(832K)->615K(832K) NonClass: 597K(704K)->597K(704K) Class: 17K(128K)->17K(128K)
[34.534s][info][gc          ] GC(748) Pause Young (Normal) (G1 Evacuation Pause) 154M->5M(256M) 7.584ms
[34.534s][info][gc,cpu      ] GC(748) User=0.01s Sys=0.00s Real=0.00s
[34.573s][info][gc,start    ] GC(749) Pause Young (Normal) (G1 Evacuation Pause)
[34.574s][info][gc,task     ] GC(749) Using 6 workers of 8 for evacuation
[34.579s][info][gc,phases   ] GC(749)   Pre Evacuate Collection Set: 0.6ms
[34.579s][info][gc,phases   ] GC(749)   Merge Heap Roots: 0.5ms
[34.580s][info][gc,phases   ] GC(749)   Evacuate Collection Set: 1.1ms
[34.580s][info][gc,phases   ] GC(749)   Post Evacuate Collection Set: 1.0ms
[34.580s][info][gc,phases   ] GC(749)   Other: 1.1ms
[34.581s][info][gc,heap     ] GC(749) Eden regions: 150->0(149)
[34.581s][info][gc,heap     ] GC(749) Survivor regions: 3->4(20)
[34.581s][info][gc,heap     ] GC(749) Old regions: 2->2
[34.582s][info][gc,heap     ] GC(749) Archive regions: 2->2
[34.582s][info][gc,heap     ] GC(749) Humongous regions: 0->0
[34.582s][info][gc,metaspace] GC(749) Metaspace: 615K(832K)->615K(832K) NonClass: 597K(704K)->597K(704K) Class: 17K(128K)->17K(128K)
[34.583s][info][gc          ] GC(749) Pause Young (Normal) (G1 Evacuation Pause) 155M->5M(256M) 9.653ms
[34.583s][info][gc,cpu      ] GC(749) User=0.00s Sys=0.01s Real=0.01s
[34.621s][info][gc,start    ] GC(750) Pause Young (Normal) (G1 Evacuation Pause)
[34.621s][info][gc,task     ] GC(750) Using 6 workers of 8 for evacuation
[34.625s][info][gc,phases   ] GC(750)   Pre Evacuate Collection Set: 0.2ms
[34.627s][info][gc,phases   ] GC(750)   Merge Heap Roots: 0.2ms
[34.628s][info][gc,phases   ] GC(750)   Evacuate Collection Set: 1.6ms
[34.628s][info][gc,phases   ] GC(750)   Post Evacuate Collection Set: 1.5ms
[34.628s][info][gc,phases   ] GC(750)   Other: 0.5ms
[34.629s][info][gc,heap     ] GC(750) Eden regions: 149->0(149)
[34.629s][info][gc,heap     ] GC(750) Survivor regions: 4->4(20)
[34.629s][info][gc,heap     ] GC(750) Old regions: 2->2
[34.630s][info][gc,heap     ] GC(750) Archive regions: 2->2
[34.630s][info][gc,heap     ] GC(750) Humongous regions: 0->0
[34.631s][info][gc,metaspace] GC(750) Metaspace: 615K(832K)->615K(832K) NonClass: 597K(704K)->597K(704K) Class: 17K(128K)->17K(128K)
[34.631s][info][gc          ] GC(750) Pause Young (Normal) (G1 Evacuation Pause) 154M->5M(256M) 10.095ms
[34.631s][info][gc,cpu      ] GC(750) User=0.01s Sys=0.00s Real=0.01s
[34.679s][info][gc,start    ] GC(751) Pause Young (Normal) (G1 Evacuation Pause)
[34.680s][info][gc,task     ] GC(751) Using 6 workers of 8 for evacuation
[34.682s][info][gc,phases   ] GC(751)   Pre Evacuate Collection Set: 0.2ms
[34.683s][info][gc,phases   ] GC(751)   Merge Heap Roots: 0.2ms
[34.683s][info][gc,phases   ] GC(751)   Evacuate Collection Set: 1.1ms
[34.683s][info][gc,phases   ] GC(751)   Post Evacuate Collection Set: 0.8ms
[34.684s][info][gc,phases   ] GC(751)   Other: 0.4ms
[34.684s][info][gc,heap     ] GC(751) Eden regions: 149->0(150)
[34.684s][info][gc,heap     ] GC(751) Survivor regions: 4->3(20)
[34.685s][info][gc,heap     ] GC(751) Old regions: 2->2
[34.685s][info][gc,heap     ] GC(751) Archive regions: 2->2
[34.685s][info][gc,heap     ] GC(751) Humongous regions: 0->0
[34.686s][info][gc,metaspace] GC(751) Metaspace: 615K(832K)->615K(832K) NonClass: 597K(704K)->597K(704K) Class: 17K(128K)->17K(128K)
[34.686s][info][gc          ] GC(751) Pause Young (Normal) (G1 Evacuation Pause) 154M->5M(256M) 6.730ms
[34.686s][info][gc,cpu      ] GC(751) User=0.01s Sys=0.00s Real=0.00s
[34.734s][info][gc,start    ] GC(752) Pause Young (Normal) (G1 Evacuation Pause)
[34.735s][info][gc,task     ] GC(752) Using 6 workers of 8 for evacuation
[34.737s][info][gc,phases   ] GC(752)   Pre Evacuate Collection Set: 0.2ms
[34.737s][info][gc,phases   ] GC(752)   Merge Heap Roots: 0.2ms
[34.738s][info][gc,phases   ] GC(752)   Evacuate Collection Set: 1.0ms
[34.738s][info][gc,phases   ] GC(752)   Post Evacuate Collection Set: 0.8ms
[34.738s][info][gc,phases   ] GC(752)   Other: 0.4ms
[34.739s][info][gc,heap     ] GC(752) Eden regions: 150->0(149)
[34.739s][info][gc,heap     ] GC(752) Survivor regions: 3->4(20)
[34.739s][info][gc,heap     ] GC(752) Old regions: 2->2
[34.740s][info][gc,heap     ] GC(752) Archive regions: 2->2
[34.740s][info][gc,heap     ] GC(752) Humongous regions: 0->0
[34.741s][info][gc,metaspace] GC(752) Metaspace: 615K(832K)->615K(832K) NonClass: 597K(704K)->597K(704K) Class: 17K(128K)->17K(128K)
[34.742s][info][gc          ] GC(752) Pause Young (Normal) (G1 Evacuation Pause) 155M->5M(256M) 7.696ms
[34.743s][info][gc,cpu      ] GC(752) User=0.00s Sys=0.01s Real=0.01s
[34.786s][info][gc,start    ] GC(753) Pause Young (Normal) (G1 Evacuation Pause)
[34.786s][info][gc,task     ] GC(753) Using 6 workers of 8 for evacuation
[34.789s][info][gc,phases   ] GC(753)   Pre Evacuate Collection Set: 0.3ms
[34.790s][info][gc,phases   ] GC(753)   Merge Heap Roots: 0.3ms
[34.790s][info][gc,phases   ] GC(753)   Evacuate Collection Set: 0.8ms
[34.791s][info][gc,phases   ] GC(753)   Post Evacuate Collection Set: 0.7ms
[34.791s][info][gc,phases   ] GC(753)   Other: 0.6ms
[34.792s][info][gc,heap     ] GC(753) Eden regions: 149->0(149)
[34.793s][info][gc,heap     ] GC(753) Survivor regions: 4->4(20)
[34.793s][info][gc,heap     ] GC(753) Old regions: 2->2
[34.794s][info][gc,heap     ] GC(753) Archive regions: 2->2
[34.794s][info][gc,heap     ] GC(753) Humongous regions: 0->0
[34.794s][info][gc,metaspace] GC(753) Metaspace: 615K(832K)->615K(832K) NonClass: 597K(704K)->597K(704K) Class: 17K(128K)->17K(128K)
[34.795s][info][gc          ] GC(753) Pause Young (Normal) (G1 Evacuation Pause) 154M->5M(256M) 8.650ms
[34.795s][info][gc,cpu      ] GC(753) User=0.00s Sys=0.00s Real=0.01s
[34.846s][info][gc,start    ] GC(754) Pause Young (Normal) (G1 Evacuation Pause)
[34.847s][info][gc,task     ] GC(754) Using 6 workers of 8 for evacuation
[34.850s][info][gc,phases   ] GC(754)   Pre Evacuate Collection Set: 0.4ms
[34.850s][info][gc,phases   ] GC(754)   Merge Heap Roots: 0.2ms
[34.850s][info][gc,phases   ] GC(754)   Evacuate Collection Set: 1.0ms
[34.851s][info][gc,phases   ] GC(754)   Post Evacuate Collection Set: 0.8ms
[34.851s][info][gc,phases   ] GC(754)   Other: 0.6ms
[34.851s][info][gc,heap     ] GC(754) Eden regions: 149->0(150)
[34.852s][info][gc,heap     ] GC(754) Survivor regions: 4->3(20)
[34.852s][info][gc,heap     ] GC(754) Old regions: 2->2
[34.852s][info][gc,heap     ] GC(754) Archive regions: 2->2
[34.853s][info][gc,heap     ] GC(754) Humongous regions: 0->0
[34.853s][info][gc,metaspace] GC(754) Metaspace: 615K(832K)->615K(832K) NonClass: 597K(704K)->597K(704K) Class: 17K(128K)->17K(128K)
[34.853s][info][gc          ] GC(754) Pause Young (Normal) (G1 Evacuation Pause) 154M->5M(256M) 7.214ms
[34.854s][info][gc,cpu      ] GC(754) User=0.01s Sys=0.00s Real=0.01s
[34.900s][info][gc,start    ] GC(755) Pause Young (Normal) (G1 Evacuation Pause)
[34.900s][info][gc,task     ] GC(755) Using 6 workers of 8 for evacuation
[34.903s][info][gc,phases   ] GC(755)   Pre Evacuate Collection Set: 0.2ms
[34.904s][info][gc,phases   ] GC(755)   Merge Heap Roots: 0.3ms
[34.904s][info][gc,phases   ] GC(755)   Evacuate Collection Set: 1.1ms
[34.904s][info][gc,phases   ] GC(755)   Post Evacuate Collection Set: 0.7ms
[34.905s][info][gc,phases   ] GC(755)   Other: 1.0ms
[34.905s][info][gc,heap     ] GC(755) Eden regions: 150->0(149)
[34.905s][info][gc,heap     ] GC(755) Survivor regions: 3->4(20)
[34.906s][info][gc,heap     ] GC(755) Old regions: 2->2
[34.906s][info][gc,heap     ] GC(755) Archive regions: 2->2
[34.907s][info][gc,heap     ] GC(755) Humongous regions: 0->0
[34.907s][info][gc,metaspace] GC(755) Metaspace: 615K(832K)->615K(832K) NonClass: 597K(704K)->597K(704K) Class: 17K(128K)->17K(128K)
[34.907s][info][gc          ] GC(755) Pause Young (Normal) (G1 Evacuation Pause) 155M->6M(256M) 7.816ms
[34.908s][info][gc,cpu      ] GC(755) User=0.00s Sys=0.00s Real=0.01s
[34.954s][info][gc,start    ] GC(756) Pause Young (Normal) (G1 Evacuation Pause)
[34.954s][info][gc,task     ] GC(756) Using 6 workers of 8 for evacuation
[34.959s][info][gc,phases   ] GC(756)   Pre Evacuate Collection Set: 0.2ms
[34.961s][info][gc,phases   ] GC(756)   Merge Heap Roots: 0.3ms
[34.961s][info][gc,phases   ] GC(756)   Evacuate Collection Set: 2.7ms
[34.961s][info][gc,phases   ] GC(756)   Post Evacuate Collection Set: 1.3ms
[34.962s][info][gc,phases   ] GC(756)   Other: 0.5ms
[34.962s][info][gc,heap     ] GC(756) Eden regions: 149->0(149)
[34.963s][info][gc,heap     ] GC(756) Survivor regions: 4->4(20)
[34.963s][info][gc,heap     ] GC(756) Old regions: 2->2
[34.963s][info][gc,heap     ] GC(756) Archive regions: 2->2
[34.963s][info][gc,heap     ] GC(756) Humongous regions: 0->0
[34.964s][info][gc,metaspace] GC(756) Metaspace: 615K(832K)->615K(832K) NonClass: 597K(704K)->597K(704K) Class: 17K(128K)->17K(128K)
[34.964s][info][gc          ] GC(756) Pause Young (Normal) (G1 Evacuation Pause) 155M->6M(256M) 10.040ms
[34.964s][info][gc,cpu      ] GC(756) User=0.01s Sys=0.00s Real=0.01s
[35.011s][info][gc,start    ] GC(757) Pause Young (Normal) (G1 Evacuation Pause)
[35.011s][info][gc,task     ] GC(757) Using 6 workers of 8 for evacuation
[35.014s][info][gc,phases   ] GC(757)   Pre Evacuate Collection Set: 0.3ms
[35.015s][info][gc,phases   ] GC(757)   Merge Heap Roots: 0.2ms
[35.016s][info][gc,phases   ] GC(757)   Evacuate Collection Set: 1.1ms
[35.016s][info][gc,phases   ] GC(757)   Post Evacuate Collection Set: 0.9ms
[35.017s][info][gc,phases   ] GC(757)   Other: 0.5ms
[35.017s][info][gc,heap     ] GC(757) Eden regions: 149->0(150)
[35.017s][info][gc,heap     ] GC(757) Survivor regions: 4->3(20)
[35.017s][info][gc,heap     ] GC(757) Old regions: 2->2
[35.018s][info][gc,heap     ] GC(757) Archive regions: 2->2
[35.018s][info][gc,heap     ] GC(757) Humongous regions: 0->0
[35.018s][info][gc,metaspace] GC(757) Metaspace: 615K(832K)->615K(832K) NonClass: 597K(704K)->597K(704K) Class: 17K(128K)->17K(128K)
[35.019s][info][gc          ] GC(757) Pause Young (Normal) (G1 Evacuation Pause) 155M->5M(256M) 7.879ms
[35.019s][info][gc,cpu      ] GC(757) User=0.00s Sys=0.00s Real=0.01s
[35.065s][info][gc,start    ] GC(758) Pause Young (Normal) (G1 Evacuation Pause)
[35.066s][info][gc,task     ] GC(758) Using 6 workers of 8 for evacuation
[35.069s][info][gc,phases   ] GC(758)   Pre Evacuate Collection Set: 0.2ms
[35.069s][info][gc,phases   ] GC(758)   Merge Heap Roots: 0.2ms
[35.069s][info][gc,phases   ] GC(758)   Evacuate Collection Set: 1.2ms
[35.070s][info][gc,phases   ] GC(758)   Post Evacuate Collection Set: 0.9ms
[35.070s][info][gc,phases   ] GC(758)   Other: 0.4ms
[35.070s][info][gc,heap     ] GC(758) Eden regions: 150->0(149)
[35.071s][info][gc,heap     ] GC(758) Survivor regions: 3->4(20)
[35.071s][info][gc,heap     ] GC(758) Old regions: 2->2
[35.072s][info][gc,heap     ] GC(758) Archive regions: 2->2
[35.072s][info][gc,heap     ] GC(758) Humongous regions: 0->0
[35.073s][info][gc,metaspace] GC(758) Metaspace: 615K(832K)->615K(832K) NonClass: 597K(704K)->597K(704K) Class: 17K(128K)->17K(128K)
[35.073s][info][gc          ] GC(758) Pause Young (Normal) (G1 Evacuation Pause) 155M->6M(256M) 8.006ms
[35.074s][info][gc,cpu      ] GC(758) User=0.00s Sys=0.01s Real=0.01s
[35.120s][info][gc,start    ] GC(759) Pause Young (Normal) (G1 Evacuation Pause)
[35.120s][info][gc,task     ] GC(759) Using 6 workers of 8 for evacuation
[35.123s][info][gc,phases   ] GC(759)   Pre Evacuate Collection Set: 0.2ms
[35.124s][info][gc,phases   ] GC(759)   Merge Heap Roots: 0.3ms
[35.125s][info][gc,phases   ] GC(759)   Evacuate Collection Set: 0.9ms
[35.126s][info][gc,phases   ] GC(759)   Post Evacuate Collection Set: 0.9ms
[35.128s][info][gc,phases   ] GC(759)   Other: 0.5ms
[35.128s][info][gc,heap     ] GC(759) Eden regions: 149->0(149)
[35.129s][info][gc,heap     ] GC(759) Survivor regions: 4->4(20)
[35.129s][info][gc,heap     ] GC(759) Old regions: 2->2
[35.129s][info][gc,heap     ] GC(759) Archive regions: 2->2
[35.130s][info][gc,heap     ] GC(759) Humongous regions: 0->0
[35.130s][info][gc,metaspace] GC(759) Metaspace: 615K(832K)->615K(832K) NonClass: 597K(704K)->597K(704K) Class: 17K(128K)->17K(128K)
[35.131s][info][gc          ] GC(759) Pause Young (Normal) (G1 Evacuation Pause) 155M->6M(256M) 11.584ms
[35.132s][info][gc,cpu      ] GC(759) User=0.00s Sys=0.01s Real=0.01s
[35.176s][info][gc,start    ] GC(760) Pause Young (Normal) (G1 Evacuation Pause)
[35.177s][info][gc,task     ] GC(760) Using 6 workers of 8 for evacuation
[35.180s][info][gc,phases   ] GC(760)   Pre Evacuate Collection Set: 0.3ms
[35.181s][info][gc,phases   ] GC(760)   Merge Heap Roots: 0.2ms
[35.181s][info][gc,phases   ] GC(760)   Evacuate Collection Set: 1.1ms
[35.182s][info][gc,phases   ] GC(760)   Post Evacuate Collection Set: 0.8ms
[35.182s][info][gc,phases   ] GC(760)   Other: 0.8ms
[35.182s][info][gc,heap     ] GC(760) Eden regions: 149->0(149)
[35.183s][info][gc,heap     ] GC(760) Survivor regions: 4->4(20)
[35.183s][info][gc,heap     ] GC(760) Old regions: 2->2
[35.183s][info][gc,heap     ] GC(760) Archive regions: 2->2
[35.184s][info][gc,heap     ] GC(760) Humongous regions: 0->0
[35.184s][info][gc,metaspace] GC(760) Metaspace: 615K(832K)->615K(832K) NonClass: 597K(704K)->597K(704K) Class: 17K(128K)->17K(128K)
[35.184s][info][gc          ] GC(760) Pause Young (Normal) (G1 Evacuation Pause) 155M->5M(256M) 8.477ms
[35.185s][info][gc,cpu      ] GC(760) User=0.00s Sys=0.00s Real=0.01s
[35.234s][info][gc,start    ] GC(761) Pause Young (Normal) (G1 Evacuation Pause)
[35.235s][info][gc,task     ] GC(761) Using 6 workers of 8 for evacuation
[35.238s][info][gc,phases   ] GC(761)   Pre Evacuate Collection Set: 0.2ms
[35.238s][info][gc,phases   ] GC(761)   Merge Heap Roots: 0.2ms
[35.239s][info][gc,phases   ] GC(761)   Evacuate Collection Set: 1.0ms
[35.239s][info][gc,phases   ] GC(761)   Post Evacuate Collection Set: 0.8ms
[35.239s][info][gc,phases   ] GC(761)   Other: 0.4ms
[35.240s][info][gc,heap     ] GC(761) Eden regions: 149->0(150)
[35.241s][info][gc,heap     ] GC(761) Survivor regions: 4->3(20)
[35.241s][info][gc,heap     ] GC(761) Old regions: 2->2
[35.243s][info][gc,heap     ] GC(761) Archive regions: 2->2
[35.244s][info][gc,heap     ] GC(761) Humongous regions: 0->0
[35.245s][info][gc,metaspace] GC(761) Metaspace: 615K(832K)->615K(832K) NonClass: 597K(704K)->597K(704K) Class: 17K(128K)->17K(128K)
[35.245s][info][gc          ] GC(761) Pause Young (Normal) (G1 Evacuation Pause) 154M->5M(256M) 10.488ms
[35.245s][info][gc,cpu      ] GC(761) User=0.00s Sys=0.00s Real=0.01s
[35.288s][info][gc,start    ] GC(762) Pause Young (Normal) (G1 Evacuation Pause)
[35.289s][info][gc,task     ] GC(762) Using 6 workers of 8 for evacuation
[35.296s][info][gc,phases   ] GC(762)   Pre Evacuate Collection Set: 0.7ms
[35.297s][info][gc,phases   ] GC(762)   Merge Heap Roots: 0.6ms
[35.298s][info][gc,phases   ] GC(762)   Evacuate Collection Set: 2.8ms
[35.298s][info][gc,phases   ] GC(762)   Post Evacuate Collection Set: 2.7ms
[35.298s][info][gc,phases   ] GC(762)   Other: 0.8ms
[35.299s][info][gc,heap     ] GC(762) Eden regions: 150->0(149)
[35.300s][info][gc,heap     ] GC(762) Survivor regions: 3->4(20)
[35.300s][info][gc,heap     ] GC(762) Old regions: 2->2
[35.300s][info][gc,heap     ] GC(762) Archive regions: 2->2
[35.301s][info][gc,heap     ] GC(762) Humongous regions: 0->0
[35.301s][info][gc,metaspace] GC(762) Metaspace: 615K(832K)->615K(832K) NonClass: 597K(704K)->597K(704K) Class: 17K(128K)->17K(128K)
[35.301s][info][gc          ] GC(762) Pause Young (Normal) (G1 Evacuation Pause) 155M->6M(256M) 12.760ms
[35.301s][info][gc,cpu      ] GC(762) User=0.02s Sys=0.00s Real=0.01s
[35.352s][info][gc,start    ] GC(763) Pause Young (Normal) (G1 Evacuation Pause)
[35.353s][info][gc,task     ] GC(763) Using 6 workers of 8 for evacuation
[35.355s][info][gc,phases   ] GC(763)   Pre Evacuate Collection Set: 0.2ms
[35.356s][info][gc,phases   ] GC(763)   Merge Heap Roots: 0.2ms
[35.356s][info][gc,phases   ] GC(763)   Evacuate Collection Set: 1.1ms
[35.357s][info][gc,phases   ] GC(763)   Post Evacuate Collection Set: 0.8ms
[35.358s][info][gc,phases   ] GC(763)   Other: 0.4ms
[35.358s][info][gc,heap     ] GC(763) Eden regions: 149->0(149)
[35.359s][info][gc,heap     ] GC(763) Survivor regions: 4->4(20)
[35.360s][info][gc,heap     ] GC(763) Old regions: 2->2
[35.361s][info][gc,heap     ] GC(763) Archive regions: 2->2
[35.362s][info][gc,heap     ] GC(763) Humongous regions: 0->0
[35.362s][info][gc,metaspace] GC(763) Metaspace: 615K(832K)->615K(832K) NonClass: 597K(704K)->597K(704K) Class: 17K(128K)->17K(128K)
[35.362s][info][gc          ] GC(763) Pause Young (Normal) (G1 Evacuation Pause) 155M->6M(256M) 10.133ms
[35.363s][info][gc,cpu      ] GC(763) User=0.01s Sys=0.00s Real=0.01s
[35.409s][info][gc,start    ] GC(764) Pause Young (Normal) (G1 Evacuation Pause)
[35.411s][info][gc,task     ] GC(764) Using 6 workers of 8 for evacuation
[35.414s][info][gc,phases   ] GC(764)   Pre Evacuate Collection Set: 0.3ms
[35.415s][info][gc,phases   ] GC(764)   Merge Heap Roots: 0.4ms
[35.415s][info][gc,phases   ] GC(764)   Evacuate Collection Set: 1.0ms
[35.415s][info][gc,phases   ] GC(764)   Post Evacuate Collection Set: 1.0ms
[35.416s][info][gc,phases   ] GC(764)   Other: 0.5ms
[35.416s][info][gc,heap     ] GC(764) Eden regions: 149->0(150)
[35.417s][info][gc,heap     ] GC(764) Survivor regions: 4->3(20)
[35.417s][info][gc,heap     ] GC(764) Old regions: 2->2
[35.417s][info][gc,heap     ] GC(764) Archive regions: 2->2
[35.418s][info][gc,heap     ] GC(764) Humongous regions: 0->0
[35.418s][info][gc,metaspace] GC(764) Metaspace: 615K(832K)->615K(832K) NonClass: 597K(704K)->597K(704K) Class: 17K(128K)->17K(128K)
[35.418s][info][gc          ] GC(764) Pause Young (Normal) (G1 Evacuation Pause) 155M->5M(256M) 9.069ms
[35.419s][info][gc,cpu      ] GC(764) User=0.01s Sys=0.00s Real=0.01s
[35.464s][info][gc,start    ] GC(765) Pause Young (Normal) (G1 Evacuation Pause)
[35.464s][info][gc,task     ] GC(765) Using 6 workers of 8 for evacuation
[35.467s][info][gc,phases   ] GC(765)   Pre Evacuate Collection Set: 0.2ms
[35.468s][info][gc,phases   ] GC(765)   Merge Heap Roots: 0.2ms
[35.468s][info][gc,phases   ] GC(765)   Evacuate Collection Set: 1.2ms
[35.468s][info][gc,phases   ] GC(765)   Post Evacuate Collection Set: 0.9ms
[35.468s][info][gc,phases   ] GC(765)   Other: 0.4ms
[35.469s][info][gc,heap     ] GC(765) Eden regions: 150->0(149)
[35.469s][info][gc,heap     ] GC(765) Survivor regions: 3->4(20)
[35.469s][info][gc,heap     ] GC(765) Old regions: 2->2
[35.469s][info][gc,heap     ] GC(765) Archive regions: 2->2
[35.470s][info][gc,heap     ] GC(765) Humongous regions: 0->0
[35.470s][info][gc,metaspace] GC(765) Metaspace: 615K(832K)->615K(832K) NonClass: 597K(704K)->597K(704K) Class: 17K(128K)->17K(128K)
[35.470s][info][gc          ] GC(765) Pause Young (Normal) (G1 Evacuation Pause) 155M->6M(256M) 6.420ms
[35.471s][info][gc,cpu      ] GC(765) User=0.00s Sys=0.00s Real=0.01s
[35.515s][info][gc,start    ] GC(766) Pause Young (Normal) (G1 Evacuation Pause)
[35.515s][info][gc,task     ] GC(766) Using 6 workers of 8 for evacuation
[35.518s][info][gc,phases   ] GC(766)   Pre Evacuate Collection Set: 0.2ms
[35.519s][info][gc,phases   ] GC(766)   Merge Heap Roots: 0.2ms
[35.519s][info][gc,phases   ] GC(766)   Evacuate Collection Set: 1.4ms
[35.519s][info][gc,phases   ] GC(766)   Post Evacuate Collection Set: 0.8ms
[35.520s][info][gc,phases   ] GC(766)   Other: 0.4ms
[35.520s][info][gc,heap     ] GC(766) Eden regions: 149->0(149)
[35.520s][info][gc,heap     ] GC(766) Survivor regions: 4->4(20)
[35.520s][info][gc,heap     ] GC(766) Old regions: 2->2
[35.521s][info][gc,heap     ] GC(766) Archive regions: 2->2
[35.521s][info][gc,heap     ] GC(766) Humongous regions: 0->0
[35.521s][info][gc,metaspace] GC(766) Metaspace: 615K(832K)->615K(832K) NonClass: 597K(704K)->597K(704K) Class: 17K(128K)->17K(128K)
[35.521s][info][gc          ] GC(766) Pause Young (Normal) (G1 Evacuation Pause) 155M->6M(256M) 6.288ms
[35.522s][info][gc,cpu      ] GC(766) User=0.01s Sys=0.00s Real=0.01s
[35.564s][info][gc,start    ] GC(767) Pause Young (Normal) (G1 Evacuation Pause)
[35.565s][info][gc,task     ] GC(767) Using 6 workers of 8 for evacuation
[35.567s][info][gc,phases   ] GC(767)   Pre Evacuate Collection Set: 0.3ms
[35.568s][info][gc,phases   ] GC(767)   Merge Heap Roots: 0.2ms
[35.568s][info][gc,phases   ] GC(767)   Evacuate Collection Set: 1.1ms
[35.568s][info][gc,phases   ] GC(767)   Post Evacuate Collection Set: 0.7ms
[35.569s][info][gc,phases   ] GC(767)   Other: 0.4ms
[35.569s][info][gc,heap     ] GC(767) Eden regions: 149->0(149)
[35.569s][info][gc,heap     ] GC(767) Survivor regions: 4->4(20)
[35.569s][info][gc,heap     ] GC(767) Old regions: 2->2
[35.570s][info][gc,heap     ] GC(767) Archive regions: 2->2
[35.570s][info][gc,heap     ] GC(767) Humongous regions: 0->0
[35.570s][info][gc,metaspace] GC(767) Metaspace: 615K(832K)->615K(832K) NonClass: 597K(704K)->597K(704K) Class: 17K(128K)->17K(128K)
[35.570s][info][gc          ] GC(767) Pause Young (Normal) (G1 Evacuation Pause) 155M->5M(256M) 6.102ms
[35.571s][info][gc,cpu      ] GC(767) User=0.00s Sys=0.00s Real=0.01s
[35.616s][info][gc,start    ] GC(768) Pause Young (Normal) (G1 Evacuation Pause)
[35.616s][info][gc,task     ] GC(768) Using 6 workers of 8 for evacuation
[35.619s][info][gc,phases   ] GC(768)   Pre Evacuate Collection Set: 0.2ms
[35.619s][info][gc,phases   ] GC(768)   Merge Heap Roots: 0.2ms
[35.620s][info][gc,phases   ] GC(768)   Evacuate Collection Set: 1.2ms
[35.620s][info][gc,phases   ] GC(768)   Post Evacuate Collection Set: 0.7ms
[35.620s][info][gc,phases   ] GC(768)   Other: 0.4ms
[35.620s][info][gc,heap     ] GC(768) Eden regions: 149->0(149)
[35.621s][info][gc,heap     ] GC(768) Survivor regions: 4->4(20)
[35.621s][info][gc,heap     ] GC(768) Old regions: 2->2
[35.621s][info][gc,heap     ] GC(768) Archive regions: 2->2
[35.621s][info][gc,heap     ] GC(768) Humongous regions: 0->0
[35.622s][info][gc,metaspace] GC(768) Metaspace: 615K(832K)->615K(832K) NonClass: 597K(704K)->597K(704K) Class: 17K(128K)->17K(128K)
[35.622s][info][gc          ] GC(768) Pause Young (Normal) (G1 Evacuation Pause) 154M->5M(256M) 5.810ms
[35.622s][info][gc,cpu      ] GC(768) User=0.00s Sys=0.00s Real=0.01s
[35.664s][info][gc,start    ] GC(769) Pause Young (Normal) (G1 Evacuation Pause)
[35.665s][info][gc,task     ] GC(769) Using 6 workers of 8 for evacuation
[35.667s][info][gc,phases   ] GC(769)   Pre Evacuate Collection Set: 0.2ms
[35.668s][info][gc,phases   ] GC(769)   Merge Heap Roots: 0.3ms
[35.668s][info][gc,phases   ] GC(769)   Evacuate Collection Set: 1.1ms
[35.668s][info][gc,phases   ] GC(769)   Post Evacuate Collection Set: 0.7ms
[35.669s][info][gc,phases   ] GC(769)   Other: 0.4ms
[35.669s][info][gc,heap     ] GC(769) Eden regions: 149->0(150)
[35.669s][info][gc,heap     ] GC(769) Survivor regions: 4->3(20)
[35.670s][info][gc,heap     ] GC(769) Old regions: 2->2
[35.670s][info][gc,heap     ] GC(769) Archive regions: 2->2
[35.670s][info][gc,heap     ] GC(769) Humongous regions: 0->0
[35.671s][info][gc,metaspace] GC(769) Metaspace: 615K(832K)->615K(832K) NonClass: 597K(704K)->597K(704K) Class: 17K(128K)->17K(128K)
[35.671s][info][gc          ] GC(769) Pause Young (Normal) (G1 Evacuation Pause) 154M->5M(256M) 6.637ms
[35.671s][info][gc,cpu      ] GC(769) User=0.00s Sys=0.01s Real=0.01s
[35.715s][info][gc,start    ] GC(770) Pause Young (Normal) (G1 Evacuation Pause)
[35.716s][info][gc,task     ] GC(770) Using 6 workers of 8 for evacuation
[35.718s][info][gc,phases   ] GC(770)   Pre Evacuate Collection Set: 0.2ms
[35.719s][info][gc,phases   ] GC(770)   Merge Heap Roots: 0.2ms
[35.719s][info][gc,phases   ] GC(770)   Evacuate Collection Set: 1.1ms
[35.719s][info][gc,phases   ] GC(770)   Post Evacuate Collection Set: 0.8ms
[35.719s][info][gc,phases   ] GC(770)   Other: 0.3ms
[35.720s][info][gc,heap     ] GC(770) Eden regions: 150->0(149)
[35.720s][info][gc,heap     ] GC(770) Survivor regions: 3->4(20)
[35.720s][info][gc,heap     ] GC(770) Old regions: 2->2
[35.720s][info][gc,heap     ] GC(770) Archive regions: 2->2
[35.720s][info][gc,heap     ] GC(770) Humongous regions: 0->0
[35.721s][info][gc,metaspace] GC(770) Metaspace: 615K(832K)->615K(832K) NonClass: 597K(704K)->597K(704K) Class: 17K(128K)->17K(128K)
[35.721s][info][gc          ] GC(770) Pause Young (Normal) (G1 Evacuation Pause) 155M->5M(256M) 5.871ms
[35.721s][info][gc,cpu      ] GC(770) User=0.01s Sys=0.00s Real=0.01s
[35.765s][info][gc,start    ] GC(771) Pause Young (Normal) (G1 Evacuation Pause)
[35.766s][info][gc,task     ] GC(771) Using 6 workers of 8 for evacuation
[35.768s][info][gc,phases   ] GC(771)   Pre Evacuate Collection Set: 0.2ms
[35.769s][info][gc,phases   ] GC(771)   Merge Heap Roots: 0.2ms
[35.769s][info][gc,phases   ] GC(771)   Evacuate Collection Set: 1.0ms
[35.769s][info][gc,phases   ] GC(771)   Post Evacuate Collection Set: 0.8ms
[35.770s][info][gc,phases   ] GC(771)   Other: 0.4ms
[35.770s][info][gc,heap     ] GC(771) Eden regions: 149->0(149)
[35.770s][info][gc,heap     ] GC(771) Survivor regions: 4->4(20)
[35.771s][info][gc,heap     ] GC(771) Old regions: 2->2
[35.771s][info][gc,heap     ] GC(771) Archive regions: 2->2
[35.771s][info][gc,heap     ] GC(771) Humongous regions: 0->0
[35.771s][info][gc,metaspace] GC(771) Metaspace: 615K(832K)->615K(832K) NonClass: 597K(704K)->597K(704K) Class: 17K(128K)->17K(128K)
[35.772s][info][gc          ] GC(771) Pause Young (Normal) (G1 Evacuation Pause) 154M->5M(256M) 6.492ms
[35.772s][info][gc,cpu      ] GC(771) User=0.00s Sys=0.00s Real=0.01s
[35.812s][info][gc,start    ] GC(772) Pause Young (Normal) (G1 Evacuation Pause)
[35.813s][info][gc,task     ] GC(772) Using 6 workers of 8 for evacuation
[35.816s][info][gc,phases   ] GC(772)   Pre Evacuate Collection Set: 0.4ms
[35.817s][info][gc,phases   ] GC(772)   Merge Heap Roots: 0.4ms
[35.817s][info][gc,phases   ] GC(772)   Evacuate Collection Set: 1.2ms
[35.817s][info][gc,phases   ] GC(772)   Post Evacuate Collection Set: 0.8ms
[35.818s][info][gc,phases   ] GC(772)   Other: 0.5ms
[35.818s][info][gc,heap     ] GC(772) Eden regions: 149->0(150)
[35.818s][info][gc,heap     ] GC(772) Survivor regions: 4->3(20)
[35.818s][info][gc,heap     ] GC(772) Old regions: 2->2
[35.819s][info][gc,heap     ] GC(772) Archive regions: 2->2
[35.819s][info][gc,heap     ] GC(772) Humongous regions: 0->0
[35.819s][info][gc,metaspace] GC(772) Metaspace: 615K(832K)->615K(832K) NonClass: 597K(704K)->597K(704K) Class: 17K(128K)->17K(128K)
[35.820s][info][gc          ] GC(772) Pause Young (Normal) (G1 Evacuation Pause) 154M->5M(256M) 7.146ms
[35.820s][info][gc,cpu      ] GC(772) User=0.01s Sys=0.01s Real=0.01s
[35.862s][info][gc,start    ] GC(773) Pause Young (Normal) (G1 Evacuation Pause)
[35.863s][info][gc,task     ] GC(773) Using 6 workers of 8 for evacuation
[35.866s][info][gc,phases   ] GC(773)   Pre Evacuate Collection Set: 0.3ms
[35.867s][info][gc,phases   ] GC(773)   Merge Heap Roots: 0.3ms
[35.867s][info][gc,phases   ] GC(773)   Evacuate Collection Set: 1.4ms
[35.868s][info][gc,phases   ] GC(773)   Post Evacuate Collection Set: 0.8ms
[35.868s][info][gc,phases   ] GC(773)   Other: 0.7ms
[35.868s][info][gc,heap     ] GC(773) Eden regions: 150->0(149)
[35.869s][info][gc,heap     ] GC(773) Survivor regions: 3->4(20)
[35.869s][info][gc,heap     ] GC(773) Old regions: 2->2
[35.869s][info][gc,heap     ] GC(773) Archive regions: 2->2
[35.869s][info][gc,heap     ] GC(773) Humongous regions: 0->0
[35.870s][info][gc,metaspace] GC(773) Metaspace: 615K(832K)->615K(832K) NonClass: 597K(704K)->597K(704K) Class: 17K(128K)->17K(128K)
[35.870s][info][gc          ] GC(773) Pause Young (Normal) (G1 Evacuation Pause) 155M->6M(256M) 7.939ms
[35.870s][info][gc,cpu      ] GC(773) User=0.01s Sys=0.00s Real=0.01s
[35.911s][info][gc,start    ] GC(774) Pause Young (Normal) (G1 Evacuation Pause)
[35.912s][info][gc,task     ] GC(774) Using 6 workers of 8 for evacuation
[35.915s][info][gc,phases   ] GC(774)   Pre Evacuate Collection Set: 0.3ms
[35.915s][info][gc,phases   ] GC(774)   Merge Heap Roots: 0.3ms
[35.916s][info][gc,phases   ] GC(774)   Evacuate Collection Set: 1.3ms
[35.916s][info][gc,phases   ] GC(774)   Post Evacuate Collection Set: 0.8ms
[35.916s][info][gc,phases   ] GC(774)   Other: 0.6ms
[35.916s][info][gc,heap     ] GC(774) Eden regions: 149->0(149)
[35.917s][info][gc,heap     ] GC(774) Survivor regions: 4->4(20)
[35.917s][info][gc,heap     ] GC(774) Old regions: 2->2
[35.917s][info][gc,heap     ] GC(774) Archive regions: 2->2
[35.918s][info][gc,heap     ] GC(774) Humongous regions: 0->0
[35.918s][info][gc,metaspace] GC(774) Metaspace: 615K(832K)->615K(832K) NonClass: 597K(704K)->597K(704K) Class: 17K(128K)->17K(128K)
[35.918s][info][gc          ] GC(774) Pause Young (Normal) (G1 Evacuation Pause) 155M->5M(256M) 7.160ms
[35.919s][info][gc,cpu      ] GC(774) User=0.01s Sys=0.00s Real=0.01s
[35.956s][info][gc,start    ] GC(775) Pause Young (Normal) (G1 Evacuation Pause)
[35.957s][info][gc,task     ] GC(775) Using 6 workers of 8 for evacuation
[35.962s][info][gc,phases   ] GC(775)   Pre Evacuate Collection Set: 0.4ms
[35.962s][info][gc,phases   ] GC(775)   Merge Heap Roots: 0.3ms
[35.962s][info][gc,phases   ] GC(775)   Evacuate Collection Set: 2.1ms
[35.963s][info][gc,phases   ] GC(775)   Post Evacuate Collection Set: 0.9ms
[35.963s][info][gc,phases   ] GC(775)   Other: 0.9ms
[35.963s][info][gc,heap     ] GC(775) Eden regions: 149->0(150)
[35.964s][info][gc,heap     ] GC(775) Survivor regions: 4->3(20)
[35.964s][info][gc,heap     ] GC(775) Old regions: 2->2
[35.964s][info][gc,heap     ] GC(775) Archive regions: 2->2
[35.965s][info][gc,heap     ] GC(775) Humongous regions: 0->0
[35.965s][info][gc,metaspace] GC(775) Metaspace: 615K(832K)->615K(832K) NonClass: 597K(704K)->597K(704K) Class: 17K(128K)->17K(128K)
[35.965s][info][gc          ] GC(775) Pause Young (Normal) (G1 Evacuation Pause) 154M->5M(256M) 8.823ms
[35.965s][info][gc,cpu      ] GC(775) User=0.01s Sys=0.00s Real=0.01s
[36.010s][info][gc,start    ] GC(776) Pause Young (Normal) (G1 Evacuation Pause)
[36.010s][info][gc,task     ] GC(776) Using 6 workers of 8 for evacuation
[36.013s][info][gc,phases   ] GC(776)   Pre Evacuate Collection Set: 0.2ms
[36.013s][info][gc,phases   ] GC(776)   Merge Heap Roots: 0.2ms
[36.014s][info][gc,phases   ] GC(776)   Evacuate Collection Set: 1.0ms
[36.014s][info][gc,phases   ] GC(776)   Post Evacuate Collection Set: 0.9ms
[36.014s][info][gc,phases   ] GC(776)   Other: 0.4ms
[36.015s][info][gc,heap     ] GC(776) Eden regions: 150->0(149)
[36.015s][info][gc,heap     ] GC(776) Survivor regions: 3->4(20)
[36.015s][info][gc,heap     ] GC(776) Old regions: 2->2
[36.015s][info][gc,heap     ] GC(776) Archive regions: 2->2
[36.016s][info][gc,heap     ] GC(776) Humongous regions: 0->0
[36.016s][info][gc,metaspace] GC(776) Metaspace: 615K(832K)->615K(832K) NonClass: 597K(704K)->597K(704K) Class: 17K(128K)->17K(128K)
[36.016s][info][gc          ] GC(776) Pause Young (Normal) (G1 Evacuation Pause) 155M->6M(256M) 6.682ms
[36.017s][info][gc,cpu      ] GC(776) User=0.01s Sys=0.00s Real=0.01s
[36.056s][info][gc,start    ] GC(777) Pause Young (Normal) (G1 Evacuation Pause)
[36.057s][info][gc,task     ] GC(777) Using 6 workers of 8 for evacuation
[36.062s][info][gc,phases   ] GC(777)   Pre Evacuate Collection Set: 1.5ms
[36.062s][info][gc,phases   ] GC(777)   Merge Heap Roots: 0.6ms
[36.063s][info][gc,phases   ] GC(777)   Evacuate Collection Set: 1.3ms
[36.063s][info][gc,phases   ] GC(777)   Post Evacuate Collection Set: 0.8ms
[36.063s][info][gc,phases   ] GC(777)   Other: 0.6ms
[36.064s][info][gc,heap     ] GC(777) Eden regions: 149->0(149)
[36.064s][info][gc,heap     ] GC(777) Survivor regions: 4->4(20)
[36.064s][info][gc,heap     ] GC(777) Old regions: 2->2
[36.064s][info][gc,heap     ] GC(777) Archive regions: 2->2
[36.065s][info][gc,heap     ] GC(777) Humongous regions: 0->0
[36.065s][info][gc,metaspace] GC(777) Metaspace: 615K(832K)->615K(832K) NonClass: 597K(704K)->597K(704K) Class: 17K(128K)->17K(128K)
[36.065s][info][gc          ] GC(777) Pause Young (Normal) (G1 Evacuation Pause) 155M->5M(256M) 9.215ms
[36.066s][info][gc,cpu      ] GC(777) User=0.01s Sys=0.00s Real=0.01s
[36.111s][info][gc,start    ] GC(778) Pause Young (Normal) (G1 Evacuation Pause)
[36.111s][info][gc,task     ] GC(778) Using 6 workers of 8 for evacuation
[36.114s][info][gc,phases   ] GC(778)   Pre Evacuate Collection Set: 0.2ms
[36.115s][info][gc,phases   ] GC(778)   Merge Heap Roots: 0.2ms
[36.115s][info][gc,phases   ] GC(778)   Evacuate Collection Set: 1.0ms
[36.115s][info][gc,phases   ] GC(778)   Post Evacuate Collection Set: 0.9ms
[36.116s][info][gc,phases   ] GC(778)   Other: 0.6ms
[36.116s][info][gc,heap     ] GC(778) Eden regions: 149->0(149)
[36.116s][info][gc,heap     ] GC(778) Survivor regions: 4->4(20)
[36.116s][info][gc,heap     ] GC(778) Old regions: 2->2
[36.117s][info][gc,heap     ] GC(778) Archive regions: 2->2
[36.117s][info][gc,heap     ] GC(778) Humongous regions: 0->0
[36.117s][info][gc,metaspace] GC(778) Metaspace: 615K(832K)->615K(832K) NonClass: 597K(704K)->597K(704K) Class: 17K(128K)->17K(128K)
[36.118s][info][gc          ] GC(778) Pause Young (Normal) (G1 Evacuation Pause) 154M->5M(256M) 7.175ms
[36.118s][info][gc,cpu      ] GC(778) User=0.00s Sys=0.00s Real=0.01s
[36.161s][info][gc,start    ] GC(779) Pause Young (Normal) (G1 Evacuation Pause)
[36.161s][info][gc,task     ] GC(779) Using 6 workers of 8 for evacuation
[36.164s][info][gc,phases   ] GC(779)   Pre Evacuate Collection Set: 0.2ms
[36.165s][info][gc,phases   ] GC(779)   Merge Heap Roots: 0.2ms
[36.165s][info][gc,phases   ] GC(779)   Evacuate Collection Set: 1.3ms
[36.166s][info][gc,phases   ] GC(779)   Post Evacuate Collection Set: 0.9ms
[36.166s][info][gc,phases   ] GC(779)   Other: 0.5ms
[36.166s][info][gc,heap     ] GC(779) Eden regions: 149->0(150)
[36.166s][info][gc,heap     ] GC(779) Survivor regions: 4->3(20)
[36.167s][info][gc,heap     ] GC(779) Old regions: 2->2
[36.167s][info][gc,heap     ] GC(779) Archive regions: 2->2
[36.167s][info][gc,heap     ] GC(779) Humongous regions: 0->0
[36.167s][info][gc,metaspace] GC(779) Metaspace: 615K(832K)->615K(832K) NonClass: 597K(704K)->597K(704K) Class: 17K(128K)->17K(128K)
[36.168s][info][gc          ] GC(779) Pause Young (Normal) (G1 Evacuation Pause) 154M->5M(256M) 7.041ms
[36.168s][info][gc,cpu      ] GC(779) User=0.00s Sys=0.00s Real=0.01s
[36.213s][info][gc,start    ] GC(780) Pause Young (Normal) (G1 Evacuation Pause)
[36.214s][info][gc,task     ] GC(780) Using 6 workers of 8 for evacuation
[36.217s][info][gc,phases   ] GC(780)   Pre Evacuate Collection Set: 0.4ms
[36.218s][info][gc,phases   ] GC(780)   Merge Heap Roots: 0.2ms
[36.218s][info][gc,phases   ] GC(780)   Evacuate Collection Set: 1.3ms
[36.219s][info][gc,phases   ] GC(780)   Post Evacuate Collection Set: 0.8ms
[36.219s][info][gc,phases   ] GC(780)   Other: 0.5ms
[36.219s][info][gc,heap     ] GC(780) Eden regions: 150->0(149)
[36.220s][info][gc,heap     ] GC(780) Survivor regions: 3->4(20)
[36.220s][info][gc,heap     ] GC(780) Old regions: 2->2
[36.220s][info][gc,heap     ] GC(780) Archive regions: 2->2
[36.221s][info][gc,heap     ] GC(780) Humongous regions: 0->0
[36.221s][info][gc,metaspace] GC(780) Metaspace: 615K(832K)->615K(832K) NonClass: 597K(704K)->597K(704K) Class: 17K(128K)->17K(128K)
[36.221s][info][gc          ] GC(780) Pause Young (Normal) (G1 Evacuation Pause) 155M->6M(256M) 7.987ms
[36.222s][info][gc,cpu      ] GC(780) User=0.01s Sys=0.00s Real=0.01s
[36.278s][info][gc,start    ] GC(781) Pause Young (Normal) (G1 Evacuation Pause)
[36.302s][info][gc,task     ] GC(781) Using 6 workers of 8 for evacuation
[36.332s][info][gc,phases   ] GC(781)   Pre Evacuate Collection Set: 0.3ms
[36.334s][info][gc,phases   ] GC(781)   Merge Heap Roots: 0.2ms
[36.335s][info][gc,phases   ] GC(781)   Evacuate Collection Set: 1.1ms
[36.336s][info][gc,phases   ] GC(781)   Post Evacuate Collection Set: 0.8ms
[36.337s][info][gc,phases   ] GC(781)   Other: 28.3ms
[36.337s][info][gc,heap     ] GC(781) Eden regions: 149->0(149)
[36.338s][info][gc,heap     ] GC(781) Survivor regions: 4->4(20)
[36.338s][info][gc,heap     ] GC(781) Old regions: 2->2
[36.338s][info][gc,heap     ] GC(781) Archive regions: 2->2
[36.339s][info][gc,heap     ] GC(781) Humongous regions: 0->0
[36.339s][info][gc,metaspace] GC(781) Metaspace: 615K(832K)->615K(832K) NonClass: 597K(704K)->597K(704K) Class: 17K(128K)->17K(128K)
[36.339s][info][gc          ] GC(781) Pause Young (Normal) (G1 Evacuation Pause) 155M->5M(256M) 61.530ms
[36.340s][info][gc,cpu      ] GC(781) User=0.01s Sys=0.00s Real=0.06s
[36.400s][info][gc,start    ] GC(782) Pause Young (Normal) (G1 Evacuation Pause)
[36.401s][info][gc,task     ] GC(782) Using 6 workers of 8 for evacuation
[36.403s][info][gc,phases   ] GC(782)   Pre Evacuate Collection Set: 0.2ms
[36.404s][info][gc,phases   ] GC(782)   Merge Heap Roots: 0.3ms
[36.404s][info][gc,phases   ] GC(782)   Evacuate Collection Set: 0.9ms
[36.404s][info][gc,phases   ] GC(782)   Post Evacuate Collection Set: 0.8ms
[36.404s][info][gc,phases   ] GC(782)   Other: 0.4ms
[36.405s][info][gc,heap     ] GC(782) Eden regions: 149->0(150)
[36.405s][info][gc,heap     ] GC(782) Survivor regions: 4->3(20)
[36.405s][info][gc,heap     ] GC(782) Old regions: 2->2
[36.406s][info][gc,heap     ] GC(782) Archive regions: 2->2
[36.406s][info][gc,heap     ] GC(782) Humongous regions: 0->0
[36.407s][info][gc,metaspace] GC(782) Metaspace: 615K(832K)->615K(832K) NonClass: 597K(704K)->597K(704K) Class: 17K(128K)->17K(128K)
[36.408s][info][gc          ] GC(782) Pause Young (Normal) (G1 Evacuation Pause) 154M->5M(256M) 7.768ms
[36.408s][info][gc,cpu      ] GC(782) User=0.00s Sys=0.00s Real=0.01s
[36.454s][info][gc,start    ] GC(783) Pause Young (Normal) (G1 Evacuation Pause)
[36.455s][info][gc,task     ] GC(783) Using 6 workers of 8 for evacuation
[36.459s][info][gc,phases   ] GC(783)   Pre Evacuate Collection Set: 0.3ms
[36.460s][info][gc,phases   ] GC(783)   Merge Heap Roots: 0.2ms
[36.460s][info][gc,phases   ] GC(783)   Evacuate Collection Set: 1.7ms
[36.461s][info][gc,phases   ] GC(783)   Post Evacuate Collection Set: 1.5ms
[36.461s][info][gc,phases   ] GC(783)   Other: 0.6ms
[36.462s][info][gc,heap     ] GC(783) Eden regions: 150->0(149)
[36.462s][info][gc,heap     ] GC(783) Survivor regions: 3->4(20)
[36.463s][info][gc,heap     ] GC(783) Old regions: 2->2
[36.463s][info][gc,heap     ] GC(783) Archive regions: 2->2
[36.463s][info][gc,heap     ] GC(783) Humongous regions: 0->0
[36.464s][info][gc,metaspace] GC(783) Metaspace: 615K(832K)->615K(832K) NonClass: 597K(704K)->597K(704K) Class: 17K(128K)->17K(128K)
[36.464s][info][gc          ] GC(783) Pause Young (Normal) (G1 Evacuation Pause) 155M->6M(256M) 9.961ms
[36.464s][info][gc,cpu      ] GC(783) User=0.01s Sys=0.00s Real=0.01s
[36.505s][info][gc,start    ] GC(784) Pause Young (Normal) (G1 Evacuation Pause)
[36.506s][info][gc,task     ] GC(784) Using 6 workers of 8 for evacuation
[36.511s][info][gc,phases   ] GC(784)   Pre Evacuate Collection Set: 0.6ms
[36.512s][info][gc,phases   ] GC(784)   Merge Heap Roots: 0.3ms
[36.512s][info][gc,phases   ] GC(784)   Evacuate Collection Set: 1.9ms
[36.513s][info][gc,phases   ] GC(784)   Post Evacuate Collection Set: 1.1ms
[36.513s][info][gc,phases   ] GC(784)   Other: 0.9ms
[36.513s][info][gc,heap     ] GC(784) Eden regions: 149->0(149)
[36.514s][info][gc,heap     ] GC(784) Survivor regions: 4->4(20)
[36.514s][info][gc,heap     ] GC(784) Old regions: 2->2
[36.514s][info][gc,heap     ] GC(784) Archive regions: 2->2
[36.515s][info][gc,heap     ] GC(784) Humongous regions: 0->0
[36.515s][info][gc,metaspace] GC(784) Metaspace: 615K(832K)->615K(832K) NonClass: 597K(704K)->597K(704K) Class: 17K(128K)->17K(128K)
[36.516s][info][gc          ] GC(784) Pause Young (Normal) (G1 Evacuation Pause) 155M->6M(256M) 10.108ms
[36.516s][info][gc,cpu      ] GC(784) User=0.01s Sys=0.00s Real=0.01s
[36.548s][info][gc,start    ] GC(785) Pause Young (Normal) (G1 Evacuation Pause)
[36.548s][info][gc,task     ] GC(785) Using 6 workers of 8 for evacuation
[36.551s][info][gc,phases   ] GC(785)   Pre Evacuate Collection Set: 0.2ms
[36.552s][info][gc,phases   ] GC(785)   Merge Heap Roots: 0.2ms
[36.552s][info][gc,phases   ] GC(785)   Evacuate Collection Set: 1.3ms
[36.552s][info][gc,phases   ] GC(785)   Post Evacuate Collection Set: 0.7ms
[36.552s][info][gc,phases   ] GC(785)   Other: 0.4ms
[36.553s][info][gc,heap     ] GC(785) Eden regions: 149->0(149)
[36.553s][info][gc,heap     ] GC(785) Survivor regions: 4->4(20)
[36.553s][info][gc,heap     ] GC(785) Old regions: 2->2
[36.554s][info][gc,heap     ] GC(785) Archive regions: 2->2
[36.554s][info][gc,heap     ] GC(785) Humongous regions: 0->0
[36.554s][info][gc,metaspace] GC(785) Metaspace: 615K(832K)->615K(832K) NonClass: 597K(704K)->597K(704K) Class: 17K(128K)->17K(128K)
[36.555s][info][gc          ] GC(785) Pause Young (Normal) (G1 Evacuation Pause) 155M->5M(256M) 6.789ms
[36.555s][info][gc,cpu      ] GC(785) User=0.01s Sys=0.00s Real=0.00s
[36.599s][info][gc,start    ] GC(786) Pause Young (Normal) (G1 Evacuation Pause)
[36.599s][info][gc,task     ] GC(786) Using 6 workers of 8 for evacuation
[36.602s][info][gc,phases   ] GC(786)   Pre Evacuate Collection Set: 0.3ms
[36.602s][info][gc,phases   ] GC(786)   Merge Heap Roots: 0.2ms
[36.602s][info][gc,phases   ] GC(786)   Evacuate Collection Set: 1.0ms
[36.603s][info][gc,phases   ] GC(786)   Post Evacuate Collection Set: 0.8ms
[36.603s][info][gc,phases   ] GC(786)   Other: 0.4ms
[36.603s][info][gc,heap     ] GC(786) Eden regions: 149->0(150)
[36.604s][info][gc,heap     ] GC(786) Survivor regions: 4->3(20)
[36.604s][info][gc,heap     ] GC(786) Old regions: 2->2
[36.604s][info][gc,heap     ] GC(786) Archive regions: 2->2
[36.605s][info][gc,heap     ] GC(786) Humongous regions: 0->0
[36.605s][info][gc,metaspace] GC(786) Metaspace: 615K(832K)->615K(832K) NonClass: 597K(704K)->597K(704K) Class: 17K(128K)->17K(128K)
[36.605s][info][gc          ] GC(786) Pause Young (Normal) (G1 Evacuation Pause) 154M->5M(256M) 6.506ms
[36.606s][info][gc,cpu      ] GC(786) User=0.01s Sys=0.00s Real=0.00s
[36.649s][info][gc,start    ] GC(787) Pause Young (Normal) (G1 Evacuation Pause)
[36.650s][info][gc,task     ] GC(787) Using 6 workers of 8 for evacuation
[36.652s][info][gc,phases   ] GC(787)   Pre Evacuate Collection Set: 0.3ms
[36.653s][info][gc,phases   ] GC(787)   Merge Heap Roots: 0.2ms
[36.653s][info][gc,phases   ] GC(787)   Evacuate Collection Set: 1.2ms
[36.653s][info][gc,phases   ] GC(787)   Post Evacuate Collection Set: 0.7ms
[36.654s][info][gc,phases   ] GC(787)   Other: 0.4ms
[36.654s][info][gc,heap     ] GC(787) Eden regions: 150->0(149)
[36.654s][info][gc,heap     ] GC(787) Survivor regions: 3->4(20)
[36.654s][info][gc,heap     ] GC(787) Old regions: 2->2
[36.655s][info][gc,heap     ] GC(787) Archive regions: 2->2
[36.655s][info][gc,heap     ] GC(787) Humongous regions: 0->0
[36.655s][info][gc,metaspace] GC(787) Metaspace: 615K(832K)->615K(832K) NonClass: 597K(704K)->597K(704K) Class: 17K(128K)->17K(128K)
[36.656s][info][gc          ] GC(787) Pause Young (Normal) (G1 Evacuation Pause) 155M->6M(256M) 6.336ms
[36.656s][info][gc,cpu      ] GC(787) User=0.01s Sys=0.00s Real=0.00s
[36.698s][info][gc,start    ] GC(788) Pause Young (Normal) (G1 Evacuation Pause)
[36.699s][info][gc,task     ] GC(788) Using 6 workers of 8 for evacuation
[36.701s][info][gc,phases   ] GC(788)   Pre Evacuate Collection Set: 0.3ms
[36.702s][info][gc,phases   ] GC(788)   Merge Heap Roots: 0.2ms
[36.702s][info][gc,phases   ] GC(788)   Evacuate Collection Set: 1.0ms
[36.702s][info][gc,phases   ] GC(788)   Post Evacuate Collection Set: 0.8ms
[36.702s][info][gc,phases   ] GC(788)   Other: 0.4ms
[36.703s][info][gc,heap     ] GC(788) Eden regions: 149->0(149)
[36.703s][info][gc,heap     ] GC(788) Survivor regions: 4->4(20)
[36.703s][info][gc,heap     ] GC(788) Old regions: 2->2
[36.704s][info][gc,heap     ] GC(788) Archive regions: 2->2
[36.704s][info][gc,heap     ] GC(788) Humongous regions: 0->0
[36.704s][info][gc,metaspace] GC(788) Metaspace: 615K(832K)->615K(832K) NonClass: 597K(704K)->597K(704K) Class: 17K(128K)->17K(128K)
[36.704s][info][gc          ] GC(788) Pause Young (Normal) (G1 Evacuation Pause) 155M->5M(256M) 6.231ms
[36.705s][info][gc,cpu      ] GC(788) User=0.01s Sys=0.00s Real=0.00s
[36.747s][info][gc,start    ] GC(789) Pause Young (Normal) (G1 Evacuation Pause)
[36.753s][info][gc,task     ] GC(789) Using 6 workers of 8 for evacuation
[36.755s][info][gc,phases   ] GC(789)   Pre Evacuate Collection Set: 0.3ms
[36.755s][info][gc,phases   ] GC(789)   Merge Heap Roots: 0.2ms
[36.756s][info][gc,phases   ] GC(789)   Evacuate Collection Set: 0.7ms
[36.756s][info][gc,phases   ] GC(789)   Post Evacuate Collection Set: 0.6ms
[36.756s][info][gc,phases   ] GC(789)   Other: 0.4ms
[36.757s][info][gc,heap     ] GC(789) Eden regions: 149->0(149)
[36.758s][info][gc,heap     ] GC(789) Survivor regions: 4->4(20)
[36.758s][info][gc,heap     ] GC(789) Old regions: 2->2
[36.759s][info][gc,heap     ] GC(789) Archive regions: 2->2
[36.760s][info][gc,heap     ] GC(789) Humongous regions: 0->0
[36.761s][info][gc,metaspace] GC(789) Metaspace: 615K(832K)->615K(832K) NonClass: 597K(704K)->597K(704K) Class: 17K(128K)->17K(128K)
[36.761s][info][gc          ] GC(789) Pause Young (Normal) (G1 Evacuation Pause) 154M->5M(256M) 14.069ms
[36.762s][info][gc,cpu      ] GC(789) User=0.00s Sys=0.00s Real=0.01s
[36.802s][info][gc,start    ] GC(790) Pause Young (Normal) (G1 Evacuation Pause)
[36.802s][info][gc,task     ] GC(790) Using 6 workers of 8 for evacuation
[36.805s][info][gc,phases   ] GC(790)   Pre Evacuate Collection Set: 0.3ms
[36.805s][info][gc,phases   ] GC(790)   Merge Heap Roots: 0.2ms
[36.806s][info][gc,phases   ] GC(790)   Evacuate Collection Set: 0.9ms
[36.806s][info][gc,phases   ] GC(790)   Post Evacuate Collection Set: 0.7ms
[36.806s][info][gc,phases   ] GC(790)   Other: 0.4ms
[36.807s][info][gc,heap     ] GC(790) Eden regions: 149->0(150)
[36.807s][info][gc,heap     ] GC(790) Survivor regions: 4->3(20)
[36.808s][info][gc,heap     ] GC(790) Old regions: 2->2
[36.808s][info][gc,heap     ] GC(790) Archive regions: 2->2
[36.809s][info][gc,heap     ] GC(790) Humongous regions: 0->0
[36.810s][info][gc,metaspace] GC(790) Metaspace: 615K(832K)->615K(832K) NonClass: 597K(704K)->597K(704K) Class: 17K(128K)->17K(128K)
[36.810s][info][gc          ] GC(790) Pause Young (Normal) (G1 Evacuation Pause) 154M->5M(256M) 8.262ms
[36.811s][info][gc,cpu      ] GC(790) User=0.00s Sys=0.01s Real=0.01s
[36.852s][info][gc,start    ] GC(791) Pause Young (Normal) (G1 Evacuation Pause)
[36.852s][info][gc,task     ] GC(791) Using 6 workers of 8 for evacuation
[36.855s][info][gc,phases   ] GC(791)   Pre Evacuate Collection Set: 0.2ms
[36.856s][info][gc,phases   ] GC(791)   Merge Heap Roots: 0.2ms
[36.857s][info][gc,phases   ] GC(791)   Evacuate Collection Set: 1.0ms
[36.858s][info][gc,phases   ] GC(791)   Post Evacuate Collection Set: 0.7ms
[36.859s][info][gc,phases   ] GC(791)   Other: 0.5ms
[36.860s][info][gc,heap     ] GC(791) Eden regions: 150->0(149)
[36.860s][info][gc,heap     ] GC(791) Survivor regions: 3->4(20)
[36.860s][info][gc,heap     ] GC(791) Old regions: 2->2
[36.861s][info][gc,heap     ] GC(791) Archive regions: 2->2
[36.861s][info][gc,heap     ] GC(791) Humongous regions: 0->0
[36.861s][info][gc,metaspace] GC(791) Metaspace: 615K(832K)->615K(832K) NonClass: 597K(704K)->597K(704K) Class: 17K(128K)->17K(128K)
[36.862s][info][gc          ] GC(791) Pause Young (Normal) (G1 Evacuation Pause) 155M->5M(256M) 9.857ms
[36.862s][info][gc,cpu      ] GC(791) User=0.01s Sys=0.00s Real=0.01s
[36.905s][info][gc,start    ] GC(792) Pause Young (Normal) (G1 Evacuation Pause)
[36.906s][info][gc,task     ] GC(792) Using 6 workers of 8 for evacuation
[36.910s][info][gc,phases   ] GC(792)   Pre Evacuate Collection Set: 0.6ms
[36.911s][info][gc,phases   ] GC(792)   Merge Heap Roots: 0.4ms
[36.912s][info][gc,phases   ] GC(792)   Evacuate Collection Set: 1.5ms
[36.913s][info][gc,phases   ] GC(792)   Post Evacuate Collection Set: 1.4ms
[36.913s][info][gc,phases   ] GC(792)   Other: 0.7ms
[36.913s][info][gc,heap     ] GC(792) Eden regions: 149->0(149)
[36.914s][info][gc,heap     ] GC(792) Survivor regions: 4->4(20)
[36.914s][info][gc,heap     ] GC(792) Old regions: 2->2
[36.914s][info][gc,heap     ] GC(792) Archive regions: 2->2
[36.915s][info][gc,heap     ] GC(792) Humongous regions: 0->0
[36.915s][info][gc,metaspace] GC(792) Metaspace: 615K(832K)->615K(832K) NonClass: 597K(704K)->597K(704K) Class: 17K(128K)->17K(128K)
[36.915s][info][gc          ] GC(792) Pause Young (Normal) (G1 Evacuation Pause) 154M->5M(256M) 10.102ms
[36.916s][info][gc,cpu      ] GC(792) User=0.00s Sys=0.01s Real=0.01s
[36.955s][info][gc,start    ] GC(793) Pause Young (Normal) (G1 Evacuation Pause)
[36.956s][info][gc,task     ] GC(793) Using 6 workers of 8 for evacuation
[36.960s][info][gc,phases   ] GC(793)   Pre Evacuate Collection Set: 0.5ms
[36.961s][info][gc,phases   ] GC(793)   Merge Heap Roots: 0.4ms
[36.962s][info][gc,phases   ] GC(793)   Evacuate Collection Set: 2.1ms
[36.962s][info][gc,phases   ] GC(793)   Post Evacuate Collection Set: 1.3ms
[36.962s][info][gc,phases   ] GC(793)   Other: 0.6ms
[36.963s][info][gc,heap     ] GC(793) Eden regions: 149->0(150)
[36.963s][info][gc,heap     ] GC(793) Survivor regions: 4->3(20)
[36.964s][info][gc,heap     ] GC(793) Old regions: 2->2
[36.964s][info][gc,heap     ] GC(793) Archive regions: 2->2
[36.965s][info][gc,heap     ] GC(793) Humongous regions: 0->0
[36.965s][info][gc,metaspace] GC(793) Metaspace: 615K(832K)->615K(832K) NonClass: 597K(704K)->597K(704K) Class: 17K(128K)->17K(128K)
[36.965s][info][gc          ] GC(793) Pause Young (Normal) (G1 Evacuation Pause) 154M->5M(256M) 10.333ms
[36.966s][info][gc,cpu      ] GC(793) User=0.01s Sys=0.01s Real=0.01s
[37.007s][info][gc,start    ] GC(794) Pause Young (Normal) (G1 Evacuation Pause)
[37.008s][info][gc,task     ] GC(794) Using 6 workers of 8 for evacuation
[37.012s][info][gc,phases   ] GC(794)   Pre Evacuate Collection Set: 0.5ms
[37.013s][info][gc,phases   ] GC(794)   Merge Heap Roots: 0.2ms
[37.013s][info][gc,phases   ] GC(794)   Evacuate Collection Set: 0.9ms
[37.014s][info][gc,phases   ] GC(794)   Post Evacuate Collection Set: 0.7ms
[37.014s][info][gc,phases   ] GC(794)   Other: 1.2ms
[37.014s][info][gc,heap     ] GC(794) Eden regions: 150->0(149)
[37.014s][info][gc,heap     ] GC(794) Survivor regions: 3->4(20)
[37.015s][info][gc,heap     ] GC(794) Old regions: 2->2
[37.015s][info][gc,heap     ] GC(794) Archive regions: 2->2
[37.015s][info][gc,heap     ] GC(794) Humongous regions: 0->0
[37.016s][info][gc,metaspace] GC(794) Metaspace: 615K(832K)->615K(832K) NonClass: 597K(704K)->597K(704K) Class: 17K(128K)->17K(128K)
[37.016s][info][gc          ] GC(794) Pause Young (Normal) (G1 Evacuation Pause) 155M->6M(256M) 8.572ms
[37.017s][info][gc,cpu      ] GC(794) User=0.01s Sys=0.00s Real=0.01s
[37.054s][info][gc,start    ] GC(795) Pause Young (Normal) (G1 Evacuation Pause)
[37.055s][info][gc,task     ] GC(795) Using 6 workers of 8 for evacuation
[37.059s][info][gc,phases   ] GC(795)   Pre Evacuate Collection Set: 0.3ms
[37.060s][info][gc,phases   ] GC(795)   Merge Heap Roots: 0.2ms
[37.061s][info][gc,phases   ] GC(795)   Evacuate Collection Set: 1.8ms
[37.061s][info][gc,phases   ] GC(795)   Post Evacuate Collection Set: 1.4ms
[37.061s][info][gc,phases   ] GC(795)   Other: 0.5ms
[37.062s][info][gc,heap     ] GC(795) Eden regions: 149->0(149)
[37.062s][info][gc,heap     ] GC(795) Survivor regions: 4->4(20)
[37.062s][info][gc,heap     ] GC(795) Old regions: 2->2
[37.063s][info][gc,heap     ] GC(795) Archive regions: 2->2
[37.063s][info][gc,heap     ] GC(795) Humongous regions: 0->0
[37.063s][info][gc,metaspace] GC(795) Metaspace: 615K(832K)->615K(832K) NonClass: 597K(704K)->597K(704K) Class: 17K(128K)->17K(128K)
[37.063s][info][gc          ] GC(795) Pause Young (Normal) (G1 Evacuation Pause) 155M->5M(256M) 9.150ms
[37.064s][info][gc,cpu      ] GC(795) User=0.01s Sys=0.00s Real=0.01s
[37.101s][info][gc,start    ] GC(796) Pause Young (Normal) (G1 Evacuation Pause)
[37.102s][info][gc,task     ] GC(796) Using 6 workers of 8 for evacuation
[37.104s][info][gc,phases   ] GC(796)   Pre Evacuate Collection Set: 0.3ms
[37.105s][info][gc,phases   ] GC(796)   Merge Heap Roots: 0.2ms
[37.105s][info][gc,phases   ] GC(796)   Evacuate Collection Set: 1.0ms
[37.105s][info][gc,phases   ] GC(796)   Post Evacuate Collection Set: 0.8ms
[37.106s][info][gc,phases   ] GC(796)   Other: 0.3ms
[37.106s][info][gc,heap     ] GC(796) Eden regions: 149->0(150)
[37.107s][info][gc,heap     ] GC(796) Survivor regions: 4->3(20)
[37.107s][info][gc,heap     ] GC(796) Old regions: 2->2
[37.108s][info][gc,heap     ] GC(796) Archive regions: 2->2
[37.108s][info][gc,heap     ] GC(796) Humongous regions: 0->0
[37.109s][info][gc,metaspace] GC(796) Metaspace: 615K(832K)->615K(832K) NonClass: 597K(704K)->597K(704K) Class: 17K(128K)->17K(128K)
[37.110s][info][gc          ] GC(796) Pause Young (Normal) (G1 Evacuation Pause) 154M->5M(256M) 8.390ms
[37.110s][info][gc,cpu      ] GC(796) User=0.00s Sys=0.00s Real=0.01s
[37.160s][info][gc,start    ] GC(797) Pause Young (Normal) (G1 Evacuation Pause)
[37.161s][info][gc,task     ] GC(797) Using 6 workers of 8 for evacuation
[37.165s][info][gc,phases   ] GC(797)   Pre Evacuate Collection Set: 0.3ms
[37.166s][info][gc,phases   ] GC(797)   Merge Heap Roots: 0.3ms
[37.166s][info][gc,phases   ] GC(797)   Evacuate Collection Set: 1.6ms
[37.167s][info][gc,phases   ] GC(797)   Post Evacuate Collection Set: 1.3ms
[37.167s][info][gc,phases   ] GC(797)   Other: 0.5ms
[37.167s][info][gc,heap     ] GC(797) Eden regions: 150->0(149)
[37.168s][info][gc,heap     ] GC(797) Survivor regions: 3->4(20)
[37.168s][info][gc,heap     ] GC(797) Old regions: 2->2
[37.168s][info][gc,heap     ] GC(797) Archive regions: 2->2
[37.169s][info][gc,heap     ] GC(797) Humongous regions: 0->0
[37.169s][info][gc,metaspace] GC(797) Metaspace: 615K(832K)->615K(832K) NonClass: 597K(704K)->597K(704K) Class: 17K(128K)->17K(128K)
[37.169s][info][gc          ] GC(797) Pause Young (Normal) (G1 Evacuation Pause) 155M->6M(256M) 9.743ms
[37.170s][info][gc,cpu      ] GC(797) User=0.01s Sys=0.00s Real=0.01s
[37.219s][info][gc,start    ] GC(798) Pause Young (Normal) (G1 Evacuation Pause)
[37.219s][info][gc,task     ] GC(798) Using 6 workers of 8 for evacuation
[37.223s][info][gc,phases   ] GC(798)   Pre Evacuate Collection Set: 0.2ms
[37.224s][info][gc,phases   ] GC(798)   Merge Heap Roots: 0.2ms
[37.225s][info][gc,phases   ] GC(798)   Evacuate Collection Set: 1.6ms
[37.226s][info][gc,phases   ] GC(798)   Post Evacuate Collection Set: 1.3ms
[37.228s][info][gc,phases   ] GC(798)   Other: 0.4ms
[37.229s][info][gc,heap     ] GC(798) Eden regions: 149->0(149)
[37.230s][info][gc,heap     ] GC(798) Survivor regions: 4->4(20)
[37.230s][info][gc,heap     ] GC(798) Old regions: 2->2
[37.231s][info][gc,heap     ] GC(798) Archive regions: 2->2
[37.231s][info][gc,heap     ] GC(798) Humongous regions: 0->0
[37.231s][info][gc,metaspace] GC(798) Metaspace: 615K(832K)->615K(832K) NonClass: 597K(704K)->597K(704K) Class: 17K(128K)->17K(128K)
[37.232s][info][gc          ] GC(798) Pause Young (Normal) (G1 Evacuation Pause) 155M->5M(256M) 12.558ms
[37.232s][info][gc,cpu      ] GC(798) User=0.01s Sys=0.00s Real=0.01s
[37.278s][info][gc,start    ] GC(799) Pause Young (Normal) (G1 Evacuation Pause)
[37.279s][info][gc,task     ] GC(799) Using 6 workers of 8 for evacuation
[37.282s][info][gc,phases   ] GC(799)   Pre Evacuate Collection Set: 0.3ms
[37.282s][info][gc,phases   ] GC(799)   Merge Heap Roots: 0.2ms
[37.283s][info][gc,phases   ] GC(799)   Evacuate Collection Set: 1.6ms
[37.283s][info][gc,phases   ] GC(799)   Post Evacuate Collection Set: 0.8ms
[37.283s][info][gc,phases   ] GC(799)   Other: 0.4ms
[37.283s][info][gc,heap     ] GC(799) Eden regions: 149->0(150)
[37.284s][info][gc,heap     ] GC(799) Survivor regions: 4->3(20)
[37.284s][info][gc,heap     ] GC(799) Old regions: 2->2
[37.284s][info][gc,heap     ] GC(799) Archive regions: 2->2
[37.285s][info][gc,heap     ] GC(799) Humongous regions: 0->0
[37.285s][info][gc,metaspace] GC(799) Metaspace: 615K(832K)->615K(832K) NonClass: 597K(704K)->597K(704K) Class: 17K(128K)->17K(128K)
[37.285s][info][gc          ] GC(799) Pause Young (Normal) (G1 Evacuation Pause) 154M->5M(256M) 7.034ms
[37.285s][info][gc,cpu      ] GC(799) User=0.01s Sys=0.00s Real=0.00s
[37.338s][info][gc,start    ] GC(800) Pause Young (Normal) (G1 Evacuation Pause)
[37.338s][info][gc,task     ] GC(800) Using 6 workers of 8 for evacuation
[37.344s][info][gc,phases   ] GC(800)   Pre Evacuate Collection Set: 0.3ms
[37.344s][info][gc,phases   ] GC(800)   Merge Heap Roots: 0.4ms
[37.345s][info][gc,phases   ] GC(800)   Evacuate Collection Set: 2.7ms
[37.345s][info][gc,phases   ] GC(800)   Post Evacuate Collection Set: 1.2ms
[37.345s][info][gc,phases   ] GC(800)   Other: 0.7ms
[37.345s][info][gc,heap     ] GC(800) Eden regions: 150->0(149)
[37.346s][info][gc,heap     ] GC(800) Survivor regions: 3->4(20)
[37.346s][info][gc,heap     ] GC(800) Old regions: 2->2
[37.346s][info][gc,heap     ] GC(800) Archive regions: 2->2
[37.347s][info][gc,heap     ] GC(800) Humongous regions: 0->0
[37.347s][info][gc,metaspace] GC(800) Metaspace: 615K(832K)->615K(832K) NonClass: 597K(704K)->597K(704K) Class: 17K(128K)->17K(128K)
[37.347s][info][gc          ] GC(800) Pause Young (Normal) (G1 Evacuation Pause) 155M->6M(256M) 9.338ms
[37.348s][info][gc,cpu      ] GC(800) User=0.01s Sys=0.00s Real=0.01s
[37.393s][info][gc,start    ] GC(801) Pause Young (Normal) (G1 Evacuation Pause)
[37.395s][info][gc,task     ] GC(801) Using 6 workers of 8 for evacuation
[37.399s][info][gc,phases   ] GC(801)   Pre Evacuate Collection Set: 0.3ms
[37.399s][info][gc,phases   ] GC(801)   Merge Heap Roots: 0.4ms
[37.399s][info][gc,phases   ] GC(801)   Evacuate Collection Set: 1.4ms
[37.400s][info][gc,phases   ] GC(801)   Post Evacuate Collection Set: 0.8ms
[37.400s][info][gc,phases   ] GC(801)   Other: 0.5ms
[37.400s][info][gc,heap     ] GC(801) Eden regions: 149->0(149)
[37.400s][info][gc,heap     ] GC(801) Survivor regions: 4->4(20)
[37.401s][info][gc,heap     ] GC(801) Old regions: 2->2
[37.401s][info][gc,heap     ] GC(801) Archive regions: 2->2
[37.401s][info][gc,heap     ] GC(801) Humongous regions: 0->0
[37.402s][info][gc,metaspace] GC(801) Metaspace: 615K(832K)->615K(832K) NonClass: 597K(704K)->597K(704K) Class: 17K(128K)->17K(128K)
[37.402s][info][gc          ] GC(801) Pause Young (Normal) (G1 Evacuation Pause) 155M->6M(256M) 9.392ms
[37.403s][info][gc,cpu      ] GC(801) User=0.00s Sys=0.01s Real=0.01s
[37.452s][info][gc,start    ] GC(802) Pause Young (Normal) (G1 Evacuation Pause)
[37.453s][info][gc,task     ] GC(802) Using 6 workers of 8 for evacuation
[37.456s][info][gc,phases   ] GC(802)   Pre Evacuate Collection Set: 0.2ms
[37.457s][info][gc,phases   ] GC(802)   Merge Heap Roots: 0.2ms
[37.457s][info][gc,phases   ] GC(802)   Evacuate Collection Set: 1.1ms
[37.458s][info][gc,phases   ] GC(802)   Post Evacuate Collection Set: 0.9ms
[37.459s][info][gc,phases   ] GC(802)   Other: 0.5ms
[37.459s][info][gc,heap     ] GC(802) Eden regions: 149->0(149)
[37.460s][info][gc,heap     ] GC(802) Survivor regions: 4->4(20)
[37.461s][info][gc,heap     ] GC(802) Old regions: 2->2
[37.462s][info][gc,heap     ] GC(802) Archive regions: 2->2
[37.462s][info][gc,heap     ] GC(802) Humongous regions: 0->0
[37.462s][info][gc,metaspace] GC(802) Metaspace: 615K(832K)->615K(832K) NonClass: 597K(704K)->597K(704K) Class: 17K(128K)->17K(128K)
[37.463s][info][gc          ] GC(802) Pause Young (Normal) (G1 Evacuation Pause) 155M->5M(256M) 10.831ms
[37.463s][info][gc,cpu      ] GC(802) User=0.00s Sys=0.01s Real=0.01s
[37.508s][info][gc,start    ] GC(803) Pause Young (Normal) (G1 Evacuation Pause)
[37.508s][info][gc,task     ] GC(803) Using 6 workers of 8 for evacuation
[37.512s][info][gc,phases   ] GC(803)   Pre Evacuate Collection Set: 0.5ms
[37.513s][info][gc,phases   ] GC(803)   Merge Heap Roots: 0.3ms
[37.513s][info][gc,phases   ] GC(803)   Evacuate Collection Set: 1.0ms
[37.514s][info][gc,phases   ] GC(803)   Post Evacuate Collection Set: 1.0ms
[37.514s][info][gc,phases   ] GC(803)   Other: 0.9ms
[37.514s][info][gc,heap     ] GC(803) Eden regions: 149->0(150)
[37.514s][info][gc,heap     ] GC(803) Survivor regions: 4->3(20)
[37.515s][info][gc,heap     ] GC(803) Old regions: 2->2
[37.515s][info][gc,heap     ] GC(803) Archive regions: 2->2
[37.515s][info][gc,heap     ] GC(803) Humongous regions: 0->0
[37.516s][info][gc,metaspace] GC(803) Metaspace: 615K(832K)->615K(832K) NonClass: 597K(704K)->597K(704K) Class: 17K(128K)->17K(128K)
[37.516s][info][gc          ] GC(803) Pause Young (Normal) (G1 Evacuation Pause) 154M->5M(256M) 8.438ms
[37.516s][info][gc,cpu      ] GC(803) User=0.01s Sys=0.00s Real=0.00s
[37.563s][info][gc,start    ] GC(804) Pause Young (Normal) (G1 Evacuation Pause)
[37.564s][info][gc,task     ] GC(804) Using 6 workers of 8 for evacuation
[37.567s][info][gc,phases   ] GC(804)   Pre Evacuate Collection Set: 0.2ms
[37.567s][info][gc,phases   ] GC(804)   Merge Heap Roots: 0.2ms
[37.567s][info][gc,phases   ] GC(804)   Evacuate Collection Set: 1.2ms
[37.568s][info][gc,phases   ] GC(804)   Post Evacuate Collection Set: 0.7ms
[37.568s][info][gc,phases   ] GC(804)   Other: 0.5ms
[37.568s][info][gc,heap     ] GC(804) Eden regions: 150->0(149)
[37.569s][info][gc,heap     ] GC(804) Survivor regions: 3->4(20)
[37.569s][info][gc,heap     ] GC(804) Old regions: 2->2
[37.569s][info][gc,heap     ] GC(804) Archive regions: 2->2
[37.570s][info][gc,heap     ] GC(804) Humongous regions: 0->0
[37.570s][info][gc,metaspace] GC(804) Metaspace: 615K(832K)->615K(832K) NonClass: 597K(704K)->597K(704K) Class: 17K(128K)->17K(128K)
[37.570s][info][gc          ] GC(804) Pause Young (Normal) (G1 Evacuation Pause) 155M->6M(256M) 7.683ms
[37.571s][info][gc,cpu      ] GC(804) User=0.01s Sys=0.00s Real=0.01s
[37.620s][info][gc,start    ] GC(805) Pause Young (Normal) (G1 Evacuation Pause)
[37.621s][info][gc,task     ] GC(805) Using 6 workers of 8 for evacuation
[37.627s][info][gc,phases   ] GC(805)   Pre Evacuate Collection Set: 0.2ms
[37.628s][info][gc,phases   ] GC(805)   Merge Heap Roots: 0.2ms
[37.628s][info][gc,phases   ] GC(805)   Evacuate Collection Set: 1.0ms
[37.629s][info][gc,phases   ] GC(805)   Post Evacuate Collection Set: 5.1ms
[37.629s][info][gc,phases   ] GC(805)   Other: 0.4ms
[37.629s][info][gc,heap     ] GC(805) Eden regions: 149->0(149)
[37.630s][info][gc,heap     ] GC(805) Survivor regions: 4->4(20)
[37.630s][info][gc,heap     ] GC(805) Old regions: 2->2
[37.630s][info][gc,heap     ] GC(805) Archive regions: 2->2
[37.631s][info][gc,heap     ] GC(805) Humongous regions: 0->0
[37.631s][info][gc,metaspace] GC(805) Metaspace: 615K(832K)->615K(832K) NonClass: 597K(704K)->597K(704K) Class: 17K(128K)->17K(128K)
[37.631s][info][gc          ] GC(805) Pause Young (Normal) (G1 Evacuation Pause) 155M->5M(256M) 11.201ms
[37.632s][info][gc,cpu      ] GC(805) User=0.01s Sys=0.00s Real=0.01s
[37.683s][info][gc,start    ] GC(806) Pause Young (Normal) (G1 Evacuation Pause)
[37.683s][info][gc,task     ] GC(806) Using 6 workers of 8 for evacuation
[37.686s][info][gc,phases   ] GC(806)   Pre Evacuate Collection Set: 0.2ms
[37.687s][info][gc,phases   ] GC(806)   Merge Heap Roots: 0.2ms
[37.687s][info][gc,phases   ] GC(806)   Evacuate Collection Set: 1.4ms
[37.688s][info][gc,phases   ] GC(806)   Post Evacuate Collection Set: 0.9ms
[37.688s][info][gc,phases   ] GC(806)   Other: 0.4ms
[37.688s][info][gc,heap     ] GC(806) Eden regions: 149->0(150)
[37.688s][info][gc,heap     ] GC(806) Survivor regions: 4->3(20)
[37.689s][info][gc,heap     ] GC(806) Old regions: 2->2
[37.689s][info][gc,heap     ] GC(806) Archive regions: 2->2
[37.689s][info][gc,heap     ] GC(806) Humongous regions: 0->0
[37.690s][info][gc,metaspace] GC(806) Metaspace: 615K(832K)->615K(832K) NonClass: 597K(704K)->597K(704K) Class: 17K(128K)->17K(128K)
[37.690s][info][gc          ] GC(806) Pause Young (Normal) (G1 Evacuation Pause) 154M->5M(256M) 7.611ms
[37.691s][info][gc,cpu      ] GC(806) User=0.00s Sys=0.01s Real=0.01s
[37.737s][info][gc,start    ] GC(807) Pause Young (Normal) (G1 Evacuation Pause)
[37.737s][info][gc,task     ] GC(807) Using 6 workers of 8 for evacuation
[37.741s][info][gc,phases   ] GC(807)   Pre Evacuate Collection Set: 0.3ms
[37.742s][info][gc,phases   ] GC(807)   Merge Heap Roots: 0.2ms
[37.745s][info][gc,phases   ] GC(807)   Evacuate Collection Set: 1.4ms
[37.745s][info][gc,phases   ] GC(807)   Post Evacuate Collection Set: 1.4ms
[37.746s][info][gc,phases   ] GC(807)   Other: 0.5ms
[37.746s][info][gc,heap     ] GC(807) Eden regions: 150->0(149)
[37.746s][info][gc,heap     ] GC(807) Survivor regions: 3->4(20)
[37.747s][info][gc,heap     ] GC(807) Old regions: 2->2
[37.747s][info][gc,heap     ] GC(807) Archive regions: 2->2
[37.748s][info][gc,heap     ] GC(807) Humongous regions: 0->0
[37.748s][info][gc,metaspace] GC(807) Metaspace: 615K(832K)->615K(832K) NonClass: 597K(704K)->597K(704K) Class: 17K(128K)->17K(128K)
[37.748s][info][gc          ] GC(807) Pause Young (Normal) (G1 Evacuation Pause) 155M->6M(256M) 11.436ms
[37.749s][info][gc,cpu      ] GC(807) User=0.01s Sys=0.00s Real=0.01s
[37.806s][info][gc,start    ] GC(808) Pause Young (Normal) (G1 Evacuation Pause)
[37.807s][info][gc,task     ] GC(808) Using 6 workers of 8 for evacuation
[37.813s][info][gc,phases   ] GC(808)   Pre Evacuate Collection Set: 0.5ms
[37.814s][info][gc,phases   ] GC(808)   Merge Heap Roots: 0.3ms
[37.814s][info][gc,phases   ] GC(808)   Evacuate Collection Set: 3.1ms
[37.815s][info][gc,phases   ] GC(808)   Post Evacuate Collection Set: 1.0ms
[37.815s][info][gc,phases   ] GC(808)   Other: 1.2ms
[37.816s][info][gc,heap     ] GC(808) Eden regions: 149->0(149)
[37.816s][info][gc,heap     ] GC(808) Survivor regions: 4->4(20)
[37.817s][info][gc,heap     ] GC(808) Old regions: 2->2
[37.817s][info][gc,heap     ] GC(808) Archive regions: 2->2
[37.818s][info][gc,heap     ] GC(808) Humongous regions: 0->0
[37.818s][info][gc,metaspace] GC(808) Metaspace: 615K(832K)->615K(832K) NonClass: 597K(704K)->597K(704K) Class: 17K(128K)->17K(128K)
[37.819s][info][gc          ] GC(808) Pause Young (Normal) (G1 Evacuation Pause) 155M->6M(256M) 13.252ms
[37.820s][info][gc,cpu      ] GC(808) User=0.01s Sys=0.00s Real=0.02s
[37.870s][info][gc,start    ] GC(809) Pause Young (Normal) (G1 Evacuation Pause)
[37.870s][info][gc,task     ] GC(809) Using 6 workers of 8 for evacuation
[37.876s][info][gc,phases   ] GC(809)   Pre Evacuate Collection Set: 0.3ms
[37.877s][info][gc,phases   ] GC(809)   Merge Heap Roots: 0.3ms
[37.877s][info][gc,phases   ] GC(809)   Evacuate Collection Set: 2.6ms
[37.878s][info][gc,phases   ] GC(809)   Post Evacuate Collection Set: 1.6ms
[37.879s][info][gc,phases   ] GC(809)   Other: 0.7ms
[37.879s][info][gc,heap     ] GC(809) Eden regions: 149->0(149)
[37.879s][info][gc,heap     ] GC(809) Survivor regions: 4->4(20)
[37.880s][info][gc,heap     ] GC(809) Old regions: 2->2
[37.880s][info][gc,heap     ] GC(809) Archive regions: 2->2
[37.880s][info][gc,heap     ] GC(809) Humongous regions: 0->0
[37.881s][info][gc,metaspace] GC(809) Metaspace: 615K(832K)->615K(832K) NonClass: 597K(704K)->597K(704K) Class: 17K(128K)->17K(128K)
[37.881s][info][gc          ] GC(809) Pause Young (Normal) (G1 Evacuation Pause) 155M->5M(256M) 11.566ms
[37.882s][info][gc,cpu      ] GC(809) User=0.01s Sys=0.00s Real=0.01s
[37.938s][info][gc,start    ] GC(810) Pause Young (Normal) (G1 Evacuation Pause)
[37.940s][info][gc,task     ] GC(810) Using 6 workers of 8 for evacuation
[37.947s][info][gc,phases   ] GC(810)   Pre Evacuate Collection Set: 0.5ms
[37.948s][info][gc,phases   ] GC(810)   Merge Heap Roots: 0.3ms
[37.949s][info][gc,phases   ] GC(810)   Evacuate Collection Set: 1.3ms
[37.950s][info][gc,phases   ] GC(810)   Post Evacuate Collection Set: 1.9ms
[37.951s][info][gc,phases   ] GC(810)   Other: 2.3ms
[37.952s][info][gc,heap     ] GC(810) Eden regions: 149->0(150)
[37.954s][info][gc,heap     ] GC(810) Survivor regions: 4->3(20)
[37.955s][info][gc,heap     ] GC(810) Old regions: 2->2
[37.955s][info][gc,heap     ] GC(810) Archive regions: 2->2
[37.956s][info][gc,heap     ] GC(810) Humongous regions: 0->0
[37.958s][info][gc,metaspace] GC(810) Metaspace: 615K(832K)->615K(832K) NonClass: 597K(704K)->597K(704K) Class: 17K(128K)->17K(128K)
[37.960s][info][gc          ] GC(810) Pause Young (Normal) (G1 Evacuation Pause) 154M->5M(256M) 21.420ms
[37.961s][info][gc,cpu      ] GC(810) User=0.01s Sys=0.00s Real=0.02s
[38.012s][info][gc,start    ] GC(811) Pause Young (Normal) (G1 Evacuation Pause)
[38.013s][info][gc,task     ] GC(811) Using 6 workers of 8 for evacuation
[38.016s][info][gc,phases   ] GC(811)   Pre Evacuate Collection Set: 0.3ms
[38.017s][info][gc,phases   ] GC(811)   Merge Heap Roots: 0.4ms
[38.018s][info][gc,phases   ] GC(811)   Evacuate Collection Set: 1.6ms
[38.019s][info][gc,phases   ] GC(811)   Post Evacuate Collection Set: 0.8ms
[38.019s][info][gc,phases   ] GC(811)   Other: 0.8ms
[38.019s][info][gc,heap     ] GC(811) Eden regions: 150->0(149)
[38.020s][info][gc,heap     ] GC(811) Survivor regions: 3->4(20)
[38.020s][info][gc,heap     ] GC(811) Old regions: 2->2
[38.020s][info][gc,heap     ] GC(811) Archive regions: 2->2
[38.021s][info][gc,heap     ] GC(811) Humongous regions: 0->0
[38.021s][info][gc,metaspace] GC(811) Metaspace: 615K(832K)->615K(832K) NonClass: 597K(704K)->597K(704K) Class: 17K(128K)->17K(128K)
[38.021s][info][gc          ] GC(811) Pause Young (Normal) (G1 Evacuation Pause) 155M->6M(256M) 9.452ms
[38.022s][info][gc,cpu      ] GC(811) User=0.01s Sys=0.00s Real=0.01s
[38.093s][info][gc,start    ] GC(812) Pause Young (Normal) (G1 Evacuation Pause)
[38.094s][info][gc,task     ] GC(812) Using 6 workers of 8 for evacuation
[38.097s][info][gc,phases   ] GC(812)   Pre Evacuate Collection Set: 0.3ms
[38.098s][info][gc,phases   ] GC(812)   Merge Heap Roots: 0.3ms
[38.098s][info][gc,phases   ] GC(812)   Evacuate Collection Set: 1.2ms
[38.098s][info][gc,phases   ] GC(812)   Post Evacuate Collection Set: 1.1ms
[38.099s][info][gc,phases   ] GC(812)   Other: 0.7ms
[38.099s][info][gc,heap     ] GC(812) Eden regions: 149->0(149)
[38.099s][info][gc,heap     ] GC(812) Survivor regions: 4->4(20)
[38.100s][info][gc,heap     ] GC(812) Old regions: 2->2
[38.100s][info][gc,heap     ] GC(812) Archive regions: 2->2
[38.100s][info][gc,heap     ] GC(812) Humongous regions: 0->0
[38.101s][info][gc,metaspace] GC(812) Metaspace: 615K(832K)->615K(832K) NonClass: 597K(704K)->597K(704K) Class: 17K(128K)->17K(128K)
[38.101s][info][gc          ] GC(812) Pause Young (Normal) (G1 Evacuation Pause) 155M->6M(256M) 8.043ms
[38.101s][info][gc,cpu      ] GC(812) User=0.00s Sys=0.01s Real=0.01s
[38.138s][info][gc,start    ] GC(813) Pause Young (Normal) (G1 Evacuation Pause)
[38.138s][info][gc,task     ] GC(813) Using 6 workers of 8 for evacuation
[38.142s][info][gc,phases   ] GC(813)   Pre Evacuate Collection Set: 0.3ms
[38.143s][info][gc,phases   ] GC(813)   Merge Heap Roots: 0.4ms
[38.143s][info][gc,phases   ] GC(813)   Evacuate Collection Set: 1.7ms
[38.144s][info][gc,phases   ] GC(813)   Post Evacuate Collection Set: 1.2ms
[38.144s][info][gc,phases   ] GC(813)   Other: 0.5ms
[38.144s][info][gc,heap     ] GC(813) Eden regions: 149->0(149)
[38.145s][info][gc,heap     ] GC(813) Survivor regions: 4->4(20)
[38.145s][info][gc,heap     ] GC(813) Old regions: 2->2
[38.145s][info][gc,heap     ] GC(813) Archive regions: 2->2
[38.146s][info][gc,heap     ] GC(813) Humongous regions: 0->0
[38.146s][info][gc,metaspace] GC(813) Metaspace: 615K(832K)->615K(832K) NonClass: 597K(704K)->597K(704K) Class: 17K(128K)->17K(128K)
[38.147s][info][gc          ] GC(813) Pause Young (Normal) (G1 Evacuation Pause) 155M->5M(256M) 8.873ms
[38.147s][info][gc,cpu      ] GC(813) User=0.01s Sys=0.00s Real=0.01s
[38.202s][info][gc,start    ] GC(814) Pause Young (Normal) (G1 Evacuation Pause)
[38.203s][info][gc,task     ] GC(814) Using 6 workers of 8 for evacuation
[38.206s][info][gc,phases   ] GC(814)   Pre Evacuate Collection Set: 0.4ms
[38.208s][info][gc,phases   ] GC(814)   Merge Heap Roots: 0.3ms
[38.209s][info][gc,phases   ] GC(814)   Evacuate Collection Set: 1.3ms
[38.211s][info][gc,phases   ] GC(814)   Post Evacuate Collection Set: 1.2ms
[38.211s][info][gc,phases   ] GC(814)   Other: 0.6ms
[38.212s][info][gc,heap     ] GC(814) Eden regions: 149->0(150)
[38.213s][info][gc,heap     ] GC(814) Survivor regions: 4->3(20)
[38.213s][info][gc,heap     ] GC(814) Old regions: 2->2
[38.214s][info][gc,heap     ] GC(814) Archive regions: 2->2
[38.214s][info][gc,heap     ] GC(814) Humongous regions: 0->0
[38.214s][info][gc,metaspace] GC(814) Metaspace: 615K(832K)->615K(832K) NonClass: 597K(704K)->597K(704K) Class: 17K(128K)->17K(128K)
[38.215s][info][gc          ] GC(814) Pause Young (Normal) (G1 Evacuation Pause) 154M->5M(256M) 12.587ms
[38.215s][info][gc,cpu      ] GC(814) User=0.01s Sys=0.00s Real=0.01s
[38.267s][info][gc,start    ] GC(815) Pause Young (Normal) (G1 Evacuation Pause)
[38.268s][info][gc,task     ] GC(815) Using 6 workers of 8 for evacuation
[38.272s][info][gc,phases   ] GC(815)   Pre Evacuate Collection Set: 0.3ms
[38.272s][info][gc,phases   ] GC(815)   Merge Heap Roots: 0.3ms
[38.273s][info][gc,phases   ] GC(815)   Evacuate Collection Set: 1.8ms
[38.275s][info][gc,phases   ] GC(815)   Post Evacuate Collection Set: 1.1ms
[38.276s][info][gc,phases   ] GC(815)   Other: 0.5ms
[38.277s][info][gc,heap     ] GC(815) Eden regions: 150->0(149)
[38.278s][info][gc,heap     ] GC(815) Survivor regions: 3->4(20)
[38.279s][info][gc,heap     ] GC(815) Old regions: 2->2
[38.279s][info][gc,heap     ] GC(815) Archive regions: 2->2
[38.280s][info][gc,heap     ] GC(815) Humongous regions: 0->0
[38.280s][info][gc,metaspace] GC(815) Metaspace: 615K(832K)->615K(832K) NonClass: 597K(704K)->597K(704K) Class: 17K(128K)->17K(128K)
[38.281s][info][gc          ] GC(815) Pause Young (Normal) (G1 Evacuation Pause) 155M->6M(256M) 13.692ms
[38.281s][info][gc,cpu      ] GC(815) User=0.01s Sys=0.00s Real=0.01s
[38.358s][info][gc,start    ] GC(816) Pause Young (Normal) (G1 Evacuation Pause)
[38.379s][info][gc,task     ] GC(816) Using 6 workers of 8 for evacuation
[38.414s][info][gc,phases   ] GC(816)   Pre Evacuate Collection Set: 0.5ms
[38.415s][info][gc,phases   ] GC(816)   Merge Heap Roots: 0.3ms
[38.416s][info][gc,phases   ] GC(816)   Evacuate Collection Set: 1.2ms
[38.416s][info][gc,phases   ] GC(816)   Post Evacuate Collection Set: 1.0ms
[38.417s][info][gc,phases   ] GC(816)   Other: 32.6ms
[38.417s][info][gc,heap     ] GC(816) Eden regions: 149->0(149)
[38.418s][info][gc,heap     ] GC(816) Survivor regions: 4->4(20)
[38.418s][info][gc,heap     ] GC(816) Old regions: 2->2
[38.419s][info][gc,heap     ] GC(816) Archive regions: 2->2
[38.419s][info][gc,heap     ] GC(816) Humongous regions: 0->0
[38.419s][info][gc,metaspace] GC(816) Metaspace: 615K(832K)->615K(832K) NonClass: 597K(704K)->597K(704K) Class: 17K(128K)->17K(128K)
[38.420s][info][gc          ] GC(816) Pause Young (Normal) (G1 Evacuation Pause) 155M->5M(256M) 61.260ms
[38.420s][info][gc,cpu      ] GC(816) User=0.01s Sys=0.00s Real=0.06s
[38.480s][info][gc,start    ] GC(817) Pause Young (Normal) (G1 Evacuation Pause)
[38.480s][info][gc,task     ] GC(817) Using 6 workers of 8 for evacuation
[38.484s][info][gc,phases   ] GC(817)   Pre Evacuate Collection Set: 0.3ms
[38.484s][info][gc,phases   ] GC(817)   Merge Heap Roots: 0.2ms
[38.484s][info][gc,phases   ] GC(817)   Evacuate Collection Set: 1.5ms
[38.485s][info][gc,phases   ] GC(817)   Post Evacuate Collection Set: 0.9ms
[38.486s][info][gc,phases   ] GC(817)   Other: 0.5ms
[38.486s][info][gc,heap     ] GC(817) Eden regions: 149->0(150)
[38.487s][info][gc,heap     ] GC(817) Survivor regions: 4->3(20)
[38.487s][info][gc,heap     ] GC(817) Old regions: 2->2
[38.487s][info][gc,heap     ] GC(817) Archive regions: 2->2
[38.488s][info][gc,heap     ] GC(817) Humongous regions: 0->0
[38.488s][info][gc,metaspace] GC(817) Metaspace: 615K(832K)->615K(832K) NonClass: 597K(704K)->597K(704K) Class: 17K(128K)->17K(128K)
[38.489s][info][gc          ] GC(817) Pause Young (Normal) (G1 Evacuation Pause) 154M->5M(256M) 8.845ms
[38.491s][info][gc,cpu      ] GC(817) User=0.01s Sys=0.00s Real=0.01s
[38.552s][info][gc,start    ] GC(818) Pause Young (Normal) (G1 Evacuation Pause)
[38.553s][info][gc,task     ] GC(818) Using 6 workers of 8 for evacuation
[38.562s][info][gc,phases   ] GC(818)   Pre Evacuate Collection Set: 0.3ms
[38.562s][info][gc,phases   ] GC(818)   Merge Heap Roots: 0.3ms
[38.563s][info][gc,phases   ] GC(818)   Evacuate Collection Set: 2.0ms
[38.563s][info][gc,phases   ] GC(818)   Post Evacuate Collection Set: 5.2ms
[38.564s][info][gc,phases   ] GC(818)   Other: 0.9ms
[38.564s][info][gc,heap     ] GC(818) Eden regions: 150->0(149)
[38.564s][info][gc,heap     ] GC(818) Survivor regions: 3->4(20)
[38.565s][info][gc,heap     ] GC(818) Old regions: 2->2
[38.565s][info][gc,heap     ] GC(818) Archive regions: 2->2
[38.565s][info][gc,heap     ] GC(818) Humongous regions: 0->0
[38.566s][info][gc,metaspace] GC(818) Metaspace: 615K(832K)->615K(832K) NonClass: 597K(704K)->597K(704K) Class: 17K(128K)->17K(128K)
[38.566s][info][gc          ] GC(818) Pause Young (Normal) (G1 Evacuation Pause) 155M->6M(256M) 13.838ms
[38.567s][info][gc,cpu      ] GC(818) User=0.01s Sys=0.01s Real=0.02s
[38.617s][info][gc,start    ] GC(819) Pause Young (Normal) (G1 Evacuation Pause)
[38.617s][info][gc,task     ] GC(819) Using 6 workers of 8 for evacuation
[38.621s][info][gc,phases   ] GC(819)   Pre Evacuate Collection Set: 0.3ms
[38.622s][info][gc,phases   ] GC(819)   Merge Heap Roots: 0.3ms
[38.624s][info][gc,phases   ] GC(819)   Evacuate Collection Set: 1.3ms
[38.625s][info][gc,phases   ] GC(819)   Post Evacuate Collection Set: 1.1ms
[38.626s][info][gc,phases   ] GC(819)   Other: 0.5ms
[38.626s][info][gc,heap     ] GC(819) Eden regions: 149->0(149)
[38.627s][info][gc,heap     ] GC(819) Survivor regions: 4->4(20)
[38.628s][info][gc,heap     ] GC(819) Old regions: 2->2
[38.628s][info][gc,heap     ] GC(819) Archive regions: 2->2
[38.629s][info][gc,heap     ] GC(819) Humongous regions: 0->0
[38.629s][info][gc,metaspace] GC(819) Metaspace: 615K(832K)->615K(832K) NonClass: 597K(704K)->597K(704K) Class: 17K(128K)->17K(128K)
[38.630s][info][gc          ] GC(819) Pause Young (Normal) (G1 Evacuation Pause) 155M->5M(256M) 12.717ms
[38.630s][info][gc,cpu      ] GC(819) User=0.00s Sys=0.01s Real=0.01s
[38.680s][info][gc,start    ] GC(820) Pause Young (Normal) (G1 Evacuation Pause)
[38.680s][info][gc,task     ] GC(820) Using 6 workers of 8 for evacuation
[38.683s][info][gc,phases   ] GC(820)   Pre Evacuate Collection Set: 0.3ms
[38.684s][info][gc,phases   ] GC(820)   Merge Heap Roots: 0.3ms
[38.684s][info][gc,phases   ] GC(820)   Evacuate Collection Set: 0.8ms
[38.684s][info][gc,phases   ] GC(820)   Post Evacuate Collection Set: 1.0ms
[38.685s][info][gc,phases   ] GC(820)   Other: 0.5ms
[38.686s][info][gc,heap     ] GC(820) Eden regions: 149->0(149)
[38.686s][info][gc,heap     ] GC(820) Survivor regions: 4->4(20)
[38.687s][info][gc,heap     ] GC(820) Old regions: 2->2
[38.687s][info][gc,heap     ] GC(820) Archive regions: 2->2
[38.687s][info][gc,heap     ] GC(820) Humongous regions: 0->0
[38.688s][info][gc,metaspace] GC(820) Metaspace: 615K(832K)->615K(832K) NonClass: 597K(704K)->597K(704K) Class: 17K(128K)->17K(128K)
[38.690s][info][gc          ] GC(820) Pause Young (Normal) (G1 Evacuation Pause) 154M->5M(256M) 10.270ms
[38.692s][info][gc,cpu      ] GC(820) User=0.00s Sys=0.00s Real=0.01s
[38.733s][info][gc,start    ] GC(821) Pause Young (Normal) (G1 Evacuation Pause)
[38.734s][info][gc,task     ] GC(821) Using 6 workers of 8 for evacuation
[38.737s][info][gc,phases   ] GC(821)   Pre Evacuate Collection Set: 0.3ms
[38.737s][info][gc,phases   ] GC(821)   Merge Heap Roots: 0.3ms
[38.738s][info][gc,phases   ] GC(821)   Evacuate Collection Set: 1.1ms
[38.738s][info][gc,phases   ] GC(821)   Post Evacuate Collection Set: 0.9ms
[38.739s][info][gc,phases   ] GC(821)   Other: 0.4ms
[38.739s][info][gc,heap     ] GC(821) Eden regions: 149->0(150)
[38.740s][info][gc,heap     ] GC(821) Survivor regions: 4->3(20)
[38.741s][info][gc,heap     ] GC(821) Old regions: 2->2
[38.741s][info][gc,heap     ] GC(821) Archive regions: 2->2
[38.742s][info][gc,heap     ] GC(821) Humongous regions: 0->0
[38.743s][info][gc,metaspace] GC(821) Metaspace: 615K(832K)->615K(832K) NonClass: 597K(704K)->597K(704K) Class: 17K(128K)->17K(128K)
[38.744s][info][gc          ] GC(821) Pause Young (Normal) (G1 Evacuation Pause) 154M->5M(256M) 10.988ms
[38.745s][info][gc,cpu      ] GC(821) User=0.00s Sys=0.01s Real=0.01s
[38.784s][info][gc,start    ] GC(822) Pause Young (Normal) (G1 Evacuation Pause)
[38.784s][info][gc,task     ] GC(822) Using 6 workers of 8 for evacuation
[38.787s][info][gc,phases   ] GC(822)   Pre Evacuate Collection Set: 0.3ms
[38.787s][info][gc,phases   ] GC(822)   Merge Heap Roots: 0.2ms
[38.788s][info][gc,phases   ] GC(822)   Evacuate Collection Set: 1.0ms
[38.788s][info][gc,phases   ] GC(822)   Post Evacuate Collection Set: 0.8ms
[38.788s][info][gc,phases   ] GC(822)   Other: 0.4ms
[38.789s][info][gc,heap     ] GC(822) Eden regions: 150->0(149)
[38.790s][info][gc,heap     ] GC(822) Survivor regions: 3->4(20)
[38.791s][info][gc,heap     ] GC(822) Old regions: 2->2
[38.792s][info][gc,heap     ] GC(822) Archive regions: 2->2
[38.793s][info][gc,heap     ] GC(822) Humongous regions: 0->0
[38.794s][info][gc,metaspace] GC(822) Metaspace: 615K(832K)->615K(832K) NonClass: 597K(704K)->597K(704K) Class: 17K(128K)->17K(128K)
[38.795s][info][gc          ] GC(822) Pause Young (Normal) (G1 Evacuation Pause) 155M->6M(256M) 10.830ms
[38.795s][info][gc,cpu      ] GC(822) User=0.01s Sys=0.00s Real=0.01s
[38.836s][info][gc,start    ] GC(823) Pause Young (Normal) (G1 Evacuation Pause)
[38.836s][info][gc,task     ] GC(823) Using 6 workers of 8 for evacuation
[38.839s][info][gc,phases   ] GC(823)   Pre Evacuate Collection Set: 0.3ms
[38.841s][info][gc,phases   ] GC(823)   Merge Heap Roots: 0.3ms
[38.842s][info][gc,phases   ] GC(823)   Evacuate Collection Set: 1.0ms
[38.843s][info][gc,phases   ] GC(823)   Post Evacuate Collection Set: 1.0ms
[38.843s][info][gc,phases   ] GC(823)   Other: 0.5ms
[38.844s][info][gc,heap     ] GC(823) Eden regions: 149->0(149)
[38.844s][info][gc,heap     ] GC(823) Survivor regions: 4->4(20)
[38.845s][info][gc,heap     ] GC(823) Old regions: 2->2
[38.845s][info][gc,heap     ] GC(823) Archive regions: 2->2
[38.846s][info][gc,heap     ] GC(823) Humongous regions: 0->0
[38.846s][info][gc,metaspace] GC(823) Metaspace: 615K(832K)->615K(832K) NonClass: 597K(704K)->597K(704K) Class: 17K(128K)->17K(128K)
[38.846s][info][gc          ] GC(823) Pause Young (Normal) (G1 Evacuation Pause) 155M->5M(256M) 10.723ms
[38.847s][info][gc,cpu      ] GC(823) User=0.01s Sys=0.00s Real=0.02s
[38.886s][info][gc,start    ] GC(824) Pause Young (Normal) (G1 Evacuation Pause)
[38.887s][info][gc,task     ] GC(824) Using 6 workers of 8 for evacuation
[38.890s][info][gc,phases   ] GC(824)   Pre Evacuate Collection Set: 0.3ms
[38.891s][info][gc,phases   ] GC(824)   Merge Heap Roots: 0.2ms
[38.892s][info][gc,phases   ] GC(824)   Evacuate Collection Set: 1.0ms
[38.893s][info][gc,phases   ] GC(824)   Post Evacuate Collection Set: 1.2ms
[38.894s][info][gc,phases   ] GC(824)   Other: 0.5ms
[38.894s][info][gc,heap     ] GC(824) Eden regions: 149->0(150)
[38.894s][info][gc,heap     ] GC(824) Survivor regions: 4->3(20)
[38.895s][info][gc,heap     ] GC(824) Old regions: 2->2
[38.895s][info][gc,heap     ] GC(824) Archive regions: 2->2
[38.895s][info][gc,heap     ] GC(824) Humongous regions: 0->0
[38.896s][info][gc,metaspace] GC(824) Metaspace: 615K(832K)->615K(832K) NonClass: 597K(704K)->597K(704K) Class: 17K(128K)->17K(128K)
[38.896s][info][gc          ] GC(824) Pause Young (Normal) (G1 Evacuation Pause) 154M->5M(256M) 9.832ms
[38.896s][info][gc,cpu      ] GC(824) User=0.00s Sys=0.00s Real=0.01s
[38.936s][info][gc,start    ] GC(825) Pause Young (Normal) (G1 Evacuation Pause)
[38.936s][info][gc,task     ] GC(825) Using 6 workers of 8 for evacuation
[38.940s][info][gc,phases   ] GC(825)   Pre Evacuate Collection Set: 0.3ms
[38.941s][info][gc,phases   ] GC(825)   Merge Heap Roots: 0.2ms
[38.942s][info][gc,phases   ] GC(825)   Evacuate Collection Set: 1.3ms
[38.943s][info][gc,phases   ] GC(825)   Post Evacuate Collection Set: 1.0ms
[38.944s][info][gc,phases   ] GC(825)   Other: 0.5ms
[38.944s][info][gc,heap     ] GC(825) Eden regions: 150->0(149)
[38.944s][info][gc,heap     ] GC(825) Survivor regions: 3->4(20)
[38.945s][info][gc,heap     ] GC(825) Old regions: 2->2
[38.946s][info][gc,heap     ] GC(825) Archive regions: 2->2
[38.946s][info][gc,heap     ] GC(825) Humongous regions: 0->0
[38.946s][info][gc,metaspace] GC(825) Metaspace: 615K(832K)->615K(832K) NonClass: 597K(704K)->597K(704K) Class: 17K(128K)->17K(128K)
[38.947s][info][gc          ] GC(825) Pause Young (Normal) (G1 Evacuation Pause) 155M->6M(256M) 10.885ms
[38.947s][info][gc,cpu      ] GC(825) User=0.01s Sys=0.00s Real=0.02s
[38.990s][info][gc,start    ] GC(826) Pause Young (Normal) (G1 Evacuation Pause)
[38.991s][info][gc,task     ] GC(826) Using 6 workers of 8 for evacuation
[38.995s][info][gc,phases   ] GC(826)   Pre Evacuate Collection Set: 0.5ms
[38.996s][info][gc,phases   ] GC(826)   Merge Heap Roots: 0.4ms
[38.996s][info][gc,phases   ] GC(826)   Evacuate Collection Set: 0.9ms
[38.997s][info][gc,phases   ] GC(826)   Post Evacuate Collection Set: 1.3ms
[38.997s][info][gc,phases   ] GC(826)   Other: 1.1ms
[38.997s][info][gc,heap     ] GC(826) Eden regions: 149->0(149)
[38.998s][info][gc,heap     ] GC(826) Survivor regions: 4->4(20)
[38.998s][info][gc,heap     ] GC(826) Old regions: 2->2
[38.999s][info][gc,heap     ] GC(826) Archive regions: 2->2
[38.999s][info][gc,heap     ] GC(826) Humongous regions: 0->0
[38.999s][info][gc,metaspace] GC(826) Metaspace: 615K(832K)->615K(832K) NonClass: 597K(704K)->597K(704K) Class: 17K(128K)->17K(128K)
[39.000s][info][gc          ] GC(826) Pause Young (Normal) (G1 Evacuation Pause) 155M->5M(256M) 10.144ms
[39.000s][info][gc,cpu      ] GC(826) User=0.01s Sys=0.00s Real=0.01s
[39.046s][info][gc,start    ] GC(827) Pause Young (Normal) (G1 Evacuation Pause)
[39.046s][info][gc,task     ] GC(827) Using 6 workers of 8 for evacuation
[39.049s][info][gc,phases   ] GC(827)   Pre Evacuate Collection Set: 0.2ms
[39.049s][info][gc,phases   ] GC(827)   Merge Heap Roots: 0.2ms
[39.049s][info][gc,phases   ] GC(827)   Evacuate Collection Set: 0.8ms
[39.050s][info][gc,phases   ] GC(827)   Post Evacuate Collection Set: 0.7ms
[39.050s][info][gc,phases   ] GC(827)   Other: 0.5ms
[39.050s][info][gc,heap     ] GC(827) Eden regions: 149->0(149)
[39.051s][info][gc,heap     ] GC(827) Survivor regions: 4->4(20)
[39.051s][info][gc,heap     ] GC(827) Old regions: 2->2
[39.051s][info][gc,heap     ] GC(827) Archive regions: 2->2
[39.052s][info][gc,heap     ] GC(827) Humongous regions: 0->0
[39.052s][info][gc,metaspace] GC(827) Metaspace: 615K(832K)->615K(832K) NonClass: 597K(704K)->597K(704K) Class: 17K(128K)->17K(128K)
[39.052s][info][gc          ] GC(827) Pause Young (Normal) (G1 Evacuation Pause) 154M->5M(256M) 6.725ms
[39.053s][info][gc,cpu      ] GC(827) User=0.01s Sys=0.00s Real=0.01s
[39.102s][info][gc,start    ] GC(828) Pause Young (Normal) (G1 Evacuation Pause)
[39.102s][info][gc,task     ] GC(828) Using 6 workers of 8 for evacuation
[39.105s][info][gc,phases   ] GC(828)   Pre Evacuate Collection Set: 0.2ms
[39.105s][info][gc,phases   ] GC(828)   Merge Heap Roots: 0.3ms
[39.105s][info][gc,phases   ] GC(828)   Evacuate Collection Set: 0.9ms
[39.106s][info][gc,phases   ] GC(828)   Post Evacuate Collection Set: 0.8ms
[39.106s][info][gc,phases   ] GC(828)   Other: 0.4ms
[39.107s][info][gc,heap     ] GC(828) Eden regions: 149->0(150)
[39.108s][info][gc,heap     ] GC(828) Survivor regions: 4->3(20)
[39.109s][info][gc,heap     ] GC(828) Old regions: 2->2
[39.110s][info][gc,heap     ] GC(828) Archive regions: 2->2
[39.110s][info][gc,heap     ] GC(828) Humongous regions: 0->0
[39.111s][info][gc,metaspace] GC(828) Metaspace: 615K(832K)->615K(832K) NonClass: 597K(704K)->597K(704K) Class: 17K(128K)->17K(128K)
[39.112s][info][gc          ] GC(828) Pause Young (Normal) (G1 Evacuation Pause) 154M->5M(256M) 10.366ms
[39.112s][info][gc,cpu      ] GC(828) User=0.00s Sys=0.00s Real=0.01s
[39.153s][info][gc,start    ] GC(829) Pause Young (Normal) (G1 Evacuation Pause)
[39.154s][info][gc,task     ] GC(829) Using 6 workers of 8 for evacuation
[39.158s][info][gc,phases   ] GC(829)   Pre Evacuate Collection Set: 0.4ms
[39.159s][info][gc,phases   ] GC(829)   Merge Heap Roots: 0.3ms
[39.159s][info][gc,phases   ] GC(829)   Evacuate Collection Set: 1.3ms
[39.160s][info][gc,phases   ] GC(829)   Post Evacuate Collection Set: 1.7ms
[39.161s][info][gc,phases   ] GC(829)   Other: 0.4ms
[39.161s][info][gc,heap     ] GC(829) Eden regions: 150->0(149)
[39.162s][info][gc,heap     ] GC(829) Survivor regions: 3->4(20)
[39.162s][info][gc,heap     ] GC(829) Old regions: 2->2
[39.162s][info][gc,heap     ] GC(829) Archive regions: 2->2
[39.163s][info][gc,heap     ] GC(829) Humongous regions: 0->0
[39.163s][info][gc,metaspace] GC(829) Metaspace: 615K(832K)->615K(832K) NonClass: 597K(704K)->597K(704K) Class: 17K(128K)->17K(128K)
[39.163s][info][gc          ] GC(829) Pause Young (Normal) (G1 Evacuation Pause) 155M->6M(256M) 9.968ms
[39.163s][info][gc,cpu      ] GC(829) User=0.00s Sys=0.00s Real=0.01s
[39.216s][info][gc,start    ] GC(830) Pause Young (Normal) (G1 Evacuation Pause)
[39.217s][info][gc,task     ] GC(830) Using 6 workers of 8 for evacuation
[39.220s][info][gc,phases   ] GC(830)   Pre Evacuate Collection Set: 0.3ms
[39.220s][info][gc,phases   ] GC(830)   Merge Heap Roots: 0.3ms
[39.221s][info][gc,phases   ] GC(830)   Evacuate Collection Set: 0.8ms
[39.221s][info][gc,phases   ] GC(830)   Post Evacuate Collection Set: 1.0ms
[39.221s][info][gc,phases   ] GC(830)   Other: 0.6ms
[39.222s][info][gc,heap     ] GC(830) Eden regions: 149->0(149)
[39.222s][info][gc,heap     ] GC(830) Survivor regions: 4->4(20)
[39.223s][info][gc,heap     ] GC(830) Old regions: 2->2
[39.224s][info][gc,heap     ] GC(830) Archive regions: 2->2
[39.224s][info][gc,heap     ] GC(830) Humongous regions: 0->0
[39.225s][info][gc,metaspace] GC(830) Metaspace: 615K(832K)->615K(832K) NonClass: 597K(704K)->597K(704K) Class: 17K(128K)->17K(128K)
[39.226s][info][gc          ] GC(830) Pause Young (Normal) (G1 Evacuation Pause) 155M->5M(256M) 10.351ms
[39.227s][info][gc,cpu      ] GC(830) User=0.00s Sys=0.00s Real=0.02s
[39.270s][info][gc,start    ] GC(831) Pause Young (Normal) (G1 Evacuation Pause)
[39.271s][info][gc,task     ] GC(831) Using 6 workers of 8 for evacuation
[39.275s][info][gc,phases   ] GC(831)   Pre Evacuate Collection Set: 0.2ms
[39.276s][info][gc,phases   ] GC(831)   Merge Heap Roots: 0.3ms
[39.278s][info][gc,phases   ] GC(831)   Evacuate Collection Set: 0.9ms
[39.279s][info][gc,phases   ] GC(831)   Post Evacuate Collection Set: 1.9ms
[39.280s][info][gc,phases   ] GC(831)   Other: 0.6ms
[39.280s][info][gc,heap     ] GC(831) Eden regions: 149->0(150)
[39.280s][info][gc,heap     ] GC(831) Survivor regions: 4->3(20)
[39.281s][info][gc,heap     ] GC(831) Old regions: 2->2
[39.281s][info][gc,heap     ] GC(831) Archive regions: 2->2
[39.282s][info][gc,heap     ] GC(831) Humongous regions: 0->0
[39.282s][info][gc,metaspace] GC(831) Metaspace: 615K(832K)->615K(832K) NonClass: 597K(704K)->597K(704K) Class: 17K(128K)->17K(128K)
[39.282s][info][gc          ] GC(831) Pause Young (Normal) (G1 Evacuation Pause) 154M->5M(256M) 11.940ms
[39.283s][info][gc,cpu      ] GC(831) User=0.00s Sys=0.00s Real=0.01s
[39.334s][info][gc,start    ] GC(832) Pause Young (Normal) (G1 Evacuation Pause)
[39.334s][info][gc,task     ] GC(832) Using 6 workers of 8 for evacuation
[39.338s][info][gc,phases   ] GC(832)   Pre Evacuate Collection Set: 0.3ms
[39.338s][info][gc,phases   ] GC(832)   Merge Heap Roots: 0.2ms
[39.338s][info][gc,phases   ] GC(832)   Evacuate Collection Set: 1.4ms
[39.339s][info][gc,phases   ] GC(832)   Post Evacuate Collection Set: 0.9ms
[39.339s][info][gc,phases   ] GC(832)   Other: 0.5ms
[39.341s][info][gc,heap     ] GC(832) Eden regions: 150->0(149)
[39.342s][info][gc,heap     ] GC(832) Survivor regions: 3->4(20)
[39.343s][info][gc,heap     ] GC(832) Old regions: 2->2
[39.344s][info][gc,heap     ] GC(832) Archive regions: 2->2
[39.344s][info][gc,heap     ] GC(832) Humongous regions: 0->0
[39.345s][info][gc,metaspace] GC(832) Metaspace: 615K(832K)->615K(832K) NonClass: 597K(704K)->597K(704K) Class: 17K(128K)->17K(128K)
[39.345s][info][gc          ] GC(832) Pause Young (Normal) (G1 Evacuation Pause) 155M->6M(256M) 11.439ms
[39.346s][info][gc,cpu      ] GC(832) User=0.00s Sys=0.00s Real=0.01s
[39.387s][info][gc,start    ] GC(833) Pause Young (Normal) (G1 Evacuation Pause)
[39.388s][info][gc,task     ] GC(833) Using 6 workers of 8 for evacuation
[39.396s][info][gc,phases   ] GC(833)   Pre Evacuate Collection Set: 0.4ms
[39.396s][info][gc,phases   ] GC(833)   Merge Heap Roots: 0.2ms
[39.397s][info][gc,phases   ] GC(833)   Evacuate Collection Set: 5.2ms
[39.397s][info][gc,phases   ] GC(833)   Post Evacuate Collection Set: 1.6ms
[39.398s][info][gc,phases   ] GC(833)   Other: 0.5ms
[39.398s][info][gc,heap     ] GC(833) Eden regions: 149->0(149)
[39.399s][info][gc,heap     ] GC(833) Survivor regions: 4->4(20)
[39.399s][info][gc,heap     ] GC(833) Old regions: 2->2
[39.399s][info][gc,heap     ] GC(833) Archive regions: 2->2
[39.400s][info][gc,heap     ] GC(833) Humongous regions: 0->0
[39.400s][info][gc,metaspace] GC(833) Metaspace: 615K(832K)->615K(832K) NonClass: 597K(704K)->597K(704K) Class: 17K(128K)->17K(128K)
[39.401s][info][gc          ] GC(833) Pause Young (Normal) (G1 Evacuation Pause) 155M->6M(256M) 13.330ms
[39.401s][info][gc,cpu      ] GC(833) User=0.02s Sys=0.00s Real=0.01s
[39.450s][info][gc,start    ] GC(834) Pause Young (Normal) (G1 Evacuation Pause)
[39.451s][info][gc,task     ] GC(834) Using 6 workers of 8 for evacuation
[39.454s][info][gc,phases   ] GC(834)   Pre Evacuate Collection Set: 0.3ms
[39.454s][info][gc,phases   ] GC(834)   Merge Heap Roots: 0.2ms
[39.455s][info][gc,phases   ] GC(834)   Evacuate Collection Set: 1.1ms
[39.455s][info][gc,phases   ] GC(834)   Post Evacuate Collection Set: 0.9ms
[39.455s][info][gc,phases   ] GC(834)   Other: 0.4ms
[39.456s][info][gc,heap     ] GC(834) Eden regions: 149->0(149)
[39.458s][info][gc,heap     ] GC(834) Survivor regions: 4->4(20)
[39.459s][info][gc,heap     ] GC(834) Old regions: 2->2
[39.460s][info][gc,heap     ] GC(834) Archive regions: 2->2
[39.461s][info][gc,heap     ] GC(834) Humongous regions: 0->0
[39.462s][info][gc,metaspace] GC(834) Metaspace: 615K(832K)->615K(832K) NonClass: 597K(704K)->597K(704K) Class: 17K(128K)->17K(128K)
[39.462s][info][gc          ] GC(834) Pause Young (Normal) (G1 Evacuation Pause) 155M->5M(256M) 11.987ms
[39.465s][info][gc,cpu      ] GC(834) User=0.01s Sys=0.01s Real=0.01s
[39.524s][info][gc,start    ] GC(835) Pause Young (Normal) (G1 Evacuation Pause)
[39.526s][info][gc,task     ] GC(835) Using 6 workers of 8 for evacuation
[39.531s][info][gc,phases   ] GC(835)   Pre Evacuate Collection Set: 0.5ms
[39.531s][info][gc,phases   ] GC(835)   Merge Heap Roots: 0.4ms
[39.531s][info][gc,phases   ] GC(835)   Evacuate Collection Set: 2.1ms
[39.532s][info][gc,phases   ] GC(835)   Post Evacuate Collection Set: 0.9ms
[39.532s][info][gc,phases   ] GC(835)   Other: 1.2ms
[39.532s][info][gc,heap     ] GC(835) Eden regions: 149->0(150)
[39.533s][info][gc,heap     ] GC(835) Survivor regions: 4->3(20)
[39.533s][info][gc,heap     ] GC(835) Old regions: 2->2
[39.533s][info][gc,heap     ] GC(835) Archive regions: 2->2
[39.534s][info][gc,heap     ] GC(835) Humongous regions: 0->0
[39.534s][info][gc,metaspace] GC(835) Metaspace: 615K(832K)->615K(832K) NonClass: 597K(704K)->597K(704K) Class: 17K(128K)->17K(128K)
[39.534s][info][gc          ] GC(835) Pause Young (Normal) (G1 Evacuation Pause) 154M->5M(256M) 10.147ms
[39.535s][info][gc,cpu      ] GC(835) User=0.01s Sys=0.00s Real=0.01s
[39.594s][info][gc,start    ] GC(836) Pause Young (Normal) (G1 Evacuation Pause)
[39.595s][info][gc,task     ] GC(836) Using 6 workers of 8 for evacuation
[39.599s][info][gc,phases   ] GC(836)   Pre Evacuate Collection Set: 0.3ms
[39.600s][info][gc,phases   ] GC(836)   Merge Heap Roots: 0.4ms
[39.601s][info][gc,phases   ] GC(836)   Evacuate Collection Set: 1.6ms
[39.601s][info][gc,phases   ] GC(836)   Post Evacuate Collection Set: 0.8ms
[39.601s][info][gc,phases   ] GC(836)   Other: 0.9ms
[39.602s][info][gc,heap     ] GC(836) Eden regions: 150->0(149)
[39.604s][info][gc,heap     ] GC(836) Survivor regions: 3->4(20)
[39.605s][info][gc,heap     ] GC(836) Old regions: 2->2
[39.611s][info][gc,heap     ] GC(836) Archive regions: 2->2
[39.614s][info][gc,heap     ] GC(836) Humongous regions: 0->0
[39.616s][info][gc,metaspace] GC(836) Metaspace: 615K(832K)->615K(832K) NonClass: 597K(704K)->597K(704K) Class: 17K(128K)->17K(128K)
[39.616s][info][gc          ] GC(836) Pause Young (Normal) (G1 Evacuation Pause) 155M->5M(256M) 22.082ms
[39.617s][info][gc,cpu      ] GC(836) User=0.00s Sys=0.01s Real=0.03s
[39.668s][info][gc,start    ] GC(837) Pause Young (Normal) (G1 Evacuation Pause)
[39.669s][info][gc,task     ] GC(837) Using 6 workers of 8 for evacuation
[39.673s][info][gc,phases   ] GC(837)   Pre Evacuate Collection Set: 0.4ms
[39.675s][info][gc,phases   ] GC(837)   Merge Heap Roots: 0.6ms
[39.677s][info][gc,phases   ] GC(837)   Evacuate Collection Set: 1.3ms
[39.678s][info][gc,phases   ] GC(837)   Post Evacuate Collection Set: 1.4ms
[39.678s][info][gc,phases   ] GC(837)   Other: 0.6ms
[39.679s][info][gc,heap     ] GC(837) Eden regions: 149->0(149)
[39.680s][info][gc,heap     ] GC(837) Survivor regions: 4->4(20)
[39.680s][info][gc,heap     ] GC(837) Old regions: 2->2
[39.681s][info][gc,heap     ] GC(837) Archive regions: 2->2
[39.681s][info][gc,heap     ] GC(837) Humongous regions: 0->0
[39.681s][info][gc,metaspace] GC(837) Metaspace: 615K(832K)->615K(832K) NonClass: 597K(704K)->597K(704K) Class: 17K(128K)->17K(128K)
[39.682s][info][gc          ] GC(837) Pause Young (Normal) (G1 Evacuation Pause) 154M->5M(256M) 13.538ms
[39.682s][info][gc,cpu      ] GC(837) User=0.01s Sys=0.00s Real=0.01s
[39.731s][info][gc,start    ] GC(838) Pause Young (Normal) (G1 Evacuation Pause)
[39.732s][info][gc,task     ] GC(838) Using 6 workers of 8 for evacuation
[39.735s][info][gc,phases   ] GC(838)   Pre Evacuate Collection Set: 0.3ms
[39.735s][info][gc,phases   ] GC(838)   Merge Heap Roots: 0.3ms
[39.736s][info][gc,phases   ] GC(838)   Evacuate Collection Set: 1.2ms
[39.736s][info][gc,phases   ] GC(838)   Post Evacuate Collection Set: 0.9ms
[39.737s][info][gc,phases   ] GC(838)   Other: 0.5ms
[39.737s][info][gc,heap     ] GC(838) Eden regions: 149->0(150)
[39.737s][info][gc,heap     ] GC(838) Survivor regions: 4->3(20)
[39.738s][info][gc,heap     ] GC(838) Old regions: 2->2
[39.738s][info][gc,heap     ] GC(838) Archive regions: 2->2
[39.739s][info][gc,heap     ] GC(838) Humongous regions: 0->0
[39.739s][info][gc,metaspace] GC(838) Metaspace: 615K(832K)->615K(832K) NonClass: 597K(704K)->597K(704K) Class: 17K(128K)->17K(128K)
[39.740s][info][gc          ] GC(838) Pause Young (Normal) (G1 Evacuation Pause) 154M->5M(256M) 8.783ms
[39.741s][info][gc,cpu      ] GC(838) User=0.00s Sys=0.00s Real=0.01s
[39.788s][info][gc,start    ] GC(839) Pause Young (Normal) (G1 Evacuation Pause)
[39.788s][info][gc,task     ] GC(839) Using 6 workers of 8 for evacuation
[39.794s][info][gc,phases   ] GC(839)   Pre Evacuate Collection Set: 0.6ms
[39.796s][info][gc,phases   ] GC(839)   Merge Heap Roots: 0.5ms
[39.796s][info][gc,phases   ] GC(839)   Evacuate Collection Set: 2.6ms
[39.797s][info][gc,phases   ] GC(839)   Post Evacuate Collection Set: 1.5ms
[39.797s][info][gc,phases   ] GC(839)   Other: 0.7ms
[39.797s][info][gc,heap     ] GC(839) Eden regions: 150->0(149)
[39.798s][info][gc,heap     ] GC(839) Survivor regions: 3->4(20)
[39.798s][info][gc,heap     ] GC(839) Old regions: 2->2
[39.798s][info][gc,heap     ] GC(839) Archive regions: 2->2
[39.799s][info][gc,heap     ] GC(839) Humongous regions: 0->0
[39.799s][info][gc,metaspace] GC(839) Metaspace: 615K(832K)->615K(832K) NonClass: 597K(704K)->597K(704K) Class: 17K(128K)->17K(128K)
[39.800s][info][gc          ] GC(839) Pause Young (Normal) (G1 Evacuation Pause) 155M->6M(256M) 11.557ms
[39.800s][info][gc,cpu      ] GC(839) User=0.01s Sys=0.00s Real=0.01s
[39.846s][info][gc,start    ] GC(840) Pause Young (Normal) (G1 Evacuation Pause)
[39.847s][info][gc,task     ] GC(840) Using 6 workers of 8 for evacuation
[39.850s][info][gc,phases   ] GC(840)   Pre Evacuate Collection Set: 0.3ms
[39.851s][info][gc,phases   ] GC(840)   Merge Heap Roots: 0.3ms
[39.851s][info][gc,phases   ] GC(840)   Evacuate Collection Set: 1.4ms
[39.851s][info][gc,phases   ] GC(840)   Post Evacuate Collection Set: 0.9ms
[39.852s][info][gc,phases   ] GC(840)   Other: 0.6ms
[39.852s][info][gc,heap     ] GC(840) Eden regions: 149->0(149)
[39.852s][info][gc,heap     ] GC(840) Survivor regions: 4->4(20)
[39.853s][info][gc,heap     ] GC(840) Old regions: 2->2
[39.853s][info][gc,heap     ] GC(840) Archive regions: 2->2
[39.854s][info][gc,heap     ] GC(840) Humongous regions: 0->0
[39.854s][info][gc,metaspace] GC(840) Metaspace: 615K(832K)->615K(832K) NonClass: 597K(704K)->597K(704K) Class: 17K(128K)->17K(128K)
[39.854s][info][gc          ] GC(840) Pause Young (Normal) (G1 Evacuation Pause) 155M->5M(256M) 8.626ms
[39.855s][info][gc,cpu      ] GC(840) User=0.01s Sys=0.00s Real=0.01s
[39.914s][info][gc,start    ] GC(841) Pause Young (Normal) (G1 Evacuation Pause)
[39.914s][info][gc,task     ] GC(841) Using 6 workers of 8 for evacuation
[39.918s][info][gc,phases   ] GC(841)   Pre Evacuate Collection Set: 0.3ms
[39.919s][info][gc,phases   ] GC(841)   Merge Heap Roots: 0.3ms
[39.919s][info][gc,phases   ] GC(841)   Evacuate Collection Set: 1.5ms
[39.919s][info][gc,phases   ] GC(841)   Post Evacuate Collection Set: 1.1ms
[39.920s][info][gc,phases   ] GC(841)   Other: 0.6ms
[39.920s][info][gc,heap     ] GC(841) Eden regions: 149->0(150)
[39.920s][info][gc,heap     ] GC(841) Survivor regions: 4->3(20)
[39.921s][info][gc,heap     ] GC(841) Old regions: 2->2
[39.921s][info][gc,heap     ] GC(841) Archive regions: 2->2
[39.921s][info][gc,heap     ] GC(841) Humongous regions: 0->0
[39.922s][info][gc,metaspace] GC(841) Metaspace: 615K(832K)->615K(832K) NonClass: 597K(704K)->597K(704K) Class: 17K(128K)->17K(128K)
[39.922s][info][gc          ] GC(841) Pause Young (Normal) (G1 Evacuation Pause) 154M->5M(256M) 8.684ms
[39.923s][info][gc,cpu      ] GC(841) User=0.01s Sys=0.00s Real=0.01s
[39.971s][info][gc,start    ] GC(842) Pause Young (Normal) (G1 Evacuation Pause)
[39.972s][info][gc,task     ] GC(842) Using 6 workers of 8 for evacuation
[39.977s][info][gc,phases   ] GC(842)   Pre Evacuate Collection Set: 0.4ms
[39.978s][info][gc,phases   ] GC(842)   Merge Heap Roots: 0.4ms
[39.978s][info][gc,phases   ] GC(842)   Evacuate Collection Set: 2.4ms
[39.979s][info][gc,phases   ] GC(842)   Post Evacuate Collection Set: 1.4ms
[39.979s][info][gc,phases   ] GC(842)   Other: 0.7ms
[39.979s][info][gc,heap     ] GC(842) Eden regions: 150->0(149)
[39.980s][info][gc,heap     ] GC(842) Survivor regions: 3->4(20)
[39.980s][info][gc,heap     ] GC(842) Old regions: 2->2
[39.981s][info][gc,heap     ] GC(842) Archive regions: 2->2
[39.981s][info][gc,heap     ] GC(842) Humongous regions: 0->0
[39.981s][info][gc,metaspace] GC(842) Metaspace: 615K(832K)->615K(832K) NonClass: 597K(704K)->597K(704K) Class: 17K(128K)->17K(128K)
[39.982s][info][gc          ] GC(842) Pause Young (Normal) (G1 Evacuation Pause) 155M->6M(256M) 10.446ms
[39.982s][info][gc,cpu      ] GC(842) User=0.01s Sys=0.01s Real=0.01s
[40.033s][info][gc,start    ] GC(843) Pause Young (Normal) (G1 Evacuation Pause)
[40.034s][info][gc,task     ] GC(843) Using 6 workers of 8 for evacuation
[40.037s][info][gc,phases   ] GC(843)   Pre Evacuate Collection Set: 0.2ms
[40.037s][info][gc,phases   ] GC(843)   Merge Heap Roots: 0.2ms
[40.037s][info][gc,phases   ] GC(843)   Evacuate Collection Set: 1.4ms
[40.038s][info][gc,phases   ] GC(843)   Post Evacuate Collection Set: 0.8ms
[40.038s][info][gc,phases   ] GC(843)   Other: 0.5ms
[40.039s][info][gc,heap     ] GC(843) Eden regions: 149->0(149)
[40.039s][info][gc,heap     ] GC(843) Survivor regions: 4->4(20)
[40.040s][info][gc,heap     ] GC(843) Old regions: 2->2
[40.041s][info][gc,heap     ] GC(843) Archive regions: 2->2
[40.042s][info][gc,heap     ] GC(843) Humongous regions: 0->0
[40.042s][info][gc,metaspace] GC(843) Metaspace: 615K(832K)->615K(832K) NonClass: 597K(704K)->597K(704K) Class: 17K(128K)->17K(128K)
[40.043s][info][gc          ] GC(843) Pause Young (Normal) (G1 Evacuation Pause) 155M->6M(256M) 9.796ms
[40.044s][info][gc,cpu      ] GC(843) User=0.00s Sys=0.01s Real=0.01s
[40.092s][info][gc,start    ] GC(844) Pause Young (Normal) (G1 Evacuation Pause)
[40.093s][info][gc,task     ] GC(844) Using 6 workers of 8 for evacuation
[40.097s][info][gc,phases   ] GC(844)   Pre Evacuate Collection Set: 0.5ms
[40.097s][info][gc,phases   ] GC(844)   Merge Heap Roots: 0.3ms
[40.098s][info][gc,phases   ] GC(844)   Evacuate Collection Set: 1.5ms
[40.098s][info][gc,phases   ] GC(844)   Post Evacuate Collection Set: 0.8ms
[40.098s][info][gc,phases   ] GC(844)   Other: 1.1ms
[40.099s][info][gc,heap     ] GC(844) Eden regions: 149->0(149)
[40.099s][info][gc,heap     ] GC(844) Survivor regions: 4->4(20)
[40.100s][info][gc,heap     ] GC(844) Old regions: 2->2
[40.100s][info][gc,heap     ] GC(844) Archive regions: 2->2
[40.101s][info][gc,heap     ] GC(844) Humongous regions: 0->0
[40.101s][info][gc,metaspace] GC(844) Metaspace: 615K(832K)->615K(832K) NonClass: 597K(704K)->597K(704K) Class: 17K(128K)->17K(128K)
[40.101s][info][gc          ] GC(844) Pause Young (Normal) (G1 Evacuation Pause) 155M->5M(256M) 9.465ms
[40.102s][info][gc,cpu      ] GC(844) User=0.01s Sys=0.00s Real=0.01s
[40.152s][info][gc,start    ] GC(845) Pause Young (Normal) (G1 Evacuation Pause)
[40.153s][info][gc,task     ] GC(845) Using 6 workers of 8 for evacuation
[40.156s][info][gc,phases   ] GC(845)   Pre Evacuate Collection Set: 0.3ms
[40.157s][info][gc,phases   ] GC(845)   Merge Heap Roots: 0.2ms
[40.157s][info][gc,phases   ] GC(845)   Evacuate Collection Set: 1.0ms
[40.158s][info][gc,phases   ] GC(845)   Post Evacuate Collection Set: 0.9ms
[40.159s][info][gc,phases   ] GC(845)   Other: 0.5ms
[40.160s][info][gc,heap     ] GC(845) Eden regions: 149->0(150)
[40.161s][info][gc,heap     ] GC(845) Survivor regions: 4->3(20)
[40.161s][info][gc,heap     ] GC(845) Old regions: 2->2
[40.162s][info][gc,heap     ] GC(845) Archive regions: 2->2
[40.162s][info][gc,heap     ] GC(845) Humongous regions: 0->0
[40.163s][info][gc,metaspace] GC(845) Metaspace: 615K(832K)->615K(832K) NonClass: 597K(704K)->597K(704K) Class: 17K(128K)->17K(128K)
[40.163s][info][gc          ] GC(845) Pause Young (Normal) (G1 Evacuation Pause) 154M->5M(256M) 11.204ms
[40.164s][info][gc,cpu      ] GC(845) User=0.01s Sys=0.00s Real=0.01s
[40.211s][info][gc,start    ] GC(846) Pause Young (Normal) (G1 Evacuation Pause)
[40.212s][info][gc,task     ] GC(846) Using 6 workers of 8 for evacuation
[40.216s][info][gc,phases   ] GC(846)   Pre Evacuate Collection Set: 0.3ms
[40.216s][info][gc,phases   ] GC(846)   Merge Heap Roots: 0.2ms
[40.217s][info][gc,phases   ] GC(846)   Evacuate Collection Set: 1.4ms
[40.217s][info][gc,phases   ] GC(846)   Post Evacuate Collection Set: 0.9ms
[40.217s][info][gc,phases   ] GC(846)   Other: 0.9ms
[40.218s][info][gc,heap     ] GC(846) Eden regions: 150->0(149)
[40.218s][info][gc,heap     ] GC(846) Survivor regions: 3->4(20)
[40.218s][info][gc,heap     ] GC(846) Old regions: 2->2
[40.219s][info][gc,heap     ] GC(846) Archive regions: 2->2
[40.219s][info][gc,heap     ] GC(846) Humongous regions: 0->0
[40.219s][info][gc,metaspace] GC(846) Metaspace: 615K(832K)->615K(832K) NonClass: 597K(704K)->597K(704K) Class: 17K(128K)->17K(128K)
[40.220s][info][gc          ] GC(846) Pause Young (Normal) (G1 Evacuation Pause) 155M->6M(256M) 8.376ms
[40.220s][info][gc,cpu      ] GC(846) User=0.01s Sys=0.00s Real=0.01s
[40.277s][info][gc,start    ] GC(847) Pause Young (Normal) (G1 Evacuation Pause)
[40.279s][info][gc,task     ] GC(847) Using 6 workers of 8 for evacuation
[40.284s][info][gc,phases   ] GC(847)   Pre Evacuate Collection Set: 0.3ms
[40.285s][info][gc,phases   ] GC(847)   Merge Heap Roots: 0.2ms
[40.285s][info][gc,phases   ] GC(847)   Evacuate Collection Set: 3.0ms
[40.285s][info][gc,phases   ] GC(847)   Post Evacuate Collection Set: 1.1ms
[40.286s][info][gc,phases   ] GC(847)   Other: 0.8ms
[40.286s][info][gc,heap     ] GC(847) Eden regions: 149->0(149)
[40.287s][info][gc,heap     ] GC(847) Survivor regions: 4->4(20)
[40.287s][info][gc,heap     ] GC(847) Old regions: 2->2
[40.287s][info][gc,heap     ] GC(847) Archive regions: 2->2
[40.288s][info][gc,heap     ] GC(847) Humongous regions: 0->0
[40.288s][info][gc,metaspace] GC(847) Metaspace: 615K(832K)->615K(832K) NonClass: 597K(704K)->597K(704K) Class: 17K(128K)->17K(128K)
[40.289s][info][gc          ] GC(847) Pause Young (Normal) (G1 Evacuation Pause) 155M->5M(256M) 11.794ms
[40.293s][info][gc,cpu      ] GC(847) User=0.01s Sys=0.00s Real=0.01s
[40.349s][info][gc,start    ] GC(848) Pause Young (Normal) (G1 Evacuation Pause)
[40.349s][info][gc,task     ] GC(848) Using 6 workers of 8 for evacuation
[40.352s][info][gc,phases   ] GC(848)   Pre Evacuate Collection Set: 0.3ms
[40.353s][info][gc,phases   ] GC(848)   Merge Heap Roots: 0.3ms
[40.353s][info][gc,phases   ] GC(848)   Evacuate Collection Set: 0.9ms
[40.354s][info][gc,phases   ] GC(848)   Post Evacuate Collection Set: 1.2ms
[40.354s][info][gc,phases   ] GC(848)   Other: 0.6ms
[40.355s][info][gc,heap     ] GC(848) Eden regions: 149->0(149)
[40.355s][info][gc,heap     ] GC(848) Survivor regions: 4->4(20)
[40.355s][info][gc,heap     ] GC(848) Old regions: 2->2
[40.356s][info][gc,heap     ] GC(848) Archive regions: 2->2
[40.357s][info][gc,heap     ] GC(848) Humongous regions: 0->0
[40.358s][info][gc,metaspace] GC(848) Metaspace: 615K(832K)->615K(832K) NonClass: 597K(704K)->597K(704K) Class: 17K(128K)->17K(128K)
[40.359s][info][gc          ] GC(848) Pause Young (Normal) (G1 Evacuation Pause) 154M->5M(256M) 10.229ms
[40.360s][info][gc,cpu      ] GC(848) User=0.00s Sys=0.00s Real=0.01s
[40.421s][info][gc,start    ] GC(849) Pause Young (Normal) (G1 Evacuation Pause)
[40.423s][info][gc,task     ] GC(849) Using 6 workers of 8 for evacuation
[40.432s][info][gc,phases   ] GC(849)   Pre Evacuate Collection Set: 0.5ms
[40.432s][info][gc,phases   ] GC(849)   Merge Heap Roots: 1.3ms
[40.433s][info][gc,phases   ] GC(849)   Evacuate Collection Set: 1.5ms
[40.433s][info][gc,phases   ] GC(849)   Post Evacuate Collection Set: 1.5ms
[40.433s][info][gc,phases   ] GC(849)   Other: 3.9ms
[40.434s][info][gc,heap     ] GC(849) Eden regions: 149->0(150)
[40.434s][info][gc,heap     ] GC(849) Survivor regions: 4->3(20)
[40.435s][info][gc,heap     ] GC(849) Old regions: 2->2
[40.435s][info][gc,heap     ] GC(849) Archive regions: 2->2
[40.436s][info][gc,heap     ] GC(849) Humongous regions: 0->0
[40.436s][info][gc,metaspace] GC(849) Metaspace: 615K(832K)->615K(832K) NonClass: 597K(704K)->597K(704K) Class: 17K(128K)->17K(128K)
[40.437s][info][gc          ] GC(849) Pause Young (Normal) (G1 Evacuation Pause) 154M->5M(256M) 16.017ms
[40.438s][info][gc,cpu      ] GC(849) User=0.02s Sys=0.00s Real=0.02s
[40.514s][info][gc,start    ] GC(850) Pause Young (Normal) (G1 Evacuation Pause)
[40.515s][info][gc,task     ] GC(850) Using 6 workers of 8 for evacuation
[40.521s][info][gc,phases   ] GC(850)   Pre Evacuate Collection Set: 0.7ms
[40.529s][info][gc,phases   ] GC(850)   Merge Heap Roots: 0.4ms
[40.531s][info][gc,phases   ] GC(850)   Evacuate Collection Set: 2.4ms
[40.531s][info][gc,phases   ] GC(850)   Post Evacuate Collection Set: 2.5ms
[40.532s][info][gc,phases   ] GC(850)   Other: 0.6ms
[40.533s][info][gc,heap     ] GC(850) Eden regions: 150->0(149)
[40.533s][info][gc,heap     ] GC(850) Survivor regions: 3->4(20)
[40.534s][info][gc,heap     ] GC(850) Old regions: 2->2
[40.535s][info][gc,heap     ] GC(850) Archive regions: 2->2
[40.535s][info][gc,heap     ] GC(850) Humongous regions: 0->0
[40.536s][info][gc,metaspace] GC(850) Metaspace: 615K(832K)->615K(832K) NonClass: 597K(704K)->597K(704K) Class: 17K(128K)->17K(128K)
[40.537s][info][gc          ] GC(850) Pause Young (Normal) (G1 Evacuation Pause) 155M->6M(256M) 22.993ms
[40.537s][info][gc,cpu      ] GC(850) User=0.00s Sys=0.01s Real=0.03s
[40.627s][info][gc,start    ] GC(851) Pause Young (Normal) (G1 Evacuation Pause)
[40.647s][info][gc,task     ] GC(851) Using 6 workers of 8 for evacuation
[40.650s][info][gc,phases   ] GC(851)   Pre Evacuate Collection Set: 0.3ms
[40.650s][info][gc,phases   ] GC(851)   Merge Heap Roots: 0.3ms
[40.651s][info][gc,phases   ] GC(851)   Evacuate Collection Set: 0.7ms
[40.651s][info][gc,phases   ] GC(851)   Post Evacuate Collection Set: 0.8ms
[40.652s][info][gc,phases   ] GC(851)   Other: 1.0ms
[40.653s][info][gc,heap     ] GC(851) Eden regions: 149->0(149)
[40.653s][info][gc,heap     ] GC(851) Survivor regions: 4->4(20)
[40.654s][info][gc,heap     ] GC(851) Old regions: 2->2
[40.655s][info][gc,heap     ] GC(851) Archive regions: 2->2
[40.656s][info][gc,heap     ] GC(851) Humongous regions: 0->0
[40.658s][info][gc,metaspace] GC(851) Metaspace: 615K(832K)->615K(832K) NonClass: 597K(704K)->597K(704K) Class: 17K(128K)->17K(128K)
[40.663s][info][gc          ] GC(851) Pause Young (Normal) (G1 Evacuation Pause) 155M->5M(256M) 36.306ms
[40.665s][info][gc,cpu      ] GC(851) User=0.01s Sys=0.00s Real=0.03s
[40.721s][info][gc,start    ] GC(852) Pause Young (Normal) (G1 Evacuation Pause)
[40.721s][info][gc,task     ] GC(852) Using 6 workers of 8 for evacuation
[40.725s][info][gc,phases   ] GC(852)   Pre Evacuate Collection Set: 0.2ms
[40.725s][info][gc,phases   ] GC(852)   Merge Heap Roots: 0.3ms
[40.726s][info][gc,phases   ] GC(852)   Evacuate Collection Set: 1.1ms
[40.727s][info][gc,phases   ] GC(852)   Post Evacuate Collection Set: 1.5ms
[40.727s][info][gc,phases   ] GC(852)   Other: 0.4ms
[40.728s][info][gc,heap     ] GC(852) Eden regions: 149->0(150)
[40.728s][info][gc,heap     ] GC(852) Survivor regions: 4->3(20)
[40.729s][info][gc,heap     ] GC(852) Old regions: 2->2
[40.729s][info][gc,heap     ] GC(852) Archive regions: 2->2
[40.729s][info][gc,heap     ] GC(852) Humongous regions: 0->0
[40.730s][info][gc,metaspace] GC(852) Metaspace: 615K(832K)->615K(832K) NonClass: 597K(704K)->597K(704K) Class: 17K(128K)->17K(128K)
[40.730s][info][gc          ] GC(852) Pause Young (Normal) (G1 Evacuation Pause) 154M->5M(256M) 9.764ms
[40.731s][info][gc,cpu      ] GC(852) User=0.01s Sys=0.00s Real=0.01s
[40.776s][info][gc,start    ] GC(853) Pause Young (Normal) (G1 Evacuation Pause)
[40.778s][info][gc,task     ] GC(853) Using 6 workers of 8 for evacuation
[40.784s][info][gc,phases   ] GC(853)   Pre Evacuate Collection Set: 1.0ms
[40.784s][info][gc,phases   ] GC(853)   Merge Heap Roots: 0.7ms
[40.785s][info][gc,phases   ] GC(853)   Evacuate Collection Set: 2.1ms
[40.785s][info][gc,phases   ] GC(853)   Post Evacuate Collection Set: 0.9ms
[40.785s][info][gc,phases   ] GC(853)   Other: 0.8ms
[40.786s][info][gc,heap     ] GC(853) Eden regions: 150->0(149)
[40.786s][info][gc,heap     ] GC(853) Survivor regions: 3->4(20)
[40.787s][info][gc,heap     ] GC(853) Old regions: 2->2
[40.788s][info][gc,heap     ] GC(853) Archive regions: 2->2
[40.789s][info][gc,heap     ] GC(853) Humongous regions: 0->0
[40.790s][info][gc,metaspace] GC(853) Metaspace: 615K(832K)->615K(832K) NonClass: 597K(704K)->597K(704K) Class: 17K(128K)->17K(128K)
[40.791s][info][gc          ] GC(853) Pause Young (Normal) (G1 Evacuation Pause) 155M->6M(256M) 14.585ms
[40.792s][info][gc,cpu      ] GC(853) User=0.01s Sys=0.00s Real=0.02s
[40.852s][info][gc,start    ] GC(854) Pause Young (Normal) (G1 Evacuation Pause)
[40.852s][info][gc,task     ] GC(854) Using 6 workers of 8 for evacuation
[40.855s][info][gc,phases   ] GC(854)   Pre Evacuate Collection Set: 0.3ms
[40.855s][info][gc,phases   ] GC(854)   Merge Heap Roots: 0.3ms
[40.856s][info][gc,phases   ] GC(854)   Evacuate Collection Set: 1.0ms
[40.857s][info][gc,phases   ] GC(854)   Post Evacuate Collection Set: 0.8ms
[40.858s][info][gc,phases   ] GC(854)   Other: 0.5ms
[40.859s][info][gc,heap     ] GC(854) Eden regions: 149->0(149)
[40.860s][info][gc,heap     ] GC(854) Survivor regions: 4->4(20)
[40.860s][info][gc,heap     ] GC(854) Old regions: 2->2
[40.861s][info][gc,heap     ] GC(854) Archive regions: 2->2
[40.861s][info][gc,heap     ] GC(854) Humongous regions: 0->0
[40.862s][info][gc,metaspace] GC(854) Metaspace: 615K(832K)->615K(832K) NonClass: 597K(704K)->597K(704K) Class: 17K(128K)->17K(128K)
[40.862s][info][gc          ] GC(854) Pause Young (Normal) (G1 Evacuation Pause) 155M->5M(256M) 10.548ms
[40.863s][info][gc,cpu      ] GC(854) User=0.00s Sys=0.00s Real=0.01s
[40.906s][info][gc,start    ] GC(855) Pause Young (Normal) (G1 Evacuation Pause)
[40.907s][info][gc,task     ] GC(855) Using 6 workers of 8 for evacuation
[40.910s][info][gc,phases   ] GC(855)   Pre Evacuate Collection Set: 0.3ms
[40.911s][info][gc,phases   ] GC(855)   Merge Heap Roots: 0.3ms
[40.911s][info][gc,phases   ] GC(855)   Evacuate Collection Set: 1.4ms
[40.912s][info][gc,phases   ] GC(855)   Post Evacuate Collection Set: 0.9ms
[40.912s][info][gc,phases   ] GC(855)   Other: 0.5ms
[40.913s][info][gc,heap     ] GC(855) Eden regions: 149->0(149)
[40.913s][info][gc,heap     ] GC(855) Survivor regions: 4->4(20)
[40.914s][info][gc,heap     ] GC(855) Old regions: 2->2
[40.914s][info][gc,heap     ] GC(855) Archive regions: 2->2
[40.914s][info][gc,heap     ] GC(855) Humongous regions: 0->0
[40.915s][info][gc,metaspace] GC(855) Metaspace: 615K(832K)->615K(832K) NonClass: 597K(704K)->597K(704K) Class: 17K(128K)->17K(128K)
[40.916s][info][gc          ] GC(855) Pause Young (Normal) (G1 Evacuation Pause) 154M->5M(256M) 9.472ms
[40.916s][info][gc,cpu      ] GC(855) User=0.00s Sys=0.00s Real=0.01s
[40.966s][info][gc,start    ] GC(856) Pause Young (Normal) (G1 Evacuation Pause)
[40.967s][info][gc,task     ] GC(856) Using 6 workers of 8 for evacuation
[40.969s][info][gc,phases   ] GC(856)   Pre Evacuate Collection Set: 0.2ms
[40.970s][info][gc,phases   ] GC(856)   Merge Heap Roots: 0.2ms
[40.970s][info][gc,phases   ] GC(856)   Evacuate Collection Set: 0.7ms
[40.970s][info][gc,phases   ] GC(856)   Post Evacuate Collection Set: 0.8ms
[40.971s][info][gc,phases   ] GC(856)   Other: 0.5ms
[40.971s][info][gc,heap     ] GC(856) Eden regions: 149->0(150)
[40.972s][info][gc,heap     ] GC(856) Survivor regions: 4->3(20)
[40.972s][info][gc,heap     ] GC(856) Old regions: 2->2
[40.972s][info][gc,heap     ] GC(856) Archive regions: 2->2
[40.973s][info][gc,heap     ] GC(856) Humongous regions: 0->0
[40.974s][info][gc,metaspace] GC(856) Metaspace: 615K(832K)->615K(832K) NonClass: 597K(704K)->597K(704K) Class: 17K(128K)->17K(128K)
[40.974s][info][gc          ] GC(856) Pause Young (Normal) (G1 Evacuation Pause) 154M->5M(256M) 8.252ms
[40.975s][info][gc,cpu      ] GC(856) User=0.01s Sys=0.01s Real=0.01s
[41.020s][info][gc,start    ] GC(857) Pause Young (Normal) (G1 Evacuation Pause)
[41.020s][info][gc,task     ] GC(857) Using 6 workers of 8 for evacuation
[41.023s][info][gc,phases   ] GC(857)   Pre Evacuate Collection Set: 0.3ms
[41.023s][info][gc,phases   ] GC(857)   Merge Heap Roots: 0.2ms
[41.024s][info][gc,phases   ] GC(857)   Evacuate Collection Set: 1.0ms
[41.024s][info][gc,phases   ] GC(857)   Post Evacuate Collection Set: 0.9ms
[41.025s][info][gc,phases   ] GC(857)   Other: 0.5ms
[41.026s][info][gc,heap     ] GC(857) Eden regions: 150->0(149)
[41.027s][info][gc,heap     ] GC(857) Survivor regions: 3->4(20)
[41.027s][info][gc,heap     ] GC(857) Old regions: 2->2
[41.028s][info][gc,heap     ] GC(857) Archive regions: 2->2
[41.028s][info][gc,heap     ] GC(857) Humongous regions: 0->0
[41.029s][info][gc,metaspace] GC(857) Metaspace: 615K(832K)->615K(832K) NonClass: 597K(704K)->597K(704K) Class: 17K(128K)->17K(128K)
[41.029s][info][gc          ] GC(857) Pause Young (Normal) (G1 Evacuation Pause) 155M->5M(256M) 9.338ms
[41.029s][info][gc,cpu      ] GC(857) User=0.01s Sys=0.00s Real=0.01s
[41.073s][info][gc,start    ] GC(858) Pause Young (Normal) (G1 Evacuation Pause)
[41.076s][info][gc,task     ] GC(858) Using 6 workers of 8 for evacuation
[41.080s][info][gc,phases   ] GC(858)   Pre Evacuate Collection Set: 0.3ms
[41.080s][info][gc,phases   ] GC(858)   Merge Heap Roots: 0.3ms
[41.081s][info][gc,phases   ] GC(858)   Evacuate Collection Set: 1.0ms
[41.081s][info][gc,phases   ] GC(858)   Post Evacuate Collection Set: 1.0ms
[41.081s][info][gc,phases   ] GC(858)   Other: 0.9ms
[41.082s][info][gc,heap     ] GC(858) Eden regions: 149->0(149)
[41.082s][info][gc,heap     ] GC(858) Survivor regions: 4->4(20)
[41.082s][info][gc,heap     ] GC(858) Old regions: 2->2
[41.083s][info][gc,heap     ] GC(858) Archive regions: 2->2
[41.083s][info][gc,heap     ] GC(858) Humongous regions: 0->0
[41.083s][info][gc,metaspace] GC(858) Metaspace: 615K(832K)->615K(832K) NonClass: 597K(704K)->597K(704K) Class: 17K(128K)->17K(128K)
[41.084s][info][gc          ] GC(858) Pause Young (Normal) (G1 Evacuation Pause) 154M->5M(256M) 10.882ms
[41.084s][info][gc,cpu      ] GC(858) User=0.01s Sys=0.00s Real=0.01s
[41.131s][info][gc,start    ] GC(859) Pause Young (Normal) (G1 Evacuation Pause)
[41.132s][info][gc,task     ] GC(859) Using 6 workers of 8 for evacuation
[41.134s][info][gc,phases   ] GC(859)   Pre Evacuate Collection Set: 0.2ms
[41.135s][info][gc,phases   ] GC(859)   Merge Heap Roots: 0.1ms
[41.135s][info][gc,phases   ] GC(859)   Evacuate Collection Set: 1.1ms
[41.135s][info][gc,phases   ] GC(859)   Post Evacuate Collection Set: 0.8ms
[41.136s][info][gc,phases   ] GC(859)   Other: 0.5ms
[41.136s][info][gc,heap     ] GC(859) Eden regions: 149->0(150)
[41.136s][info][gc,heap     ] GC(859) Survivor regions: 4->3(20)
[41.136s][info][gc,heap     ] GC(859) Old regions: 2->2
[41.137s][info][gc,heap     ] GC(859) Archive regions: 2->2
[41.137s][info][gc,heap     ] GC(859) Humongous regions: 0->0
[41.137s][info][gc,metaspace] GC(859) Metaspace: 615K(832K)->615K(832K) NonClass: 597K(704K)->597K(704K) Class: 17K(128K)->17K(128K)
[41.138s][info][gc          ] GC(859) Pause Young (Normal) (G1 Evacuation Pause) 154M->5M(256M) 6.675ms
[41.138s][info][gc,cpu      ] GC(859) User=0.00s Sys=0.00s Real=0.01s
[41.184s][info][gc,start    ] GC(860) Pause Young (Normal) (G1 Evacuation Pause)
[41.185s][info][gc,task     ] GC(860) Using 6 workers of 8 for evacuation
[41.188s][info][gc,phases   ] GC(860)   Pre Evacuate Collection Set: 0.3ms
[41.188s][info][gc,phases   ] GC(860)   Merge Heap Roots: 0.2ms
[41.189s][info][gc,phases   ] GC(860)   Evacuate Collection Set: 1.3ms
[41.190s][info][gc,phases   ] GC(860)   Post Evacuate Collection Set: 0.9ms
[41.191s][info][gc,phases   ] GC(860)   Other: 0.4ms
[41.192s][info][gc,heap     ] GC(860) Eden regions: 150->0(149)
[41.193s][info][gc,heap     ] GC(860) Survivor regions: 3->4(20)
[41.193s][info][gc,heap     ] GC(860) Old regions: 2->2
[41.194s][info][gc,heap     ] GC(860) Archive regions: 2->2
[41.194s][info][gc,heap     ] GC(860) Humongous regions: 0->0
[41.195s][info][gc,metaspace] GC(860) Metaspace: 615K(832K)->615K(832K) NonClass: 597K(704K)->597K(704K) Class: 17K(128K)->17K(128K)
[41.195s][info][gc          ] GC(860) Pause Young (Normal) (G1 Evacuation Pause) 155M->6M(256M) 10.711ms
[41.195s][info][gc,cpu      ] GC(860) User=0.01s Sys=0.00s Real=0.01s
[41.232s][info][gc,start    ] GC(861) Pause Young (Normal) (G1 Evacuation Pause)
[41.232s][info][gc,task     ] GC(861) Using 6 workers of 8 for evacuation
[41.235s][info][gc,phases   ] GC(861)   Pre Evacuate Collection Set: 0.2ms
[41.236s][info][gc,phases   ] GC(861)   Merge Heap Roots: 0.2ms
[41.236s][info][gc,phases   ] GC(861)   Evacuate Collection Set: 1.2ms
[41.237s][info][gc,phases   ] GC(861)   Post Evacuate Collection Set: 1.1ms
[41.237s][info][gc,phases   ] GC(861)   Other: 0.5ms
[41.237s][info][gc,heap     ] GC(861) Eden regions: 149->0(149)
[41.238s][info][gc,heap     ] GC(861) Survivor regions: 4->4(20)
[41.238s][info][gc,heap     ] GC(861) Old regions: 2->2
[41.238s][info][gc,heap     ] GC(861) Archive regions: 2->2
[41.239s][info][gc,heap     ] GC(861) Humongous regions: 0->0
[41.239s][info][gc,metaspace] GC(861) Metaspace: 615K(832K)->615K(832K) NonClass: 597K(704K)->597K(704K) Class: 17K(128K)->17K(128K)
[41.240s][info][gc          ] GC(861) Pause Young (Normal) (G1 Evacuation Pause) 155M->6M(256M) 8.251ms
[41.241s][info][gc,cpu      ] GC(861) User=0.01s Sys=0.00s Real=0.01s
[41.284s][info][gc,start    ] GC(862) Pause Young (Normal) (G1 Evacuation Pause)
[41.284s][info][gc,task     ] GC(862) Using 6 workers of 8 for evacuation
[41.287s][info][gc,phases   ] GC(862)   Pre Evacuate Collection Set: 0.3ms
[41.287s][info][gc,phases   ] GC(862)   Merge Heap Roots: 0.2ms
[41.288s][info][gc,phases   ] GC(862)   Evacuate Collection Set: 1.1ms
[41.288s][info][gc,phases   ] GC(862)   Post Evacuate Collection Set: 0.8ms
[41.288s][info][gc,phases   ] GC(862)   Other: 0.4ms
[41.289s][info][gc,heap     ] GC(862) Eden regions: 149->0(149)
[41.289s][info][gc,heap     ] GC(862) Survivor regions: 4->4(20)
[41.290s][info][gc,heap     ] GC(862) Old regions: 2->2
[41.290s][info][gc,heap     ] GC(862) Archive regions: 2->2
[41.291s][info][gc,heap     ] GC(862) Humongous regions: 0->0
[41.293s][info][gc,metaspace] GC(862) Metaspace: 615K(832K)->615K(832K) NonClass: 597K(704K)->597K(704K) Class: 17K(128K)->17K(128K)
[41.293s][info][gc          ] GC(862) Pause Young (Normal) (G1 Evacuation Pause) 155M->5M(256M) 9.946ms
[41.294s][info][gc,cpu      ] GC(862) User=0.00s Sys=0.01s Real=0.01s
[41.346s][info][gc,start    ] GC(863) Pause Young (Normal) (G1 Evacuation Pause)
[41.346s][info][gc,task     ] GC(863) Using 6 workers of 8 for evacuation
[41.349s][info][gc,phases   ] GC(863)   Pre Evacuate Collection Set: 0.3ms
[41.350s][info][gc,phases   ] GC(863)   Merge Heap Roots: 0.3ms
[41.350s][info][gc,phases   ] GC(863)   Evacuate Collection Set: 1.2ms
[41.350s][info][gc,phases   ] GC(863)   Post Evacuate Collection Set: 0.8ms
[41.351s][info][gc,phases   ] GC(863)   Other: 0.4ms
[41.351s][info][gc,heap     ] GC(863) Eden regions: 149->0(150)
[41.351s][info][gc,heap     ] GC(863) Survivor regions: 4->3(20)
[41.352s][info][gc,heap     ] GC(863) Old regions: 2->2
[41.352s][info][gc,heap     ] GC(863) Archive regions: 2->2
[41.352s][info][gc,heap     ] GC(863) Humongous regions: 0->0
[41.353s][info][gc,metaspace] GC(863) Metaspace: 615K(832K)->615K(832K) NonClass: 597K(704K)->597K(704K) Class: 17K(128K)->17K(128K)
[41.353s][info][gc          ] GC(863) Pause Young (Normal) (G1 Evacuation Pause) 154M->5M(256M) 7.290ms
[41.353s][info][gc,cpu      ] GC(863) User=0.01s Sys=0.00s Real=0.01s
[41.399s][info][gc,start    ] GC(864) Pause Young (Normal) (G1 Evacuation Pause)
[41.399s][info][gc,task     ] GC(864) Using 6 workers of 8 for evacuation
[41.402s][info][gc,phases   ] GC(864)   Pre Evacuate Collection Set: 0.2ms
[41.403s][info][gc,phases   ] GC(864)   Merge Heap Roots: 0.2ms
[41.403s][info][gc,phases   ] GC(864)   Evacuate Collection Set: 1.1ms
[41.403s][info][gc,phases   ] GC(864)   Post Evacuate Collection Set: 0.9ms
[41.404s][info][gc,phases   ] GC(864)   Other: 0.4ms
[41.404s][info][gc,heap     ] GC(864) Eden regions: 150->0(149)
[41.404s][info][gc,heap     ] GC(864) Survivor regions: 3->4(20)
[41.405s][info][gc,heap     ] GC(864) Old regions: 2->2
[41.405s][info][gc,heap     ] GC(864) Archive regions: 2->2
[41.405s][info][gc,heap     ] GC(864) Humongous regions: 0->0
[41.406s][info][gc,metaspace] GC(864) Metaspace: 615K(832K)->615K(832K) NonClass: 597K(704K)->597K(704K) Class: 17K(128K)->17K(128K)
[41.407s][info][gc          ] GC(864) Pause Young (Normal) (G1 Evacuation Pause) 155M->6M(256M) 8.029ms
[41.408s][info][gc,cpu      ] GC(864) User=0.00s Sys=0.01s Real=0.01s
[41.452s][info][gc,start    ] GC(865) Pause Young (Normal) (G1 Evacuation Pause)
[41.453s][info][gc,task     ] GC(865) Using 6 workers of 8 for evacuation
[41.456s][info][gc,phases   ] GC(865)   Pre Evacuate Collection Set: 0.2ms
[41.457s][info][gc,phases   ] GC(865)   Merge Heap Roots: 0.2ms
[41.458s][info][gc,phases   ] GC(865)   Evacuate Collection Set: 1.1ms
[41.459s][info][gc,phases   ] GC(865)   Post Evacuate Collection Set: 1.1ms
[41.460s][info][gc,phases   ] GC(865)   Other: 0.5ms
[41.460s][info][gc,heap     ] GC(865) Eden regions: 149->0(149)
[41.461s][info][gc,heap     ] GC(865) Survivor regions: 4->4(20)
[41.462s][info][gc,heap     ] GC(865) Old regions: 2->2
[41.462s][info][gc,heap     ] GC(865) Archive regions: 2->2
[41.462s][info][gc,heap     ] GC(865) Humongous regions: 0->0
[41.463s][info][gc,metaspace] GC(865) Metaspace: 615K(832K)->615K(832K) NonClass: 597K(704K)->597K(704K) Class: 17K(128K)->17K(128K)
[41.463s][info][gc          ] GC(865) Pause Young (Normal) (G1 Evacuation Pause) 155M->5M(256M) 10.583ms
[41.463s][info][gc,cpu      ] GC(865) User=0.01s Sys=0.00s Real=0.01s
[41.502s][info][gc,start    ] GC(866) Pause Young (Normal) (G1 Evacuation Pause)
[41.503s][info][gc,task     ] GC(866) Using 6 workers of 8 for evacuation
[41.505s][info][gc,phases   ] GC(866)   Pre Evacuate Collection Set: 0.2ms
[41.505s][info][gc,phases   ] GC(866)   Merge Heap Roots: 0.2ms
[41.506s][info][gc,phases   ] GC(866)   Evacuate Collection Set: 0.9ms
[41.506s][info][gc,phases   ] GC(866)   Post Evacuate Collection Set: 0.8ms
[41.507s][info][gc,phases   ] GC(866)   Other: 0.4ms
[41.508s][info][gc,heap     ] GC(866) Eden regions: 149->0(150)
[41.509s][info][gc,heap     ] GC(866) Survivor regions: 4->3(20)
[41.509s][info][gc,heap     ] GC(866) Old regions: 2->2
[41.510s][info][gc,heap     ] GC(866) Archive regions: 2->2
[41.511s][info][gc,heap     ] GC(866) Humongous regions: 0->0
[41.511s][info][gc,metaspace] GC(866) Metaspace: 615K(832K)->615K(832K) NonClass: 597K(704K)->597K(704K) Class: 17K(128K)->17K(128K)
[41.512s][info][gc          ] GC(866) Pause Young (Normal) (G1 Evacuation Pause) 154M->5M(256M) 9.639ms
[41.512s][info][gc,cpu      ] GC(866) User=0.00s Sys=0.01s Real=0.01s
[41.551s][info][gc,start    ] GC(867) Pause Young (Normal) (G1 Evacuation Pause)
[41.551s][info][gc,task     ] GC(867) Using 6 workers of 8 for evacuation
[41.554s][info][gc,phases   ] GC(867)   Pre Evacuate Collection Set: 0.2ms
[41.554s][info][gc,phases   ] GC(867)   Merge Heap Roots: 0.2ms
[41.555s][info][gc,phases   ] GC(867)   Evacuate Collection Set: 0.9ms
[41.555s][info][gc,phases   ] GC(867)   Post Evacuate Collection Set: 0.7ms
[41.555s][info][gc,phases   ] GC(867)   Other: 0.4ms
[41.556s][info][gc,heap     ] GC(867) Eden regions: 150->0(149)
[41.556s][info][gc,heap     ] GC(867) Survivor regions: 3->4(20)
[41.557s][info][gc,heap     ] GC(867) Old regions: 2->2
[41.557s][info][gc,heap     ] GC(867) Archive regions: 2->2
[41.558s][info][gc,heap     ] GC(867) Humongous regions: 0->0
[41.558s][info][gc,metaspace] GC(867) Metaspace: 615K(832K)->615K(832K) NonClass: 597K(704K)->597K(704K) Class: 17K(128K)->17K(128K)
[41.560s][info][gc          ] GC(867) Pause Young (Normal) (G1 Evacuation Pause) 155M->6M(256M) 8.764ms
[41.561s][info][gc,cpu      ] GC(867) User=0.00s Sys=0.00s Real=0.01s
[41.603s][info][gc,start    ] GC(868) Pause Young (Normal) (G1 Evacuation Pause)
[41.603s][info][gc,task     ] GC(868) Using 6 workers of 8 for evacuation
[41.607s][info][gc,phases   ] GC(868)   Pre Evacuate Collection Set: 0.2ms
[41.608s][info][gc,phases   ] GC(868)   Merge Heap Roots: 0.2ms
[41.609s][info][gc,phases   ] GC(868)   Evacuate Collection Set: 1.4ms
[41.609s][info][gc,phases   ] GC(868)   Post Evacuate Collection Set: 1.7ms
[41.610s][info][gc,phases   ] GC(868)   Other: 0.5ms
[41.611s][info][gc,heap     ] GC(868) Eden regions: 149->0(149)
[41.611s][info][gc,heap     ] GC(868) Survivor regions: 4->4(20)
[41.612s][info][gc,heap     ] GC(868) Old regions: 2->2
[41.612s][info][gc,heap     ] GC(868) Archive regions: 2->2
[41.612s][info][gc,heap     ] GC(868) Humongous regions: 0->0
[41.613s][info][gc,metaspace] GC(868) Metaspace: 615K(832K)->615K(832K) NonClass: 597K(704K)->597K(704K) Class: 17K(128K)->17K(128K)
[41.613s][info][gc          ] GC(868) Pause Young (Normal) (G1 Evacuation Pause) 155M->5M(256M) 10.028ms
[41.613s][info][gc,cpu      ] GC(868) User=0.00s Sys=0.01s Real=0.01s
[41.653s][info][gc,start    ] GC(869) Pause Young (Normal) (G1 Evacuation Pause)
[41.655s][info][gc,task     ] GC(869) Using 6 workers of 8 for evacuation
[41.660s][info][gc,phases   ] GC(869)   Pre Evacuate Collection Set: 0.4ms
[41.662s][info][gc,phases   ] GC(869)   Merge Heap Roots: 0.4ms
[41.663s][info][gc,phases   ] GC(869)   Evacuate Collection Set: 2.0ms
[41.663s][info][gc,phases   ] GC(869)   Post Evacuate Collection Set: 1.6ms
[41.664s][info][gc,phases   ] GC(869)   Other: 0.7ms
[41.664s][info][gc,heap     ] GC(869) Eden regions: 149->0(149)
[41.665s][info][gc,heap     ] GC(869) Survivor regions: 4->4(20)
[41.665s][info][gc,heap     ] GC(869) Old regions: 2->2
[41.665s][info][gc,heap     ] GC(869) Archive regions: 2->2
[41.665s][info][gc,heap     ] GC(869) Humongous regions: 0->0
[41.666s][info][gc,metaspace] GC(869) Metaspace: 615K(832K)->615K(832K) NonClass: 597K(704K)->597K(704K) Class: 17K(128K)->17K(128K)
[41.667s][info][gc          ] GC(869) Pause Young (Normal) (G1 Evacuation Pause) 154M->5M(256M) 13.120ms
[41.668s][info][gc,cpu      ] GC(869) User=0.02s Sys=0.00s Real=0.02s
[41.714s][info][gc,start    ] GC(870) Pause Young (Normal) (G1 Evacuation Pause)
[41.715s][info][gc,task     ] GC(870) Using 6 workers of 8 for evacuation
[41.719s][info][gc,phases   ] GC(870)   Pre Evacuate Collection Set: 0.4ms
[41.719s][info][gc,phases   ] GC(870)   Merge Heap Roots: 0.3ms
[41.720s][info][gc,phases   ] GC(870)   Evacuate Collection Set: 1.5ms
[41.720s][info][gc,phases   ] GC(870)   Post Evacuate Collection Set: 1.3ms
[41.720s][info][gc,phases   ] GC(870)   Other: 0.5ms
[41.721s][info][gc,heap     ] GC(870) Eden regions: 149->0(150)
[41.721s][info][gc,heap     ] GC(870) Survivor regions: 4->3(20)
[41.721s][info][gc,heap     ] GC(870) Old regions: 2->2
[41.722s][info][gc,heap     ] GC(870) Archive regions: 2->2
[41.722s][info][gc,heap     ] GC(870) Humongous regions: 0->0
[41.723s][info][gc,metaspace] GC(870) Metaspace: 615K(832K)->615K(832K) NonClass: 597K(704K)->597K(704K) Class: 17K(128K)->17K(128K)
[41.724s][info][gc          ] GC(870) Pause Young (Normal) (G1 Evacuation Pause) 154M->5M(256M) 9.991ms
[41.725s][info][gc,cpu      ] GC(870) User=0.01s Sys=0.00s Real=0.01s
[41.768s][info][gc,start    ] GC(871) Pause Young (Normal) (G1 Evacuation Pause)
[41.768s][info][gc,task     ] GC(871) Using 6 workers of 8 for evacuation
[41.771s][info][gc,phases   ] GC(871)   Pre Evacuate Collection Set: 0.3ms
[41.772s][info][gc,phases   ] GC(871)   Merge Heap Roots: 0.3ms
[41.772s][info][gc,phases   ] GC(871)   Evacuate Collection Set: 1.1ms
[41.773s][info][gc,phases   ] GC(871)   Post Evacuate Collection Set: 0.9ms
[41.774s][info][gc,phases   ] GC(871)   Other: 0.4ms
[41.774s][info][gc,heap     ] GC(871) Eden regions: 150->0(149)
[41.775s][info][gc,heap     ] GC(871) Survivor regions: 3->4(20)
[41.776s][info][gc,heap     ] GC(871) Old regions: 2->2
[41.777s][info][gc,heap     ] GC(871) Archive regions: 2->2
[41.778s][info][gc,heap     ] GC(871) Humongous regions: 0->0
[41.779s][info][gc,metaspace] GC(871) Metaspace: 615K(832K)->615K(832K) NonClass: 597K(704K)->597K(704K) Class: 17K(128K)->17K(128K)
[41.779s][info][gc          ] GC(871) Pause Young (Normal) (G1 Evacuation Pause) 155M->6M(256M) 10.960ms
[41.779s][info][gc,cpu      ] GC(871) User=0.01s Sys=0.00s Real=0.01s
[41.821s][info][gc,start    ] GC(872) Pause Young (Normal) (G1 Evacuation Pause)
[41.822s][info][gc,task     ] GC(872) Using 6 workers of 8 for evacuation
[41.827s][info][gc,phases   ] GC(872)   Pre Evacuate Collection Set: 0.6ms
[41.829s][info][gc,phases   ] GC(872)   Merge Heap Roots: 0.4ms
[41.829s][info][gc,phases   ] GC(872)   Evacuate Collection Set: 2.0ms
[41.830s][info][gc,phases   ] GC(872)   Post Evacuate Collection Set: 1.2ms
[41.830s][info][gc,phases   ] GC(872)   Other: 0.9ms
[41.830s][info][gc,heap     ] GC(872) Eden regions: 149->0(149)
[41.831s][info][gc,heap     ] GC(872) Survivor regions: 4->4(20)
[41.831s][info][gc,heap     ] GC(872) Old regions: 2->2
[41.832s][info][gc,heap     ] GC(872) Archive regions: 2->2
[41.832s][info][gc,heap     ] GC(872) Humongous regions: 0->0
[41.832s][info][gc,metaspace] GC(872) Metaspace: 615K(832K)->615K(832K) NonClass: 597K(704K)->597K(704K) Class: 17K(128K)->17K(128K)
[41.833s][info][gc          ] GC(872) Pause Young (Normal) (G1 Evacuation Pause) 155M->5M(256M) 11.205ms
[41.833s][info][gc,cpu      ] GC(872) User=0.01s Sys=0.01s Real=0.01s
[41.883s][info][gc,start    ] GC(873) Pause Young (Normal) (G1 Evacuation Pause)
[41.883s][info][gc,task     ] GC(873) Using 6 workers of 8 for evacuation
[41.887s][info][gc,phases   ] GC(873)   Pre Evacuate Collection Set: 0.3ms
[41.887s][info][gc,phases   ] GC(873)   Merge Heap Roots: 0.4ms
[41.887s][info][gc,phases   ] GC(873)   Evacuate Collection Set: 1.1ms
[41.888s][info][gc,phases   ] GC(873)   Post Evacuate Collection Set: 0.9ms
[41.888s][info][gc,phases   ] GC(873)   Other: 0.4ms
[41.888s][info][gc,heap     ] GC(873) Eden regions: 149->0(150)
[41.889s][info][gc,heap     ] GC(873) Survivor regions: 4->3(20)
[41.889s][info][gc,heap     ] GC(873) Old regions: 2->2
[41.890s][info][gc,heap     ] GC(873) Archive regions: 2->2
[41.891s][info][gc,heap     ] GC(873) Humongous regions: 0->0
[41.891s][info][gc,metaspace] GC(873) Metaspace: 615K(832K)->615K(832K) NonClass: 597K(704K)->597K(704K) Class: 17K(128K)->17K(128K)
[41.892s][info][gc          ] GC(873) Pause Young (Normal) (G1 Evacuation Pause) 154M->5M(256M) 9.136ms
[41.893s][info][gc,cpu      ] GC(873) User=0.00s Sys=0.00s Real=0.01s
[41.936s][info][gc,start    ] GC(874) Pause Young (Normal) (G1 Evacuation Pause)
[41.937s][info][gc,task     ] GC(874) Using 6 workers of 8 for evacuation
[41.940s][info][gc,phases   ] GC(874)   Pre Evacuate Collection Set: 0.3ms
[41.942s][info][gc,phases   ] GC(874)   Merge Heap Roots: 0.2ms
[41.943s][info][gc,phases   ] GC(874)   Evacuate Collection Set: 1.3ms
[41.943s][info][gc,phases   ] GC(874)   Post Evacuate Collection Set: 1.5ms
[41.944s][info][gc,phases   ] GC(874)   Other: 0.5ms
[41.945s][info][gc,heap     ] GC(874) Eden regions: 150->0(149)
[41.945s][info][gc,heap     ] GC(874) Survivor regions: 3->4(20)
[41.946s][info][gc,heap     ] GC(874) Old regions: 2->2
[41.946s][info][gc,heap     ] GC(874) Archive regions: 2->2
[41.946s][info][gc,heap     ] GC(874) Humongous regions: 0->0
[41.947s][info][gc,metaspace] GC(874) Metaspace: 615K(832K)->615K(832K) NonClass: 597K(704K)->597K(704K) Class: 17K(128K)->17K(128K)
[41.947s][info][gc          ] GC(874) Pause Young (Normal) (G1 Evacuation Pause) 155M->6M(256M) 11.119ms
[41.948s][info][gc,cpu      ] GC(874) User=0.01s Sys=0.00s Real=0.02s
[41.987s][info][gc,start    ] GC(875) Pause Young (Normal) (G1 Evacuation Pause)
[41.987s][info][gc,task     ] GC(875) Using 6 workers of 8 for evacuation
[41.995s][info][gc,phases   ] GC(875)   Pre Evacuate Collection Set: 0.4ms
[41.996s][info][gc,phases   ] GC(875)   Merge Heap Roots: 0.3ms
[41.996s][info][gc,phases   ] GC(875)   Evacuate Collection Set: 5.7ms
[41.997s][info][gc,phases   ] GC(875)   Post Evacuate Collection Set: 1.0ms
[41.997s][info][gc,phases   ] GC(875)   Other: 0.5ms
[41.998s][info][gc,heap     ] GC(875) Eden regions: 149->0(149)
[41.998s][info][gc,heap     ] GC(875) Survivor regions: 4->4(20)
[41.999s][info][gc,heap     ] GC(875) Old regions: 2->2
[41.999s][info][gc,heap     ] GC(875) Archive regions: 2->2
[41.999s][info][gc,heap     ] GC(875) Humongous regions: 0->0
[42.000s][info][gc,metaspace] GC(875) Metaspace: 615K(832K)->615K(832K) NonClass: 597K(704K)->597K(704K) Class: 17K(128K)->17K(128K)
[42.000s][info][gc          ] GC(875) Pause Young (Normal) (G1 Evacuation Pause) 155M->5M(256M) 13.291ms
[42.001s][info][gc,cpu      ] GC(875) User=0.02s Sys=0.00s Real=0.01s
[42.047s][info][gc,start    ] GC(876) Pause Young (Normal) (G1 Evacuation Pause)
[42.048s][info][gc,task     ] GC(876) Using 6 workers of 8 for evacuation
[42.051s][info][gc,phases   ] GC(876)   Pre Evacuate Collection Set: 0.3ms
[42.051s][info][gc,phases   ] GC(876)   Merge Heap Roots: 0.2ms
[42.052s][info][gc,phases   ] GC(876)   Evacuate Collection Set: 1.2ms
[42.052s][info][gc,phases   ] GC(876)   Post Evacuate Collection Set: 1.0ms
[42.053s][info][gc,phases   ] GC(876)   Other: 0.6ms
[42.053s][info][gc,heap     ] GC(876) Eden regions: 149->0(149)
[42.053s][info][gc,heap     ] GC(876) Survivor regions: 4->4(20)
[42.054s][info][gc,heap     ] GC(876) Old regions: 2->2
[42.054s][info][gc,heap     ] GC(876) Archive regions: 2->2
[42.054s][info][gc,heap     ] GC(876) Humongous regions: 0->0
[42.055s][info][gc,metaspace] GC(876) Metaspace: 615K(832K)->615K(832K) NonClass: 597K(704K)->597K(704K) Class: 17K(128K)->17K(128K)
[42.055s][info][gc          ] GC(876) Pause Young (Normal) (G1 Evacuation Pause) 154M->5M(256M) 8.277ms
[42.056s][info][gc,cpu      ] GC(876) User=0.01s Sys=0.00s Real=0.00s
[42.108s][info][gc,start    ] GC(877) Pause Young (Normal) (G1 Evacuation Pause)
[42.108s][info][gc,task     ] GC(877) Using 6 workers of 8 for evacuation
[42.115s][info][gc,phases   ] GC(877)   Pre Evacuate Collection Set: 0.6ms
[42.115s][info][gc,phases   ] GC(877)   Merge Heap Roots: 0.3ms
[42.116s][info][gc,phases   ] GC(877)   Evacuate Collection Set: 3.5ms
[42.116s][info][gc,phases   ] GC(877)   Post Evacuate Collection Set: 1.1ms
[42.116s][info][gc,phases   ] GC(877)   Other: 0.7ms
[42.117s][info][gc,heap     ] GC(877) Eden regions: 149->0(150)
[42.117s][info][gc,heap     ] GC(877) Survivor regions: 4->3(20)
[42.117s][info][gc,heap     ] GC(877) Old regions: 2->2
[42.117s][info][gc,heap     ] GC(877) Archive regions: 2->2
[42.118s][info][gc,heap     ] GC(877) Humongous regions: 0->0
[42.118s][info][gc,metaspace] GC(877) Metaspace: 615K(832K)->615K(832K) NonClass: 597K(704K)->597K(704K) Class: 17K(128K)->17K(128K)
[42.118s][info][gc          ] GC(877) Pause Young (Normal) (G1 Evacuation Pause) 154M->5M(256M) 10.710ms
[42.119s][info][gc,cpu      ] GC(877) User=0.01s Sys=0.00s Real=0.01s
[42.169s][info][gc,start    ] GC(878) Pause Young (Normal) (G1 Evacuation Pause)
[42.169s][info][gc,task     ] GC(878) Using 6 workers of 8 for evacuation
[42.172s][info][gc,phases   ] GC(878)   Pre Evacuate Collection Set: 0.2ms
[42.173s][info][gc,phases   ] GC(878)   Merge Heap Roots: 0.3ms
[42.174s][info][gc,phases   ] GC(878)   Evacuate Collection Set: 1.1ms
[42.175s][info][gc,phases   ] GC(878)   Post Evacuate Collection Set: 0.9ms
[42.176s][info][gc,phases   ] GC(878)   Other: 0.5ms
[42.176s][info][gc,heap     ] GC(878) Eden regions: 150->0(149)
[42.177s][info][gc,heap     ] GC(878) Survivor regions: 3->4(20)
[42.178s][info][gc,heap     ] GC(878) Old regions: 2->2
[42.179s][info][gc,heap     ] GC(878) Archive regions: 2->2
[42.179s][info][gc,heap     ] GC(878) Humongous regions: 0->0
[42.180s][info][gc,metaspace] GC(878) Metaspace: 615K(832K)->615K(832K) NonClass: 597K(704K)->597K(704K) Class: 17K(128K)->17K(128K)
[42.180s][info][gc          ] GC(878) Pause Young (Normal) (G1 Evacuation Pause) 155M->5M(256M) 11.107ms
[42.180s][info][gc,cpu      ] GC(878) User=0.01s Sys=0.00s Real=0.01s
[42.236s][info][gc,start    ] GC(879) Pause Young (Normal) (G1 Evacuation Pause)
[42.236s][info][gc,task     ] GC(879) Using 6 workers of 8 for evacuation
[42.244s][info][gc,phases   ] GC(879)   Pre Evacuate Collection Set: 0.3ms
[42.245s][info][gc,phases   ] GC(879)   Merge Heap Roots: 0.3ms
[42.245s][info][gc,phases   ] GC(879)   Evacuate Collection Set: 5.5ms
[42.246s][info][gc,phases   ] GC(879)   Post Evacuate Collection Set: 1.1ms
[42.246s][info][gc,phases   ] GC(879)   Other: 0.7ms
[42.247s][info][gc,heap     ] GC(879) Eden regions: 149->0(149)
[42.247s][info][gc,heap     ] GC(879) Survivor regions: 4->4(20)
[42.248s][info][gc,heap     ] GC(879) Old regions: 2->2
[42.248s][info][gc,heap     ] GC(879) Archive regions: 2->2
[42.248s][info][gc,heap     ] GC(879) Humongous regions: 0->0
[42.249s][info][gc,metaspace] GC(879) Metaspace: 615K(832K)->615K(832K) NonClass: 597K(704K)->597K(704K) Class: 17K(128K)->17K(128K)
[42.249s][info][gc          ] GC(879) Pause Young (Normal) (G1 Evacuation Pause) 154M->5M(256M) 13.064ms
[42.249s][info][gc,cpu      ] GC(879) User=0.00s Sys=0.01s Real=0.02s
[42.311s][info][gc,start    ] GC(880) Pause Young (Normal) (G1 Evacuation Pause)
[42.312s][info][gc,task     ] GC(880) Using 6 workers of 8 for evacuation
[42.315s][info][gc,phases   ] GC(880)   Pre Evacuate Collection Set: 0.2ms
[42.315s][info][gc,phases   ] GC(880)   Merge Heap Roots: 0.2ms
[42.316s][info][gc,phases   ] GC(880)   Evacuate Collection Set: 1.0ms
[42.316s][info][gc,phases   ] GC(880)   Post Evacuate Collection Set: 0.9ms
[42.316s][info][gc,phases   ] GC(880)   Other: 0.6ms
[42.317s][info][gc,heap     ] GC(880) Eden regions: 149->0(150)
[42.317s][info][gc,heap     ] GC(880) Survivor regions: 4->3(20)
[42.317s][info][gc,heap     ] GC(880) Old regions: 2->2
[42.318s][info][gc,heap     ] GC(880) Archive regions: 2->2
[42.318s][info][gc,heap     ] GC(880) Humongous regions: 0->0
[42.318s][info][gc,metaspace] GC(880) Metaspace: 615K(832K)->615K(832K) NonClass: 597K(704K)->597K(704K) Class: 17K(128K)->17K(128K)
[42.319s][info][gc          ] GC(880) Pause Young (Normal) (G1 Evacuation Pause) 154M->5M(256M) 7.472ms
[42.319s][info][gc,cpu      ] GC(880) User=0.00s Sys=0.00s Real=0.01s
[42.366s][info][gc,start    ] GC(881) Pause Young (Normal) (G1 Evacuation Pause)
[42.366s][info][gc,task     ] GC(881) Using 6 workers of 8 for evacuation
[42.369s][info][gc,phases   ] GC(881)   Pre Evacuate Collection Set: 0.3ms
[42.370s][info][gc,phases   ] GC(881)   Merge Heap Roots: 0.3ms
[42.370s][info][gc,phases   ] GC(881)   Evacuate Collection Set: 1.5ms
[42.371s][info][gc,phases   ] GC(881)   Post Evacuate Collection Set: 0.9ms
[42.371s][info][gc,phases   ] GC(881)   Other: 0.5ms
[42.371s][info][gc,heap     ] GC(881) Eden regions: 150->0(149)
[42.372s][info][gc,heap     ] GC(881) Survivor regions: 3->4(20)
[42.372s][info][gc,heap     ] GC(881) Old regions: 2->2
[42.374s][info][gc,heap     ] GC(881) Archive regions: 2->2
[42.375s][info][gc,heap     ] GC(881) Humongous regions: 0->0
[42.376s][info][gc,metaspace] GC(881) Metaspace: 615K(832K)->615K(832K) NonClass: 597K(704K)->597K(704K) Class: 17K(128K)->17K(128K)
[42.377s][info][gc          ] GC(881) Pause Young (Normal) (G1 Evacuation Pause) 155M->6M(256M) 11.133ms
[42.377s][info][gc,cpu      ] GC(881) User=0.00s Sys=0.00s Real=0.02s
[42.420s][info][gc,start    ] GC(882) Pause Young (Normal) (G1 Evacuation Pause)
[42.421s][info][gc,task     ] GC(882) Using 6 workers of 8 for evacuation
[42.426s][info][gc,phases   ] GC(882)   Pre Evacuate Collection Set: 0.2ms
[42.427s][info][gc,phases   ] GC(882)   Merge Heap Roots: 0.4ms
[42.427s][info][gc,phases   ] GC(882)   Evacuate Collection Set: 2.2ms
[42.428s][info][gc,phases   ] GC(882)   Post Evacuate Collection Set: 1.7ms
[42.429s][info][gc,phases   ] GC(882)   Other: 0.5ms
[42.429s][info][gc,heap     ] GC(882) Eden regions: 149->0(149)
[42.430s][info][gc,heap     ] GC(882) Survivor regions: 4->4(20)
[42.430s][info][gc,heap     ] GC(882) Old regions: 2->2
[42.430s][info][gc,heap     ] GC(882) Archive regions: 2->2
[42.431s][info][gc,heap     ] GC(882) Humongous regions: 0->0
[42.431s][info][gc,metaspace] GC(882) Metaspace: 615K(832K)->615K(832K) NonClass: 597K(704K)->597K(704K) Class: 17K(128K)->17K(128K)
[42.432s][info][gc          ] GC(882) Pause Young (Normal) (G1 Evacuation Pause) 155M->5M(256M) 11.449ms
[42.432s][info][gc,cpu      ] GC(882) User=0.01s Sys=0.01s Real=0.01s
[42.474s][info][gc,start    ] GC(883) Pause Young (Normal) (G1 Evacuation Pause)
[42.475s][info][gc,task     ] GC(883) Using 6 workers of 8 for evacuation
[42.479s][info][gc,phases   ] GC(883)   Pre Evacuate Collection Set: 0.6ms
[42.480s][info][gc,phases   ] GC(883)   Merge Heap Roots: 0.3ms
[42.480s][info][gc,phases   ] GC(883)   Evacuate Collection Set: 1.4ms
[42.480s][info][gc,phases   ] GC(883)   Post Evacuate Collection Set: 1.1ms
[42.481s][info][gc,phases   ] GC(883)   Other: 1.2ms
[42.481s][info][gc,heap     ] GC(883) Eden regions: 149->0(150)
[42.481s][info][gc,heap     ] GC(883) Survivor regions: 4->3(20)
[42.482s][info][gc,heap     ] GC(883) Old regions: 2->2
[42.482s][info][gc,heap     ] GC(883) Archive regions: 2->2
[42.482s][info][gc,heap     ] GC(883) Humongous regions: 0->0
[42.483s][info][gc,metaspace] GC(883) Metaspace: 615K(832K)->615K(832K) NonClass: 597K(704K)->597K(704K) Class: 17K(128K)->17K(128K)
[42.484s][info][gc          ] GC(883) Pause Young (Normal) (G1 Evacuation Pause) 154M->5M(256M) 10.115ms
[42.484s][info][gc,cpu      ] GC(883) User=0.00s Sys=0.01s Real=0.01s
[42.528s][info][gc,start    ] GC(884) Pause Young (Normal) (G1 Evacuation Pause)
[42.529s][info][gc,task     ] GC(884) Using 6 workers of 8 for evacuation
[42.532s][info][gc,phases   ] GC(884)   Pre Evacuate Collection Set: 0.4ms
[42.533s][info][gc,phases   ] GC(884)   Merge Heap Roots: 0.3ms
[42.533s][info][gc,phases   ] GC(884)   Evacuate Collection Set: 1.4ms
[42.533s][info][gc,phases   ] GC(884)   Post Evacuate Collection Set: 1.0ms
[42.534s][info][gc,phases   ] GC(884)   Other: 0.6ms
[42.534s][info][gc,heap     ] GC(884) Eden regions: 150->0(149)
[42.535s][info][gc,heap     ] GC(884) Survivor regions: 3->4(20)
[42.535s][info][gc,heap     ] GC(884) Old regions: 2->2
[42.536s][info][gc,heap     ] GC(884) Archive regions: 2->2
[42.536s][info][gc,heap     ] GC(884) Humongous regions: 0->0
[42.537s][info][gc,metaspace] GC(884) Metaspace: 615K(832K)->615K(832K) NonClass: 597K(704K)->597K(704K) Class: 17K(128K)->17K(128K)
[42.537s][info][gc          ] GC(884) Pause Young (Normal) (G1 Evacuation Pause) 155M->6M(256M) 9.431ms
[42.538s][info][gc,cpu      ] GC(884) User=0.00s Sys=0.00s Real=0.01s
[42.584s][info][gc,start    ] GC(885) Pause Young (Normal) (G1 Evacuation Pause)
[42.584s][info][gc,task     ] GC(885) Using 6 workers of 8 for evacuation
[42.587s][info][gc,phases   ] GC(885)   Pre Evacuate Collection Set: 0.3ms
[42.587s][info][gc,phases   ] GC(885)   Merge Heap Roots: 0.2ms
[42.587s][info][gc,phases   ] GC(885)   Evacuate Collection Set: 1.2ms
[42.587s][info][gc,phases   ] GC(885)   Post Evacuate Collection Set: 0.7ms
[42.588s][info][gc,phases   ] GC(885)   Other: 0.4ms
[42.588s][info][gc,heap     ] GC(885) Eden regions: 149->0(149)
[42.589s][info][gc,heap     ] GC(885) Survivor regions: 4->4(20)
[42.589s][info][gc,heap     ] GC(885) Old regions: 2->2
[42.590s][info][gc,heap     ] GC(885) Archive regions: 2->2
[42.591s][info][gc,heap     ] GC(885) Humongous regions: 0->0
[42.593s][info][gc,metaspace] GC(885) Metaspace: 615K(832K)->615K(832K) NonClass: 597K(704K)->597K(704K) Class: 17K(128K)->17K(128K)
[42.594s][info][gc          ] GC(885) Pause Young (Normal) (G1 Evacuation Pause) 155M->5M(256M) 9.981ms
[42.594s][info][gc,cpu      ] GC(885) User=0.00s Sys=0.01s Real=0.01s
[42.701s][info][gc,start    ] GC(886) Pause Young (Normal) (G1 Evacuation Pause)
[42.703s][info][gc,task     ] GC(886) Using 6 workers of 8 for evacuation
[42.706s][info][gc,phases   ] GC(886)   Pre Evacuate Collection Set: 0.3ms
[42.707s][info][gc,phases   ] GC(886)   Merge Heap Roots: 0.2ms
[42.707s][info][gc,phases   ] GC(886)   Evacuate Collection Set: 1.3ms
[42.708s][info][gc,phases   ] GC(886)   Post Evacuate Collection Set: 0.9ms
[42.708s][info][gc,phases   ] GC(886)   Other: 0.6ms
[42.709s][info][gc,heap     ] GC(886) Eden regions: 149->0(149)
[42.709s][info][gc,heap     ] GC(886) Survivor regions: 4->4(20)
[42.710s][info][gc,heap     ] GC(886) Old regions: 2->2
[42.710s][info][gc,heap     ] GC(886) Archive regions: 2->2
[42.711s][info][gc,heap     ] GC(886) Humongous regions: 0->0
[42.712s][info][gc,metaspace] GC(886) Metaspace: 615K(832K)->615K(832K) NonClass: 597K(704K)->597K(704K) Class: 17K(128K)->17K(128K)
[42.712s][info][gc          ] GC(886) Pause Young (Normal) (G1 Evacuation Pause) 154M->5M(256M) 11.064ms
[42.712s][info][gc,cpu      ] GC(886) User=0.01s Sys=0.00s Real=0.01s
[42.771s][info][gc,start    ] GC(887) Pause Young (Normal) (G1 Evacuation Pause)
[42.782s][info][gc,task     ] GC(887) Using 6 workers of 8 for evacuation
[42.788s][info][gc,phases   ] GC(887)   Pre Evacuate Collection Set: 0.4ms
[42.788s][info][gc,phases   ] GC(887)   Merge Heap Roots: 1.5ms
[42.789s][info][gc,phases   ] GC(887)   Evacuate Collection Set: 2.3ms
[42.789s][info][gc,phases   ] GC(887)   Post Evacuate Collection Set: 0.9ms
[42.789s][info][gc,phases   ] GC(887)   Other: 0.5ms
[42.790s][info][gc,heap     ] GC(887) Eden regions: 149->0(150)
[42.790s][info][gc,heap     ] GC(887) Survivor regions: 4->3(20)
[42.791s][info][gc,heap     ] GC(887) Old regions: 2->2
[42.791s][info][gc,heap     ] GC(887) Archive regions: 2->2
[42.792s][info][gc,heap     ] GC(887) Humongous regions: 0->0
[42.793s][info][gc,metaspace] GC(887) Metaspace: 615K(832K)->615K(832K) NonClass: 597K(704K)->597K(704K) Class: 17K(128K)->17K(128K)
[42.794s][info][gc          ] GC(887) Pause Young (Normal) (G1 Evacuation Pause) 154M->5M(256M) 22.589ms
[42.794s][info][gc,cpu      ] GC(887) User=0.01s Sys=0.02s Real=0.02s
[42.845s][info][gc,start    ] GC(888) Pause Young (Normal) (G1 Evacuation Pause)
[42.846s][info][gc,task     ] GC(888) Using 6 workers of 8 for evacuation
[42.849s][info][gc,phases   ] GC(888)   Pre Evacuate Collection Set: 0.3ms
[42.850s][info][gc,phases   ] GC(888)   Merge Heap Roots: 0.4ms
[42.850s][info][gc,phases   ] GC(888)   Evacuate Collection Set: 1.5ms
[42.851s][info][gc,phases   ] GC(888)   Post Evacuate Collection Set: 1.0ms
[42.851s][info][gc,phases   ] GC(888)   Other: 0.5ms
[42.851s][info][gc,heap     ] GC(888) Eden regions: 150->0(149)
[42.852s][info][gc,heap     ] GC(888) Survivor regions: 3->4(20)
[42.852s][info][gc,heap     ] GC(888) Old regions: 2->2
[42.852s][info][gc,heap     ] GC(888) Archive regions: 2->2
[42.853s][info][gc,heap     ] GC(888) Humongous regions: 0->0
[42.853s][info][gc,metaspace] GC(888) Metaspace: 615K(832K)->615K(832K) NonClass: 597K(704K)->597K(704K) Class: 17K(128K)->17K(128K)
[42.853s][info][gc          ] GC(888) Pause Young (Normal) (G1 Evacuation Pause) 155M->6M(256M) 8.688ms
[42.854s][info][gc,cpu      ] GC(888) User=0.00s Sys=0.00s Real=0.01s
[42.899s][info][gc,start    ] GC(889) Pause Young (Normal) (G1 Evacuation Pause)
[42.900s][info][gc,task     ] GC(889) Using 6 workers of 8 for evacuation
[42.903s][info][gc,phases   ] GC(889)   Pre Evacuate Collection Set: 0.2ms
[42.904s][info][gc,phases   ] GC(889)   Merge Heap Roots: 0.2ms
[42.904s][info][gc,phases   ] GC(889)   Evacuate Collection Set: 1.3ms
[42.905s][info][gc,phases   ] GC(889)   Post Evacuate Collection Set: 0.8ms
[42.905s][info][gc,phases   ] GC(889)   Other: 0.4ms
[42.906s][info][gc,heap     ] GC(889) Eden regions: 149->0(149)
[42.908s][info][gc,heap     ] GC(889) Survivor regions: 4->4(20)
[42.909s][info][gc,heap     ] GC(889) Old regions: 2->2
[42.909s][info][gc,heap     ] GC(889) Archive regions: 2->2
[42.909s][info][gc,heap     ] GC(889) Humongous regions: 0->0
[42.910s][info][gc,metaspace] GC(889) Metaspace: 615K(832K)->615K(832K) NonClass: 597K(704K)->597K(704K) Class: 17K(128K)->17K(128K)
[42.910s][info][gc          ] GC(889) Pause Young (Normal) (G1 Evacuation Pause) 155M->5M(256M) 10.737ms
[42.911s][info][gc,cpu      ] GC(889) User=0.01s Sys=0.00s Real=0.01s
[42.952s][info][gc,start    ] GC(890) Pause Young (Normal) (G1 Evacuation Pause)
[42.952s][info][gc,task     ] GC(890) Using 6 workers of 8 for evacuation
[42.955s][info][gc,phases   ] GC(890)   Pre Evacuate Collection Set: 0.3ms
[42.955s][info][gc,phases   ] GC(890)   Merge Heap Roots: 0.4ms
[42.956s][info][gc,phases   ] GC(890)   Evacuate Collection Set: 0.9ms
[42.957s][info][gc,phases   ] GC(890)   Post Evacuate Collection Set: 1.0ms
[42.957s][info][gc,phases   ] GC(890)   Other: 0.4ms
[42.958s][info][gc,heap     ] GC(890) Eden regions: 149->0(149)
[42.958s][info][gc,heap     ] GC(890) Survivor regions: 4->4(20)
[42.959s][info][gc,heap     ] GC(890) Old regions: 2->2
[42.959s][info][gc,heap     ] GC(890) Archive regions: 2->2
[42.959s][info][gc,heap     ] GC(890) Humongous regions: 0->0
[42.960s][info][gc,metaspace] GC(890) Metaspace: 615K(832K)->615K(832K) NonClass: 597K(704K)->597K(704K) Class: 17K(128K)->17K(128K)
[42.960s][info][gc          ] GC(890) Pause Young (Normal) (G1 Evacuation Pause) 154M->5M(256M) 8.419ms
[42.960s][info][gc,cpu      ] GC(890) User=0.01s Sys=0.01s Real=0.01s
[42.999s][info][gc,start    ] GC(891) Pause Young (Normal) (G1 Evacuation Pause)
[42.999s][info][gc,task     ] GC(891) Using 6 workers of 8 for evacuation
[43.002s][info][gc,phases   ] GC(891)   Pre Evacuate Collection Set: 0.2ms
[43.003s][info][gc,phases   ] GC(891)   Merge Heap Roots: 0.2ms
[43.003s][info][gc,phases   ] GC(891)   Evacuate Collection Set: 1.1ms
[43.003s][info][gc,phases   ] GC(891)   Post Evacuate Collection Set: 0.8ms
[43.004s][info][gc,phases   ] GC(891)   Other: 0.4ms
[43.004s][info][gc,heap     ] GC(891) Eden regions: 149->0(150)
[43.005s][info][gc,heap     ] GC(891) Survivor regions: 4->3(20)
[43.005s][info][gc,heap     ] GC(891) Old regions: 2->2
[43.006s][info][gc,heap     ] GC(891) Archive regions: 2->2
[43.007s][info][gc,heap     ] GC(891) Humongous regions: 0->0
[43.007s][info][gc,metaspace] GC(891) Metaspace: 615K(832K)->615K(832K) NonClass: 597K(704K)->597K(704K) Class: 17K(128K)->17K(128K)
[43.008s][info][gc          ] GC(891) Pause Young (Normal) (G1 Evacuation Pause) 154M->5M(256M) 8.795ms
[43.008s][info][gc,cpu      ] GC(891) User=0.01s Sys=0.00s Real=0.01s
[43.049s][info][gc,start    ] GC(892) Pause Young (Normal) (G1 Evacuation Pause)
[43.050s][info][gc,task     ] GC(892) Using 6 workers of 8 for evacuation
[43.052s][info][gc,phases   ] GC(892)   Pre Evacuate Collection Set: 0.2ms
[43.053s][info][gc,phases   ] GC(892)   Merge Heap Roots: 0.2ms
[43.053s][info][gc,phases   ] GC(892)   Evacuate Collection Set: 0.9ms
[43.053s][info][gc,phases   ] GC(892)   Post Evacuate Collection Set: 0.9ms
[43.054s][info][gc,phases   ] GC(892)   Other: 0.4ms
[43.054s][info][gc,heap     ] GC(892) Eden regions: 150->0(149)
[43.054s][info][gc,heap     ] GC(892) Survivor regions: 3->4(20)
[43.055s][info][gc,heap     ] GC(892) Old regions: 2->2
[43.055s][info][gc,heap     ] GC(892) Archive regions: 2->2
[43.056s][info][gc,heap     ] GC(892) Humongous regions: 0->0
[43.056s][info][gc,metaspace] GC(892) Metaspace: 615K(832K)->615K(832K) NonClass: 597K(704K)->597K(704K) Class: 17K(128K)->17K(128K)
[43.058s][info][gc          ] GC(892) Pause Young (Normal) (G1 Evacuation Pause) 155M->5M(256M) 8.849ms
[43.059s][info][gc,cpu      ] GC(892) User=0.01s Sys=0.00s Real=0.01s
[43.098s][info][gc,start    ] GC(893) Pause Young (Normal) (G1 Evacuation Pause)
[43.098s][info][gc,task     ] GC(893) Using 6 workers of 8 for evacuation
[43.101s][info][gc,phases   ] GC(893)   Pre Evacuate Collection Set: 0.2ms
[43.102s][info][gc,phases   ] GC(893)   Merge Heap Roots: 0.2ms
[43.102s][info][gc,phases   ] GC(893)   Evacuate Collection Set: 1.1ms
[43.102s][info][gc,phases   ] GC(893)   Post Evacuate Collection Set: 0.8ms
[43.102s][info][gc,phases   ] GC(893)   Other: 0.4ms
[43.103s][info][gc,heap     ] GC(893) Eden regions: 149->0(149)
[43.103s][info][gc,heap     ] GC(893) Survivor regions: 4->4(20)
[43.103s][info][gc,heap     ] GC(893) Old regions: 2->2
[43.104s][info][gc,heap     ] GC(893) Archive regions: 2->2
[43.104s][info][gc,heap     ] GC(893) Humongous regions: 0->0
[43.104s][info][gc,metaspace] GC(893) Metaspace: 615K(832K)->615K(832K) NonClass: 597K(704K)->597K(704K) Class: 17K(128K)->17K(128K)
[43.105s][info][gc          ] GC(893) Pause Young (Normal) (G1 Evacuation Pause) 154M->5M(256M) 6.732ms
[43.105s][info][gc,cpu      ] GC(893) User=0.00s Sys=0.00s Real=0.00s
[43.155s][info][gc,start    ] GC(894) Pause Young (Normal) (G1 Evacuation Pause)
[43.158s][info][gc,task     ] GC(894) Using 6 workers of 8 for evacuation
[43.167s][info][gc,phases   ] GC(894)   Pre Evacuate Collection Set: 0.4ms
[43.168s][info][gc,phases   ] GC(894)   Merge Heap Roots: 0.2ms
[43.168s][info][gc,phases   ] GC(894)   Evacuate Collection Set: 3.7ms
[43.169s][info][gc,phases   ] GC(894)   Post Evacuate Collection Set: 0.9ms
[43.169s][info][gc,phases   ] GC(894)   Other: 3.9ms
[43.170s][info][gc,heap     ] GC(894) Eden regions: 149->0(150)
[43.170s][info][gc,heap     ] GC(894) Survivor regions: 4->3(20)
[43.171s][info][gc,heap     ] GC(894) Old regions: 2->2
[43.171s][info][gc,heap     ] GC(894) Archive regions: 2->2
[43.172s][info][gc,heap     ] GC(894) Humongous regions: 0->0
[43.172s][info][gc,metaspace] GC(894) Metaspace: 615K(832K)->615K(832K) NonClass: 597K(704K)->597K(704K) Class: 17K(128K)->17K(128K)
[43.174s][info][gc          ] GC(894) Pause Young (Normal) (G1 Evacuation Pause) 154M->5M(256M) 19.048ms
[43.174s][info][gc,cpu      ] GC(894) User=0.01s Sys=0.00s Real=0.02s
[43.228s][info][gc,start    ] GC(895) Pause Young (Normal) (G1 Evacuation Pause)
[43.228s][info][gc,task     ] GC(895) Using 6 workers of 8 for evacuation
[43.232s][info][gc,phases   ] GC(895)   Pre Evacuate Collection Set: 0.3ms
[43.232s][info][gc,phases   ] GC(895)   Merge Heap Roots: 0.2ms
[43.233s][info][gc,phases   ] GC(895)   Evacuate Collection Set: 1.3ms
[43.233s][info][gc,phases   ] GC(895)   Post Evacuate Collection Set: 0.9ms
[43.233s][info][gc,phases   ] GC(895)   Other: 0.7ms
[43.234s][info][gc,heap     ] GC(895) Eden regions: 150->0(149)
[43.234s][info][gc,heap     ] GC(895) Survivor regions: 3->4(20)
[43.234s][info][gc,heap     ] GC(895) Old regions: 2->2
[43.235s][info][gc,heap     ] GC(895) Archive regions: 2->2
[43.235s][info][gc,heap     ] GC(895) Humongous regions: 0->0
[43.235s][info][gc,metaspace] GC(895) Metaspace: 615K(832K)->615K(832K) NonClass: 597K(704K)->597K(704K) Class: 17K(128K)->17K(128K)
[43.236s][info][gc          ] GC(895) Pause Young (Normal) (G1 Evacuation Pause) 155M->6M(256M) 8.061ms
[43.236s][info][gc,cpu      ] GC(895) User=0.01s Sys=0.00s Real=0.00s
[43.280s][info][gc,start    ] GC(896) Pause Young (Normal) (G1 Evacuation Pause)
[43.281s][info][gc,task     ] GC(896) Using 6 workers of 8 for evacuation
[43.283s][info][gc,phases   ] GC(896)   Pre Evacuate Collection Set: 0.3ms
[43.284s][info][gc,phases   ] GC(896)   Merge Heap Roots: 0.2ms
[43.284s][info][gc,phases   ] GC(896)   Evacuate Collection Set: 0.8ms
[43.284s][info][gc,phases   ] GC(896)   Post Evacuate Collection Set: 0.7ms
[43.285s][info][gc,phases   ] GC(896)   Other: 0.4ms
[43.285s][info][gc,heap     ] GC(896) Eden regions: 149->0(149)
[43.285s][info][gc,heap     ] GC(896) Survivor regions: 4->4(20)
[43.286s][info][gc,heap     ] GC(896) Old regions: 2->2
[43.286s][info][gc,heap     ] GC(896) Archive regions: 2->2
[43.286s][info][gc,heap     ] GC(896) Humongous regions: 0->0
[43.286s][info][gc,metaspace] GC(896) Metaspace: 615K(832K)->615K(832K) NonClass: 597K(704K)->597K(704K) Class: 17K(128K)->17K(128K)
[43.287s][info][gc          ] GC(896) Pause Young (Normal) (G1 Evacuation Pause) 155M->6M(256M) 6.213ms
[43.287s][info][gc,cpu      ] GC(896) User=0.01s Sys=0.00s Real=0.01s
[43.337s][info][gc,start    ] GC(897) Pause Young (Normal) (G1 Evacuation Pause)
[43.337s][info][gc,task     ] GC(897) Using 6 workers of 8 for evacuation
[43.341s][info][gc,phases   ] GC(897)   Pre Evacuate Collection Set: 0.2ms
[43.342s][info][gc,phases   ] GC(897)   Merge Heap Roots: 0.2ms
[43.343s][info][gc,phases   ] GC(897)   Evacuate Collection Set: 1.0ms
[43.343s][info][gc,phases   ] GC(897)   Post Evacuate Collection Set: 1.8ms
[43.343s][info][gc,phases   ] GC(897)   Other: 0.5ms
[43.344s][info][gc,heap     ] GC(897) Eden regions: 149->0(149)
[43.344s][info][gc,heap     ] GC(897) Survivor regions: 4->4(20)
[43.344s][info][gc,heap     ] GC(897) Old regions: 2->2
[43.345s][info][gc,heap     ] GC(897) Archive regions: 2->2
[43.345s][info][gc,heap     ] GC(897) Humongous regions: 0->0
[43.345s][info][gc,metaspace] GC(897) Metaspace: 615K(832K)->615K(832K) NonClass: 597K(704K)->597K(704K) Class: 17K(128K)->17K(128K)
[43.346s][info][gc          ] GC(897) Pause Young (Normal) (G1 Evacuation Pause) 155M->5M(256M) 9.083ms
[43.346s][info][gc,cpu      ] GC(897) User=0.01s Sys=0.00s Real=0.01s
[43.385s][info][gc,start    ] GC(898) Pause Young (Normal) (G1 Evacuation Pause)
[43.385s][info][gc,task     ] GC(898) Using 6 workers of 8 for evacuation
[43.388s][info][gc,phases   ] GC(898)   Pre Evacuate Collection Set: 0.2ms
[43.388s][info][gc,phases   ] GC(898)   Merge Heap Roots: 0.3ms
[43.388s][info][gc,phases   ] GC(898)   Evacuate Collection Set: 0.7ms
[43.389s][info][gc,phases   ] GC(898)   Post Evacuate Collection Set: 0.8ms
[43.389s][info][gc,phases   ] GC(898)   Other: 0.4ms
[43.390s][info][gc,heap     ] GC(898) Eden regions: 149->0(150)
[43.390s][info][gc,heap     ] GC(898) Survivor regions: 4->3(20)
[43.391s][info][gc,heap     ] GC(898) Old regions: 2->2
[43.392s][info][gc,heap     ] GC(898) Archive regions: 2->2
[43.392s][info][gc,heap     ] GC(898) Humongous regions: 0->0
[43.393s][info][gc,metaspace] GC(898) Metaspace: 615K(832K)->615K(832K) NonClass: 597K(704K)->597K(704K) Class: 17K(128K)->17K(128K)
[43.393s][info][gc          ] GC(898) Pause Young (Normal) (G1 Evacuation Pause) 154M->5M(256M) 8.438ms
[43.394s][info][gc,cpu      ] GC(898) User=0.00s Sys=0.00s Real=0.01s
[43.437s][info][gc,start    ] GC(899) Pause Young (Normal) (G1 Evacuation Pause)
[43.438s][info][gc,task     ] GC(899) Using 6 workers of 8 for evacuation
[43.443s][info][gc,phases   ] GC(899)   Pre Evacuate Collection Set: 0.3ms
[43.444s][info][gc,phases   ] GC(899)   Merge Heap Roots: 0.3ms
[43.444s][info][gc,phases   ] GC(899)   Evacuate Collection Set: 2.3ms
[43.445s][info][gc,phases   ] GC(899)   Post Evacuate Collection Set: 1.7ms
[43.445s][info][gc,phases   ] GC(899)   Other: 0.6ms
[43.446s][info][gc,heap     ] GC(899) Eden regions: 150->0(149)
[43.446s][info][gc,heap     ] GC(899) Survivor regions: 3->4(20)
[43.446s][info][gc,heap     ] GC(899) Old regions: 2->2
[43.447s][info][gc,heap     ] GC(899) Archive regions: 2->2
[43.447s][info][gc,heap     ] GC(899) Humongous regions: 0->0
[43.447s][info][gc,metaspace] GC(899) Metaspace: 615K(832K)->615K(832K) NonClass: 597K(704K)->597K(704K) Class: 17K(128K)->17K(128K)
[43.448s][info][gc          ] GC(899) Pause Young (Normal) (G1 Evacuation Pause) 155M->5M(256M) 10.121ms
[43.448s][info][gc,cpu      ] GC(899) User=0.01s Sys=0.00s Real=0.01s
[43.486s][info][gc,start    ] GC(900) Pause Young (Normal) (G1 Evacuation Pause)
[43.487s][info][gc,task     ] GC(900) Using 6 workers of 8 for evacuation
[43.490s][info][gc,phases   ] GC(900)   Pre Evacuate Collection Set: 0.3ms
[43.491s][info][gc,phases   ] GC(900)   Merge Heap Roots: 0.3ms
[43.492s][info][gc,phases   ] GC(900)   Evacuate Collection Set: 0.9ms
[43.492s][info][gc,phases   ] GC(900)   Post Evacuate Collection Set: 1.3ms
[43.493s][info][gc,phases   ] GC(900)   Other: 0.5ms
[43.494s][info][gc,heap     ] GC(900) Eden regions: 149->0(149)
[43.494s][info][gc,heap     ] GC(900) Survivor regions: 4->4(20)
[43.495s][info][gc,heap     ] GC(900) Old regions: 2->2
[43.495s][info][gc,heap     ] GC(900) Archive regions: 2->2
[43.495s][info][gc,heap     ] GC(900) Humongous regions: 0->0
[43.496s][info][gc,metaspace] GC(900) Metaspace: 615K(832K)->615K(832K) NonClass: 597K(704K)->597K(704K) Class: 17K(128K)->17K(128K)
[43.496s][info][gc          ] GC(900) Pause Young (Normal) (G1 Evacuation Pause) 154M->5M(256M) 9.714ms
[43.496s][info][gc,cpu      ] GC(900) User=0.01s Sys=0.00s Real=0.01s
[43.535s][info][gc,start    ] GC(901) Pause Young (Normal) (G1 Evacuation Pause)
[43.535s][info][gc,task     ] GC(901) Using 6 workers of 8 for evacuation
[43.538s][info][gc,phases   ] GC(901)   Pre Evacuate Collection Set: 0.3ms
[43.539s][info][gc,phases   ] GC(901)   Merge Heap Roots: 0.3ms
[43.539s][info][gc,phases   ] GC(901)   Evacuate Collection Set: 1.2ms
[43.540s][info][gc,phases   ] GC(901)   Post Evacuate Collection Set: 0.8ms
[43.541s][info][gc,phases   ] GC(901)   Other: 0.4ms
[43.542s][info][gc,heap     ] GC(901) Eden regions: 149->0(150)
[43.542s][info][gc,heap     ] GC(901) Survivor regions: 4->3(20)
[43.543s][info][gc,heap     ] GC(901) Old regions: 2->2
[43.543s][info][gc,heap     ] GC(901) Archive regions: 2->2
[43.544s][info][gc,heap     ] GC(901) Humongous regions: 0->0
[43.544s][info][gc,metaspace] GC(901) Metaspace: 615K(832K)->615K(832K) NonClass: 597K(704K)->597K(704K) Class: 17K(128K)->17K(128K)
[43.545s][info][gc          ] GC(901) Pause Young (Normal) (G1 Evacuation Pause) 154M->5M(256M) 10.030ms
[43.545s][info][gc,cpu      ] GC(901) User=0.01s Sys=0.00s Real=0.01s
[43.583s][info][gc,start    ] GC(902) Pause Young (Normal) (G1 Evacuation Pause)
[43.583s][info][gc,task     ] GC(902) Using 6 workers of 8 for evacuation
[43.586s][info][gc,phases   ] GC(902)   Pre Evacuate Collection Set: 0.3ms
[43.586s][info][gc,phases   ] GC(902)   Merge Heap Roots: 0.2ms
[43.587s][info][gc,phases   ] GC(902)   Evacuate Collection Set: 1.0ms
[43.587s][info][gc,phases   ] GC(902)   Post Evacuate Collection Set: 0.8ms
[43.587s][info][gc,phases   ] GC(902)   Other: 0.4ms
[43.588s][info][gc,heap     ] GC(902) Eden regions: 150->0(149)
[43.588s][info][gc,heap     ] GC(902) Survivor regions: 3->4(20)
[43.588s][info][gc,heap     ] GC(902) Old regions: 2->2
[43.589s][info][gc,heap     ] GC(902) Archive regions: 2->2
[43.589s][info][gc,heap     ] GC(902) Humongous regions: 0->0
[43.590s][info][gc,metaspace] GC(902) Metaspace: 615K(832K)->615K(832K) NonClass: 597K(704K)->597K(704K) Class: 17K(128K)->17K(128K)
[43.591s][info][gc          ] GC(902) Pause Young (Normal) (G1 Evacuation Pause) 155M->6M(256M) 8.061ms
[43.592s][info][gc,cpu      ] GC(902) User=0.01s Sys=0.00s Real=0.01s
[43.630s][info][gc,start    ] GC(903) Pause Young (Normal) (G1 Evacuation Pause)
[43.631s][info][gc,task     ] GC(903) Using 6 workers of 8 for evacuation
[43.633s][info][gc,phases   ] GC(903)   Pre Evacuate Collection Set: 0.3ms
[43.634s][info][gc,phases   ] GC(903)   Merge Heap Roots: 0.2ms
[43.634s][info][gc,phases   ] GC(903)   Evacuate Collection Set: 0.8ms
[43.634s][info][gc,phases   ] GC(903)   Post Evacuate Collection Set: 0.8ms
[43.635s][info][gc,phases   ] GC(903)   Other: 0.4ms
[43.635s][info][gc,heap     ] GC(903) Eden regions: 149->0(149)
[43.635s][info][gc,heap     ] GC(903) Survivor regions: 4->4(20)
[43.636s][info][gc,heap     ] GC(903) Old regions: 2->2
[43.636s][info][gc,heap     ] GC(903) Archive regions: 2->2
[43.636s][info][gc,heap     ] GC(903) Humongous regions: 0->0
[43.637s][info][gc,metaspace] GC(903) Metaspace: 615K(832K)->615K(832K) NonClass: 597K(704K)->597K(704K) Class: 17K(128K)->17K(128K)
[43.637s][info][gc          ] GC(903) Pause Young (Normal) (G1 Evacuation Pause) 155M->5M(256M) 6.377ms
[43.637s][info][gc,cpu      ] GC(903) User=0.00s Sys=0.00s Real=0.01s
[43.682s][info][gc,start    ] GC(904) Pause Young (Normal) (G1 Evacuation Pause)
[43.682s][info][gc,task     ] GC(904) Using 6 workers of 8 for evacuation
[43.685s][info][gc,phases   ] GC(904)   Pre Evacuate Collection Set: 0.2ms
[43.685s][info][gc,phases   ] GC(904)   Merge Heap Roots: 0.2ms
[43.685s][info][gc,phases   ] GC(904)   Evacuate Collection Set: 0.8ms
[43.686s][info][gc,phases   ] GC(904)   Post Evacuate Collection Set: 0.7ms
[43.686s][info][gc,phases   ] GC(904)   Other: 0.4ms
[43.686s][info][gc,heap     ] GC(904) Eden regions: 149->0(149)
[43.686s][info][gc,heap     ] GC(904) Survivor regions: 4->4(20)
[43.687s][info][gc,heap     ] GC(904) Old regions: 2->2
[43.687s][info][gc,heap     ] GC(904) Archive regions: 2->2
[43.687s][info][gc,heap     ] GC(904) Humongous regions: 0->0
[43.687s][info][gc,metaspace] GC(904) Metaspace: 615K(832K)->615K(832K) NonClass: 597K(704K)->597K(704K) Class: 17K(128K)->17K(128K)
[43.688s][info][gc          ] GC(904) Pause Young (Normal) (G1 Evacuation Pause) 154M->5M(256M) 5.619ms
[43.688s][info][gc,cpu      ] GC(904) User=0.00s Sys=0.00s Real=0.01s
[43.739s][info][gc,start    ] GC(905) Pause Young (Normal) (G1 Evacuation Pause)
[43.743s][info][gc,task     ] GC(905) Using 6 workers of 8 for evacuation
[43.746s][info][gc,phases   ] GC(905)   Pre Evacuate Collection Set: 0.3ms
[43.747s][info][gc,phases   ] GC(905)   Merge Heap Roots: 0.3ms
[43.748s][info][gc,phases   ] GC(905)   Evacuate Collection Set: 1.2ms
[43.748s][info][gc,phases   ] GC(905)   Post Evacuate Collection Set: 0.8ms
[43.749s][info][gc,phases   ] GC(905)   Other: 0.7ms
[43.749s][info][gc,heap     ] GC(905) Eden regions: 149->0(150)
[43.749s][info][gc,heap     ] GC(905) Survivor regions: 4->3(20)
[43.750s][info][gc,heap     ] GC(905) Old regions: 2->2
[43.750s][info][gc,heap     ] GC(905) Archive regions: 2->2
[43.750s][info][gc,heap     ] GC(905) Humongous regions: 0->0
[43.751s][info][gc,metaspace] GC(905) Metaspace: 615K(832K)->615K(832K) NonClass: 597K(704K)->597K(704K) Class: 17K(128K)->17K(128K)
[43.751s][info][gc          ] GC(905) Pause Young (Normal) (G1 Evacuation Pause) 154M->5M(256M) 12.443ms
[43.751s][info][gc,cpu      ] GC(905) User=0.01s Sys=0.00s Real=0.01s
[43.820s][info][gc,start    ] GC(906) Pause Young (Normal) (G1 Evacuation Pause)
[43.820s][info][gc,task     ] GC(906) Using 6 workers of 8 for evacuation
[43.827s][info][gc,phases   ] GC(906)   Pre Evacuate Collection Set: 0.3ms
[43.829s][info][gc,phases   ] GC(906)   Merge Heap Roots: 0.6ms
[43.829s][info][gc,phases   ] GC(906)   Evacuate Collection Set: 3.9ms
[43.830s][info][gc,phases   ] GC(906)   Post Evacuate Collection Set: 1.5ms
[43.830s][info][gc,phases   ] GC(906)   Other: 0.6ms
[43.830s][info][gc,heap     ] GC(906) Eden regions: 150->0(149)
[43.831s][info][gc,heap     ] GC(906) Survivor regions: 3->4(20)
[43.831s][info][gc,heap     ] GC(906) Old regions: 2->2
[43.832s][info][gc,heap     ] GC(906) Archive regions: 2->2
[43.832s][info][gc,heap     ] GC(906) Humongous regions: 0->0
[43.832s][info][gc,metaspace] GC(906) Metaspace: 615K(832K)->615K(832K) NonClass: 597K(704K)->597K(704K) Class: 17K(128K)->17K(128K)
[43.833s][info][gc          ] GC(906) Pause Young (Normal) (G1 Evacuation Pause) 155M->5M(256M) 12.890ms
[43.833s][info][gc,cpu      ] GC(906) User=0.00s Sys=0.01s Real=0.01s
[43.896s][info][gc,start    ] GC(907) Pause Young (Normal) (G1 Evacuation Pause)
[43.897s][info][gc,task     ] GC(907) Using 6 workers of 8 for evacuation
[43.901s][info][gc,phases   ] GC(907)   Pre Evacuate Collection Set: 0.4ms
[43.902s][info][gc,phases   ] GC(907)   Merge Heap Roots: 0.2ms
[43.902s][info][gc,phases   ] GC(907)   Evacuate Collection Set: 1.1ms
[43.902s][info][gc,phases   ] GC(907)   Post Evacuate Collection Set: 1.0ms
[43.903s][info][gc,phases   ] GC(907)   Other: 1.1ms
[43.904s][info][gc,heap     ] GC(907) Eden regions: 149->0(149)
[43.905s][info][gc,heap     ] GC(907) Survivor regions: 4->4(20)
[43.905s][info][gc,heap     ] GC(907) Old regions: 2->2
[43.907s][info][gc,heap     ] GC(907) Archive regions: 2->2
[43.908s][info][gc,heap     ] GC(907) Humongous regions: 0->0
[43.908s][info][gc,metaspace] GC(907) Metaspace: 615K(832K)->615K(832K) NonClass: 597K(704K)->597K(704K) Class: 17K(128K)->17K(128K)
[43.909s][info][gc          ] GC(907) Pause Young (Normal) (G1 Evacuation Pause) 154M->5M(256M) 12.746ms
[43.910s][info][gc,cpu      ] GC(907) User=0.00s Sys=0.01s Real=0.02s
[43.968s][info][gc,start    ] GC(908) Pause Young (Normal) (G1 Evacuation Pause)
[43.969s][info][gc,task     ] GC(908) Using 6 workers of 8 for evacuation
[43.972s][info][gc,phases   ] GC(908)   Pre Evacuate Collection Set: 0.3ms
[43.973s][info][gc,phases   ] GC(908)   Merge Heap Roots: 0.2ms
[43.975s][info][gc,phases   ] GC(908)   Evacuate Collection Set: 1.2ms
[43.976s][info][gc,phases   ] GC(908)   Post Evacuate Collection Set: 0.9ms
[43.977s][info][gc,phases   ] GC(908)   Other: 0.5ms
[43.978s][info][gc,heap     ] GC(908) Eden regions: 149->0(150)
[43.979s][info][gc,heap     ] GC(908) Survivor regions: 4->3(20)
[43.979s][info][gc,heap     ] GC(908) Old regions: 2->2
[43.980s][info][gc,heap     ] GC(908) Archive regions: 2->2
[43.980s][info][gc,heap     ] GC(908) Humongous regions: 0->0
[43.981s][info][gc,metaspace] GC(908) Metaspace: 615K(832K)->615K(832K) NonClass: 597K(704K)->597K(704K) Class: 17K(128K)->17K(128K)
[43.982s][info][gc          ] GC(908) Pause Young (Normal) (G1 Evacuation Pause) 154M->5M(256M) 13.457ms
[43.982s][info][gc,cpu      ] GC(908) User=0.00s Sys=0.01s Real=0.01s
[44.034s][info][gc,start    ] GC(909) Pause Young (Normal) (G1 Evacuation Pause)
[44.034s][info][gc,task     ] GC(909) Using 6 workers of 8 for evacuation
[44.038s][info][gc,phases   ] GC(909)   Pre Evacuate Collection Set: 0.3ms
[44.039s][info][gc,phases   ] GC(909)   Merge Heap Roots: 0.2ms
[44.040s][info][gc,phases   ] GC(909)   Evacuate Collection Set: 1.3ms
[44.043s][info][gc,phases   ] GC(909)   Post Evacuate Collection Set: 1.0ms
[44.043s][info][gc,phases   ] GC(909)   Other: 0.5ms
[44.044s][info][gc,heap     ] GC(909) Eden regions: 150->0(149)
[44.044s][info][gc,heap     ] GC(909) Survivor regions: 3->4(20)
[44.045s][info][gc,heap     ] GC(909) Old regions: 2->2
[44.045s][info][gc,heap     ] GC(909) Archive regions: 2->2
[44.046s][info][gc,heap     ] GC(909) Humongous regions: 0->0
[44.046s][info][gc,metaspace] GC(909) Metaspace: 615K(832K)->615K(832K) NonClass: 597K(704K)->597K(704K) Class: 17K(128K)->17K(128K)
[44.046s][info][gc          ] GC(909) Pause Young (Normal) (G1 Evacuation Pause) 155M->6M(256M) 12.323ms
[44.047s][info][gc,cpu      ] GC(909) User=0.00s Sys=0.01s Real=0.02s
[44.100s][info][gc,start    ] GC(910) Pause Young (Normal) (G1 Evacuation Pause)
[44.101s][info][gc,task     ] GC(910) Using 6 workers of 8 for evacuation
[44.105s][info][gc,phases   ] GC(910)   Pre Evacuate Collection Set: 0.4ms
[44.105s][info][gc,phases   ] GC(910)   Merge Heap Roots: 0.5ms
[44.106s][info][gc,phases   ] GC(910)   Evacuate Collection Set: 1.6ms
[44.107s][info][gc,phases   ] GC(910)   Post Evacuate Collection Set: 0.6ms
[44.108s][info][gc,phases   ] GC(910)   Other: 0.5ms
[44.109s][info][gc,heap     ] GC(910) Eden regions: 149->0(149)
[44.110s][info][gc,heap     ] GC(910) Survivor regions: 4->4(20)
[44.110s][info][gc,heap     ] GC(910) Old regions: 2->2
[44.111s][info][gc,heap     ] GC(910) Archive regions: 2->2
[44.111s][info][gc,heap     ] GC(910) Humongous regions: 0->0
[44.112s][info][gc,metaspace] GC(910) Metaspace: 615K(832K)->615K(832K) NonClass: 597K(704K)->597K(704K) Class: 17K(128K)->17K(128K)
[44.112s][info][gc          ] GC(910) Pause Young (Normal) (G1 Evacuation Pause) 155M->5M(256M) 11.905ms
[44.113s][info][gc,cpu      ] GC(910) User=0.01s Sys=0.00s Real=0.01s
[44.165s][info][gc,start    ] GC(911) Pause Young (Normal) (G1 Evacuation Pause)
[44.165s][info][gc,task     ] GC(911) Using 6 workers of 8 for evacuation
[44.169s][info][gc,phases   ] GC(911)   Pre Evacuate Collection Set: 0.3ms
[44.169s][info][gc,phases   ] GC(911)   Merge Heap Roots: 0.3ms
[44.169s][info][gc,phases   ] GC(911)   Evacuate Collection Set: 1.0ms
[44.170s][info][gc,phases   ] GC(911)   Post Evacuate Collection Set: 0.9ms
[44.170s][info][gc,phases   ] GC(911)   Other: 0.7ms
[44.171s][info][gc,heap     ] GC(911) Eden regions: 149->0(150)
[44.171s][info][gc,heap     ] GC(911) Survivor regions: 4->3(20)
[44.171s][info][gc,heap     ] GC(911) Old regions: 2->2
[44.172s][info][gc,heap     ] GC(911) Archive regions: 2->2
[44.172s][info][gc,heap     ] GC(911) Humongous regions: 0->0
[44.173s][info][gc,metaspace] GC(911) Metaspace: 615K(832K)->615K(832K) NonClass: 597K(704K)->597K(704K) Class: 17K(128K)->17K(128K)
[44.174s][info][gc          ] GC(911) Pause Young (Normal) (G1 Evacuation Pause) 154M->5M(256M) 9.100ms
[44.174s][info][gc,cpu      ] GC(911) User=0.01s Sys=0.00s Real=0.01s
[44.218s][info][gc,start    ] GC(912) Pause Young (Normal) (G1 Evacuation Pause)
[44.219s][info][gc,task     ] GC(912) Using 6 workers of 8 for evacuation
[44.222s][info][gc,phases   ] GC(912)   Pre Evacuate Collection Set: 0.2ms
[44.223s][info][gc,phases   ] GC(912)   Merge Heap Roots: 0.2ms
[44.224s][info][gc,phases   ] GC(912)   Evacuate Collection Set: 1.2ms
[44.225s][info][gc,phases   ] GC(912)   Post Evacuate Collection Set: 0.9ms
[44.225s][info][gc,phases   ] GC(912)   Other: 0.5ms
[44.226s][info][gc,heap     ] GC(912) Eden regions: 150->0(149)
[44.227s][info][gc,heap     ] GC(912) Survivor regions: 3->4(20)
[44.228s][info][gc,heap     ] GC(912) Old regions: 2->2
[44.228s][info][gc,heap     ] GC(912) Archive regions: 2->2
[44.229s][info][gc,heap     ] GC(912) Humongous regions: 0->0
[44.229s][info][gc,metaspace] GC(912) Metaspace: 615K(832K)->615K(832K) NonClass: 597K(704K)->597K(704K) Class: 17K(128K)->17K(128K)
[44.230s][info][gc          ] GC(912) Pause Young (Normal) (G1 Evacuation Pause) 155M->6M(256M) 11.581ms
[44.230s][info][gc,cpu      ] GC(912) User=0.01s Sys=0.00s Real=0.01s
[44.272s][info][gc,start    ] GC(913) Pause Young (Normal) (G1 Evacuation Pause)
[44.272s][info][gc,task     ] GC(913) Using 6 workers of 8 for evacuation
[44.277s][info][gc,phases   ] GC(913)   Pre Evacuate Collection Set: 0.6ms
[44.278s][info][gc,phases   ] GC(913)   Merge Heap Roots: 0.4ms
[44.279s][info][gc,phases   ] GC(913)   Evacuate Collection Set: 2.1ms
[44.279s][info][gc,phases   ] GC(913)   Post Evacuate Collection Set: 1.2ms
[44.280s][info][gc,phases   ] GC(913)   Other: 0.9ms
[44.280s][info][gc,heap     ] GC(913) Eden regions: 149->0(149)
[44.280s][info][gc,heap     ] GC(913) Survivor regions: 4->4(20)
[44.281s][info][gc,heap     ] GC(913) Old regions: 2->2
[44.281s][info][gc,heap     ] GC(913) Archive regions: 2->2
[44.281s][info][gc,heap     ] GC(913) Humongous regions: 0->0
[44.282s][info][gc,metaspace] GC(913) Metaspace: 615K(832K)->615K(832K) NonClass: 597K(704K)->597K(704K) Class: 17K(128K)->17K(128K)
[44.282s][info][gc          ] GC(913) Pause Young (Normal) (G1 Evacuation Pause) 155M->6M(256M) 10.315ms
[44.282s][info][gc,cpu      ] GC(913) User=0.01s Sys=0.00s Real=0.01s
[44.332s][info][gc,start    ] GC(914) Pause Young (Normal) (G1 Evacuation Pause)
[44.332s][info][gc,task     ] GC(914) Using 6 workers of 8 for evacuation
[44.335s][info][gc,phases   ] GC(914)   Pre Evacuate Collection Set: 0.3ms
[44.337s][info][gc,phases   ] GC(914)   Merge Heap Roots: 0.2ms
[44.337s][info][gc,phases   ] GC(914)   Evacuate Collection Set: 1.0ms
[44.338s][info][gc,phases   ] GC(914)   Post Evacuate Collection Set: 0.9ms
[44.338s][info][gc,phases   ] GC(914)   Other: 0.5ms
[44.341s][info][gc,heap     ] GC(914) Eden regions: 149->0(149)
[44.342s][info][gc,heap     ] GC(914) Survivor regions: 4->4(20)
[44.343s][info][gc,heap     ] GC(914) Old regions: 2->2
[44.344s][info][gc,heap     ] GC(914) Archive regions: 2->2
[44.344s][info][gc,heap     ] GC(914) Humongous regions: 0->0
[44.345s][info][gc,metaspace] GC(914) Metaspace: 615K(832K)->615K(832K) NonClass: 597K(704K)->597K(704K) Class: 17K(128K)->17K(128K)
[44.345s][info][gc          ] GC(914) Pause Young (Normal) (G1 Evacuation Pause) 155M->5M(256M) 13.688ms
[44.346s][info][gc,cpu      ] GC(914) User=0.01s Sys=0.01s Real=0.01s
[44.387s][info][gc,start    ] GC(915) Pause Young (Normal) (G1 Evacuation Pause)
[44.388s][info][gc,task     ] GC(915) Using 6 workers of 8 for evacuation
[44.393s][info][gc,phases   ] GC(915)   Pre Evacuate Collection Set: 0.4ms
[44.394s][info][gc,phases   ] GC(915)   Merge Heap Roots: 0.3ms
[44.395s][info][gc,phases   ] GC(915)   Evacuate Collection Set: 3.0ms
[44.395s][info][gc,phases   ] GC(915)   Post Evacuate Collection Set: 1.6ms
[44.396s][info][gc,phases   ] GC(915)   Other: 0.5ms
[44.396s][info][gc,heap     ] GC(915) Eden regions: 149->0(150)
[44.397s][info][gc,heap     ] GC(915) Survivor regions: 4->3(20)
[44.397s][info][gc,heap     ] GC(915) Old regions: 2->2
[44.397s][info][gc,heap     ] GC(915) Archive regions: 2->2
[44.398s][info][gc,heap     ] GC(915) Humongous regions: 0->0
[44.398s][info][gc,metaspace] GC(915) Metaspace: 615K(832K)->615K(832K) NonClass: 597K(704K)->597K(704K) Class: 17K(128K)->17K(128K)
[44.398s][info][gc          ] GC(915) Pause Young (Normal) (G1 Evacuation Pause) 154M->5M(256M) 11.274ms
[44.399s][info][gc,cpu      ] GC(915) User=0.01s Sys=0.00s Real=0.01s
[44.441s][info][gc,start    ] GC(916) Pause Young (Normal) (G1 Evacuation Pause)
[44.442s][info][gc,task     ] GC(916) Using 6 workers of 8 for evacuation
[44.447s][info][gc,phases   ] GC(916)   Pre Evacuate Collection Set: 0.3ms
[44.447s][info][gc,phases   ] GC(916)   Merge Heap Roots: 0.3ms
[44.447s][info][gc,phases   ] GC(916)   Evacuate Collection Set: 1.7ms
[44.448s][info][gc,phases   ] GC(916)   Post Evacuate Collection Set: 0.8ms
[44.448s][info][gc,phases   ] GC(916)   Other: 1.0ms
[44.448s][info][gc,heap     ] GC(916) Eden regions: 150->0(149)
[44.449s][info][gc,heap     ] GC(916) Survivor regions: 3->4(20)
[44.449s][info][gc,heap     ] GC(916) Old regions: 2->2
[44.449s][info][gc,heap     ] GC(916) Archive regions: 2->2
[44.449s][info][gc,heap     ] GC(916) Humongous regions: 0->0
[44.450s][info][gc,metaspace] GC(916) Metaspace: 615K(832K)->615K(832K) NonClass: 597K(704K)->597K(704K) Class: 17K(128K)->17K(128K)
[44.450s][info][gc          ] GC(916) Pause Young (Normal) (G1 Evacuation Pause) 155M->6M(256M) 9.175ms
[44.450s][info][gc,cpu      ] GC(916) User=0.00s Sys=0.01s Real=0.01s
[44.497s][info][gc,start    ] GC(917) Pause Young (Normal) (G1 Evacuation Pause)
[44.497s][info][gc,task     ] GC(917) Using 6 workers of 8 for evacuation
[44.500s][info][gc,phases   ] GC(917)   Pre Evacuate Collection Set: 0.3ms
[44.501s][info][gc,phases   ] GC(917)   Merge Heap Roots: 0.3ms
[44.501s][info][gc,phases   ] GC(917)   Evacuate Collection Set: 1.1ms
[44.501s][info][gc,phases   ] GC(917)   Post Evacuate Collection Set: 0.9ms
[44.502s][info][gc,phases   ] GC(917)   Other: 0.5ms
[44.502s][info][gc,heap     ] GC(917) Eden regions: 149->0(149)
[44.503s][info][gc,heap     ] GC(917) Survivor regions: 4->4(20)
[44.503s][info][gc,heap     ] GC(917) Old regions: 2->2
[44.503s][info][gc,heap     ] GC(917) Archive regions: 2->2
[44.504s][info][gc,heap     ] GC(917) Humongous regions: 0->0
[44.504s][info][gc,metaspace] GC(917) Metaspace: 615K(832K)->615K(832K) NonClass: 597K(704K)->597K(704K) Class: 17K(128K)->17K(128K)
[44.504s][info][gc          ] GC(917) Pause Young (Normal) (G1 Evacuation Pause) 155M->5M(256M) 7.495ms
[44.505s][info][gc,cpu      ] GC(917) User=0.01s Sys=0.00s Real=0.00s
[44.548s][info][gc,start    ] GC(918) Pause Young (Normal) (G1 Evacuation Pause)
[44.549s][info][gc,task     ] GC(918) Using 6 workers of 8 for evacuation
[44.552s][info][gc,phases   ] GC(918)   Pre Evacuate Collection Set: 0.3ms
[44.552s][info][gc,phases   ] GC(918)   Merge Heap Roots: 0.3ms
[44.553s][info][gc,phases   ] GC(918)   Evacuate Collection Set: 1.1ms
[44.553s][info][gc,phases   ] GC(918)   Post Evacuate Collection Set: 0.8ms
[44.553s][info][gc,phases   ] GC(918)   Other: 0.4ms
[44.554s][info][gc,heap     ] GC(918) Eden regions: 149->0(150)
[44.554s][info][gc,heap     ] GC(918) Survivor regions: 4->3(20)
[44.554s][info][gc,heap     ] GC(918) Old regions: 2->2
[44.555s][info][gc,heap     ] GC(918) Archive regions: 2->2
[44.555s][info][gc,heap     ] GC(918) Humongous regions: 0->0
[44.556s][info][gc,metaspace] GC(918) Metaspace: 615K(832K)->615K(832K) NonClass: 597K(704K)->597K(704K) Class: 17K(128K)->17K(128K)
[44.556s][info][gc          ] GC(918) Pause Young (Normal) (G1 Evacuation Pause) 154M->5M(256M) 7.840ms
[44.557s][info][gc,cpu      ] GC(918) User=0.00s Sys=0.00s Real=0.01s
[44.598s][info][gc,start    ] GC(919) Pause Young (Normal) (G1 Evacuation Pause)
[44.598s][info][gc,task     ] GC(919) Using 6 workers of 8 for evacuation
[44.601s][info][gc,phases   ] GC(919)   Pre Evacuate Collection Set: 0.3ms
[44.602s][info][gc,phases   ] GC(919)   Merge Heap Roots: 0.3ms
[44.602s][info][gc,phases   ] GC(919)   Evacuate Collection Set: 1.0ms
[44.602s][info][gc,phases   ] GC(919)   Post Evacuate Collection Set: 0.9ms
[44.603s][info][gc,phases   ] GC(919)   Other: 0.4ms
[44.603s][info][gc,heap     ] GC(919) Eden regions: 150->0(149)
[44.603s][info][gc,heap     ] GC(919) Survivor regions: 3->4(20)
[44.604s][info][gc,heap     ] GC(919) Old regions: 2->2
[44.604s][info][gc,heap     ] GC(919) Archive regions: 2->2
[44.604s][info][gc,heap     ] GC(919) Humongous regions: 0->0
[44.605s][info][gc,metaspace] GC(919) Metaspace: 615K(832K)->615K(832K) NonClass: 597K(704K)->597K(704K) Class: 17K(128K)->17K(128K)
[44.605s][info][gc          ] GC(919) Pause Young (Normal) (G1 Evacuation Pause) 155M->6M(256M) 7.312ms
[44.606s][info][gc,cpu      ] GC(919) User=0.01s Sys=0.00s Real=0.00s
[44.648s][info][gc,start    ] GC(920) Pause Young (Normal) (G1 Evacuation Pause)
[44.648s][info][gc,task     ] GC(920) Using 6 workers of 8 for evacuation
[44.651s][info][gc,phases   ] GC(920)   Pre Evacuate Collection Set: 0.2ms
[44.651s][info][gc,phases   ] GC(920)   Merge Heap Roots: 0.2ms
[44.651s][info][gc,phases   ] GC(920)   Evacuate Collection Set: 1.1ms
[44.652s][info][gc,phases   ] GC(920)   Post Evacuate Collection Set: 0.7ms
[44.652s][info][gc,phases   ] GC(920)   Other: 0.4ms
[44.652s][info][gc,heap     ] GC(920) Eden regions: 149->0(149)
[44.653s][info][gc,heap     ] GC(920) Survivor regions: 4->4(20)
[44.653s][info][gc,heap     ] GC(920) Old regions: 2->2
[44.653s][info][gc,heap     ] GC(920) Archive regions: 2->2
[44.654s][info][gc,heap     ] GC(920) Humongous regions: 0->0
[44.654s][info][gc,metaspace] GC(920) Metaspace: 615K(832K)->615K(832K) NonClass: 597K(704K)->597K(704K) Class: 17K(128K)->17K(128K)
[44.654s][info][gc          ] GC(920) Pause Young (Normal) (G1 Evacuation Pause) 155M->6M(256M) 6.713ms
[44.655s][info][gc,cpu      ] GC(920) User=0.01s Sys=0.00s Real=0.00s
[44.722s][info][gc,start    ] GC(921) Pause Young (Normal) (G1 Evacuation Pause)
[44.743s][info][gc,task     ] GC(921) Using 6 workers of 8 for evacuation
[44.746s][info][gc,phases   ] GC(921)   Pre Evacuate Collection Set: 0.3ms
[44.747s][info][gc,phases   ] GC(921)   Merge Heap Roots: 0.2ms
[44.747s][info][gc,phases   ] GC(921)   Evacuate Collection Set: 1.5ms
[44.747s][info][gc,phases   ] GC(921)   Post Evacuate Collection Set: 0.8ms
[44.748s][info][gc,phases   ] GC(921)   Other: 0.6ms
[44.748s][info][gc,heap     ] GC(921) Eden regions: 149->0(149)
[44.748s][info][gc,heap     ] GC(921) Survivor regions: 4->4(20)
[44.749s][info][gc,heap     ] GC(921) Old regions: 2->2
[44.749s][info][gc,heap     ] GC(921) Archive regions: 2->2
[44.749s][info][gc,heap     ] GC(921) Humongous regions: 0->0
[44.750s][info][gc,metaspace] GC(921) Metaspace: 615K(832K)->615K(832K) NonClass: 597K(704K)->597K(704K) Class: 17K(128K)->17K(128K)
[44.750s][info][gc          ] GC(921) Pause Young (Normal) (G1 Evacuation Pause) 155M->5M(256M) 27.749ms
[44.750s][info][gc,cpu      ] GC(921) User=0.01s Sys=0.00s Real=0.03s
[44.803s][info][gc,start    ] GC(922) Pause Young (Normal) (G1 Evacuation Pause)
[44.803s][info][gc,task     ] GC(922) Using 6 workers of 8 for evacuation
[44.806s][info][gc,phases   ] GC(922)   Pre Evacuate Collection Set: 0.2ms
[44.807s][info][gc,phases   ] GC(922)   Merge Heap Roots: 0.2ms
[44.807s][info][gc,phases   ] GC(922)   Evacuate Collection Set: 0.9ms
[44.808s][info][gc,phases   ] GC(922)   Post Evacuate Collection Set: 1.0ms
[44.808s][info][gc,phases   ] GC(922)   Other: 0.5ms
[44.809s][info][gc,heap     ] GC(922) Eden regions: 149->0(150)
[44.810s][info][gc,heap     ] GC(922) Survivor regions: 4->3(20)
[44.810s][info][gc,heap     ] GC(922) Old regions: 2->2
[44.810s][info][gc,heap     ] GC(922) Archive regions: 2->2
[44.811s][info][gc,heap     ] GC(922) Humongous regions: 0->0
[44.811s][info][gc,metaspace] GC(922) Metaspace: 615K(832K)->615K(832K) NonClass: 597K(704K)->597K(704K) Class: 17K(128K)->17K(128K)
[44.811s][info][gc          ] GC(922) Pause Young (Normal) (G1 Evacuation Pause) 154M->5M(256M) 8.577ms
[44.812s][info][gc,cpu      ] GC(922) User=0.01s Sys=0.00s Real=0.01s
[44.855s][info][gc,start    ] GC(923) Pause Young (Normal) (G1 Evacuation Pause)
[44.856s][info][gc,task     ] GC(923) Using 6 workers of 8 for evacuation
[44.861s][info][gc,phases   ] GC(923)   Pre Evacuate Collection Set: 0.4ms
[44.861s][info][gc,phases   ] GC(923)   Merge Heap Roots: 0.3ms
[44.861s][info][gc,phases   ] GC(923)   Evacuate Collection Set: 1.9ms
[44.862s][info][gc,phases   ] GC(923)   Post Evacuate Collection Set: 0.9ms
[44.862s][info][gc,phases   ] GC(923)   Other: 0.9ms
[44.863s][info][gc,heap     ] GC(923) Eden regions: 150->0(149)
[44.864s][info][gc,heap     ] GC(923) Survivor regions: 3->4(20)
[44.864s][info][gc,heap     ] GC(923) Old regions: 2->2
[44.865s][info][gc,heap     ] GC(923) Archive regions: 2->2
[44.865s][info][gc,heap     ] GC(923) Humongous regions: 0->0
[44.865s][info][gc,metaspace] GC(923) Metaspace: 615K(832K)->615K(832K) NonClass: 597K(704K)->597K(704K) Class: 17K(128K)->17K(128K)
[44.866s][info][gc          ] GC(923) Pause Young (Normal) (G1 Evacuation Pause) 155M->6M(256M) 10.968ms
[44.866s][info][gc,cpu      ] GC(923) User=0.01s Sys=0.00s Real=0.01s
[44.916s][info][gc,start    ] GC(924) Pause Young (Normal) (G1 Evacuation Pause)
[44.920s][info][gc,task     ] GC(924) Using 6 workers of 8 for evacuation
[44.924s][info][gc,phases   ] GC(924)   Pre Evacuate Collection Set: 0.2ms
[44.925s][info][gc,phases   ] GC(924)   Merge Heap Roots: 0.3ms
[44.926s][info][gc,phases   ] GC(924)   Evacuate Collection Set: 2.0ms
[44.926s][info][gc,phases   ] GC(924)   Post Evacuate Collection Set: 1.5ms
[44.927s][info][gc,phases   ] GC(924)   Other: 0.7ms
[44.927s][info][gc,heap     ] GC(924) Eden regions: 149->0(149)
[44.928s][info][gc,heap     ] GC(924) Survivor regions: 4->4(20)
[44.928s][info][gc,heap     ] GC(924) Old regions: 2->2
[44.928s][info][gc,heap     ] GC(924) Archive regions: 2->2
[44.929s][info][gc,heap     ] GC(924) Humongous regions: 0->0
[44.929s][info][gc,metaspace] GC(924) Metaspace: 615K(832K)->615K(832K) NonClass: 597K(704K)->597K(704K) Class: 17K(128K)->17K(128K)
[44.929s][info][gc          ] GC(924) Pause Young (Normal) (G1 Evacuation Pause) 155M->6M(256M) 13.086ms
[44.930s][info][gc,cpu      ] GC(924) User=0.01s Sys=0.00s Real=0.02s
[44.985s][info][gc,start    ] GC(925) Pause Young (Normal) (G1 Evacuation Pause)
[44.985s][info][gc,task     ] GC(925) Using 6 workers of 8 for evacuation
[44.988s][info][gc,phases   ] GC(925)   Pre Evacuate Collection Set: 0.2ms
[44.988s][info][gc,phases   ] GC(925)   Merge Heap Roots: 0.2ms
[44.989s][info][gc,phases   ] GC(925)   Evacuate Collection Set: 1.0ms
[44.989s][info][gc,phases   ] GC(925)   Post Evacuate Collection Set: 0.7ms
[44.990s][info][gc,phases   ] GC(925)   Other: 0.4ms
[44.990s][info][gc,heap     ] GC(925) Eden regions: 149->0(150)
[44.991s][info][gc,heap     ] GC(925) Survivor regions: 4->3(20)
[44.992s][info][gc,heap     ] GC(925) Old regions: 2->2
[44.992s][info][gc,heap     ] GC(925) Archive regions: 2->2
[44.994s][info][gc,heap     ] GC(925) Humongous regions: 0->0
[44.995s][info][gc,metaspace] GC(925) Metaspace: 615K(832K)->615K(832K) NonClass: 597K(704K)->597K(704K) Class: 17K(128K)->17K(128K)
[44.995s][info][gc          ] GC(925) Pause Young (Normal) (G1 Evacuation Pause) 155M->5M(256M) 10.305ms
[44.995s][info][gc,cpu      ] GC(925) User=0.00s Sys=0.00s Real=0.01s
[45.060s][info][gc,start    ] GC(926) Pause Young (Normal) (G1 Evacuation Pause)
[45.061s][info][gc,task     ] GC(926) Using 6 workers of 8 for evacuation
[45.065s][info][gc,phases   ] GC(926)   Pre Evacuate Collection Set: 0.3ms
[45.066s][info][gc,phases   ] GC(926)   Merge Heap Roots: 0.3ms
[45.066s][info][gc,phases   ] GC(926)   Evacuate Collection Set: 2.0ms
[45.067s][info][gc,phases   ] GC(926)   Post Evacuate Collection Set: 1.0ms
[45.067s][info][gc,phases   ] GC(926)   Other: 0.6ms
[45.067s][info][gc,heap     ] GC(926) Eden regions: 150->0(149)
[45.068s][info][gc,heap     ] GC(926) Survivor regions: 3->4(20)
[45.068s][info][gc,heap     ] GC(926) Old regions: 2->2
[45.068s][info][gc,heap     ] GC(926) Archive regions: 2->2
[45.069s][info][gc,heap     ] GC(926) Humongous regions: 0->0
[45.069s][info][gc,metaspace] GC(926) Metaspace: 615K(832K)->615K(832K) NonClass: 597K(704K)->597K(704K) Class: 17K(128K)->17K(128K)
[45.069s][info][gc          ] GC(926) Pause Young (Normal) (G1 Evacuation Pause) 155M->6M(256M) 9.013ms
[45.070s][info][gc,cpu      ] GC(926) User=0.00s Sys=0.01s Real=0.01s
[45.138s][info][gc,start    ] GC(927) Pause Young (Normal) (G1 Evacuation Pause)
[45.139s][info][gc,task     ] GC(927) Using 6 workers of 8 for evacuation
[45.145s][info][gc,phases   ] GC(927)   Pre Evacuate Collection Set: 0.6ms
[45.146s][info][gc,phases   ] GC(927)   Merge Heap Roots: 0.4ms
[45.146s][info][gc,phases   ] GC(927)   Evacuate Collection Set: 2.4ms
[45.147s][info][gc,phases   ] GC(927)   Post Evacuate Collection Set: 2.0ms
[45.147s][info][gc,phases   ] GC(927)   Other: 1.0ms
[45.147s][info][gc,heap     ] GC(927) Eden regions: 149->0(149)
[45.148s][info][gc,heap     ] GC(927) Survivor regions: 4->4(20)
[45.148s][info][gc,heap     ] GC(927) Old regions: 2->2
[45.148s][info][gc,heap     ] GC(927) Archive regions: 2->2
[45.149s][info][gc,heap     ] GC(927) Humongous regions: 0->0
[45.149s][info][gc,metaspace] GC(927) Metaspace: 615K(832K)->615K(832K) NonClass: 597K(704K)->597K(704K) Class: 17K(128K)->17K(128K)
[45.150s][info][gc          ] GC(927) Pause Young (Normal) (G1 Evacuation Pause) 155M->6M(256M) 11.229ms
[45.150s][info][gc,cpu      ] GC(927) User=0.01s Sys=0.01s Real=0.01s
[45.201s][info][gc,start    ] GC(928) Pause Young (Normal) (G1 Evacuation Pause)
[45.202s][info][gc,task     ] GC(928) Using 6 workers of 8 for evacuation
[45.205s][info][gc,phases   ] GC(928)   Pre Evacuate Collection Set: 0.3ms
[45.207s][info][gc,phases   ] GC(928)   Merge Heap Roots: 0.3ms
[45.208s][info][gc,phases   ] GC(928)   Evacuate Collection Set: 1.4ms
[45.209s][info][gc,phases   ] GC(928)   Post Evacuate Collection Set: 1.0ms
[45.210s][info][gc,phases   ] GC(928)   Other: 0.5ms
[45.210s][info][gc,heap     ] GC(928) Eden regions: 149->0(149)
[45.211s][info][gc,heap     ] GC(928) Survivor regions: 4->4(20)
[45.211s][info][gc,heap     ] GC(928) Old regions: 2->2
[45.212s][info][gc,heap     ] GC(928) Archive regions: 2->2
[45.212s][info][gc,heap     ] GC(928) Humongous regions: 0->0
[45.212s][info][gc,metaspace] GC(928) Metaspace: 615K(832K)->615K(832K) NonClass: 597K(704K)->597K(704K) Class: 17K(128K)->17K(128K)
[45.213s][info][gc          ] GC(928) Pause Young (Normal) (G1 Evacuation Pause) 155M->5M(256M) 11.712ms
[45.213s][info][gc,cpu      ] GC(928) User=0.00s Sys=0.01s Real=0.01s
[45.266s][info][gc,start    ] GC(929) Pause Young (Normal) (G1 Evacuation Pause)
[45.267s][info][gc,task     ] GC(929) Using 6 workers of 8 for evacuation
[45.270s][info][gc,phases   ] GC(929)   Pre Evacuate Collection Set: 0.3ms
[45.271s][info][gc,phases   ] GC(929)   Merge Heap Roots: 0.3ms
[45.271s][info][gc,phases   ] GC(929)   Evacuate Collection Set: 1.1ms
[45.272s][info][gc,phases   ] GC(929)   Post Evacuate Collection Set: 1.0ms
[45.273s][info][gc,phases   ] GC(929)   Other: 0.5ms
[45.274s][info][gc,heap     ] GC(929) Eden regions: 149->0(150)
[45.275s][info][gc,heap     ] GC(929) Survivor regions: 4->3(20)
[45.276s][info][gc,heap     ] GC(929) Old regions: 2->2
[45.276s][info][gc,heap     ] GC(929) Archive regions: 2->2
[45.277s][info][gc,heap     ] GC(929) Humongous regions: 0->0
[45.277s][info][gc,metaspace] GC(929) Metaspace: 615K(832K)->615K(832K) NonClass: 597K(704K)->597K(704K) Class: 17K(128K)->17K(128K)
[45.278s][info][gc          ] GC(929) Pause Young (Normal) (G1 Evacuation Pause) 154M->5M(256M) 11.551ms
[45.278s][info][gc,cpu      ] GC(929) User=0.00s Sys=0.01s Real=0.02s
[45.337s][info][gc,start    ] GC(930) Pause Young (Normal) (G1 Evacuation Pause)
[45.338s][info][gc,task     ] GC(930) Using 6 workers of 8 for evacuation
[45.346s][info][gc,phases   ] GC(930)   Pre Evacuate Collection Set: 1.2ms
[45.347s][info][gc,phases   ] GC(930)   Merge Heap Roots: 1.1ms
[45.347s][info][gc,phases   ] GC(930)   Evacuate Collection Set: 3.8ms
[45.347s][info][gc,phases   ] GC(930)   Post Evacuate Collection Set: 1.5ms
[45.348s][info][gc,phases   ] GC(930)   Other: 0.7ms
[45.348s][info][gc,heap     ] GC(930) Eden regions: 150->0(149)
[45.349s][info][gc,heap     ] GC(930) Survivor regions: 3->4(20)
[45.349s][info][gc,heap     ] GC(930) Old regions: 2->2
[45.349s][info][gc,heap     ] GC(930) Archive regions: 2->2
[45.350s][info][gc,heap     ] GC(930) Humongous regions: 0->0
[45.350s][info][gc,metaspace] GC(930) Metaspace: 615K(832K)->615K(832K) NonClass: 597K(704K)->597K(704K) Class: 17K(128K)->17K(128K)
[45.351s][info][gc          ] GC(930) Pause Young (Normal) (G1 Evacuation Pause) 155M->6M(256M) 13.250ms
[45.351s][info][gc,cpu      ] GC(930) User=0.02s Sys=0.00s Real=0.01s
[45.405s][info][gc,start    ] GC(931) Pause Young (Normal) (G1 Evacuation Pause)
[45.406s][info][gc,task     ] GC(931) Using 6 workers of 8 for evacuation
[45.413s][info][gc,phases   ] GC(931)   Pre Evacuate Collection Set: 1.6ms
[45.414s][info][gc,phases   ] GC(931)   Merge Heap Roots: 0.5ms
[45.414s][info][gc,phases   ] GC(931)   Evacuate Collection Set: 2.5ms
[45.415s][info][gc,phases   ] GC(931)   Post Evacuate Collection Set: 1.0ms
[45.415s][info][gc,phases   ] GC(931)   Other: 1.5ms
[45.415s][info][gc,heap     ] GC(931) Eden regions: 149->0(149)
[45.416s][info][gc,heap     ] GC(931) Survivor regions: 4->4(20)
[45.416s][info][gc,heap     ] GC(931) Old regions: 2->2
[45.416s][info][gc,heap     ] GC(931) Archive regions: 2->2
[45.417s][info][gc,heap     ] GC(931) Humongous regions: 0->0
[45.417s][info][gc,metaspace] GC(931) Metaspace: 615K(832K)->615K(832K) NonClass: 597K(704K)->597K(704K) Class: 17K(128K)->17K(128K)
[45.417s][info][gc          ] GC(931) Pause Young (Normal) (G1 Evacuation Pause) 155M->5M(256M) 12.276ms
[45.418s][info][gc,cpu      ] GC(931) User=0.01s Sys=0.00s Real=0.02s
[45.471s][info][gc,start    ] GC(932) Pause Young (Normal) (G1 Evacuation Pause)
[45.472s][info][gc,task     ] GC(932) Using 6 workers of 8 for evacuation
[45.480s][info][gc,phases   ] GC(932)   Pre Evacuate Collection Set: 0.7ms
[45.480s][info][gc,phases   ] GC(932)   Merge Heap Roots: 0.4ms
[45.481s][info][gc,phases   ] GC(932)   Evacuate Collection Set: 5.2ms
[45.481s][info][gc,phases   ] GC(932)   Post Evacuate Collection Set: 1.0ms
[45.482s][info][gc,phases   ] GC(932)   Other: 0.8ms
[45.482s][info][gc,heap     ] GC(932) Eden regions: 149->0(150)
[45.482s][info][gc,heap     ] GC(932) Survivor regions: 4->3(20)
[45.483s][info][gc,heap     ] GC(932) Old regions: 2->2
[45.483s][info][gc,heap     ] GC(932) Archive regions: 2->2
[45.483s][info][gc,heap     ] GC(932) Humongous regions: 0->0
[45.484s][info][gc,metaspace] GC(932) Metaspace: 615K(832K)->615K(832K) NonClass: 597K(704K)->597K(704K) Class: 17K(128K)->17K(128K)
[45.484s][info][gc          ] GC(932) Pause Young (Normal) (G1 Evacuation Pause) 154M->5M(256M) 13.177ms
[45.485s][info][gc,cpu      ] GC(932) User=0.01s Sys=0.00s Real=0.01s
[45.535s][info][gc,start    ] GC(933) Pause Young (Normal) (G1 Evacuation Pause)
[45.536s][info][gc,task     ] GC(933) Using 6 workers of 8 for evacuation
[45.539s][info][gc,phases   ] GC(933)   Pre Evacuate Collection Set: 0.3ms
[45.541s][info][gc,phases   ] GC(933)   Merge Heap Roots: 0.3ms
[45.542s][info][gc,phases   ] GC(933)   Evacuate Collection Set: 1.3ms
[45.543s][info][gc,phases   ] GC(933)   Post Evacuate Collection Set: 1.3ms
[45.543s][info][gc,phases   ] GC(933)   Other: 0.5ms
[45.544s][info][gc,heap     ] GC(933) Eden regions: 150->0(149)
[45.544s][info][gc,heap     ] GC(933) Survivor regions: 3->4(20)
[45.545s][info][gc,heap     ] GC(933) Old regions: 2->2
[45.545s][info][gc,heap     ] GC(933) Archive regions: 2->2
[45.546s][info][gc,heap     ] GC(933) Humongous regions: 0->0
[45.546s][info][gc,metaspace] GC(933) Metaspace: 615K(832K)->615K(832K) NonClass: 597K(704K)->597K(704K) Class: 17K(128K)->17K(128K)
[45.547s][info][gc          ] GC(933) Pause Young (Normal) (G1 Evacuation Pause) 155M->6M(256M) 11.554ms
[45.547s][info][gc,cpu      ] GC(933) User=0.00s Sys=0.01s Real=0.02s
[45.595s][info][gc,start    ] GC(934) Pause Young (Normal) (G1 Evacuation Pause)
[45.596s][info][gc,task     ] GC(934) Using 6 workers of 8 for evacuation
[45.599s][info][gc,phases   ] GC(934)   Pre Evacuate Collection Set: 0.2ms
[45.599s][info][gc,phases   ] GC(934)   Merge Heap Roots: 0.4ms
[45.600s][info][gc,phases   ] GC(934)   Evacuate Collection Set: 1.2ms
[45.600s][info][gc,phases   ] GC(934)   Post Evacuate Collection Set: 0.9ms
[45.600s][info][gc,phases   ] GC(934)   Other: 0.5ms
[45.601s][info][gc,heap     ] GC(934) Eden regions: 149->0(149)
[45.601s][info][gc,heap     ] GC(934) Survivor regions: 4->4(20)
[45.602s][info][gc,heap     ] GC(934) Old regions: 2->2
[45.602s][info][gc,heap     ] GC(934) Archive regions: 2->2
[45.602s][info][gc,heap     ] GC(934) Humongous regions: 0->0
[45.603s][info][gc,metaspace] GC(934) Metaspace: 615K(832K)->615K(832K) NonClass: 597K(704K)->597K(704K) Class: 17K(128K)->17K(128K)
[45.603s][info][gc          ] GC(934) Pause Young (Normal) (G1 Evacuation Pause) 155M->5M(256M) 7.841ms
[45.603s][info][gc,cpu      ] GC(934) User=0.00s Sys=0.00s Real=0.01s
[45.660s][info][gc,start    ] GC(935) Pause Young (Normal) (G1 Evacuation Pause)
[45.662s][info][gc,task     ] GC(935) Using 6 workers of 8 for evacuation
[45.666s][info][gc,phases   ] GC(935)   Pre Evacuate Collection Set: 0.4ms
[45.666s][info][gc,phases   ] GC(935)   Merge Heap Roots: 0.3ms
[45.667s][info][gc,phases   ] GC(935)   Evacuate Collection Set: 1.1ms
[45.667s][info][gc,phases   ] GC(935)   Post Evacuate Collection Set: 0.9ms
[45.668s][info][gc,phases   ] GC(935)   Other: 1.7ms
[45.668s][info][gc,heap     ] GC(935) Eden regions: 149->0(149)
[45.669s][info][gc,heap     ] GC(935) Survivor regions: 4->4(20)
[45.669s][info][gc,heap     ] GC(935) Old regions: 2->2
[45.669s][info][gc,heap     ] GC(935) Archive regions: 2->2
[45.670s][info][gc,heap     ] GC(935) Humongous regions: 0->0
[45.670s][info][gc,metaspace] GC(935) Metaspace: 615K(832K)->615K(832K) NonClass: 597K(704K)->597K(704K) Class: 17K(128K)->17K(128K)
[45.671s][info][gc          ] GC(935) Pause Young (Normal) (G1 Evacuation Pause) 154M->5M(256M) 10.157ms
[45.671s][info][gc,cpu      ] GC(935) User=0.01s Sys=0.01s Real=0.01s
[45.737s][info][gc,start    ] GC(936) Pause Young (Normal) (G1 Evacuation Pause)
[45.738s][info][gc,task     ] GC(936) Using 6 workers of 8 for evacuation
[45.745s][info][gc,phases   ] GC(936)   Pre Evacuate Collection Set: 0.9ms
[45.746s][info][gc,phases   ] GC(936)   Merge Heap Roots: 0.9ms
[45.746s][info][gc,phases   ] GC(936)   Evacuate Collection Set: 2.6ms
[45.747s][info][gc,phases   ] GC(936)   Post Evacuate Collection Set: 1.0ms
[45.747s][info][gc,phases   ] GC(936)   Other: 1.8ms
[45.748s][info][gc,heap     ] GC(936) Eden regions: 149->0(150)
[45.748s][info][gc,heap     ] GC(936) Survivor regions: 4->3(20)
[45.748s][info][gc,heap     ] GC(936) Old regions: 2->2
[45.749s][info][gc,heap     ] GC(936) Archive regions: 2->2
[45.749s][info][gc,heap     ] GC(936) Humongous regions: 0->0
[45.750s][info][gc,metaspace] GC(936) Metaspace: 615K(832K)->615K(832K) NonClass: 597K(704K)->597K(704K) Class: 17K(128K)->17K(128K)
[45.750s][info][gc          ] GC(936) Pause Young (Normal) (G1 Evacuation Pause) 154M->5M(256M) 13.325ms
[45.750s][info][gc,cpu      ] GC(936) User=0.01s Sys=0.00s Real=0.01s
[45.818s][info][gc,start    ] GC(937) Pause Young (Normal) (G1 Evacuation Pause)
[45.818s][info][gc,task     ] GC(937) Using 6 workers of 8 for evacuation
[45.821s][info][gc,phases   ] GC(937)   Pre Evacuate Collection Set: 0.3ms
[45.822s][info][gc,phases   ] GC(937)   Merge Heap Roots: 0.2ms
[45.823s][info][gc,phases   ] GC(937)   Evacuate Collection Set: 1.2ms
[45.824s][info][gc,phases   ] GC(937)   Post Evacuate Collection Set: 1.0ms
[45.827s][info][gc,phases   ] GC(937)   Other: 0.5ms
[45.828s][info][gc,heap     ] GC(937) Eden regions: 150->0(149)
[45.829s][info][gc,heap     ] GC(937) Survivor regions: 3->4(20)
[45.829s][info][gc,heap     ] GC(937) Old regions: 2->2
[45.830s][info][gc,heap     ] GC(937) Archive regions: 2->2
[45.830s][info][gc,heap     ] GC(937) Humongous regions: 0->0
[45.831s][info][gc,metaspace] GC(937) Metaspace: 615K(832K)->615K(832K) NonClass: 597K(704K)->597K(704K) Class: 17K(128K)->17K(128K)
[45.831s][info][gc          ] GC(937) Pause Young (Normal) (G1 Evacuation Pause) 155M->6M(256M) 13.414ms
[45.832s][info][gc,cpu      ] GC(937) User=0.00s Sys=0.00s Real=0.01s
[45.890s][info][gc,start    ] GC(938) Pause Young (Normal) (G1 Evacuation Pause)
[45.894s][info][gc,task     ] GC(938) Using 6 workers of 8 for evacuation
[45.898s][info][gc,phases   ] GC(938)   Pre Evacuate Collection Set: 0.4ms
[45.899s][info][gc,phases   ] GC(938)   Merge Heap Roots: 0.5ms
[45.899s][info][gc,phases   ] GC(938)   Evacuate Collection Set: 1.8ms
[45.900s][info][gc,phases   ] GC(938)   Post Evacuate Collection Set: 1.0ms
[45.900s][info][gc,phases   ] GC(938)   Other: 1.0ms
[45.900s][info][gc,heap     ] GC(938) Eden regions: 149->0(149)
[45.901s][info][gc,heap     ] GC(938) Survivor regions: 4->4(20)
[45.901s][info][gc,heap     ] GC(938) Old regions: 2->2
[45.902s][info][gc,heap     ] GC(938) Archive regions: 2->2
[45.902s][info][gc,heap     ] GC(938) Humongous regions: 0->0
[45.902s][info][gc,metaspace] GC(938) Metaspace: 615K(832K)->615K(832K) NonClass: 597K(704K)->597K(704K) Class: 17K(128K)->17K(128K)
[45.903s][info][gc          ] GC(938) Pause Young (Normal) (G1 Evacuation Pause) 155M->5M(256M) 12.270ms
[45.903s][info][gc,cpu      ] GC(938) User=0.01s Sys=0.00s Real=0.01s
[45.967s][info][gc,start    ] GC(939) Pause Young (Normal) (G1 Evacuation Pause)
[45.968s][info][gc,task     ] GC(939) Using 6 workers of 8 for evacuation
[45.971s][info][gc,phases   ] GC(939)   Pre Evacuate Collection Set: 0.3ms
[45.971s][info][gc,phases   ] GC(939)   Merge Heap Roots: 0.3ms
[45.972s][info][gc,phases   ] GC(939)   Evacuate Collection Set: 1.1ms
[45.973s][info][gc,phases   ] GC(939)   Post Evacuate Collection Set: 0.9ms
[45.974s][info][gc,phases   ] GC(939)   Other: 0.6ms
[45.975s][info][gc,heap     ] GC(939) Eden regions: 149->0(150)
[45.976s][info][gc,heap     ] GC(939) Survivor regions: 4->3(20)
[45.977s][info][gc,heap     ] GC(939) Old regions: 2->2
[45.978s][info][gc,heap     ] GC(939) Archive regions: 2->2
[45.979s][info][gc,heap     ] GC(939) Humongous regions: 0->0
[45.979s][info][gc,metaspace] GC(939) Metaspace: 615K(832K)->615K(832K) NonClass: 597K(704K)->597K(704K) Class: 17K(128K)->17K(128K)
[45.980s][info][gc          ] GC(939) Pause Young (Normal) (G1 Evacuation Pause) 154M->5M(256M) 13.541ms
[45.981s][info][gc,cpu      ] GC(939) User=0.01s Sys=0.00s Real=0.01s
[46.034s][info][gc,start    ] GC(940) Pause Young (Normal) (G1 Evacuation Pause)
[46.035s][info][gc,task     ] GC(940) Using 6 workers of 8 for evacuation
[46.046s][info][gc,phases   ] GC(940)   Pre Evacuate Collection Set: 0.3ms
[46.047s][info][gc,phases   ] GC(940)   Merge Heap Roots: 0.3ms
[46.047s][info][gc,phases   ] GC(940)   Evacuate Collection Set: 9.4ms
[46.048s][info][gc,phases   ] GC(940)   Post Evacuate Collection Set: 1.0ms
[46.048s][info][gc,phases   ] GC(940)   Other: 0.5ms
[46.049s][info][gc,heap     ] GC(940) Eden regions: 150->0(149)
[46.049s][info][gc,heap     ] GC(940) Survivor regions: 3->4(20)
[46.049s][info][gc,heap     ] GC(940) Old regions: 2->2
[46.050s][info][gc,heap     ] GC(940) Archive regions: 2->2
[46.050s][info][gc,heap     ] GC(940) Humongous regions: 0->0
[46.050s][info][gc,metaspace] GC(940) Metaspace: 615K(832K)->615K(832K) NonClass: 597K(704K)->597K(704K) Class: 17K(128K)->17K(128K)
[46.051s][info][gc          ] GC(940) Pause Young (Normal) (G1 Evacuation Pause) 155M->6M(256M) 16.828ms
[46.051s][info][gc,cpu      ] GC(940) User=0.02s Sys=0.00s Real=0.02s
[46.115s][info][gc,start    ] GC(941) Pause Young (Normal) (G1 Evacuation Pause)
[46.115s][info][gc,task     ] GC(941) Using 6 workers of 8 for evacuation
[46.119s][info][gc,phases   ] GC(941)   Pre Evacuate Collection Set: 0.3ms
[46.120s][info][gc,phases   ] GC(941)   Merge Heap Roots: 0.3ms
[46.120s][info][gc,phases   ] GC(941)   Evacuate Collection Set: 1.5ms
[46.121s][info][gc,phases   ] GC(941)   Post Evacuate Collection Set: 1.0ms
[46.121s][info][gc,phases   ] GC(941)   Other: 0.7ms
[46.122s][info][gc,heap     ] GC(941) Eden regions: 149->0(149)
[46.122s][info][gc,heap     ] GC(941) Survivor regions: 4->4(20)
[46.123s][info][gc,heap     ] GC(941) Old regions: 2->2
[46.124s][info][gc,heap     ] GC(941) Archive regions: 2->2
[46.125s][info][gc,heap     ] GC(941) Humongous regions: 0->0
[46.126s][info][gc,metaspace] GC(941) Metaspace: 615K(832K)->615K(832K) NonClass: 597K(704K)->597K(704K) Class: 17K(128K)->17K(128K)
[46.129s][info][gc          ] GC(941) Pause Young (Normal) (G1 Evacuation Pause) 155M->5M(256M) 13.919ms
[46.130s][info][gc,cpu      ] GC(941) User=0.00s Sys=0.01s Real=0.02s
[46.203s][info][gc,start    ] GC(942) Pause Young (Normal) (G1 Evacuation Pause)
[46.204s][info][gc,task     ] GC(942) Using 6 workers of 8 for evacuation
[46.211s][info][gc,phases   ] GC(942)   Pre Evacuate Collection Set: 0.4ms
[46.212s][info][gc,phases   ] GC(942)   Merge Heap Roots: 0.3ms
[46.212s][info][gc,phases   ] GC(942)   Evacuate Collection Set: 3.3ms
[46.213s][info][gc,phases   ] GC(942)   Post Evacuate Collection Set: 3.0ms
[46.214s][info][gc,phases   ] GC(942)   Other: 0.6ms
[46.214s][info][gc,heap     ] GC(942) Eden regions: 149->0(149)
[46.215s][info][gc,heap     ] GC(942) Survivor regions: 4->4(20)
[46.215s][info][gc,heap     ] GC(942) Old regions: 2->2
[46.216s][info][gc,heap     ] GC(942) Archive regions: 2->2
[46.216s][info][gc,heap     ] GC(942) Humongous regions: 0->0
[46.217s][info][gc,metaspace] GC(942) Metaspace: 615K(832K)->615K(832K) NonClass: 597K(704K)->597K(704K) Class: 17K(128K)->17K(128K)
[46.217s][info][gc          ] GC(942) Pause Young (Normal) (G1 Evacuation Pause) 154M->5M(256M) 14.105ms
[46.218s][info][gc,cpu      ] GC(942) User=0.02s Sys=0.00s Real=0.02s
[46.272s][info][gc,start    ] GC(943) Pause Young (Normal) (G1 Evacuation Pause)
[46.275s][info][gc,task     ] GC(943) Using 6 workers of 8 for evacuation
[46.279s][info][gc,phases   ] GC(943)   Pre Evacuate Collection Set: 0.7ms
[46.280s][info][gc,phases   ] GC(943)   Merge Heap Roots: 0.3ms
[46.281s][info][gc,phases   ] GC(943)   Evacuate Collection Set: 0.8ms
[46.281s][info][gc,phases   ] GC(943)   Post Evacuate Collection Set: 1.0ms
[46.282s][info][gc,phases   ] GC(943)   Other: 1.6ms
[46.282s][info][gc,heap     ] GC(943) Eden regions: 149->0(150)
[46.283s][info][gc,heap     ] GC(943) Survivor regions: 4->3(20)
[46.283s][info][gc,heap     ] GC(943) Old regions: 2->2
[46.283s][info][gc,heap     ] GC(943) Archive regions: 2->2
[46.284s][info][gc,heap     ] GC(943) Humongous regions: 0->0
[46.284s][info][gc,metaspace] GC(943) Metaspace: 615K(832K)->615K(832K) NonClass: 597K(704K)->597K(704K) Class: 17K(128K)->17K(128K)
[46.284s][info][gc          ] GC(943) Pause Young (Normal) (G1 Evacuation Pause) 154M->5M(256M) 12.278ms
[46.285s][info][gc,cpu      ] GC(943) User=0.00s Sys=0.01s Real=0.01s
[46.356s][info][gc,start    ] GC(944) Pause Young (Normal) (G1 Evacuation Pause)
[46.361s][info][gc,task     ] GC(944) Using 6 workers of 8 for evacuation
[46.366s][info][gc,phases   ] GC(944)   Pre Evacuate Collection Set: 0.4ms
[46.366s][info][gc,phases   ] GC(944)   Merge Heap Roots: 0.3ms
[46.367s][info][gc,phases   ] GC(944)   Evacuate Collection Set: 2.6ms
[46.367s][info][gc,phases   ] GC(944)   Post Evacuate Collection Set: 1.3ms
[46.367s][info][gc,phases   ] GC(944)   Other: 0.7ms
[46.368s][info][gc,heap     ] GC(944) Eden regions: 150->0(149)
[46.368s][info][gc,heap     ] GC(944) Survivor regions: 3->4(20)
[46.369s][info][gc,heap     ] GC(944) Old regions: 2->2
[46.369s][info][gc,heap     ] GC(944) Archive regions: 2->2
[46.370s][info][gc,heap     ] GC(944) Humongous regions: 0->0
[46.370s][info][gc,metaspace] GC(944) Metaspace: 615K(832K)->615K(832K) NonClass: 597K(704K)->597K(704K) Class: 17K(128K)->17K(128K)
[46.371s][info][gc          ] GC(944) Pause Young (Normal) (G1 Evacuation Pause) 155M->6M(256M) 15.235ms
[46.371s][info][gc,cpu      ] GC(944) User=0.01s Sys=0.00s Real=0.02s
[46.428s][info][gc,start    ] GC(945) Pause Young (Normal) (G1 Evacuation Pause)
[46.430s][info][gc,task     ] GC(945) Using 6 workers of 8 for evacuation
[46.435s][info][gc,phases   ] GC(945)   Pre Evacuate Collection Set: 0.5ms
[46.436s][info][gc,phases   ] GC(945)   Merge Heap Roots: 0.3ms
[46.436s][info][gc,phases   ] GC(945)   Evacuate Collection Set: 1.5ms
[46.437s][info][gc,phases   ] GC(945)   Post Evacuate Collection Set: 1.4ms
[46.437s][info][gc,phases   ] GC(945)   Other: 0.8ms
[46.437s][info][gc,heap     ] GC(945) Eden regions: 149->0(149)
[46.438s][info][gc,heap     ] GC(945) Survivor regions: 4->4(20)
[46.438s][info][gc,heap     ] GC(945) Old regions: 2->2
[46.439s][info][gc,heap     ] GC(945) Archive regions: 2->2
[46.439s][info][gc,heap     ] GC(945) Humongous regions: 0->0
[46.440s][info][gc,metaspace] GC(945) Metaspace: 615K(832K)->615K(832K) NonClass: 597K(704K)->597K(704K) Class: 17K(128K)->17K(128K)
[46.441s][info][gc          ] GC(945) Pause Young (Normal) (G1 Evacuation Pause) 155M->5M(256M) 13.652ms
[46.442s][info][gc,cpu      ] GC(945) User=0.01s Sys=0.00s Real=0.01s
[46.503s][info][gc,start    ] GC(946) Pause Young (Normal) (G1 Evacuation Pause)
[46.503s][info][gc,task     ] GC(946) Using 6 workers of 8 for evacuation
[46.508s][info][gc,phases   ] GC(946)   Pre Evacuate Collection Set: 0.4ms
[46.509s][info][gc,phases   ] GC(946)   Merge Heap Roots: 0.3ms
[46.510s][info][gc,phases   ] GC(946)   Evacuate Collection Set: 1.4ms
[46.511s][info][gc,phases   ] GC(946)   Post Evacuate Collection Set: 1.6ms
[46.511s][info][gc,phases   ] GC(946)   Other: 0.7ms
[46.511s][info][gc,heap     ] GC(946) Eden regions: 149->0(149)
[46.512s][info][gc,heap     ] GC(946) Survivor regions: 4->4(20)
[46.512s][info][gc,heap     ] GC(946) Old regions: 2->2
[46.513s][info][gc,heap     ] GC(946) Archive regions: 2->2
[46.513s][info][gc,heap     ] GC(946) Humongous regions: 0->0
[46.514s][info][gc,metaspace] GC(946) Metaspace: 615K(832K)->615K(832K) NonClass: 597K(704K)->597K(704K) Class: 17K(128K)->17K(128K)
[46.514s][info][gc          ] GC(946) Pause Young (Normal) (G1 Evacuation Pause) 154M->5M(256M) 11.776ms
[46.515s][info][gc,cpu      ] GC(946) User=0.01s Sys=0.00s Real=0.01s
[46.569s][info][gc,start    ] GC(947) Pause Young (Normal) (G1 Evacuation Pause)
[46.570s][info][gc,task     ] GC(947) Using 6 workers of 8 for evacuation
[46.574s][info][gc,phases   ] GC(947)   Pre Evacuate Collection Set: 0.3ms
[46.575s][info][gc,phases   ] GC(947)   Merge Heap Roots: 0.2ms
[46.578s][info][gc,phases   ] GC(947)   Evacuate Collection Set: 1.1ms
[46.578s][info][gc,phases   ] GC(947)   Post Evacuate Collection Set: 1.8ms
[46.579s][info][gc,phases   ] GC(947)   Other: 0.6ms
[46.579s][info][gc,heap     ] GC(947) Eden regions: 149->0(150)
[46.580s][info][gc,heap     ] GC(947) Survivor regions: 4->3(20)
[46.581s][info][gc,heap     ] GC(947) Old regions: 2->2
[46.581s][info][gc,heap     ] GC(947) Archive regions: 2->2
[46.582s][info][gc,heap     ] GC(947) Humongous regions: 0->0
[46.582s][info][gc,metaspace] GC(947) Metaspace: 615K(832K)->615K(832K) NonClass: 597K(704K)->597K(704K) Class: 17K(128K)->17K(128K)
[46.582s][info][gc          ] GC(947) Pause Young (Normal) (G1 Evacuation Pause) 154M->5M(256M) 13.066ms
[46.583s][info][gc,cpu      ] GC(947) User=0.01s Sys=0.00s Real=0.01s
[46.638s][info][gc,start    ] GC(948) Pause Young (Normal) (G1 Evacuation Pause)
[46.639s][info][gc,task     ] GC(948) Using 6 workers of 8 for evacuation
[46.645s][info][gc,phases   ] GC(948)   Pre Evacuate Collection Set: 0.6ms
[46.645s][info][gc,phases   ] GC(948)   Merge Heap Roots: 0.5ms
[46.651s][info][gc,phases   ] GC(948)   Evacuate Collection Set: 3.0ms
[46.660s][info][gc,phases   ] GC(948)   Post Evacuate Collection Set: 1.1ms
[46.670s][info][gc,phases   ] GC(948)   Other: 1.0ms
[46.677s][info][gc,heap     ] GC(948) Eden regions: 150->0(149)
[46.678s][info][gc,heap     ] GC(948) Survivor regions: 3->4(20)
[46.678s][info][gc,heap     ] GC(948) Old regions: 2->2
[46.682s][info][gc,heap     ] GC(948) Archive regions: 2->2
[46.684s][info][gc,heap     ] GC(948) Humongous regions: 0->0
[46.688s][info][gc,metaspace] GC(948) Metaspace: 615K(832K)->615K(832K) NonClass: 597K(704K)->597K(704K) Class: 17K(128K)->17K(128K)
[46.703s][info][gc          ] GC(948) Pause Young (Normal) (G1 Evacuation Pause) 155M->5M(256M) 65.353ms
[46.715s][info][gc,cpu      ] GC(948) User=0.02s Sys=0.00s Real=0.07s
[46.770s][info][gc,start    ] GC(949) Pause Young (Normal) (G1 Evacuation Pause)
[46.771s][info][gc,task     ] GC(949) Using 6 workers of 8 for evacuation
[46.774s][info][gc,phases   ] GC(949)   Pre Evacuate Collection Set: 0.3ms
[46.775s][info][gc,phases   ] GC(949)   Merge Heap Roots: 0.3ms
[46.776s][info][gc,phases   ] GC(949)   Evacuate Collection Set: 1.3ms
[46.776s][info][gc,phases   ] GC(949)   Post Evacuate Collection Set: 1.1ms
[46.777s][info][gc,phases   ] GC(949)   Other: 0.6ms
[46.777s][info][gc,heap     ] GC(949) Eden regions: 149->0(150)
[46.778s][info][gc,heap     ] GC(949) Survivor regions: 4->3(20)
[46.778s][info][gc,heap     ] GC(949) Old regions: 2->2
[46.779s][info][gc,heap     ] GC(949) Archive regions: 2->2
[46.780s][info][gc,heap     ] GC(949) Humongous regions: 0->0
[46.781s][info][gc,metaspace] GC(949) Metaspace: 615K(832K)->615K(832K) NonClass: 597K(704K)->597K(704K) Class: 17K(128K)->17K(128K)
[46.781s][info][gc          ] GC(949) Pause Young (Normal) (G1 Evacuation Pause) 154M->5M(256M) 11.019ms
[46.782s][info][gc,cpu      ] GC(949) User=0.01s Sys=0.01s Real=0.01s
[46.838s][info][gc,start    ] GC(950) Pause Young (Normal) (G1 Evacuation Pause)
[46.838s][info][gc,task     ] GC(950) Using 6 workers of 8 for evacuation
[46.842s][info][gc,phases   ] GC(950)   Pre Evacuate Collection Set: 0.4ms
[46.844s][info][gc,phases   ] GC(950)   Merge Heap Roots: 0.2ms
[46.845s][info][gc,phases   ] GC(950)   Evacuate Collection Set: 1.4ms
[46.845s][info][gc,phases   ] GC(950)   Post Evacuate Collection Set: 1.1ms
[46.846s][info][gc,phases   ] GC(950)   Other: 0.5ms
[46.848s][info][gc,heap     ] GC(950) Eden regions: 150->0(149)
[46.849s][info][gc,heap     ] GC(950) Survivor regions: 3->4(20)
[46.850s][info][gc,heap     ] GC(950) Old regions: 2->2
[46.850s][info][gc,heap     ] GC(950) Archive regions: 2->2
[46.851s][info][gc,heap     ] GC(950) Humongous regions: 0->0
[46.852s][info][gc,metaspace] GC(950) Metaspace: 615K(832K)->615K(832K) NonClass: 597K(704K)->597K(704K) Class: 17K(128K)->17K(128K)
[46.852s][info][gc          ] GC(950) Pause Young (Normal) (G1 Evacuation Pause) 155M->6M(256M) 14.110ms
[46.852s][info][gc,cpu      ] GC(950) User=0.01s Sys=0.00s Real=0.01s
[46.916s][info][gc,start    ] GC(951) Pause Young (Normal) (G1 Evacuation Pause)
[46.916s][info][gc,task     ] GC(951) Using 6 workers of 8 for evacuation
[46.919s][info][gc,phases   ] GC(951)   Pre Evacuate Collection Set: 0.4ms
[46.930s][info][gc,phases   ] GC(951)   Merge Heap Roots: 0.3ms
[46.931s][info][gc,phases   ] GC(951)   Evacuate Collection Set: 1.2ms
[46.931s][info][gc,phases   ] GC(951)   Post Evacuate Collection Set: 1.0ms
[46.932s][info][gc,phases   ] GC(951)   Other: 0.5ms
[46.932s][info][gc,heap     ] GC(951) Eden regions: 149->0(149)
[46.932s][info][gc,heap     ] GC(951) Survivor regions: 4->4(20)
[46.933s][info][gc,heap     ] GC(951) Old regions: 2->2
[46.933s][info][gc,heap     ] GC(951) Archive regions: 2->2
[46.934s][info][gc,heap     ] GC(951) Humongous regions: 0->0
[46.934s][info][gc,metaspace] GC(951) Metaspace: 615K(832K)->615K(832K) NonClass: 597K(704K)->597K(704K) Class: 17K(128K)->17K(128K)
[46.934s][info][gc          ] GC(951) Pause Young (Normal) (G1 Evacuation Pause) 155M->6M(256M) 18.921ms
[46.935s][info][gc,cpu      ] GC(951) User=0.00s Sys=0.00s Real=0.02s
[46.988s][info][gc,start    ] GC(952) Pause Young (Normal) (G1 Evacuation Pause)
[46.988s][info][gc,task     ] GC(952) Using 6 workers of 8 for evacuation
[46.997s][info][gc,phases   ] GC(952)   Pre Evacuate Collection Set: 0.6ms
[46.998s][info][gc,phases   ] GC(952)   Merge Heap Roots: 0.9ms
[46.998s][info][gc,phases   ] GC(952)   Evacuate Collection Set: 5.6ms
[46.999s][info][gc,phases   ] GC(952)   Post Evacuate Collection Set: 1.0ms
[46.999s][info][gc,phases   ] GC(952)   Other: 0.6ms
[46.999s][info][gc,heap     ] GC(952) Eden regions: 149->0(149)
[47.000s][info][gc,heap     ] GC(952) Survivor regions: 4->4(20)
[47.000s][info][gc,heap     ] GC(952) Old regions: 2->2
[47.001s][info][gc,heap     ] GC(952) Archive regions: 2->2
[47.001s][info][gc,heap     ] GC(952) Humongous regions: 0->0
[47.002s][info][gc,metaspace] GC(952) Metaspace: 615K(832K)->615K(832K) NonClass: 597K(704K)->597K(704K) Class: 17K(128K)->17K(128K)
[47.002s][info][gc          ] GC(952) Pause Young (Normal) (G1 Evacuation Pause) 155M->5M(256M) 14.435ms
[47.003s][info][gc,cpu      ] GC(952) User=0.01s Sys=0.01s Real=0.01s
[47.061s][info][gc,start    ] GC(953) Pause Young (Normal) (G1 Evacuation Pause)
[47.062s][info][gc,task     ] GC(953) Using 6 workers of 8 for evacuation
[47.067s][info][gc,phases   ] GC(953)   Pre Evacuate Collection Set: 0.3ms
[47.067s][info][gc,phases   ] GC(953)   Merge Heap Roots: 0.4ms
[47.068s][info][gc,phases   ] GC(953)   Evacuate Collection Set: 2.8ms
[47.068s][info][gc,phases   ] GC(953)   Post Evacuate Collection Set: 0.9ms
[47.068s][info][gc,phases   ] GC(953)   Other: 0.6ms
[47.069s][info][gc,heap     ] GC(953) Eden regions: 149->0(150)
[47.069s][info][gc,heap     ] GC(953) Survivor regions: 4->3(20)
[47.069s][info][gc,heap     ] GC(953) Old regions: 2->2
[47.070s][info][gc,heap     ] GC(953) Archive regions: 2->2
[47.070s][info][gc,heap     ] GC(953) Humongous regions: 0->0
[47.070s][info][gc,metaspace] GC(953) Metaspace: 615K(832K)->615K(832K) NonClass: 597K(704K)->597K(704K) Class: 17K(128K)->17K(128K)
[47.071s][info][gc          ] GC(953) Pause Young (Normal) (G1 Evacuation Pause) 154M->5M(256M) 9.738ms
[47.071s][info][gc,cpu      ] GC(953) User=0.00s Sys=0.01s Real=0.01s
[47.131s][info][gc,start    ] GC(954) Pause Young (Normal) (G1 Evacuation Pause)
[47.131s][info][gc,task     ] GC(954) Using 6 workers of 8 for evacuation
[47.135s][info][gc,phases   ] GC(954)   Pre Evacuate Collection Set: 0.3ms
[47.135s][info][gc,phases   ] GC(954)   Merge Heap Roots: 0.3ms
[47.136s][info][gc,phases   ] GC(954)   Evacuate Collection Set: 1.3ms
[47.136s][info][gc,phases   ] GC(954)   Post Evacuate Collection Set: 1.0ms
[47.137s][info][gc,phases   ] GC(954)   Other: 0.5ms
[47.137s][info][gc,heap     ] GC(954) Eden regions: 150->0(149)
[47.137s][info][gc,heap     ] GC(954) Survivor regions: 3->4(20)
[47.138s][info][gc,heap     ] GC(954) Old regions: 2->2
[47.138s][info][gc,heap     ] GC(954) Archive regions: 2->2
[47.138s][info][gc,heap     ] GC(954) Humongous regions: 0->0
[47.139s][info][gc,metaspace] GC(954) Metaspace: 615K(832K)->615K(832K) NonClass: 597K(704K)->597K(704K) Class: 17K(128K)->17K(128K)
[47.140s][info][gc          ] GC(954) Pause Young (Normal) (G1 Evacuation Pause) 155M->6M(256M) 8.990ms
[47.142s][info][gc,cpu      ] GC(954) User=0.01s Sys=0.00s Real=0.01s
[47.198s][info][gc,start    ] GC(955) Pause Young (Normal) (G1 Evacuation Pause)
[47.198s][info][gc,task     ] GC(955) Using 6 workers of 8 for evacuation
[47.202s][info][gc,phases   ] GC(955)   Pre Evacuate Collection Set: 0.3ms
[47.203s][info][gc,phases   ] GC(955)   Merge Heap Roots: 0.2ms
[47.203s][info][gc,phases   ] GC(955)   Evacuate Collection Set: 1.5ms
[47.203s][info][gc,phases   ] GC(955)   Post Evacuate Collection Set: 1.1ms
[47.204s][info][gc,phases   ] GC(955)   Other: 0.5ms
[47.204s][info][gc,heap     ] GC(955) Eden regions: 149->0(149)
[47.205s][info][gc,heap     ] GC(955) Survivor regions: 4->4(20)
[47.205s][info][gc,heap     ] GC(955) Old regions: 2->2
[47.206s][info][gc,heap     ] GC(955) Archive regions: 2->2
[47.207s][info][gc,heap     ] GC(955) Humongous regions: 0->0
[47.209s][info][gc,metaspace] GC(955) Metaspace: 615K(832K)->615K(832K) NonClass: 597K(704K)->597K(704K) Class: 17K(128K)->17K(128K)
[47.210s][info][gc          ] GC(955) Pause Young (Normal) (G1 Evacuation Pause) 155M->6M(256M) 12.249ms
[47.211s][info][gc,cpu      ] GC(955) User=0.01s Sys=0.00s Real=0.01s
[47.281s][info][gc,start    ] GC(956) Pause Young (Normal) (G1 Evacuation Pause)
[47.282s][info][gc,task     ] GC(956) Using 6 workers of 8 for evacuation
[47.289s][info][gc,phases   ] GC(956)   Pre Evacuate Collection Set: 0.3ms
[47.290s][info][gc,phases   ] GC(956)   Merge Heap Roots: 0.2ms
[47.290s][info][gc,phases   ] GC(956)   Evacuate Collection Set: 5.1ms
[47.291s][info][gc,phases   ] GC(956)   Post Evacuate Collection Set: 1.0ms
[47.292s][info][gc,phases   ] GC(956)   Other: 0.6ms
[47.292s][info][gc,heap     ] GC(956) Eden regions: 149->0(149)
[47.296s][info][gc,heap     ] GC(956) Survivor regions: 4->4(20)
[47.297s][info][gc,heap     ] GC(956) Old regions: 2->2
[47.297s][info][gc,heap     ] GC(956) Archive regions: 2->2
[47.298s][info][gc,heap     ] GC(956) Humongous regions: 0->0
[47.298s][info][gc,metaspace] GC(956) Metaspace: 615K(832K)->615K(832K) NonClass: 597K(704K)->597K(704K) Class: 17K(128K)->17K(128K)
[47.299s][info][gc          ] GC(956) Pause Young (Normal) (G1 Evacuation Pause) 155M->5M(256M) 17.856ms
[47.300s][info][gc,cpu      ] GC(956) User=0.01s Sys=0.00s Real=0.02s
[47.377s][info][gc,start    ] GC(957) Pause Young (Normal) (G1 Evacuation Pause)
[47.378s][info][gc,task     ] GC(957) Using 6 workers of 8 for evacuation
[47.382s][info][gc,phases   ] GC(957)   Pre Evacuate Collection Set: 0.3ms
[47.383s][info][gc,phases   ] GC(957)   Merge Heap Roots: 0.3ms
[47.383s][info][gc,phases   ] GC(957)   Evacuate Collection Set: 1.9ms
[47.384s][info][gc,phases   ] GC(957)   Post Evacuate Collection Set: 1.1ms
[47.384s][info][gc,phases   ] GC(957)   Other: 1.0ms
[47.384s][info][gc,heap     ] GC(957) Eden regions: 149->0(150)
[47.385s][info][gc,heap     ] GC(957) Survivor regions: 4->3(20)
[47.385s][info][gc,heap     ] GC(957) Old regions: 2->2
[47.385s][info][gc,heap     ] GC(957) Archive regions: 2->2
[47.386s][info][gc,heap     ] GC(957) Humongous regions: 0->0
[47.386s][info][gc,metaspace] GC(957) Metaspace: 615K(832K)->615K(832K) NonClass: 597K(704K)->597K(704K) Class: 17K(128K)->17K(128K)
[47.386s][info][gc          ] GC(957) Pause Young (Normal) (G1 Evacuation Pause) 154M->5M(256M) 8.730ms
[47.387s][info][gc,cpu      ] GC(957) User=0.01s Sys=0.00s Real=0.01s
[47.459s][info][gc,start    ] GC(958) Pause Young (Normal) (G1 Evacuation Pause)
[47.463s][info][gc,task     ] GC(958) Using 6 workers of 8 for evacuation
[47.467s][info][gc,phases   ] GC(958)   Pre Evacuate Collection Set: 0.4ms
[47.467s][info][gc,phases   ] GC(958)   Merge Heap Roots: 0.3ms
[47.468s][info][gc,phases   ] GC(958)   Evacuate Collection Set: 1.5ms
[47.468s][info][gc,phases   ] GC(958)   Post Evacuate Collection Set: 1.0ms
[47.469s][info][gc,phases   ] GC(958)   Other: 0.8ms
[47.469s][info][gc,heap     ] GC(958) Eden regions: 150->0(149)
[47.469s][info][gc,heap     ] GC(958) Survivor regions: 3->4(20)
[47.470s][info][gc,heap     ] GC(958) Old regions: 2->2
[47.470s][info][gc,heap     ] GC(958) Archive regions: 2->2
[47.471s][info][gc,heap     ] GC(958) Humongous regions: 0->0
[47.471s][info][gc,metaspace] GC(958) Metaspace: 615K(832K)->615K(832K) NonClass: 597K(704K)->597K(704K) Class: 17K(128K)->17K(128K)
[47.472s][info][gc          ] GC(958) Pause Young (Normal) (G1 Evacuation Pause) 155M->6M(256M) 12.117ms
[47.472s][info][gc,cpu      ] GC(958) User=0.00s Sys=0.01s Real=0.01s
[47.536s][info][gc,start    ] GC(959) Pause Young (Normal) (G1 Evacuation Pause)
[47.537s][info][gc,task     ] GC(959) Using 6 workers of 8 for evacuation
[47.543s][info][gc,phases   ] GC(959)   Pre Evacuate Collection Set: 0.3ms
[47.545s][info][gc,phases   ] GC(959)   Merge Heap Roots: 0.3ms
[47.545s][info][gc,phases   ] GC(959)   Evacuate Collection Set: 3.1ms
[47.546s][info][gc,phases   ] GC(959)   Post Evacuate Collection Set: 2.2ms
[47.547s][info][gc,phases   ] GC(959)   Other: 0.6ms
[47.547s][info][gc,heap     ] GC(959) Eden regions: 149->0(149)
[47.548s][info][gc,heap     ] GC(959) Survivor regions: 4->4(20)
[47.548s][info][gc,heap     ] GC(959) Old regions: 2->2
[47.549s][info][gc,heap     ] GC(959) Archive regions: 2->2
[47.549s][info][gc,heap     ] GC(959) Humongous regions: 0->0
[47.550s][info][gc,metaspace] GC(959) Metaspace: 615K(832K)->615K(832K) NonClass: 597K(704K)->597K(704K) Class: 17K(128K)->17K(128K)
[47.550s][info][gc          ] GC(959) Pause Young (Normal) (G1 Evacuation Pause) 155M->5M(256M) 13.804ms
[47.551s][info][gc,cpu      ] GC(959) User=0.01s Sys=0.00s Real=0.02s
[47.603s][info][gc,start    ] GC(960) Pause Young (Normal) (G1 Evacuation Pause)
[47.604s][info][gc,task     ] GC(960) Using 6 workers of 8 for evacuation
[47.614s][info][gc,phases   ] GC(960)   Pre Evacuate Collection Set: 0.2ms
[47.615s][info][gc,phases   ] GC(960)   Merge Heap Roots: 0.3ms
[47.615s][info][gc,phases   ] GC(960)   Evacuate Collection Set: 8.2ms
[47.616s][info][gc,phases   ] GC(960)   Post Evacuate Collection Set: 1.1ms
[47.616s][info][gc,phases   ] GC(960)   Other: 0.5ms
[47.616s][info][gc,heap     ] GC(960) Eden regions: 149->0(150)
[47.617s][info][gc,heap     ] GC(960) Survivor regions: 4->3(20)
[47.617s][info][gc,heap     ] GC(960) Old regions: 2->2
[47.618s][info][gc,heap     ] GC(960) Archive regions: 2->2
[47.618s][info][gc,heap     ] GC(960) Humongous regions: 0->0
[47.618s][info][gc,metaspace] GC(960) Metaspace: 615K(832K)->615K(832K) NonClass: 597K(704K)->597K(704K) Class: 17K(128K)->17K(128K)
[47.619s][info][gc          ] GC(960) Pause Young (Normal) (G1 Evacuation Pause) 154M->5M(256M) 15.274ms
[47.619s][info][gc,cpu      ] GC(960) User=0.03s Sys=0.00s Real=0.02s
[47.682s][info][gc,start    ] GC(961) Pause Young (Normal) (G1 Evacuation Pause)
[47.683s][info][gc,task     ] GC(961) Using 6 workers of 8 for evacuation
[47.687s][info][gc,phases   ] GC(961)   Pre Evacuate Collection Set: 0.3ms
[47.688s][info][gc,phases   ] GC(961)   Merge Heap Roots: 0.6ms
[47.689s][info][gc,phases   ] GC(961)   Evacuate Collection Set: 2.0ms
[47.689s][info][gc,phases   ] GC(961)   Post Evacuate Collection Set: 0.9ms
[47.690s][info][gc,phases   ] GC(961)   Other: 0.5ms
[47.690s][info][gc,heap     ] GC(961) Eden regions: 150->0(149)
[47.691s][info][gc,heap     ] GC(961) Survivor regions: 3->4(20)
[47.692s][info][gc,heap     ] GC(961) Old regions: 2->2
[47.693s][info][gc,heap     ] GC(961) Archive regions: 2->2
[47.694s][info][gc,heap     ] GC(961) Humongous regions: 0->0
[47.694s][info][gc,metaspace] GC(961) Metaspace: 615K(832K)->615K(832K) NonClass: 597K(704K)->597K(704K) Class: 17K(128K)->17K(128K)
[47.695s][info][gc          ] GC(961) Pause Young (Normal) (G1 Evacuation Pause) 155M->6M(256M) 12.064ms
[47.695s][info][gc,cpu      ] GC(961) User=0.00s Sys=0.01s Real=0.01s
[47.769s][info][gc,start    ] GC(962) Pause Young (Normal) (G1 Evacuation Pause)
[47.770s][info][gc,task     ] GC(962) Using 6 workers of 8 for evacuation
[47.781s][info][gc,phases   ] GC(962)   Pre Evacuate Collection Set: 0.6ms
[47.784s][info][gc,phases   ] GC(962)   Merge Heap Roots: 0.5ms
[47.786s][info][gc,phases   ] GC(962)   Evacuate Collection Set: 3.1ms
[47.787s][info][gc,phases   ] GC(962)   Post Evacuate Collection Set: 1.2ms
[47.788s][info][gc,phases   ] GC(962)   Other: 5.9ms
[47.789s][info][gc,heap     ] GC(962) Eden regions: 149->0(149)
[47.794s][info][gc,heap     ] GC(962) Survivor regions: 4->4(20)
[47.797s][info][gc,heap     ] GC(962) Old regions: 2->2
[47.799s][info][gc,heap     ] GC(962) Archive regions: 2->2
[47.799s][info][gc,heap     ] GC(962) Humongous regions: 0->0
[47.800s][info][gc,metaspace] GC(962) Metaspace: 615K(832K)->615K(832K) NonClass: 597K(704K)->597K(704K) Class: 17K(128K)->17K(128K)
[47.801s][info][gc          ] GC(962) Pause Young (Normal) (G1 Evacuation Pause) 155M->5M(256M) 32.325ms
[47.802s][info][gc,cpu      ] GC(962) User=0.01s Sys=0.01s Real=0.03s
[47.869s][info][gc,start    ] GC(963) Pause Young (Normal) (G1 Evacuation Pause)
[47.870s][info][gc,task     ] GC(963) Using 6 workers of 8 for evacuation
[47.878s][info][gc,phases   ] GC(963)   Pre Evacuate Collection Set: 0.3ms
[47.879s][info][gc,phases   ] GC(963)   Merge Heap Roots: 0.3ms
[47.879s][info][gc,phases   ] GC(963)   Evacuate Collection Set: 6.0ms
[47.880s][info][gc,phases   ] GC(963)   Post Evacuate Collection Set: 1.1ms
[47.880s][info][gc,phases   ] GC(963)   Other: 0.6ms
[47.881s][info][gc,heap     ] GC(963) Eden regions: 149->0(150)
[47.881s][info][gc,heap     ] GC(963) Survivor regions: 4->3(20)
[47.882s][info][gc,heap     ] GC(963) Old regions: 2->2
[47.882s][info][gc,heap     ] GC(963) Archive regions: 2->2
[47.882s][info][gc,heap     ] GC(963) Humongous regions: 0->0
[47.883s][info][gc,metaspace] GC(963) Metaspace: 615K(832K)->615K(832K) NonClass: 597K(704K)->597K(704K) Class: 17K(128K)->17K(128K)
[47.883s][info][gc          ] GC(963) Pause Young (Normal) (G1 Evacuation Pause) 154M->5M(256M) 14.040ms
[47.884s][info][gc,cpu      ] GC(963) User=0.02s Sys=0.00s Real=0.01s
[47.964s][info][gc,start    ] GC(964) Pause Young (Normal) (G1 Evacuation Pause)
[47.964s][info][gc,task     ] GC(964) Using 6 workers of 8 for evacuation
[47.969s][info][gc,phases   ] GC(964)   Pre Evacuate Collection Set: 0.5ms
[47.969s][info][gc,phases   ] GC(964)   Merge Heap Roots: 0.5ms
[47.970s][info][gc,phases   ] GC(964)   Evacuate Collection Set: 1.7ms
[47.970s][info][gc,phases   ] GC(964)   Post Evacuate Collection Set: 1.0ms
[47.971s][info][gc,phases   ] GC(964)   Other: 0.8ms
[47.972s][info][gc,heap     ] GC(964) Eden regions: 150->0(149)
[47.978s][info][gc,heap     ] GC(964) Survivor regions: 3->4(20)
[47.980s][info][gc,heap     ] GC(964) Old regions: 2->2
[47.982s][info][gc,heap     ] GC(964) Archive regions: 2->2
[47.986s][info][gc,heap     ] GC(964) Humongous regions: 0->0
[47.988s][info][gc,metaspace] GC(964) Metaspace: 615K(832K)->615K(832K) NonClass: 597K(704K)->597K(704K) Class: 17K(128K)->17K(128K)
[47.988s][info][gc          ] GC(964) Pause Young (Normal) (G1 Evacuation Pause) 155M->6M(256M) 24.624ms
[47.989s][info][gc,cpu      ] GC(964) User=0.01s Sys=0.00s Real=0.03s
[48.114s][info][gc,start    ] GC(965) Pause Young (Normal) (G1 Evacuation Pause)
[48.119s][info][gc,task     ] GC(965) Using 6 workers of 8 for evacuation
[48.124s][info][gc,phases   ] GC(965)   Pre Evacuate Collection Set: 0.2ms
[48.124s][info][gc,phases   ] GC(965)   Merge Heap Roots: 0.1ms
[48.125s][info][gc,phases   ] GC(965)   Evacuate Collection Set: 2.0ms
[48.126s][info][gc,phases   ] GC(965)   Post Evacuate Collection Set: 1.0ms
[48.127s][info][gc,phases   ] GC(965)   Other: 1.1ms
[48.127s][info][gc,heap     ] GC(965) Eden regions: 149->0(149)
[48.127s][info][gc,heap     ] GC(965) Survivor regions: 4->4(20)
[48.128s][info][gc,heap     ] GC(965) Old regions: 2->2
[48.128s][info][gc,heap     ] GC(965) Archive regions: 2->2
[48.129s][info][gc,heap     ] GC(965) Humongous regions: 0->0
[48.130s][info][gc,metaspace] GC(965) Metaspace: 615K(832K)->615K(832K) NonClass: 597K(704K)->597K(704K) Class: 17K(128K)->17K(128K)
[48.130s][info][gc          ] GC(965) Pause Young (Normal) (G1 Evacuation Pause) 155M->6M(256M) 16.326ms
[48.131s][info][gc,cpu      ] GC(965) User=0.01s Sys=0.00s Real=0.02s
[48.206s][info][gc,start    ] GC(966) Pause Young (Normal) (G1 Evacuation Pause)
[48.214s][info][gc,task     ] GC(966) Using 6 workers of 8 for evacuation
[48.222s][info][gc,phases   ] GC(966)   Pre Evacuate Collection Set: 1.1ms
[48.223s][info][gc,phases   ] GC(966)   Merge Heap Roots: 0.3ms
[48.224s][info][gc,phases   ] GC(966)   Evacuate Collection Set: 2.4ms
[48.224s][info][gc,phases   ] GC(966)   Post Evacuate Collection Set: 3.1ms
[48.226s][info][gc,phases   ] GC(966)   Other: 1.2ms
[48.228s][info][gc,heap     ] GC(966) Eden regions: 149->0(149)
[48.229s][info][gc,heap     ] GC(966) Survivor regions: 4->4(20)
[48.229s][info][gc,heap     ] GC(966) Old regions: 2->2
[48.230s][info][gc,heap     ] GC(966) Archive regions: 2->2
[48.230s][info][gc,heap     ] GC(966) Humongous regions: 0->0
[48.231s][info][gc,metaspace] GC(966) Metaspace: 615K(832K)->615K(832K) NonClass: 597K(704K)->597K(704K) Class: 17K(128K)->17K(128K)
[48.231s][info][gc          ] GC(966) Pause Young (Normal) (G1 Evacuation Pause) 155M->5M(256M) 25.503ms
[48.231s][info][gc,cpu      ] GC(966) User=0.01s Sys=0.00s Real=0.03s
[48.286s][info][gc,start    ] GC(967) Pause Young (Normal) (G1 Evacuation Pause)
[48.286s][info][gc,task     ] GC(967) Using 6 workers of 8 for evacuation
[48.290s][info][gc,phases   ] GC(967)   Pre Evacuate Collection Set: 0.3ms
[48.290s][info][gc,phases   ] GC(967)   Merge Heap Roots: 0.2ms
[48.290s][info][gc,phases   ] GC(967)   Evacuate Collection Set: 1.1ms
[48.291s][info][gc,phases   ] GC(967)   Post Evacuate Collection Set: 1.2ms
[48.291s][info][gc,phases   ] GC(967)   Other: 0.6ms
[48.292s][info][gc,heap     ] GC(967) Eden regions: 149->0(150)
[48.293s][info][gc,heap     ] GC(967) Survivor regions: 4->3(20)
[48.294s][info][gc,heap     ] GC(967) Old regions: 2->2
[48.295s][info][gc,heap     ] GC(967) Archive regions: 2->2
[48.296s][info][gc,heap     ] GC(967) Humongous regions: 0->0
[48.297s][info][gc,metaspace] GC(967) Metaspace: 615K(832K)->615K(832K) NonClass: 597K(704K)->597K(704K) Class: 17K(128K)->17K(128K)
[48.298s][info][gc          ] GC(967) Pause Young (Normal) (G1 Evacuation Pause) 154M->5M(256M) 11.916ms
[48.298s][info][gc,cpu      ] GC(967) User=0.01s Sys=0.00s Real=0.02s
[48.362s][info][gc,start    ] GC(968) Pause Young (Normal) (G1 Evacuation Pause)
[48.364s][info][gc,task     ] GC(968) Using 6 workers of 8 for evacuation
[48.368s][info][gc,phases   ] GC(968)   Pre Evacuate Collection Set: 0.3ms
[48.369s][info][gc,phases   ] GC(968)   Merge Heap Roots: 0.2ms
[48.369s][info][gc,phases   ] GC(968)   Evacuate Collection Set: 1.6ms
[48.369s][info][gc,phases   ] GC(968)   Post Evacuate Collection Set: 1.1ms
[48.370s][info][gc,phases   ] GC(968)   Other: 1.0ms
[48.371s][info][gc,heap     ] GC(968) Eden regions: 150->0(149)
[48.371s][info][gc,heap     ] GC(968) Survivor regions: 3->4(20)
[48.371s][info][gc,heap     ] GC(968) Old regions: 2->2
[48.372s][info][gc,heap     ] GC(968) Archive regions: 2->2
[48.374s][info][gc,heap     ] GC(968) Humongous regions: 0->0
[48.375s][info][gc,metaspace] GC(968) Metaspace: 615K(832K)->615K(832K) NonClass: 597K(704K)->597K(704K) Class: 17K(128K)->17K(128K)
[48.378s][info][gc          ] GC(968) Pause Young (Normal) (G1 Evacuation Pause) 155M->6M(256M) 15.746ms
[48.380s][info][gc,cpu      ] GC(968) User=0.01s Sys=0.01s Real=0.02s
[48.459s][info][gc,start    ] GC(969) Pause Young (Normal) (G1 Evacuation Pause)
[48.459s][info][gc,task     ] GC(969) Using 6 workers of 8 for evacuation
[48.466s][info][gc,phases   ] GC(969)   Pre Evacuate Collection Set: 0.4ms
[48.466s][info][gc,phases   ] GC(969)   Merge Heap Roots: 0.3ms
[48.466s][info][gc,phases   ] GC(969)   Evacuate Collection Set: 1.3ms
[48.467s][info][gc,phases   ] GC(969)   Post Evacuate Collection Set: 1.0ms
[48.467s][info][gc,phases   ] GC(969)   Other: 3.6ms
[48.467s][info][gc,heap     ] GC(969) Eden regions: 149->0(149)
[48.468s][info][gc,heap     ] GC(969) Survivor regions: 4->4(20)
[48.468s][info][gc,heap     ] GC(969) Old regions: 2->2
[48.468s][info][gc,heap     ] GC(969) Archive regions: 2->2
[48.469s][info][gc,heap     ] GC(969) Humongous regions: 0->0
[48.469s][info][gc,metaspace] GC(969) Metaspace: 615K(832K)->615K(832K) NonClass: 597K(704K)->597K(704K) Class: 17K(128K)->17K(128K)
[48.470s][info][gc          ] GC(969) Pause Young (Normal) (G1 Evacuation Pause) 155M->5M(256M) 10.909ms
[48.470s][info][gc,cpu      ] GC(969) User=0.01s Sys=0.00s Real=0.01s
[48.564s][info][gc,start    ] GC(970) Pause Young (Normal) (G1 Evacuation Pause)
[48.565s][info][gc,task     ] GC(970) Using 6 workers of 8 for evacuation
[48.570s][info][gc,phases   ] GC(970)   Pre Evacuate Collection Set: 0.4ms
[48.571s][info][gc,phases   ] GC(970)   Merge Heap Roots: 0.3ms
[48.572s][info][gc,phases   ] GC(970)   Evacuate Collection Set: 2.5ms
[48.572s][info][gc,phases   ] GC(970)   Post Evacuate Collection Set: 1.0ms
[48.573s][info][gc,phases   ] GC(970)   Other: 0.6ms
[48.573s][info][gc,heap     ] GC(970) Eden regions: 149->0(149)
[48.574s][info][gc,heap     ] GC(970) Survivor regions: 4->4(20)
[48.574s][info][gc,heap     ] GC(970) Old regions: 2->2
[48.575s][info][gc,heap     ] GC(970) Archive regions: 2->2
[48.579s][info][gc,heap     ] GC(970) Humongous regions: 0->0
[48.580s][info][gc,metaspace] GC(970) Metaspace: 615K(832K)->615K(832K) NonClass: 597K(704K)->597K(704K) Class: 17K(128K)->17K(128K)
[48.581s][info][gc          ] GC(970) Pause Young (Normal) (G1 Evacuation Pause) 154M->5M(256M) 16.608ms
[48.581s][info][gc,cpu      ] GC(970) User=0.01s Sys=0.01s Real=0.02s
[48.639s][info][gc,start    ] GC(971) Pause Young (Normal) (G1 Evacuation Pause)
[48.641s][info][gc,task     ] GC(971) Using 6 workers of 8 for evacuation
[48.647s][info][gc,phases   ] GC(971)   Pre Evacuate Collection Set: 0.4ms
[48.648s][info][gc,phases   ] GC(971)   Merge Heap Roots: 0.3ms
[48.649s][info][gc,phases   ] GC(971)   Evacuate Collection Set: 3.1ms
[48.649s][info][gc,phases   ] GC(971)   Post Evacuate Collection Set: 1.9ms
[48.649s][info][gc,phases   ] GC(971)   Other: 0.7ms
[48.650s][info][gc,heap     ] GC(971) Eden regions: 149->0(150)
[48.650s][info][gc,heap     ] GC(971) Survivor regions: 4->3(20)
[48.651s][info][gc,heap     ] GC(971) Old regions: 2->2
[48.651s][info][gc,heap     ] GC(971) Archive regions: 2->2
[48.652s][info][gc,heap     ] GC(971) Humongous regions: 0->0
[48.652s][info][gc,metaspace] GC(971) Metaspace: 615K(832K)->615K(832K) NonClass: 597K(704K)->597K(704K) Class: 17K(128K)->17K(128K)
[48.652s][info][gc          ] GC(971) Pause Young (Normal) (G1 Evacuation Pause) 154M->5M(256M) 13.922ms
[48.653s][info][gc,cpu      ] GC(971) User=0.01s Sys=0.02s Real=0.01s
[48.720s][info][gc,start    ] GC(972) Pause Young (Normal) (G1 Evacuation Pause)
[48.722s][info][gc,task     ] GC(972) Using 6 workers of 8 for evacuation
[48.735s][info][gc,phases   ] GC(972)   Pre Evacuate Collection Set: 0.6ms
[48.735s][info][gc,phases   ] GC(972)   Merge Heap Roots: 0.6ms
[48.736s][info][gc,phases   ] GC(972)   Evacuate Collection Set: 6.6ms
[48.736s][info][gc,phases   ] GC(972)   Post Evacuate Collection Set: 1.5ms
[48.737s][info][gc,phases   ] GC(972)   Other: 3.8ms
[48.737s][info][gc,heap     ] GC(972) Eden regions: 150->0(149)
[48.737s][info][gc,heap     ] GC(972) Survivor regions: 3->4(20)
[48.738s][info][gc,heap     ] GC(972) Old regions: 2->2
[48.738s][info][gc,heap     ] GC(972) Archive regions: 2->2
[48.739s][info][gc,heap     ] GC(972) Humongous regions: 0->0
[48.739s][info][gc,metaspace] GC(972) Metaspace: 615K(832K)->615K(832K) NonClass: 597K(704K)->597K(704K) Class: 17K(128K)->17K(128K)
[48.739s][info][gc          ] GC(972) Pause Young (Normal) (G1 Evacuation Pause) 155M->6M(256M) 19.579ms
[48.740s][info][gc,cpu      ] GC(972) User=0.01s Sys=0.01s Real=0.02s
[48.806s][info][gc,start    ] GC(973) Pause Young (Normal) (G1 Evacuation Pause)
[48.808s][info][gc,task     ] GC(973) Using 6 workers of 8 for evacuation
[48.816s][info][gc,phases   ] GC(973)   Pre Evacuate Collection Set: 0.8ms
[48.817s][info][gc,phases   ] GC(973)   Merge Heap Roots: 1.0ms
[48.817s][info][gc,phases   ] GC(973)   Evacuate Collection Set: 3.6ms
[48.818s][info][gc,phases   ] GC(973)   Post Evacuate Collection Set: 1.9ms
[48.818s][info][gc,phases   ] GC(973)   Other: 1.1ms
[48.819s][info][gc,heap     ] GC(973) Eden regions: 149->0(149)
[48.819s][info][gc,heap     ] GC(973) Survivor regions: 4->4(20)
[48.819s][info][gc,heap     ] GC(973) Old regions: 2->2
[48.820s][info][gc,heap     ] GC(973) Archive regions: 2->2
[48.820s][info][gc,heap     ] GC(973) Humongous regions: 0->0
[48.820s][info][gc,metaspace] GC(973) Metaspace: 615K(832K)->615K(832K) NonClass: 597K(704K)->597K(704K) Class: 17K(128K)->17K(128K)
[48.821s][info][gc          ] GC(973) Pause Young (Normal) (G1 Evacuation Pause) 155M->5M(256M) 14.620ms
[48.821s][info][gc,cpu      ] GC(973) User=0.01s Sys=0.00s Real=0.02s
[48.889s][info][gc,start    ] GC(974) Pause Young (Normal) (G1 Evacuation Pause)
[48.890s][info][gc,task     ] GC(974) Using 6 workers of 8 for evacuation
[48.895s][info][gc,phases   ] GC(974)   Pre Evacuate Collection Set: 0.4ms
[48.896s][info][gc,phases   ] GC(974)   Merge Heap Roots: 0.3ms
[48.897s][info][gc,phases   ] GC(974)   Evacuate Collection Set: 1.6ms
[48.898s][info][gc,phases   ] GC(974)   Post Evacuate Collection Set: 2.1ms
[48.899s][info][gc,phases   ] GC(974)   Other: 0.7ms
[48.899s][info][gc,heap     ] GC(974) Eden regions: 149->0(150)
[48.900s][info][gc,heap     ] GC(974) Survivor regions: 4->3(20)
[48.900s][info][gc,heap     ] GC(974) Old regions: 2->2
[48.900s][info][gc,heap     ] GC(974) Archive regions: 2->2
[48.901s][info][gc,heap     ] GC(974) Humongous regions: 0->0
[48.901s][info][gc,metaspace] GC(974) Metaspace: 615K(832K)->615K(832K) NonClass: 597K(704K)->597K(704K) Class: 17K(128K)->17K(128K)
[48.902s][info][gc          ] GC(974) Pause Young (Normal) (G1 Evacuation Pause) 154M->5M(256M) 12.574ms
[48.902s][info][gc,cpu      ] GC(974) User=0.01s Sys=0.00s Real=0.01s
[48.968s][info][gc,start    ] GC(975) Pause Young (Normal) (G1 Evacuation Pause)
[48.968s][info][gc,task     ] GC(975) Using 6 workers of 8 for evacuation
[48.973s][info][gc,phases   ] GC(975)   Pre Evacuate Collection Set: 0.3ms
[48.974s][info][gc,phases   ] GC(975)   Merge Heap Roots: 0.4ms
[48.975s][info][gc,phases   ] GC(975)   Evacuate Collection Set: 2.5ms
[48.976s][info][gc,phases   ] GC(975)   Post Evacuate Collection Set: 1.0ms
[48.977s][info][gc,phases   ] GC(975)   Other: 0.6ms
[48.979s][info][gc,heap     ] GC(975) Eden regions: 150->0(149)
[48.980s][info][gc,heap     ] GC(975) Survivor regions: 3->4(20)
[48.981s][info][gc,heap     ] GC(975) Old regions: 2->2
[48.981s][info][gc,heap     ] GC(975) Archive regions: 2->2
[48.982s][info][gc,heap     ] GC(975) Humongous regions: 0->0
[48.982s][info][gc,metaspace] GC(975) Metaspace: 615K(832K)->615K(832K) NonClass: 597K(704K)->597K(704K) Class: 17K(128K)->17K(128K)
[48.983s][info][gc          ] GC(975) Pause Young (Normal) (G1 Evacuation Pause) 155M->6M(256M) 15.071ms
[48.983s][info][gc,cpu      ] GC(975) User=0.01s Sys=0.00s Real=0.01s
[49.048s][info][gc,start    ] GC(976) Pause Young (Normal) (G1 Evacuation Pause)
[49.050s][info][gc,task     ] GC(976) Using 6 workers of 8 for evacuation
[49.054s][info][gc,phases   ] GC(976)   Pre Evacuate Collection Set: 0.5ms
[49.054s][info][gc,phases   ] GC(976)   Merge Heap Roots: 0.3ms
[49.055s][info][gc,phases   ] GC(976)   Evacuate Collection Set: 1.5ms
[49.057s][info][gc,phases   ] GC(976)   Post Evacuate Collection Set: 1.1ms
[49.058s][info][gc,phases   ] GC(976)   Other: 0.6ms
[49.059s][info][gc,heap     ] GC(976) Eden regions: 149->0(149)
[49.060s][info][gc,heap     ] GC(976) Survivor regions: 4->4(20)
[49.062s][info][gc,heap     ] GC(976) Old regions: 2->2
[49.065s][info][gc,heap     ] GC(976) Archive regions: 2->2
[49.065s][info][gc,heap     ] GC(976) Humongous regions: 0->0
[49.066s][info][gc,metaspace] GC(976) Metaspace: 615K(832K)->615K(832K) NonClass: 597K(704K)->597K(704K) Class: 17K(128K)->17K(128K)
[49.066s][info][gc          ] GC(976) Pause Young (Normal) (G1 Evacuation Pause) 155M->5M(256M) 18.411ms
[49.067s][info][gc,cpu      ] GC(976) User=0.01s Sys=0.00s Real=0.02s
[49.125s][info][gc,start    ] GC(977) Pause Young (Normal) (G1 Evacuation Pause)
[49.126s][info][gc,task     ] GC(977) Using 6 workers of 8 for evacuation
[49.132s][info][gc,phases   ] GC(977)   Pre Evacuate Collection Set: 0.5ms
[49.133s][info][gc,phases   ] GC(977)   Merge Heap Roots: 0.3ms
[49.134s][info][gc,phases   ] GC(977)   Evacuate Collection Set: 3.0ms
[49.134s][info][gc,phases   ] GC(977)   Post Evacuate Collection Set: 1.4ms
[49.135s][info][gc,phases   ] GC(977)   Other: 0.9ms
[49.136s][info][gc,heap     ] GC(977) Eden regions: 149->0(150)
[49.136s][info][gc,heap     ] GC(977) Survivor regions: 4->3(20)
[49.136s][info][gc,heap     ] GC(977) Old regions: 2->2
[49.137s][info][gc,heap     ] GC(977) Archive regions: 2->2
[49.137s][info][gc,heap     ] GC(977) Humongous regions: 0->0
[49.138s][info][gc,metaspace] GC(977) Metaspace: 615K(832K)->615K(832K) NonClass: 597K(704K)->597K(704K) Class: 17K(128K)->17K(128K)
[49.139s][info][gc          ] GC(977) Pause Young (Normal) (G1 Evacuation Pause) 154M->5M(256M) 13.695ms
[49.139s][info][gc,cpu      ] GC(977) User=0.01s Sys=0.00s Real=0.02s
[49.229s][info][gc,start    ] GC(978) Pause Young (Normal) (G1 Evacuation Pause)
[49.232s][info][gc,task     ] GC(978) Using 6 workers of 8 for evacuation
[49.242s][info][gc,phases   ] GC(978)   Pre Evacuate Collection Set: 1.0ms
[49.251s][info][gc,phases   ] GC(978)   Merge Heap Roots: 3.2ms
[49.253s][info][gc,phases   ] GC(978)   Evacuate Collection Set: 3.3ms
[49.254s][info][gc,phases   ] GC(978)   Post Evacuate Collection Set: 1.0ms
[49.255s][info][gc,phases   ] GC(978)   Other: 1.3ms
[49.256s][info][gc,heap     ] GC(978) Eden regions: 150->0(149)
[49.257s][info][gc,heap     ] GC(978) Survivor regions: 3->4(20)
[49.257s][info][gc,heap     ] GC(978) Old regions: 2->2
[49.258s][info][gc,heap     ] GC(978) Archive regions: 2->2
[49.259s][info][gc,heap     ] GC(978) Humongous regions: 0->0
[49.261s][info][gc,metaspace] GC(978) Metaspace: 615K(832K)->615K(832K) NonClass: 597K(704K)->597K(704K) Class: 17K(128K)->17K(128K)
[49.262s][info][gc          ] GC(978) Pause Young (Normal) (G1 Evacuation Pause) 155M->6M(256M) 33.586ms
[49.264s][info][gc,cpu      ] GC(978) User=0.01s Sys=0.01s Real=0.03s
[49.355s][info][gc,start    ] GC(979) Pause Young (Normal) (G1 Evacuation Pause)
[49.358s][info][gc,task     ] GC(979) Using 6 workers of 8 for evacuation
[49.365s][info][gc,phases   ] GC(979)   Pre Evacuate Collection Set: 0.6ms
[49.367s][info][gc,phases   ] GC(979)   Merge Heap Roots: 0.4ms
[49.367s][info][gc,phases   ] GC(979)   Evacuate Collection Set: 3.2ms
[49.368s][info][gc,phases   ] GC(979)   Post Evacuate Collection Set: 1.0ms
[49.369s][info][gc,phases   ] GC(979)   Other: 1.4ms
[49.375s][info][gc,heap     ] GC(979) Eden regions: 149->0(149)
[49.379s][info][gc,heap     ] GC(979) Survivor regions: 4->4(20)
[49.381s][info][gc,heap     ] GC(979) Old regions: 2->2
[49.384s][info][gc,heap     ] GC(979) Archive regions: 2->2
[49.385s][info][gc,heap     ] GC(979) Humongous regions: 0->0
[49.387s][info][gc,metaspace] GC(979) Metaspace: 615K(832K)->615K(832K) NonClass: 597K(704K)->597K(704K) Class: 17K(128K)->17K(128K)
[49.390s][info][gc          ] GC(979) Pause Young (Normal) (G1 Evacuation Pause) 155M->6M(256M) 34.937ms
[49.393s][info][gc,cpu      ] GC(979) User=0.02s Sys=0.00s Real=0.04s
[49.465s][info][gc,start    ] GC(980) Pause Young (Normal) (G1 Evacuation Pause)
[49.466s][info][gc,task     ] GC(980) Using 6 workers of 8 for evacuation
[49.478s][info][gc,phases   ] GC(980)   Pre Evacuate Collection Set: 0.3ms
[49.479s][info][gc,phases   ] GC(980)   Merge Heap Roots: 0.3ms
[49.480s][info][gc,phases   ] GC(980)   Evacuate Collection Set: 7.1ms
[49.480s][info][gc,phases   ] GC(980)   Post Evacuate Collection Set: 2.9ms
[49.481s][info][gc,phases   ] GC(980)   Other: 0.9ms
[49.481s][info][gc,heap     ] GC(980) Eden regions: 149->0(149)
[49.482s][info][gc,heap     ] GC(980) Survivor regions: 4->4(20)
[49.482s][info][gc,heap     ] GC(980) Old regions: 2->2
[49.483s][info][gc,heap     ] GC(980) Archive regions: 2->2
[49.483s][info][gc,heap     ] GC(980) Humongous regions: 0->0
[49.484s][info][gc,metaspace] GC(980) Metaspace: 615K(832K)->615K(832K) NonClass: 597K(704K)->597K(704K) Class: 17K(128K)->17K(128K)
[49.485s][info][gc          ] GC(980) Pause Young (Normal) (G1 Evacuation Pause) 155M->5M(256M) 19.223ms
[49.485s][info][gc,cpu      ] GC(980) User=0.00s Sys=0.01s Real=0.02s
[49.581s][info][gc,start    ] GC(981) Pause Young (Normal) (G1 Evacuation Pause)
[49.582s][info][gc,task     ] GC(981) Using 6 workers of 8 for evacuation
[49.597s][info][gc,phases   ] GC(981)   Pre Evacuate Collection Set: 1.0ms
[49.597s][info][gc,phases   ] GC(981)   Merge Heap Roots: 0.5ms
[49.598s][info][gc,phases   ] GC(981)   Evacuate Collection Set: 4.4ms
[49.599s][info][gc,phases   ] GC(981)   Post Evacuate Collection Set: 6.4ms
[49.600s][info][gc,phases   ] GC(981)   Other: 2.1ms
[49.600s][info][gc,heap     ] GC(981) Eden regions: 149->0(150)
[49.601s][info][gc,heap     ] GC(981) Survivor regions: 4->3(20)
[49.601s][info][gc,heap     ] GC(981) Old regions: 2->2
[49.601s][info][gc,heap     ] GC(981) Archive regions: 2->2
[49.602s][info][gc,heap     ] GC(981) Humongous regions: 0->0
[49.602s][info][gc,metaspace] GC(981) Metaspace: 615K(832K)->615K(832K) NonClass: 597K(704K)->597K(704K) Class: 17K(128K)->17K(128K)
[49.603s][info][gc          ] GC(981) Pause Young (Normal) (G1 Evacuation Pause) 154M->5M(256M) 21.368ms
[49.603s][info][gc,cpu      ] GC(981) User=0.00s Sys=0.01s Real=0.02s
[49.679s][info][gc,start    ] GC(982) Pause Young (Normal) (G1 Evacuation Pause)
[49.680s][info][gc,task     ] GC(982) Using 6 workers of 8 for evacuation
[49.690s][info][gc,phases   ] GC(982)   Pre Evacuate Collection Set: 0.4ms
[49.691s][info][gc,phases   ] GC(982)   Merge Heap Roots: 0.3ms
[49.691s][info][gc,phases   ] GC(982)   Evacuate Collection Set: 7.3ms
[49.691s][info][gc,phases   ] GC(982)   Post Evacuate Collection Set: 1.0ms
[49.692s][info][gc,phases   ] GC(982)   Other: 1.2ms
[49.697s][info][gc,heap     ] GC(982) Eden regions: 150->0(149)
[49.698s][info][gc,heap     ] GC(982) Survivor regions: 3->4(20)
[49.699s][info][gc,heap     ] GC(982) Old regions: 2->2
[49.701s][info][gc,heap     ] GC(982) Archive regions: 2->2
[49.703s][info][gc,heap     ] GC(982) Humongous regions: 0->0
[49.703s][info][gc,metaspace] GC(982) Metaspace: 615K(832K)->615K(832K) NonClass: 597K(704K)->597K(704K) Class: 17K(128K)->17K(128K)
[49.704s][info][gc          ] GC(982) Pause Young (Normal) (G1 Evacuation Pause) 155M->6M(256M) 25.235ms
[49.704s][info][gc,cpu      ] GC(982) User=0.03s Sys=0.00s Real=0.02s
[49.771s][info][gc,start    ] GC(983) Pause Young (Normal) (G1 Evacuation Pause)
[49.772s][info][gc,task     ] GC(983) Using 6 workers of 8 for evacuation
[49.785s][info][gc,phases   ] GC(983)   Pre Evacuate Collection Set: 0.4ms
[49.786s][info][gc,phases   ] GC(983)   Merge Heap Roots: 0.3ms
[49.787s][info][gc,phases   ] GC(983)   Evacuate Collection Set: 10.6ms
[49.788s][info][gc,phases   ] GC(983)   Post Evacuate Collection Set: 0.9ms
[49.788s][info][gc,phases   ] GC(983)   Other: 0.7ms
[49.789s][info][gc,heap     ] GC(983) Eden regions: 149->0(149)
[49.793s][info][gc,heap     ] GC(983) Survivor regions: 4->4(20)
[49.794s][info][gc,heap     ] GC(983) Old regions: 2->2
[49.797s][info][gc,heap     ] GC(983) Archive regions: 2->2
[49.799s][info][gc,heap     ] GC(983) Humongous regions: 0->0
[49.799s][info][gc,metaspace] GC(983) Metaspace: 615K(832K)->615K(832K) NonClass: 597K(704K)->597K(704K) Class: 17K(128K)->17K(128K)
[49.800s][info][gc          ] GC(983) Pause Young (Normal) (G1 Evacuation Pause) 155M->5M(256M) 28.893ms
[49.801s][info][gc,cpu      ] GC(983) User=0.03s Sys=0.00s Real=0.03s
[49.895s][info][gc,start    ] GC(984) Pause Young (Normal) (G1 Evacuation Pause)
[49.897s][info][gc,task     ] GC(984) Using 6 workers of 8 for evacuation
[49.901s][info][gc,phases   ] GC(984)   Pre Evacuate Collection Set: 0.5ms
[49.901s][info][gc,phases   ] GC(984)   Merge Heap Roots: 0.4ms
[49.902s][info][gc,phases   ] GC(984)   Evacuate Collection Set: 1.5ms
[49.903s][info][gc,phases   ] GC(984)   Post Evacuate Collection Set: 0.9ms
[49.903s][info][gc,phases   ] GC(984)   Other: 0.7ms
[49.904s][info][gc,heap     ] GC(984) Eden regions: 149->0(149)
[49.904s][info][gc,heap     ] GC(984) Survivor regions: 4->4(20)
[49.905s][info][gc,heap     ] GC(984) Old regions: 2->2
[49.905s][info][gc,heap     ] GC(984) Archive regions: 2->2
[49.906s][info][gc,heap     ] GC(984) Humongous regions: 0->0
[49.907s][info][gc,metaspace] GC(984) Metaspace: 615K(832K)->615K(832K) NonClass: 597K(704K)->597K(704K) Class: 17K(128K)->17K(128K)
[49.908s][info][gc          ] GC(984) Pause Young (Normal) (G1 Evacuation Pause) 154M->5M(256M) 12.898ms
[49.909s][info][gc,cpu      ] GC(984) User=0.01s Sys=0.01s Real=0.02s
[50.000s][info][gc,start    ] GC(985) Pause Young (Normal) (G1 Evacuation Pause)
[50.001s][info][gc,task     ] GC(985) Using 6 workers of 8 for evacuation
[50.012s][info][gc,phases   ] GC(985)   Pre Evacuate Collection Set: 1.0ms
[50.013s][info][gc,phases   ] GC(985)   Merge Heap Roots: 0.4ms
[50.014s][info][gc,phases   ] GC(985)   Evacuate Collection Set: 1.8ms
[50.014s][info][gc,phases   ] GC(985)   Post Evacuate Collection Set: 7.0ms
[50.015s][info][gc,phases   ] GC(985)   Other: 0.8ms
[50.016s][info][gc,heap     ] GC(985) Eden regions: 149->0(150)
[50.016s][info][gc,heap     ] GC(985) Survivor regions: 4->3(20)
[50.017s][info][gc,heap     ] GC(985) Old regions: 2->2
[50.017s][info][gc,heap     ] GC(985) Archive regions: 2->2
[50.017s][info][gc,heap     ] GC(985) Humongous regions: 0->0
[50.018s][info][gc,metaspace] GC(985) Metaspace: 615K(832K)->615K(832K) NonClass: 597K(704K)->597K(704K) Class: 17K(128K)->17K(128K)
[50.018s][info][gc          ] GC(985) Pause Young (Normal) (G1 Evacuation Pause) 154M->5M(256M) 18.599ms
[50.019s][info][gc,cpu      ] GC(985) User=0.00s Sys=0.01s Real=0.02s
[50.086s][info][gc,start    ] GC(986) Pause Young (Normal) (G1 Evacuation Pause)
[50.086s][info][gc,task     ] GC(986) Using 6 workers of 8 for evacuation
[50.091s][info][gc,phases   ] GC(986)   Pre Evacuate Collection Set: 0.3ms
[50.092s][info][gc,phases   ] GC(986)   Merge Heap Roots: 0.3ms
[50.093s][info][gc,phases   ] GC(986)   Evacuate Collection Set: 1.5ms
[50.093s][info][gc,phases   ] GC(986)   Post Evacuate Collection Set: 1.5ms
[50.094s][info][gc,phases   ] GC(986)   Other: 0.6ms
[50.095s][info][gc,heap     ] GC(986) Eden regions: 150->0(149)
[50.095s][info][gc,heap     ] GC(986) Survivor regions: 3->4(20)
[50.096s][info][gc,heap     ] GC(986) Old regions: 2->2
[50.096s][info][gc,heap     ] GC(986) Archive regions: 2->2
[50.096s][info][gc,heap     ] GC(986) Humongous regions: 0->0
[50.097s][info][gc,metaspace] GC(986) Metaspace: 615K(832K)->615K(832K) NonClass: 597K(704K)->597K(704K) Class: 17K(128K)->17K(128K)
[50.097s][info][gc          ] GC(986) Pause Young (Normal) (G1 Evacuation Pause) 155M->6M(256M) 11.438ms
[50.098s][info][gc,cpu      ] GC(986) User=0.01s Sys=0.00s Real=0.02s
[50.155s][info][gc,start    ] GC(987) Pause Young (Normal) (G1 Evacuation Pause)
[50.156s][info][gc,task     ] GC(987) Using 6 workers of 8 for evacuation
[50.163s][info][gc,phases   ] GC(987)   Pre Evacuate Collection Set: 2.6ms
[50.164s][info][gc,phases   ] GC(987)   Merge Heap Roots: 0.3ms
[50.165s][info][gc,phases   ] GC(987)   Evacuate Collection Set: 2.0ms
[50.165s][info][gc,phases   ] GC(987)   Post Evacuate Collection Set: 1.1ms
[50.166s][info][gc,phases   ] GC(987)   Other: 1.4ms
[50.166s][info][gc,heap     ] GC(987) Eden regions: 149->0(149)
[50.167s][info][gc,heap     ] GC(987) Survivor regions: 4->4(20)
[50.168s][info][gc,heap     ] GC(987) Old regions: 2->2
[50.168s][info][gc,heap     ] GC(987) Archive regions: 2->2
[50.169s][info][gc,heap     ] GC(987) Humongous regions: 0->0
[50.169s][info][gc,metaspace] GC(987) Metaspace: 615K(832K)->615K(832K) NonClass: 597K(704K)->597K(704K) Class: 17K(128K)->17K(128K)
[50.170s][info][gc          ] GC(987) Pause Young (Normal) (G1 Evacuation Pause) 155M->5M(256M) 14.375ms
[50.170s][info][gc,cpu      ] GC(987) User=0.02s Sys=0.00s Real=0.02s
[50.245s][info][gc,start    ] GC(988) Pause Young (Normal) (G1 Evacuation Pause)
[50.246s][info][gc,task     ] GC(988) Using 6 workers of 8 for evacuation
[50.275s][info][gc,phases   ] GC(988)   Pre Evacuate Collection Set: 1.0ms
[50.280s][info][gc,phases   ] GC(988)   Merge Heap Roots: 0.6ms
[50.281s][info][gc,phases   ] GC(988)   Evacuate Collection Set: 12.1ms
[50.281s][info][gc,phases   ] GC(988)   Post Evacuate Collection Set: 14.5ms
[50.282s][info][gc,phases   ] GC(988)   Other: 1.2ms
[50.282s][info][gc,heap     ] GC(988) Eden regions: 149->0(150)
[50.282s][info][gc,heap     ] GC(988) Survivor regions: 4->3(20)
[50.284s][info][gc,heap     ] GC(988) Old regions: 2->2
[50.285s][info][gc,heap     ] GC(988) Archive regions: 2->2
[50.285s][info][gc,heap     ] GC(988) Humongous regions: 0->0
[50.286s][info][gc,metaspace] GC(988) Metaspace: 615K(832K)->615K(832K) NonClass: 597K(704K)->597K(704K) Class: 17K(128K)->17K(128K)
[50.288s][info][gc          ] GC(988) Pause Young (Normal) (G1 Evacuation Pause) 154M->5M(256M) 43.130ms
[50.288s][info][gc,cpu      ] GC(988) User=0.02s Sys=0.01s Real=0.05s
[50.370s][info][gc,start    ] GC(989) Pause Young (Normal) (G1 Evacuation Pause)
[50.373s][info][gc,task     ] GC(989) Using 6 workers of 8 for evacuation
[50.402s][info][gc,phases   ] GC(989)   Pre Evacuate Collection Set: 0.8ms
[50.402s][info][gc,phases   ] GC(989)   Merge Heap Roots: 0.5ms
[50.403s][info][gc,phases   ] GC(989)   Evacuate Collection Set: 7.3ms
[50.403s][info][gc,phases   ] GC(989)   Post Evacuate Collection Set: 4.2ms
[50.404s][info][gc,phases   ] GC(989)   Other: 16.0ms
[50.404s][info][gc,heap     ] GC(989) Eden regions: 150->0(149)
[50.405s][info][gc,heap     ] GC(989) Survivor regions: 3->4(20)
[50.411s][info][gc,heap     ] GC(989) Old regions: 2->2
[50.411s][info][gc,heap     ] GC(989) Archive regions: 2->2
[50.412s][info][gc,heap     ] GC(989) Humongous regions: 0->0
[50.412s][info][gc,metaspace] GC(989) Metaspace: 615K(832K)->615K(832K) NonClass: 597K(704K)->597K(704K) Class: 17K(128K)->17K(128K)
[50.413s][info][gc          ] GC(989) Pause Young (Normal) (G1 Evacuation Pause) 155M->6M(256M) 42.694ms
[50.413s][info][gc,cpu      ] GC(989) User=0.01s Sys=0.02s Real=0.04s
[50.514s][info][gc,start    ] GC(990) Pause Young (Normal) (G1 Evacuation Pause)
[50.515s][info][gc,task     ] GC(990) Using 6 workers of 8 for evacuation
[50.519s][info][gc,phases   ] GC(990)   Pre Evacuate Collection Set: 0.3ms
[50.528s][info][gc,phases   ] GC(990)   Merge Heap Roots: 0.3ms
[50.529s][info][gc,phases   ] GC(990)   Evacuate Collection Set: 2.1ms
[50.531s][info][gc,phases   ] GC(990)   Post Evacuate Collection Set: 1.3ms
[50.531s][info][gc,phases   ] GC(990)   Other: 0.6ms
[50.532s][info][gc,heap     ] GC(990) Eden regions: 149->0(149)
[50.532s][info][gc,heap     ] GC(990) Survivor regions: 4->4(20)
[50.533s][info][gc,heap     ] GC(990) Old regions: 2->2
[50.533s][info][gc,heap     ] GC(990) Archive regions: 2->2
[50.533s][info][gc,heap     ] GC(990) Humongous regions: 0->0
[50.534s][info][gc,metaspace] GC(990) Metaspace: 615K(832K)->615K(832K) NonClass: 597K(704K)->597K(704K) Class: 17K(128K)->17K(128K)
[50.536s][info][gc          ] GC(990) Pause Young (Normal) (G1 Evacuation Pause) 155M->5M(256M) 21.958ms
[50.537s][info][gc,cpu      ] GC(990) User=0.01s Sys=0.00s Real=0.03s
[50.620s][info][gc,start    ] GC(991) Pause Young (Normal) (G1 Evacuation Pause)
[50.621s][info][gc,task     ] GC(991) Using 6 workers of 8 for evacuation
[50.633s][info][gc,phases   ] GC(991)   Pre Evacuate Collection Set: 0.3ms
[50.634s][info][gc,phases   ] GC(991)   Merge Heap Roots: 0.6ms
[50.634s][info][gc,phases   ] GC(991)   Evacuate Collection Set: 9.1ms
[50.634s][info][gc,phases   ] GC(991)   Post Evacuate Collection Set: 1.2ms
[50.635s][info][gc,phases   ] GC(991)   Other: 0.7ms
[50.635s][info][gc,heap     ] GC(991) Eden regions: 149->0(150)
[50.636s][info][gc,heap     ] GC(991) Survivor regions: 4->3(20)
[50.636s][info][gc,heap     ] GC(991) Old regions: 2->2
[50.637s][info][gc,heap     ] GC(991) Archive regions: 2->2
[50.637s][info][gc,heap     ] GC(991) Humongous regions: 0->0
[50.638s][info][gc,metaspace] GC(991) Metaspace: 615K(832K)->615K(832K) NonClass: 597K(704K)->597K(704K) Class: 17K(128K)->17K(128K)
[50.638s][info][gc          ] GC(991) Pause Young (Normal) (G1 Evacuation Pause) 154M->5M(256M) 17.855ms
[50.646s][info][gc,cpu      ] GC(991) User=0.02s Sys=0.01s Real=0.02s
[50.733s][info][gc,start    ] GC(992) Pause Young (Normal) (G1 Evacuation Pause)
[50.734s][info][gc,task     ] GC(992) Using 6 workers of 8 for evacuation
[50.741s][info][gc,phases   ] GC(992)   Pre Evacuate Collection Set: 0.4ms
[50.745s][info][gc,phases   ] GC(992)   Merge Heap Roots: 0.2ms
[50.748s][info][gc,phases   ] GC(992)   Evacuate Collection Set: 3.3ms
[50.748s][info][gc,phases   ] GC(992)   Post Evacuate Collection Set: 2.1ms
[50.749s][info][gc,phases   ] GC(992)   Other: 1.3ms
[50.749s][info][gc,heap     ] GC(992) Eden regions: 150->0(148)
[50.749s][info][gc,heap     ] GC(992) Survivor regions: 3->5(20)
[50.750s][info][gc,heap     ] GC(992) Old regions: 2->2
[50.750s][info][gc,heap     ] GC(992) Archive regions: 2->2
[50.751s][info][gc,heap     ] GC(992) Humongous regions: 0->0
[50.751s][info][gc,metaspace] GC(992) Metaspace: 615K(832K)->615K(832K) NonClass: 597K(704K)->597K(704K) Class: 17K(128K)->17K(128K)
[50.752s][info][gc          ] GC(992) Pause Young (Normal) (G1 Evacuation Pause) 155M->6M(256M) 18.689ms
[50.752s][info][gc,cpu      ] GC(992) User=0.01s Sys=0.00s Real=0.02s
[50.833s][info][gc,start    ] GC(993) Pause Young (Normal) (G1 Evacuation Pause)
[50.833s][info][gc,task     ] GC(993) Using 6 workers of 8 for evacuation
[50.838s][info][gc,phases   ] GC(993)   Pre Evacuate Collection Set: 0.3ms
[50.840s][info][gc,phases   ] GC(993)   Merge Heap Roots: 0.3ms
[50.843s][info][gc,phases   ] GC(993)   Evacuate Collection Set: 3.1ms
[50.844s][info][gc,phases   ] GC(993)   Post Evacuate Collection Set: 0.9ms
[50.845s][info][gc,phases   ] GC(993)   Other: 0.6ms
[50.845s][info][gc,heap     ] GC(993) Eden regions: 148->0(150)
[50.846s][info][gc,heap     ] GC(993) Survivor regions: 5->3(20)
[50.846s][info][gc,heap     ] GC(993) Old regions: 2->2
[50.846s][info][gc,heap     ] GC(993) Archive regions: 2->2
[50.847s][info][gc,heap     ] GC(993) Humongous regions: 0->0
[50.847s][info][gc,metaspace] GC(993) Metaspace: 615K(832K)->615K(832K) NonClass: 597K(704K)->597K(704K) Class: 17K(128K)->17K(128K)
[50.848s][info][gc          ] GC(993) Pause Young (Normal) (G1 Evacuation Pause) 154M->5M(256M) 14.964ms
[50.848s][info][gc,cpu      ] GC(993) User=0.00s Sys=0.01s Real=0.02s
[50.990s][info][gc,start    ] GC(994) Pause Young (Normal) (G1 Evacuation Pause)
[50.991s][info][gc,task     ] GC(994) Using 6 workers of 8 for evacuation
[50.997s][info][gc,phases   ] GC(994)   Pre Evacuate Collection Set: 1.0ms
[50.998s][info][gc,phases   ] GC(994)   Merge Heap Roots: 0.3ms
[50.999s][info][gc,phases   ] GC(994)   Evacuate Collection Set: 2.8ms
[51.000s][info][gc,phases   ] GC(994)   Post Evacuate Collection Set: 0.9ms
[51.000s][info][gc,phases   ] GC(994)   Other: 1.3ms
[51.000s][info][gc,heap     ] GC(994) Eden regions: 150->0(149)
[51.001s][info][gc,heap     ] GC(994) Survivor regions: 3->4(20)
[51.001s][info][gc,heap     ] GC(994) Old regions: 2->2
[51.002s][info][gc,heap     ] GC(994) Archive regions: 2->2
[51.002s][info][gc,heap     ] GC(994) Humongous regions: 0->0
[51.002s][info][gc,metaspace] GC(994) Metaspace: 615K(832K)->615K(832K) NonClass: 597K(704K)->597K(704K) Class: 17K(128K)->17K(128K)
[51.003s][info][gc          ] GC(994) Pause Young (Normal) (G1 Evacuation Pause) 155M->5M(256M) 13.184ms
[51.003s][info][gc,cpu      ] GC(994) User=0.01s Sys=0.02s Real=0.01s
[51.065s][info][gc,start    ] GC(995) Pause Young (Normal) (G1 Evacuation Pause)
[51.066s][info][gc,task     ] GC(995) Using 6 workers of 8 for evacuation
[51.070s][info][gc,phases   ] GC(995)   Pre Evacuate Collection Set: 0.4ms
[51.071s][info][gc,phases   ] GC(995)   Merge Heap Roots: 0.5ms
[51.071s][info][gc,phases   ] GC(995)   Evacuate Collection Set: 1.7ms
[51.071s][info][gc,phases   ] GC(995)   Post Evacuate Collection Set: 1.0ms
[51.073s][info][gc,phases   ] GC(995)   Other: 0.6ms
[51.075s][info][gc,heap     ] GC(995) Eden regions: 149->0(150)
[51.078s][info][gc,heap     ] GC(995) Survivor regions: 4->3(20)
[51.079s][info][gc,heap     ] GC(995) Old regions: 2->2
[51.080s][info][gc,heap     ] GC(995) Archive regions: 2->2
[51.080s][info][gc,heap     ] GC(995) Humongous regions: 0->0
[51.081s][info][gc,metaspace] GC(995) Metaspace: 615K(832K)->615K(832K) NonClass: 597K(704K)->597K(704K) Class: 17K(128K)->17K(128K)
[51.081s][info][gc          ] GC(995) Pause Young (Normal) (G1 Evacuation Pause) 154M->5M(256M) 15.876ms
[51.082s][info][gc,cpu      ] GC(995) User=0.00s Sys=0.00s Real=0.02s
[51.148s][info][gc,start    ] GC(996) Pause Young (Normal) (G1 Evacuation Pause)
[51.149s][info][gc,task     ] GC(996) Using 6 workers of 8 for evacuation
[51.152s][info][gc,phases   ] GC(996)   Pre Evacuate Collection Set: 0.2ms
[51.153s][info][gc,phases   ] GC(996)   Merge Heap Roots: 0.3ms
[51.153s][info][gc,phases   ] GC(996)   Evacuate Collection Set: 1.4ms
[51.153s][info][gc,phases   ] GC(996)   Post Evacuate Collection Set: 1.0ms
[51.154s][info][gc,phases   ] GC(996)   Other: 0.6ms
[51.154s][info][gc,heap     ] GC(996) Eden regions: 150->0(149)
[51.155s][info][gc,heap     ] GC(996) Survivor regions: 3->4(20)
[51.155s][info][gc,heap     ] GC(996) Old regions: 2->2
[51.156s][info][gc,heap     ] GC(996) Archive regions: 2->2
[51.156s][info][gc,heap     ] GC(996) Humongous regions: 0->0
[51.157s][info][gc,metaspace] GC(996) Metaspace: 615K(832K)->615K(832K) NonClass: 597K(704K)->597K(704K) Class: 17K(128K)->17K(128K)
[51.158s][info][gc          ] GC(996) Pause Young (Normal) (G1 Evacuation Pause) 155M->6M(256M) 9.393ms
[51.160s][info][gc,cpu      ] GC(996) User=0.00s Sys=0.01s Real=0.01s
[51.238s][info][gc,start    ] GC(997) Pause Young (Normal) (G1 Evacuation Pause)
[51.240s][info][gc,task     ] GC(997) Using 6 workers of 8 for evacuation
[51.247s][info][gc,phases   ] GC(997)   Pre Evacuate Collection Set: 0.5ms
[51.247s][info][gc,phases   ] GC(997)   Merge Heap Roots: 0.3ms
[51.248s][info][gc,phases   ] GC(997)   Evacuate Collection Set: 3.3ms
[51.248s][info][gc,phases   ] GC(997)   Post Evacuate Collection Set: 1.1ms
[51.249s][info][gc,phases   ] GC(997)   Other: 1.5ms
[51.249s][info][gc,heap     ] GC(997) Eden regions: 149->0(149)
[51.249s][info][gc,heap     ] GC(997) Survivor regions: 4->4(20)
[51.250s][info][gc,heap     ] GC(997) Old regions: 2->2
[51.250s][info][gc,heap     ] GC(997) Archive regions: 2->2
[51.251s][info][gc,heap     ] GC(997) Humongous regions: 0->0
[51.251s][info][gc,metaspace] GC(997) Metaspace: 615K(832K)->615K(832K) NonClass: 597K(704K)->597K(704K) Class: 17K(128K)->17K(128K)
[51.252s][info][gc          ] GC(997) Pause Young (Normal) (G1 Evacuation Pause) 155M->5M(256M) 13.380ms
[51.252s][info][gc,cpu      ] GC(997) User=0.01s Sys=0.01s Real=0.01s
[51.329s][info][gc,start    ] GC(998) Pause Young (Normal) (G1 Evacuation Pause)
[51.330s][info][gc,task     ] GC(998) Using 6 workers of 8 for evacuation
[51.339s][info][gc,phases   ] GC(998)   Pre Evacuate Collection Set: 0.3ms
[51.344s][info][gc,phases   ] GC(998)   Merge Heap Roots: 0.3ms
[51.345s][info][gc,phases   ] GC(998)   Evacuate Collection Set: 1.6ms
[51.346s][info][gc,phases   ] GC(998)   Post Evacuate Collection Set: 6.4ms
[51.346s][info][gc,phases   ] GC(998)   Other: 0.7ms
[51.347s][info][gc,heap     ] GC(998) Eden regions: 149->0(149)
[51.347s][info][gc,heap     ] GC(998) Survivor regions: 4->4(20)
[51.348s][info][gc,heap     ] GC(998) Old regions: 2->2
[51.348s][info][gc,heap     ] GC(998) Archive regions: 2->2
[51.348s][info][gc,heap     ] GC(998) Humongous regions: 0->0
[51.349s][info][gc,metaspace] GC(998) Metaspace: 615K(832K)->615K(832K) NonClass: 597K(704K)->597K(704K) Class: 17K(128K)->17K(128K)
[51.349s][info][gc          ] GC(998) Pause Young (Normal) (G1 Evacuation Pause) 154M->5M(256M) 20.330ms
[51.350s][info][gc,cpu      ] GC(998) User=0.01s Sys=0.00s Real=0.02s
[51.418s][info][gc,start    ] GC(999) Pause Young (Normal) (G1 Evacuation Pause)
[51.419s][info][gc,task     ] GC(999) Using 6 workers of 8 for evacuation
[51.422s][info][gc,phases   ] GC(999)   Pre Evacuate Collection Set: 0.3ms
[51.424s][info][gc,phases   ] GC(999)   Merge Heap Roots: 0.2ms
[51.428s][info][gc,phases   ] GC(999)   Evacuate Collection Set: 1.3ms
[51.429s][info][gc,phases   ] GC(999)   Post Evacuate Collection Set: 1.1ms
[51.429s][info][gc,phases   ] GC(999)   Other: 0.5ms
[51.430s][info][gc,heap     ] GC(999) Eden regions: 149->0(150)
[51.431s][info][gc,heap     ] GC(999) Survivor regions: 4->3(20)
[51.432s][info][gc,heap     ] GC(999) Old regions: 2->2
[51.432s][info][gc,heap     ] GC(999) Archive regions: 2->2
[51.433s][info][gc,heap     ] GC(999) Humongous regions: 0->0
[51.433s][info][gc,metaspace] GC(999) Metaspace: 615K(832K)->615K(832K) NonClass: 597K(704K)->597K(704K) Class: 17K(128K)->17K(128K)
[51.433s][info][gc          ] GC(999) Pause Young (Normal) (G1 Evacuation Pause) 154M->5M(256M) 15.230ms
[51.434s][info][gc,cpu      ] GC(999) User=0.01s Sys=0.00s Real=0.01s
[51.504s][info][gc,start    ] GC(1000) Pause Young (Normal) (G1 Evacuation Pause)
[51.505s][info][gc,task     ] GC(1000) Using 6 workers of 8 for evacuation
[51.517s][info][gc,phases   ] GC(1000)   Pre Evacuate Collection Set: 0.5ms
[51.517s][info][gc,phases   ] GC(1000)   Merge Heap Roots: 0.4ms
[51.518s][info][gc,phases   ] GC(1000)   Evacuate Collection Set: 7.5ms
[51.518s][info][gc,phases   ] GC(1000)   Post Evacuate Collection Set: 1.2ms
[51.519s][info][gc,phases   ] GC(1000)   Other: 2.6ms
[51.519s][info][gc,heap     ] GC(1000) Eden regions: 150->0(149)
[51.520s][info][gc,heap     ] GC(1000) Survivor regions: 3->4(20)
[51.520s][info][gc,heap     ] GC(1000) Old regions: 2->2
[51.520s][info][gc,heap     ] GC(1000) Archive regions: 2->2
[51.521s][info][gc,heap     ] GC(1000) Humongous regions: 0->0
[51.521s][info][gc,metaspace] GC(1000) Metaspace: 615K(832K)->615K(832K) NonClass: 597K(704K)->597K(704K) Class: 17K(128K)->17K(128K)
[51.522s][info][gc          ] GC(1000) Pause Young (Normal) (G1 Evacuation Pause) 155M->6M(256M) 17.707ms
[51.522s][info][gc,cpu      ] GC(1000) User=0.02s Sys=0.00s Real=0.02s
[51.598s][info][gc,start    ] GC(1001) Pause Young (Normal) (G1 Evacuation Pause)
[51.598s][info][gc,task     ] GC(1001) Using 6 workers of 8 for evacuation
[51.602s][info][gc,phases   ] GC(1001)   Pre Evacuate Collection Set: 0.2ms
[51.602s][info][gc,phases   ] GC(1001)   Merge Heap Roots: 0.2ms
[51.603s][info][gc,phases   ] GC(1001)   Evacuate Collection Set: 2.0ms
[51.603s][info][gc,phases   ] GC(1001)   Post Evacuate Collection Set: 1.0ms
[51.604s][info][gc,phases   ] GC(1001)   Other: 0.6ms
[51.604s][info][gc,heap     ] GC(1001) Eden regions: 149->0(149)
[51.604s][info][gc,heap     ] GC(1001) Survivor regions: 4->4(20)
[51.605s][info][gc,heap     ] GC(1001) Old regions: 2->2
[51.605s][info][gc,heap     ] GC(1001) Archive regions: 2->2
[51.606s][info][gc,heap     ] GC(1001) Humongous regions: 0->0
[51.607s][info][gc,metaspace] GC(1001) Metaspace: 615K(832K)->615K(832K) NonClass: 597K(704K)->597K(704K) Class: 17K(128K)->17K(128K)
[51.608s][info][gc          ] GC(1001) Pause Young (Normal) (G1 Evacuation Pause) 155M->5M(256M) 10.076ms
[51.609s][info][gc,cpu      ] GC(1001) User=0.01s Sys=0.00s Real=0.01s
[51.668s][info][gc,start    ] GC(1002) Pause Young (Normal) (G1 Evacuation Pause)
[51.668s][info][gc,task     ] GC(1002) Using 6 workers of 8 for evacuation
[51.671s][info][gc,phases   ] GC(1002)   Pre Evacuate Collection Set: 0.3ms
[51.672s][info][gc,phases   ] GC(1002)   Merge Heap Roots: 0.2ms
[51.672s][info][gc,phases   ] GC(1002)   Evacuate Collection Set: 1.0ms
[51.673s][info][gc,phases   ] GC(1002)   Post Evacuate Collection Set: 0.9ms
[51.674s][info][gc,phases   ] GC(1002)   Other: 0.4ms
[51.674s][info][gc,heap     ] GC(1002) Eden regions: 149->0(150)
[51.675s][info][gc,heap     ] GC(1002) Survivor regions: 4->3(20)
[51.678s][info][gc,heap     ] GC(1002) Old regions: 2->2
[51.678s][info][gc,heap     ] GC(1002) Archive regions: 2->2
[51.679s][info][gc,heap     ] GC(1002) Humongous regions: 0->0
[51.679s][info][gc,metaspace] GC(1002) Metaspace: 615K(832K)->615K(832K) NonClass: 597K(704K)->597K(704K) Class: 17K(128K)->17K(128K)
[51.680s][info][gc          ] GC(1002) Pause Young (Normal) (G1 Evacuation Pause) 154M->5M(256M) 11.649ms
[51.680s][info][gc,cpu      ] GC(1002) User=0.00s Sys=0.00s Real=0.01s
[51.735s][info][gc,start    ] GC(1003) Pause Young (Normal) (G1 Evacuation Pause)
[51.736s][info][gc,task     ] GC(1003) Using 6 workers of 8 for evacuation
[51.740s][info][gc,phases   ] GC(1003)   Pre Evacuate Collection Set: 0.3ms
[51.740s][info][gc,phases   ] GC(1003)   Merge Heap Roots: 0.2ms
[51.741s][info][gc,phases   ] GC(1003)   Evacuate Collection Set: 1.2ms
[51.742s][info][gc,phases   ] GC(1003)   Post Evacuate Collection Set: 1.1ms
[51.743s][info][gc,phases   ] GC(1003)   Other: 0.6ms
[51.744s][info][gc,heap     ] GC(1003) Eden regions: 150->0(149)
[51.745s][info][gc,heap     ] GC(1003) Survivor regions: 3->4(20)
[51.745s][info][gc,heap     ] GC(1003) Old regions: 2->2
[51.745s][info][gc,heap     ] GC(1003) Archive regions: 2->2
[51.746s][info][gc,heap     ] GC(1003) Humongous regions: 0->0
[51.746s][info][gc,metaspace] GC(1003) Metaspace: 615K(832K)->615K(832K) NonClass: 597K(704K)->597K(704K) Class: 17K(128K)->17K(128K)
[51.747s][info][gc          ] GC(1003) Pause Young (Normal) (G1 Evacuation Pause) 155M->6M(256M) 12.017ms
[51.748s][info][gc,cpu      ] GC(1003) User=0.01s Sys=0.00s Real=0.02s
[51.812s][info][gc,start    ] GC(1004) Pause Young (Normal) (G1 Evacuation Pause)
[51.812s][info][gc,task     ] GC(1004) Using 6 workers of 8 for evacuation
[51.817s][info][gc,phases   ] GC(1004)   Pre Evacuate Collection Set: 0.5ms
[51.818s][info][gc,phases   ] GC(1004)   Merge Heap Roots: 0.6ms
[51.818s][info][gc,phases   ] GC(1004)   Evacuate Collection Set: 1.9ms
[51.818s][info][gc,phases   ] GC(1004)   Post Evacuate Collection Set: 1.1ms
[51.819s][info][gc,phases   ] GC(1004)   Other: 0.7ms
[51.819s][info][gc,heap     ] GC(1004) Eden regions: 149->0(149)
[51.820s][info][gc,heap     ] GC(1004) Survivor regions: 4->4(20)
[51.820s][info][gc,heap     ] GC(1004) Old regions: 2->2
[51.820s][info][gc,heap     ] GC(1004) Archive regions: 2->2
[51.821s][info][gc,heap     ] GC(1004) Humongous regions: 0->0
[51.821s][info][gc,metaspace] GC(1004) Metaspace: 615K(832K)->615K(832K) NonClass: 597K(704K)->597K(704K) Class: 17K(128K)->17K(128K)
[51.821s][info][gc          ] GC(1004) Pause Young (Normal) (G1 Evacuation Pause) 155M->5M(256M) 9.677ms
[51.822s][info][gc,cpu      ] GC(1004) User=0.00s Sys=0.01s Real=0.01s
[51.887s][info][gc,start    ] GC(1005) Pause Young (Normal) (G1 Evacuation Pause)
[51.887s][info][gc,task     ] GC(1005) Using 6 workers of 8 for evacuation
[51.895s][info][gc,phases   ] GC(1005)   Pre Evacuate Collection Set: 0.3ms
[51.896s][info][gc,phases   ] GC(1005)   Merge Heap Roots: 0.2ms
[51.897s][info][gc,phases   ] GC(1005)   Evacuate Collection Set: 4.5ms
[51.897s][info][gc,phases   ] GC(1005)   Post Evacuate Collection Set: 2.7ms
[51.898s][info][gc,phases   ] GC(1005)   Other: 0.5ms
[51.898s][info][gc,heap     ] GC(1005) Eden regions: 149->0(150)
[51.899s][info][gc,heap     ] GC(1005) Survivor regions: 4->3(20)
[51.899s][info][gc,heap     ] GC(1005) Old regions: 2->2
[51.900s][info][gc,heap     ] GC(1005) Archive regions: 2->2
[51.900s][info][gc,heap     ] GC(1005) Humongous regions: 0->0
[51.901s][info][gc,metaspace] GC(1005) Metaspace: 615K(832K)->615K(832K) NonClass: 597K(704K)->597K(704K) Class: 17K(128K)->17K(128K)
[51.901s][info][gc          ] GC(1005) Pause Young (Normal) (G1 Evacuation Pause) 154M->5M(256M) 14.404ms
[51.902s][info][gc,cpu      ] GC(1005) User=0.01s Sys=0.00s Real=0.01s
[51.960s][info][gc,start    ] GC(1006) Pause Young (Normal) (G1 Evacuation Pause)
[51.962s][info][gc,task     ] GC(1006) Using 6 workers of 8 for evacuation
[51.968s][info][gc,phases   ] GC(1006)   Pre Evacuate Collection Set: 0.4ms
[51.968s][info][gc,phases   ] GC(1006)   Merge Heap Roots: 0.2ms
[51.969s][info][gc,phases   ] GC(1006)   Evacuate Collection Set: 2.3ms
[51.969s][info][gc,phases   ] GC(1006)   Post Evacuate Collection Set: 2.0ms
[51.970s][info][gc,phases   ] GC(1006)   Other: 1.1ms
[51.970s][info][gc,heap     ] GC(1006) Eden regions: 150->0(149)
[51.970s][info][gc,heap     ] GC(1006) Survivor regions: 3->4(20)
[51.971s][info][gc,heap     ] GC(1006) Old regions: 2->2
[51.971s][info][gc,heap     ] GC(1006) Archive regions: 2->2
[51.972s][info][gc,heap     ] GC(1006) Humongous regions: 0->0
[51.972s][info][gc,metaspace] GC(1006) Metaspace: 615K(832K)->615K(832K) NonClass: 597K(704K)->597K(704K) Class: 17K(128K)->17K(128K)
[51.974s][info][gc          ] GC(1006) Pause Young (Normal) (G1 Evacuation Pause) 155M->6M(256M) 13.866ms
[51.976s][info][gc,cpu      ] GC(1006) User=0.01s Sys=0.01s Real=0.01s
[52.049s][info][gc,start    ] GC(1007) Pause Young (Normal) (G1 Evacuation Pause)
[52.050s][info][gc,task     ] GC(1007) Using 6 workers of 8 for evacuation
[52.054s][info][gc,phases   ] GC(1007)   Pre Evacuate Collection Set: 0.3ms
[52.054s][info][gc,phases   ] GC(1007)   Merge Heap Roots: 0.3ms
[52.055s][info][gc,phases   ] GC(1007)   Evacuate Collection Set: 1.3ms
[52.063s][info][gc,phases   ] GC(1007)   Post Evacuate Collection Set: 1.6ms
[52.064s][info][gc,phases   ] GC(1007)   Other: 0.5ms
[52.064s][info][gc,heap     ] GC(1007) Eden regions: 149->0(149)
[52.065s][info][gc,heap     ] GC(1007) Survivor regions: 4->4(20)
[52.066s][info][gc,heap     ] GC(1007) Old regions: 2->2
[52.067s][info][gc,heap     ] GC(1007) Archive regions: 2->2
[52.067s][info][gc,heap     ] GC(1007) Humongous regions: 0->0
[52.068s][info][gc,metaspace] GC(1007) Metaspace: 615K(832K)->615K(832K) NonClass: 597K(704K)->597K(704K) Class: 17K(128K)->17K(128K)
[52.069s][info][gc          ] GC(1007) Pause Young (Normal) (G1 Evacuation Pause) 155M->6M(256M) 19.319ms
[52.069s][info][gc,cpu      ] GC(1007) User=0.01s Sys=0.00s Real=0.02s
[52.138s][info][gc,start    ] GC(1008) Pause Young (Normal) (G1 Evacuation Pause)
[52.141s][info][gc,task     ] GC(1008) Using 6 workers of 8 for evacuation
[52.145s][info][gc,phases   ] GC(1008)   Pre Evacuate Collection Set: 0.7ms
[52.149s][info][gc,phases   ] GC(1008)   Merge Heap Roots: 0.1ms
[52.150s][info][gc,phases   ] GC(1008)   Evacuate Collection Set: 1.4ms
[52.151s][info][gc,phases   ] GC(1008)   Post Evacuate Collection Set: 1.2ms
[52.152s][info][gc,phases   ] GC(1008)   Other: 0.9ms
[52.152s][info][gc,heap     ] GC(1008) Eden regions: 149->0(149)
[52.153s][info][gc,heap     ] GC(1008) Survivor regions: 4->4(20)
[52.154s][info][gc,heap     ] GC(1008) Old regions: 2->2
[52.154s][info][gc,heap     ] GC(1008) Archive regions: 2->2
[52.154s][info][gc,heap     ] GC(1008) Humongous regions: 0->0
[52.160s][info][gc,metaspace] GC(1008) Metaspace: 615K(832K)->615K(832K) NonClass: 597K(704K)->597K(704K) Class: 17K(128K)->17K(128K)
[52.162s][info][gc          ] GC(1008) Pause Young (Normal) (G1 Evacuation Pause) 155M->5M(256M) 23.152ms
[52.162s][info][gc,cpu      ] GC(1008) User=0.01s Sys=0.00s Real=0.02s
[52.230s][info][gc,start    ] GC(1009) Pause Young (Normal) (G1 Evacuation Pause)
[52.231s][info][gc,task     ] GC(1009) Using 6 workers of 8 for evacuation
[52.236s][info][gc,phases   ] GC(1009)   Pre Evacuate Collection Set: 0.3ms
[52.236s][info][gc,phases   ] GC(1009)   Merge Heap Roots: 0.2ms
[52.237s][info][gc,phases   ] GC(1009)   Evacuate Collection Set: 1.6ms
[52.237s][info][gc,phases   ] GC(1009)   Post Evacuate Collection Set: 1.1ms
[52.238s][info][gc,phases   ] GC(1009)   Other: 1.5ms
[52.238s][info][gc,heap     ] GC(1009) Eden regions: 149->0(150)
[52.239s][info][gc,heap     ] GC(1009) Survivor regions: 4->3(20)
[52.239s][info][gc,heap     ] GC(1009) Old regions: 2->2
[52.241s][info][gc,heap     ] GC(1009) Archive regions: 2->2
[52.244s][info][gc,heap     ] GC(1009) Humongous regions: 0->0
[52.245s][info][gc,metaspace] GC(1009) Metaspace: 615K(832K)->615K(832K) NonClass: 597K(704K)->597K(704K) Class: 17K(128K)->17K(128K)
[52.246s][info][gc          ] GC(1009) Pause Young (Normal) (G1 Evacuation Pause) 154M->5M(256M) 15.550ms
[52.246s][info][gc,cpu      ] GC(1009) User=0.01s Sys=0.00s Real=0.01s
[52.321s][info][gc,start    ] GC(1010) Pause Young (Normal) (G1 Evacuation Pause)
[52.321s][info][gc,task     ] GC(1010) Using 6 workers of 8 for evacuation
[52.330s][info][gc,phases   ] GC(1010)   Pre Evacuate Collection Set: 0.9ms
[52.331s][info][gc,phases   ] GC(1010)   Merge Heap Roots: 0.6ms
[52.331s][info][gc,phases   ] GC(1010)   Evacuate Collection Set: 2.2ms
[52.331s][info][gc,phases   ] GC(1010)   Post Evacuate Collection Set: 1.2ms
[52.332s][info][gc,phases   ] GC(1010)   Other: 3.9ms
[52.332s][info][gc,heap     ] GC(1010) Eden regions: 150->0(149)
[52.333s][info][gc,heap     ] GC(1010) Survivor regions: 3->4(20)
[52.333s][info][gc,heap     ] GC(1010) Old regions: 2->2
[52.334s][info][gc,heap     ] GC(1010) Archive regions: 2->2
[52.334s][info][gc,heap     ] GC(1010) Humongous regions: 0->0
[52.334s][info][gc,metaspace] GC(1010) Metaspace: 615K(832K)->615K(832K) NonClass: 597K(704K)->597K(704K) Class: 17K(128K)->17K(128K)
[52.335s][info][gc          ] GC(1010) Pause Young (Normal) (G1 Evacuation Pause) 155M->6M(256M) 14.278ms
[52.335s][info][gc,cpu      ] GC(1010) User=0.00s Sys=0.01s Real=0.01s
[52.433s][info][gc,start    ] GC(1011) Pause Young (Normal) (G1 Evacuation Pause)
[52.434s][info][gc,task     ] GC(1011) Using 6 workers of 8 for evacuation
[52.440s][info][gc,phases   ] GC(1011)   Pre Evacuate Collection Set: 0.3ms
[52.443s][info][gc,phases   ] GC(1011)   Merge Heap Roots: 0.2ms
[52.444s][info][gc,phases   ] GC(1011)   Evacuate Collection Set: 2.1ms
[52.444s][info][gc,phases   ] GC(1011)   Post Evacuate Collection Set: 2.7ms
[52.445s][info][gc,phases   ] GC(1011)   Other: 1.0ms
[52.446s][info][gc,heap     ] GC(1011) Eden regions: 149->0(149)
[52.446s][info][gc,heap     ] GC(1011) Survivor regions: 4->4(20)
[52.447s][info][gc,heap     ] GC(1011) Old regions: 2->2
[52.447s][info][gc,heap     ] GC(1011) Archive regions: 2->2
[52.448s][info][gc,heap     ] GC(1011) Humongous regions: 0->0
[52.448s][info][gc,metaspace] GC(1011) Metaspace: 615K(832K)->615K(832K) NonClass: 597K(704K)->597K(704K) Class: 17K(128K)->17K(128K)
[52.448s][info][gc          ] GC(1011) Pause Young (Normal) (G1 Evacuation Pause) 155M->6M(256M) 15.225ms
[52.449s][info][gc,cpu      ] GC(1011) User=0.02s Sys=0.00s Real=0.02s
[52.512s][info][gc,start    ] GC(1012) Pause Young (Normal) (G1 Evacuation Pause)
[52.514s][info][gc,task     ] GC(1012) Using 6 workers of 8 for evacuation
[52.519s][info][gc,phases   ] GC(1012)   Pre Evacuate Collection Set: 0.4ms
[52.519s][info][gc,phases   ] GC(1012)   Merge Heap Roots: 0.2ms
[52.520s][info][gc,phases   ] GC(1012)   Evacuate Collection Set: 2.1ms
[52.520s][info][gc,phases   ] GC(1012)   Post Evacuate Collection Set: 1.1ms
[52.520s][info][gc,phases   ] GC(1012)   Other: 0.8ms
[52.521s][info][gc,heap     ] GC(1012) Eden regions: 149->0(149)
[52.522s][info][gc,heap     ] GC(1012) Survivor regions: 4->4(20)
[52.522s][info][gc,heap     ] GC(1012) Old regions: 2->2
[52.522s][info][gc,heap     ] GC(1012) Archive regions: 2->2
[52.523s][info][gc,heap     ] GC(1012) Humongous regions: 0->0
[52.525s][info][gc,metaspace] GC(1012) Metaspace: 615K(832K)->615K(832K) NonClass: 597K(704K)->597K(704K) Class: 17K(128K)->17K(128K)
[52.528s][info][gc          ] GC(1012) Pause Young (Normal) (G1 Evacuation Pause) 155M->5M(256M) 16.328ms
[52.529s][info][gc,cpu      ] GC(1012) User=0.01s Sys=0.00s Real=0.02s
[52.588s][info][gc,start    ] GC(1013) Pause Young (Normal) (G1 Evacuation Pause)
[52.589s][info][gc,task     ] GC(1013) Using 6 workers of 8 for evacuation
[52.595s][info][gc,phases   ] GC(1013)   Pre Evacuate Collection Set: 0.4ms
[52.596s][info][gc,phases   ] GC(1013)   Merge Heap Roots: 0.4ms
[52.596s][info][gc,phases   ] GC(1013)   Evacuate Collection Set: 4.0ms
[52.597s][info][gc,phases   ] GC(1013)   Post Evacuate Collection Set: 1.2ms
[52.597s][info][gc,phases   ] GC(1013)   Other: 0.6ms
[52.598s][info][gc,heap     ] GC(1013) Eden regions: 149->0(150)
[52.598s][info][gc,heap     ] GC(1013) Survivor regions: 4->3(20)
[52.598s][info][gc,heap     ] GC(1013) Old regions: 2->2
[52.599s][info][gc,heap     ] GC(1013) Archive regions: 2->2
[52.599s][info][gc,heap     ] GC(1013) Humongous regions: 0->0
[52.599s][info][gc,metaspace] GC(1013) Metaspace: 615K(832K)->615K(832K) NonClass: 597K(704K)->597K(704K) Class: 17K(128K)->17K(128K)
[52.599s][info][gc          ] GC(1013) Pause Young (Normal) (G1 Evacuation Pause) 154M->5M(256M) 11.550ms
[52.600s][info][gc,cpu      ] GC(1013) User=0.01s Sys=0.00s Real=0.01s
[52.665s][info][gc,start    ] GC(1014) Pause Young (Normal) (G1 Evacuation Pause)
[52.666s][info][gc,task     ] GC(1014) Using 6 workers of 8 for evacuation
[52.670s][info][gc,phases   ] GC(1014)   Pre Evacuate Collection Set: 0.5ms
[52.670s][info][gc,phases   ] GC(1014)   Merge Heap Roots: 0.3ms
[52.671s][info][gc,phases   ] GC(1014)   Evacuate Collection Set: 1.5ms
[52.672s][info][gc,phases   ] GC(1014)   Post Evacuate Collection Set: 1.0ms
[52.675s][info][gc,phases   ] GC(1014)   Other: 0.5ms
[52.676s][info][gc,heap     ] GC(1014) Eden regions: 150->0(149)
[52.677s][info][gc,heap     ] GC(1014) Survivor regions: 3->4(20)
[52.678s][info][gc,heap     ] GC(1014) Old regions: 2->2
[52.678s][info][gc,heap     ] GC(1014) Archive regions: 2->2
[52.679s][info][gc,heap     ] GC(1014) Humongous regions: 0->0
[52.679s][info][gc,metaspace] GC(1014) Metaspace: 615K(832K)->615K(832K) NonClass: 597K(704K)->597K(704K) Class: 17K(128K)->17K(128K)
[52.680s][info][gc          ] GC(1014) Pause Young (Normal) (G1 Evacuation Pause) 155M->6M(256M) 14.821ms
[52.681s][info][gc,cpu      ] GC(1014) User=0.00s Sys=0.00s Real=0.02s
[52.754s][info][gc,start    ] GC(1015) Pause Young (Normal) (G1 Evacuation Pause)
[52.754s][info][gc,task     ] GC(1015) Using 6 workers of 8 for evacuation
[52.765s][info][gc,phases   ] GC(1015)   Pre Evacuate Collection Set: 0.4ms
[52.766s][info][gc,phases   ] GC(1015)   Merge Heap Roots: 0.4ms
[52.767s][info][gc,phases   ] GC(1015)   Evacuate Collection Set: 9.0ms
[52.768s][info][gc,phases   ] GC(1015)   Post Evacuate Collection Set: 0.9ms
[52.768s][info][gc,phases   ] GC(1015)   Other: 0.5ms
[52.769s][info][gc,heap     ] GC(1015) Eden regions: 149->0(149)
[52.771s][info][gc,heap     ] GC(1015) Survivor regions: 4->4(20)
[52.782s][info][gc,heap     ] GC(1015) Old regions: 2->2
[52.784s][info][gc,heap     ] GC(1015) Archive regions: 2->2
[52.786s][info][gc,heap     ] GC(1015) Humongous regions: 0->0
[52.786s][info][gc,metaspace] GC(1015) Metaspace: 615K(832K)->615K(832K) NonClass: 597K(704K)->597K(704K) Class: 17K(128K)->17K(128K)
[52.788s][info][gc          ] GC(1015) Pause Young (Normal) (G1 Evacuation Pause) 155M->5M(256M) 34.071ms
[52.789s][info][gc,cpu      ] GC(1015) User=0.02s Sys=0.01s Real=0.04s
[52.873s][info][gc,start    ] GC(1016) Pause Young (Normal) (G1 Evacuation Pause)
[52.878s][info][gc,task     ] GC(1016) Using 6 workers of 8 for evacuation
[52.885s][info][gc,phases   ] GC(1016)   Pre Evacuate Collection Set: 0.4ms
[52.886s][info][gc,phases   ] GC(1016)   Merge Heap Roots: 0.3ms
[52.887s][info][gc,phases   ] GC(1016)   Evacuate Collection Set: 4.5ms
[52.888s][info][gc,phases   ] GC(1016)   Post Evacuate Collection Set: 1.1ms
[52.888s][info][gc,phases   ] GC(1016)   Other: 0.9ms
[52.889s][info][gc,heap     ] GC(1016) Eden regions: 149->0(150)
[52.893s][info][gc,heap     ] GC(1016) Survivor regions: 4->3(20)
[52.895s][info][gc,heap     ] GC(1016) Old regions: 2->2
[52.897s][info][gc,heap     ] GC(1016) Archive regions: 2->2
[52.898s][info][gc,heap     ] GC(1016) Humongous regions: 0->0
[52.899s][info][gc,metaspace] GC(1016) Metaspace: 615K(832K)->615K(832K) NonClass: 597K(704K)->597K(704K) Class: 17K(128K)->17K(128K)
[52.899s][info][gc          ] GC(1016) Pause Young (Normal) (G1 Evacuation Pause) 154M->5M(256M) 26.487ms
[52.900s][info][gc,cpu      ] GC(1016) User=0.02s Sys=0.00s Real=0.03s
[52.996s][info][gc,start    ] GC(1017) Pause Young (Normal) (G1 Evacuation Pause)
[52.997s][info][gc,task     ] GC(1017) Using 6 workers of 8 for evacuation
[53.004s][info][gc,phases   ] GC(1017)   Pre Evacuate Collection Set: 0.8ms
[53.004s][info][gc,phases   ] GC(1017)   Merge Heap Roots: 0.6ms
[53.004s][info][gc,phases   ] GC(1017)   Evacuate Collection Set: 2.7ms
[53.005s][info][gc,phases   ] GC(1017)   Post Evacuate Collection Set: 1.1ms
[53.007s][info][gc,phases   ] GC(1017)   Other: 1.0ms
[53.009s][info][gc,heap     ] GC(1017) Eden regions: 150->0(149)
[53.009s][info][gc,heap     ] GC(1017) Survivor regions: 3->4(20)
[53.010s][info][gc,heap     ] GC(1017) Old regions: 2->2
[53.010s][info][gc,heap     ] GC(1017) Archive regions: 2->2
[53.011s][info][gc,heap     ] GC(1017) Humongous regions: 0->0
[53.011s][info][gc,metaspace] GC(1017) Metaspace: 615K(832K)->615K(832K) NonClass: 597K(704K)->597K(704K) Class: 17K(128K)->17K(128K)
[53.011s][info][gc          ] GC(1017) Pause Young (Normal) (G1 Evacuation Pause) 155M->6M(256M) 15.376ms
[53.013s][info][gc,cpu      ] GC(1017) User=0.01s Sys=0.00s Real=0.02s
[53.087s][info][gc,start    ] GC(1018) Pause Young (Normal) (G1 Evacuation Pause)
[53.088s][info][gc,task     ] GC(1018) Using 6 workers of 8 for evacuation
[53.099s][info][gc,phases   ] GC(1018)   Pre Evacuate Collection Set: 1.3ms
[53.099s][info][gc,phases   ] GC(1018)   Merge Heap Roots: 0.5ms
[53.100s][info][gc,phases   ] GC(1018)   Evacuate Collection Set: 7.4ms
[53.100s][info][gc,phases   ] GC(1018)   Post Evacuate Collection Set: 1.1ms
[53.100s][info][gc,phases   ] GC(1018)   Other: 0.8ms
[53.101s][info][gc,heap     ] GC(1018) Eden regions: 149->0(149)
[53.101s][info][gc,heap     ] GC(1018) Survivor regions: 4->4(20)
[53.102s][info][gc,heap     ] GC(1018) Old regions: 2->2
[53.102s][info][gc,heap     ] GC(1018) Archive regions: 2->2
[53.102s][info][gc,heap     ] GC(1018) Humongous regions: 0->0
[53.103s][info][gc,metaspace] GC(1018) Metaspace: 615K(832K)->615K(832K) NonClass: 597K(704K)->597K(704K) Class: 17K(128K)->17K(128K)
[53.103s][info][gc          ] GC(1018) Pause Young (Normal) (G1 Evacuation Pause) 155M->6M(256M) 15.895ms
[53.104s][info][gc,cpu      ] GC(1018) User=0.04s Sys=0.00s Real=0.01s
[53.165s][info][gc,start    ] GC(1019) Pause Young (Normal) (G1 Evacuation Pause)
[53.165s][info][gc,task     ] GC(1019) Using 6 workers of 8 for evacuation
[53.169s][info][gc,phases   ] GC(1019)   Pre Evacuate Collection Set: 0.3ms
[53.170s][info][gc,phases   ] GC(1019)   Merge Heap Roots: 0.4ms
[53.173s][info][gc,phases   ] GC(1019)   Evacuate Collection Set: 1.8ms
[53.175s][info][gc,phases   ] GC(1019)   Post Evacuate Collection Set: 1.0ms
[53.176s][info][gc,phases   ] GC(1019)   Other: 0.5ms
[53.178s][info][gc,heap     ] GC(1019) Eden regions: 149->0(149)
[53.178s][info][gc,heap     ] GC(1019) Survivor regions: 4->4(20)
[53.178s][info][gc,heap     ] GC(1019) Old regions: 2->2
[53.179s][info][gc,heap     ] GC(1019) Archive regions: 2->2
[53.179s][info][gc,heap     ] GC(1019) Humongous regions: 0->0
[53.179s][info][gc,metaspace] GC(1019) Metaspace: 615K(832K)->615K(832K) NonClass: 597K(704K)->597K(704K) Class: 17K(128K)->17K(128K)
[53.180s][info][gc          ] GC(1019) Pause Young (Normal) (G1 Evacuation Pause) 155M->5M(256M) 15.236ms
[53.180s][info][gc,cpu      ] GC(1019) User=0.00s Sys=0.01s Real=0.02s
[53.238s][info][gc,start    ] GC(1020) Pause Young (Normal) (G1 Evacuation Pause)
[53.245s][info][gc,task     ] GC(1020) Using 6 workers of 8 for evacuation
[53.251s][info][gc,phases   ] GC(1020)   Pre Evacuate Collection Set: 1.3ms
[53.251s][info][gc,phases   ] GC(1020)   Merge Heap Roots: 0.9ms
[53.251s][info][gc,phases   ] GC(1020)   Evacuate Collection Set: 1.4ms
[53.252s][info][gc,phases   ] GC(1020)   Post Evacuate Collection Set: 1.0ms
[53.252s][info][gc,phases   ] GC(1020)   Other: 1.4ms
[53.253s][info][gc,heap     ] GC(1020) Eden regions: 149->0(150)
[53.253s][info][gc,heap     ] GC(1020) Survivor regions: 4->3(20)
[53.253s][info][gc,heap     ] GC(1020) Old regions: 2->2
[53.254s][info][gc,heap     ] GC(1020) Archive regions: 2->2
[53.254s][info][gc,heap     ] GC(1020) Humongous regions: 0->0
[53.254s][info][gc,metaspace] GC(1020) Metaspace: 615K(832K)->615K(832K) NonClass: 597K(704K)->597K(704K) Class: 17K(128K)->17K(128K)
[53.255s][info][gc          ] GC(1020) Pause Young (Normal) (G1 Evacuation Pause) 154M->5M(256M) 16.749ms
[53.262s][info][gc,cpu      ] GC(1020) User=0.00s Sys=0.01s Real=0.02s
[53.321s][info][gc,start    ] GC(1021) Pause Young (Normal) (G1 Evacuation Pause)
[53.322s][info][gc,task     ] GC(1021) Using 6 workers of 8 for evacuation
[53.331s][info][gc,phases   ] GC(1021)   Pre Evacuate Collection Set: 2.0ms
[53.332s][info][gc,phases   ] GC(1021)   Merge Heap Roots: 1.3ms
[53.332s][info][gc,phases   ] GC(1021)   Evacuate Collection Set: 2.2ms
[53.332s][info][gc,phases   ] GC(1021)   Post Evacuate Collection Set: 1.8ms
[53.333s][info][gc,phases   ] GC(1021)   Other: 1.9ms
[53.333s][info][gc,heap     ] GC(1021) Eden regions: 150->0(149)
[53.333s][info][gc,heap     ] GC(1021) Survivor regions: 3->4(20)
[53.334s][info][gc,heap     ] GC(1021) Old regions: 2->2
[53.334s][info][gc,heap     ] GC(1021) Archive regions: 2->2
[53.334s][info][gc,heap     ] GC(1021) Humongous regions: 0->0
[53.335s][info][gc,metaspace] GC(1021) Metaspace: 615K(832K)->615K(832K) NonClass: 597K(704K)->597K(704K) Class: 17K(128K)->17K(128K)
[53.335s][info][gc          ] GC(1021) Pause Young (Normal) (G1 Evacuation Pause) 155M->6M(256M) 14.151ms
[53.336s][info][gc,cpu      ] GC(1021) User=0.00s Sys=0.01s Real=0.01s
[53.416s][info][gc,start    ] GC(1022) Pause Young (Normal) (G1 Evacuation Pause)
[53.417s][info][gc,task     ] GC(1022) Using 6 workers of 8 for evacuation
[53.421s][info][gc,phases   ] GC(1022)   Pre Evacuate Collection Set: 0.3ms
[53.421s][info][gc,phases   ] GC(1022)   Merge Heap Roots: 0.4ms
[53.421s][info][gc,phases   ] GC(1022)   Evacuate Collection Set: 1.4ms
[53.426s][info][gc,phases   ] GC(1022)   Post Evacuate Collection Set: 1.0ms
[53.427s][info][gc,phases   ] GC(1022)   Other: 0.6ms
[53.428s][info][gc,heap     ] GC(1022) Eden regions: 149->0(149)
[53.428s][info][gc,heap     ] GC(1022) Survivor regions: 4->4(20)
[53.428s][info][gc,heap     ] GC(1022) Old regions: 2->2
[53.429s][info][gc,heap     ] GC(1022) Archive regions: 2->2
[53.429s][info][gc,heap     ] GC(1022) Humongous regions: 0->0
[53.430s][info][gc,metaspace] GC(1022) Metaspace: 615K(832K)->615K(832K) NonClass: 597K(704K)->597K(704K) Class: 17K(128K)->17K(128K)
[53.430s][info][gc          ] GC(1022) Pause Young (Normal) (G1 Evacuation Pause) 155M->5M(256M) 13.660ms
[53.430s][info][gc,cpu      ] GC(1022) User=0.01s Sys=0.00s Real=0.02s
[53.495s][info][gc,start    ] GC(1023) Pause Young (Normal) (G1 Evacuation Pause)
[53.498s][info][gc,task     ] GC(1023) Using 6 workers of 8 for evacuation
[53.529s][info][gc,phases   ] GC(1023)   Pre Evacuate Collection Set: 0.3ms
[53.554s][info][gc,phases   ] GC(1023)   Merge Heap Roots: 0.3ms
[53.582s][info][gc,phases   ] GC(1023)   Evacuate Collection Set: 13.3ms
[53.593s][info][gc,phases   ] GC(1023)   Post Evacuate Collection Set: 1.0ms
[53.594s][info][gc,phases   ] GC(1023)   Other: 15.6ms
[53.594s][info][gc,heap     ] GC(1023) Eden regions: 149->0(150)
[53.595s][info][gc,heap     ] GC(1023) Survivor regions: 4->3(20)
[53.595s][info][gc,heap     ] GC(1023) Old regions: 2->2
[53.596s][info][gc,heap     ] GC(1023) Archive regions: 2->2
[53.596s][info][gc,heap     ] GC(1023) Humongous regions: 0->0
[53.596s][info][gc,metaspace] GC(1023) Metaspace: 615K(832K)->615K(832K) NonClass: 597K(704K)->597K(704K) Class: 17K(128K)->17K(128K)
[53.597s][info][gc          ] GC(1023) Pause Young (Normal) (G1 Evacuation Pause) 154M->5M(256M) 101.437ms
[53.597s][info][gc,cpu      ] GC(1023) User=0.07s Sys=0.00s Real=0.11s
[53.666s][info][gc,start    ] GC(1024) Pause Young (Normal) (G1 Evacuation Pause)
[53.667s][info][gc,task     ] GC(1024) Using 6 workers of 8 for evacuation
[53.671s][info][gc,phases   ] GC(1024)   Pre Evacuate Collection Set: 0.4ms
[53.672s][info][gc,phases   ] GC(1024)   Merge Heap Roots: 1.0ms
[53.672s][info][gc,phases   ] GC(1024)   Evacuate Collection Set: 1.4ms
[53.673s][info][gc,phases   ] GC(1024)   Post Evacuate Collection Set: 1.1ms
[53.674s][info][gc,phases   ] GC(1024)   Other: 0.5ms
[53.675s][info][gc,heap     ] GC(1024) Eden regions: 150->0(149)
[53.677s][info][gc,heap     ] GC(1024) Survivor regions: 3->4(20)
[53.678s][info][gc,heap     ] GC(1024) Old regions: 2->2
[53.678s][info][gc,heap     ] GC(1024) Archive regions: 2->2
[53.679s][info][gc,heap     ] GC(1024) Humongous regions: 0->0
[53.679s][info][gc,metaspace] GC(1024) Metaspace: 615K(832K)->615K(832K) NonClass: 597K(704K)->597K(704K) Class: 17K(128K)->17K(128K)
[53.680s][info][gc          ] GC(1024) Pause Young (Normal) (G1 Evacuation Pause) 155M->6M(256M) 13.100ms
[53.680s][info][gc,cpu      ] GC(1024) User=0.00s Sys=0.01s Real=0.02s
[53.736s][info][gc,start    ] GC(1025) Pause Young (Normal) (G1 Evacuation Pause)
[53.736s][info][gc,task     ] GC(1025) Using 6 workers of 8 for evacuation
[53.746s][info][gc,phases   ] GC(1025)   Pre Evacuate Collection Set: 0.2ms
[53.746s][info][gc,phases   ] GC(1025)   Merge Heap Roots: 0.3ms
[53.746s][info][gc,phases   ] GC(1025)   Evacuate Collection Set: 3.2ms
[53.747s][info][gc,phases   ] GC(1025)   Post Evacuate Collection Set: 5.0ms
[53.747s][info][gc,phases   ] GC(1025)   Other: 0.5ms
[53.747s][info][gc,heap     ] GC(1025) Eden regions: 149->0(149)
[53.748s][info][gc,heap     ] GC(1025) Survivor regions: 4->4(20)
[53.748s][info][gc,heap     ] GC(1025) Old regions: 2->2
[53.748s][info][gc,heap     ] GC(1025) Archive regions: 2->2
[53.749s][info][gc,heap     ] GC(1025) Humongous regions: 0->0
[53.749s][info][gc,metaspace] GC(1025) Metaspace: 615K(832K)->615K(832K) NonClass: 597K(704K)->597K(704K) Class: 17K(128K)->17K(128K)
[53.750s][info][gc          ] GC(1025) Pause Young (Normal) (G1 Evacuation Pause) 155M->5M(256M) 13.729ms
[53.750s][info][gc,cpu      ] GC(1025) User=0.02s Sys=0.01s Real=0.02s
[53.799s][info][gc,start    ] GC(1026) Pause Young (Normal) (G1 Evacuation Pause)
[53.800s][info][gc,task     ] GC(1026) Using 6 workers of 8 for evacuation
[53.803s][info][gc,phases   ] GC(1026)   Pre Evacuate Collection Set: 0.3ms
[53.803s][info][gc,phases   ] GC(1026)   Merge Heap Roots: 0.3ms
[53.804s][info][gc,phases   ] GC(1026)   Evacuate Collection Set: 1.1ms
[53.804s][info][gc,phases   ] GC(1026)   Post Evacuate Collection Set: 1.1ms
[53.804s][info][gc,phases   ] GC(1026)   Other: 0.4ms
[53.805s][info][gc,heap     ] GC(1026) Eden regions: 149->0(150)
[53.805s][info][gc,heap     ] GC(1026) Survivor regions: 4->3(20)
[53.806s][info][gc,heap     ] GC(1026) Old regions: 2->2
[53.806s][info][gc,heap     ] GC(1026) Archive regions: 2->2
[53.807s][info][gc,heap     ] GC(1026) Humongous regions: 0->0
[53.808s][info][gc,metaspace] GC(1026) Metaspace: 615K(832K)->615K(832K) NonClass: 597K(704K)->597K(704K) Class: 17K(128K)->17K(128K)
[53.809s][info][gc          ] GC(1026) Pause Young (Normal) (G1 Evacuation Pause) 154M->5M(256M) 9.901ms
[53.810s][info][gc,cpu      ] GC(1026) User=0.01s Sys=0.00s Real=0.01s
[53.860s][info][gc,start    ] GC(1027) Pause Young (Normal) (G1 Evacuation Pause)
[53.862s][info][gc,task     ] GC(1027) Using 6 workers of 8 for evacuation
[53.866s][info][gc,phases   ] GC(1027)   Pre Evacuate Collection Set: 0.3ms
[53.866s][info][gc,phases   ] GC(1027)   Merge Heap Roots: 0.4ms
[53.867s][info][gc,phases   ] GC(1027)   Evacuate Collection Set: 1.7ms
[53.867s][info][gc,phases   ] GC(1027)   Post Evacuate Collection Set: 1.1ms
[53.867s][info][gc,phases   ] GC(1027)   Other: 0.6ms
[53.868s][info][gc,heap     ] GC(1027) Eden regions: 150->0(149)
[53.868s][info][gc,heap     ] GC(1027) Survivor regions: 3->4(20)
[53.868s][info][gc,heap     ] GC(1027) Old regions: 2->2
[53.869s][info][gc,heap     ] GC(1027) Archive regions: 2->2
[53.869s][info][gc,heap     ] GC(1027) Humongous regions: 0->0
[53.869s][info][gc,metaspace] GC(1027) Metaspace: 615K(832K)->615K(832K) NonClass: 597K(704K)->597K(704K) Class: 17K(128K)->17K(128K)
[53.870s][info][gc          ] GC(1027) Pause Young (Normal) (G1 Evacuation Pause) 155M->6M(256M) 9.261ms
[53.870s][info][gc,cpu      ] GC(1027) User=0.00s Sys=0.00s Real=0.01s
[53.918s][info][gc,start    ] GC(1028) Pause Young (Normal) (G1 Evacuation Pause)
[53.918s][info][gc,task     ] GC(1028) Using 6 workers of 8 for evacuation
[53.922s][info][gc,phases   ] GC(1028)   Pre Evacuate Collection Set: 0.3ms
[53.923s][info][gc,phases   ] GC(1028)   Merge Heap Roots: 0.3ms
[53.924s][info][gc,phases   ] GC(1028)   Evacuate Collection Set: 1.7ms
[53.924s][info][gc,phases   ] GC(1028)   Post Evacuate Collection Set: 1.1ms
[53.925s][info][gc,phases   ] GC(1028)   Other: 0.4ms
[53.926s][info][gc,heap     ] GC(1028) Eden regions: 149->0(149)
[53.926s][info][gc,heap     ] GC(1028) Survivor regions: 4->4(20)
[53.927s][info][gc,heap     ] GC(1028) Old regions: 2->2
[53.927s][info][gc,heap     ] GC(1028) Archive regions: 2->2
[53.928s][info][gc,heap     ] GC(1028) Humongous regions: 0->0
[53.928s][info][gc,metaspace] GC(1028) Metaspace: 615K(832K)->615K(832K) NonClass: 597K(704K)->597K(704K) Class: 17K(128K)->17K(128K)
[53.929s][info][gc          ] GC(1028) Pause Young (Normal) (G1 Evacuation Pause) 155M->5M(256M) 10.845ms
[53.929s][info][gc,cpu      ] GC(1028) User=0.01s Sys=0.00s Real=0.01s
[53.971s][info][gc,start    ] GC(1029) Pause Young (Normal) (G1 Evacuation Pause)
[53.971s][info][gc,task     ] GC(1029) Using 6 workers of 8 for evacuation
[53.976s][info][gc,phases   ] GC(1029)   Pre Evacuate Collection Set: 0.3ms
[53.978s][info][gc,phases   ] GC(1029)   Merge Heap Roots: 0.3ms
[53.979s][info][gc,phases   ] GC(1029)   Evacuate Collection Set: 2.3ms
[53.979s][info][gc,phases   ] GC(1029)   Post Evacuate Collection Set: 1.8ms
[53.979s][info][gc,phases   ] GC(1029)   Other: 0.5ms
[53.980s][info][gc,heap     ] GC(1029) Eden regions: 149->0(149)
[53.980s][info][gc,heap     ] GC(1029) Survivor regions: 4->4(20)
[53.980s][info][gc,heap     ] GC(1029) Old regions: 2->2
[53.981s][info][gc,heap     ] GC(1029) Archive regions: 2->2
[53.981s][info][gc,heap     ] GC(1029) Humongous regions: 0->0
[53.981s][info][gc,metaspace] GC(1029) Metaspace: 615K(832K)->615K(832K) NonClass: 597K(704K)->597K(704K) Class: 17K(128K)->17K(128K)
[53.982s][info][gc          ] GC(1029) Pause Young (Normal) (G1 Evacuation Pause) 154M->5M(256M) 10.911ms
[53.982s][info][gc,cpu      ] GC(1029) User=0.02s Sys=0.00s Real=0.01s
[54.032s][info][gc,start    ] GC(1030) Pause Young (Normal) (G1 Evacuation Pause)
[54.033s][info][gc,task     ] GC(1030) Using 6 workers of 8 for evacuation
[54.036s][info][gc,phases   ] GC(1030)   Pre Evacuate Collection Set: 0.3ms
[54.037s][info][gc,phases   ] GC(1030)   Merge Heap Roots: 0.2ms
[54.037s][info][gc,phases   ] GC(1030)   Evacuate Collection Set: 1.7ms
[54.037s][info][gc,phases   ] GC(1030)   Post Evacuate Collection Set: 0.9ms
[54.038s][info][gc,phases   ] GC(1030)   Other: 0.5ms
[54.038s][info][gc,heap     ] GC(1030) Eden regions: 149->0(150)
[54.038s][info][gc,heap     ] GC(1030) Survivor regions: 4->3(20)
[54.039s][info][gc,heap     ] GC(1030) Old regions: 2->2
[54.040s][info][gc,heap     ] GC(1030) Archive regions: 2->2
[54.040s][info][gc,heap     ] GC(1030) Humongous regions: 0->0
[54.041s][info][gc,metaspace] GC(1030) Metaspace: 615K(832K)->615K(832K) NonClass: 597K(704K)->597K(704K) Class: 17K(128K)->17K(128K)
[54.042s][info][gc          ] GC(1030) Pause Young (Normal) (G1 Evacuation Pause) 154M->5M(256M) 9.619ms
[54.043s][info][gc,cpu      ] GC(1030) User=0.00s Sys=0.00s Real=0.01s
[54.087s][info][gc,start    ] GC(1031) Pause Young (Normal) (G1 Evacuation Pause)
[54.088s][info][gc,task     ] GC(1031) Using 6 workers of 8 for evacuation
[54.094s][info][gc,phases   ] GC(1031)   Pre Evacuate Collection Set: 0.3ms
[54.095s][info][gc,phases   ] GC(1031)   Merge Heap Roots: 0.3ms
[54.096s][info][gc,phases   ] GC(1031)   Evacuate Collection Set: 3.2ms
[54.096s][info][gc,phases   ] GC(1031)   Post Evacuate Collection Set: 1.4ms
[54.096s][info][gc,phases   ] GC(1031)   Other: 0.6ms
[54.097s][info][gc,heap     ] GC(1031) Eden regions: 150->0(149)
[54.097s][info][gc,heap     ] GC(1031) Survivor regions: 3->4(20)
[54.097s][info][gc,heap     ] GC(1031) Old regions: 2->2
[54.098s][info][gc,heap     ] GC(1031) Archive regions: 2->2
[54.098s][info][gc,heap     ] GC(1031) Humongous regions: 0->0
[54.098s][info][gc,metaspace] GC(1031) Metaspace: 615K(832K)->615K(832K) NonClass: 597K(704K)->597K(704K) Class: 17K(128K)->17K(128K)
[54.099s][info][gc          ] GC(1031) Pause Young (Normal) (G1 Evacuation Pause) 155M->6M(256M) 11.181ms
[54.099s][info][gc,cpu      ] GC(1031) User=0.02s Sys=0.00s Real=0.01s
[54.142s][info][gc,start    ] GC(1032) Pause Young (Normal) (G1 Evacuation Pause)
[54.144s][info][gc,task     ] GC(1032) Using 6 workers of 8 for evacuation
[54.147s][info][gc,phases   ] GC(1032)   Pre Evacuate Collection Set: 0.4ms
[54.148s][info][gc,phases   ] GC(1032)   Merge Heap Roots: 0.3ms
[54.148s][info][gc,phases   ] GC(1032)   Evacuate Collection Set: 1.3ms
[54.148s][info][gc,phases   ] GC(1032)   Post Evacuate Collection Set: 0.8ms
[54.149s][info][gc,phases   ] GC(1032)   Other: 0.8ms
[54.149s][info][gc,heap     ] GC(1032) Eden regions: 149->0(149)
[54.149s][info][gc,heap     ] GC(1032) Survivor regions: 4->4(20)
[54.149s][info][gc,heap     ] GC(1032) Old regions: 2->2
[54.150s][info][gc,heap     ] GC(1032) Archive regions: 2->2
[54.150s][info][gc,heap     ] GC(1032) Humongous regions: 0->0
[54.150s][info][gc,metaspace] GC(1032) Metaspace: 615K(832K)->615K(832K) NonClass: 597K(704K)->597K(704K) Class: 17K(128K)->17K(128K)
[54.151s][info][gc          ] GC(1032) Pause Young (Normal) (G1 Evacuation Pause) 155M->5M(256M) 8.240ms
[54.151s][info][gc,cpu      ] GC(1032) User=0.00s Sys=0.01s Real=0.01s
[54.196s][info][gc,start    ] GC(1033) Pause Young (Normal) (G1 Evacuation Pause)
[54.197s][info][gc,task     ] GC(1033) Using 6 workers of 8 for evacuation
[54.200s][info][gc,phases   ] GC(1033)   Pre Evacuate Collection Set: 0.3ms
[54.200s][info][gc,phases   ] GC(1033)   Merge Heap Roots: 0.3ms
[54.200s][info][gc,phases   ] GC(1033)   Evacuate Collection Set: 1.3ms
[54.201s][info][gc,phases   ] GC(1033)   Post Evacuate Collection Set: 0.9ms
[54.201s][info][gc,phases   ] GC(1033)   Other: 0.4ms
[54.201s][info][gc,heap     ] GC(1033) Eden regions: 149->0(149)
[54.201s][info][gc,heap     ] GC(1033) Survivor regions: 4->4(20)
[54.202s][info][gc,heap     ] GC(1033) Old regions: 2->2
[54.202s][info][gc,heap     ] GC(1033) Archive regions: 2->2
[54.202s][info][gc,heap     ] GC(1033) Humongous regions: 0->0
[54.203s][info][gc,metaspace] GC(1033) Metaspace: 615K(832K)->615K(832K) NonClass: 597K(704K)->597K(704K) Class: 17K(128K)->17K(128K)
[54.203s][info][gc          ] GC(1033) Pause Young (Normal) (G1 Evacuation Pause) 154M->5M(256M) 6.688ms
[54.203s][info][gc,cpu      ] GC(1033) User=0.01s Sys=0.00s Real=0.01s
[54.249s][info][gc,start    ] GC(1034) Pause Young (Normal) (G1 Evacuation Pause)
[54.249s][info][gc,task     ] GC(1034) Using 6 workers of 8 for evacuation
[54.251s][info][gc,phases   ] GC(1034)   Pre Evacuate Collection Set: 0.3ms
[54.252s][info][gc,phases   ] GC(1034)   Merge Heap Roots: 0.3ms
[54.252s][info][gc,phases   ] GC(1034)   Evacuate Collection Set: 0.8ms
[54.253s][info][gc,phases   ] GC(1034)   Post Evacuate Collection Set: 0.9ms
[54.253s][info][gc,phases   ] GC(1034)   Other: 0.4ms
[54.253s][info][gc,heap     ] GC(1034) Eden regions: 149->0(150)
[54.254s][info][gc,heap     ] GC(1034) Survivor regions: 4->3(20)
[54.254s][info][gc,heap     ] GC(1034) Old regions: 2->2
[54.255s][info][gc,heap     ] GC(1034) Archive regions: 2->2
[54.255s][info][gc,heap     ] GC(1034) Humongous regions: 0->0
[54.255s][info][gc,metaspace] GC(1034) Metaspace: 615K(832K)->615K(832K) NonClass: 597K(704K)->597K(704K) Class: 17K(128K)->17K(128K)
[54.256s][info][gc          ] GC(1034) Pause Young (Normal) (G1 Evacuation Pause) 154M->5M(256M) 7.793ms
[54.257s][info][gc,cpu      ] GC(1034) User=0.01s Sys=0.00s Real=0.01s
[54.302s][info][gc,start    ] GC(1035) Pause Young (Normal) (G1 Evacuation Pause)
[54.302s][info][gc,task     ] GC(1035) Using 6 workers of 8 for evacuation
[54.305s][info][gc,phases   ] GC(1035)   Pre Evacuate Collection Set: 0.2ms
[54.306s][info][gc,phases   ] GC(1035)   Merge Heap Roots: 0.2ms
[54.307s][info][gc,phases   ] GC(1035)   Evacuate Collection Set: 1.0ms
[54.308s][info][gc,phases   ] GC(1035)   Post Evacuate Collection Set: 0.9ms
[54.308s][info][gc,phases   ] GC(1035)   Other: 0.4ms
[54.309s][info][gc,heap     ] GC(1035) Eden regions: 150->0(149)
[54.310s][info][gc,heap     ] GC(1035) Survivor regions: 3->4(20)
[54.310s][info][gc,heap     ] GC(1035) Old regions: 2->2
[54.311s][info][gc,heap     ] GC(1035) Archive regions: 2->2
[54.311s][info][gc,heap     ] GC(1035) Humongous regions: 0->0
[54.312s][info][gc,metaspace] GC(1035) Metaspace: 615K(832K)->615K(832K) NonClass: 597K(704K)->597K(704K) Class: 17K(128K)->17K(128K)
[54.312s][info][gc          ] GC(1035) Pause Young (Normal) (G1 Evacuation Pause) 155M->6M(256M) 10.092ms
[54.312s][info][gc,cpu      ] GC(1035) User=0.01s Sys=0.01s Real=0.01s
[54.364s][info][gc,start    ] GC(1036) Pause Young (Normal) (G1 Evacuation Pause)
[54.365s][info][gc,task     ] GC(1036) Using 6 workers of 8 for evacuation
[54.368s][info][gc,phases   ] GC(1036)   Pre Evacuate Collection Set: 0.3ms
[54.370s][info][gc,phases   ] GC(1036)   Merge Heap Roots: 0.3ms
[54.370s][info][gc,phases   ] GC(1036)   Evacuate Collection Set: 1.2ms
[54.370s][info][gc,phases   ] GC(1036)   Post Evacuate Collection Set: 1.0ms
[54.371s][info][gc,phases   ] GC(1036)   Other: 0.4ms
[54.371s][info][gc,heap     ] GC(1036) Eden regions: 149->0(149)
[54.371s][info][gc,heap     ] GC(1036) Survivor regions: 4->4(20)
[54.371s][info][gc,heap     ] GC(1036) Old regions: 2->2
[54.372s][info][gc,heap     ] GC(1036) Archive regions: 2->2
[54.372s][info][gc,heap     ] GC(1036) Humongous regions: 0->0
[54.373s][info][gc,metaspace] GC(1036) Metaspace: 615K(832K)->615K(832K) NonClass: 597K(704K)->597K(704K) Class: 17K(128K)->17K(128K)
[54.374s][info][gc          ] GC(1036) Pause Young (Normal) (G1 Evacuation Pause) 155M->5M(256M) 9.937ms
[54.375s][info][gc,cpu      ] GC(1036) User=0.00s Sys=0.00s Real=0.01s
[54.421s][info][gc,start    ] GC(1037) Pause Young (Normal) (G1 Evacuation Pause)
[54.421s][info][gc,task     ] GC(1037) Using 6 workers of 8 for evacuation
[54.429s][info][gc,phases   ] GC(1037)   Pre Evacuate Collection Set: 0.4ms
[54.429s][info][gc,phases   ] GC(1037)   Merge Heap Roots: 0.4ms
[54.429s][info][gc,phases   ] GC(1037)   Evacuate Collection Set: 4.8ms
[54.429s][info][gc,phases   ] GC(1037)   Post Evacuate Collection Set: 1.3ms
[54.430s][info][gc,phases   ] GC(1037)   Other: 0.5ms
[54.430s][info][gc,heap     ] GC(1037) Eden regions: 149->0(150)
[54.430s][info][gc,heap     ] GC(1037) Survivor regions: 4->3(20)
[54.431s][info][gc,heap     ] GC(1037) Old regions: 2->2
[54.431s][info][gc,heap     ] GC(1037) Archive regions: 2->2
[54.432s][info][gc,heap     ] GC(1037) Humongous regions: 0->0
[54.432s][info][gc,metaspace] GC(1037) Metaspace: 615K(832K)->615K(832K) NonClass: 597K(704K)->597K(704K) Class: 17K(128K)->17K(128K)
[54.433s][info][gc          ] GC(1037) Pause Young (Normal) (G1 Evacuation Pause) 154M->5M(256M) 11.606ms
[54.433s][info][gc,cpu      ] GC(1037) User=0.02s Sys=0.00s Real=0.01s
[54.483s][info][gc,start    ] GC(1038) Pause Young (Normal) (G1 Evacuation Pause)
[54.484s][info][gc,task     ] GC(1038) Using 6 workers of 8 for evacuation
[54.487s][info][gc,phases   ] GC(1038)   Pre Evacuate Collection Set: 0.3ms
[54.488s][info][gc,phases   ] GC(1038)   Merge Heap Roots: 0.2ms
[54.488s][info][gc,phases   ] GC(1038)   Evacuate Collection Set: 1.2ms
[54.490s][info][gc,phases   ] GC(1038)   Post Evacuate Collection Set: 1.1ms
[54.492s][info][gc,phases   ] GC(1038)   Other: 1.0ms
[54.492s][info][gc,heap     ] GC(1038) Eden regions: 150->0(149)
[54.493s][info][gc,heap     ] GC(1038) Survivor regions: 3->4(20)
[54.494s][info][gc,heap     ] GC(1038) Old regions: 2->2
[54.495s][info][gc,heap     ] GC(1038) Archive regions: 2->2
[54.495s][info][gc,heap     ] GC(1038) Humongous regions: 0->0
[54.496s][info][gc,metaspace] GC(1038) Metaspace: 615K(832K)->615K(832K) NonClass: 597K(704K)->597K(704K) Class: 17K(128K)->17K(128K)
[54.496s][info][gc          ] GC(1038) Pause Young (Normal) (G1 Evacuation Pause) 155M->6M(256M) 12.942ms
[54.497s][info][gc,cpu      ] GC(1038) User=0.00s Sys=0.01s Real=0.02s
[54.547s][info][gc,start    ] GC(1039) Pause Young (Normal) (G1 Evacuation Pause)
[54.547s][info][gc,task     ] GC(1039) Using 6 workers of 8 for evacuation
[54.550s][info][gc,phases   ] GC(1039)   Pre Evacuate Collection Set: 0.3ms
[54.550s][info][gc,phases   ] GC(1039)   Merge Heap Roots: 0.3ms
[54.551s][info][gc,phases   ] GC(1039)   Evacuate Collection Set: 1.1ms
[54.551s][info][gc,phases   ] GC(1039)   Post Evacuate Collection Set: 0.7ms
[54.551s][info][gc,phases   ] GC(1039)   Other: 0.4ms
[54.552s][info][gc,heap     ] GC(1039) Eden regions: 149->0(149)
[54.552s][info][gc,heap     ] GC(1039) Survivor regions: 4->4(20)
[54.552s][info][gc,heap     ] GC(1039) Old regions: 2->2
[54.553s][info][gc,heap     ] GC(1039) Archive regions: 2->2
[54.553s][info][gc,heap     ] GC(1039) Humongous regions: 0->0
[54.554s][info][gc,metaspace] GC(1039) Metaspace: 615K(832K)->615K(832K) NonClass: 597K(704K)->597K(704K) Class: 17K(128K)->17K(128K)
[54.554s][info][gc          ] GC(1039) Pause Young (Normal) (G1 Evacuation Pause) 155M->5M(256M) 7.213ms
[54.554s][info][gc,cpu      ] GC(1039) User=0.00s Sys=0.00s Real=0.00s
[54.601s][info][gc,start    ] GC(1040) Pause Young (Normal) (G1 Evacuation Pause)
[54.601s][info][gc,task     ] GC(1040) Using 6 workers of 8 for evacuation
[54.605s][info][gc,phases   ] GC(1040)   Pre Evacuate Collection Set: 0.2ms
[54.605s][info][gc,phases   ] GC(1040)   Merge Heap Roots: 0.2ms
[54.606s][info][gc,phases   ] GC(1040)   Evacuate Collection Set: 1.3ms
[54.608s][info][gc,phases   ] GC(1040)   Post Evacuate Collection Set: 1.0ms
[54.609s][info][gc,phases   ] GC(1040)   Other: 0.4ms
[54.610s][info][gc,heap     ] GC(1040) Eden regions: 149->0(150)
[54.610s][info][gc,heap     ] GC(1040) Survivor regions: 4->3(20)
[54.611s][info][gc,heap     ] GC(1040) Old regions: 2->2
[54.611s][info][gc,heap     ] GC(1040) Archive regions: 2->2
[54.612s][info][gc,heap     ] GC(1040) Humongous regions: 0->0
[54.612s][info][gc,metaspace] GC(1040) Metaspace: 615K(832K)->615K(832K) NonClass: 597K(704K)->597K(704K) Class: 17K(128K)->17K(128K)
[54.612s][info][gc          ] GC(1040) Pause Young (Normal) (G1 Evacuation Pause) 154M->5M(256M) 11.377ms
[54.613s][info][gc,cpu      ] GC(1040) User=0.01s Sys=0.01s Real=0.01s
[54.656s][info][gc,start    ] GC(1041) Pause Young (Normal) (G1 Evacuation Pause)
[54.657s][info][gc,task     ] GC(1041) Using 6 workers of 8 for evacuation
[54.662s][info][gc,phases   ] GC(1041)   Pre Evacuate Collection Set: 0.4ms
[54.663s][info][gc,phases   ] GC(1041)   Merge Heap Roots: 0.5ms
[54.663s][info][gc,phases   ] GC(1041)   Evacuate Collection Set: 2.1ms
[54.663s][info][gc,phases   ] GC(1041)   Post Evacuate Collection Set: 1.1ms
[54.664s][info][gc,phases   ] GC(1041)   Other: 0.8ms
[54.665s][info][gc,heap     ] GC(1041) Eden regions: 150->0(149)
[54.665s][info][gc,heap     ] GC(1041) Survivor regions: 3->4(20)
[54.666s][info][gc,heap     ] GC(1041) Old regions: 2->2
[54.666s][info][gc,heap     ] GC(1041) Archive regions: 2->2
[54.666s][info][gc,heap     ] GC(1041) Humongous regions: 0->0
[54.667s][info][gc,metaspace] GC(1041) Metaspace: 615K(832K)->615K(832K) NonClass: 597K(704K)->597K(704K) Class: 17K(128K)->17K(128K)
[54.667s][info][gc          ] GC(1041) Pause Young (Normal) (G1 Evacuation Pause) 155M->6M(256M) 10.732ms
[54.667s][info][gc,cpu      ] GC(1041) User=0.01s Sys=0.00s Real=0.02s
[54.715s][info][gc,start    ] GC(1042) Pause Young (Normal) (G1 Evacuation Pause)
[54.716s][info][gc,task     ] GC(1042) Using 6 workers of 8 for evacuation
[54.719s][info][gc,phases   ] GC(1042)   Pre Evacuate Collection Set: 0.3ms
[54.720s][info][gc,phases   ] GC(1042)   Merge Heap Roots: 0.4ms
[54.720s][info][gc,phases   ] GC(1042)   Evacuate Collection Set: 1.2ms
[54.721s][info][gc,phases   ] GC(1042)   Post Evacuate Collection Set: 1.0ms
[54.721s][info][gc,phases   ] GC(1042)   Other: 0.4ms
[54.722s][info][gc,heap     ] GC(1042) Eden regions: 149->0(149)
[54.723s][info][gc,heap     ] GC(1042) Survivor regions: 4->4(20)
[54.724s][info][gc,heap     ] GC(1042) Old regions: 2->2
[54.725s][info][gc,heap     ] GC(1042) Archive regions: 2->2
[54.725s][info][gc,heap     ] GC(1042) Humongous regions: 0->0
[54.729s][info][gc,metaspace] GC(1042) Metaspace: 615K(832K)->615K(832K) NonClass: 597K(704K)->597K(704K) Class: 17K(128K)->17K(128K)
[54.730s][info][gc          ] GC(1042) Pause Young (Normal) (G1 Evacuation Pause) 155M->6M(256M) 14.760ms
[54.731s][info][gc,cpu      ] GC(1042) User=0.00s Sys=0.01s Real=0.02s
[54.788s][info][gc,start    ] GC(1043) Pause Young (Normal) (G1 Evacuation Pause)
[54.788s][info][gc,task     ] GC(1043) Using 6 workers of 8 for evacuation
[54.797s][info][gc,phases   ] GC(1043)   Pre Evacuate Collection Set: 0.5ms
[54.797s][info][gc,phases   ] GC(1043)   Merge Heap Roots: 0.6ms
[54.797s][info][gc,phases   ] GC(1043)   Evacuate Collection Set: 5.7ms
[54.798s][info][gc,phases   ] GC(1043)   Post Evacuate Collection Set: 0.9ms
[54.798s][info][gc,phases   ] GC(1043)   Other: 0.9ms
[54.799s][info][gc,heap     ] GC(1043) Eden regions: 149->0(149)
[54.799s][info][gc,heap     ] GC(1043) Survivor regions: 4->4(20)
[54.800s][info][gc,heap     ] GC(1043) Old regions: 2->2
[54.800s][info][gc,heap     ] GC(1043) Archive regions: 2->2
[54.800s][info][gc,heap     ] GC(1043) Humongous regions: 0->0
[54.801s][info][gc,metaspace] GC(1043) Metaspace: 615K(832K)->615K(832K) NonClass: 597K(704K)->597K(704K) Class: 17K(128K)->17K(128K)
[54.801s][info][gc          ] GC(1043) Pause Young (Normal) (G1 Evacuation Pause) 155M->5M(256M) 13.716ms
[54.802s][info][gc,cpu      ] GC(1043) User=0.01s Sys=0.00s Real=0.01s
[54.865s][info][gc,start    ] GC(1044) Pause Young (Normal) (G1 Evacuation Pause)
[54.865s][info][gc,task     ] GC(1044) Using 6 workers of 8 for evacuation
[54.870s][info][gc,phases   ] GC(1044)   Pre Evacuate Collection Set: 0.3ms
[54.870s][info][gc,phases   ] GC(1044)   Merge Heap Roots: 0.3ms
[54.870s][info][gc,phases   ] GC(1044)   Evacuate Collection Set: 1.5ms
[54.871s][info][gc,phases   ] GC(1044)   Post Evacuate Collection Set: 1.4ms
[54.871s][info][gc,phases   ] GC(1044)   Other: 0.5ms
[54.871s][info][gc,heap     ] GC(1044) Eden regions: 149->0(150)
[54.872s][info][gc,heap     ] GC(1044) Survivor regions: 4->3(20)
[54.874s][info][gc,heap     ] GC(1044) Old regions: 2->2
[54.875s][info][gc,heap     ] GC(1044) Archive regions: 2->2
[54.876s][info][gc,heap     ] GC(1044) Humongous regions: 0->0
[54.877s][info][gc,metaspace] GC(1044) Metaspace: 615K(832K)->615K(832K) NonClass: 597K(704K)->597K(704K) Class: 17K(128K)->17K(128K)
[54.878s][info][gc          ] GC(1044) Pause Young (Normal) (G1 Evacuation Pause) 154M->5M(256M) 13.462ms
[54.879s][info][gc,cpu      ] GC(1044) User=0.00s Sys=0.01s Real=0.02s
[54.932s][info][gc,start    ] GC(1045) Pause Young (Normal) (G1 Evacuation Pause)
[54.933s][info][gc,task     ] GC(1045) Using 6 workers of 8 for evacuation
[54.936s][info][gc,phases   ] GC(1045)   Pre Evacuate Collection Set: 0.3ms
[54.937s][info][gc,phases   ] GC(1045)   Merge Heap Roots: 0.3ms
[54.937s][info][gc,phases   ] GC(1045)   Evacuate Collection Set: 1.3ms
[54.938s][info][gc,phases   ] GC(1045)   Post Evacuate Collection Set: 0.9ms
[54.938s][info][gc,phases   ] GC(1045)   Other: 0.6ms
[54.938s][info][gc,heap     ] GC(1045) Eden regions: 150->0(149)
[54.939s][info][gc,heap     ] GC(1045) Survivor regions: 3->4(20)
[54.939s][info][gc,heap     ] GC(1045) Old regions: 2->2
[54.940s][info][gc,heap     ] GC(1045) Archive regions: 2->2
[54.941s][info][gc,heap     ] GC(1045) Humongous regions: 0->0
[54.942s][info][gc,metaspace] GC(1045) Metaspace: 615K(832K)->615K(832K) NonClass: 597K(704K)->597K(704K) Class: 17K(128K)->17K(128K)
[54.943s][info][gc          ] GC(1045) Pause Young (Normal) (G1 Evacuation Pause) 155M->6M(256M) 10.103ms
[54.944s][info][gc,cpu      ] GC(1045) User=0.00s Sys=0.00s Real=0.01s
[54.989s][info][gc,start    ] GC(1046) Pause Young (Normal) (G1 Evacuation Pause)
[54.991s][info][gc,task     ] GC(1046) Using 6 workers of 8 for evacuation
[54.996s][info][gc,phases   ] GC(1046)   Pre Evacuate Collection Set: 0.5ms
[54.997s][info][gc,phases   ] GC(1046)   Merge Heap Roots: 0.4ms
[54.997s][info][gc,phases   ] GC(1046)   Evacuate Collection Set: 1.7ms
[54.998s][info][gc,phases   ] GC(1046)   Post Evacuate Collection Set: 1.4ms
[54.998s][info][gc,phases   ] GC(1046)   Other: 1.1ms
[54.998s][info][gc,heap     ] GC(1046) Eden regions: 149->0(149)
[54.999s][info][gc,heap     ] GC(1046) Survivor regions: 4->4(20)
[54.999s][info][gc,heap     ] GC(1046) Old regions: 2->2
[54.999s][info][gc,heap     ] GC(1046) Archive regions: 2->2
[55.000s][info][gc,heap     ] GC(1046) Humongous regions: 0->0
[55.000s][info][gc,metaspace] GC(1046) Metaspace: 615K(832K)->615K(832K) NonClass: 597K(704K)->597K(704K) Class: 17K(128K)->17K(128K)
[55.000s][info][gc          ] GC(1046) Pause Young (Normal) (G1 Evacuation Pause) 155M->5M(256M) 11.118ms
[55.001s][info][gc,cpu      ] GC(1046) User=0.01s Sys=0.00s Real=0.01s
[55.051s][info][gc,start    ] GC(1047) Pause Young (Normal) (G1 Evacuation Pause)
[55.051s][info][gc,task     ] GC(1047) Using 6 workers of 8 for evacuation
[55.054s][info][gc,phases   ] GC(1047)   Pre Evacuate Collection Set: 0.2ms
[55.055s][info][gc,phases   ] GC(1047)   Merge Heap Roots: 0.3ms
[55.055s][info][gc,phases   ] GC(1047)   Evacuate Collection Set: 1.1ms
[55.056s][info][gc,phases   ] GC(1047)   Post Evacuate Collection Set: 0.9ms
[55.058s][info][gc,phases   ] GC(1047)   Other: 0.5ms
[55.058s][info][gc,heap     ] GC(1047) Eden regions: 149->0(150)
[55.059s][info][gc,heap     ] GC(1047) Survivor regions: 4->3(20)
[55.060s][info][gc,heap     ] GC(1047) Old regions: 2->2
[55.060s][info][gc,heap     ] GC(1047) Archive regions: 2->2
[55.061s][info][gc,heap     ] GC(1047) Humongous regions: 0->0
[55.061s][info][gc,metaspace] GC(1047) Metaspace: 615K(832K)->615K(832K) NonClass: 597K(704K)->597K(704K) Class: 17K(128K)->17K(128K)
[55.062s][info][gc          ] GC(1047) Pause Young (Normal) (G1 Evacuation Pause) 154M->5M(256M) 11.018ms
[55.062s][info][gc,cpu      ] GC(1047) User=0.01s Sys=0.00s Real=0.01s
[55.110s][info][gc,start    ] GC(1048) Pause Young (Normal) (G1 Evacuation Pause)
[55.111s][info][gc,task     ] GC(1048) Using 6 workers of 8 for evacuation
[55.116s][info][gc,phases   ] GC(1048)   Pre Evacuate Collection Set: 0.3ms
[55.116s][info][gc,phases   ] GC(1048)   Merge Heap Roots: 0.4ms
[55.117s][info][gc,phases   ] GC(1048)   Evacuate Collection Set: 1.9ms
[55.117s][info][gc,phases   ] GC(1048)   Post Evacuate Collection Set: 1.0ms
[55.117s][info][gc,phases   ] GC(1048)   Other: 0.8ms
[55.118s][info][gc,heap     ] GC(1048) Eden regions: 150->0(149)
[55.118s][info][gc,heap     ] GC(1048) Survivor regions: 3->4(20)
[55.119s][info][gc,heap     ] GC(1048) Old regions: 2->2
[55.119s][info][gc,heap     ] GC(1048) Archive regions: 2->2
[55.120s][info][gc,heap     ] GC(1048) Humongous regions: 0->0
[55.120s][info][gc,metaspace] GC(1048) Metaspace: 615K(832K)->615K(832K) NonClass: 597K(704K)->597K(704K) Class: 17K(128K)->17K(128K)
[55.121s][info][gc          ] GC(1048) Pause Young (Normal) (G1 Evacuation Pause) 155M->6M(256M) 10.398ms
[55.121s][info][gc,cpu      ] GC(1048) User=0.00s Sys=0.00s Real=0.01s
[55.169s][info][gc,start    ] GC(1049) Pause Young (Normal) (G1 Evacuation Pause)
[55.169s][info][gc,task     ] GC(1049) Using 6 workers of 8 for evacuation
[55.172s][info][gc,phases   ] GC(1049)   Pre Evacuate Collection Set: 0.3ms
[55.174s][info][gc,phases   ] GC(1049)   Merge Heap Roots: 0.3ms
[55.175s][info][gc,phases   ] GC(1049)   Evacuate Collection Set: 1.0ms
[55.176s][info][gc,phases   ] GC(1049)   Post Evacuate Collection Set: 1.0ms
[55.177s][info][gc,phases   ] GC(1049)   Other: 0.5ms
[55.177s][info][gc,heap     ] GC(1049) Eden regions: 149->0(149)
[55.178s][info][gc,heap     ] GC(1049) Survivor regions: 4->4(20)
[55.179s][info][gc,heap     ] GC(1049) Old regions: 2->2
[55.179s][info][gc,heap     ] GC(1049) Archive regions: 2->2
[55.180s][info][gc,heap     ] GC(1049) Humongous regions: 0->0
[55.180s][info][gc,metaspace] GC(1049) Metaspace: 615K(832K)->615K(832K) NonClass: 597K(704K)->597K(704K) Class: 17K(128K)->17K(128K)
[55.180s][info][gc          ] GC(1049) Pause Young (Normal) (G1 Evacuation Pause) 155M->5M(256M) 11.558ms
[55.181s][info][gc,cpu      ] GC(1049) User=0.01s Sys=0.00s Real=0.01s
[55.219s][info][gc,start    ] GC(1050) Pause Young (Normal) (G1 Evacuation Pause)
[55.220s][info][gc,task     ] GC(1050) Using 6 workers of 8 for evacuation
[55.224s][info][gc,phases   ] GC(1050)   Pre Evacuate Collection Set: 0.3ms
[55.225s][info][gc,phases   ] GC(1050)   Merge Heap Roots: 0.2ms
[55.225s][info][gc,phases   ] GC(1050)   Evacuate Collection Set: 1.1ms
[55.226s][info][gc,phases   ] GC(1050)   Post Evacuate Collection Set: 1.5ms
[55.227s][info][gc,phases   ] GC(1050)   Other: 0.7ms
[55.228s][info][gc,heap     ] GC(1050) Eden regions: 149->0(149)
[55.228s][info][gc,heap     ] GC(1050) Survivor regions: 4->4(20)
[55.229s][info][gc,heap     ] GC(1050) Old regions: 2->2
[55.229s][info][gc,heap     ] GC(1050) Archive regions: 2->2
[55.229s][info][gc,heap     ] GC(1050) Humongous regions: 0->0
[55.230s][info][gc,metaspace] GC(1050) Metaspace: 615K(832K)->615K(832K) NonClass: 597K(704K)->597K(704K) Class: 17K(128K)->17K(128K)
[55.230s][info][gc          ] GC(1050) Pause Young (Normal) (G1 Evacuation Pause) 154M->5M(256M) 10.537ms
[55.230s][info][gc,cpu      ] GC(1050) User=0.01s Sys=0.00s Real=0.01s
[55.271s][info][gc,start    ] GC(1051) Pause Young (Normal) (G1 Evacuation Pause)
[55.272s][info][gc,task     ] GC(1051) Using 6 workers of 8 for evacuation
[55.277s][info][gc,phases   ] GC(1051)   Pre Evacuate Collection Set: 0.3ms
[55.278s][info][gc,phases   ] GC(1051)   Merge Heap Roots: 0.3ms
[55.279s][info][gc,phases   ] GC(1051)   Evacuate Collection Set: 2.3ms
[55.279s][info][gc,phases   ] GC(1051)   Post Evacuate Collection Set: 1.7ms
[55.279s][info][gc,phases   ] GC(1051)   Other: 0.6ms
[55.280s][info][gc,heap     ] GC(1051) Eden regions: 149->0(150)
[55.280s][info][gc,heap     ] GC(1051) Survivor regions: 4->3(20)
[55.280s][info][gc,heap     ] GC(1051) Old regions: 2->2
[55.281s][info][gc,heap     ] GC(1051) Archive regions: 2->2
[55.281s][info][gc,heap     ] GC(1051) Humongous regions: 0->0
[55.281s][info][gc,metaspace] GC(1051) Metaspace: 615K(832K)->615K(832K) NonClass: 597K(704K)->597K(704K) Class: 17K(128K)->17K(128K)
[55.282s][info][gc          ] GC(1051) Pause Young (Normal) (G1 Evacuation Pause) 154M->5M(256M) 10.444ms
[55.282s][info][gc,cpu      ] GC(1051) User=0.00s Sys=0.01s Real=0.01s
[55.322s][info][gc,start    ] GC(1052) Pause Young (Normal) (G1 Evacuation Pause)
[55.322s][info][gc,task     ] GC(1052) Using 6 workers of 8 for evacuation
[55.327s][info][gc,phases   ] GC(1052)   Pre Evacuate Collection Set: 0.4ms
[55.328s][info][gc,phases   ] GC(1052)   Merge Heap Roots: 0.3ms
[55.328s][info][gc,phases   ] GC(1052)   Evacuate Collection Set: 1.7ms
[55.329s][info][gc,phases   ] GC(1052)   Post Evacuate Collection Set: 1.5ms
[55.329s][info][gc,phases   ] GC(1052)   Other: 0.7ms
[55.329s][info][gc,heap     ] GC(1052) Eden regions: 150->0(149)
[55.330s][info][gc,heap     ] GC(1052) Survivor regions: 3->4(20)
[55.330s][info][gc,heap     ] GC(1052) Old regions: 2->2
[55.330s][info][gc,heap     ] GC(1052) Archive regions: 2->2
[55.331s][info][gc,heap     ] GC(1052) Humongous regions: 0->0
[55.331s][info][gc,metaspace] GC(1052) Metaspace: 615K(832K)->615K(832K) NonClass: 597K(704K)->597K(704K) Class: 17K(128K)->17K(128K)
[55.331s][info][gc          ] GC(1052) Pause Young (Normal) (G1 Evacuation Pause) 155M->6M(256M) 9.891ms
[55.332s][info][gc,cpu      ] GC(1052) User=0.00s Sys=0.01s Real=0.01s
[55.378s][info][gc,start    ] GC(1053) Pause Young (Normal) (G1 Evacuation Pause)
[55.380s][info][gc,task     ] GC(1053) Using 6 workers of 8 for evacuation
[55.383s][info][gc,phases   ] GC(1053)   Pre Evacuate Collection Set: 0.3ms
[55.384s][info][gc,phases   ] GC(1053)   Merge Heap Roots: 0.2ms
[55.384s][info][gc,phases   ] GC(1053)   Evacuate Collection Set: 1.3ms
[55.384s][info][gc,phases   ] GC(1053)   Post Evacuate Collection Set: 0.8ms
[55.385s][info][gc,phases   ] GC(1053)   Other: 0.8ms
[55.385s][info][gc,heap     ] GC(1053) Eden regions: 149->0(149)
[55.386s][info][gc,heap     ] GC(1053) Survivor regions: 4->4(20)
[55.386s][info][gc,heap     ] GC(1053) Old regions: 2->2
[55.386s][info][gc,heap     ] GC(1053) Archive regions: 2->2
[55.387s][info][gc,heap     ] GC(1053) Humongous regions: 0->0
[55.387s][info][gc,metaspace] GC(1053) Metaspace: 615K(832K)->615K(832K) NonClass: 597K(704K)->597K(704K) Class: 17K(128K)->17K(128K)
[55.387s][info][gc          ] GC(1053) Pause Young (Normal) (G1 Evacuation Pause) 155M->5M(256M) 9.547ms
[55.388s][info][gc,cpu      ] GC(1053) User=0.00s Sys=0.00s Real=0.01s
[55.432s][info][gc,start    ] GC(1054) Pause Young (Normal) (G1 Evacuation Pause)
[55.433s][info][gc,task     ] GC(1054) Using 6 workers of 8 for evacuation
[55.435s][info][gc,phases   ] GC(1054)   Pre Evacuate Collection Set: 0.2ms
[55.436s][info][gc,phases   ] GC(1054)   Merge Heap Roots: 0.3ms
[55.436s][info][gc,phases   ] GC(1054)   Evacuate Collection Set: 0.9ms
[55.437s][info][gc,phases   ] GC(1054)   Post Evacuate Collection Set: 0.8ms
[55.437s][info][gc,phases   ] GC(1054)   Other: 0.4ms
[55.437s][info][gc,heap     ] GC(1054) Eden regions: 149->0(149)
[55.438s][info][gc,heap     ] GC(1054) Survivor regions: 4->4(20)
[55.438s][info][gc,heap     ] GC(1054) Old regions: 2->2
[55.438s][info][gc,heap     ] GC(1054) Archive regions: 2->2
[55.439s][info][gc,heap     ] GC(1054) Humongous regions: 0->0
[55.439s][info][gc,metaspace] GC(1054) Metaspace: 615K(832K)->615K(832K) NonClass: 597K(704K)->597K(704K) Class: 17K(128K)->17K(128K)
[55.440s][info][gc          ] GC(1054) Pause Young (Normal) (G1 Evacuation Pause) 154M->5M(256M) 7.263ms
[55.440s][info][gc,cpu      ] GC(1054) User=0.00s Sys=0.00s Real=0.01s
[55.484s][info][gc,start    ] GC(1055) Pause Young (Normal) (G1 Evacuation Pause)
[55.484s][info][gc,task     ] GC(1055) Using 6 workers of 8 for evacuation
[55.487s][info][gc,phases   ] GC(1055)   Pre Evacuate Collection Set: 0.2ms
[55.487s][info][gc,phases   ] GC(1055)   Merge Heap Roots: 0.2ms
[55.488s][info][gc,phases   ] GC(1055)   Evacuate Collection Set: 1.3ms
[55.488s][info][gc,phases   ] GC(1055)   Post Evacuate Collection Set: 0.8ms
[55.488s][info][gc,phases   ] GC(1055)   Other: 0.4ms
[55.489s][info][gc,heap     ] GC(1055) Eden regions: 149->0(150)
[55.489s][info][gc,heap     ] GC(1055) Survivor regions: 4->3(20)
[55.490s][info][gc,heap     ] GC(1055) Old regions: 2->2
[55.491s][info][gc,heap     ] GC(1055) Archive regions: 2->2
[55.492s][info][gc,heap     ] GC(1055) Humongous regions: 0->0
[55.492s][info][gc,metaspace] GC(1055) Metaspace: 615K(832K)->615K(832K) NonClass: 597K(704K)->597K(704K) Class: 17K(128K)->17K(128K)
[55.493s][info][gc          ] GC(1055) Pause Young (Normal) (G1 Evacuation Pause) 154M->5M(256M) 9.510ms
[55.494s][info][gc,cpu      ] GC(1055) User=0.00s Sys=0.01s Real=0.01s
[55.536s][info][gc,start    ] GC(1056) Pause Young (Normal) (G1 Evacuation Pause)
[55.537s][info][gc,task     ] GC(1056) Using 6 workers of 8 for evacuation
[55.541s][info][gc,phases   ] GC(1056)   Pre Evacuate Collection Set: 0.2ms
[55.542s][info][gc,phases   ] GC(1056)   Merge Heap Roots: 0.2ms
[55.542s][info][gc,phases   ] GC(1056)   Evacuate Collection Set: 1.2ms
[55.543s][info][gc,phases   ] GC(1056)   Post Evacuate Collection Set: 1.7ms
[55.544s][info][gc,phases   ] GC(1056)   Other: 0.5ms
[55.544s][info][gc,heap     ] GC(1056) Eden regions: 150->0(149)
[55.545s][info][gc,heap     ] GC(1056) Survivor regions: 3->4(20)
[55.545s][info][gc,heap     ] GC(1056) Old regions: 2->2
[55.546s][info][gc,heap     ] GC(1056) Archive regions: 2->2
[55.546s][info][gc,heap     ] GC(1056) Humongous regions: 0->0
[55.547s][info][gc,metaspace] GC(1056) Metaspace: 615K(832K)->615K(832K) NonClass: 597K(704K)->597K(704K) Class: 17K(128K)->17K(128K)
[55.547s][info][gc          ] GC(1056) Pause Young (Normal) (G1 Evacuation Pause) 155M->5M(256M) 10.755ms
[55.547s][info][gc,cpu      ] GC(1056) User=0.00s Sys=0.01s Real=0.02s
[55.585s][info][gc,start    ] GC(1057) Pause Young (Normal) (G1 Evacuation Pause)
[55.586s][info][gc,task     ] GC(1057) Using 6 workers of 8 for evacuation
[55.589s][info][gc,phases   ] GC(1057)   Pre Evacuate Collection Set: 0.3ms
[55.589s][info][gc,phases   ] GC(1057)   Merge Heap Roots: 0.3ms
[55.590s][info][gc,phases   ] GC(1057)   Evacuate Collection Set: 1.2ms
[55.590s][info][gc,phases   ] GC(1057)   Post Evacuate Collection Set: 0.7ms
[55.591s][info][gc,phases   ] GC(1057)   Other: 0.5ms
[55.592s][info][gc,heap     ] GC(1057) Eden regions: 149->0(149)
[55.592s][info][gc,heap     ] GC(1057) Survivor regions: 4->4(20)
[55.593s][info][gc,heap     ] GC(1057) Old regions: 2->2
[55.594s][info][gc,heap     ] GC(1057) Archive regions: 2->2
[55.595s][info][gc,heap     ] GC(1057) Humongous regions: 0->0
[55.595s][info][gc,metaspace] GC(1057) Metaspace: 615K(832K)->615K(832K) NonClass: 597K(704K)->597K(704K) Class: 17K(128K)->17K(128K)
[55.595s][info][gc          ] GC(1057) Pause Young (Normal) (G1 Evacuation Pause) 154M->5M(256M) 10.160ms
[55.596s][info][gc,cpu      ] GC(1057) User=0.00s Sys=0.00s Real=0.01s
[55.635s][info][gc,start    ] GC(1058) Pause Young (Normal) (G1 Evacuation Pause)
[55.635s][info][gc,task     ] GC(1058) Using 6 workers of 8 for evacuation
[55.638s][info][gc,phases   ] GC(1058)   Pre Evacuate Collection Set: 0.2ms
[55.638s][info][gc,phases   ] GC(1058)   Merge Heap Roots: 0.2ms
[55.639s][info][gc,phases   ] GC(1058)   Evacuate Collection Set: 1.1ms
[55.639s][info][gc,phases   ] GC(1058)   Post Evacuate Collection Set: 0.8ms
[55.640s][info][gc,phases   ] GC(1058)   Other: 0.4ms
[55.641s][info][gc,heap     ] GC(1058) Eden regions: 149->0(150)
[55.641s][info][gc,heap     ] GC(1058) Survivor regions: 4->3(20)
[55.642s][info][gc,heap     ] GC(1058) Old regions: 2->2
[55.643s][info][gc,heap     ] GC(1058) Archive regions: 2->2
[55.644s][info][gc,heap     ] GC(1058) Humongous regions: 0->0
[55.644s][info][gc,metaspace] GC(1058) Metaspace: 615K(832K)->615K(832K) NonClass: 597K(704K)->597K(704K) Class: 17K(128K)->17K(128K)
[55.645s][info][gc          ] GC(1058) Pause Young (Normal) (G1 Evacuation Pause) 154M->5M(256M) 9.984ms
[55.645s][info][gc,cpu      ] GC(1058) User=0.01s Sys=0.00s Real=0.01s
[55.686s][info][gc,start    ] GC(1059) Pause Young (Normal) (G1 Evacuation Pause)
[55.686s][info][gc,task     ] GC(1059) Using 6 workers of 8 for evacuation
[55.689s][info][gc,phases   ] GC(1059)   Pre Evacuate Collection Set: 0.3ms
[55.690s][info][gc,phases   ] GC(1059)   Merge Heap Roots: 0.3ms
[55.690s][info][gc,phases   ] GC(1059)   Evacuate Collection Set: 1.2ms
[55.691s][info][gc,phases   ] GC(1059)   Post Evacuate Collection Set: 0.8ms
[55.694s][info][gc,phases   ] GC(1059)   Other: 0.4ms
[55.695s][info][gc,heap     ] GC(1059) Eden regions: 150->0(149)
[55.696s][info][gc,heap     ] GC(1059) Survivor regions: 3->4(20)
[55.696s][info][gc,heap     ] GC(1059) Old regions: 2->2
[55.696s][info][gc,heap     ] GC(1059) Archive regions: 2->2
[55.697s][info][gc,heap     ] GC(1059) Humongous regions: 0->0
[55.697s][info][gc,metaspace] GC(1059) Metaspace: 615K(832K)->615K(832K) NonClass: 597K(704K)->597K(704K) Class: 17K(128K)->17K(128K)
[55.697s][info][gc          ] GC(1059) Pause Young (Normal) (G1 Evacuation Pause) 155M->5M(256M) 11.590ms
[55.734s][info][gc,cpu      ] GC(1059) User=0.00s Sys=0.00s Real=0.05s
[55.789s][info][gc,start    ] GC(1060) Pause Young (Normal) (G1 Evacuation Pause)
[55.789s][info][gc,task     ] GC(1060) Using 6 workers of 8 for evacuation
[55.795s][info][gc,phases   ] GC(1060)   Pre Evacuate Collection Set: 0.5ms
[55.804s][info][gc,phases   ] GC(1060)   Merge Heap Roots: 0.4ms
[55.804s][info][gc,phases   ] GC(1060)   Evacuate Collection Set: 2.7ms
[55.805s][info][gc,phases   ] GC(1060)   Post Evacuate Collection Set: 1.1ms
[55.805s][info][gc,phases   ] GC(1060)   Other: 0.8ms
[55.806s][info][gc,heap     ] GC(1060) Eden regions: 149->0(149)
[55.806s][info][gc,heap     ] GC(1060) Survivor regions: 4->4(20)
[55.807s][info][gc,heap     ] GC(1060) Old regions: 2->2
[55.807s][info][gc,heap     ] GC(1060) Archive regions: 2->2
[55.809s][info][gc,heap     ] GC(1060) Humongous regions: 0->0
[55.810s][info][gc,metaspace] GC(1060) Metaspace: 615K(832K)->615K(832K) NonClass: 597K(704K)->597K(704K) Class: 17K(128K)->17K(128K)
[55.810s][info][gc          ] GC(1060) Pause Young (Normal) (G1 Evacuation Pause) 154M->5M(256M) 21.736ms
[55.811s][info][gc,cpu      ] GC(1060) User=0.01s Sys=0.00s Real=0.02s
[55.849s][info][gc,start    ] GC(1061) Pause Young (Normal) (G1 Evacuation Pause)
[55.849s][info][gc,task     ] GC(1061) Using 6 workers of 8 for evacuation
[55.852s][info][gc,phases   ] GC(1061)   Pre Evacuate Collection Set: 0.2ms
[55.853s][info][gc,phases   ] GC(1061)   Merge Heap Roots: 0.2ms
[55.853s][info][gc,phases   ] GC(1061)   Evacuate Collection Set: 1.2ms
[55.854s][info][gc,phases   ] GC(1061)   Post Evacuate Collection Set: 1.0ms
[55.854s][info][gc,phases   ] GC(1061)   Other: 0.5ms
[55.854s][info][gc,heap     ] GC(1061) Eden regions: 149->0(149)
[55.855s][info][gc,heap     ] GC(1061) Survivor regions: 4->4(20)
[55.855s][info][gc,heap     ] GC(1061) Old regions: 2->2
[55.855s][info][gc,heap     ] GC(1061) Archive regions: 2->2
[55.856s][info][gc,heap     ] GC(1061) Humongous regions: 0->0
[55.857s][info][gc,metaspace] GC(1061) Metaspace: 615K(832K)->615K(832K) NonClass: 597K(704K)->597K(704K) Class: 17K(128K)->17K(128K)
[55.858s][info][gc          ] GC(1061) Pause Young (Normal) (G1 Evacuation Pause) 154M->5M(256M) 8.618ms
[55.858s][info][gc,cpu      ] GC(1061) User=0.00s Sys=0.00s Real=0.01s
[55.901s][info][gc,start    ] GC(1062) Pause Young (Normal) (G1 Evacuation Pause)
[55.901s][info][gc,task     ] GC(1062) Using 6 workers of 8 for evacuation
[55.904s][info][gc,phases   ] GC(1062)   Pre Evacuate Collection Set: 0.2ms
[55.904s][info][gc,phases   ] GC(1062)   Merge Heap Roots: 0.2ms
[55.905s][info][gc,phases   ] GC(1062)   Evacuate Collection Set: 0.9ms
[55.905s][info][gc,phases   ] GC(1062)   Post Evacuate Collection Set: 0.8ms
[55.905s][info][gc,phases   ] GC(1062)   Other: 0.4ms
[55.906s][info][gc,heap     ] GC(1062) Eden regions: 149->0(150)
[55.906s][info][gc,heap     ] GC(1062) Survivor regions: 4->3(20)
[55.906s][info][gc,heap     ] GC(1062) Old regions: 2->2
[55.907s][info][gc,heap     ] GC(1062) Archive regions: 2->2
[55.908s][info][gc,heap     ] GC(1062) Humongous regions: 0->0
[55.909s][info][gc,metaspace] GC(1062) Metaspace: 615K(832K)->615K(832K) NonClass: 597K(704K)->597K(704K) Class: 17K(128K)->17K(128K)
[55.910s][info][gc          ] GC(1062) Pause Young (Normal) (G1 Evacuation Pause) 154M->5M(256M) 8.778ms
[55.910s][info][gc,cpu      ] GC(1062) User=0.00s Sys=0.00s Real=0.01s
[55.952s][info][gc,start    ] GC(1063) Pause Young (Normal) (G1 Evacuation Pause)
[55.952s][info][gc,task     ] GC(1063) Using 6 workers of 8 for evacuation
[55.955s][info][gc,phases   ] GC(1063)   Pre Evacuate Collection Set: 0.2ms
[55.956s][info][gc,phases   ] GC(1063)   Merge Heap Roots: 0.2ms
[55.956s][info][gc,phases   ] GC(1063)   Evacuate Collection Set: 1.2ms
[55.957s][info][gc,phases   ] GC(1063)   Post Evacuate Collection Set: 0.9ms
[55.958s][info][gc,phases   ] GC(1063)   Other: 0.5ms
[55.958s][info][gc,heap     ] GC(1063) Eden regions: 150->0(149)
[55.959s][info][gc,heap     ] GC(1063) Survivor regions: 3->4(20)
[55.959s][info][gc,heap     ] GC(1063) Old regions: 2->2
[55.960s][info][gc,heap     ] GC(1063) Archive regions: 2->2
[55.961s][info][gc,heap     ] GC(1063) Humongous regions: 0->0
[55.961s][info][gc,metaspace] GC(1063) Metaspace: 615K(832K)->615K(832K) NonClass: 597K(704K)->597K(704K) Class: 17K(128K)->17K(128K)
[55.962s][info][gc          ] GC(1063) Pause Young (Normal) (G1 Evacuation Pause) 155M->6M(256M) 10.439ms
[55.963s][info][gc,cpu      ] GC(1063) User=0.01s Sys=0.00s Real=0.01s
[56.001s][info][gc,start    ] GC(1064) Pause Young (Normal) (G1 Evacuation Pause)
[56.002s][info][gc,task     ] GC(1064) Using 6 workers of 8 for evacuation
[56.004s][info][gc,phases   ] GC(1064)   Pre Evacuate Collection Set: 0.2ms
[56.005s][info][gc,phases   ] GC(1064)   Merge Heap Roots: 0.3ms
[56.005s][info][gc,phases   ] GC(1064)   Evacuate Collection Set: 0.8ms
[56.005s][info][gc,phases   ] GC(1064)   Post Evacuate Collection Set: 0.9ms
[56.006s][info][gc,phases   ] GC(1064)   Other: 0.4ms
[56.006s][info][gc,heap     ] GC(1064) Eden regions: 149->0(149)
[56.006s][info][gc,heap     ] GC(1064) Survivor regions: 4->4(20)
[56.007s][info][gc,heap     ] GC(1064) Old regions: 2->2
[56.008s][info][gc,heap     ] GC(1064) Archive regions: 2->2
[56.008s][info][gc,heap     ] GC(1064) Humongous regions: 0->0
[56.009s][info][gc,metaspace] GC(1064) Metaspace: 615K(832K)->615K(832K) NonClass: 597K(704K)->597K(704K) Class: 17K(128K)->17K(128K)
[56.010s][info][gc          ] GC(1064) Pause Young (Normal) (G1 Evacuation Pause) 155M->5M(256M) 8.808ms
[56.011s][info][gc,cpu      ] GC(1064) User=0.00s Sys=0.00s Real=0.01s
[56.050s][info][gc,start    ] GC(1065) Pause Young (Normal) (G1 Evacuation Pause)
[56.050s][info][gc,task     ] GC(1065) Using 6 workers of 8 for evacuation
[56.053s][info][gc,phases   ] GC(1065)   Pre Evacuate Collection Set: 0.3ms
[56.053s][info][gc,phases   ] GC(1065)   Merge Heap Roots: 0.2ms
[56.054s][info][gc,phases   ] GC(1065)   Evacuate Collection Set: 1.2ms
[56.054s][info][gc,phases   ] GC(1065)   Post Evacuate Collection Set: 0.8ms
[56.054s][info][gc,phases   ] GC(1065)   Other: 0.4ms
[56.055s][info][gc,heap     ] GC(1065) Eden regions: 149->0(150)
[56.055s][info][gc,heap     ] GC(1065) Survivor regions: 4->3(20)
[56.055s][info][gc,heap     ] GC(1065) Old regions: 2->2
[56.056s][info][gc,heap     ] GC(1065) Archive regions: 2->2
[56.056s][info][gc,heap     ] GC(1065) Humongous regions: 0->0
[56.057s][info][gc,metaspace] GC(1065) Metaspace: 615K(832K)->615K(832K) NonClass: 597K(704K)->597K(704K) Class: 17K(128K)->17K(128K)
[56.058s][info][gc          ] GC(1065) Pause Young (Normal) (G1 Evacuation Pause) 154M->5M(256M) 8.488ms
[56.059s][info][gc,cpu      ] GC(1065) User=0.01s Sys=0.01s Real=0.01s
[56.100s][info][gc,start    ] GC(1066) Pause Young (Normal) (G1 Evacuation Pause)
[56.101s][info][gc,task     ] GC(1066) Using 6 workers of 8 for evacuation
[56.104s][info][gc,phases   ] GC(1066)   Pre Evacuate Collection Set: 0.2ms
[56.104s][info][gc,phases   ] GC(1066)   Merge Heap Roots: 0.2ms
[56.104s][info][gc,phases   ] GC(1066)   Evacuate Collection Set: 1.2ms
[56.104s][info][gc,phases   ] GC(1066)   Post Evacuate Collection Set: 0.8ms
[56.105s][info][gc,phases   ] GC(1066)   Other: 0.4ms
[56.105s][info][gc,heap     ] GC(1066) Eden regions: 150->0(149)
[56.106s][info][gc,heap     ] GC(1066) Survivor regions: 3->4(20)
[56.106s][info][gc,heap     ] GC(1066) Old regions: 2->2
[56.106s][info][gc,heap     ] GC(1066) Archive regions: 2->2
[56.107s][info][gc,heap     ] GC(1066) Humongous regions: 0->0
[56.108s][info][gc,metaspace] GC(1066) Metaspace: 615K(832K)->615K(832K) NonClass: 597K(704K)->597K(704K) Class: 17K(128K)->17K(128K)
[56.108s][info][gc          ] GC(1066) Pause Young (Normal) (G1 Evacuation Pause) 155M->6M(256M) 7.755ms
[56.109s][info][gc,cpu      ] GC(1066) User=0.01s Sys=0.00s Real=0.01s
[56.149s][info][gc,start    ] GC(1067) Pause Young (Normal) (G1 Evacuation Pause)
[56.150s][info][gc,task     ] GC(1067) Using 6 workers of 8 for evacuation
[56.153s][info][gc,phases   ] GC(1067)   Pre Evacuate Collection Set: 0.3ms
[56.153s][info][gc,phases   ] GC(1067)   Merge Heap Roots: 0.2ms
[56.153s][info][gc,phases   ] GC(1067)   Evacuate Collection Set: 1.2ms
[56.154s][info][gc,phases   ] GC(1067)   Post Evacuate Collection Set: 0.7ms
[56.154s][info][gc,phases   ] GC(1067)   Other: 0.4ms
[56.154s][info][gc,heap     ] GC(1067) Eden regions: 149->0(149)
[56.155s][info][gc,heap     ] GC(1067) Survivor regions: 4->4(20)
[56.155s][info][gc,heap     ] GC(1067) Old regions: 2->2
[56.155s][info][gc,heap     ] GC(1067) Archive regions: 2->2
[56.156s][info][gc,heap     ] GC(1067) Humongous regions: 0->0
[56.156s][info][gc,metaspace] GC(1067) Metaspace: 615K(832K)->615K(832K) NonClass: 597K(704K)->597K(704K) Class: 17K(128K)->17K(128K)
[56.157s][info][gc          ] GC(1067) Pause Young (Normal) (G1 Evacuation Pause) 155M->5M(256M) 7.362ms
[56.158s][info][gc,cpu      ] GC(1067) User=0.00s Sys=0.00s Real=0.01s
[56.202s][info][gc,start    ] GC(1068) Pause Young (Normal) (G1 Evacuation Pause)
[56.202s][info][gc,task     ] GC(1068) Using 6 workers of 8 for evacuation
[56.205s][info][gc,phases   ] GC(1068)   Pre Evacuate Collection Set: 0.3ms
[56.205s][info][gc,phases   ] GC(1068)   Merge Heap Roots: 0.3ms
[56.205s][info][gc,phases   ] GC(1068)   Evacuate Collection Set: 0.9ms
[56.206s][info][gc,phases   ] GC(1068)   Post Evacuate Collection Set: 0.9ms
[56.206s][info][gc,phases   ] GC(1068)   Other: 0.4ms
[56.207s][info][gc,heap     ] GC(1068) Eden regions: 149->0(150)
[56.208s][info][gc,heap     ] GC(1068) Survivor regions: 4->3(20)
[56.209s][info][gc,heap     ] GC(1068) Old regions: 2->2
[56.210s][info][gc,heap     ] GC(1068) Archive regions: 2->2
[56.211s][info][gc,heap     ] GC(1068) Humongous regions: 0->0
[56.212s][info][gc,metaspace] GC(1068) Metaspace: 615K(832K)->615K(832K) NonClass: 597K(704K)->597K(704K) Class: 17K(128K)->17K(128K)
[56.212s][info][gc          ] GC(1068) Pause Young (Normal) (G1 Evacuation Pause) 154M->5M(256M) 10.594ms
[56.213s][info][gc,cpu      ] GC(1068) User=0.00s Sys=0.00s Real=0.01s
[56.252s][info][gc,start    ] GC(1069) Pause Young (Normal) (G1 Evacuation Pause)
[56.253s][info][gc,task     ] GC(1069) Using 6 workers of 8 for evacuation
[56.255s][info][gc,phases   ] GC(1069)   Pre Evacuate Collection Set: 0.3ms
[56.256s][info][gc,phases   ] GC(1069)   Merge Heap Roots: 0.2ms
[56.257s][info][gc,phases   ] GC(1069)   Evacuate Collection Set: 1.2ms
[56.257s][info][gc,phases   ] GC(1069)   Post Evacuate Collection Set: 0.8ms
[56.258s][info][gc,phases   ] GC(1069)   Other: 0.4ms
[56.259s][info][gc,heap     ] GC(1069) Eden regions: 150->0(149)
[56.260s][info][gc,heap     ] GC(1069) Survivor regions: 3->4(20)
[56.261s][info][gc,heap     ] GC(1069) Old regions: 2->2
[56.262s][info][gc,heap     ] GC(1069) Archive regions: 2->2
[56.262s][info][gc,heap     ] GC(1069) Humongous regions: 0->0
[56.263s][info][gc,metaspace] GC(1069) Metaspace: 615K(832K)->615K(832K) NonClass: 597K(704K)->597K(704K) Class: 17K(128K)->17K(128K)
[56.263s][info][gc          ] GC(1069) Pause Young (Normal) (G1 Evacuation Pause) 155M->6M(256M) 10.782ms
[56.263s][info][gc,cpu      ] GC(1069) User=0.00s Sys=0.01s Real=0.01s
[56.304s][info][gc,start    ] GC(1070) Pause Young (Normal) (G1 Evacuation Pause)
[56.304s][info][gc,task     ] GC(1070) Using 6 workers of 8 for evacuation
[56.308s][info][gc,phases   ] GC(1070)   Pre Evacuate Collection Set: 0.2ms
[56.309s][info][gc,phases   ] GC(1070)   Merge Heap Roots: 0.2ms
[56.310s][info][gc,phases   ] GC(1070)   Evacuate Collection Set: 1.2ms
[56.310s][info][gc,phases   ] GC(1070)   Post Evacuate Collection Set: 1.8ms
[56.311s][info][gc,phases   ] GC(1070)   Other: 0.4ms
[56.312s][info][gc,heap     ] GC(1070) Eden regions: 149->0(149)
[56.312s][info][gc,heap     ] GC(1070) Survivor regions: 4->4(20)
[56.313s][info][gc,heap     ] GC(1070) Old regions: 2->2
[56.313s][info][gc,heap     ] GC(1070) Archive regions: 2->2
[56.313s][info][gc,heap     ] GC(1070) Humongous regions: 0->0
[56.314s][info][gc,metaspace] GC(1070) Metaspace: 615K(832K)->615K(832K) NonClass: 597K(704K)->597K(704K) Class: 17K(128K)->17K(128K)
[56.314s][info][gc          ] GC(1070) Pause Young (Normal) (G1 Evacuation Pause) 155M->5M(256M) 10.442ms
[56.315s][info][gc,cpu      ] GC(1070) User=0.00s Sys=0.01s Real=0.01s
[56.357s][info][gc,start    ] GC(1071) Pause Young (Normal) (G1 Evacuation Pause)
[56.360s][info][gc,task     ] GC(1071) Using 6 workers of 8 for evacuation
[56.364s][info][gc,phases   ] GC(1071)   Pre Evacuate Collection Set: 0.3ms
[56.365s][info][gc,phases   ] GC(1071)   Merge Heap Roots: 0.3ms
[56.365s][info][gc,phases   ] GC(1071)   Evacuate Collection Set: 1.1ms
[56.366s][info][gc,phases   ] GC(1071)   Post Evacuate Collection Set: 0.9ms
[56.366s][info][gc,phases   ] GC(1071)   Other: 2.2ms
[56.367s][info][gc,heap     ] GC(1071) Eden regions: 149->0(149)
[56.367s][info][gc,heap     ] GC(1071) Survivor regions: 4->4(20)
[56.367s][info][gc,heap     ] GC(1071) Old regions: 2->2
[56.368s][info][gc,heap     ] GC(1071) Archive regions: 2->2
[56.368s][info][gc,heap     ] GC(1071) Humongous regions: 0->0
[56.369s][info][gc,metaspace] GC(1071) Metaspace: 615K(832K)->615K(832K) NonClass: 597K(704K)->597K(704K) Class: 17K(128K)->17K(128K)
[56.369s][info][gc          ] GC(1071) Pause Young (Normal) (G1 Evacuation Pause) 154M->5M(256M) 12.133ms
[56.369s][info][gc,cpu      ] GC(1071) User=0.00s Sys=0.00s Real=0.01s
[56.419s][info][gc,start    ] GC(1072) Pause Young (Normal) (G1 Evacuation Pause)
[56.420s][info][gc,task     ] GC(1072) Using 6 workers of 8 for evacuation
[56.423s][info][gc,phases   ] GC(1072)   Pre Evacuate Collection Set: 0.3ms
[56.424s][info][gc,phases   ] GC(1072)   Merge Heap Roots: 0.2ms
[56.425s][info][gc,phases   ] GC(1072)   Evacuate Collection Set: 0.9ms
[56.426s][info][gc,phases   ] GC(1072)   Post Evacuate Collection Set: 0.9ms
[56.428s][info][gc,phases   ] GC(1072)   Other: 0.4ms
[56.429s][info][gc,heap     ] GC(1072) Eden regions: 149->0(150)
[56.429s][info][gc,heap     ] GC(1072) Survivor regions: 4->3(20)
[56.430s][info][gc,heap     ] GC(1072) Old regions: 2->2
[56.430s][info][gc,heap     ] GC(1072) Archive regions: 2->2
[56.431s][info][gc,heap     ] GC(1072) Humongous regions: 0->0
[56.431s][info][gc,metaspace] GC(1072) Metaspace: 615K(832K)->615K(832K) NonClass: 597K(704K)->597K(704K) Class: 17K(128K)->17K(128K)
[56.431s][info][gc          ] GC(1072) Pause Young (Normal) (G1 Evacuation Pause) 154M->5M(256M) 11.983ms
[56.432s][info][gc,cpu      ] GC(1072) User=0.01s Sys=0.00s Real=0.01s
[56.475s][info][gc,start    ] GC(1073) Pause Young (Normal) (G1 Evacuation Pause)
[56.476s][info][gc,task     ] GC(1073) Using 6 workers of 8 for evacuation
[56.482s][info][gc,phases   ] GC(1073)   Pre Evacuate Collection Set: 0.4ms
[56.483s][info][gc,phases   ] GC(1073)   Merge Heap Roots: 0.3ms
[56.483s][info][gc,phases   ] GC(1073)   Evacuate Collection Set: 1.8ms
[56.483s][info][gc,phases   ] GC(1073)   Post Evacuate Collection Set: 1.0ms
[56.484s][info][gc,phases   ] GC(1073)   Other: 2.2ms
[56.484s][info][gc,heap     ] GC(1073) Eden regions: 150->0(149)
[56.485s][info][gc,heap     ] GC(1073) Survivor regions: 3->4(20)
[56.485s][info][gc,heap     ] GC(1073) Old regions: 2->2
[56.485s][info][gc,heap     ] GC(1073) Archive regions: 2->2
[56.486s][info][gc,heap     ] GC(1073) Humongous regions: 0->0
[56.486s][info][gc,metaspace] GC(1073) Metaspace: 615K(832K)->615K(832K) NonClass: 597K(704K)->597K(704K) Class: 17K(128K)->17K(128K)
[56.486s][info][gc          ] GC(1073) Pause Young (Normal) (G1 Evacuation Pause) 155M->6M(256M) 11.156ms
[56.487s][info][gc,cpu      ] GC(1073) User=0.01s Sys=0.00s Real=0.02s
[56.530s][info][gc,start    ] GC(1074) Pause Young (Normal) (G1 Evacuation Pause)
[56.531s][info][gc,task     ] GC(1074) Using 6 workers of 8 for evacuation
[56.534s][info][gc,phases   ] GC(1074)   Pre Evacuate Collection Set: 0.3ms
[56.534s][info][gc,phases   ] GC(1074)   Merge Heap Roots: 0.2ms
[56.535s][info][gc,phases   ] GC(1074)   Evacuate Collection Set: 1.2ms
[56.535s][info][gc,phases   ] GC(1074)   Post Evacuate Collection Set: 0.9ms
[56.535s][info][gc,phases   ] GC(1074)   Other: 0.5ms
[56.536s][info][gc,heap     ] GC(1074) Eden regions: 149->0(149)
[56.536s][info][gc,heap     ] GC(1074) Survivor regions: 4->4(20)
[56.536s][info][gc,heap     ] GC(1074) Old regions: 2->2
[56.537s][info][gc,heap     ] GC(1074) Archive regions: 2->2
[56.537s][info][gc,heap     ] GC(1074) Humongous regions: 0->0
[56.537s][info][gc,metaspace] GC(1074) Metaspace: 615K(832K)->615K(832K) NonClass: 597K(704K)->597K(704K) Class: 17K(128K)->17K(128K)
[56.538s][info][gc          ] GC(1074) Pause Young (Normal) (G1 Evacuation Pause) 155M->5M(256M) 7.147ms
[56.538s][info][gc,cpu      ] GC(1074) User=0.01s Sys=0.00s Real=0.01s
[56.582s][info][gc,start    ] GC(1075) Pause Young (Normal) (G1 Evacuation Pause)
[56.583s][info][gc,task     ] GC(1075) Using 6 workers of 8 for evacuation
[56.585s][info][gc,phases   ] GC(1075)   Pre Evacuate Collection Set: 0.2ms
[56.586s][info][gc,phases   ] GC(1075)   Merge Heap Roots: 0.2ms
[56.586s][info][gc,phases   ] GC(1075)   Evacuate Collection Set: 1.1ms
[56.587s][info][gc,phases   ] GC(1075)   Post Evacuate Collection Set: 0.9ms
[56.587s][info][gc,phases   ] GC(1075)   Other: 0.4ms
[56.587s][info][gc,heap     ] GC(1075) Eden regions: 149->0(150)
[56.588s][info][gc,heap     ] GC(1075) Survivor regions: 4->3(20)
[56.588s][info][gc,heap     ] GC(1075) Old regions: 2->2
[56.588s][info][gc,heap     ] GC(1075) Archive regions: 2->2
[56.588s][info][gc,heap     ] GC(1075) Humongous regions: 0->0
[56.589s][info][gc,metaspace] GC(1075) Metaspace: 615K(832K)->615K(832K) NonClass: 597K(704K)->597K(704K) Class: 17K(128K)->17K(128K)
[56.589s][info][gc          ] GC(1075) Pause Young (Normal) (G1 Evacuation Pause) 154M->5M(256M) 6.950ms
[56.590s][info][gc,cpu      ] GC(1075) User=0.01s Sys=0.00s Real=0.01s
[56.635s][info][gc,start    ] GC(1076) Pause Young (Normal) (G1 Evacuation Pause)
[56.635s][info][gc,task     ] GC(1076) Using 6 workers of 8 for evacuation
[56.638s][info][gc,phases   ] GC(1076)   Pre Evacuate Collection Set: 0.2ms
[56.638s][info][gc,phases   ] GC(1076)   Merge Heap Roots: 0.3ms
[56.639s][info][gc,phases   ] GC(1076)   Evacuate Collection Set: 1.2ms
[56.639s][info][gc,phases   ] GC(1076)   Post Evacuate Collection Set: 0.7ms
[56.639s][info][gc,phases   ] GC(1076)   Other: 0.4ms
[56.640s][info][gc,heap     ] GC(1076) Eden regions: 150->0(149)
[56.641s][info][gc,heap     ] GC(1076) Survivor regions: 3->4(20)
[56.641s][info][gc,heap     ] GC(1076) Old regions: 2->2
[56.643s][info][gc,heap     ] GC(1076) Archive regions: 2->2
[56.644s][info][gc,heap     ] GC(1076) Humongous regions: 0->0
[56.645s][info][gc,metaspace] GC(1076) Metaspace: 615K(832K)->615K(832K) NonClass: 597K(704K)->597K(704K) Class: 17K(128K)->17K(128K)
[56.645s][info][gc          ] GC(1076) Pause Young (Normal) (G1 Evacuation Pause) 155M->6M(256M) 10.814ms
[56.646s][info][gc,cpu      ] GC(1076) User=0.01s Sys=0.00s Real=0.01s
[56.686s][info][gc,start    ] GC(1077) Pause Young (Normal) (G1 Evacuation Pause)
[56.687s][info][gc,task     ] GC(1077) Using 6 workers of 8 for evacuation
[56.690s][info][gc,phases   ] GC(1077)   Pre Evacuate Collection Set: 0.2ms
[56.691s][info][gc,phases   ] GC(1077)   Merge Heap Roots: 0.2ms
[56.692s][info][gc,phases   ] GC(1077)   Evacuate Collection Set: 1.2ms
[56.693s][info][gc,phases   ] GC(1077)   Post Evacuate Collection Set: 1.0ms
[56.694s][info][gc,phases   ] GC(1077)   Other: 0.5ms
[56.694s][info][gc,heap     ] GC(1077) Eden regions: 149->0(149)
[56.695s][info][gc,heap     ] GC(1077) Survivor regions: 4->4(20)
[56.696s][info][gc,heap     ] GC(1077) Old regions: 2->2
[56.696s][info][gc,heap     ] GC(1077) Archive regions: 2->2
[56.697s][info][gc,heap     ] GC(1077) Humongous regions: 0->0
[56.697s][info][gc,metaspace] GC(1077) Metaspace: 615K(832K)->615K(832K) NonClass: 597K(704K)->597K(704K) Class: 17K(128K)->17K(128K)
[56.697s][info][gc          ] GC(1077) Pause Young (Normal) (G1 Evacuation Pause) 155M->5M(256M) 10.998ms
[56.698s][info][gc,cpu      ] GC(1077) User=0.01s Sys=0.00s Real=0.02s
[56.739s][info][gc,start    ] GC(1078) Pause Young (Normal) (G1 Evacuation Pause)
[56.739s][info][gc,task     ] GC(1078) Using 6 workers of 8 for evacuation
[56.744s][info][gc,phases   ] GC(1078)   Pre Evacuate Collection Set: 0.3ms
[56.745s][info][gc,phases   ] GC(1078)   Merge Heap Roots: 0.4ms
[56.746s][info][gc,phases   ] GC(1078)   Evacuate Collection Set: 2.5ms
[56.746s][info][gc,phases   ] GC(1078)   Post Evacuate Collection Set: 1.3ms
[56.747s][info][gc,phases   ] GC(1078)   Other: 0.6ms
[56.747s][info][gc,heap     ] GC(1078) Eden regions: 149->0(150)
[56.747s][info][gc,heap     ] GC(1078) Survivor regions: 4->3(20)
[56.748s][info][gc,heap     ] GC(1078) Old regions: 2->2
[56.748s][info][gc,heap     ] GC(1078) Archive regions: 2->2
[56.748s][info][gc,heap     ] GC(1078) Humongous regions: 0->0
[56.749s][info][gc,metaspace] GC(1078) Metaspace: 615K(832K)->615K(832K) NonClass: 597K(704K)->597K(704K) Class: 17K(128K)->17K(128K)
[56.749s][info][gc          ] GC(1078) Pause Young (Normal) (G1 Evacuation Pause) 154M->5M(256M) 10.051ms
[56.749s][info][gc,cpu      ] GC(1078) User=0.02s Sys=0.00s Real=0.01s
[56.794s][info][gc,start    ] GC(1079) Pause Young (Normal) (G1 Evacuation Pause)
[56.794s][info][gc,task     ] GC(1079) Using 6 workers of 8 for evacuation
[56.797s][info][gc,phases   ] GC(1079)   Pre Evacuate Collection Set: 0.3ms
[56.798s][info][gc,phases   ] GC(1079)   Merge Heap Roots: 0.3ms
[56.798s][info][gc,phases   ] GC(1079)   Evacuate Collection Set: 0.9ms
[56.798s][info][gc,phases   ] GC(1079)   Post Evacuate Collection Set: 0.9ms
[56.799s][info][gc,phases   ] GC(1079)   Other: 0.5ms
[56.799s][info][gc,heap     ] GC(1079) Eden regions: 150->0(149)
[56.799s][info][gc,heap     ] GC(1079) Survivor regions: 3->4(20)
[56.800s][info][gc,heap     ] GC(1079) Old regions: 2->2
[56.800s][info][gc,heap     ] GC(1079) Archive regions: 2->2
[56.800s][info][gc,heap     ] GC(1079) Humongous regions: 0->0
[56.801s][info][gc,metaspace] GC(1079) Metaspace: 615K(832K)->615K(832K) NonClass: 597K(704K)->597K(704K) Class: 17K(128K)->17K(128K)
[56.801s][info][gc          ] GC(1079) Pause Young (Normal) (G1 Evacuation Pause) 155M->6M(256M) 7.044ms
[56.801s][info][gc,cpu      ] GC(1079) User=0.00s Sys=0.01s Real=0.01s
[56.850s][info][gc,start    ] GC(1080) Pause Young (Normal) (G1 Evacuation Pause)
[56.851s][info][gc,task     ] GC(1080) Using 6 workers of 8 for evacuation
[56.853s][info][gc,phases   ] GC(1080)   Pre Evacuate Collection Set: 0.2ms
[56.854s][info][gc,phases   ] GC(1080)   Merge Heap Roots: 0.2ms
[56.854s][info][gc,phases   ] GC(1080)   Evacuate Collection Set: 0.8ms
[56.854s][info][gc,phases   ] GC(1080)   Post Evacuate Collection Set: 0.8ms
[56.855s][info][gc,phases   ] GC(1080)   Other: 0.4ms
[56.855s][info][gc,heap     ] GC(1080) Eden regions: 149->0(149)
[56.855s][info][gc,heap     ] GC(1080) Survivor regions: 4->4(20)
[56.856s][info][gc,heap     ] GC(1080) Old regions: 2->2
[56.856s][info][gc,heap     ] GC(1080) Archive regions: 2->2
[56.857s][info][gc,heap     ] GC(1080) Humongous regions: 0->0
[56.858s][info][gc,metaspace] GC(1080) Metaspace: 615K(832K)->615K(832K) NonClass: 597K(704K)->597K(704K) Class: 17K(128K)->17K(128K)
[56.859s][info][gc          ] GC(1080) Pause Young (Normal) (G1 Evacuation Pause) 155M->6M(256M) 8.088ms
[56.859s][info][gc,cpu      ] GC(1080) User=0.01s Sys=0.00s Real=0.01s
[56.903s][info][gc,start    ] GC(1081) Pause Young (Normal) (G1 Evacuation Pause)
[56.904s][info][gc,task     ] GC(1081) Using 6 workers of 8 for evacuation
[56.908s][info][gc,phases   ] GC(1081)   Pre Evacuate Collection Set: 0.2ms
[56.908s][info][gc,phases   ] GC(1081)   Merge Heap Roots: 0.2ms
[56.909s][info][gc,phases   ] GC(1081)   Evacuate Collection Set: 1.2ms
[56.909s][info][gc,phases   ] GC(1081)   Post Evacuate Collection Set: 1.6ms
[56.910s][info][gc,phases   ] GC(1081)   Other: 0.5ms
[56.910s][info][gc,heap     ] GC(1081) Eden regions: 149->0(149)
[56.910s][info][gc,heap     ] GC(1081) Survivor regions: 4->4(20)
[56.911s][info][gc,heap     ] GC(1081) Old regions: 2->2
[56.911s][info][gc,heap     ] GC(1081) Archive regions: 2->2
[56.912s][info][gc,heap     ] GC(1081) Humongous regions: 0->0
[56.912s][info][gc,metaspace] GC(1081) Metaspace: 615K(832K)->615K(832K) NonClass: 597K(704K)->597K(704K) Class: 17K(128K)->17K(128K)
[56.912s][info][gc          ] GC(1081) Pause Young (Normal) (G1 Evacuation Pause) 155M->5M(256M) 8.866ms
[56.913s][info][gc,cpu      ] GC(1081) User=0.00s Sys=0.01s Real=0.01s
[56.954s][info][gc,start    ] GC(1082) Pause Young (Normal) (G1 Evacuation Pause)
[56.955s][info][gc,task     ] GC(1082) Using 6 workers of 8 for evacuation
[56.959s][info][gc,phases   ] GC(1082)   Pre Evacuate Collection Set: 0.3ms
[56.963s][info][gc,phases   ] GC(1082)   Merge Heap Roots: 0.2ms
[56.963s][info][gc,phases   ] GC(1082)   Evacuate Collection Set: 2.0ms
[56.963s][info][gc,phases   ] GC(1082)   Post Evacuate Collection Set: 1.3ms
[56.964s][info][gc,phases   ] GC(1082)   Other: 0.5ms
[56.964s][info][gc,heap     ] GC(1082) Eden regions: 149->0(149)
[56.964s][info][gc,heap     ] GC(1082) Survivor regions: 4->4(20)
[56.965s][info][gc,heap     ] GC(1082) Old regions: 2->2
[56.965s][info][gc,heap     ] GC(1082) Archive regions: 2->2
[56.965s][info][gc,heap     ] GC(1082) Humongous regions: 0->0
[56.966s][info][gc,metaspace] GC(1082) Metaspace: 615K(832K)->615K(832K) NonClass: 597K(704K)->597K(704K) Class: 17K(128K)->17K(128K)
[56.966s][info][gc          ] GC(1082) Pause Young (Normal) (G1 Evacuation Pause) 154M->5M(256M) 11.396ms
[56.966s][info][gc,cpu      ] GC(1082) User=0.01s Sys=0.00s Real=0.01s
[57.012s][info][gc,start    ] GC(1083) Pause Young (Normal) (G1 Evacuation Pause)
[57.013s][info][gc,task     ] GC(1083) Using 6 workers of 8 for evacuation
[57.016s][info][gc,phases   ] GC(1083)   Pre Evacuate Collection Set: 0.3ms
[57.016s][info][gc,phases   ] GC(1083)   Merge Heap Roots: 0.3ms
[57.016s][info][gc,phases   ] GC(1083)   Evacuate Collection Set: 0.8ms
[57.017s][info][gc,phases   ] GC(1083)   Post Evacuate Collection Set: 0.9ms
[57.017s][info][gc,phases   ] GC(1083)   Other: 0.6ms
[57.017s][info][gc,heap     ] GC(1083) Eden regions: 149->0(150)
[57.017s][info][gc,heap     ] GC(1083) Survivor regions: 4->3(20)
[57.018s][info][gc,heap     ] GC(1083) Old regions: 2->2
[57.018s][info][gc,heap     ] GC(1083) Archive regions: 2->2
[57.018s][info][gc,heap     ] GC(1083) Humongous regions: 0->0
[57.019s][info][gc,metaspace] GC(1083) Metaspace: 615K(832K)->615K(832K) NonClass: 597K(704K)->597K(704K) Class: 17K(128K)->17K(128K)
[57.019s][info][gc          ] GC(1083) Pause Young (Normal) (G1 Evacuation Pause) 154M->5M(256M) 7.129ms
[57.019s][info][gc,cpu      ] GC(1083) User=0.00s Sys=0.00s Real=0.01s
[57.065s][info][gc,start    ] GC(1084) Pause Young (Normal) (G1 Evacuation Pause)
[57.065s][info][gc,task     ] GC(1084) Using 6 workers of 8 for evacuation
[57.068s][info][gc,phases   ] GC(1084)   Pre Evacuate Collection Set: 0.2ms
[57.069s][info][gc,phases   ] GC(1084)   Merge Heap Roots: 0.2ms
[57.069s][info][gc,phases   ] GC(1084)   Evacuate Collection Set: 1.0ms
[57.069s][info][gc,phases   ] GC(1084)   Post Evacuate Collection Set: 0.9ms
[57.070s][info][gc,phases   ] GC(1084)   Other: 0.5ms
[57.071s][info][gc,heap     ] GC(1084) Eden regions: 150->0(149)
[57.071s][info][gc,heap     ] GC(1084) Survivor regions: 3->4(20)
[57.071s][info][gc,heap     ] GC(1084) Old regions: 2->2
[57.071s][info][gc,heap     ] GC(1084) Archive regions: 2->2
[57.072s][info][gc,heap     ] GC(1084) Humongous regions: 0->0
[57.072s][info][gc,metaspace] GC(1084) Metaspace: 615K(832K)->615K(832K) NonClass: 597K(704K)->597K(704K) Class: 17K(128K)->17K(128K)
[57.072s][info][gc          ] GC(1084) Pause Young (Normal) (G1 Evacuation Pause) 155M->5M(256M) 7.502ms
[57.073s][info][gc,cpu      ] GC(1084) User=0.01s Sys=0.00s Real=0.01s
[57.118s][info][gc,start    ] GC(1085) Pause Young (Normal) (G1 Evacuation Pause)
[57.119s][info][gc,task     ] GC(1085) Using 6 workers of 8 for evacuation
[57.122s][info][gc,phases   ] GC(1085)   Pre Evacuate Collection Set: 0.2ms
[57.122s][info][gc,phases   ] GC(1085)   Merge Heap Roots: 0.2ms
[57.123s][info][gc,phases   ] GC(1085)   Evacuate Collection Set: 1.2ms
[57.124s][info][gc,phases   ] GC(1085)   Post Evacuate Collection Set: 0.8ms
[57.125s][info][gc,phases   ] GC(1085)   Other: 0.4ms
[57.126s][info][gc,heap     ] GC(1085) Eden regions: 149->0(149)
[57.126s][info][gc,heap     ] GC(1085) Survivor regions: 4->4(20)
[57.127s][info][gc,heap     ] GC(1085) Old regions: 2->2
[57.128s][info][gc,heap     ] GC(1085) Archive regions: 2->2
[57.128s][info][gc,heap     ] GC(1085) Humongous regions: 0->0
[57.128s][info][gc,metaspace] GC(1085) Metaspace: 615K(832K)->615K(832K) NonClass: 597K(704K)->597K(704K) Class: 17K(128K)->17K(128K)
[57.129s][info][gc          ] GC(1085) Pause Young (Normal) (G1 Evacuation Pause) 154M->5M(256M) 10.322ms
[57.129s][info][gc,cpu      ] GC(1085) User=0.01s Sys=0.00s Real=0.01s
[57.170s][info][gc,start    ] GC(1086) Pause Young (Normal) (G1 Evacuation Pause)
[57.171s][info][gc,task     ] GC(1086) Using 6 workers of 8 for evacuation
[57.174s][info][gc,phases   ] GC(1086)   Pre Evacuate Collection Set: 0.2ms
[57.175s][info][gc,phases   ] GC(1086)   Merge Heap Roots: 0.2ms
[57.175s][info][gc,phases   ] GC(1086)   Evacuate Collection Set: 1.0ms
[57.176s][info][gc,phases   ] GC(1086)   Post Evacuate Collection Set: 1.5ms
[57.177s][info][gc,phases   ] GC(1086)   Other: 0.5ms
[57.179s][info][gc,heap     ] GC(1086) Eden regions: 149->0(150)
[57.179s][info][gc,heap     ] GC(1086) Survivor regions: 4->3(20)
[57.180s][info][gc,heap     ] GC(1086) Old regions: 2->2
[57.180s][info][gc,heap     ] GC(1086) Archive regions: 2->2
[57.180s][info][gc,heap     ] GC(1086) Humongous regions: 0->0
[57.181s][info][gc,metaspace] GC(1086) Metaspace: 615K(832K)->615K(832K) NonClass: 597K(704K)->597K(704K) Class: 17K(128K)->17K(128K)
[57.181s][info][gc          ] GC(1086) Pause Young (Normal) (G1 Evacuation Pause) 154M->5M(256M) 10.709ms
[57.181s][info][gc,cpu      ] GC(1086) User=0.01s Sys=0.00s Real=0.01s
[57.230s][info][gc,start    ] GC(1087) Pause Young (Normal) (G1 Evacuation Pause)
[57.231s][info][gc,task     ] GC(1087) Using 6 workers of 8 for evacuation
[57.234s][info][gc,phases   ] GC(1087)   Pre Evacuate Collection Set: 0.3ms
[57.235s][info][gc,phases   ] GC(1087)   Merge Heap Roots: 0.3ms
[57.235s][info][gc,phases   ] GC(1087)   Evacuate Collection Set: 1.1ms
[57.235s][info][gc,phases   ] GC(1087)   Post Evacuate Collection Set: 0.8ms
[57.236s][info][gc,phases   ] GC(1087)   Other: 0.5ms
[57.236s][info][gc,heap     ] GC(1087) Eden regions: 150->0(149)
[57.236s][info][gc,heap     ] GC(1087) Survivor regions: 3->4(20)
[57.237s][info][gc,heap     ] GC(1087) Old regions: 2->2
[57.237s][info][gc,heap     ] GC(1087) Archive regions: 2->2
[57.237s][info][gc,heap     ] GC(1087) Humongous regions: 0->0
[57.237s][info][gc,metaspace] GC(1087) Metaspace: 615K(832K)->615K(832K) NonClass: 597K(704K)->597K(704K) Class: 17K(128K)->17K(128K)
[57.238s][info][gc          ] GC(1087) Pause Young (Normal) (G1 Evacuation Pause) 155M->6M(256M) 7.398ms
[57.238s][info][gc,cpu      ] GC(1087) User=0.01s Sys=0.00s Real=0.01s
[57.284s][info][gc,start    ] GC(1088) Pause Young (Normal) (G1 Evacuation Pause)
[57.284s][info][gc,task     ] GC(1088) Using 6 workers of 8 for evacuation
[57.287s][info][gc,phases   ] GC(1088)   Pre Evacuate Collection Set: 0.3ms
[57.287s][info][gc,phases   ] GC(1088)   Merge Heap Roots: 0.2ms
[57.288s][info][gc,phases   ] GC(1088)   Evacuate Collection Set: 1.2ms
[57.288s][info][gc,phases   ] GC(1088)   Post Evacuate Collection Set: 0.8ms
[57.289s][info][gc,phases   ] GC(1088)   Other: 0.4ms
[57.289s][info][gc,heap     ] GC(1088) Eden regions: 149->0(149)
[57.291s][info][gc,heap     ] GC(1088) Survivor regions: 4->4(20)
[57.292s][info][gc,heap     ] GC(1088) Old regions: 2->2
[57.293s][info][gc,heap     ] GC(1088) Archive regions: 2->2
[57.293s][info][gc,heap     ] GC(1088) Humongous regions: 0->0
[57.294s][info][gc,metaspace] GC(1088) Metaspace: 615K(832K)->615K(832K) NonClass: 597K(704K)->597K(704K) Class: 17K(128K)->17K(128K)
[57.294s][info][gc          ] GC(1088) Pause Young (Normal) (G1 Evacuation Pause) 155M->5M(256M) 10.674ms
[57.295s][info][gc,cpu      ] GC(1088) User=0.00s Sys=0.01s Real=0.01s
[57.359s][info][gc,start    ] GC(1089) Pause Young (Normal) (G1 Evacuation Pause)
[57.364s][info][gc,task     ] GC(1089) Using 6 workers of 8 for evacuation
[57.368s][info][gc,phases   ] GC(1089)   Pre Evacuate Collection Set: 0.4ms
[57.369s][info][gc,phases   ] GC(1089)   Merge Heap Roots: 0.3ms
[57.371s][info][gc,phases   ] GC(1089)   Evacuate Collection Set: 0.8ms
[57.371s][info][gc,phases   ] GC(1089)   Post Evacuate Collection Set: 0.9ms
[57.373s][info][gc,phases   ] GC(1089)   Other: 1.4ms
[57.374s][info][gc,heap     ] GC(1089) Eden regions: 149->0(149)
[57.379s][info][gc,heap     ] GC(1089) Survivor regions: 4->4(20)
[57.380s][info][gc,heap     ] GC(1089) Old regions: 2->2
[57.382s][info][gc,heap     ] GC(1089) Archive regions: 2->2
[57.383s][info][gc,heap     ] GC(1089) Humongous regions: 0->0
[57.384s][info][gc,metaspace] GC(1089) Metaspace: 615K(832K)->615K(832K) NonClass: 597K(704K)->597K(704K) Class: 17K(128K)->17K(128K)
[57.384s][info][gc          ] GC(1089) Pause Young (Normal) (G1 Evacuation Pause) 154M->5M(256M) 24.674ms
[57.385s][info][gc,cpu      ] GC(1089) User=0.00s Sys=0.00s Real=0.02s
[57.437s][info][gc,start    ] GC(1090) Pause Young (Normal) (G1 Evacuation Pause)
[57.438s][info][gc,task     ] GC(1090) Using 6 workers of 8 for evacuation
[57.443s][info][gc,phases   ] GC(1090)   Pre Evacuate Collection Set: 0.3ms
[57.444s][info][gc,phases   ] GC(1090)   Merge Heap Roots: 0.2ms
[57.446s][info][gc,phases   ] GC(1090)   Evacuate Collection Set: 2.1ms
[57.446s][info][gc,phases   ] GC(1090)   Post Evacuate Collection Set: 1.7ms
[57.446s][info][gc,phases   ] GC(1090)   Other: 0.6ms
[57.447s][info][gc,heap     ] GC(1090) Eden regions: 149->0(150)
[57.448s][info][gc,heap     ] GC(1090) Survivor regions: 4->3(20)
[57.448s][info][gc,heap     ] GC(1090) Old regions: 2->2
[57.449s][info][gc,heap     ] GC(1090) Archive regions: 2->2
[57.449s][info][gc,heap     ] GC(1090) Humongous regions: 0->0
[57.449s][info][gc,metaspace] GC(1090) Metaspace: 615K(832K)->615K(832K) NonClass: 597K(704K)->597K(704K) Class: 17K(128K)->17K(128K)
[57.450s][info][gc          ] GC(1090) Pause Young (Normal) (G1 Evacuation Pause) 154M->5M(256M) 12.567ms
[57.450s][info][gc,cpu      ] GC(1090) User=0.01s Sys=0.00s Real=0.01s
[57.504s][info][gc,start    ] GC(1091) Pause Young (Normal) (G1 Evacuation Pause)
[57.505s][info][gc,task     ] GC(1091) Using 6 workers of 8 for evacuation
[57.509s][info][gc,phases   ] GC(1091)   Pre Evacuate Collection Set: 0.3ms
[57.510s][info][gc,phases   ] GC(1091)   Merge Heap Roots: 0.3ms
[57.512s][info][gc,phases   ] GC(1091)   Evacuate Collection Set: 1.3ms
[57.513s][info][gc,phases   ] GC(1091)   Post Evacuate Collection Set: 1.6ms
[57.513s][info][gc,phases   ] GC(1091)   Other: 0.5ms
[57.514s][info][gc,heap     ] GC(1091) Eden regions: 150->0(149)
[57.514s][info][gc,heap     ] GC(1091) Survivor regions: 3->4(20)
[57.515s][info][gc,heap     ] GC(1091) Old regions: 2->2
[57.515s][info][gc,heap     ] GC(1091) Archive regions: 2->2
[57.516s][info][gc,heap     ] GC(1091) Humongous regions: 0->0
[57.516s][info][gc,metaspace] GC(1091) Metaspace: 615K(832K)->615K(832K) NonClass: 597K(704K)->597K(704K) Class: 17K(128K)->17K(128K)
[57.517s][info][gc          ] GC(1091) Pause Young (Normal) (G1 Evacuation Pause) 155M->5M(256M) 12.424ms
[57.517s][info][gc,cpu      ] GC(1091) User=0.01s Sys=0.00s Real=0.02s
[57.565s][info][gc,start    ] GC(1092) Pause Young (Normal) (G1 Evacuation Pause)
[57.565s][info][gc,task     ] GC(1092) Using 6 workers of 8 for evacuation
[57.568s][info][gc,phases   ] GC(1092)   Pre Evacuate Collection Set: 0.3ms
[57.569s][info][gc,phases   ] GC(1092)   Merge Heap Roots: 0.3ms
[57.569s][info][gc,phases   ] GC(1092)   Evacuate Collection Set: 1.1ms
[57.569s][info][gc,phases   ] GC(1092)   Post Evacuate Collection Set: 0.9ms
[57.570s][info][gc,phases   ] GC(1092)   Other: 0.5ms
[57.570s][info][gc,heap     ] GC(1092) Eden regions: 149->0(149)
[57.570s][info][gc,heap     ] GC(1092) Survivor regions: 4->4(20)
[57.571s][info][gc,heap     ] GC(1092) Old regions: 2->2
[57.571s][info][gc,heap     ] GC(1092) Archive regions: 2->2
[57.572s][info][gc,heap     ] GC(1092) Humongous regions: 0->0
[57.572s][info][gc,metaspace] GC(1092) Metaspace: 615K(832K)->615K(832K) NonClass: 597K(704K)->597K(704K) Class: 17K(128K)->17K(128K)
[57.572s][info][gc          ] GC(1092) Pause Young (Normal) (G1 Evacuation Pause) 154M->5M(256M) 7.865ms
[57.573s][info][gc,cpu      ] GC(1092) User=0.00s Sys=0.00s Real=0.01s
[57.623s][info][gc,start    ] GC(1093) Pause Young (Normal) (G1 Evacuation Pause)
[57.623s][info][gc,task     ] GC(1093) Using 6 workers of 8 for evacuation
[57.631s][info][gc,phases   ] GC(1093)   Pre Evacuate Collection Set: 0.6ms
[57.632s][info][gc,phases   ] GC(1093)   Merge Heap Roots: 0.4ms
[57.632s][info][gc,phases   ] GC(1093)   Evacuate Collection Set: 4.7ms
[57.632s][info][gc,phases   ] GC(1093)   Post Evacuate Collection Set: 1.2ms
[57.633s][info][gc,phases   ] GC(1093)   Other: 1.0ms
[57.633s][info][gc,heap     ] GC(1093) Eden regions: 149->0(150)
[57.633s][info][gc,heap     ] GC(1093) Survivor regions: 4->3(20)
[57.634s][info][gc,heap     ] GC(1093) Old regions: 2->2
[57.634s][info][gc,heap     ] GC(1093) Archive regions: 2->2
[57.635s][info][gc,heap     ] GC(1093) Humongous regions: 0->0
[57.635s][info][gc,metaspace] GC(1093) Metaspace: 615K(832K)->615K(832K) NonClass: 597K(704K)->597K(704K) Class: 17K(128K)->17K(128K)
[57.635s][info][gc          ] GC(1093) Pause Young (Normal) (G1 Evacuation Pause) 154M->5M(256M) 12.751ms
[57.636s][info][gc,cpu      ] GC(1093) User=0.00s Sys=0.01s Real=0.01s
[57.684s][info][gc,start    ] GC(1094) Pause Young (Normal) (G1 Evacuation Pause)
[57.684s][info][gc,task     ] GC(1094) Using 6 workers of 8 for evacuation
[57.687s][info][gc,phases   ] GC(1094)   Pre Evacuate Collection Set: 0.3ms
[57.688s][info][gc,phases   ] GC(1094)   Merge Heap Roots: 0.2ms
[57.688s][info][gc,phases   ] GC(1094)   Evacuate Collection Set: 1.2ms
[57.689s][info][gc,phases   ] GC(1094)   Post Evacuate Collection Set: 0.9ms
[57.689s][info][gc,phases   ] GC(1094)   Other: 0.5ms
[57.689s][info][gc,heap     ] GC(1094) Eden regions: 150->0(149)
[57.690s][info][gc,heap     ] GC(1094) Survivor regions: 3->4(20)
[57.691s][info][gc,heap     ] GC(1094) Old regions: 2->2
[57.692s][info][gc,heap     ] GC(1094) Archive regions: 2->2
[57.693s][info][gc,heap     ] GC(1094) Humongous regions: 0->0
[57.694s][info][gc,metaspace] GC(1094) Metaspace: 615K(832K)->615K(832K) NonClass: 597K(704K)->597K(704K) Class: 17K(128K)->17K(128K)
[57.695s][info][gc          ] GC(1094) Pause Young (Normal) (G1 Evacuation Pause) 155M->6M(256M) 10.888ms
[57.695s][info][gc,cpu      ] GC(1094) User=0.00s Sys=0.01s Real=0.01s
[57.745s][info][gc,start    ] GC(1095) Pause Young (Normal) (G1 Evacuation Pause)
[57.747s][info][gc,task     ] GC(1095) Using 6 workers of 8 for evacuation
[57.751s][info][gc,phases   ] GC(1095)   Pre Evacuate Collection Set: 0.3ms
[57.751s][info][gc,phases   ] GC(1095)   Merge Heap Roots: 0.2ms
[57.752s][info][gc,phases   ] GC(1095)   Evacuate Collection Set: 1.3ms
[57.753s][info][gc,phases   ] GC(1095)   Post Evacuate Collection Set: 1.0ms
[57.753s][info][gc,phases   ] GC(1095)   Other: 0.6ms
[57.754s][info][gc,heap     ] GC(1095) Eden regions: 149->0(149)
[57.754s][info][gc,heap     ] GC(1095) Survivor regions: 4->4(20)
[57.756s][info][gc,heap     ] GC(1095) Old regions: 2->2
[57.757s][info][gc,heap     ] GC(1095) Archive regions: 2->2
[57.759s][info][gc,heap     ] GC(1095) Humongous regions: 0->0
[57.762s][info][gc,metaspace] GC(1095) Metaspace: 615K(832K)->615K(832K) NonClass: 597K(704K)->597K(704K) Class: 17K(128K)->17K(128K)
[57.763s][info][gc          ] GC(1095) Pause Young (Normal) (G1 Evacuation Pause) 155M->6M(256M) 18.404ms
[57.764s][info][gc,cpu      ] GC(1095) User=0.00s Sys=0.00s Real=0.02s
[57.835s][info][gc,start    ] GC(1096) Pause Young (Normal) (G1 Evacuation Pause)
[57.863s][info][gc,task     ] GC(1096) Using 6 workers of 8 for evacuation
[57.868s][info][gc,phases   ] GC(1096)   Pre Evacuate Collection Set: 0.4ms
[57.871s][info][gc,phases   ] GC(1096)   Merge Heap Roots: 0.2ms
[57.873s][info][gc,phases   ] GC(1096)   Evacuate Collection Set: 0.7ms
[57.875s][info][gc,phases   ] GC(1096)   Post Evacuate Collection Set: 0.9ms
[57.876s][info][gc,phases   ] GC(1096)   Other: 3.3ms
[57.878s][info][gc,heap     ] GC(1096) Eden regions: 149->0(150)
[57.879s][info][gc,heap     ] GC(1096) Survivor regions: 4->3(20)
[57.884s][info][gc,heap     ] GC(1096) Old regions: 2->2
[57.889s][info][gc,heap     ] GC(1096) Archive regions: 2->2
[57.895s][info][gc,heap     ] GC(1096) Humongous regions: 0->0
[57.896s][info][gc,metaspace] GC(1096) Metaspace: 615K(832K)->615K(832K) NonClass: 597K(704K)->597K(704K) Class: 17K(128K)->17K(128K)
[57.897s][info][gc          ] GC(1096) Pause Young (Normal) (G1 Evacuation Pause) 155M->5M(256M) 62.202ms
[57.898s][info][gc,cpu      ] GC(1096) User=0.00s Sys=0.01s Real=0.07s
[57.959s][info][gc,start    ] GC(1097) Pause Young (Normal) (G1 Evacuation Pause)
[57.959s][info][gc,task     ] GC(1097) Using 6 workers of 8 for evacuation
[57.964s][info][gc,phases   ] GC(1097)   Pre Evacuate Collection Set: 0.3ms
[57.965s][info][gc,phases   ] GC(1097)   Merge Heap Roots: 0.3ms
[57.965s][info][gc,phases   ] GC(1097)   Evacuate Collection Set: 1.4ms
[57.966s][info][gc,phases   ] GC(1097)   Post Evacuate Collection Set: 1.4ms
[57.966s][info][gc,phases   ] GC(1097)   Other: 1.1ms
[57.967s][info][gc,heap     ] GC(1097) Eden regions: 150->0(149)
[57.967s][info][gc,heap     ] GC(1097) Survivor regions: 3->4(20)
[57.968s][info][gc,heap     ] GC(1097) Old regions: 2->2
[57.968s][info][gc,heap     ] GC(1097) Archive regions: 2->2
[57.969s][info][gc,heap     ] GC(1097) Humongous regions: 0->0
[57.969s][info][gc,metaspace] GC(1097) Metaspace: 615K(832K)->615K(832K) NonClass: 597K(704K)->597K(704K) Class: 17K(128K)->17K(128K)
[57.969s][info][gc          ] GC(1097) Pause Young (Normal) (G1 Evacuation Pause) 155M->6M(256M) 10.738ms
[57.970s][info][gc,cpu      ] GC(1097) User=0.01s Sys=0.01s Real=0.01s
[58.032s][info][gc,start    ] GC(1098) Pause Young (Normal) (G1 Evacuation Pause)
[58.033s][info][gc,task     ] GC(1098) Using 6 workers of 8 for evacuation
[58.039s][info][gc,phases   ] GC(1098)   Pre Evacuate Collection Set: 0.9ms
[58.042s][info][gc,phases   ] GC(1098)   Merge Heap Roots: 0.4ms
[58.044s][info][gc,phases   ] GC(1098)   Evacuate Collection Set: 2.1ms
[58.046s][info][gc,phases   ] GC(1098)   Post Evacuate Collection Set: 1.6ms
[58.047s][info][gc,phases   ] GC(1098)   Other: 0.8ms
[58.049s][info][gc,heap     ] GC(1098) Eden regions: 149->0(149)
[58.052s][info][gc,heap     ] GC(1098) Survivor regions: 4->4(20)
[58.053s][info][gc,heap     ] GC(1098) Old regions: 2->2
[58.054s][info][gc,heap     ] GC(1098) Archive regions: 2->2
[58.055s][info][gc,heap     ] GC(1098) Humongous regions: 0->0
[58.055s][info][gc,metaspace] GC(1098) Metaspace: 615K(832K)->615K(832K) NonClass: 597K(704K)->597K(704K) Class: 17K(128K)->17K(128K)
[58.056s][info][gc          ] GC(1098) Pause Young (Normal) (G1 Evacuation Pause) 155M->6M(256M) 23.577ms
[58.056s][info][gc,cpu      ] GC(1098) User=0.00s Sys=0.01s Real=0.02s
[58.117s][info][gc,start    ] GC(1099) Pause Young (Normal) (G1 Evacuation Pause)
[58.118s][info][gc,task     ] GC(1099) Using 6 workers of 8 for evacuation
[58.121s][info][gc,phases   ] GC(1099)   Pre Evacuate Collection Set: 0.3ms
[58.122s][info][gc,phases   ] GC(1099)   Merge Heap Roots: 0.2ms
[58.122s][info][gc,phases   ] GC(1099)   Evacuate Collection Set: 1.1ms
[58.125s][info][gc,phases   ] GC(1099)   Post Evacuate Collection Set: 1.0ms
[58.127s][info][gc,phases   ] GC(1099)   Other: 0.6ms
[58.128s][info][gc,heap     ] GC(1099) Eden regions: 149->0(149)
[58.129s][info][gc,heap     ] GC(1099) Survivor regions: 4->4(20)
[58.130s][info][gc,heap     ] GC(1099) Old regions: 2->2
[58.131s][info][gc,heap     ] GC(1099) Archive regions: 2->2
[58.132s][info][gc,heap     ] GC(1099) Humongous regions: 0->0
[58.133s][info][gc,metaspace] GC(1099) Metaspace: 615K(832K)->615K(832K) NonClass: 597K(704K)->597K(704K) Class: 17K(128K)->17K(128K)
[58.133s][info][gc          ] GC(1099) Pause Young (Normal) (G1 Evacuation Pause) 155M->5M(256M) 16.836ms
[58.134s][info][gc,cpu      ] GC(1099) User=0.01s Sys=0.01s Real=0.02s
[58.200s][info][gc,start    ] GC(1100) Pause Young (Normal) (G1 Evacuation Pause)
[58.201s][info][gc,task     ] GC(1100) Using 6 workers of 8 for evacuation
[58.206s][info][gc,phases   ] GC(1100)   Pre Evacuate Collection Set: 0.3ms
[58.210s][info][gc,phases   ] GC(1100)   Merge Heap Roots: 0.1ms
[58.211s][info][gc,phases   ] GC(1100)   Evacuate Collection Set: 1.7ms
[58.213s][info][gc,phases   ] GC(1100)   Post Evacuate Collection Set: 2.5ms
[58.214s][info][gc,phases   ] GC(1100)   Other: 1.1ms
[58.215s][info][gc,heap     ] GC(1100) Eden regions: 149->0(150)
[58.215s][info][gc,heap     ] GC(1100) Survivor regions: 4->3(20)
[58.216s][info][gc,heap     ] GC(1100) Old regions: 2->2
[58.217s][info][gc,heap     ] GC(1100) Archive regions: 2->2
[58.217s][info][gc,heap     ] GC(1100) Humongous regions: 0->0
[58.217s][info][gc,metaspace] GC(1100) Metaspace: 615K(832K)->615K(832K) NonClass: 597K(704K)->597K(704K) Class: 17K(128K)->17K(128K)
[58.218s][info][gc          ] GC(1100) Pause Young (Normal) (G1 Evacuation Pause) 154M->5M(256M) 17.885ms
[58.218s][info][gc,cpu      ] GC(1100) User=0.01s Sys=0.00s Real=0.02s
[58.267s][info][gc,start    ] GC(1101) Pause Young (Normal) (G1 Evacuation Pause)
[58.268s][info][gc,task     ] GC(1101) Using 6 workers of 8 for evacuation
[58.270s][info][gc,phases   ] GC(1101)   Pre Evacuate Collection Set: 0.2ms
[58.271s][info][gc,phases   ] GC(1101)   Merge Heap Roots: 0.2ms
[58.271s][info][gc,phases   ] GC(1101)   Evacuate Collection Set: 1.1ms
[58.271s][info][gc,phases   ] GC(1101)   Post Evacuate Collection Set: 0.7ms
[58.271s][info][gc,phases   ] GC(1101)   Other: 0.4ms
[58.272s][info][gc,heap     ] GC(1101) Eden regions: 150->0(149)
[58.272s][info][gc,heap     ] GC(1101) Survivor regions: 3->4(20)
[58.272s][info][gc,heap     ] GC(1101) Old regions: 2->2
[58.273s][info][gc,heap     ] GC(1101) Archive regions: 2->2
[58.273s][info][gc,heap     ] GC(1101) Humongous regions: 0->0
[58.274s][info][gc,metaspace] GC(1101) Metaspace: 615K(832K)->615K(832K) NonClass: 597K(704K)->597K(704K) Class: 17K(128K)->17K(128K)
[58.275s][info][gc          ] GC(1101) Pause Young (Normal) (G1 Evacuation Pause) 155M->6M(256M) 7.815ms
[58.276s][info][gc,cpu      ] GC(1101) User=0.01s Sys=0.00s Real=0.00s
[58.322s][info][gc,start    ] GC(1102) Pause Young (Normal) (G1 Evacuation Pause)
[58.322s][info][gc,task     ] GC(1102) Using 6 workers of 8 for evacuation
[58.326s][info][gc,phases   ] GC(1102)   Pre Evacuate Collection Set: 0.2ms
[58.327s][info][gc,phases   ] GC(1102)   Merge Heap Roots: 0.2ms
[58.327s][info][gc,phases   ] GC(1102)   Evacuate Collection Set: 1.7ms
[58.328s][info][gc,phases   ] GC(1102)   Post Evacuate Collection Set: 1.5ms
[58.328s][info][gc,phases   ] GC(1102)   Other: 0.5ms
[58.329s][info][gc,heap     ] GC(1102) Eden regions: 149->0(149)
[58.329s][info][gc,heap     ] GC(1102) Survivor regions: 4->4(20)
[58.329s][info][gc,heap     ] GC(1102) Old regions: 2->2
[58.330s][info][gc,heap     ] GC(1102) Archive regions: 2->2
[58.331s][info][gc,heap     ] GC(1102) Humongous regions: 0->0
[58.331s][info][gc,metaspace] GC(1102) Metaspace: 615K(832K)->615K(832K) NonClass: 597K(704K)->597K(704K) Class: 17K(128K)->17K(128K)
[58.331s][info][gc          ] GC(1102) Pause Young (Normal) (G1 Evacuation Pause) 155M->5M(256M) 9.621ms
[58.332s][info][gc,cpu      ] GC(1102) User=0.01s Sys=0.00s Real=0.01s
[58.386s][info][gc,start    ] GC(1103) Pause Young (Normal) (G1 Evacuation Pause)
[58.386s][info][gc,task     ] GC(1103) Using 6 workers of 8 for evacuation
[58.389s][info][gc,phases   ] GC(1103)   Pre Evacuate Collection Set: 0.3ms
[58.389s][info][gc,phases   ] GC(1103)   Merge Heap Roots: 0.2ms
[58.390s][info][gc,phases   ] GC(1103)   Evacuate Collection Set: 0.9ms
[58.392s][info][gc,phases   ] GC(1103)   Post Evacuate Collection Set: 0.7ms
[58.394s][info][gc,phases   ] GC(1103)   Other: 0.5ms
[58.394s][info][gc,heap     ] GC(1103) Eden regions: 149->0(150)
[58.395s][info][gc,heap     ] GC(1103) Survivor regions: 4->3(20)
[58.395s][info][gc,heap     ] GC(1103) Old regions: 2->2
[58.396s][info][gc,heap     ] GC(1103) Archive regions: 2->2
[58.396s][info][gc,heap     ] GC(1103) Humongous regions: 0->0
[58.397s][info][gc,metaspace] GC(1103) Metaspace: 615K(832K)->615K(832K) NonClass: 597K(704K)->597K(704K) Class: 17K(128K)->17K(128K)
[58.397s][info][gc          ] GC(1103) Pause Young (Normal) (G1 Evacuation Pause) 154M->5M(256M) 11.674ms
[58.398s][info][gc,cpu      ] GC(1103) User=0.01s Sys=0.00s Real=0.02s
[58.447s][info][gc,start    ] GC(1104) Pause Young (Normal) (G1 Evacuation Pause)
[58.448s][info][gc,task     ] GC(1104) Using 6 workers of 8 for evacuation
[58.451s][info][gc,phases   ] GC(1104)   Pre Evacuate Collection Set: 0.3ms
[58.451s][info][gc,phases   ] GC(1104)   Merge Heap Roots: 0.2ms
[58.452s][info][gc,phases   ] GC(1104)   Evacuate Collection Set: 1.5ms
[58.452s][info][gc,phases   ] GC(1104)   Post Evacuate Collection Set: 0.8ms
[58.452s][info][gc,phases   ] GC(1104)   Other: 0.5ms
[58.453s][info][gc,heap     ] GC(1104) Eden regions: 150->0(149)
[58.453s][info][gc,heap     ] GC(1104) Survivor regions: 3->4(20)
[58.453s][info][gc,heap     ] GC(1104) Old regions: 2->2
[58.454s][info][gc,heap     ] GC(1104) Archive regions: 2->2
[58.454s][info][gc,heap     ] GC(1104) Humongous regions: 0->0
[58.454s][info][gc,metaspace] GC(1104) Metaspace: 615K(832K)->615K(832K) NonClass: 597K(704K)->597K(704K) Class: 17K(128K)->17K(128K)
[58.455s][info][gc          ] GC(1104) Pause Young (Normal) (G1 Evacuation Pause) 155M->6M(256M) 7.569ms
[58.455s][info][gc,cpu      ] GC(1104) User=0.00s Sys=0.00s Real=0.00s
[58.503s][info][gc,start    ] GC(1105) Pause Young (Normal) (G1 Evacuation Pause)
[58.504s][info][gc,task     ] GC(1105) Using 6 workers of 8 for evacuation
[58.508s][info][gc,phases   ] GC(1105)   Pre Evacuate Collection Set: 0.2ms
[58.509s][info][gc,phases   ] GC(1105)   Merge Heap Roots: 0.2ms
[58.509s][info][gc,phases   ] GC(1105)   Evacuate Collection Set: 1.4ms
[58.510s][info][gc,phases   ] GC(1105)   Post Evacuate Collection Set: 1.6ms
[58.511s][info][gc,phases   ] GC(1105)   Other: 0.6ms
[58.511s][info][gc,heap     ] GC(1105) Eden regions: 149->0(149)
[58.512s][info][gc,heap     ] GC(1105) Survivor regions: 4->4(20)
[58.512s][info][gc,heap     ] GC(1105) Old regions: 2->2
[58.513s][info][gc,heap     ] GC(1105) Archive regions: 2->2
[58.514s][info][gc,heap     ] GC(1105) Humongous regions: 0->0
[58.514s][info][gc,metaspace] GC(1105) Metaspace: 615K(832K)->615K(832K) NonClass: 597K(704K)->597K(704K) Class: 17K(128K)->17K(128K)
[58.515s][info][gc          ] GC(1105) Pause Young (Normal) (G1 Evacuation Pause) 155M->5M(256M) 11.527ms
[58.515s][info][gc,cpu      ] GC(1105) User=0.00s Sys=0.01s Real=0.01s
[58.565s][info][gc,start    ] GC(1106) Pause Young (Normal) (G1 Evacuation Pause)
[58.565s][info][gc,task     ] GC(1106) Using 6 workers of 8 for evacuation
[58.568s][info][gc,phases   ] GC(1106)   Pre Evacuate Collection Set: 0.3ms
[58.568s][info][gc,phases   ] GC(1106)   Merge Heap Roots: 0.2ms
[58.569s][info][gc,phases   ] GC(1106)   Evacuate Collection Set: 1.0ms
[58.569s][info][gc,phases   ] GC(1106)   Post Evacuate Collection Set: 0.8ms
[58.569s][info][gc,phases   ] GC(1106)   Other: 0.5ms
[58.570s][info][gc,heap     ] GC(1106) Eden regions: 149->0(149)
[58.570s][info][gc,heap     ] GC(1106) Survivor regions: 4->4(20)
[58.570s][info][gc,heap     ] GC(1106) Old regions: 2->2
[58.571s][info][gc,heap     ] GC(1106) Archive regions: 2->2
[58.571s][info][gc,heap     ] GC(1106) Humongous regions: 0->0
[58.571s][info][gc,metaspace] GC(1106) Metaspace: 615K(832K)->615K(832K) NonClass: 597K(704K)->597K(704K) Class: 17K(128K)->17K(128K)
[58.572s][info][gc          ] GC(1106) Pause Young (Normal) (G1 Evacuation Pause) 154M->5M(256M) 7.020ms
[58.572s][info][gc,cpu      ] GC(1106) User=0.01s Sys=0.00s Real=0.01s
[58.618s][info][gc,start    ] GC(1107) Pause Young (Normal) (G1 Evacuation Pause)
[58.619s][info][gc,task     ] GC(1107) Using 6 workers of 8 for evacuation
[58.622s][info][gc,phases   ] GC(1107)   Pre Evacuate Collection Set: 0.3ms
[58.622s][info][gc,phases   ] GC(1107)   Merge Heap Roots: 0.2ms
[58.622s][info][gc,phases   ] GC(1107)   Evacuate Collection Set: 0.9ms
[58.623s][info][gc,phases   ] GC(1107)   Post Evacuate Collection Set: 0.7ms
[58.623s][info][gc,phases   ] GC(1107)   Other: 1.0ms
[58.624s][info][gc,heap     ] GC(1107) Eden regions: 149->0(150)
[58.625s][info][gc,heap     ] GC(1107) Survivor regions: 4->3(20)
[58.625s][info][gc,heap     ] GC(1107) Old regions: 2->2
[58.626s][info][gc,heap     ] GC(1107) Archive regions: 2->2
[58.627s][info][gc,heap     ] GC(1107) Humongous regions: 0->0
[58.627s][info][gc,metaspace] GC(1107) Metaspace: 615K(832K)->615K(832K) NonClass: 597K(704K)->597K(704K) Class: 17K(128K)->17K(128K)
[58.628s][info][gc          ] GC(1107) Pause Young (Normal) (G1 Evacuation Pause) 154M->5M(256M) 9.595ms
[58.628s][info][gc,cpu      ] GC(1107) User=0.01s Sys=0.00s Real=0.01s
[58.671s][info][gc,start    ] GC(1108) Pause Young (Normal) (G1 Evacuation Pause)
[58.672s][info][gc,task     ] GC(1108) Using 6 workers of 8 for evacuation
[58.677s][info][gc,phases   ] GC(1108)   Pre Evacuate Collection Set: 0.4ms
[58.678s][info][gc,phases   ] GC(1108)   Merge Heap Roots: 0.2ms
[58.678s][info][gc,phases   ] GC(1108)   Evacuate Collection Set: 2.7ms
[58.679s][info][gc,phases   ] GC(1108)   Post Evacuate Collection Set: 1.7ms
[58.679s][info][gc,phases   ] GC(1108)   Other: 0.6ms
[58.679s][info][gc,heap     ] GC(1108) Eden regions: 150->0(149)
[58.680s][info][gc,heap     ] GC(1108) Survivor regions: 3->4(20)
[58.680s][info][gc,heap     ] GC(1108) Old regions: 2->2
[58.680s][info][gc,heap     ] GC(1108) Archive regions: 2->2
[58.681s][info][gc,heap     ] GC(1108) Humongous regions: 0->0
[58.682s][info][gc,metaspace] GC(1108) Metaspace: 615K(832K)->615K(832K) NonClass: 597K(704K)->597K(704K) Class: 17K(128K)->17K(128K)
[58.682s][info][gc          ] GC(1108) Pause Young (Normal) (G1 Evacuation Pause) 155M->6M(256M) 11.190ms
[58.683s][info][gc,cpu      ] GC(1108) User=0.01s Sys=0.00s Real=0.01s
[58.726s][info][gc,start    ] GC(1109) Pause Young (Normal) (G1 Evacuation Pause)
[58.728s][info][gc,task     ] GC(1109) Using 6 workers of 8 for evacuation
[58.731s][info][gc,phases   ] GC(1109)   Pre Evacuate Collection Set: 0.4ms
[58.732s][info][gc,phases   ] GC(1109)   Merge Heap Roots: 0.2ms
[58.732s][info][gc,phases   ] GC(1109)   Evacuate Collection Set: 1.2ms
[58.732s][info][gc,phases   ] GC(1109)   Post Evacuate Collection Set: 1.2ms
[58.733s][info][gc,phases   ] GC(1109)   Other: 0.7ms
[58.734s][info][gc,heap     ] GC(1109) Eden regions: 149->0(149)
[58.734s][info][gc,heap     ] GC(1109) Survivor regions: 4->4(20)
[58.734s][info][gc,heap     ] GC(1109) Old regions: 2->2
[58.735s][info][gc,heap     ] GC(1109) Archive regions: 2->2
[58.735s][info][gc,heap     ] GC(1109) Humongous regions: 0->0
[58.735s][info][gc,metaspace] GC(1109) Metaspace: 615K(832K)->615K(832K) NonClass: 597K(704K)->597K(704K) Class: 17K(128K)->17K(128K)
[58.735s][info][gc          ] GC(1109) Pause Young (Normal) (G1 Evacuation Pause) 155M->5M(256M) 9.158ms
[58.736s][info][gc,cpu      ] GC(1109) User=0.00s Sys=0.00s Real=0.01s
[58.780s][info][gc,start    ] GC(1110) Pause Young (Normal) (G1 Evacuation Pause)
[58.781s][info][gc,task     ] GC(1110) Using 6 workers of 8 for evacuation
[58.784s][info][gc,phases   ] GC(1110)   Pre Evacuate Collection Set: 0.3ms
[58.784s][info][gc,phases   ] GC(1110)   Merge Heap Roots: 0.2ms
[58.785s][info][gc,phases   ] GC(1110)   Evacuate Collection Set: 0.9ms
[58.785s][info][gc,phases   ] GC(1110)   Post Evacuate Collection Set: 0.8ms
[58.785s][info][gc,phases   ] GC(1110)   Other: 0.7ms
[58.786s][info][gc,heap     ] GC(1110) Eden regions: 149->0(149)
[58.786s][info][gc,heap     ] GC(1110) Survivor regions: 4->4(20)
[58.787s][info][gc,heap     ] GC(1110) Old regions: 2->2
[58.787s][info][gc,heap     ] GC(1110) Archive regions: 2->2
[58.787s][info][gc,heap     ] GC(1110) Humongous regions: 0->0
[58.788s][info][gc,metaspace] GC(1110) Metaspace: 615K(832K)->615K(832K) NonClass: 597K(704K)->597K(704K) Class: 17K(128K)->17K(128K)
[58.789s][info][gc          ] GC(1110) Pause Young (Normal) (G1 Evacuation Pause) 154M->5M(256M) 8.147ms
[58.789s][info][gc,cpu      ] GC(1110) User=0.00s Sys=0.00s Real=0.01s
[58.836s][info][gc,start    ] GC(1111) Pause Young (Normal) (G1 Evacuation Pause)
[58.837s][info][gc,task     ] GC(1111) Using 6 workers of 8 for evacuation
[58.840s][info][gc,phases   ] GC(1111)   Pre Evacuate Collection Set: 0.2ms
[58.841s][info][gc,phases   ] GC(1111)   Merge Heap Roots: 0.3ms
[58.842s][info][gc,phases   ] GC(1111)   Evacuate Collection Set: 1.0ms
[58.844s][info][gc,phases   ] GC(1111)   Post Evacuate Collection Set: 1.1ms
[58.844s][info][gc,phases   ] GC(1111)   Other: 0.5ms
[58.845s][info][gc,heap     ] GC(1111) Eden regions: 149->0(150)
[58.845s][info][gc,heap     ] GC(1111) Survivor regions: 4->3(20)
[58.845s][info][gc,heap     ] GC(1111) Old regions: 2->2
[58.846s][info][gc,heap     ] GC(1111) Archive regions: 2->2
[58.846s][info][gc,heap     ] GC(1111) Humongous regions: 0->0
[58.847s][info][gc,metaspace] GC(1111) Metaspace: 615K(832K)->615K(832K) NonClass: 597K(704K)->597K(704K) Class: 17K(128K)->17K(128K)
[58.848s][info][gc          ] GC(1111) Pause Young (Normal) (G1 Evacuation Pause) 154M->5M(256M) 11.381ms
[58.848s][info][gc,cpu      ] GC(1111) User=0.00s Sys=0.00s Real=0.02s
[58.888s][info][gc,start    ] GC(1112) Pause Young (Normal) (G1 Evacuation Pause)
[58.889s][info][gc,task     ] GC(1112) Using 6 workers of 8 for evacuation
[58.894s][info][gc,phases   ] GC(1112)   Pre Evacuate Collection Set: 0.3ms
[58.894s][info][gc,phases   ] GC(1112)   Merge Heap Roots: 0.3ms
[58.895s][info][gc,phases   ] GC(1112)   Evacuate Collection Set: 2.5ms
[58.895s][info][gc,phases   ] GC(1112)   Post Evacuate Collection Set: 1.5ms
[58.895s][info][gc,phases   ] GC(1112)   Other: 0.5ms
[58.896s][info][gc,heap     ] GC(1112) Eden regions: 150->0(149)
[58.896s][info][gc,heap     ] GC(1112) Survivor regions: 3->4(20)
[58.897s][info][gc,heap     ] GC(1112) Old regions: 2->2
[58.897s][info][gc,heap     ] GC(1112) Archive regions: 2->2
[58.898s][info][gc,heap     ] GC(1112) Humongous regions: 0->0
[58.898s][info][gc,metaspace] GC(1112) Metaspace: 615K(832K)->615K(832K) NonClass: 597K(704K)->597K(704K) Class: 17K(128K)->17K(128K)
[58.899s][info][gc          ] GC(1112) Pause Young (Normal) (G1 Evacuation Pause) 155M->5M(256M) 10.546ms
[58.899s][info][gc,cpu      ] GC(1112) User=0.01s Sys=0.00s Real=0.01s
[58.940s][info][gc,start    ] GC(1113) Pause Young (Normal) (G1 Evacuation Pause)
[58.941s][info][gc,task     ] GC(1113) Using 6 workers of 8 for evacuation
[58.946s][info][gc,phases   ] GC(1113)   Pre Evacuate Collection Set: 0.5ms
[58.947s][info][gc,phases   ] GC(1113)   Merge Heap Roots: 0.3ms
[58.948s][info][gc,phases   ] GC(1113)   Evacuate Collection Set: 1.8ms
[58.948s][info][gc,phases   ] GC(1113)   Post Evacuate Collection Set: 1.0ms
[58.949s][info][gc,phases   ] GC(1113)   Other: 1.3ms
[58.949s][info][gc,heap     ] GC(1113) Eden regions: 149->0(149)
[58.949s][info][gc,heap     ] GC(1113) Survivor regions: 4->4(20)
[58.949s][info][gc,heap     ] GC(1113) Old regions: 2->2
[58.950s][info][gc,heap     ] GC(1113) Archive regions: 2->2
[58.950s][info][gc,heap     ] GC(1113) Humongous regions: 0->0
[58.950s][info][gc,metaspace] GC(1113) Metaspace: 615K(832K)->615K(832K) NonClass: 597K(704K)->597K(704K) Class: 17K(128K)->17K(128K)
[58.951s][info][gc          ] GC(1113) Pause Young (Normal) (G1 Evacuation Pause) 154M->5M(256M) 11.061ms
[58.951s][info][gc,cpu      ] GC(1113) User=0.01s Sys=0.00s Real=0.01s
[59.004s][info][gc,start    ] GC(1114) Pause Young (Normal) (G1 Evacuation Pause)
[59.005s][info][gc,task     ] GC(1114) Using 6 workers of 8 for evacuation
[59.008s][info][gc,phases   ] GC(1114)   Pre Evacuate Collection Set: 0.2ms
[59.009s][info][gc,phases   ] GC(1114)   Merge Heap Roots: 0.2ms
[59.010s][info][gc,phases   ] GC(1114)   Evacuate Collection Set: 0.7ms
[59.011s][info][gc,phases   ] GC(1114)   Post Evacuate Collection Set: 1.8ms
[59.011s][info][gc,phases   ] GC(1114)   Other: 0.5ms
[59.012s][info][gc,heap     ] GC(1114) Eden regions: 149->0(150)
[59.012s][info][gc,heap     ] GC(1114) Survivor regions: 4->3(20)
[59.013s][info][gc,heap     ] GC(1114) Old regions: 2->2
[59.013s][info][gc,heap     ] GC(1114) Archive regions: 2->2
[59.014s][info][gc,heap     ] GC(1114) Humongous regions: 0->0
[59.014s][info][gc,metaspace] GC(1114) Metaspace: 615K(832K)->615K(832K) NonClass: 597K(704K)->597K(704K) Class: 17K(128K)->17K(128K)
[59.014s][info][gc          ] GC(1114) Pause Young (Normal) (G1 Evacuation Pause) 154M->5M(256M) 10.251ms
[59.015s][info][gc,cpu      ] GC(1114) User=0.00s Sys=0.01s Real=0.01s
[59.055s][info][gc,start    ] GC(1115) Pause Young (Normal) (G1 Evacuation Pause)
[59.056s][info][gc,task     ] GC(1115) Using 6 workers of 8 for evacuation
[59.061s][info][gc,phases   ] GC(1115)   Pre Evacuate Collection Set: 0.2ms
[59.062s][info][gc,phases   ] GC(1115)   Merge Heap Roots: 0.3ms
[59.062s][info][gc,phases   ] GC(1115)   Evacuate Collection Set: 2.3ms
[59.062s][info][gc,phases   ] GC(1115)   Post Evacuate Collection Set: 1.8ms
[59.063s][info][gc,phases   ] GC(1115)   Other: 0.5ms
[59.063s][info][gc,heap     ] GC(1115) Eden regions: 150->0(149)
[59.063s][info][gc,heap     ] GC(1115) Survivor regions: 3->4(20)
[59.064s][info][gc,heap     ] GC(1115) Old regions: 2->2
[59.064s][info][gc,heap     ] GC(1115) Archive regions: 2->2
[59.065s][info][gc,heap     ] GC(1115) Humongous regions: 0->0
[59.065s][info][gc,metaspace] GC(1115) Metaspace: 615K(832K)->615K(832K) NonClass: 597K(704K)->597K(704K) Class: 17K(128K)->17K(128K)
[59.065s][info][gc          ] GC(1115) Pause Young (Normal) (G1 Evacuation Pause) 155M->5M(256M) 10.356ms
[59.066s][info][gc,cpu      ] GC(1115) User=0.01s Sys=0.00s Real=0.01s
[59.103s][info][gc,start    ] GC(1116) Pause Young (Normal) (G1 Evacuation Pause)
[59.103s][info][gc,task     ] GC(1116) Using 6 workers of 8 for evacuation
[59.106s][info][gc,phases   ] GC(1116)   Pre Evacuate Collection Set: 0.2ms
[59.106s][info][gc,phases   ] GC(1116)   Merge Heap Roots: 0.2ms
[59.107s][info][gc,phases   ] GC(1116)   Evacuate Collection Set: 0.8ms
[59.107s][info][gc,phases   ] GC(1116)   Post Evacuate Collection Set: 0.8ms
[59.108s][info][gc,phases   ] GC(1116)   Other: 0.4ms
[59.108s][info][gc,heap     ] GC(1116) Eden regions: 149->0(149)
[59.109s][info][gc,heap     ] GC(1116) Survivor regions: 4->4(20)
[59.110s][info][gc,heap     ] GC(1116) Old regions: 2->2
[59.111s][info][gc,heap     ] GC(1116) Archive regions: 2->2
[59.111s][info][gc,heap     ] GC(1116) Humongous regions: 0->0
[59.112s][info][gc,metaspace] GC(1116) Metaspace: 615K(832K)->615K(832K) NonClass: 597K(704K)->597K(704K) Class: 17K(128K)->17K(128K)
[59.112s][info][gc          ] GC(1116) Pause Young (Normal) (G1 Evacuation Pause) 154M->5M(256M) 9.438ms
[59.113s][info][gc,cpu      ] GC(1116) User=0.00s Sys=0.00s Real=0.01s
[59.153s][info][gc,start    ] GC(1117) Pause Young (Normal) (G1 Evacuation Pause)
[59.154s][info][gc,task     ] GC(1117) Using 6 workers of 8 for evacuation
[59.157s][info][gc,phases   ] GC(1117)   Pre Evacuate Collection Set: 0.2ms
[59.159s][info][gc,phases   ] GC(1117)   Merge Heap Roots: 0.3ms
[59.159s][info][gc,phases   ] GC(1117)   Evacuate Collection Set: 1.1ms
[59.160s][info][gc,phases   ] GC(1117)   Post Evacuate Collection Set: 1.1ms
[59.161s][info][gc,phases   ] GC(1117)   Other: 0.5ms
[59.162s][info][gc,heap     ] GC(1117) Eden regions: 149->0(149)
[59.162s][info][gc,heap     ] GC(1117) Survivor regions: 4->4(20)
[59.162s][info][gc,heap     ] GC(1117) Old regions: 2->2
[59.163s][info][gc,heap     ] GC(1117) Archive regions: 2->2
[59.163s][info][gc,heap     ] GC(1117) Humongous regions: 0->0
[59.164s][info][gc,metaspace] GC(1117) Metaspace: 615K(832K)->615K(832K) NonClass: 597K(704K)->597K(704K) Class: 17K(128K)->17K(128K)
[59.164s][info][gc          ] GC(1117) Pause Young (Normal) (G1 Evacuation Pause) 154M->5M(256M) 10.975ms
[59.165s][info][gc,cpu      ] GC(1117) User=0.00s Sys=0.01s Real=0.01s
[59.205s][info][gc,start    ] GC(1118) Pause Young (Normal) (G1 Evacuation Pause)
[59.206s][info][gc,task     ] GC(1118) Using 6 workers of 8 for evacuation
[59.211s][info][gc,phases   ] GC(1118)   Pre Evacuate Collection Set: 0.4ms
[59.213s][info][gc,phases   ] GC(1118)   Merge Heap Roots: 0.4ms
[59.214s][info][gc,phases   ] GC(1118)   Evacuate Collection Set: 2.2ms
[59.215s][info][gc,phases   ] GC(1118)   Post Evacuate Collection Set: 1.6ms
[59.215s][info][gc,phases   ] GC(1118)   Other: 0.5ms
[59.216s][info][gc,heap     ] GC(1118) Eden regions: 149->0(150)
[59.217s][info][gc,heap     ] GC(1118) Survivor regions: 4->3(20)
[59.217s][info][gc,heap     ] GC(1118) Old regions: 2->2
[59.217s][info][gc,heap     ] GC(1118) Archive regions: 2->2
[59.218s][info][gc,heap     ] GC(1118) Humongous regions: 0->0
[59.218s][info][gc,metaspace] GC(1118) Metaspace: 615K(832K)->615K(832K) NonClass: 597K(704K)->597K(704K) Class: 17K(128K)->17K(128K)
[59.219s][info][gc          ] GC(1118) Pause Young (Normal) (G1 Evacuation Pause) 154M->5M(256M) 13.545ms
[59.219s][info][gc,cpu      ] GC(1118) User=0.00s Sys=0.00s Real=0.02s
[59.264s][info][gc,start    ] GC(1119) Pause Young (Normal) (G1 Evacuation Pause)
[59.265s][info][gc,task     ] GC(1119) Using 6 workers of 8 for evacuation
[59.268s][info][gc,phases   ] GC(1119)   Pre Evacuate Collection Set: 0.3ms
[59.268s][info][gc,phases   ] GC(1119)   Merge Heap Roots: 0.2ms
[59.268s][info][gc,phases   ] GC(1119)   Evacuate Collection Set: 1.0ms
[59.269s][info][gc,phases   ] GC(1119)   Post Evacuate Collection Set: 0.9ms
[59.269s][info][gc,phases   ] GC(1119)   Other: 0.5ms
[59.269s][info][gc,heap     ] GC(1119) Eden regions: 150->0(149)
[59.269s][info][gc,heap     ] GC(1119) Survivor regions: 3->4(20)
[59.270s][info][gc,heap     ] GC(1119) Old regions: 2->2
[59.270s][info][gc,heap     ] GC(1119) Archive regions: 2->2
[59.270s][info][gc,heap     ] GC(1119) Humongous regions: 0->0
[59.270s][info][gc,metaspace] GC(1119) Metaspace: 615K(832K)->615K(832K) NonClass: 597K(704K)->597K(704K) Class: 17K(128K)->17K(128K)
[59.271s][info][gc          ] GC(1119) Pause Young (Normal) (G1 Evacuation Pause) 155M->5M(256M) 6.668ms
[59.271s][info][gc,cpu      ] GC(1119) User=0.00s Sys=0.00s Real=0.01s
[59.317s][info][gc,start    ] GC(1120) Pause Young (Normal) (G1 Evacuation Pause)
[59.318s][info][gc,task     ] GC(1120) Using 6 workers of 8 for evacuation
[59.320s][info][gc,phases   ] GC(1120)   Pre Evacuate Collection Set: 0.2ms
[59.321s][info][gc,phases   ] GC(1120)   Merge Heap Roots: 0.2ms
[59.321s][info][gc,phases   ] GC(1120)   Evacuate Collection Set: 0.9ms
[59.322s][info][gc,phases   ] GC(1120)   Post Evacuate Collection Set: 0.8ms
[59.322s][info][gc,phases   ] GC(1120)   Other: 0.4ms
[59.323s][info][gc,heap     ] GC(1120) Eden regions: 149->0(150)
[59.323s][info][gc,heap     ] GC(1120) Survivor regions: 4->3(20)
[59.324s][info][gc,heap     ] GC(1120) Old regions: 2->2
[59.325s][info][gc,heap     ] GC(1120) Archive regions: 2->2
[59.326s][info][gc,heap     ] GC(1120) Humongous regions: 0->0
[59.326s][info][gc,metaspace] GC(1120) Metaspace: 615K(832K)->615K(832K) NonClass: 597K(704K)->597K(704K) Class: 17K(128K)->17K(128K)
[59.327s][info][gc          ] GC(1120) Pause Young (Normal) (G1 Evacuation Pause) 154M->5M(256M) 9.722ms
[59.328s][info][gc,cpu      ] GC(1120) User=0.00s Sys=0.01s Real=0.01s
[59.380s][info][gc,start    ] GC(1121) Pause Young (Normal) (G1 Evacuation Pause)
[59.380s][info][gc,task     ] GC(1121) Using 6 workers of 8 for evacuation
[59.384s][info][gc,phases   ] GC(1121)   Pre Evacuate Collection Set: 0.3ms
[59.384s][info][gc,phases   ] GC(1121)   Merge Heap Roots: 0.3ms
[59.385s][info][gc,phases   ] GC(1121)   Evacuate Collection Set: 1.4ms
[59.385s][info][gc,phases   ] GC(1121)   Post Evacuate Collection Set: 0.9ms
[59.385s][info][gc,phases   ] GC(1121)   Other: 0.6ms
[59.386s][info][gc,heap     ] GC(1121) Eden regions: 150->0(148)
[59.386s][info][gc,heap     ] GC(1121) Survivor regions: 3->5(20)
[59.386s][info][gc,heap     ] GC(1121) Old regions: 2->2
[59.387s][info][gc,heap     ] GC(1121) Archive regions: 2->2
[59.387s][info][gc,heap     ] GC(1121) Humongous regions: 0->0
[59.387s][info][gc,metaspace] GC(1121) Metaspace: 615K(832K)->615K(832K) NonClass: 597K(704K)->597K(704K) Class: 17K(128K)->17K(128K)
[59.388s][info][gc          ] GC(1121) Pause Young (Normal) (G1 Evacuation Pause) 155M->6M(256M) 7.835ms
[59.388s][info][gc,cpu      ] GC(1121) User=0.00s Sys=0.00s Real=0.01s
[59.433s][info][gc,start    ] GC(1122) Pause Young (Normal) (G1 Evacuation Pause)
[59.433s][info][gc,task     ] GC(1122) Using 6 workers of 8 for evacuation
[59.436s][info][gc,phases   ] GC(1122)   Pre Evacuate Collection Set: 0.3ms
[59.437s][info][gc,phases   ] GC(1122)   Merge Heap Roots: 0.3ms
[59.437s][info][gc,phases   ] GC(1122)   Evacuate Collection Set: 1.1ms
[59.437s][info][gc,phases   ] GC(1122)   Post Evacuate Collection Set: 0.9ms
[59.438s][info][gc,phases   ] GC(1122)   Other: 0.5ms
[59.438s][info][gc,heap     ] GC(1122) Eden regions: 148->0(150)
[59.438s][info][gc,heap     ] GC(1122) Survivor regions: 5->3(20)
[59.439s][info][gc,heap     ] GC(1122) Old regions: 2->2
[59.439s][info][gc,heap     ] GC(1122) Archive regions: 2->2
[59.440s][info][gc,heap     ] GC(1122) Humongous regions: 0->0
[59.440s][info][gc,metaspace] GC(1122) Metaspace: 615K(832K)->615K(832K) NonClass: 597K(704K)->597K(704K) Class: 17K(128K)->17K(128K)
[59.441s][info][gc          ] GC(1122) Pause Young (Normal) (G1 Evacuation Pause) 154M->5M(256M) 8.686ms
[59.443s][info][gc,cpu      ] GC(1122) User=0.01s Sys=0.00s Real=0.01s
[59.488s][info][gc,start    ] GC(1123) Pause Young (Normal) (G1 Evacuation Pause)
[59.488s][info][gc,task     ] GC(1123) Using 6 workers of 8 for evacuation
[59.495s][info][gc,phases   ] GC(1123)   Pre Evacuate Collection Set: 0.5ms
[59.496s][info][gc,phases   ] GC(1123)   Merge Heap Roots: 0.7ms
[59.497s][info][gc,phases   ] GC(1123)   Evacuate Collection Set: 3.8ms
[59.497s][info][gc,phases   ] GC(1123)   Post Evacuate Collection Set: 1.7ms
[59.498s][info][gc,phases   ] GC(1123)   Other: 0.6ms
[59.498s][info][gc,heap     ] GC(1123) Eden regions: 150->0(149)
[59.499s][info][gc,heap     ] GC(1123) Survivor regions: 3->4(20)
[59.499s][info][gc,heap     ] GC(1123) Old regions: 2->2
[59.499s][info][gc,heap     ] GC(1123) Archive regions: 2->2
[59.500s][info][gc,heap     ] GC(1123) Humongous regions: 0->0
[59.500s][info][gc,metaspace] GC(1123) Metaspace: 615K(832K)->615K(832K) NonClass: 597K(704K)->597K(704K) Class: 17K(128K)->17K(128K)
[59.500s][info][gc          ] GC(1123) Pause Young (Normal) (G1 Evacuation Pause) 155M->5M(256M) 12.656ms
[59.501s][info][gc,cpu      ] GC(1123) User=0.02s Sys=0.00s Real=0.01s
[59.545s][info][gc,start    ] GC(1124) Pause Young (Normal) (G1 Evacuation Pause)
[59.545s][info][gc,task     ] GC(1124) Using 6 workers of 8 for evacuation
[59.549s][info][gc,phases   ] GC(1124)   Pre Evacuate Collection Set: 0.3ms
[59.550s][info][gc,phases   ] GC(1124)   Merge Heap Roots: 0.3ms
[59.550s][info][gc,phases   ] GC(1124)   Evacuate Collection Set: 1.4ms
[59.550s][info][gc,phases   ] GC(1124)   Post Evacuate Collection Set: 1.2ms
[59.551s][info][gc,phases   ] GC(1124)   Other: 0.6ms
[59.551s][info][gc,heap     ] GC(1124) Eden regions: 149->0(150)
[59.551s][info][gc,heap     ] GC(1124) Survivor regions: 4->3(20)
[59.551s][info][gc,heap     ] GC(1124) Old regions: 2->2
[59.552s][info][gc,heap     ] GC(1124) Archive regions: 2->2
[59.552s][info][gc,heap     ] GC(1124) Humongous regions: 0->0
[59.553s][info][gc,metaspace] GC(1124) Metaspace: 615K(832K)->615K(832K) NonClass: 597K(704K)->597K(704K) Class: 17K(128K)->17K(128K)
[59.553s][info][gc          ] GC(1124) Pause Young (Normal) (G1 Evacuation Pause) 154M->5M(256M) 8.325ms
[59.553s][info][gc,cpu      ] GC(1124) User=0.01s Sys=0.00s Real=0.01s
[59.597s][info][gc,start    ] GC(1125) Pause Young (Normal) (G1 Evacuation Pause)
[59.598s][info][gc,task     ] GC(1125) Using 6 workers of 8 for evacuation
[59.601s][info][gc,phases   ] GC(1125)   Pre Evacuate Collection Set: 0.2ms
[59.601s][info][gc,phases   ] GC(1125)   Merge Heap Roots: 0.2ms
[59.602s][info][gc,phases   ] GC(1125)   Evacuate Collection Set: 1.3ms
[59.602s][info][gc,phases   ] GC(1125)   Post Evacuate Collection Set: 0.7ms
[59.602s][info][gc,phases   ] GC(1125)   Other: 0.4ms
[59.603s][info][gc,heap     ] GC(1125) Eden regions: 150->0(149)
[59.603s][info][gc,heap     ] GC(1125) Survivor regions: 3->4(20)
[59.603s][info][gc,heap     ] GC(1125) Old regions: 2->2
[59.604s][info][gc,heap     ] GC(1125) Archive regions: 2->2
[59.604s][info][gc,heap     ] GC(1125) Humongous regions: 0->0
[59.604s][info][gc,metaspace] GC(1125) Metaspace: 615K(832K)->615K(832K) NonClass: 597K(704K)->597K(704K) Class: 17K(128K)->17K(128K)
[59.605s][info][gc          ] GC(1125) Pause Young (Normal) (G1 Evacuation Pause) 155M->6M(256M) 7.218ms
[59.605s][info][gc,cpu      ] GC(1125) User=0.01s Sys=0.00s Real=0.00s
[59.650s][info][gc,start    ] GC(1126) Pause Young (Normal) (G1 Evacuation Pause)
[59.651s][info][gc,task     ] GC(1126) Using 6 workers of 8 for evacuation
[59.653s][info][gc,phases   ] GC(1126)   Pre Evacuate Collection Set: 0.2ms
[59.654s][info][gc,phases   ] GC(1126)   Merge Heap Roots: 0.2ms
[59.654s][info][gc,phases   ] GC(1126)   Evacuate Collection Set: 1.2ms
[59.654s][info][gc,phases   ] GC(1126)   Post Evacuate Collection Set: 0.7ms
[59.655s][info][gc,phases   ] GC(1126)   Other: 0.4ms
[59.655s][info][gc,heap     ] GC(1126) Eden regions: 149->0(149)
[59.655s][info][gc,heap     ] GC(1126) Survivor regions: 4->4(20)
[59.656s][info][gc,heap     ] GC(1126) Old regions: 2->2
[59.656s][info][gc,heap     ] GC(1126) Archive regions: 2->2
[59.657s][info][gc,heap     ] GC(1126) Humongous regions: 0->0
[59.658s][info][gc,metaspace] GC(1126) Metaspace: 615K(832K)->615K(832K) NonClass: 597K(704K)->597K(704K) Class: 17K(128K)->17K(128K)
[59.659s][info][gc          ] GC(1126) Pause Young (Normal) (G1 Evacuation Pause) 155M->5M(256M) 8.770ms
[59.659s][info][gc,cpu      ] GC(1126) User=0.01s Sys=0.00s Real=0.01s
[59.702s][info][gc,start    ] GC(1127) Pause Young (Normal) (G1 Evacuation Pause)
[59.703s][info][gc,task     ] GC(1127) Using 6 workers of 8 for evacuation
[59.705s][info][gc,phases   ] GC(1127)   Pre Evacuate Collection Set: 0.2ms
[59.706s][info][gc,phases   ] GC(1127)   Merge Heap Roots: 0.2ms
[59.706s][info][gc,phases   ] GC(1127)   Evacuate Collection Set: 0.8ms
[59.707s][info][gc,phases   ] GC(1127)   Post Evacuate Collection Set: 0.9ms
[59.707s][info][gc,phases   ] GC(1127)   Other: 0.4ms
[59.708s][info][gc,heap     ] GC(1127) Eden regions: 149->0(150)
[59.709s][info][gc,heap     ] GC(1127) Survivor regions: 4->3(20)
[59.710s][info][gc,heap     ] GC(1127) Old regions: 2->2
[59.710s][info][gc,heap     ] GC(1127) Archive regions: 2->2
[59.711s][info][gc,heap     ] GC(1127) Humongous regions: 0->0
[59.711s][info][gc,metaspace] GC(1127) Metaspace: 615K(832K)->615K(832K) NonClass: 597K(704K)->597K(704K) Class: 17K(128K)->17K(128K)
[59.712s][info][gc          ] GC(1127) Pause Young (Normal) (G1 Evacuation Pause) 154M->5M(256M) 9.410ms
[59.712s][info][gc,cpu      ] GC(1127) User=0.00s Sys=0.00s Real=0.01s
[59.768s][info][gc,start    ] GC(1128) Pause Young (Normal) (G1 Evacuation Pause)
[59.768s][info][gc,task     ] GC(1128) Using 6 workers of 8 for evacuation
[59.771s][info][gc,phases   ] GC(1128)   Pre Evacuate Collection Set: 0.2ms
[59.772s][info][gc,phases   ] GC(1128)   Merge Heap Roots: 0.3ms
[59.772s][info][gc,phases   ] GC(1128)   Evacuate Collection Set: 1.0ms
[59.772s][info][gc,phases   ] GC(1128)   Post Evacuate Collection Set: 0.9ms
[59.772s][info][gc,phases   ] GC(1128)   Other: 0.4ms
[59.773s][info][gc,heap     ] GC(1128) Eden regions: 150->0(149)
[59.774s][info][gc,heap     ] GC(1128) Survivor regions: 3->4(20)
[59.775s][info][gc,heap     ] GC(1128) Old regions: 2->2
[59.776s][info][gc,heap     ] GC(1128) Archive regions: 2->2
[59.777s][info][gc,heap     ] GC(1128) Humongous regions: 0->0
[59.778s][info][gc,metaspace] GC(1128) Metaspace: 615K(832K)->615K(832K) NonClass: 597K(704K)->597K(704K) Class: 17K(128K)->17K(128K)
[59.778s][info][gc          ] GC(1128) Pause Young (Normal) (G1 Evacuation Pause) 155M->6M(256M) 10.372ms
[59.779s][info][gc,cpu      ] GC(1128) User=0.01s Sys=0.00s Real=0.01s
[59.822s][info][gc,start    ] GC(1129) Pause Young (Normal) (G1 Evacuation Pause)
[59.822s][info][gc,task     ] GC(1129) Using 6 workers of 8 for evacuation
[59.828s][info][gc,phases   ] GC(1129)   Pre Evacuate Collection Set: 0.4ms
[59.828s][info][gc,phases   ] GC(1129)   Merge Heap Roots: 0.4ms
[59.828s][info][gc,phases   ] GC(1129)   Evacuate Collection Set: 3.0ms
[59.829s][info][gc,phases   ] GC(1129)   Post Evacuate Collection Set: 1.4ms
[59.829s][info][gc,phases   ] GC(1129)   Other: 0.4ms
[59.829s][info][gc,heap     ] GC(1129) Eden regions: 149->0(149)
[59.830s][info][gc,heap     ] GC(1129) Survivor regions: 4->4(20)
[59.830s][info][gc,heap     ] GC(1129) Old regions: 2->2
[59.830s][info][gc,heap     ] GC(1129) Archive regions: 2->2
[59.831s][info][gc,heap     ] GC(1129) Humongous regions: 0->0
[59.831s][info][gc,metaspace] GC(1129) Metaspace: 615K(832K)->615K(832K) NonClass: 597K(704K)->597K(704K) Class: 17K(128K)->17K(128K)
[59.832s][info][gc          ] GC(1129) Pause Young (Normal) (G1 Evacuation Pause) 155M->6M(256M) 10.024ms
[59.832s][info][gc,cpu      ] GC(1129) User=0.01s Sys=0.01s Real=0.01s
[59.872s][info][gc,start    ] GC(1130) Pause Young (Normal) (G1 Evacuation Pause)
[59.873s][info][gc,task     ] GC(1130) Using 6 workers of 8 for evacuation
[59.877s][info][gc,phases   ] GC(1130)   Pre Evacuate Collection Set: 0.4ms
[59.878s][info][gc,phases   ] GC(1130)   Merge Heap Roots: 0.3ms
[59.878s][info][gc,phases   ] GC(1130)   Evacuate Collection Set: 2.0ms
[59.878s][info][gc,phases   ] GC(1130)   Post Evacuate Collection Set: 1.2ms
[59.879s][info][gc,phases   ] GC(1130)   Other: 0.5ms
[59.879s][info][gc,heap     ] GC(1130) Eden regions: 149->0(149)
[59.879s][info][gc,heap     ] GC(1130) Survivor regions: 4->4(20)
[59.880s][info][gc,heap     ] GC(1130) Old regions: 2->2
[59.880s][info][gc,heap     ] GC(1130) Archive regions: 2->2
[59.881s][info][gc,heap     ] GC(1130) Humongous regions: 0->0
[59.881s][info][gc,metaspace] GC(1130) Metaspace: 615K(832K)->615K(832K) NonClass: 597K(704K)->597K(704K) Class: 17K(128K)->17K(128K)
[59.881s][info][gc          ] GC(1130) Pause Young (Normal) (G1 Evacuation Pause) 155M->5M(256M) 8.990ms
[59.882s][info][gc,cpu      ] GC(1130) User=0.00s Sys=0.01s Real=0.01s
[59.923s][info][gc,start    ] GC(1131) Pause Young (Normal) (G1 Evacuation Pause)
[59.925s][info][gc,task     ] GC(1131) Using 6 workers of 8 for evacuation
[59.929s][info][gc,phases   ] GC(1131)   Pre Evacuate Collection Set: 0.4ms
[59.929s][info][gc,phases   ] GC(1131)   Merge Heap Roots: 0.4ms
[59.930s][info][gc,phases   ] GC(1131)   Evacuate Collection Set: 1.4ms
[59.930s][info][gc,phases   ] GC(1131)   Post Evacuate Collection Set: 1.0ms
[59.930s][info][gc,phases   ] GC(1131)   Other: 0.9ms
[59.931s][info][gc,heap     ] GC(1131) Eden regions: 149->0(150)
[59.931s][info][gc,heap     ] GC(1131) Survivor regions: 4->3(20)
[59.931s][info][gc,heap     ] GC(1131) Old regions: 2->2
[59.932s][info][gc,heap     ] GC(1131) Archive regions: 2->2
[59.932s][info][gc,heap     ] GC(1131) Humongous regions: 0->0
[59.932s][info][gc,metaspace] GC(1131) Metaspace: 615K(832K)->615K(832K) NonClass: 597K(704K)->597K(704K) Class: 17K(128K)->17K(128K)
[59.933s][info][gc          ] GC(1131) Pause Young (Normal) (G1 Evacuation Pause) 154M->5M(256M) 9.783ms
[59.933s][info][gc,cpu      ] GC(1131) User=0.00s Sys=0.01s Real=0.01s
[59.980s][info][gc,start    ] GC(1132) Pause Young (Normal) (G1 Evacuation Pause)
[59.981s][info][gc,task     ] GC(1132) Using 6 workers of 8 for evacuation
[59.992s][info][gc,phases   ] GC(1132)   Pre Evacuate Collection Set: 0.3ms
[60.004s][info][gc,phases   ] GC(1132)   Merge Heap Roots: 0.2ms
[60.026s][info][gc,phases   ] GC(1132)   Evacuate Collection Set: 1.5ms
[60.035s][info][gc,phases   ] GC(1132)   Post Evacuate Collection Set: 8.4ms
[60.043s][info][gc,phases   ] GC(1132)   Other: 1.0ms
[60.046s][info][gc,heap     ] GC(1132) Eden regions: 150->0(149)
[60.046s][info][gc,heap     ] GC(1132) Survivor regions: 3->4(20)
[60.046s][info][gc,heap     ] GC(1132) Old regions: 2->2
[60.047s][info][gc,heap     ] GC(1132) Archive regions: 2->2
[60.047s][info][gc,heap     ] GC(1132) Humongous regions: 0->0
[60.047s][info][gc,metaspace] GC(1132) Metaspace: 615K(832K)->615K(832K) NonClass: 597K(704K)->597K(704K) Class: 17K(128K)->17K(128K)
[60.047s][info][gc          ] GC(1132) Pause Young (Normal) (G1 Evacuation Pause) 155M->6M(256M) 67.722ms
[60.048s][info][gc,cpu      ] GC(1132) User=0.01s Sys=0.00s Real=0.07s
[60.094s][info][gc,start    ] GC(1133) Pause Young (Normal) (G1 Evacuation Pause)
[60.094s][info][gc,task     ] GC(1133) Using 6 workers of 8 for evacuation
[60.100s][info][gc,phases   ] GC(1133)   Pre Evacuate Collection Set: 0.2ms
[60.101s][info][gc,phases   ] GC(1133)   Merge Heap Roots: 0.1ms
[60.101s][info][gc,phases   ] GC(1133)   Evacuate Collection Set: 3.3ms
[60.101s][info][gc,phases   ] GC(1133)   Post Evacuate Collection Set: 1.4ms
[60.102s][info][gc,phases   ] GC(1133)   Other: 0.5ms
[60.102s][info][gc,heap     ] GC(1133) Eden regions: 149->0(149)
[60.102s][info][gc,heap     ] GC(1133) Survivor regions: 4->4(20)
[60.102s][info][gc,heap     ] GC(1133) Old regions: 2->2
[60.103s][info][gc,heap     ] GC(1133) Archive regions: 2->2
[60.103s][info][gc,heap     ] GC(1133) Humongous regions: 0->0
[60.103s][info][gc,metaspace] GC(1133) Metaspace: 615K(832K)->615K(832K) NonClass: 597K(704K)->597K(704K) Class: 17K(128K)->17K(128K)
[60.103s][info][gc          ] GC(1133) Pause Young (Normal) (G1 Evacuation Pause) 155M->5M(256M) 9.594ms
[60.104s][info][gc,cpu      ] GC(1133) User=0.00s Sys=0.01s Real=0.01s
[60.144s][info][gc,start    ] GC(1134) Pause Young (Normal) (G1 Evacuation Pause)
[60.144s][info][gc,task     ] GC(1134) Using 6 workers of 8 for evacuation
[60.149s][info][gc,phases   ] GC(1134)   Pre Evacuate Collection Set: 0.3ms
[60.150s][info][gc,phases   ] GC(1134)   Merge Heap Roots: 0.2ms
[60.150s][info][gc,phases   ] GC(1134)   Evacuate Collection Set: 2.4ms
[60.151s][info][gc,phases   ] GC(1134)   Post Evacuate Collection Set: 1.5ms
[60.151s][info][gc,phases   ] GC(1134)   Other: 0.4ms
[60.152s][info][gc,heap     ] GC(1134) Eden regions: 149->0(149)
[60.152s][info][gc,heap     ] GC(1134) Survivor regions: 4->4(20)
[60.153s][info][gc,heap     ] GC(1134) Old regions: 2->2
[60.153s][info][gc,heap     ] GC(1134) Archive regions: 2->2
[60.153s][info][gc,heap     ] GC(1134) Humongous regions: 0->0
[60.154s][info][gc,metaspace] GC(1134) Metaspace: 615K(832K)->615K(832K) NonClass: 597K(704K)->597K(704K) Class: 17K(128K)->17K(128K)
[60.154s][info][gc          ] GC(1134) Pause Young (Normal) (G1 Evacuation Pause) 154M->5M(256M) 10.347ms
[60.155s][info][gc,cpu      ] GC(1134) User=0.00s Sys=0.01s Real=0.01s
[60.219s][info][gc,start    ] GC(1135) Pause Young (Normal) (G1 Evacuation Pause)
[60.220s][info][gc,task     ] GC(1135) Using 6 workers of 8 for evacuation
[60.222s][info][gc,phases   ] GC(1135)   Pre Evacuate Collection Set: 0.3ms
[60.223s][info][gc,phases   ] GC(1135)   Merge Heap Roots: 0.3ms
[60.224s][info][gc,phases   ] GC(1135)   Evacuate Collection Set: 0.8ms
[60.225s][info][gc,phases   ] GC(1135)   Post Evacuate Collection Set: 0.9ms
[60.225s][info][gc,phases   ] GC(1135)   Other: 0.5ms
[60.226s][info][gc,heap     ] GC(1135) Eden regions: 149->0(150)
[60.226s][info][gc,heap     ] GC(1135) Survivor regions: 4->3(20)
[60.227s][info][gc,heap     ] GC(1135) Old regions: 2->2
[60.227s][info][gc,heap     ] GC(1135) Archive regions: 2->2
[60.229s][info][gc,heap     ] GC(1135) Humongous regions: 0->0
[60.230s][info][gc,metaspace] GC(1135) Metaspace: 615K(832K)->615K(832K) NonClass: 597K(704K)->597K(704K) Class: 17K(128K)->17K(128K)
[60.231s][info][gc          ] GC(1135) Pause Young (Normal) (G1 Evacuation Pause) 154M->5M(256M) 12.117ms
[60.231s][info][gc,cpu      ] GC(1135) User=0.00s Sys=0.00s Real=0.01s
[60.287s][info][gc,start    ] GC(1136) Pause Young (Normal) (G1 Evacuation Pause)
[60.288s][info][gc,task     ] GC(1136) Using 6 workers of 8 for evacuation
[60.294s][info][gc,phases   ] GC(1136)   Pre Evacuate Collection Set: 0.3ms
[60.297s][info][gc,phases   ] GC(1136)   Merge Heap Roots: 0.4ms
[60.299s][info][gc,phases   ] GC(1136)   Evacuate Collection Set: 2.3ms
[60.300s][info][gc,phases   ] GC(1136)   Post Evacuate Collection Set: 1.2ms
[60.301s][info][gc,phases   ] GC(1136)   Other: 1.0ms
[60.301s][info][gc,heap     ] GC(1136) Eden regions: 150->0(149)
[60.302s][info][gc,heap     ] GC(1136) Survivor regions: 3->4(20)
[60.302s][info][gc,heap     ] GC(1136) Old regions: 2->2
[60.303s][info][gc,heap     ] GC(1136) Archive regions: 2->2
[60.303s][info][gc,heap     ] GC(1136) Humongous regions: 0->0
[60.304s][info][gc,metaspace] GC(1136) Metaspace: 615K(832K)->615K(832K) NonClass: 597K(704K)->597K(704K) Class: 17K(128K)->17K(128K)
[60.304s][info][gc          ] GC(1136) Pause Young (Normal) (G1 Evacuation Pause) 155M->6M(256M) 16.802ms
[60.304s][info][gc,cpu      ] GC(1136) User=0.00s Sys=0.01s Real=0.01s
[60.386s][info][gc,start    ] GC(1137) Pause Young (Normal) (G1 Evacuation Pause)
[60.388s][info][gc,task     ] GC(1137) Using 6 workers of 8 for evacuation
[60.401s][info][gc,phases   ] GC(1137)   Pre Evacuate Collection Set: 0.2ms
[60.402s][info][gc,phases   ] GC(1137)   Merge Heap Roots: 0.3ms
[60.402s][info][gc,phases   ] GC(1137)   Evacuate Collection Set: 9.2ms
[60.403s][info][gc,phases   ] GC(1137)   Post Evacuate Collection Set: 2.8ms
[60.403s][info][gc,phases   ] GC(1137)   Other: 0.8ms
[60.403s][info][gc,heap     ] GC(1137) Eden regions: 149->0(149)
[60.404s][info][gc,heap     ] GC(1137) Survivor regions: 4->4(20)
[60.404s][info][gc,heap     ] GC(1137) Old regions: 2->2
[60.405s][info][gc,heap     ] GC(1137) Archive regions: 2->2
[60.405s][info][gc,heap     ] GC(1137) Humongous regions: 0->0
[60.406s][info][gc,metaspace] GC(1137) Metaspace: 615K(832K)->615K(832K) NonClass: 597K(704K)->597K(704K) Class: 17K(128K)->17K(128K)
[60.406s][info][gc          ] GC(1137) Pause Young (Normal) (G1 Evacuation Pause) 155M->5M(256M) 19.938ms
[60.407s][info][gc,cpu      ] GC(1137) User=0.02s Sys=0.00s Real=0.03s
[60.470s][info][gc,start    ] GC(1138) Pause Young (Normal) (G1 Evacuation Pause)
[60.472s][info][gc,task     ] GC(1138) Using 6 workers of 8 for evacuation
[60.478s][info][gc,phases   ] GC(1138)   Pre Evacuate Collection Set: 1.0ms
[60.479s][info][gc,phases   ] GC(1138)   Merge Heap Roots: 0.5ms
[60.483s][info][gc,phases   ] GC(1138)   Evacuate Collection Set: 2.3ms
[60.485s][info][gc,phases   ] GC(1138)   Post Evacuate Collection Set: 1.4ms
[60.485s][info][gc,phases   ] GC(1138)   Other: 1.4ms
[60.486s][info][gc,heap     ] GC(1138) Eden regions: 149->0(150)
[60.486s][info][gc,heap     ] GC(1138) Survivor regions: 4->3(20)
[60.487s][info][gc,heap     ] GC(1138) Old regions: 2->2
[60.487s][info][gc,heap     ] GC(1138) Archive regions: 2->2
[60.488s][info][gc,heap     ] GC(1138) Humongous regions: 0->0
[60.489s][info][gc,metaspace] GC(1138) Metaspace: 615K(832K)->615K(832K) NonClass: 597K(704K)->597K(704K) Class: 17K(128K)->17K(128K)
[60.490s][info][gc          ] GC(1138) Pause Young (Normal) (G1 Evacuation Pause) 154M->4M(256M) 20.018ms
[60.491s][info][gc,cpu      ] GC(1138) User=0.00s Sys=0.01s Real=0.02s
[60.585s][info][gc,start    ] GC(1139) Pause Young (Normal) (G1 Evacuation Pause)
[60.593s][info][gc,task     ] GC(1139) Using 6 workers of 8 for evacuation
[60.606s][info][gc,phases   ] GC(1139)   Pre Evacuate Collection Set: 0.2ms
[60.611s][info][gc,phases   ] GC(1139)   Merge Heap Roots: 0.4ms
[60.612s][info][gc,phases   ] GC(1139)   Evacuate Collection Set: 9.9ms
[60.613s][info][gc,phases   ] GC(1139)   Post Evacuate Collection Set: 1.9ms
[60.613s][info][gc,phases   ] GC(1139)   Other: 1.1ms
[60.615s][info][gc,heap     ] GC(1139) Eden regions: 150->0(149)
[60.616s][info][gc,heap     ] GC(1139) Survivor regions: 3->4(20)
[60.617s][info][gc,heap     ] GC(1139) Old regions: 2->2
[60.618s][info][gc,heap     ] GC(1139) Archive regions: 2->2
[60.619s][info][gc,heap     ] GC(1139) Humongous regions: 0->0
[60.619s][info][gc,metaspace] GC(1139) Metaspace: 615K(832K)->615K(832K) NonClass: 597K(704K)->597K(704K) Class: 17K(128K)->17K(128K)
[60.620s][info][gc          ] GC(1139) Pause Young (Normal) (G1 Evacuation Pause) 154M->5M(256M) 34.968ms
[60.621s][info][gc,cpu      ] GC(1139) User=0.03s Sys=0.00s Real=0.04s
[60.680s][info][gc,start    ] GC(1140) Pause Young (Normal) (G1 Evacuation Pause)
[60.683s][info][gc,task     ] GC(1140) Using 6 workers of 8 for evacuation
[60.688s][info][gc,phases   ] GC(1140)   Pre Evacuate Collection Set: 0.4ms
[60.689s][info][gc,phases   ] GC(1140)   Merge Heap Roots: 0.4ms
[60.689s][info][gc,phases   ] GC(1140)   Evacuate Collection Set: 1.1ms
[60.691s][info][gc,phases   ] GC(1140)   Post Evacuate Collection Set: 0.8ms
[60.691s][info][gc,phases   ] GC(1140)   Other: 1.5ms
[60.692s][info][gc,heap     ] GC(1140) Eden regions: 149->0(150)
[60.692s][info][gc,heap     ] GC(1140) Survivor regions: 4->3(20)
[60.693s][info][gc,heap     ] GC(1140) Old regions: 2->2
[60.693s][info][gc,heap     ] GC(1140) Archive regions: 2->2
[60.694s][info][gc,heap     ] GC(1140) Humongous regions: 0->0
[60.694s][info][gc,metaspace] GC(1140) Metaspace: 615K(832K)->615K(832K) NonClass: 597K(704K)->597K(704K) Class: 17K(128K)->17K(128K)
[60.695s][info][gc          ] GC(1140) Pause Young (Normal) (G1 Evacuation Pause) 154M->5M(256M) 15.786ms
[60.696s][info][gc,cpu      ] GC(1140) User=0.01s Sys=0.00s Real=0.01s
[60.758s][info][gc,start    ] GC(1141) Pause Young (Normal) (G1 Evacuation Pause)
[60.759s][info][gc,task     ] GC(1141) Using 6 workers of 8 for evacuation
[60.768s][info][gc,phases   ] GC(1141)   Pre Evacuate Collection Set: 1.0ms
[60.768s][info][gc,phases   ] GC(1141)   Merge Heap Roots: 0.6ms
[60.769s][info][gc,phases   ] GC(1141)   Evacuate Collection Set: 4.7ms
[60.769s][info][gc,phases   ] GC(1141)   Post Evacuate Collection Set: 1.3ms
[60.769s][info][gc,phases   ] GC(1141)   Other: 0.8ms
[60.770s][info][gc,heap     ] GC(1141) Eden regions: 150->0(149)
[60.770s][info][gc,heap     ] GC(1141) Survivor regions: 3->4(20)
[60.771s][info][gc,heap     ] GC(1141) Old regions: 2->2
[60.771s][info][gc,heap     ] GC(1141) Archive regions: 2->2
[60.772s][info][gc,heap     ] GC(1141) Humongous regions: 0->0
[60.772s][info][gc,metaspace] GC(1141) Metaspace: 615K(832K)->615K(832K) NonClass: 597K(704K)->597K(704K) Class: 17K(128K)->17K(128K)
[60.773s][info][gc          ] GC(1141) Pause Young (Normal) (G1 Evacuation Pause) 155M->6M(256M) 14.572ms
[60.773s][info][gc,cpu      ] GC(1141) User=0.03s Sys=0.01s Real=0.01s
[60.835s][info][gc,start    ] GC(1142) Pause Young (Normal) (G1 Evacuation Pause)
[60.836s][info][gc,task     ] GC(1142) Using 6 workers of 8 for evacuation
[60.839s][info][gc,phases   ] GC(1142)   Pre Evacuate Collection Set: 0.3ms
[60.840s][info][gc,phases   ] GC(1142)   Merge Heap Roots: 0.2ms
[60.840s][info][gc,phases   ] GC(1142)   Evacuate Collection Set: 1.2ms
[60.841s][info][gc,phases   ] GC(1142)   Post Evacuate Collection Set: 1.0ms
[60.841s][info][gc,phases   ] GC(1142)   Other: 0.6ms
[60.842s][info][gc,heap     ] GC(1142) Eden regions: 149->0(149)
[60.842s][info][gc,heap     ] GC(1142) Survivor regions: 4->4(20)
[60.843s][info][gc,heap     ] GC(1142) Old regions: 2->2
[60.843s][info][gc,heap     ] GC(1142) Archive regions: 2->2
[60.844s][info][gc,heap     ] GC(1142) Humongous regions: 0->0
[60.844s][info][gc,metaspace] GC(1142) Metaspace: 615K(832K)->615K(832K) NonClass: 597K(704K)->597K(704K) Class: 17K(128K)->17K(128K)
[60.845s][info][gc          ] GC(1142) Pause Young (Normal) (G1 Evacuation Pause) 155M->5M(256M) 9.858ms
[60.846s][info][gc,cpu      ] GC(1142) User=0.00s Sys=0.01s Real=0.01s
[60.910s][info][gc,start    ] GC(1143) Pause Young (Normal) (G1 Evacuation Pause)
[60.910s][info][gc,task     ] GC(1143) Using 6 workers of 8 for evacuation
[60.917s][info][gc,phases   ] GC(1143)   Pre Evacuate Collection Set: 0.3ms
[60.918s][info][gc,phases   ] GC(1143)   Merge Heap Roots: 0.2ms
[60.918s][info][gc,phases   ] GC(1143)   Evacuate Collection Set: 2.2ms
[60.918s][info][gc,phases   ] GC(1143)   Post Evacuate Collection Set: 3.0ms
[60.919s][info][gc,phases   ] GC(1143)   Other: 0.8ms
[60.919s][info][gc,heap     ] GC(1143) Eden regions: 149->0(150)
[60.920s][info][gc,heap     ] GC(1143) Survivor regions: 4->3(20)
[60.920s][info][gc,heap     ] GC(1143) Old regions: 2->2
[60.920s][info][gc,heap     ] GC(1143) Archive regions: 2->2
[60.921s][info][gc,heap     ] GC(1143) Humongous regions: 0->0
[60.921s][info][gc,metaspace] GC(1143) Metaspace: 615K(832K)->615K(832K) NonClass: 597K(704K)->597K(704K) Class: 17K(128K)->17K(128K)
[60.922s][info][gc          ] GC(1143) Pause Young (Normal) (G1 Evacuation Pause) 154M->5M(256M) 11.829ms
[60.922s][info][gc,cpu      ] GC(1143) User=0.00s Sys=0.01s Real=0.01s
[60.983s][info][gc,start    ] GC(1144) Pause Young (Normal) (G1 Evacuation Pause)
[60.984s][info][gc,task     ] GC(1144) Using 6 workers of 8 for evacuation
[60.989s][info][gc,phases   ] GC(1144)   Pre Evacuate Collection Set: 0.7ms
[60.990s][info][gc,phases   ] GC(1144)   Merge Heap Roots: 0.4ms
[60.990s][info][gc,phases   ] GC(1144)   Evacuate Collection Set: 1.8ms
[60.991s][info][gc,phases   ] GC(1144)   Post Evacuate Collection Set: 1.2ms
[60.991s][info][gc,phases   ] GC(1144)   Other: 0.7ms
[60.994s][info][gc,heap     ] GC(1144) Eden regions: 150->0(149)
[60.994s][info][gc,heap     ] GC(1144) Survivor regions: 3->4(20)
[60.995s][info][gc,heap     ] GC(1144) Old regions: 2->2
[60.995s][info][gc,heap     ] GC(1144) Archive regions: 2->2
[60.996s][info][gc,heap     ] GC(1144) Humongous regions: 0->0
[60.996s][info][gc,metaspace] GC(1144) Metaspace: 615K(832K)->615K(832K) NonClass: 597K(704K)->597K(704K) Class: 17K(128K)->17K(128K)
[60.997s][info][gc          ] GC(1144) Pause Young (Normal) (G1 Evacuation Pause) 155M->6M(256M) 14.126ms
[60.998s][info][gc,cpu      ] GC(1144) User=0.01s Sys=0.00s Real=0.02s
[61.071s][info][gc,start    ] GC(1145) Pause Young (Normal) (G1 Evacuation Pause)
[61.071s][info][gc,task     ] GC(1145) Using 6 workers of 8 for evacuation
[61.075s][info][gc,phases   ] GC(1145)   Pre Evacuate Collection Set: 0.2ms
[61.076s][info][gc,phases   ] GC(1145)   Merge Heap Roots: 0.4ms
[61.076s][info][gc,phases   ] GC(1145)   Evacuate Collection Set: 1.6ms
[61.077s][info][gc,phases   ] GC(1145)   Post Evacuate Collection Set: 1.0ms
[61.077s][info][gc,phases   ] GC(1145)   Other: 0.5ms
[61.078s][info][gc,heap     ] GC(1145) Eden regions: 149->0(149)
[61.078s][info][gc,heap     ] GC(1145) Survivor regions: 4->4(20)
[61.079s][info][gc,heap     ] GC(1145) Old regions: 2->2
[61.079s][info][gc,heap     ] GC(1145) Archive regions: 2->2
[61.081s][info][gc,heap     ] GC(1145) Humongous regions: 0->0
[61.082s][info][gc,metaspace] GC(1145) Metaspace: 615K(832K)->615K(832K) NonClass: 597K(704K)->597K(704K) Class: 17K(128K)->17K(128K)
[61.082s][info][gc          ] GC(1145) Pause Young (Normal) (G1 Evacuation Pause) 155M->6M(256M) 11.865ms
[61.084s][info][gc,cpu      ] GC(1145) User=0.01s Sys=0.00s Real=0.01s
[61.152s][info][gc,start    ] GC(1146) Pause Young (Normal) (G1 Evacuation Pause)
[61.152s][info][gc,task     ] GC(1146) Using 6 workers of 8 for evacuation
[61.156s][info][gc,phases   ] GC(1146)   Pre Evacuate Collection Set: 0.3ms
[61.157s][info][gc,phases   ] GC(1146)   Merge Heap Roots: 0.8ms
[61.157s][info][gc,phases   ] GC(1146)   Evacuate Collection Set: 1.1ms
[61.158s][info][gc,phases   ] GC(1146)   Post Evacuate Collection Set: 0.8ms
[61.158s][info][gc,phases   ] GC(1146)   Other: 0.5ms
[61.159s][info][gc,heap     ] GC(1146) Eden regions: 149->0(149)
[61.159s][info][gc,heap     ] GC(1146) Survivor regions: 4->4(20)
[61.159s][info][gc,heap     ] GC(1146) Old regions: 2->2
[61.160s][info][gc,heap     ] GC(1146) Archive regions: 2->2
[61.160s][info][gc,heap     ] GC(1146) Humongous regions: 0->0
[61.161s][info][gc,metaspace] GC(1146) Metaspace: 615K(832K)->615K(832K) NonClass: 597K(704K)->597K(704K) Class: 17K(128K)->17K(128K)
[61.161s][info][gc          ] GC(1146) Pause Young (Normal) (G1 Evacuation Pause) 155M->5M(256M) 9.490ms
[61.162s][info][gc,cpu      ] GC(1146) User=0.01s Sys=0.01s Real=0.01s
[61.227s][info][gc,start    ] GC(1147) Pause Young (Normal) (G1 Evacuation Pause)
[61.227s][info][gc,task     ] GC(1147) Using 6 workers of 8 for evacuation
[61.234s][info][gc,phases   ] GC(1147)   Pre Evacuate Collection Set: 0.3ms
[61.234s][info][gc,phases   ] GC(1147)   Merge Heap Roots: 0.3ms
[61.235s][info][gc,phases   ] GC(1147)   Evacuate Collection Set: 4.2ms
[61.235s][info][gc,phases   ] GC(1147)   Post Evacuate Collection Set: 0.9ms
[61.236s][info][gc,phases   ] GC(1147)   Other: 0.8ms
[61.236s][info][gc,heap     ] GC(1147) Eden regions: 149->0(150)
[61.237s][info][gc,heap     ] GC(1147) Survivor regions: 4->3(20)
[61.238s][info][gc,heap     ] GC(1147) Old regions: 2->2
[61.238s][info][gc,heap     ] GC(1147) Archive regions: 2->2
[61.239s][info][gc,heap     ] GC(1147) Humongous regions: 0->0
[61.239s][info][gc,metaspace] GC(1147) Metaspace: 615K(832K)->615K(832K) NonClass: 597K(704K)->597K(704K) Class: 17K(128K)->17K(128K)
[61.240s][info][gc          ] GC(1147) Pause Young (Normal) (G1 Evacuation Pause) 154M->5M(256M) 13.074ms
[61.240s][info][gc,cpu      ] GC(1147) User=0.02s Sys=0.00s Real=0.01s
[61.303s][info][gc,start    ] GC(1148) Pause Young (Normal) (G1 Evacuation Pause)
[61.303s][info][gc,task     ] GC(1148) Using 6 workers of 8 for evacuation
[61.307s][info][gc,phases   ] GC(1148)   Pre Evacuate Collection Set: 0.3ms
[61.307s][info][gc,phases   ] GC(1148)   Merge Heap Roots: 0.2ms
[61.308s][info][gc,phases   ] GC(1148)   Evacuate Collection Set: 1.3ms
[61.308s][info][gc,phases   ] GC(1148)   Post Evacuate Collection Set: 0.9ms
[61.309s][info][gc,phases   ] GC(1148)   Other: 0.5ms
[61.310s][info][gc,heap     ] GC(1148) Eden regions: 150->0(149)
[61.310s][info][gc,heap     ] GC(1148) Survivor regions: 3->4(20)
[61.311s][info][gc,heap     ] GC(1148) Old regions: 2->2
[61.311s][info][gc,heap     ] GC(1148) Archive regions: 2->2
[61.312s][info][gc,heap     ] GC(1148) Humongous regions: 0->0
[61.312s][info][gc,metaspace] GC(1148) Metaspace: 615K(832K)->615K(832K) NonClass: 597K(704K)->597K(704K) Class: 17K(128K)->17K(128K)
[61.313s][info][gc          ] GC(1148) Pause Young (Normal) (G1 Evacuation Pause) 155M->6M(256M) 10.112ms
[61.313s][info][gc,cpu      ] GC(1148) User=0.01s Sys=0.00s Real=0.01s
[61.372s][info][gc,start    ] GC(1149) Pause Young (Normal) (G1 Evacuation Pause)
[61.372s][info][gc,task     ] GC(1149) Using 6 workers of 8 for evacuation
[61.382s][info][gc,phases   ] GC(1149)   Pre Evacuate Collection Set: 0.3ms
[61.383s][info][gc,phases   ] GC(1149)   Merge Heap Roots: 0.2ms
[61.384s][info][gc,phases   ] GC(1149)   Evacuate Collection Set: 6.7ms
[61.384s][info][gc,phases   ] GC(1149)   Post Evacuate Collection Set: 2.0ms
[61.384s][info][gc,phases   ] GC(1149)   Other: 0.6ms
[61.385s][info][gc,heap     ] GC(1149) Eden regions: 149->0(149)
[61.385s][info][gc,heap     ] GC(1149) Survivor regions: 4->4(20)
[61.386s][info][gc,heap     ] GC(1149) Old regions: 2->2
[61.386s][info][gc,heap     ] GC(1149) Archive regions: 2->2
[61.387s][info][gc,heap     ] GC(1149) Humongous regions: 0->0
[61.387s][info][gc,metaspace] GC(1149) Metaspace: 615K(832K)->615K(832K) NonClass: 597K(704K)->597K(704K) Class: 17K(128K)->17K(128K)
[61.387s][info][gc          ] GC(1149) Pause Young (Normal) (G1 Evacuation Pause) 155M->5M(256M) 15.580ms
[61.388s][info][gc,cpu      ] GC(1149) User=0.00s Sys=0.01s Real=0.02s
[61.453s][info][gc,start    ] GC(1150) Pause Young (Normal) (G1 Evacuation Pause)
[61.454s][info][gc,task     ] GC(1150) Using 6 workers of 8 for evacuation
[61.457s][info][gc,phases   ] GC(1150)   Pre Evacuate Collection Set: 0.4ms
[61.458s][info][gc,phases   ] GC(1150)   Merge Heap Roots: 0.4ms
[61.458s][info][gc,phases   ] GC(1150)   Evacuate Collection Set: 1.8ms
[61.459s][info][gc,phases   ] GC(1150)   Post Evacuate Collection Set: 0.7ms
[61.459s][info][gc,phases   ] GC(1150)   Other: 0.5ms
[61.459s][info][gc,heap     ] GC(1150) Eden regions: 149->0(149)
[61.460s][info][gc,heap     ] GC(1150) Survivor regions: 4->4(20)
[61.460s][info][gc,heap     ] GC(1150) Old regions: 2->2
[61.460s][info][gc,heap     ] GC(1150) Archive regions: 2->2
[61.461s][info][gc,heap     ] GC(1150) Humongous regions: 0->0
[61.461s][info][gc,metaspace] GC(1150) Metaspace: 615K(832K)->615K(832K) NonClass: 597K(704K)->597K(704K) Class: 17K(128K)->17K(128K)
[61.461s][info][gc          ] GC(1150) Pause Young (Normal) (G1 Evacuation Pause) 154M->5M(256M) 8.313ms
[61.462s][info][gc,cpu      ] GC(1150) User=0.00s Sys=0.00s Real=0.01s
[61.523s][info][gc,start    ] GC(1151) Pause Young (Normal) (G1 Evacuation Pause)
[61.524s][info][gc,task     ] GC(1151) Using 6 workers of 8 for evacuation
[61.532s][info][gc,phases   ] GC(1151)   Pre Evacuate Collection Set: 0.5ms
[61.534s][info][gc,phases   ] GC(1151)   Merge Heap Roots: 0.3ms
[61.534s][info][gc,phases   ] GC(1151)   Evacuate Collection Set: 3.1ms
[61.535s][info][gc,phases   ] GC(1151)   Post Evacuate Collection Set: 3.0ms
[61.535s][info][gc,phases   ] GC(1151)   Other: 1.1ms
[61.535s][info][gc,heap     ] GC(1151) Eden regions: 149->0(150)
[61.536s][info][gc,heap     ] GC(1151) Survivor regions: 4->3(20)
[61.536s][info][gc,heap     ] GC(1151) Old regions: 2->2
[61.537s][info][gc,heap     ] GC(1151) Archive regions: 2->2
[61.537s][info][gc,heap     ] GC(1151) Humongous regions: 0->0
[61.537s][info][gc,metaspace] GC(1151) Metaspace: 615K(832K)->615K(832K) NonClass: 597K(704K)->597K(704K) Class: 17K(128K)->17K(128K)
[61.538s][info][gc          ] GC(1151) Pause Young (Normal) (G1 Evacuation Pause) 154M->5M(256M) 14.398ms
[61.538s][info][gc,cpu      ] GC(1151) User=0.01s Sys=0.00s Real=0.02s
[61.592s][info][gc,start    ] GC(1152) Pause Young (Normal) (G1 Evacuation Pause)
[61.592s][info][gc,task     ] GC(1152) Using 6 workers of 8 for evacuation
[61.598s][info][gc,phases   ] GC(1152)   Pre Evacuate Collection Set: 0.3ms
[61.599s][info][gc,phases   ] GC(1152)   Merge Heap Roots: 0.2ms
[61.599s][info][gc,phases   ] GC(1152)   Evacuate Collection Set: 2.2ms
[61.600s][info][gc,phases   ] GC(1152)   Post Evacuate Collection Set: 2.3ms
[61.601s][info][gc,phases   ] GC(1152)   Other: 0.6ms
[61.601s][info][gc,heap     ] GC(1152) Eden regions: 150->0(149)
[61.601s][info][gc,heap     ] GC(1152) Survivor regions: 3->4(20)
[61.602s][info][gc,heap     ] GC(1152) Old regions: 2->2
[61.602s][info][gc,heap     ] GC(1152) Archive regions: 2->2
[61.603s][info][gc,heap     ] GC(1152) Humongous regions: 0->0
[61.603s][info][gc,metaspace] GC(1152) Metaspace: 615K(832K)->615K(832K) NonClass: 597K(704K)->597K(704K) Class: 17K(128K)->17K(128K)
[61.604s][info][gc          ] GC(1152) Pause Young (Normal) (G1 Evacuation Pause) 155M->6M(256M) 11.953ms
[61.604s][info][gc,cpu      ] GC(1152) User=0.01s Sys=0.00s Real=0.01s
[61.664s][info][gc,start    ] GC(1153) Pause Young (Normal) (G1 Evacuation Pause)
[61.665s][info][gc,task     ] GC(1153) Using 6 workers of 8 for evacuation
[61.676s][info][gc,phases   ] GC(1153)   Pre Evacuate Collection Set: 0.8ms
[61.677s][info][gc,phases   ] GC(1153)   Merge Heap Roots: 0.2ms
[61.678s][info][gc,phases   ] GC(1153)   Evacuate Collection Set: 7.3ms
[61.678s][info][gc,phases   ] GC(1153)   Post Evacuate Collection Set: 1.1ms
[61.678s][info][gc,phases   ] GC(1153)   Other: 1.0ms
[61.679s][info][gc,heap     ] GC(1153) Eden regions: 149->0(149)
[61.680s][info][gc,heap     ] GC(1153) Survivor regions: 4->4(20)
[61.681s][info][gc,heap     ] GC(1153) Old regions: 2->2
[61.682s][info][gc,heap     ] GC(1153) Archive regions: 2->2
[61.683s][info][gc,heap     ] GC(1153) Humongous regions: 0->0
[61.684s][info][gc,metaspace] GC(1153) Metaspace: 615K(832K)->615K(832K) NonClass: 597K(704K)->597K(704K) Class: 17K(128K)->17K(128K)
[61.684s][info][gc          ] GC(1153) Pause Young (Normal) (G1 Evacuation Pause) 155M->5M(256M) 19.749ms
[61.685s][info][gc,cpu      ] GC(1153) User=0.01s Sys=0.01s Real=0.02s
[61.737s][info][gc,start    ] GC(1154) Pause Young (Normal) (G1 Evacuation Pause)
[61.738s][info][gc,task     ] GC(1154) Using 6 workers of 8 for evacuation
[61.741s][info][gc,phases   ] GC(1154)   Pre Evacuate Collection Set: 0.3ms
[61.742s][info][gc,phases   ] GC(1154)   Merge Heap Roots: 0.2ms
[61.742s][info][gc,phases   ] GC(1154)   Evacuate Collection Set: 1.6ms
[61.743s][info][gc,phases   ] GC(1154)   Post Evacuate Collection Set: 0.9ms
[61.743s][info][gc,phases   ] GC(1154)   Other: 0.5ms
[61.744s][info][gc,heap     ] GC(1154) Eden regions: 149->0(150)
[61.744s][info][gc,heap     ] GC(1154) Survivor regions: 4->3(20)
[61.744s][info][gc,heap     ] GC(1154) Old regions: 2->2
[61.745s][info][gc,heap     ] GC(1154) Archive regions: 2->2
[61.745s][info][gc,heap     ] GC(1154) Humongous regions: 0->0
[61.745s][info][gc,metaspace] GC(1154) Metaspace: 615K(832K)->615K(832K) NonClass: 597K(704K)->597K(704K) Class: 17K(128K)->17K(128K)
[61.746s][info][gc          ] GC(1154) Pause Young (Normal) (G1 Evacuation Pause) 154M->5M(256M) 8.613ms
[61.746s][info][gc,cpu      ] GC(1154) User=0.01s Sys=0.00s Real=0.00s
[61.809s][info][gc,start    ] GC(1155) Pause Young (Normal) (G1 Evacuation Pause)
[61.811s][info][gc,task     ] GC(1155) Using 6 workers of 8 for evacuation
[61.816s][info][gc,phases   ] GC(1155)   Pre Evacuate Collection Set: 0.3ms
[61.817s][info][gc,phases   ] GC(1155)   Merge Heap Roots: 0.3ms
[61.818s][info][gc,phases   ] GC(1155)   Evacuate Collection Set: 2.4ms
[61.818s][info][gc,phases   ] GC(1155)   Post Evacuate Collection Set: 1.5ms
[61.819s][info][gc,phases   ] GC(1155)   Other: 0.8ms
[61.820s][info][gc,heap     ] GC(1155) Eden regions: 150->0(149)
[61.820s][info][gc,heap     ] GC(1155) Survivor regions: 3->4(20)
[61.820s][info][gc,heap     ] GC(1155) Old regions: 2->2
[61.821s][info][gc,heap     ] GC(1155) Archive regions: 2->2
[61.821s][info][gc,heap     ] GC(1155) Humongous regions: 0->0
[61.822s][info][gc,metaspace] GC(1155) Metaspace: 615K(832K)->615K(832K) NonClass: 597K(704K)->597K(704K) Class: 17K(128K)->17K(128K)
[61.822s][info][gc          ] GC(1155) Pause Young (Normal) (G1 Evacuation Pause) 155M->6M(256M) 13.252ms
[61.823s][info][gc,cpu      ] GC(1155) User=0.01s Sys=0.00s Real=0.01s
[61.882s][info][gc,start    ] GC(1156) Pause Young (Normal) (G1 Evacuation Pause)
[61.883s][info][gc,task     ] GC(1156) Using 6 workers of 8 for evacuation
[61.887s][info][gc,phases   ] GC(1156)   Pre Evacuate Collection Set: 0.3ms
[61.887s][info][gc,phases   ] GC(1156)   Merge Heap Roots: 0.2ms
[61.888s][info][gc,phases   ] GC(1156)   Evacuate Collection Set: 1.3ms
[61.888s][info][gc,phases   ] GC(1156)   Post Evacuate Collection Set: 1.1ms
[61.888s][info][gc,phases   ] GC(1156)   Other: 0.8ms
[61.889s][info][gc,heap     ] GC(1156) Eden regions: 149->0(149)
[61.889s][info][gc,heap     ] GC(1156) Survivor regions: 4->4(20)
[61.889s][info][gc,heap     ] GC(1156) Old regions: 2->2
[61.890s][info][gc,heap     ] GC(1156) Archive regions: 2->2
[61.890s][info][gc,heap     ] GC(1156) Humongous regions: 0->0
[61.890s][info][gc,metaspace] GC(1156) Metaspace: 615K(832K)->615K(832K) NonClass: 597K(704K)->597K(704K) Class: 17K(128K)->17K(128K)
[61.891s][info][gc          ] GC(1156) Pause Young (Normal) (G1 Evacuation Pause) 155M->5M(256M) 8.818ms
[61.891s][info][gc,cpu      ] GC(1156) User=0.00s Sys=0.01s Real=0.01s
[61.950s][info][gc,start    ] GC(1157) Pause Young (Normal) (G1 Evacuation Pause)
[61.951s][info][gc,task     ] GC(1157) Using 6 workers of 8 for evacuation
[61.954s][info][gc,phases   ] GC(1157)   Pre Evacuate Collection Set: 0.3ms
[61.954s][info][gc,phases   ] GC(1157)   Merge Heap Roots: 0.3ms
[61.955s][info][gc,phases   ] GC(1157)   Evacuate Collection Set: 1.0ms
[61.955s][info][gc,phases   ] GC(1157)   Post Evacuate Collection Set: 1.3ms
[61.956s][info][gc,phases   ] GC(1157)   Other: 0.7ms
[61.956s][info][gc,heap     ] GC(1157) Eden regions: 149->0(150)
[61.956s][info][gc,heap     ] GC(1157) Survivor regions: 4->3(20)
[61.957s][info][gc,heap     ] GC(1157) Old regions: 2->2
[61.957s][info][gc,heap     ] GC(1157) Archive regions: 2->2
[61.958s][info][gc,heap     ] GC(1157) Humongous regions: 0->0
[61.958s][info][gc,metaspace] GC(1157) Metaspace: 615K(832K)->615K(832K) NonClass: 597K(704K)->597K(704K) Class: 17K(128K)->17K(128K)
[61.958s][info][gc          ] GC(1157) Pause Young (Normal) (G1 Evacuation Pause) 154M->5M(256M) 8.615ms
[61.959s][info][gc,cpu      ] GC(1157) User=0.01s Sys=0.00s Real=0.01s
[62.014s][info][gc,start    ] GC(1158) Pause Young (Normal) (G1 Evacuation Pause)
[62.015s][info][gc,task     ] GC(1158) Using 6 workers of 8 for evacuation
[62.020s][info][gc,phases   ] GC(1158)   Pre Evacuate Collection Set: 0.5ms
[62.020s][info][gc,phases   ] GC(1158)   Merge Heap Roots: 0.6ms
[62.021s][info][gc,phases   ] GC(1158)   Evacuate Collection Set: 2.0ms
[62.021s][info][gc,phases   ] GC(1158)   Post Evacuate Collection Set: 1.0ms
[62.022s][info][gc,phases   ] GC(1158)   Other: 0.9ms
[62.022s][info][gc,heap     ] GC(1158) Eden regions: 150->0(149)
[62.023s][info][gc,heap     ] GC(1158) Survivor regions: 3->4(20)
[62.023s][info][gc,heap     ] GC(1158) Old regions: 2->2
[62.024s][info][gc,heap     ] GC(1158) Archive regions: 2->2
[62.024s][info][gc,heap     ] GC(1158) Humongous regions: 0->0
[62.025s][info][gc,metaspace] GC(1158) Metaspace: 615K(832K)->615K(832K) NonClass: 597K(704K)->597K(704K) Class: 17K(128K)->17K(128K)
[62.025s][info][gc          ] GC(1158) Pause Young (Normal) (G1 Evacuation Pause) 155M->6M(256M) 11.116ms
[62.026s][info][gc,cpu      ] GC(1158) User=0.01s Sys=0.01s Real=0.01s
[62.087s][info][gc,start    ] GC(1159) Pause Young (Normal) (G1 Evacuation Pause)
[62.087s][info][gc,task     ] GC(1159) Using 6 workers of 8 for evacuation
[62.091s][info][gc,phases   ] GC(1159)   Pre Evacuate Collection Set: 0.7ms
[62.092s][info][gc,phases   ] GC(1159)   Merge Heap Roots: 0.3ms
[62.092s][info][gc,phases   ] GC(1159)   Evacuate Collection Set: 1.3ms
[62.093s][info][gc,phases   ] GC(1159)   Post Evacuate Collection Set: 1.0ms
[62.093s][info][gc,phases   ] GC(1159)   Other: 0.5ms
[62.094s][info][gc,heap     ] GC(1159) Eden regions: 149->0(149)
[62.094s][info][gc,heap     ] GC(1159) Survivor regions: 4->4(20)
[62.094s][info][gc,heap     ] GC(1159) Old regions: 2->2
[62.095s][info][gc,heap     ] GC(1159) Archive regions: 2->2
[62.095s][info][gc,heap     ] GC(1159) Humongous regions: 0->0
[62.096s][info][gc,metaspace] GC(1159) Metaspace: 615K(832K)->615K(832K) NonClass: 597K(704K)->597K(704K) Class: 17K(128K)->17K(128K)
[62.097s][info][gc          ] GC(1159) Pause Young (Normal) (G1 Evacuation Pause) 155M->6M(256M) 9.603ms
[62.097s][info][gc,cpu      ] GC(1159) User=0.00s Sys=0.00s Real=0.01s
[62.150s][info][gc,start    ] GC(1160) Pause Young (Normal) (G1 Evacuation Pause)
[62.151s][info][gc,task     ] GC(1160) Using 6 workers of 8 for evacuation
[62.154s][info][gc,phases   ] GC(1160)   Pre Evacuate Collection Set: 0.4ms
[62.155s][info][gc,phases   ] GC(1160)   Merge Heap Roots: 0.3ms
[62.155s][info][gc,phases   ] GC(1160)   Evacuate Collection Set: 1.5ms
[62.157s][info][gc,phases   ] GC(1160)   Post Evacuate Collection Set: 1.1ms
[62.157s][info][gc,phases   ] GC(1160)   Other: 0.6ms
[62.157s][info][gc,heap     ] GC(1160) Eden regions: 149->0(149)
[62.159s][info][gc,heap     ] GC(1160) Survivor regions: 4->4(20)
[62.160s][info][gc,heap     ] GC(1160) Old regions: 2->2
[62.160s][info][gc,heap     ] GC(1160) Archive regions: 2->2
[62.160s][info][gc,heap     ] GC(1160) Humongous regions: 0->0
[62.161s][info][gc,metaspace] GC(1160) Metaspace: 615K(832K)->615K(832K) NonClass: 597K(704K)->597K(704K) Class: 17K(128K)->17K(128K)
[62.161s][info][gc          ] GC(1160) Pause Young (Normal) (G1 Evacuation Pause) 155M->5M(256M) 11.327ms
[62.161s][info][gc,cpu      ] GC(1160) User=0.00s Sys=0.01s Real=0.01s
[62.221s][info][gc,start    ] GC(1161) Pause Young (Normal) (G1 Evacuation Pause)
[62.222s][info][gc,task     ] GC(1161) Using 6 workers of 8 for evacuation
[62.225s][info][gc,phases   ] GC(1161)   Pre Evacuate Collection Set: 0.3ms
[62.226s][info][gc,phases   ] GC(1161)   Merge Heap Roots: 0.4ms
[62.226s][info][gc,phases   ] GC(1161)   Evacuate Collection Set: 1.2ms
[62.227s][info][gc,phases   ] GC(1161)   Post Evacuate Collection Set: 1.0ms
[62.227s][info][gc,phases   ] GC(1161)   Other: 0.6ms
[62.227s][info][gc,heap     ] GC(1161) Eden regions: 149->0(150)
[62.228s][info][gc,heap     ] GC(1161) Survivor regions: 4->3(20)
[62.228s][info][gc,heap     ] GC(1161) Old regions: 2->2
[62.229s][info][gc,heap     ] GC(1161) Archive regions: 2->2
[62.230s][info][gc,heap     ] GC(1161) Humongous regions: 0->0
[62.231s][info][gc,metaspace] GC(1161) Metaspace: 615K(832K)->615K(832K) NonClass: 597K(704K)->597K(704K) Class: 17K(128K)->17K(128K)
[62.231s][info][gc          ] GC(1161) Pause Young (Normal) (G1 Evacuation Pause) 154M->5M(256M) 9.966ms
[62.232s][info][gc,cpu      ] GC(1161) User=0.00s Sys=0.00s Real=0.01s
[62.289s][info][gc,start    ] GC(1162) Pause Young (Normal) (G1 Evacuation Pause)
[62.290s][info][gc,task     ] GC(1162) Using 6 workers of 8 for evacuation
[62.294s][info][gc,phases   ] GC(1162)   Pre Evacuate Collection Set: 0.3ms
[62.296s][info][gc,phases   ] GC(1162)   Merge Heap Roots: 0.3ms
[62.297s][info][gc,phases   ] GC(1162)   Evacuate Collection Set: 2.6ms
[62.298s][info][gc,phases   ] GC(1162)   Post Evacuate Collection Set: 1.1ms
[62.298s][info][gc,phases   ] GC(1162)   Other: 0.6ms
[62.299s][info][gc,heap     ] GC(1162) Eden regions: 150->0(149)
[62.299s][info][gc,heap     ] GC(1162) Survivor regions: 3->4(20)
[62.300s][info][gc,heap     ] GC(1162) Old regions: 2->2
[62.300s][info][gc,heap     ] GC(1162) Archive regions: 2->2
[62.300s][info][gc,heap     ] GC(1162) Humongous regions: 0->0
[62.301s][info][gc,metaspace] GC(1162) Metaspace: 615K(832K)->615K(832K) NonClass: 597K(704K)->597K(704K) Class: 17K(128K)->17K(128K)
[62.301s][info][gc          ] GC(1162) Pause Young (Normal) (G1 Evacuation Pause) 155M->6M(256M) 12.109ms
[62.302s][info][gc,cpu      ] GC(1162) User=0.01s Sys=0.00s Real=0.01s
[62.359s][info][gc,start    ] GC(1163) Pause Young (Normal) (G1 Evacuation Pause)
[62.360s][info][gc,task     ] GC(1163) Using 6 workers of 8 for evacuation
[62.366s][info][gc,phases   ] GC(1163)   Pre Evacuate Collection Set: 0.4ms
[62.367s][info][gc,phases   ] GC(1163)   Merge Heap Roots: 0.4ms
[62.368s][info][gc,phases   ] GC(1163)   Evacuate Collection Set: 1.9ms
[62.368s][info][gc,phases   ] GC(1163)   Post Evacuate Collection Set: 2.5ms
[62.368s][info][gc,phases   ] GC(1163)   Other: 0.8ms
[62.369s][info][gc,heap     ] GC(1163) Eden regions: 149->0(149)
[62.369s][info][gc,heap     ] GC(1163) Survivor regions: 4->4(20)
[62.370s][info][gc,heap     ] GC(1163) Old regions: 2->2
[62.371s][info][gc,heap     ] GC(1163) Archive regions: 2->2
[62.371s][info][gc,heap     ] GC(1163) Humongous regions: 0->0
[62.372s][info][gc,metaspace] GC(1163) Metaspace: 615K(832K)->615K(832K) NonClass: 597K(704K)->597K(704K) Class: 17K(128K)->17K(128K)
[62.372s][info][gc          ] GC(1163) Pause Young (Normal) (G1 Evacuation Pause) 155M->5M(256M) 13.156ms
[62.373s][info][gc,cpu      ] GC(1163) User=0.01s Sys=0.00s Real=0.01s
[62.437s][info][gc,start    ] GC(1164) Pause Young (Normal) (G1 Evacuation Pause)
[62.438s][info][gc,task     ] GC(1164) Using 6 workers of 8 for evacuation
[62.445s][info][gc,phases   ] GC(1164)   Pre Evacuate Collection Set: 0.4ms
[62.447s][info][gc,phases   ] GC(1164)   Merge Heap Roots: 0.9ms
[62.448s][info][gc,phases   ] GC(1164)   Evacuate Collection Set: 4.8ms
[62.449s][info][gc,phases   ] GC(1164)   Post Evacuate Collection Set: 1.1ms
[62.450s][info][gc,phases   ] GC(1164)   Other: 0.7ms
[62.451s][info][gc,heap     ] GC(1164) Eden regions: 149->0(150)
[62.451s][info][gc,heap     ] GC(1164) Survivor regions: 4->3(20)
[62.452s][info][gc,heap     ] GC(1164) Old regions: 2->2
[62.453s][info][gc,heap     ] GC(1164) Archive regions: 2->2
[62.453s][info][gc,heap     ] GC(1164) Humongous regions: 0->0
[62.455s][info][gc,metaspace] GC(1164) Metaspace: 615K(832K)->615K(832K) NonClass: 597K(704K)->597K(704K) Class: 17K(128K)->17K(128K)
[62.455s][info][gc          ] GC(1164) Pause Young (Normal) (G1 Evacuation Pause) 154M->5M(256M) 18.490ms
[62.457s][info][gc,cpu      ] GC(1164) User=0.02s Sys=0.00s Real=0.02s
[62.543s][info][gc,start    ] GC(1165) Pause Young (Normal) (G1 Evacuation Pause)
[62.569s][info][gc,task     ] GC(1165) Using 6 workers of 8 for evacuation
[62.592s][info][gc,phases   ] GC(1165)   Pre Evacuate Collection Set: 0.3ms
[62.595s][info][gc,phases   ] GC(1165)   Merge Heap Roots: 0.3ms
[62.596s][info][gc,phases   ] GC(1165)   Evacuate Collection Set: 2.3ms
[62.597s][info][gc,phases   ] GC(1165)   Post Evacuate Collection Set: 1.7ms
[62.598s][info][gc,phases   ] GC(1165)   Other: 17.9ms
[62.598s][info][gc,heap     ] GC(1165) Eden regions: 150->0(149)
[62.598s][info][gc,heap     ] GC(1165) Survivor regions: 3->4(20)
[62.599s][info][gc,heap     ] GC(1165) Old regions: 2->2
[62.599s][info][gc,heap     ] GC(1165) Archive regions: 2->2
[62.600s][info][gc,heap     ] GC(1165) Humongous regions: 0->0
[62.600s][info][gc,metaspace] GC(1165) Metaspace: 615K(832K)->615K(832K) NonClass: 597K(704K)->597K(704K) Class: 17K(128K)->17K(128K)
[62.600s][info][gc          ] GC(1165) Pause Young (Normal) (G1 Evacuation Pause) 155M->6M(256M) 57.323ms
[62.601s][info][gc,cpu      ] GC(1165) User=0.01s Sys=0.00s Real=0.06s
[62.678s][info][gc,start    ] GC(1166) Pause Young (Normal) (G1 Evacuation Pause)
[62.679s][info][gc,task     ] GC(1166) Using 6 workers of 8 for evacuation
[62.684s][info][gc,phases   ] GC(1166)   Pre Evacuate Collection Set: 0.8ms
[62.685s][info][gc,phases   ] GC(1166)   Merge Heap Roots: 0.4ms
[62.685s][info][gc,phases   ] GC(1166)   Evacuate Collection Set: 2.2ms
[62.686s][info][gc,phases   ] GC(1166)   Post Evacuate Collection Set: 1.0ms
[62.686s][info][gc,phases   ] GC(1166)   Other: 1.4ms
[62.686s][info][gc,heap     ] GC(1166) Eden regions: 149->0(149)
[62.687s][info][gc,heap     ] GC(1166) Survivor regions: 4->4(20)
[62.687s][info][gc,heap     ] GC(1166) Old regions: 2->2
[62.687s][info][gc,heap     ] GC(1166) Archive regions: 2->2
[62.688s][info][gc,heap     ] GC(1166) Humongous regions: 0->0
[62.688s][info][gc,metaspace] GC(1166) Metaspace: 615K(832K)->615K(832K) NonClass: 597K(704K)->597K(704K) Class: 17K(128K)->17K(128K)
[62.688s][info][gc          ] GC(1166) Pause Young (Normal) (G1 Evacuation Pause) 155M->6M(256M) 10.780ms
[62.690s][info][gc,cpu      ] GC(1166) User=0.01s Sys=0.01s Real=0.01s
[62.753s][info][gc,start    ] GC(1167) Pause Young (Normal) (G1 Evacuation Pause)
[62.754s][info][gc,task     ] GC(1167) Using 6 workers of 8 for evacuation
[62.758s][info][gc,phases   ] GC(1167)   Pre Evacuate Collection Set: 0.4ms
[62.760s][info][gc,phases   ] GC(1167)   Merge Heap Roots: 0.3ms
[62.761s][info][gc,phases   ] GC(1167)   Evacuate Collection Set: 1.3ms
[62.761s][info][gc,phases   ] GC(1167)   Post Evacuate Collection Set: 1.0ms
[62.762s][info][gc,phases   ] GC(1167)   Other: 0.6ms
[62.762s][info][gc,heap     ] GC(1167) Eden regions: 149->0(149)
[62.763s][info][gc,heap     ] GC(1167) Survivor regions: 4->4(20)
[62.764s][info][gc,heap     ] GC(1167) Old regions: 2->2
[62.765s][info][gc,heap     ] GC(1167) Archive regions: 2->2
[62.766s][info][gc,heap     ] GC(1167) Humongous regions: 0->0
[62.767s][info][gc,metaspace] GC(1167) Metaspace: 615K(832K)->615K(832K) NonClass: 597K(704K)->597K(704K) Class: 17K(128K)->17K(128K)
[62.767s][info][gc          ] GC(1167) Pause Young (Normal) (G1 Evacuation Pause) 155M->5M(256M) 13.877ms
[62.768s][info][gc,cpu      ] GC(1167) User=0.00s Sys=0.00s Real=0.02s
[62.827s][info][gc,start    ] GC(1168) Pause Young (Normal) (G1 Evacuation Pause)
[62.828s][info][gc,task     ] GC(1168) Using 6 workers of 8 for evacuation
[62.834s][info][gc,phases   ] GC(1168)   Pre Evacuate Collection Set: 0.3ms
[62.834s][info][gc,phases   ] GC(1168)   Merge Heap Roots: 0.5ms
[62.834s][info][gc,phases   ] GC(1168)   Evacuate Collection Set: 2.4ms
[62.835s][info][gc,phases   ] GC(1168)   Post Evacuate Collection Set: 1.4ms
[62.835s][info][gc,phases   ] GC(1168)   Other: 0.9ms
[62.835s][info][gc,heap     ] GC(1168) Eden regions: 149->0(150)
[62.836s][info][gc,heap     ] GC(1168) Survivor regions: 4->3(20)
[62.836s][info][gc,heap     ] GC(1168) Old regions: 2->2
[62.836s][info][gc,heap     ] GC(1168) Archive regions: 2->2
[62.837s][info][gc,heap     ] GC(1168) Humongous regions: 0->0
[62.837s][info][gc,metaspace] GC(1168) Metaspace: 615K(832K)->615K(832K) NonClass: 597K(704K)->597K(704K) Class: 17K(128K)->17K(128K)
[62.837s][info][gc          ] GC(1168) Pause Young (Normal) (G1 Evacuation Pause) 154M->5M(256M) 9.834ms
[62.838s][info][gc,cpu      ] GC(1168) User=0.02s Sys=0.00s Real=0.01s
[62.907s][info][gc,start    ] GC(1169) Pause Young (Normal) (G1 Evacuation Pause)
[62.908s][info][gc,task     ] GC(1169) Using 6 workers of 8 for evacuation
[62.912s][info][gc,phases   ] GC(1169)   Pre Evacuate Collection Set: 0.5ms
[62.913s][info][gc,phases   ] GC(1169)   Merge Heap Roots: 0.4ms
[62.913s][info][gc,phases   ] GC(1169)   Evacuate Collection Set: 1.7ms
[62.913s][info][gc,phases   ] GC(1169)   Post Evacuate Collection Set: 1.1ms
[62.914s][info][gc,phases   ] GC(1169)   Other: 1.1ms
[62.914s][info][gc,heap     ] GC(1169) Eden regions: 150->0(149)
[62.915s][info][gc,heap     ] GC(1169) Survivor regions: 3->4(20)
[62.915s][info][gc,heap     ] GC(1169) Old regions: 2->2
[62.915s][info][gc,heap     ] GC(1169) Archive regions: 2->2
[62.916s][info][gc,heap     ] GC(1169) Humongous regions: 0->0
[62.916s][info][gc,metaspace] GC(1169) Metaspace: 615K(832K)->615K(832K) NonClass: 597K(704K)->597K(704K) Class: 17K(128K)->17K(128K)
[62.917s][info][gc          ] GC(1169) Pause Young (Normal) (G1 Evacuation Pause) 155M->6M(256M) 9.848ms
[62.917s][info][gc,cpu      ] GC(1169) User=0.01s Sys=0.00s Real=0.01s
[62.972s][info][gc,start    ] GC(1170) Pause Young (Normal) (G1 Evacuation Pause)
[62.973s][info][gc,task     ] GC(1170) Using 6 workers of 8 for evacuation
[62.978s][info][gc,phases   ] GC(1170)   Pre Evacuate Collection Set: 0.9ms
[62.979s][info][gc,phases   ] GC(1170)   Merge Heap Roots: 0.4ms
[62.979s][info][gc,phases   ] GC(1170)   Evacuate Collection Set: 2.5ms
[62.980s][info][gc,phases   ] GC(1170)   Post Evacuate Collection Set: 1.1ms
[62.980s][info][gc,phases   ] GC(1170)   Other: 0.5ms
[62.981s][info][gc,heap     ] GC(1170) Eden regions: 149->0(149)
[62.981s][info][gc,heap     ] GC(1170) Survivor regions: 4->4(20)
[62.982s][info][gc,heap     ] GC(1170) Old regions: 2->2
[62.982s][info][gc,heap     ] GC(1170) Archive regions: 2->2
[62.982s][info][gc,heap     ] GC(1170) Humongous regions: 0->0
[62.983s][info][gc,metaspace] GC(1170) Metaspace: 615K(832K)->615K(832K) NonClass: 597K(704K)->597K(704K) Class: 17K(128K)->17K(128K)
[62.983s][info][gc          ] GC(1170) Pause Young (Normal) (G1 Evacuation Pause) 155M->6M(256M) 10.825ms
[62.983s][info][gc,cpu      ] GC(1170) User=0.00s Sys=0.01s Real=0.01s
[63.037s][info][gc,start    ] GC(1171) Pause Young (Normal) (G1 Evacuation Pause)
[63.037s][info][gc,task     ] GC(1171) Using 6 workers of 8 for evacuation
[63.044s][info][gc,phases   ] GC(1171)   Pre Evacuate Collection Set: 0.3ms
[63.045s][info][gc,phases   ] GC(1171)   Merge Heap Roots: 0.3ms
[63.045s][info][gc,phases   ] GC(1171)   Evacuate Collection Set: 4.5ms
[63.046s][info][gc,phases   ] GC(1171)   Post Evacuate Collection Set: 1.0ms
[63.046s][info][gc,phases   ] GC(1171)   Other: 0.5ms
[63.047s][info][gc,heap     ] GC(1171) Eden regions: 149->0(149)
[63.047s][info][gc,heap     ] GC(1171) Survivor regions: 4->4(20)
[63.047s][info][gc,heap     ] GC(1171) Old regions: 2->2
[63.048s][info][gc,heap     ] GC(1171) Archive regions: 2->2
[63.048s][info][gc,heap     ] GC(1171) Humongous regions: 0->0
[63.048s][info][gc,metaspace] GC(1171) Metaspace: 615K(832K)->615K(832K) NonClass: 597K(704K)->597K(704K) Class: 17K(128K)->17K(128K)
[63.049s][info][gc          ] GC(1171) Pause Young (Normal) (G1 Evacuation Pause) 155M->5M(256M) 11.959ms
[63.049s][info][gc,cpu      ] GC(1171) User=0.01s Sys=0.00s Real=0.01s
[63.103s][info][gc,start    ] GC(1172) Pause Young (Normal) (G1 Evacuation Pause)
[63.103s][info][gc,task     ] GC(1172) Using 6 workers of 8 for evacuation
[63.109s][info][gc,phases   ] GC(1172)   Pre Evacuate Collection Set: 0.3ms
[63.111s][info][gc,phases   ] GC(1172)   Merge Heap Roots: 0.3ms
[63.111s][info][gc,phases   ] GC(1172)   Evacuate Collection Set: 2.3ms
[63.112s][info][gc,phases   ] GC(1172)   Post Evacuate Collection Set: 2.1ms
[63.112s][info][gc,phases   ] GC(1172)   Other: 0.6ms
[63.113s][info][gc,heap     ] GC(1172) Eden regions: 149->0(150)
[63.113s][info][gc,heap     ] GC(1172) Survivor regions: 4->3(20)
[63.113s][info][gc,heap     ] GC(1172) Old regions: 2->2
[63.114s][info][gc,heap     ] GC(1172) Archive regions: 2->2
[63.114s][info][gc,heap     ] GC(1172) Humongous regions: 0->0
[63.114s][info][gc,metaspace] GC(1172) Metaspace: 615K(832K)->615K(832K) NonClass: 597K(704K)->597K(704K) Class: 17K(128K)->17K(128K)
[63.115s][info][gc          ] GC(1172) Pause Young (Normal) (G1 Evacuation Pause) 154M->5M(256M) 11.927ms
[63.115s][info][gc,cpu      ] GC(1172) User=0.00s Sys=0.01s Real=0.01s
[63.176s][info][gc,start    ] GC(1173) Pause Young (Normal) (G1 Evacuation Pause)
[63.178s][info][gc,task     ] GC(1173) Using 6 workers of 8 for evacuation
[63.182s][info][gc,phases   ] GC(1173)   Pre Evacuate Collection Set: 0.2ms
[63.182s][info][gc,phases   ] GC(1173)   Merge Heap Roots: 0.2ms
[63.183s][info][gc,phases   ] GC(1173)   Evacuate Collection Set: 1.4ms
[63.183s][info][gc,phases   ] GC(1173)   Post Evacuate Collection Set: 1.2ms
[63.183s][info][gc,phases   ] GC(1173)   Other: 0.6ms
[63.184s][info][gc,heap     ] GC(1173) Eden regions: 150->0(149)
[63.184s][info][gc,heap     ] GC(1173) Survivor regions: 3->4(20)
[63.184s][info][gc,heap     ] GC(1173) Old regions: 2->2
[63.185s][info][gc,heap     ] GC(1173) Archive regions: 2->2
[63.185s][info][gc,heap     ] GC(1173) Humongous regions: 0->0
[63.185s][info][gc,metaspace] GC(1173) Metaspace: 615K(832K)->615K(832K) NonClass: 597K(704K)->597K(704K) Class: 17K(128K)->17K(128K)
[63.186s][info][gc          ] GC(1173) Pause Young (Normal) (G1 Evacuation Pause) 155M->6M(256M) 9.731ms
[63.186s][info][gc,cpu      ] GC(1173) User=0.00s Sys=0.00s Real=0.01s
[63.249s][info][gc,start    ] GC(1174) Pause Young (Normal) (G1 Evacuation Pause)
[63.250s][info][gc,task     ] GC(1174) Using 6 workers of 8 for evacuation
[63.253s][info][gc,phases   ] GC(1174)   Pre Evacuate Collection Set: 0.3ms
[63.253s][info][gc,phases   ] GC(1174)   Merge Heap Roots: 0.2ms
[63.254s][info][gc,phases   ] GC(1174)   Evacuate Collection Set: 0.8ms
[63.254s][info][gc,phases   ] GC(1174)   Post Evacuate Collection Set: 0.9ms
[63.254s][info][gc,phases   ] GC(1174)   Other: 0.6ms
[63.255s][info][gc,heap     ] GC(1174) Eden regions: 149->0(150)
[63.255s][info][gc,heap     ] GC(1174) Survivor regions: 4->3(20)
[63.255s][info][gc,heap     ] GC(1174) Old regions: 2->2
[63.256s][info][gc,heap     ] GC(1174) Archive regions: 2->2
[63.256s][info][gc,heap     ] GC(1174) Humongous regions: 0->0
[63.257s][info][gc,metaspace] GC(1174) Metaspace: 615K(832K)->615K(832K) NonClass: 597K(704K)->597K(704K) Class: 17K(128K)->17K(128K)
[63.260s][info][gc          ] GC(1174) Pause Young (Normal) (G1 Evacuation Pause) 155M->5M(256M) 11.051ms
[63.261s][info][gc,cpu      ] GC(1174) User=0.01s Sys=0.00s Real=0.01s
[63.316s][info][gc,start    ] GC(1175) Pause Young (Normal) (G1 Evacuation Pause)
[63.316s][info][gc,task     ] GC(1175) Using 6 workers of 8 for evacuation
[63.320s][info][gc,phases   ] GC(1175)   Pre Evacuate Collection Set: 0.3ms
[63.320s][info][gc,phases   ] GC(1175)   Merge Heap Roots: 0.2ms
[63.320s][info][gc,phases   ] GC(1175)   Evacuate Collection Set: 1.3ms
[63.321s][info][gc,phases   ] GC(1175)   Post Evacuate Collection Set: 0.9ms
[63.321s][info][gc,phases   ] GC(1175)   Other: 0.5ms
[63.321s][info][gc,heap     ] GC(1175) Eden regions: 150->0(149)
[63.322s][info][gc,heap     ] GC(1175) Survivor regions: 3->4(20)
[63.322s][info][gc,heap     ] GC(1175) Old regions: 2->2
[63.322s][info][gc,heap     ] GC(1175) Archive regions: 2->2
[63.323s][info][gc,heap     ] GC(1175) Humongous regions: 0->0
[63.323s][info][gc,metaspace] GC(1175) Metaspace: 615K(832K)->615K(832K) NonClass: 597K(704K)->597K(704K) Class: 17K(128K)->17K(128K)
[63.325s][info][gc          ] GC(1175) Pause Young (Normal) (G1 Evacuation Pause) 155M->6M(256M) 8.878ms
[63.326s][info][gc,cpu      ] GC(1175) User=0.01s Sys=0.00s Real=0.01s
[63.392s][info][gc,start    ] GC(1176) Pause Young (Normal) (G1 Evacuation Pause)
[63.392s][info][gc,task     ] GC(1176) Using 6 workers of 8 for evacuation
[63.397s][info][gc,phases   ] GC(1176)   Pre Evacuate Collection Set: 0.6ms
[63.397s][info][gc,phases   ] GC(1176)   Merge Heap Roots: 0.3ms
[63.398s][info][gc,phases   ] GC(1176)   Evacuate Collection Set: 1.7ms
[63.398s][info][gc,phases   ] GC(1176)   Post Evacuate Collection Set: 1.0ms
[63.399s][info][gc,phases   ] GC(1176)   Other: 0.9ms
[63.399s][info][gc,heap     ] GC(1176) Eden regions: 149->0(149)
[63.399s][info][gc,heap     ] GC(1176) Survivor regions: 4->4(20)
[63.400s][info][gc,heap     ] GC(1176) Old regions: 2->2
[63.400s][info][gc,heap     ] GC(1176) Archive regions: 2->2
[63.400s][info][gc,heap     ] GC(1176) Humongous regions: 0->0
[63.401s][info][gc,metaspace] GC(1176) Metaspace: 615K(832K)->615K(832K) NonClass: 597K(704K)->597K(704K) Class: 17K(128K)->17K(128K)
[63.401s][info][gc          ] GC(1176) Pause Young (Normal) (G1 Evacuation Pause) 155M->6M(256M) 9.769ms
[63.402s][info][gc,cpu      ] GC(1176) User=0.00s Sys=0.01s Real=0.01s
[63.454s][info][gc,start    ] GC(1177) Pause Young (Normal) (G1 Evacuation Pause)
[63.454s][info][gc,task     ] GC(1177) Using 6 workers of 8 for evacuation
[63.461s][info][gc,phases   ] GC(1177)   Pre Evacuate Collection Set: 0.4ms
[63.461s][info][gc,phases   ] GC(1177)   Merge Heap Roots: 0.3ms
[63.462s][info][gc,phases   ] GC(1177)   Evacuate Collection Set: 2.8ms
[63.462s][info][gc,phases   ] GC(1177)   Post Evacuate Collection Set: 2.5ms
[63.463s][info][gc,phases   ] GC(1177)   Other: 0.5ms
[63.464s][info][gc,heap     ] GC(1177) Eden regions: 149->0(149)
[63.464s][info][gc,heap     ] GC(1177) Survivor regions: 4->4(20)
[63.465s][info][gc,heap     ] GC(1177) Old regions: 2->2
[63.465s][info][gc,heap     ] GC(1177) Archive regions: 2->2
[63.466s][info][gc,heap     ] GC(1177) Humongous regions: 0->0
[63.466s][info][gc,metaspace] GC(1177) Metaspace: 615K(832K)->615K(832K) NonClass: 597K(704K)->597K(704K) Class: 17K(128K)->17K(128K)
[63.466s][info][gc          ] GC(1177) Pause Young (Normal) (G1 Evacuation Pause) 155M->5M(256M) 12.622ms
[63.467s][info][gc,cpu      ] GC(1177) User=0.01s Sys=0.00s Real=0.02s
[63.533s][info][gc,start    ] GC(1178) Pause Young (Normal) (G1 Evacuation Pause)
[63.533s][info][gc,task     ] GC(1178) Using 6 workers of 8 for evacuation
[63.537s][info][gc,phases   ] GC(1178)   Pre Evacuate Collection Set: 0.4ms
[63.537s][info][gc,phases   ] GC(1178)   Merge Heap Roots: 0.3ms
[63.538s][info][gc,phases   ] GC(1178)   Evacuate Collection Set: 0.8ms
[63.539s][info][gc,phases   ] GC(1178)   Post Evacuate Collection Set: 1.1ms
[63.539s][info][gc,phases   ] GC(1178)   Other: 0.5ms
[63.540s][info][gc,heap     ] GC(1178) Eden regions: 149->0(150)
[63.540s][info][gc,heap     ] GC(1178) Survivor regions: 4->3(20)
[63.541s][info][gc,heap     ] GC(1178) Old regions: 2->2
[63.542s][info][gc,heap     ] GC(1178) Archive regions: 2->2
[63.543s][info][gc,heap     ] GC(1178) Humongous regions: 0->0
[63.544s][info][gc,metaspace] GC(1178) Metaspace: 615K(832K)->615K(832K) NonClass: 597K(704K)->597K(704K) Class: 17K(128K)->17K(128K)
[63.544s][info][gc          ] GC(1178) Pause Young (Normal) (G1 Evacuation Pause) 154M->5M(256M) 11.384ms
[63.545s][info][gc,cpu      ] GC(1178) User=0.00s Sys=0.01s Real=0.01s
[63.604s][info][gc,start    ] GC(1179) Pause Young (Normal) (G1 Evacuation Pause)
[63.604s][info][gc,task     ] GC(1179) Using 6 workers of 8 for evacuation
[63.609s][info][gc,phases   ] GC(1179)   Pre Evacuate Collection Set: 0.3ms
[63.611s][info][gc,phases   ] GC(1179)   Merge Heap Roots: 0.2ms
[63.612s][info][gc,phases   ] GC(1179)   Evacuate Collection Set: 2.3ms
[63.612s][info][gc,phases   ] GC(1179)   Post Evacuate Collection Set: 1.7ms
[63.612s][info][gc,phases   ] GC(1179)   Other: 0.5ms
[63.613s][info][gc,heap     ] GC(1179) Eden regions: 150->0(149)
[63.613s][info][gc,heap     ] GC(1179) Survivor regions: 3->4(20)
[63.613s][info][gc,heap     ] GC(1179) Old regions: 2->2
[63.614s][info][gc,heap     ] GC(1179) Archive regions: 2->2
[63.614s][info][gc,heap     ] GC(1179) Humongous regions: 0->0
[63.614s][info][gc,metaspace] GC(1179) Metaspace: 615K(832K)->615K(832K) NonClass: 597K(704K)->597K(704K) Class: 17K(128K)->17K(128K)
[63.615s][info][gc          ] GC(1179) Pause Young (Normal) (G1 Evacuation Pause) 155M->6M(256M) 10.983ms
[63.615s][info][gc,cpu      ] GC(1179) User=0.02s Sys=0.00s Real=0.01s
[63.671s][info][gc,start    ] GC(1180) Pause Young (Normal) (G1 Evacuation Pause)
[63.671s][info][gc,task     ] GC(1180) Using 6 workers of 8 for evacuation
[63.677s][info][gc,phases   ] GC(1180)   Pre Evacuate Collection Set: 0.3ms
[63.678s][info][gc,phases   ] GC(1180)   Merge Heap Roots: 0.3ms
[63.678s][info][gc,phases   ] GC(1180)   Evacuate Collection Set: 3.3ms
[63.679s][info][gc,phases   ] GC(1180)   Post Evacuate Collection Set: 1.4ms
[63.679s][info][gc,phases   ] GC(1180)   Other: 0.5ms
[63.680s][info][gc,heap     ] GC(1180) Eden regions: 149->0(149)
[63.680s][info][gc,heap     ] GC(1180) Survivor regions: 4->4(20)
[63.681s][info][gc,heap     ] GC(1180) Old regions: 2->2
[63.681s][info][gc,heap     ] GC(1180) Archive regions: 2->2
[63.682s][info][gc,heap     ] GC(1180) Humongous regions: 0->0
[63.682s][info][gc,metaspace] GC(1180) Metaspace: 615K(832K)->615K(832K) NonClass: 597K(704K)->597K(704K) Class: 17K(128K)->17K(128K)
[63.683s][info][gc          ] GC(1180) Pause Young (Normal) (G1 Evacuation Pause) 155M->6M(256M) 11.751ms
[63.683s][info][gc,cpu      ] GC(1180) User=0.01s Sys=0.01s Real=0.01s
[63.748s][info][gc,start    ] GC(1181) Pause Young (Normal) (G1 Evacuation Pause)
[63.749s][info][gc,task     ] GC(1181) Using 6 workers of 8 for evacuation
[63.752s][info][gc,phases   ] GC(1181)   Pre Evacuate Collection Set: 0.6ms
[63.753s][info][gc,phases   ] GC(1181)   Merge Heap Roots: 0.4ms
[63.754s][info][gc,phases   ] GC(1181)   Evacuate Collection Set: 1.3ms
[63.754s][info][gc,phases   ] GC(1181)   Post Evacuate Collection Set: 1.0ms
[63.754s][info][gc,phases   ] GC(1181)   Other: 0.5ms
[63.755s][info][gc,heap     ] GC(1181) Eden regions: 149->0(149)
[63.755s][info][gc,heap     ] GC(1181) Survivor regions: 4->4(20)
[63.756s][info][gc,heap     ] GC(1181) Old regions: 2->2
[63.756s][info][gc,heap     ] GC(1181) Archive regions: 2->2
[63.757s][info][gc,heap     ] GC(1181) Humongous regions: 0->0
[63.757s][info][gc,metaspace] GC(1181) Metaspace: 615K(832K)->615K(832K) NonClass: 597K(704K)->597K(704K) Class: 17K(128K)->17K(128K)
[63.758s][info][gc          ] GC(1181) Pause Young (Normal) (G1 Evacuation Pause) 155M->5M(256M) 9.995ms
[63.759s][info][gc,cpu      ] GC(1181) User=0.00s Sys=0.00s Real=0.01s
[63.819s][info][gc,start    ] GC(1182) Pause Young (Normal) (G1 Evacuation Pause)
[63.820s][info][gc,task     ] GC(1182) Using 6 workers of 8 for evacuation
[63.824s][info][gc,phases   ] GC(1182)   Pre Evacuate Collection Set: 0.3ms
[63.825s][info][gc,phases   ] GC(1182)   Merge Heap Roots: 0.2ms
[63.826s][info][gc,phases   ] GC(1182)   Evacuate Collection Set: 1.4ms
[63.828s][info][gc,phases   ] GC(1182)   Post Evacuate Collection Set: 2.0ms
[63.829s][info][gc,phases   ] GC(1182)   Other: 0.5ms
[63.829s][info][gc,heap     ] GC(1182) Eden regions: 149->0(150)
[63.830s][info][gc,heap     ] GC(1182) Survivor regions: 4->3(20)
[63.830s][info][gc,heap     ] GC(1182) Old regions: 2->2
[63.831s][info][gc,heap     ] GC(1182) Archive regions: 2->2
[63.831s][info][gc,heap     ] GC(1182) Humongous regions: 0->0
[63.831s][info][gc,metaspace] GC(1182) Metaspace: 615K(832K)->615K(832K) NonClass: 597K(704K)->597K(704K) Class: 17K(128K)->17K(128K)
[63.832s][info][gc          ] GC(1182) Pause Young (Normal) (G1 Evacuation Pause) 154M->5M(256M) 12.596ms
[63.833s][info][gc,cpu      ] GC(1182) User=0.01s Sys=0.00s Real=0.01s
[63.897s][info][gc,start    ] GC(1183) Pause Young (Normal) (G1 Evacuation Pause)
[63.898s][info][gc,task     ] GC(1183) Using 6 workers of 8 for evacuation
[63.904s][info][gc,phases   ] GC(1183)   Pre Evacuate Collection Set: 0.5ms
[63.904s][info][gc,phases   ] GC(1183)   Merge Heap Roots: 1.0ms
[63.905s][info][gc,phases   ] GC(1183)   Evacuate Collection Set: 2.7ms
[63.905s][info][gc,phases   ] GC(1183)   Post Evacuate Collection Set: 1.2ms
[63.906s][info][gc,phases   ] GC(1183)   Other: 0.6ms
[63.907s][info][gc,heap     ] GC(1183) Eden regions: 150->0(149)
[63.908s][info][gc,heap     ] GC(1183) Survivor regions: 3->4(20)
[63.910s][info][gc,heap     ] GC(1183) Old regions: 2->2
[63.911s][info][gc,heap     ] GC(1183) Archive regions: 2->2
[63.912s][info][gc,heap     ] GC(1183) Humongous regions: 0->0
[63.912s][info][gc,metaspace] GC(1183) Metaspace: 615K(832K)->615K(832K) NonClass: 597K(704K)->597K(704K) Class: 17K(128K)->17K(128K)
[63.913s][info][gc          ] GC(1183) Pause Young (Normal) (G1 Evacuation Pause) 155M->6M(256M) 15.643ms
[63.914s][info][gc,cpu      ] GC(1183) User=0.01s Sys=0.00s Real=0.01s
[63.968s][info][gc,start    ] GC(1184) Pause Young (Normal) (G1 Evacuation Pause)
[63.968s][info][gc,task     ] GC(1184) Using 6 workers of 8 for evacuation
[63.971s][info][gc,phases   ] GC(1184)   Pre Evacuate Collection Set: 0.3ms
[63.971s][info][gc,phases   ] GC(1184)   Merge Heap Roots: 0.2ms
[63.973s][info][gc,phases   ] GC(1184)   Evacuate Collection Set: 0.9ms
[63.973s][info][gc,phases   ] GC(1184)   Post Evacuate Collection Set: 0.8ms
[63.974s][info][gc,phases   ] GC(1184)   Other: 0.5ms
[63.975s][info][gc,heap     ] GC(1184) Eden regions: 149->0(149)
[63.975s][info][gc,heap     ] GC(1184) Survivor regions: 4->4(20)
[63.976s][info][gc,heap     ] GC(1184) Old regions: 2->2
[63.977s][info][gc,heap     ] GC(1184) Archive regions: 2->2
[63.977s][info][gc,heap     ] GC(1184) Humongous regions: 0->0
[63.978s][info][gc,metaspace] GC(1184) Metaspace: 615K(832K)->615K(832K) NonClass: 597K(704K)->597K(704K) Class: 17K(128K)->17K(128K)
[63.978s][info][gc          ] GC(1184) Pause Young (Normal) (G1 Evacuation Pause) 155M->5M(256M) 10.431ms
[63.979s][info][gc,cpu      ] GC(1184) User=0.01s Sys=0.00s Real=0.01s
[64.037s][info][gc,start    ] GC(1185) Pause Young (Normal) (G1 Evacuation Pause)
[64.038s][info][gc,task     ] GC(1185) Using 6 workers of 8 for evacuation
[64.049s][info][gc,phases   ] GC(1185)   Pre Evacuate Collection Set: 0.3ms
[64.050s][info][gc,phases   ] GC(1185)   Merge Heap Roots: 0.3ms
[64.050s][info][gc,phases   ] GC(1185)   Evacuate Collection Set: 8.7ms
[64.051s][info][gc,phases   ] GC(1185)   Post Evacuate Collection Set: 1.2ms
[64.051s][info][gc,phases   ] GC(1185)   Other: 0.5ms
[64.052s][info][gc,heap     ] GC(1185) Eden regions: 149->0(150)
[64.052s][info][gc,heap     ] GC(1185) Survivor regions: 4->3(20)
[64.053s][info][gc,heap     ] GC(1185) Old regions: 2->2
[64.053s][info][gc,heap     ] GC(1185) Archive regions: 2->2
[64.053s][info][gc,heap     ] GC(1185) Humongous regions: 0->0
[64.054s][info][gc,metaspace] GC(1185) Metaspace: 615K(832K)->615K(832K) NonClass: 597K(704K)->597K(704K) Class: 17K(128K)->17K(128K)
[64.054s][info][gc          ] GC(1185) Pause Young (Normal) (G1 Evacuation Pause) 154M->5M(256M) 17.107ms
[64.054s][info][gc,cpu      ] GC(1185) User=0.02s Sys=0.00s Real=0.01s
[64.116s][info][gc,start    ] GC(1186) Pause Young (Normal) (G1 Evacuation Pause)
[64.117s][info][gc,task     ] GC(1186) Using 6 workers of 8 for evacuation
[64.121s][info][gc,phases   ] GC(1186)   Pre Evacuate Collection Set: 0.3ms
[64.121s][info][gc,phases   ] GC(1186)   Merge Heap Roots: 0.3ms
[64.122s][info][gc,phases   ] GC(1186)   Evacuate Collection Set: 1.8ms
[64.123s][info][gc,phases   ] GC(1186)   Post Evacuate Collection Set: 1.1ms
[64.124s][info][gc,phases   ] GC(1186)   Other: 0.6ms
[64.125s][info][gc,heap     ] GC(1186) Eden regions: 150->0(149)
[64.126s][info][gc,heap     ] GC(1186) Survivor regions: 3->4(20)
[64.126s][info][gc,heap     ] GC(1186) Old regions: 2->2
[64.128s][info][gc,heap     ] GC(1186) Archive regions: 2->2
[64.128s][info][gc,heap     ] GC(1186) Humongous regions: 0->0
[64.129s][info][gc,metaspace] GC(1186) Metaspace: 615K(832K)->615K(832K) NonClass: 597K(704K)->597K(704K) Class: 17K(128K)->17K(128K)
[64.129s][info][gc          ] GC(1186) Pause Young (Normal) (G1 Evacuation Pause) 155M->6M(256M) 13.420ms
[64.130s][info][gc,cpu      ] GC(1186) User=0.01s Sys=0.00s Real=0.02s
[64.185s][info][gc,start    ] GC(1187) Pause Young (Normal) (G1 Evacuation Pause)
[64.185s][info][gc,task     ] GC(1187) Using 6 workers of 8 for evacuation
[64.190s][info][gc,phases   ] GC(1187)   Pre Evacuate Collection Set: 0.5ms
[64.191s][info][gc,phases   ] GC(1187)   Merge Heap Roots: 0.4ms
[64.192s][info][gc,phases   ] GC(1187)   Evacuate Collection Set: 1.5ms
[64.193s][info][gc,phases   ] GC(1187)   Post Evacuate Collection Set: 1.3ms
[64.195s][info][gc,phases   ] GC(1187)   Other: 0.6ms
[64.196s][info][gc,heap     ] GC(1187) Eden regions: 149->0(149)
[64.196s][info][gc,heap     ] GC(1187) Survivor regions: 4->4(20)
[64.197s][info][gc,heap     ] GC(1187) Old regions: 2->2
[64.197s][info][gc,heap     ] GC(1187) Archive regions: 2->2
[64.198s][info][gc,heap     ] GC(1187) Humongous regions: 0->0
[64.198s][info][gc,metaspace] GC(1187) Metaspace: 615K(832K)->615K(832K) NonClass: 597K(704K)->597K(704K) Class: 17K(128K)->17K(128K)
[64.199s][info][gc          ] GC(1187) Pause Young (Normal) (G1 Evacuation Pause) 155M->5M(256M) 14.166ms
[64.199s][info][gc,cpu      ] GC(1187) User=0.01s Sys=0.01s Real=0.02s
[64.250s][info][gc,start    ] GC(1188) Pause Young (Normal) (G1 Evacuation Pause)
[64.251s][info][gc,task     ] GC(1188) Using 6 workers of 8 for evacuation
[64.254s][info][gc,phases   ] GC(1188)   Pre Evacuate Collection Set: 0.3ms
[64.255s][info][gc,phases   ] GC(1188)   Merge Heap Roots: 0.2ms
[64.255s][info][gc,phases   ] GC(1188)   Evacuate Collection Set: 1.2ms
[64.255s][info][gc,phases   ] GC(1188)   Post Evacuate Collection Set: 1.0ms
[64.256s][info][gc,phases   ] GC(1188)   Other: 0.5ms
[64.257s][info][gc,heap     ] GC(1188) Eden regions: 149->0(149)
[64.258s][info][gc,heap     ] GC(1188) Survivor regions: 4->4(20)
[64.258s][info][gc,heap     ] GC(1188) Old regions: 2->2
[64.259s][info][gc,heap     ] GC(1188) Archive regions: 2->2
[64.260s][info][gc,heap     ] GC(1188) Humongous regions: 0->0
[64.261s][info][gc,metaspace] GC(1188) Metaspace: 615K(832K)->615K(832K) NonClass: 597K(704K)->597K(704K) Class: 17K(128K)->17K(128K)
[64.261s][info][gc          ] GC(1188) Pause Young (Normal) (G1 Evacuation Pause) 154M->5M(256M) 10.770ms
[64.262s][info][gc,cpu      ] GC(1188) User=0.01s Sys=0.00s Real=0.01s
[64.316s][info][gc,start    ] GC(1189) Pause Young (Normal) (G1 Evacuation Pause)
[64.316s][info][gc,task     ] GC(1189) Using 6 workers of 8 for evacuation
[64.320s][info][gc,phases   ] GC(1189)   Pre Evacuate Collection Set: 0.3ms
[64.320s][info][gc,phases   ] GC(1189)   Merge Heap Roots: 0.4ms
[64.321s][info][gc,phases   ] GC(1189)   Evacuate Collection Set: 1.1ms
[64.321s][info][gc,phases   ] GC(1189)   Post Evacuate Collection Set: 1.0ms
[64.322s][info][gc,phases   ] GC(1189)   Other: 0.7ms
[64.322s][info][gc,heap     ] GC(1189) Eden regions: 149->0(150)
[64.322s][info][gc,heap     ] GC(1189) Survivor regions: 4->3(20)
[64.323s][info][gc,heap     ] GC(1189) Old regions: 2->2
[64.323s][info][gc,heap     ] GC(1189) Archive regions: 2->2
[64.324s][info][gc,heap     ] GC(1189) Humongous regions: 0->0
[64.325s][info][gc,metaspace] GC(1189) Metaspace: 615K(832K)->615K(832K) NonClass: 597K(704K)->597K(704K) Class: 17K(128K)->17K(128K)
[64.326s][info][gc          ] GC(1189) Pause Young (Normal) (G1 Evacuation Pause) 154M->5M(256M) 10.396ms
[64.327s][info][gc,cpu      ] GC(1189) User=0.01s Sys=0.01s Real=0.02s
[64.382s][info][gc,start    ] GC(1190) Pause Young (Normal) (G1 Evacuation Pause)
[64.384s][info][gc,task     ] GC(1190) Using 6 workers of 8 for evacuation
[64.389s][info][gc,phases   ] GC(1190)   Pre Evacuate Collection Set: 0.4ms
[64.390s][info][gc,phases   ] GC(1190)   Merge Heap Roots: 0.4ms
[64.391s][info][gc,phases   ] GC(1190)   Evacuate Collection Set: 1.6ms
[64.392s][info][gc,phases   ] GC(1190)   Post Evacuate Collection Set: 1.1ms
[64.395s][info][gc,phases   ] GC(1190)   Other: 1.8ms
[64.396s][info][gc,heap     ] GC(1190) Eden regions: 150->0(149)
[64.397s][info][gc,heap     ] GC(1190) Survivor regions: 3->4(20)
[64.398s][info][gc,heap     ] GC(1190) Old regions: 2->2
[64.398s][info][gc,heap     ] GC(1190) Archive regions: 2->2
[64.398s][info][gc,heap     ] GC(1190) Humongous regions: 0->0
[64.399s][info][gc,metaspace] GC(1190) Metaspace: 615K(832K)->615K(832K) NonClass: 597K(704K)->597K(704K) Class: 17K(128K)->17K(128K)
[64.399s][info][gc          ] GC(1190) Pause Young (Normal) (G1 Evacuation Pause) 155M->5M(256M) 17.066ms
[64.400s][info][gc,cpu      ] GC(1190) User=0.00s Sys=0.01s Real=0.02s
[64.455s][info][gc,start    ] GC(1191) Pause Young (Normal) (G1 Evacuation Pause)
[64.456s][info][gc,task     ] GC(1191) Using 6 workers of 8 for evacuation
[64.463s][info][gc,phases   ] GC(1191)   Pre Evacuate Collection Set: 0.8ms
[64.464s][info][gc,phases   ] GC(1191)   Merge Heap Roots: 0.7ms
[64.465s][info][gc,phases   ] GC(1191)   Evacuate Collection Set: 3.2ms
[64.465s][info][gc,phases   ] GC(1191)   Post Evacuate Collection Set: 2.1ms
[64.465s][info][gc,phases   ] GC(1191)   Other: 0.7ms
[64.466s][info][gc,heap     ] GC(1191) Eden regions: 149->0(149)
[64.466s][info][gc,heap     ] GC(1191) Survivor regions: 4->4(20)
[64.467s][info][gc,heap     ] GC(1191) Old regions: 2->2
[64.467s][info][gc,heap     ] GC(1191) Archive regions: 2->2
[64.467s][info][gc,heap     ] GC(1191) Humongous regions: 0->0
[64.468s][info][gc,metaspace] GC(1191) Metaspace: 615K(832K)->615K(832K) NonClass: 597K(704K)->597K(704K) Class: 17K(128K)->17K(128K)
[64.468s][info][gc          ] GC(1191) Pause Young (Normal) (G1 Evacuation Pause) 154M->5M(256M) 13.239ms
[64.469s][info][gc,cpu      ] GC(1191) User=0.01s Sys=0.00s Real=0.02s
[64.522s][info][gc,start    ] GC(1192) Pause Young (Normal) (G1 Evacuation Pause)
[64.523s][info][gc,task     ] GC(1192) Using 6 workers of 8 for evacuation
[64.530s][info][gc,phases   ] GC(1192)   Pre Evacuate Collection Set: 1.4ms
[64.530s][info][gc,phases   ] GC(1192)   Merge Heap Roots: 0.6ms
[64.531s][info][gc,phases   ] GC(1192)   Evacuate Collection Set: 2.3ms
[64.531s][info][gc,phases   ] GC(1192)   Post Evacuate Collection Set: 1.0ms
[64.531s][info][gc,phases   ] GC(1192)   Other: 1.3ms
[64.532s][info][gc,heap     ] GC(1192) Eden regions: 149->0(150)
[64.532s][info][gc,heap     ] GC(1192) Survivor regions: 4->3(20)
[64.533s][info][gc,heap     ] GC(1192) Old regions: 2->2
[64.533s][info][gc,heap     ] GC(1192) Archive regions: 2->2
[64.534s][info][gc,heap     ] GC(1192) Humongous regions: 0->0
[64.534s][info][gc,metaspace] GC(1192) Metaspace: 615K(832K)->615K(832K) NonClass: 597K(704K)->597K(704K) Class: 17K(128K)->17K(128K)
[64.534s][info][gc          ] GC(1192) Pause Young (Normal) (G1 Evacuation Pause) 154M->5M(256M) 11.814ms
[64.535s][info][gc,cpu      ] GC(1192) User=0.00s Sys=0.01s Real=0.01s
[64.588s][info][gc,start    ] GC(1193) Pause Young (Normal) (G1 Evacuation Pause)
[64.588s][info][gc,task     ] GC(1193) Using 6 workers of 8 for evacuation
[64.595s][info][gc,phases   ] GC(1193)   Pre Evacuate Collection Set: 0.3ms
[64.595s][info][gc,phases   ] GC(1193)   Merge Heap Roots: 0.3ms
[64.596s][info][gc,phases   ] GC(1193)   Evacuate Collection Set: 3.5ms
[64.596s][info][gc,phases   ] GC(1193)   Post Evacuate Collection Set: 2.1ms
[64.597s][info][gc,phases   ] GC(1193)   Other: 0.5ms
[64.598s][info][gc,heap     ] GC(1193) Eden regions: 150->0(149)
[64.598s][info][gc,heap     ] GC(1193) Survivor regions: 3->4(20)
[64.598s][info][gc,heap     ] GC(1193) Old regions: 2->2
[64.599s][info][gc,heap     ] GC(1193) Archive regions: 2->2
[64.599s][info][gc,heap     ] GC(1193) Humongous regions: 0->0
[64.600s][info][gc,metaspace] GC(1193) Metaspace: 615K(832K)->615K(832K) NonClass: 597K(704K)->597K(704K) Class: 17K(128K)->17K(128K)
[64.600s][info][gc          ] GC(1193) Pause Young (Normal) (G1 Evacuation Pause) 155M->6M(256M) 12.466ms
[64.601s][info][gc,cpu      ] GC(1193) User=0.02s Sys=0.00s Real=0.01s
[64.651s][info][gc,start    ] GC(1194) Pause Young (Normal) (G1 Evacuation Pause)
[64.652s][info][gc,task     ] GC(1194) Using 6 workers of 8 for evacuation
[64.655s][info][gc,phases   ] GC(1194)   Pre Evacuate Collection Set: 0.3ms
[64.655s][info][gc,phases   ] GC(1194)   Merge Heap Roots: 0.3ms
[64.656s][info][gc,phases   ] GC(1194)   Evacuate Collection Set: 1.2ms
[64.656s][info][gc,phases   ] GC(1194)   Post Evacuate Collection Set: 0.8ms
[64.657s][info][gc,phases   ] GC(1194)   Other: 0.5ms
[64.658s][info][gc,heap     ] GC(1194) Eden regions: 149->0(149)
[64.659s][info][gc,heap     ] GC(1194) Survivor regions: 4->4(20)
[64.660s][info][gc,heap     ] GC(1194) Old regions: 2->2
[64.660s][info][gc,heap     ] GC(1194) Archive regions: 2->2
[64.661s][info][gc,heap     ] GC(1194) Humongous regions: 0->0
[64.661s][info][gc,metaspace] GC(1194) Metaspace: 615K(832K)->615K(832K) NonClass: 597K(704K)->597K(704K) Class: 17K(128K)->17K(128K)
[64.662s][info][gc          ] GC(1194) Pause Young (Normal) (G1 Evacuation Pause) 155M->6M(256M) 10.453ms
[64.662s][info][gc,cpu      ] GC(1194) User=0.00s Sys=0.01s Real=0.01s
[64.716s][info][gc,start    ] GC(1195) Pause Young (Normal) (G1 Evacuation Pause)
[64.717s][info][gc,task     ] GC(1195) Using 6 workers of 8 for evacuation
[64.721s][info][gc,phases   ] GC(1195)   Pre Evacuate Collection Set: 0.3ms
[64.721s][info][gc,phases   ] GC(1195)   Merge Heap Roots: 0.3ms
[64.722s][info][gc,phases   ] GC(1195)   Evacuate Collection Set: 1.4ms
[64.722s][info][gc,phases   ] GC(1195)   Post Evacuate Collection Set: 1.3ms
[64.723s][info][gc,phases   ] GC(1195)   Other: 0.6ms
[64.724s][info][gc,heap     ] GC(1195) Eden regions: 149->0(149)
[64.726s][info][gc,heap     ] GC(1195) Survivor regions: 4->4(20)
[64.727s][info][gc,heap     ] GC(1195) Old regions: 2->2
[64.727s][info][gc,heap     ] GC(1195) Archive regions: 2->2
[64.729s][info][gc,heap     ] GC(1195) Humongous regions: 0->0
[64.729s][info][gc,metaspace] GC(1195) Metaspace: 615K(832K)->615K(832K) NonClass: 597K(704K)->597K(704K) Class: 17K(128K)->17K(128K)
[64.730s][info][gc          ] GC(1195) Pause Young (Normal) (G1 Evacuation Pause) 155M->5M(256M) 13.627ms
[64.731s][info][gc,cpu      ] GC(1195) User=0.00s Sys=0.01s Real=0.02s
[64.813s][info][gc,start    ] GC(1196) Pause Young (Normal) (G1 Evacuation Pause)
[64.814s][info][gc,task     ] GC(1196) Using 6 workers of 8 for evacuation
[64.821s][info][gc,phases   ] GC(1196)   Pre Evacuate Collection Set: 0.3ms
[64.821s][info][gc,phases   ] GC(1196)   Merge Heap Roots: 0.3ms
[64.827s][info][gc,phases   ] GC(1196)   Evacuate Collection Set: 2.0ms
[64.828s][info][gc,phases   ] GC(1196)   Post Evacuate Collection Set: 3.9ms
[64.829s][info][gc,phases   ] GC(1196)   Other: 0.9ms
[64.830s][info][gc,heap     ] GC(1196) Eden regions: 149->0(150)
[64.830s][info][gc,heap     ] GC(1196) Survivor regions: 4->3(20)
[64.843s][info][gc,heap     ] GC(1196) Old regions: 2->2
[64.845s][info][gc,heap     ] GC(1196) Archive regions: 2->2
[64.845s][info][gc,heap     ] GC(1196) Humongous regions: 0->0
[64.846s][info][gc,metaspace] GC(1196) Metaspace: 615K(832K)->615K(832K) NonClass: 597K(704K)->597K(704K) Class: 17K(128K)->17K(128K)
[64.847s][info][gc          ] GC(1196) Pause Young (Normal) (G1 Evacuation Pause) 154M->5M(256M) 34.295ms
[64.848s][info][gc,cpu      ] GC(1196) User=0.00s Sys=0.01s Real=0.04s
[64.903s][info][gc,start    ] GC(1197) Pause Young (Normal) (G1 Evacuation Pause)
[64.904s][info][gc,task     ] GC(1197) Using 6 workers of 8 for evacuation
[64.909s][info][gc,phases   ] GC(1197)   Pre Evacuate Collection Set: 0.3ms
[64.909s][info][gc,phases   ] GC(1197)   Merge Heap Roots: 0.4ms
[64.910s][info][gc,phases   ] GC(1197)   Evacuate Collection Set: 2.8ms
[64.910s][info][gc,phases   ] GC(1197)   Post Evacuate Collection Set: 1.1ms
[64.911s][info][gc,phases   ] GC(1197)   Other: 0.5ms
[64.911s][info][gc,heap     ] GC(1197) Eden regions: 150->0(149)
[64.912s][info][gc,heap     ] GC(1197) Survivor regions: 3->4(20)
[64.912s][info][gc,heap     ] GC(1197) Old regions: 2->2
[64.913s][info][gc,heap     ] GC(1197) Archive regions: 2->2
[64.913s][info][gc,heap     ] GC(1197) Humongous regions: 0->0
[64.914s][info][gc,metaspace] GC(1197) Metaspace: 615K(832K)->615K(832K) NonClass: 597K(704K)->597K(704K) Class: 17K(128K)->17K(128K)
[64.916s][info][gc          ] GC(1197) Pause Young (Normal) (G1 Evacuation Pause) 155M->6M(256M) 12.449ms
[64.917s][info][gc,cpu      ] GC(1197) User=0.01s Sys=0.01s Real=0.02s
[64.972s][info][gc,start    ] GC(1198) Pause Young (Normal) (G1 Evacuation Pause)
[64.973s][info][gc,task     ] GC(1198) Using 6 workers of 8 for evacuation
[64.978s][info][gc,phases   ] GC(1198)   Pre Evacuate Collection Set: 0.3ms
[64.979s][info][gc,phases   ] GC(1198)   Merge Heap Roots: 0.2ms
[64.979s][info][gc,phases   ] GC(1198)   Evacuate Collection Set: 2.2ms
[64.980s][info][gc,phases   ] GC(1198)   Post Evacuate Collection Set: 1.0ms
[64.981s][info][gc,phases   ] GC(1198)   Other: 1.2ms
[64.982s][info][gc,heap     ] GC(1198) Eden regions: 149->0(149)
[64.983s][info][gc,heap     ] GC(1198) Survivor regions: 4->4(20)
[64.984s][info][gc,heap     ] GC(1198) Old regions: 2->2
[64.985s][info][gc,heap     ] GC(1198) Archive regions: 2->2
[64.985s][info][gc,heap     ] GC(1198) Humongous regions: 0->0
[64.986s][info][gc,metaspace] GC(1198) Metaspace: 615K(832K)->615K(832K) NonClass: 597K(704K)->597K(704K) Class: 17K(128K)->17K(128K)
[64.986s][info][gc          ] GC(1198) Pause Young (Normal) (G1 Evacuation Pause) 155M->5M(256M) 14.142ms
[64.987s][info][gc,cpu      ] GC(1198) User=0.00s Sys=0.01s Real=0.02s
[65.038s][info][gc,start    ] GC(1199) Pause Young (Normal) (G1 Evacuation Pause)
[65.039s][info][gc,task     ] GC(1199) Using 6 workers of 8 for evacuation
[65.042s][info][gc,phases   ] GC(1199)   Pre Evacuate Collection Set: 0.3ms
[65.043s][info][gc,phases   ] GC(1199)   Merge Heap Roots: 0.3ms
[65.044s][info][gc,phases   ] GC(1199)   Evacuate Collection Set: 1.3ms
[65.044s][info][gc,phases   ] GC(1199)   Post Evacuate Collection Set: 1.1ms
[65.045s][info][gc,phases   ] GC(1199)   Other: 0.5ms
[65.046s][info][gc,heap     ] GC(1199) Eden regions: 149->0(150)
[65.046s][info][gc,heap     ] GC(1199) Survivor regions: 4->3(20)
[65.047s][info][gc,heap     ] GC(1199) Old regions: 2->2
[65.048s][info][gc,heap     ] GC(1199) Archive regions: 2->2
[65.049s][info][gc,heap     ] GC(1199) Humongous regions: 0->0
[65.050s][info][gc,metaspace] GC(1199) Metaspace: 615K(832K)->615K(832K) NonClass: 597K(704K)->597K(704K) Class: 17K(128K)->17K(128K)
[65.050s][info][gc          ] GC(1199) Pause Young (Normal) (G1 Evacuation Pause) 154M->5M(256M) 11.765ms
[65.051s][info][gc,cpu      ] GC(1199) User=0.00s Sys=0.00s Real=0.01s
[65.119s][info][gc,start    ] GC(1200) Pause Young (Normal) (G1 Evacuation Pause)
[65.119s][info][gc,task     ] GC(1200) Using 6 workers of 8 for evacuation
[65.123s][info][gc,phases   ] GC(1200)   Pre Evacuate Collection Set: 0.4ms
[65.123s][info][gc,phases   ] GC(1200)   Merge Heap Roots: 0.3ms
[65.124s][info][gc,phases   ] GC(1200)   Evacuate Collection Set: 1.4ms
[65.124s][info][gc,phases   ] GC(1200)   Post Evacuate Collection Set: 1.0ms
[65.125s][info][gc,phases   ] GC(1200)   Other: 0.5ms
[65.126s][info][gc,heap     ] GC(1200) Eden regions: 150->0(149)
[65.126s][info][gc,heap     ] GC(1200) Survivor regions: 3->4(20)
[65.127s][info][gc,heap     ] GC(1200) Old regions: 2->2
[65.127s][info][gc,heap     ] GC(1200) Archive regions: 2->2
[65.128s][info][gc,heap     ] GC(1200) Humongous regions: 0->0
[65.128s][info][gc,metaspace] GC(1200) Metaspace: 615K(832K)->615K(832K) NonClass: 597K(704K)->597K(704K) Class: 17K(128K)->17K(128K)
[65.129s][info][gc          ] GC(1200) Pause Young (Normal) (G1 Evacuation Pause) 155M->6M(256M) 9.937ms
[65.129s][info][gc,cpu      ] GC(1200) User=0.01s Sys=0.00s Real=0.01s
[65.187s][info][gc,start    ] GC(1201) Pause Young (Normal) (G1 Evacuation Pause)
[65.188s][info][gc,task     ] GC(1201) Using 6 workers of 8 for evacuation
[65.192s][info][gc,phases   ] GC(1201)   Pre Evacuate Collection Set: 0.3ms
[65.193s][info][gc,phases   ] GC(1201)   Merge Heap Roots: 0.2ms
[65.193s][info][gc,phases   ] GC(1201)   Evacuate Collection Set: 1.6ms
[65.194s][info][gc,phases   ] GC(1201)   Post Evacuate Collection Set: 1.1ms
[65.194s][info][gc,phases   ] GC(1201)   Other: 0.6ms
[65.194s][info][gc,heap     ] GC(1201) Eden regions: 149->0(149)
[65.195s][info][gc,heap     ] GC(1201) Survivor regions: 4->4(20)
[65.196s][info][gc,heap     ] GC(1201) Old regions: 2->2
[65.197s][info][gc,heap     ] GC(1201) Archive regions: 2->2
[65.198s][info][gc,heap     ] GC(1201) Humongous regions: 0->0
[65.198s][info][gc,metaspace] GC(1201) Metaspace: 615K(832K)->615K(832K) NonClass: 597K(704K)->597K(704K) Class: 17K(128K)->17K(128K)
[65.199s][info][gc          ] GC(1201) Pause Young (Normal) (G1 Evacuation Pause) 155M->6M(256M) 11.840ms
[65.200s][info][gc,cpu      ] GC(1201) User=0.00s Sys=0.00s Real=0.01s
[65.253s][info][gc,start    ] GC(1202) Pause Young (Normal) (G1 Evacuation Pause)
[65.254s][info][gc,task     ] GC(1202) Using 6 workers of 8 for evacuation
[65.257s][info][gc,phases   ] GC(1202)   Pre Evacuate Collection Set: 0.4ms
[65.258s][info][gc,phases   ] GC(1202)   Merge Heap Roots: 0.3ms
[65.258s][info][gc,phases   ] GC(1202)   Evacuate Collection Set: 1.4ms
[65.259s][info][gc,phases   ] GC(1202)   Post Evacuate Collection Set: 1.1ms
[65.260s][info][gc,phases   ] GC(1202)   Other: 0.5ms
[65.260s][info][gc,heap     ] GC(1202) Eden regions: 149->0(149)
[65.261s][info][gc,heap     ] GC(1202) Survivor regions: 4->4(20)
[65.261s][info][gc,heap     ] GC(1202) Old regions: 2->2
[65.261s][info][gc,heap     ] GC(1202) Archive regions: 2->2
[65.262s][info][gc,heap     ] GC(1202) Humongous regions: 0->0
[65.262s][info][gc,metaspace] GC(1202) Metaspace: 615K(832K)->615K(832K) NonClass: 597K(704K)->597K(704K) Class: 17K(128K)->17K(128K)
[65.263s][info][gc          ] GC(1202) Pause Young (Normal) (G1 Evacuation Pause) 155M->5M(256M) 10.041ms
[65.264s][info][gc,cpu      ] GC(1202) User=0.00s Sys=0.01s Real=0.01s
[65.319s][info][gc,start    ] GC(1203) Pause Young (Normal) (G1 Evacuation Pause)
[65.319s][info][gc,task     ] GC(1203) Using 6 workers of 8 for evacuation
[65.323s][info][gc,phases   ] GC(1203)   Pre Evacuate Collection Set: 0.4ms
[65.323s][info][gc,phases   ] GC(1203)   Merge Heap Roots: 0.3ms
[65.324s][info][gc,phases   ] GC(1203)   Evacuate Collection Set: 1.3ms
[65.324s][info][gc,phases   ] GC(1203)   Post Evacuate Collection Set: 1.0ms
[65.325s][info][gc,phases   ] GC(1203)   Other: 0.6ms
[65.326s][info][gc,heap     ] GC(1203) Eden regions: 149->0(150)
[65.326s][info][gc,heap     ] GC(1203) Survivor regions: 4->3(20)
[65.327s][info][gc,heap     ] GC(1203) Old regions: 2->2
[65.327s][info][gc,heap     ] GC(1203) Archive regions: 2->2
[65.328s][info][gc,heap     ] GC(1203) Humongous regions: 0->0
[65.328s][info][gc,metaspace] GC(1203) Metaspace: 615K(832K)->615K(832K) NonClass: 597K(704K)->597K(704K) Class: 17K(128K)->17K(128K)
[65.329s][info][gc          ] GC(1203) Pause Young (Normal) (G1 Evacuation Pause) 154M->5M(256M) 9.903ms
[65.329s][info][gc,cpu      ] GC(1203) User=0.01s Sys=0.00s Real=0.01s
[65.401s][info][gc,start    ] GC(1204) Pause Young (Normal) (G1 Evacuation Pause)
[65.402s][info][gc,task     ] GC(1204) Using 6 workers of 8 for evacuation
[65.405s][info][gc,phases   ] GC(1204)   Pre Evacuate Collection Set: 0.3ms
[65.406s][info][gc,phases   ] GC(1204)   Merge Heap Roots: 0.3ms
[65.406s][info][gc,phases   ] GC(1204)   Evacuate Collection Set: 1.3ms
[65.407s][info][gc,phases   ] GC(1204)   Post Evacuate Collection Set: 1.0ms
[65.407s][info][gc,phases   ] GC(1204)   Other: 0.5ms
[65.408s][info][gc,heap     ] GC(1204) Eden regions: 150->0(149)
[65.408s][info][gc,heap     ] GC(1204) Survivor regions: 3->4(20)
[65.409s][info][gc,heap     ] GC(1204) Old regions: 2->2
[65.409s][info][gc,heap     ] GC(1204) Archive regions: 2->2
[65.410s][info][gc,heap     ] GC(1204) Humongous regions: 0->0
[65.410s][info][gc,metaspace] GC(1204) Metaspace: 615K(832K)->615K(832K) NonClass: 597K(704K)->597K(704K) Class: 17K(128K)->17K(128K)
[65.410s][info][gc          ] GC(1204) Pause Young (Normal) (G1 Evacuation Pause) 155M->6M(256M) 9.618ms
[65.411s][info][gc,cpu      ] GC(1204) User=0.01s Sys=0.00s Real=0.01s
[65.467s][info][gc,start    ] GC(1205) Pause Young (Normal) (G1 Evacuation Pause)
[65.468s][info][gc,task     ] GC(1205) Using 6 workers of 8 for evacuation
[65.471s][info][gc,phases   ] GC(1205)   Pre Evacuate Collection Set: 0.3ms
[65.471s][info][gc,phases   ] GC(1205)   Merge Heap Roots: 0.2ms
[65.472s][info][gc,phases   ] GC(1205)   Evacuate Collection Set: 1.4ms
[65.472s][info][gc,phases   ] GC(1205)   Post Evacuate Collection Set: 0.9ms
[65.473s][info][gc,phases   ] GC(1205)   Other: 0.5ms
[65.474s][info][gc,heap     ] GC(1205) Eden regions: 149->0(149)
[65.474s][info][gc,heap     ] GC(1205) Survivor regions: 4->4(20)
[65.474s][info][gc,heap     ] GC(1205) Old regions: 2->2
[65.475s][info][gc,heap     ] GC(1205) Archive regions: 2->2
[65.476s][info][gc,heap     ] GC(1205) Humongous regions: 0->0
[65.476s][info][gc,metaspace] GC(1205) Metaspace: 615K(832K)->615K(832K) NonClass: 597K(704K)->597K(704K) Class: 17K(128K)->17K(128K)
[65.477s][info][gc          ] GC(1205) Pause Young (Normal) (G1 Evacuation Pause) 155M->5M(256M) 9.395ms
[65.477s][info][gc,cpu      ] GC(1205) User=0.01s Sys=0.00s Real=0.01s
[65.536s][info][gc,start    ] GC(1206) Pause Young (Normal) (G1 Evacuation Pause)
[65.537s][info][gc,task     ] GC(1206) Using 6 workers of 8 for evacuation
[65.540s][info][gc,phases   ] GC(1206)   Pre Evacuate Collection Set: 0.3ms
[65.540s][info][gc,phases   ] GC(1206)   Merge Heap Roots: 0.3ms
[65.541s][info][gc,phases   ] GC(1206)   Evacuate Collection Set: 0.8ms
[65.541s][info][gc,phases   ] GC(1206)   Post Evacuate Collection Set: 1.0ms
[65.542s][info][gc,phases   ] GC(1206)   Other: 0.5ms
[65.543s][info][gc,heap     ] GC(1206) Eden regions: 149->0(149)
[65.543s][info][gc,heap     ] GC(1206) Survivor regions: 4->4(20)
[65.543s][info][gc,heap     ] GC(1206) Old regions: 2->2
[65.544s][info][gc,heap     ] GC(1206) Archive regions: 2->2
[65.544s][info][gc,heap     ] GC(1206) Humongous regions: 0->0
[65.545s][info][gc,metaspace] GC(1206) Metaspace: 615K(832K)->615K(832K) NonClass: 597K(704K)->597K(704K) Class: 17K(128K)->17K(128K)
[65.545s][info][gc          ] GC(1206) Pause Young (Normal) (G1 Evacuation Pause) 154M->5M(256M) 9.050ms
[65.546s][info][gc,cpu      ] GC(1206) User=0.01s Sys=0.00s Real=0.01s
[65.594s][info][gc,start    ] GC(1207) Pause Young (Normal) (G1 Evacuation Pause)
[65.595s][info][gc,task     ] GC(1207) Using 6 workers of 8 for evacuation
[65.601s][info][gc,phases   ] GC(1207)   Pre Evacuate Collection Set: 0.7ms
[65.601s][info][gc,phases   ] GC(1207)   Merge Heap Roots: 0.4ms
[65.602s][info][gc,phases   ] GC(1207)   Evacuate Collection Set: 2.3ms
[65.602s][info][gc,phases   ] GC(1207)   Post Evacuate Collection Set: 1.1ms
[65.602s][info][gc,phases   ] GC(1207)   Other: 1.0ms
[65.603s][info][gc,heap     ] GC(1207) Eden regions: 149->0(150)
[65.603s][info][gc,heap     ] GC(1207) Survivor regions: 4->3(20)
[65.603s][info][gc,heap     ] GC(1207) Old regions: 2->2
[65.604s][info][gc,heap     ] GC(1207) Archive regions: 2->2
[65.604s][info][gc,heap     ] GC(1207) Humongous regions: 0->0
[65.605s][info][gc,metaspace] GC(1207) Metaspace: 615K(832K)->615K(832K) NonClass: 597K(704K)->597K(704K) Class: 17K(128K)->17K(128K)
[65.605s][info][gc          ] GC(1207) Pause Young (Normal) (G1 Evacuation Pause) 154M->5M(256M) 10.656ms
[65.605s][info][gc,cpu      ] GC(1207) User=0.01s Sys=0.01s Real=0.01s
[65.655s][info][gc,start    ] GC(1208) Pause Young (Normal) (G1 Evacuation Pause)
[65.655s][info][gc,task     ] GC(1208) Using 6 workers of 8 for evacuation
[65.659s][info][gc,phases   ] GC(1208)   Pre Evacuate Collection Set: 0.3ms
[65.659s][info][gc,phases   ] GC(1208)   Merge Heap Roots: 0.2ms
[65.660s][info][gc,phases   ] GC(1208)   Evacuate Collection Set: 2.0ms
[65.660s][info][gc,phases   ] GC(1208)   Post Evacuate Collection Set: 1.1ms
[65.661s][info][gc,phases   ] GC(1208)   Other: 0.4ms
[65.661s][info][gc,heap     ] GC(1208) Eden regions: 150->0(149)
[65.661s][info][gc,heap     ] GC(1208) Survivor regions: 3->4(20)
[65.662s][info][gc,heap     ] GC(1208) Old regions: 2->2
[65.662s][info][gc,heap     ] GC(1208) Archive regions: 2->2
[65.663s][info][gc,heap     ] GC(1208) Humongous regions: 0->0
[65.664s][info][gc,metaspace] GC(1208) Metaspace: 615K(832K)->615K(832K) NonClass: 597K(704K)->597K(704K) Class: 17K(128K)->17K(128K)
[65.664s][info][gc          ] GC(1208) Pause Young (Normal) (G1 Evacuation Pause) 155M->5M(256M) 9.862ms
[65.665s][info][gc,cpu      ] GC(1208) User=0.01s Sys=0.00s Real=0.01s
[65.724s][info][gc,start    ] GC(1209) Pause Young (Normal) (G1 Evacuation Pause)
[65.727s][info][gc,task     ] GC(1209) Using 6 workers of 8 for evacuation
[65.732s][info][gc,phases   ] GC(1209)   Pre Evacuate Collection Set: 0.5ms
[65.733s][info][gc,phases   ] GC(1209)   Merge Heap Roots: 0.3ms
[65.733s][info][gc,phases   ] GC(1209)   Evacuate Collection Set: 2.2ms
[65.734s][info][gc,phases   ] GC(1209)   Post Evacuate Collection Set: 1.6ms
[65.734s][info][gc,phases   ] GC(1209)   Other: 0.7ms
[65.735s][info][gc,heap     ] GC(1209) Eden regions: 149->0(149)
[65.735s][info][gc,heap     ] GC(1209) Survivor regions: 4->4(20)
[65.735s][info][gc,heap     ] GC(1209) Old regions: 2->2
[65.736s][info][gc,heap     ] GC(1209) Archive regions: 2->2
[65.736s][info][gc,heap     ] GC(1209) Humongous regions: 0->0
[65.737s][info][gc,metaspace] GC(1209) Metaspace: 615K(832K)->615K(832K) NonClass: 597K(704K)->597K(704K) Class: 17K(128K)->17K(128K)
[65.737s][info][gc          ] GC(1209) Pause Young (Normal) (G1 Evacuation Pause) 154M->5M(256M) 13.558ms
[65.738s][info][gc,cpu      ] GC(1209) User=0.00s Sys=0.02s Real=0.02s
[65.803s][info][gc,start    ] GC(1210) Pause Young (Normal) (G1 Evacuation Pause)
[65.803s][info][gc,task     ] GC(1210) Using 6 workers of 8 for evacuation
[65.807s][info][gc,phases   ] GC(1210)   Pre Evacuate Collection Set: 0.3ms
[65.807s][info][gc,phases   ] GC(1210)   Merge Heap Roots: 0.4ms
[65.808s][info][gc,phases   ] GC(1210)   Evacuate Collection Set: 1.1ms
[65.808s][info][gc,phases   ] GC(1210)   Post Evacuate Collection Set: 0.9ms
[65.809s][info][gc,phases   ] GC(1210)   Other: 0.5ms
[65.809s][info][gc,heap     ] GC(1210) Eden regions: 149->0(150)
[65.810s][info][gc,heap     ] GC(1210) Survivor regions: 4->3(20)
[65.810s][info][gc,heap     ] GC(1210) Old regions: 2->2
[65.811s][info][gc,heap     ] GC(1210) Archive regions: 2->2
[65.811s][info][gc,heap     ] GC(1210) Humongous regions: 0->0
[65.812s][info][gc,metaspace] GC(1210) Metaspace: 615K(832K)->615K(832K) NonClass: 597K(704K)->597K(704K) Class: 17K(128K)->17K(128K)
[65.812s][info][gc          ] GC(1210) Pause Young (Normal) (G1 Evacuation Pause) 154M->5M(256M) 9.119ms
[65.813s][info][gc,cpu      ] GC(1210) User=0.00s Sys=0.00s Real=0.01s
[65.884s][info][gc,start    ] GC(1211) Pause Young (Normal) (G1 Evacuation Pause)
[65.885s][info][gc,task     ] GC(1211) Using 6 workers of 8 for evacuation
[65.890s][info][gc,phases   ] GC(1211)   Pre Evacuate Collection Set: 0.5ms
[65.890s][info][gc,phases   ] GC(1211)   Merge Heap Roots: 0.3ms
[65.892s][info][gc,phases   ] GC(1211)   Evacuate Collection Set: 1.9ms
[65.893s][info][gc,phases   ] GC(1211)   Post Evacuate Collection Set: 1.2ms
[65.894s][info][gc,phases   ] GC(1211)   Other: 1.4ms
[65.895s][info][gc,heap     ] GC(1211) Eden regions: 150->0(149)
[65.895s][info][gc,heap     ] GC(1211) Survivor regions: 3->4(20)
[65.896s][info][gc,heap     ] GC(1211) Old regions: 2->2
[65.897s][info][gc,heap     ] GC(1211) Archive regions: 2->2
[65.897s][info][gc,heap     ] GC(1211) Humongous regions: 0->0
[65.898s][info][gc,metaspace] GC(1211) Metaspace: 615K(832K)->615K(832K) NonClass: 597K(704K)->597K(704K) Class: 17K(128K)->17K(128K)
[65.899s][info][gc          ] GC(1211) Pause Young (Normal) (G1 Evacuation Pause) 155M->6M(256M) 14.608ms
[65.899s][info][gc,cpu      ] GC(1211) User=0.00s Sys=0.01s Real=0.02s
[65.954s][info][gc,start    ] GC(1212) Pause Young (Normal) (G1 Evacuation Pause)
[65.955s][info][gc,task     ] GC(1212) Using 6 workers of 8 for evacuation
[65.962s][info][gc,phases   ] GC(1212)   Pre Evacuate Collection Set: 0.3ms
[65.964s][info][gc,phases   ] GC(1212)   Merge Heap Roots: 0.5ms
[65.964s][info][gc,phases   ] GC(1212)   Evacuate Collection Set: 1.7ms
[65.965s][info][gc,phases   ] GC(1212)   Post Evacuate Collection Set: 4.6ms
[65.965s][info][gc,phases   ] GC(1212)   Other: 0.6ms
[65.967s][info][gc,heap     ] GC(1212) Eden regions: 149->0(149)
[65.967s][info][gc,heap     ] GC(1212) Survivor regions: 4->4(20)
[65.968s][info][gc,heap     ] GC(1212) Old regions: 2->2
[65.968s][info][gc,heap     ] GC(1212) Archive regions: 2->2
[65.968s][info][gc,heap     ] GC(1212) Humongous regions: 0->0
[65.969s][info][gc,metaspace] GC(1212) Metaspace: 615K(832K)->615K(832K) NonClass: 597K(704K)->597K(704K) Class: 17K(128K)->17K(128K)
[65.969s][info][gc          ] GC(1212) Pause Young (Normal) (G1 Evacuation Pause) 155M->5M(256M) 15.192ms
[65.970s][info][gc,cpu      ] GC(1212) User=0.02s Sys=0.00s Real=0.02s
[66.028s][info][gc,start    ] GC(1213) Pause Young (Normal) (G1 Evacuation Pause)
[66.029s][info][gc,task     ] GC(1213) Using 6 workers of 8 for evacuation
[66.036s][info][gc,phases   ] GC(1213)   Pre Evacuate Collection Set: 0.6ms
[66.036s][info][gc,phases   ] GC(1213)   Merge Heap Roots: 0.4ms
[66.037s][info][gc,phases   ] GC(1213)   Evacuate Collection Set: 4.0ms
[66.037s][info][gc,phases   ] GC(1213)   Post Evacuate Collection Set: 1.1ms
[66.037s][info][gc,phases   ] GC(1213)   Other: 0.7ms
[66.038s][info][gc,heap     ] GC(1213) Eden regions: 149->0(149)
[66.038s][info][gc,heap     ] GC(1213) Survivor regions: 4->4(20)
[66.038s][info][gc,heap     ] GC(1213) Old regions: 2->2
[66.039s][info][gc,heap     ] GC(1213) Archive regions: 2->2
[66.039s][info][gc,heap     ] GC(1213) Humongous regions: 0->0
[66.039s][info][gc,metaspace] GC(1213) Metaspace: 615K(832K)->615K(832K) NonClass: 597K(704K)->597K(704K) Class: 17K(128K)->17K(128K)
[66.040s][info][gc          ] GC(1213) Pause Young (Normal) (G1 Evacuation Pause) 154M->5M(256M) 11.648ms
[66.040s][info][gc,cpu      ] GC(1213) User=0.02s Sys=0.00s Real=0.01s
[66.103s][info][gc,start    ] GC(1214) Pause Young (Normal) (G1 Evacuation Pause)
[66.103s][info][gc,task     ] GC(1214) Using 6 workers of 8 for evacuation
[66.106s][info][gc,phases   ] GC(1214)   Pre Evacuate Collection Set: 0.3ms
[66.107s][info][gc,phases   ] GC(1214)   Merge Heap Roots: 0.2ms
[66.107s][info][gc,phases   ] GC(1214)   Evacuate Collection Set: 0.7ms
[66.107s][info][gc,phases   ] GC(1214)   Post Evacuate Collection Set: 1.3ms
[66.108s][info][gc,phases   ] GC(1214)   Other: 0.5ms
[66.108s][info][gc,heap     ] GC(1214) Eden regions: 149->0(150)
[66.109s][info][gc,heap     ] GC(1214) Survivor regions: 4->3(20)
[66.109s][info][gc,heap     ] GC(1214) Old regions: 2->2
[66.110s][info][gc,heap     ] GC(1214) Archive regions: 2->2
[66.110s][info][gc,heap     ] GC(1214) Humongous regions: 0->0
[66.110s][info][gc,metaspace] GC(1214) Metaspace: 615K(832K)->615K(832K) NonClass: 597K(704K)->597K(704K) Class: 17K(128K)->17K(128K)
[66.111s][info][gc          ] GC(1214) Pause Young (Normal) (G1 Evacuation Pause) 154M->5M(256M) 8.358ms
[66.111s][info][gc,cpu      ] GC(1214) User=0.00s Sys=0.00s Real=0.01s
[66.167s][info][gc,start    ] GC(1215) Pause Young (Normal) (G1 Evacuation Pause)
[66.168s][info][gc,task     ] GC(1215) Using 6 workers of 8 for evacuation
[66.172s][info][gc,phases   ] GC(1215)   Pre Evacuate Collection Set: 0.4ms
[66.172s][info][gc,phases   ] GC(1215)   Merge Heap Roots: 0.2ms
[66.173s][info][gc,phases   ] GC(1215)   Evacuate Collection Set: 1.4ms
[66.173s][info][gc,phases   ] GC(1215)   Post Evacuate Collection Set: 1.0ms
[66.173s][info][gc,phases   ] GC(1215)   Other: 0.5ms
[66.174s][info][gc,heap     ] GC(1215) Eden regions: 150->0(149)
[66.174s][info][gc,heap     ] GC(1215) Survivor regions: 3->4(20)
[66.175s][info][gc,heap     ] GC(1215) Old regions: 2->2
[66.176s][info][gc,heap     ] GC(1215) Archive regions: 2->2
[66.176s][info][gc,heap     ] GC(1215) Humongous regions: 0->0
[66.177s][info][gc,metaspace] GC(1215) Metaspace: 615K(832K)->615K(832K) NonClass: 597K(704K)->597K(704K) Class: 17K(128K)->17K(128K)
[66.177s][info][gc          ] GC(1215) Pause Young (Normal) (G1 Evacuation Pause) 155M->5M(256M) 9.742ms
[66.177s][info][gc,cpu      ] GC(1215) User=0.01s Sys=0.00s Real=0.01s
[66.234s][info][gc,start    ] GC(1216) Pause Young (Normal) (G1 Evacuation Pause)
[66.234s][info][gc,task     ] GC(1216) Using 6 workers of 8 for evacuation
[66.237s][info][gc,phases   ] GC(1216)   Pre Evacuate Collection Set: 0.3ms
[66.238s][info][gc,phases   ] GC(1216)   Merge Heap Roots: 0.3ms
[66.238s][info][gc,phases   ] GC(1216)   Evacuate Collection Set: 0.9ms
[66.239s][info][gc,phases   ] GC(1216)   Post Evacuate Collection Set: 0.9ms
[66.239s][info][gc,phases   ] GC(1216)   Other: 0.6ms
[66.240s][info][gc,heap     ] GC(1216) Eden regions: 149->0(149)
[66.240s][info][gc,heap     ] GC(1216) Survivor regions: 4->4(20)
[66.240s][info][gc,heap     ] GC(1216) Old regions: 2->2
[66.241s][info][gc,heap     ] GC(1216) Archive regions: 2->2
[66.241s][info][gc,heap     ] GC(1216) Humongous regions: 0->0
[66.242s][info][gc,metaspace] GC(1216) Metaspace: 615K(832K)->615K(832K) NonClass: 597K(704K)->597K(704K) Class: 17K(128K)->17K(128K)
[66.242s][info][gc          ] GC(1216) Pause Young (Normal) (G1 Evacuation Pause) 154M->5M(256M) 8.798ms
[66.243s][info][gc,cpu      ] GC(1216) User=0.00s Sys=0.01s Real=0.01s
[66.294s][info][gc,start    ] GC(1217) Pause Young (Normal) (G1 Evacuation Pause)
[66.294s][info][gc,task     ] GC(1217) Using 6 workers of 8 for evacuation
[66.300s][info][gc,phases   ] GC(1217)   Pre Evacuate Collection Set: 0.4ms
[66.301s][info][gc,phases   ] GC(1217)   Merge Heap Roots: 0.3ms
[66.301s][info][gc,phases   ] GC(1217)   Evacuate Collection Set: 2.7ms
[66.301s][info][gc,phases   ] GC(1217)   Post Evacuate Collection Set: 1.7ms
[66.302s][info][gc,phases   ] GC(1217)   Other: 0.6ms
[66.302s][info][gc,heap     ] GC(1217) Eden regions: 149->0(150)
[66.302s][info][gc,heap     ] GC(1217) Survivor regions: 4->3(20)
[66.303s][info][gc,heap     ] GC(1217) Old regions: 2->2
[66.303s][info][gc,heap     ] GC(1217) Archive regions: 2->2
[66.304s][info][gc,heap     ] GC(1217) Humongous regions: 0->0
[66.304s][info][gc,metaspace] GC(1217) Metaspace: 615K(832K)->615K(832K) NonClass: 597K(704K)->597K(704K) Class: 17K(128K)->17K(128K)
[66.304s][info][gc          ] GC(1217) Pause Young (Normal) (G1 Evacuation Pause) 154M->5M(256M) 10.680ms
[66.305s][info][gc,cpu      ] GC(1217) User=0.00s Sys=0.02s Real=0.01s
[66.353s][info][gc,start    ] GC(1218) Pause Young (Normal) (G1 Evacuation Pause)
[66.354s][info][gc,task     ] GC(1218) Using 6 workers of 8 for evacuation
[66.357s][info][gc,phases   ] GC(1218)   Pre Evacuate Collection Set: 0.3ms
[66.358s][info][gc,phases   ] GC(1218)   Merge Heap Roots: 0.2ms
[66.358s][info][gc,phases   ] GC(1218)   Evacuate Collection Set: 1.3ms
[66.361s][info][gc,phases   ] GC(1218)   Post Evacuate Collection Set: 1.1ms
[66.361s][info][gc,phases   ] GC(1218)   Other: 0.5ms
[66.362s][info][gc,heap     ] GC(1218) Eden regions: 150->0(149)
[66.362s][info][gc,heap     ] GC(1218) Survivor regions: 3->4(20)
[66.363s][info][gc,heap     ] GC(1218) Old regions: 2->2
[66.365s][info][gc,heap     ] GC(1218) Archive regions: 2->2
[66.366s][info][gc,heap     ] GC(1218) Humongous regions: 0->0
[66.367s][info][gc,metaspace] GC(1218) Metaspace: 615K(832K)->615K(832K) NonClass: 597K(704K)->597K(704K) Class: 17K(128K)->17K(128K)
[66.367s][info][gc          ] GC(1218) Pause Young (Normal) (G1 Evacuation Pause) 155M->6M(256M) 14.189ms
[66.368s][info][gc,cpu      ] GC(1218) User=0.00s Sys=0.01s Real=0.02s
[66.423s][info][gc,start    ] GC(1219) Pause Young (Normal) (G1 Evacuation Pause)
[66.424s][info][gc,task     ] GC(1219) Using 6 workers of 8 for evacuation
[66.428s][info][gc,phases   ] GC(1219)   Pre Evacuate Collection Set: 0.3ms
[66.428s][info][gc,phases   ] GC(1219)   Merge Heap Roots: 0.3ms
[66.429s][info][gc,phases   ] GC(1219)   Evacuate Collection Set: 1.3ms
[66.429s][info][gc,phases   ] GC(1219)   Post Evacuate Collection Set: 1.1ms
[66.430s][info][gc,phases   ] GC(1219)   Other: 0.6ms
[66.430s][info][gc,heap     ] GC(1219) Eden regions: 149->0(149)
[66.431s][info][gc,heap     ] GC(1219) Survivor regions: 4->4(20)
[66.432s][info][gc,heap     ] GC(1219) Old regions: 2->2
[66.432s][info][gc,heap     ] GC(1219) Archive regions: 2->2
[66.432s][info][gc,heap     ] GC(1219) Humongous regions: 0->0
[66.433s][info][gc,metaspace] GC(1219) Metaspace: 615K(832K)->615K(832K) NonClass: 597K(704K)->597K(704K) Class: 17K(128K)->17K(128K)
[66.433s][info][gc          ] GC(1219) Pause Young (Normal) (G1 Evacuation Pause) 155M->5M(256M) 9.914ms
[66.434s][info][gc,cpu      ] GC(1219) User=0.01s Sys=0.00s Real=0.01s
[66.484s][info][gc,start    ] GC(1220) Pause Young (Normal) (G1 Evacuation Pause)
[66.484s][info][gc,task     ] GC(1220) Using 6 workers of 8 for evacuation
[66.488s][info][gc,phases   ] GC(1220)   Pre Evacuate Collection Set: 0.3ms
[66.488s][info][gc,phases   ] GC(1220)   Merge Heap Roots: 0.3ms
[66.488s][info][gc,phases   ] GC(1220)   Evacuate Collection Set: 1.2ms
[66.489s][info][gc,phases   ] GC(1220)   Post Evacuate Collection Set: 1.0ms
[66.489s][info][gc,phases   ] GC(1220)   Other: 0.5ms
[66.490s][info][gc,heap     ] GC(1220) Eden regions: 149->0(150)
[66.490s][info][gc,heap     ] GC(1220) Survivor regions: 4->3(20)
[66.490s][info][gc,heap     ] GC(1220) Old regions: 2->2
[66.491s][info][gc,heap     ] GC(1220) Archive regions: 2->2
[66.491s][info][gc,heap     ] GC(1220) Humongous regions: 0->0
[66.491s][info][gc,metaspace] GC(1220) Metaspace: 615K(832K)->615K(832K) NonClass: 597K(704K)->597K(704K) Class: 17K(128K)->17K(128K)
[66.492s][info][gc          ] GC(1220) Pause Young (Normal) (G1 Evacuation Pause) 154M->5M(256M) 7.919ms
[66.492s][info][gc,cpu      ] GC(1220) User=0.01s Sys=0.00s Real=0.01s
[66.542s][info][gc,start    ] GC(1221) Pause Young (Normal) (G1 Evacuation Pause)
[66.542s][info][gc,task     ] GC(1221) Using 6 workers of 8 for evacuation
[66.545s][info][gc,phases   ] GC(1221)   Pre Evacuate Collection Set: 0.3ms
[66.547s][info][gc,phases   ] GC(1221)   Merge Heap Roots: 0.2ms
[66.547s][info][gc,phases   ] GC(1221)   Evacuate Collection Set: 1.2ms
[66.548s][info][gc,phases   ] GC(1221)   Post Evacuate Collection Set: 0.8ms
[66.548s][info][gc,phases   ] GC(1221)   Other: 0.5ms
[66.549s][info][gc,heap     ] GC(1221) Eden regions: 150->0(149)
[66.549s][info][gc,heap     ] GC(1221) Survivor regions: 3->4(20)
[66.550s][info][gc,heap     ] GC(1221) Old regions: 2->2
[66.550s][info][gc,heap     ] GC(1221) Archive regions: 2->2
[66.551s][info][gc,heap     ] GC(1221) Humongous regions: 0->0
[66.551s][info][gc,metaspace] GC(1221) Metaspace: 615K(832K)->615K(832K) NonClass: 597K(704K)->597K(704K) Class: 17K(128K)->17K(128K)
[66.551s][info][gc          ] GC(1221) Pause Young (Normal) (G1 Evacuation Pause) 155M->6M(256M) 9.562ms
[66.552s][info][gc,cpu      ] GC(1221) User=0.00s Sys=0.00s Real=0.01s
[66.598s][info][gc,start    ] GC(1222) Pause Young (Normal) (G1 Evacuation Pause)
[66.599s][info][gc,task     ] GC(1222) Using 6 workers of 8 for evacuation
[66.602s][info][gc,phases   ] GC(1222)   Pre Evacuate Collection Set: 0.2ms
[66.602s][info][gc,phases   ] GC(1222)   Merge Heap Roots: 0.2ms
[66.602s][info][gc,phases   ] GC(1222)   Evacuate Collection Set: 1.0ms
[66.603s][info][gc,phases   ] GC(1222)   Post Evacuate Collection Set: 0.8ms
[66.603s][info][gc,phases   ] GC(1222)   Other: 0.6ms
[66.603s][info][gc,heap     ] GC(1222) Eden regions: 149->0(149)
[66.604s][info][gc,heap     ] GC(1222) Survivor regions: 4->4(20)
[66.604s][info][gc,heap     ] GC(1222) Old regions: 2->2
[66.604s][info][gc,heap     ] GC(1222) Archive regions: 2->2
[66.605s][info][gc,heap     ] GC(1222) Humongous regions: 0->0
[66.605s][info][gc,metaspace] GC(1222) Metaspace: 615K(832K)->615K(832K) NonClass: 597K(704K)->597K(704K) Class: 17K(128K)->17K(128K)
[66.606s][info][gc          ] GC(1222) Pause Young (Normal) (G1 Evacuation Pause) 155M->6M(256M) 7.475ms
[66.606s][info][gc,cpu      ] GC(1222) User=0.01s Sys=0.00s Real=0.00s
[66.655s][info][gc,start    ] GC(1223) Pause Young (Normal) (G1 Evacuation Pause)
[66.656s][info][gc,task     ] GC(1223) Using 6 workers of 8 for evacuation
[66.660s][info][gc,phases   ] GC(1223)   Pre Evacuate Collection Set: 0.5ms
[66.661s][info][gc,phases   ] GC(1223)   Merge Heap Roots: 0.4ms
[66.661s][info][gc,phases   ] GC(1223)   Evacuate Collection Set: 1.6ms
[66.662s][info][gc,phases   ] GC(1223)   Post Evacuate Collection Set: 0.9ms
[66.662s][info][gc,phases   ] GC(1223)   Other: 1.3ms
[66.662s][info][gc,heap     ] GC(1223) Eden regions: 149->0(149)
[66.663s][info][gc,heap     ] GC(1223) Survivor regions: 4->4(20)
[66.663s][info][gc,heap     ] GC(1223) Old regions: 2->2
[66.664s][info][gc,heap     ] GC(1223) Archive regions: 2->2
[66.665s][info][gc,heap     ] GC(1223) Humongous regions: 0->0
[66.665s][info][gc,metaspace] GC(1223) Metaspace: 615K(832K)->615K(832K) NonClass: 597K(704K)->597K(704K) Class: 17K(128K)->17K(128K)
[66.666s][info][gc          ] GC(1223) Pause Young (Normal) (G1 Evacuation Pause) 155M->5M(256M) 10.444ms
[66.666s][info][gc,cpu      ] GC(1223) User=0.00s Sys=0.00s Real=0.01s
[66.712s][info][gc,start    ] GC(1224) Pause Young (Normal) (G1 Evacuation Pause)
[66.713s][info][gc,task     ] GC(1224) Using 6 workers of 8 for evacuation
[66.718s][info][gc,phases   ] GC(1224)   Pre Evacuate Collection Set: 0.7ms
[66.719s][info][gc,phases   ] GC(1224)   Merge Heap Roots: 0.5ms
[66.719s][info][gc,phases   ] GC(1224)   Evacuate Collection Set: 2.3ms
[66.719s][info][gc,phases   ] GC(1224)   Post Evacuate Collection Set: 1.2ms
[66.720s][info][gc,phases   ] GC(1224)   Other: 0.9ms
[66.721s][info][gc,heap     ] GC(1224) Eden regions: 149->0(150)
[66.721s][info][gc,heap     ] GC(1224) Survivor regions: 4->3(20)
[66.721s][info][gc,heap     ] GC(1224) Old regions: 2->2
[66.722s][info][gc,heap     ] GC(1224) Archive regions: 2->2
[66.722s][info][gc,heap     ] GC(1224) Humongous regions: 0->0
[66.722s][info][gc,metaspace] GC(1224) Metaspace: 615K(832K)->615K(832K) NonClass: 597K(704K)->597K(704K) Class: 17K(128K)->17K(128K)
[66.723s][info][gc          ] GC(1224) Pause Young (Normal) (G1 Evacuation Pause) 154M->5M(256M) 10.867ms
[66.723s][info][gc,cpu      ] GC(1224) User=0.00s Sys=0.01s Real=0.01s
[66.801s][info][gc,start    ] GC(1225) Pause Young (Normal) (G1 Evacuation Pause)
[66.802s][info][gc,task     ] GC(1225) Using 6 workers of 8 for evacuation
[66.805s][info][gc,phases   ] GC(1225)   Pre Evacuate Collection Set: 0.3ms
[66.807s][info][gc,phases   ] GC(1225)   Merge Heap Roots: 0.2ms
[66.807s][info][gc,phases   ] GC(1225)   Evacuate Collection Set: 0.9ms
[66.808s][info][gc,phases   ] GC(1225)   Post Evacuate Collection Set: 1.0ms
[66.809s][info][gc,phases   ] GC(1225)   Other: 0.5ms
[66.810s][info][gc,heap     ] GC(1225) Eden regions: 150->0(149)
[66.810s][info][gc,heap     ] GC(1225) Survivor regions: 3->4(20)
[66.811s][info][gc,heap     ] GC(1225) Old regions: 2->2
[66.811s][info][gc,heap     ] GC(1225) Archive regions: 2->2
[66.812s][info][gc,heap     ] GC(1225) Humongous regions: 0->0
[66.813s][info][gc,metaspace] GC(1225) Metaspace: 615K(832K)->615K(832K) NonClass: 597K(704K)->597K(704K) Class: 17K(128K)->17K(128K)
[66.814s][info][gc          ] GC(1225) Pause Young (Normal) (G1 Evacuation Pause) 155M->6M(256M) 12.469ms
[66.815s][info][gc,cpu      ] GC(1225) User=0.01s Sys=0.01s Real=0.01s
[66.871s][info][gc,start    ] GC(1226) Pause Young (Normal) (G1 Evacuation Pause)
[66.872s][info][gc,task     ] GC(1226) Using 6 workers of 8 for evacuation
[66.876s][info][gc,phases   ] GC(1226)   Pre Evacuate Collection Set: 0.6ms
[66.876s][info][gc,phases   ] GC(1226)   Merge Heap Roots: 0.5ms
[66.877s][info][gc,phases   ] GC(1226)   Evacuate Collection Set: 0.9ms
[66.877s][info][gc,phases   ] GC(1226)   Post Evacuate Collection Set: 1.3ms
[66.878s][info][gc,phases   ] GC(1226)   Other: 0.8ms
[66.878s][info][gc,heap     ] GC(1226) Eden regions: 149->0(149)
[66.879s][info][gc,heap     ] GC(1226) Survivor regions: 4->4(20)
[66.879s][info][gc,heap     ] GC(1226) Old regions: 2->2
[66.880s][info][gc,heap     ] GC(1226) Archive regions: 2->2
[66.881s][info][gc,heap     ] GC(1226) Humongous regions: 0->0
[66.883s][info][gc,metaspace] GC(1226) Metaspace: 615K(832K)->615K(832K) NonClass: 597K(704K)->597K(704K) Class: 17K(128K)->17K(128K)
[66.884s][info][gc          ] GC(1226) Pause Young (Normal) (G1 Evacuation Pause) 155M->5M(256M) 12.634ms
[66.885s][info][gc,cpu      ] GC(1226) User=0.01s Sys=0.00s Real=0.01s
[66.938s][info][gc,start    ] GC(1227) Pause Young (Normal) (G1 Evacuation Pause)
[66.938s][info][gc,task     ] GC(1227) Using 6 workers of 8 for evacuation
[66.943s][info][gc,phases   ] GC(1227)   Pre Evacuate Collection Set: 0.4ms
[66.944s][info][gc,phases   ] GC(1227)   Merge Heap Roots: 0.2ms
[66.944s][info][gc,phases   ] GC(1227)   Evacuate Collection Set: 2.1ms
[66.944s][info][gc,phases   ] GC(1227)   Post Evacuate Collection Set: 1.0ms
[66.945s][info][gc,phases   ] GC(1227)   Other: 0.6ms
[66.946s][info][gc,heap     ] GC(1227) Eden regions: 149->0(150)
[66.947s][info][gc,heap     ] GC(1227) Survivor regions: 4->3(20)
[66.948s][info][gc,heap     ] GC(1227) Old regions: 2->2
[66.949s][info][gc,heap     ] GC(1227) Archive regions: 2->2
[66.950s][info][gc,heap     ] GC(1227) Humongous regions: 0->0
[66.950s][info][gc,metaspace] GC(1227) Metaspace: 615K(832K)->615K(832K) NonClass: 597K(704K)->597K(704K) Class: 17K(128K)->17K(128K)
[66.951s][info][gc          ] GC(1227) Pause Young (Normal) (G1 Evacuation Pause) 154M->5M(256M) 12.555ms
[66.951s][info][gc,cpu      ] GC(1227) User=0.00s Sys=0.00s Real=0.01s
[67.017s][info][gc,start    ] GC(1228) Pause Young (Normal) (G1 Evacuation Pause)
[67.048s][info][gc,task     ] GC(1228) Using 6 workers of 8 for evacuation
[67.091s][info][gc,phases   ] GC(1228)   Pre Evacuate Collection Set: 0.3ms
[67.092s][info][gc,phases   ] GC(1228)   Merge Heap Roots: 0.4ms
[67.092s][info][gc,phases   ] GC(1228)   Evacuate Collection Set: 21.6ms
[67.093s][info][gc,phases   ] GC(1228)   Post Evacuate Collection Set: 1.0ms
[67.094s][info][gc,phases   ] GC(1228)   Other: 19.4ms
[67.094s][info][gc,heap     ] GC(1228) Eden regions: 150->0(149)
[67.096s][info][gc,heap     ] GC(1228) Survivor regions: 3->4(20)
[67.096s][info][gc,heap     ] GC(1228) Old regions: 2->2
[67.097s][info][gc,heap     ] GC(1228) Archive regions: 2->2
[67.097s][info][gc,heap     ] GC(1228) Humongous regions: 0->0
[67.098s][info][gc,metaspace] GC(1228) Metaspace: 615K(832K)->615K(832K) NonClass: 597K(704K)->597K(704K) Class: 17K(128K)->17K(128K)
[67.098s][info][gc          ] GC(1228) Pause Young (Normal) (G1 Evacuation Pause) 155M->6M(256M) 80.967ms
[67.099s][info][gc,cpu      ] GC(1228) User=0.05s Sys=0.00s Real=0.08s
[67.154s][info][gc,start    ] GC(1229) Pause Young (Normal) (G1 Evacuation Pause)
[67.154s][info][gc,task     ] GC(1229) Using 6 workers of 8 for evacuation
[67.159s][info][gc,phases   ] GC(1229)   Pre Evacuate Collection Set: 0.3ms
[67.159s][info][gc,phases   ] GC(1229)   Merge Heap Roots: 0.3ms
[67.160s][info][gc,phases   ] GC(1229)   Evacuate Collection Set: 2.3ms
[67.161s][info][gc,phases   ] GC(1229)   Post Evacuate Collection Set: 0.9ms
[67.162s][info][gc,phases   ] GC(1229)   Other: 0.6ms
[67.163s][info][gc,heap     ] GC(1229) Eden regions: 149->0(149)
[67.164s][info][gc,heap     ] GC(1229) Survivor regions: 4->4(20)
[67.165s][info][gc,heap     ] GC(1229) Old regions: 2->2
[67.165s][info][gc,heap     ] GC(1229) Archive regions: 2->2
[67.166s][info][gc,heap     ] GC(1229) Humongous regions: 0->0
[67.166s][info][gc,metaspace] GC(1229) Metaspace: 615K(832K)->615K(832K) NonClass: 597K(704K)->597K(704K) Class: 17K(128K)->17K(128K)
[67.166s][info][gc          ] GC(1229) Pause Young (Normal) (G1 Evacuation Pause) 155M->5M(256M) 12.601ms
[67.167s][info][gc,cpu      ] GC(1229) User=0.01s Sys=0.00s Real=0.02s
[67.221s][info][gc,start    ] GC(1230) Pause Young (Normal) (G1 Evacuation Pause)
[67.222s][info][gc,task     ] GC(1230) Using 6 workers of 8 for evacuation
[67.228s][info][gc,phases   ] GC(1230)   Pre Evacuate Collection Set: 0.3ms
[67.229s][info][gc,phases   ] GC(1230)   Merge Heap Roots: 0.3ms
[67.230s][info][gc,phases   ] GC(1230)   Evacuate Collection Set: 1.6ms
[67.230s][info][gc,phases   ] GC(1230)   Post Evacuate Collection Set: 1.9ms
[67.231s][info][gc,phases   ] GC(1230)   Other: 1.7ms
[67.231s][info][gc,heap     ] GC(1230) Eden regions: 149->0(149)
[67.232s][info][gc,heap     ] GC(1230) Survivor regions: 4->4(20)
[67.232s][info][gc,heap     ] GC(1230) Old regions: 2->2
[67.233s][info][gc,heap     ] GC(1230) Archive regions: 2->2
[67.233s][info][gc,heap     ] GC(1230) Humongous regions: 0->0
[67.234s][info][gc,metaspace] GC(1230) Metaspace: 615K(832K)->615K(832K) NonClass: 597K(704K)->597K(704K) Class: 17K(128K)->17K(128K)
[67.234s][info][gc          ] GC(1230) Pause Young (Normal) (G1 Evacuation Pause) 154M->5M(256M) 12.865ms
[67.235s][info][gc,cpu      ] GC(1230) User=0.01s Sys=0.00s Real=0.01s
[67.292s][info][gc,start    ] GC(1231) Pause Young (Normal) (G1 Evacuation Pause)
[67.293s][info][gc,task     ] GC(1231) Using 6 workers of 8 for evacuation
[67.299s][info][gc,phases   ] GC(1231)   Pre Evacuate Collection Set: 0.5ms
[67.300s][info][gc,phases   ] GC(1231)   Merge Heap Roots: 0.3ms
[67.300s][info][gc,phases   ] GC(1231)   Evacuate Collection Set: 2.3ms
[67.301s][info][gc,phases   ] GC(1231)   Post Evacuate Collection Set: 0.9ms
[67.301s][info][gc,phases   ] GC(1231)   Other: 1.8ms
[67.301s][info][gc,heap     ] GC(1231) Eden regions: 149->0(150)
[67.302s][info][gc,heap     ] GC(1231) Survivor regions: 4->3(20)
[67.302s][info][gc,heap     ] GC(1231) Old regions: 2->2
[67.303s][info][gc,heap     ] GC(1231) Archive regions: 2->2
[67.303s][info][gc,heap     ] GC(1231) Humongous regions: 0->0
[67.304s][info][gc,metaspace] GC(1231) Metaspace: 615K(832K)->615K(832K) NonClass: 597K(704K)->597K(704K) Class: 17K(128K)->17K(128K)
[67.304s][info][gc          ] GC(1231) Pause Young (Normal) (G1 Evacuation Pause) 154M->5M(256M) 11.449ms
[67.304s][info][gc,cpu      ] GC(1231) User=0.01s Sys=0.00s Real=0.01s
[67.366s][info][gc,start    ] GC(1232) Pause Young (Normal) (G1 Evacuation Pause)
[67.366s][info][gc,task     ] GC(1232) Using 6 workers of 8 for evacuation
[67.379s][info][gc,phases   ] GC(1232)   Pre Evacuate Collection Set: 0.4ms
[67.381s][info][gc,phases   ] GC(1232)   Merge Heap Roots: 0.4ms
[67.383s][info][gc,phases   ] GC(1232)   Evacuate Collection Set: 9.6ms
[67.383s][info][gc,phases   ] GC(1232)   Post Evacuate Collection Set: 1.8ms
[67.384s][info][gc,phases   ] GC(1232)   Other: 0.9ms
[67.385s][info][gc,heap     ] GC(1232) Eden regions: 150->0(149)
[67.385s][info][gc,heap     ] GC(1232) Survivor regions: 3->4(20)
[67.385s][info][gc,heap     ] GC(1232) Old regions: 2->2
[67.386s][info][gc,heap     ] GC(1232) Archive regions: 2->2
[67.387s][info][gc,heap     ] GC(1232) Humongous regions: 0->0
[67.387s][info][gc,metaspace] GC(1232) Metaspace: 615K(832K)->615K(832K) NonClass: 597K(704K)->597K(704K) Class: 17K(128K)->17K(128K)
[67.387s][info][gc          ] GC(1232) Pause Young (Normal) (G1 Evacuation Pause) 155M->6M(256M) 21.874ms
[67.388s][info][gc,cpu      ] GC(1232) User=0.02s Sys=0.00s Real=0.03s
[67.444s][info][gc,start    ] GC(1233) Pause Young (Normal) (G1 Evacuation Pause)
[67.445s][info][gc,task     ] GC(1233) Using 6 workers of 8 for evacuation
[67.459s][info][gc,phases   ] GC(1233)   Pre Evacuate Collection Set: 0.9ms
[67.468s][info][gc,phases   ] GC(1233)   Merge Heap Roots: 6.0ms
[67.470s][info][gc,phases   ] GC(1233)   Evacuate Collection Set: 2.3ms
[67.472s][info][gc,phases   ] GC(1233)   Post Evacuate Collection Set: 1.1ms
[67.481s][info][gc,phases   ] GC(1233)   Other: 3.5ms
[67.486s][info][gc,heap     ] GC(1233) Eden regions: 149->0(149)
[67.490s][info][gc,heap     ] GC(1233) Survivor regions: 4->4(20)
[67.494s][info][gc,heap     ] GC(1233) Old regions: 2->2
[67.499s][info][gc,heap     ] GC(1233) Archive regions: 2->2
[67.501s][info][gc,heap     ] GC(1233) Humongous regions: 0->0
[67.504s][info][gc,metaspace] GC(1233) Metaspace: 615K(832K)->615K(832K) NonClass: 597K(704K)->597K(704K) Class: 17K(128K)->17K(128K)
[67.505s][info][gc          ] GC(1233) Pause Young (Normal) (G1 Evacuation Pause) 155M->6M(256M) 61.222ms
[67.509s][info][gc,cpu      ] GC(1233) User=0.01s Sys=0.00s Real=0.07s
[67.567s][info][gc,start    ] GC(1234) Pause Young (Normal) (G1 Evacuation Pause)
[67.568s][info][gc,task     ] GC(1234) Using 6 workers of 8 for evacuation
[67.579s][info][gc,phases   ] GC(1234)   Pre Evacuate Collection Set: 0.6ms
[67.579s][info][gc,phases   ] GC(1234)   Merge Heap Roots: 0.5ms
[67.580s][info][gc,phases   ] GC(1234)   Evacuate Collection Set: 1.2ms
[67.580s][info][gc,phases   ] GC(1234)   Post Evacuate Collection Set: 7.1ms
[67.581s][info][gc,phases   ] GC(1234)   Other: 1.3ms
[67.581s][info][gc,heap     ] GC(1234) Eden regions: 149->0(150)
[67.582s][info][gc,heap     ] GC(1234) Survivor regions: 4->3(20)
[67.582s][info][gc,heap     ] GC(1234) Old regions: 2->2
[67.582s][info][gc,heap     ] GC(1234) Archive regions: 2->2
[67.583s][info][gc,heap     ] GC(1234) Humongous regions: 0->0
[67.583s][info][gc,metaspace] GC(1234) Metaspace: 615K(832K)->615K(832K) NonClass: 597K(704K)->597K(704K) Class: 17K(128K)->17K(128K)
[67.584s][info][gc          ] GC(1234) Pause Young (Normal) (G1 Evacuation Pause) 155M->5M(256M) 16.516ms
[67.584s][info][gc,cpu      ] GC(1234) User=0.00s Sys=0.01s Real=0.01s
[67.651s][info][gc,start    ] GC(1235) Pause Young (Normal) (G1 Evacuation Pause)
[67.652s][info][gc,task     ] GC(1235) Using 6 workers of 8 for evacuation
[67.664s][info][gc,phases   ] GC(1235)   Pre Evacuate Collection Set: 0.4ms
[67.664s][info][gc,phases   ] GC(1235)   Merge Heap Roots: 0.4ms
[67.665s][info][gc,phases   ] GC(1235)   Evacuate Collection Set: 9.0ms
[67.666s][info][gc,phases   ] GC(1235)   Post Evacuate Collection Set: 1.7ms
[67.666s][info][gc,phases   ] GC(1235)   Other: 0.6ms
[67.667s][info][gc,heap     ] GC(1235) Eden regions: 150->0(149)
[67.667s][info][gc,heap     ] GC(1235) Survivor regions: 3->4(20)
[67.668s][info][gc,heap     ] GC(1235) Old regions: 2->2
[67.668s][info][gc,heap     ] GC(1235) Archive regions: 2->2
[67.668s][info][gc,heap     ] GC(1235) Humongous regions: 0->0
[67.669s][info][gc,metaspace] GC(1235) Metaspace: 615K(832K)->615K(832K) NonClass: 597K(704K)->597K(704K) Class: 17K(128K)->17K(128K)
[67.669s][info][gc          ] GC(1235) Pause Young (Normal) (G1 Evacuation Pause) 155M->6M(256M) 18.496ms
[67.670s][info][gc,cpu      ] GC(1235) User=0.02s Sys=0.00s Real=0.02s
[67.734s][info][gc,start    ] GC(1236) Pause Young (Normal) (G1 Evacuation Pause)
[67.736s][info][gc,task     ] GC(1236) Using 6 workers of 8 for evacuation
[67.748s][info][gc,phases   ] GC(1236)   Pre Evacuate Collection Set: 0.3ms
[67.750s][info][gc,phases   ] GC(1236)   Merge Heap Roots: 0.4ms
[67.750s][info][gc,phases   ] GC(1236)   Evacuate Collection Set: 9.6ms
[67.751s][info][gc,phases   ] GC(1236)   Post Evacuate Collection Set: 1.0ms
[67.751s][info][gc,phases   ] GC(1236)   Other: 0.7ms
[67.751s][info][gc,heap     ] GC(1236) Eden regions: 149->0(149)
[67.752s][info][gc,heap     ] GC(1236) Survivor regions: 4->4(20)
[67.752s][info][gc,heap     ] GC(1236) Old regions: 2->2
[67.752s][info][gc,heap     ] GC(1236) Archive regions: 2->2
[67.753s][info][gc,heap     ] GC(1236) Humongous regions: 0->0
[67.753s][info][gc,metaspace] GC(1236) Metaspace: 615K(832K)->615K(832K) NonClass: 597K(704K)->597K(704K) Class: 17K(128K)->17K(128K)
[67.753s][info][gc          ] GC(1236) Pause Young (Normal) (G1 Evacuation Pause) 155M->5M(256M) 19.205ms
[67.754s][info][gc,cpu      ] GC(1236) User=0.02s Sys=0.00s Real=0.02s
[67.835s][info][gc,start    ] GC(1237) Pause Young (Normal) (G1 Evacuation Pause)
[67.837s][info][gc,task     ] GC(1237) Using 6 workers of 8 for evacuation
[67.853s][info][gc,phases   ] GC(1237)   Pre Evacuate Collection Set: 0.3ms
[67.854s][info][gc,phases   ] GC(1237)   Merge Heap Roots: 0.3ms
[67.855s][info][gc,phases   ] GC(1237)   Evacuate Collection Set: 13.6ms
[67.858s][info][gc,phases   ] GC(1237)   Post Evacuate Collection Set: 1.0ms
[67.860s][info][gc,phases   ] GC(1237)   Other: 0.6ms
[67.864s][info][gc,heap     ] GC(1237) Eden regions: 149->0(149)
[67.867s][info][gc,heap     ] GC(1237) Survivor regions: 4->4(20)
[67.867s][info][gc,heap     ] GC(1237) Old regions: 2->2
[67.868s][info][gc,heap     ] GC(1237) Archive regions: 2->2
[67.869s][info][gc,heap     ] GC(1237) Humongous regions: 0->0
[67.870s][info][gc,metaspace] GC(1237) Metaspace: 615K(832K)->615K(832K) NonClass: 597K(704K)->597K(704K) Class: 17K(128K)->17K(128K)
[67.870s][info][gc          ] GC(1237) Pause Young (Normal) (G1 Evacuation Pause) 154M->5M(256M) 34.967ms
[67.871s][info][gc,cpu      ] GC(1237) User=0.04s Sys=0.00s Real=0.04s
[67.929s][info][gc,start    ] GC(1238) Pause Young (Normal) (G1 Evacuation Pause)
[67.933s][info][gc,task     ] GC(1238) Using 6 workers of 8 for evacuation
[67.937s][info][gc,phases   ] GC(1238)   Pre Evacuate Collection Set: 0.2ms
[67.942s][info][gc,phases   ] GC(1238)   Merge Heap Roots: 0.4ms
[67.947s][info][gc,phases   ] GC(1238)   Evacuate Collection Set: 1.4ms
[67.948s][info][gc,phases   ] GC(1238)   Post Evacuate Collection Set: 1.0ms
[67.950s][info][gc,phases   ] GC(1238)   Other: 1.1ms
[67.952s][info][gc,heap     ] GC(1238) Eden regions: 149->0(150)
[67.954s][info][gc,heap     ] GC(1238) Survivor regions: 4->3(20)
[67.955s][info][gc,heap     ] GC(1238) Old regions: 2->2
[67.957s][info][gc,heap     ] GC(1238) Archive regions: 2->2
[67.959s][info][gc,heap     ] GC(1238) Humongous regions: 0->0
[67.960s][info][gc,metaspace] GC(1238) Metaspace: 615K(832K)->615K(832K) NonClass: 597K(704K)->597K(704K) Class: 17K(128K)->17K(128K)
[67.963s][info][gc          ] GC(1238) Pause Young (Normal) (G1 Evacuation Pause) 154M->5M(256M) 34.270ms
[67.964s][info][gc,cpu      ] GC(1238) User=0.01s Sys=0.00s Real=0.03s
[68.029s][info][gc,start    ] GC(1239) Pause Young (Normal) (G1 Evacuation Pause)
[68.030s][info][gc,task     ] GC(1239) Using 6 workers of 8 for evacuation
[68.033s][info][gc,phases   ] GC(1239)   Pre Evacuate Collection Set: 0.2ms
[68.034s][info][gc,phases   ] GC(1239)   Merge Heap Roots: 0.3ms
[68.034s][info][gc,phases   ] GC(1239)   Evacuate Collection Set: 1.2ms
[68.035s][info][gc,phases   ] GC(1239)   Post Evacuate Collection Set: 0.9ms
[68.036s][info][gc,phases   ] GC(1239)   Other: 0.9ms
[68.037s][info][gc,heap     ] GC(1239) Eden regions: 150->0(149)
[68.037s][info][gc,heap     ] GC(1239) Survivor regions: 3->4(20)
[68.038s][info][gc,heap     ] GC(1239) Old regions: 2->2
[68.039s][info][gc,heap     ] GC(1239) Archive regions: 2->2
[68.039s][info][gc,heap     ] GC(1239) Humongous regions: 0->0
[68.040s][info][gc,metaspace] GC(1239) Metaspace: 615K(832K)->615K(832K) NonClass: 597K(704K)->597K(704K) Class: 17K(128K)->17K(128K)
[68.042s][info][gc          ] GC(1239) Pause Young (Normal) (G1 Evacuation Pause) 155M->6M(256M) 13.490ms
[68.043s][info][gc,cpu      ] GC(1239) User=0.00s Sys=0.00s Real=0.01s
[68.105s][info][gc,start    ] GC(1240) Pause Young (Normal) (G1 Evacuation Pause)
[68.106s][info][gc,task     ] GC(1240) Using 6 workers of 8 for evacuation
[68.120s][info][gc,phases   ] GC(1240)   Pre Evacuate Collection Set: 2.5ms
[68.121s][info][gc,phases   ] GC(1240)   Merge Heap Roots: 0.6ms
[68.121s][info][gc,phases   ] GC(1240)   Evacuate Collection Set: 3.5ms
[68.122s][info][gc,phases   ] GC(1240)   Post Evacuate Collection Set: 5.2ms
[68.123s][info][gc,phases   ] GC(1240)   Other: 2.7ms
[68.123s][info][gc,heap     ] GC(1240) Eden regions: 149->0(149)
[68.124s][info][gc,heap     ] GC(1240) Survivor regions: 4->4(20)
[68.124s][info][gc,heap     ] GC(1240) Old regions: 2->2
[68.125s][info][gc,heap     ] GC(1240) Archive regions: 2->2
[68.125s][info][gc,heap     ] GC(1240) Humongous regions: 0->0
[68.126s][info][gc,metaspace] GC(1240) Metaspace: 615K(832K)->615K(832K) NonClass: 597K(704K)->597K(704K) Class: 17K(128K)->17K(128K)
[68.127s][info][gc          ] GC(1240) Pause Young (Normal) (G1 Evacuation Pause) 155M->5M(256M) 22.103ms
[68.129s][info][gc,cpu      ] GC(1240) User=0.00s Sys=0.02s Real=0.03s
[68.192s][info][gc,start    ] GC(1241) Pause Young (Normal) (G1 Evacuation Pause)
[68.198s][info][gc,task     ] GC(1241) Using 6 workers of 8 for evacuation
[68.201s][info][gc,phases   ] GC(1241)   Pre Evacuate Collection Set: 0.3ms
[68.202s][info][gc,phases   ] GC(1241)   Merge Heap Roots: 0.3ms
[68.203s][info][gc,phases   ] GC(1241)   Evacuate Collection Set: 1.3ms
[68.203s][info][gc,phases   ] GC(1241)   Post Evacuate Collection Set: 0.6ms
[68.204s][info][gc,phases   ] GC(1241)   Other: 1.0ms
[68.204s][info][gc,heap     ] GC(1241) Eden regions: 149->0(150)
[68.205s][info][gc,heap     ] GC(1241) Survivor regions: 4->3(20)
[68.206s][info][gc,heap     ] GC(1241) Old regions: 2->2
[68.206s][info][gc,heap     ] GC(1241) Archive regions: 2->2
[68.206s][info][gc,heap     ] GC(1241) Humongous regions: 0->0
[68.207s][info][gc,metaspace] GC(1241) Metaspace: 615K(832K)->615K(832K) NonClass: 597K(704K)->597K(704K) Class: 17K(128K)->17K(128K)
[68.208s][info][gc          ] GC(1241) Pause Young (Normal) (G1 Evacuation Pause) 154M->5M(256M) 15.420ms
[68.208s][info][gc,cpu      ] GC(1241) User=0.01s Sys=0.00s Real=0.02s
[68.277s][info][gc,start    ] GC(1242) Pause Young (Normal) (G1 Evacuation Pause)
[68.279s][info][gc,task     ] GC(1242) Using 6 workers of 8 for evacuation
[68.289s][info][gc,phases   ] GC(1242)   Pre Evacuate Collection Set: 0.7ms
[68.292s][info][gc,phases   ] GC(1242)   Merge Heap Roots: 0.5ms
[68.293s][info][gc,phases   ] GC(1242)   Evacuate Collection Set: 6.0ms
[68.294s][info][gc,phases   ] GC(1242)   Post Evacuate Collection Set: 1.0ms
[68.295s][info][gc,phases   ] GC(1242)   Other: 1.8ms
[68.296s][info][gc,heap     ] GC(1242) Eden regions: 150->0(149)
[68.297s][info][gc,heap     ] GC(1242) Survivor regions: 3->4(20)
[68.298s][info][gc,heap     ] GC(1242) Old regions: 2->2
[68.298s][info][gc,heap     ] GC(1242) Archive regions: 2->2
[68.299s][info][gc,heap     ] GC(1242) Humongous regions: 0->0
[68.299s][info][gc,metaspace] GC(1242) Metaspace: 615K(832K)->615K(832K) NonClass: 597K(704K)->597K(704K) Class: 17K(128K)->17K(128K)
[68.300s][info][gc          ] GC(1242) Pause Young (Normal) (G1 Evacuation Pause) 155M->6M(256M) 22.762ms
[68.300s][info][gc,cpu      ] GC(1242) User=0.02s Sys=0.00s Real=0.02s
[68.352s][info][gc,start    ] GC(1243) Pause Young (Normal) (G1 Evacuation Pause)
[68.353s][info][gc,task     ] GC(1243) Using 6 workers of 8 for evacuation
[68.362s][info][gc,phases   ] GC(1243)   Pre Evacuate Collection Set: 0.3ms
[68.364s][info][gc,phases   ] GC(1243)   Merge Heap Roots: 0.4ms
[68.364s][info][gc,phases   ] GC(1243)   Evacuate Collection Set: 5.6ms
[68.365s][info][gc,phases   ] GC(1243)   Post Evacuate Collection Set: 2.3ms
[68.371s][info][gc,phases   ] GC(1243)   Other: 0.6ms
[68.372s][info][gc,heap     ] GC(1243) Eden regions: 149->0(149)
[68.373s][info][gc,heap     ] GC(1243) Survivor regions: 4->4(20)
[68.375s][info][gc,heap     ] GC(1243) Old regions: 2->2
[68.376s][info][gc,heap     ] GC(1243) Archive regions: 2->2
[68.379s][info][gc,heap     ] GC(1243) Humongous regions: 0->0
[68.380s][info][gc,metaspace] GC(1243) Metaspace: 615K(832K)->615K(832K) NonClass: 597K(704K)->597K(704K) Class: 17K(128K)->17K(128K)
[68.381s][info][gc          ] GC(1243) Pause Young (Normal) (G1 Evacuation Pause) 155M->5M(256M) 28.830ms
[68.382s][info][gc,cpu      ] GC(1243) User=0.02s Sys=0.00s Real=0.03s
[68.436s][info][gc,start    ] GC(1244) Pause Young (Normal) (G1 Evacuation Pause)
[68.437s][info][gc,task     ] GC(1244) Using 6 workers of 8 for evacuation
[68.447s][info][gc,phases   ] GC(1244)   Pre Evacuate Collection Set: 0.3ms
[68.448s][info][gc,phases   ] GC(1244)   Merge Heap Roots: 0.2ms
[68.449s][info][gc,phases   ] GC(1244)   Evacuate Collection Set: 7.3ms
[68.449s][info][gc,phases   ] GC(1244)   Post Evacuate Collection Set: 0.8ms
[68.451s][info][gc,phases   ] GC(1244)   Other: 1.6ms
[68.452s][info][gc,heap     ] GC(1244) Eden regions: 149->0(149)
[68.453s][info][gc,heap     ] GC(1244) Survivor regions: 4->4(20)
[68.454s][info][gc,heap     ] GC(1244) Old regions: 2->2
[68.454s][info][gc,heap     ] GC(1244) Archive regions: 2->2
[68.455s][info][gc,heap     ] GC(1244) Humongous regions: 0->0
[68.458s][info][gc,metaspace] GC(1244) Metaspace: 615K(832K)->615K(832K) NonClass: 597K(704K)->597K(704K) Class: 17K(128K)->17K(128K)
[68.458s][info][gc          ] GC(1244) Pause Young (Normal) (G1 Evacuation Pause) 154M->5M(256M) 22.278ms
[68.459s][info][gc,cpu      ] GC(1244) User=0.01s Sys=0.01s Real=0.03s
[68.516s][info][gc,start    ] GC(1245) Pause Young (Normal) (G1 Evacuation Pause)
[68.517s][info][gc,task     ] GC(1245) Using 6 workers of 8 for evacuation
[68.520s][info][gc,phases   ] GC(1245)   Pre Evacuate Collection Set: 0.3ms
[68.521s][info][gc,phases   ] GC(1245)   Merge Heap Roots: 0.3ms
[68.522s][info][gc,phases   ] GC(1245)   Evacuate Collection Set: 1.5ms
[68.522s][info][gc,phases   ] GC(1245)   Post Evacuate Collection Set: 1.1ms
[68.523s][info][gc,phases   ] GC(1245)   Other: 0.6ms
[68.524s][info][gc,heap     ] GC(1245) Eden regions: 149->0(150)
[68.525s][info][gc,heap     ] GC(1245) Survivor regions: 4->3(20)
[68.526s][info][gc,heap     ] GC(1245) Old regions: 2->2
[68.526s][info][gc,heap     ] GC(1245) Archive regions: 2->2
[68.529s][info][gc,heap     ] GC(1245) Humongous regions: 0->0
[68.530s][info][gc,metaspace] GC(1245) Metaspace: 615K(832K)->615K(832K) NonClass: 597K(704K)->597K(704K) Class: 17K(128K)->17K(128K)
[68.531s][info][gc          ] GC(1245) Pause Young (Normal) (G1 Evacuation Pause) 154M->5M(256M) 14.423ms
[68.531s][info][gc,cpu      ] GC(1245) User=0.01s Sys=0.00s Real=0.02s
[68.586s][info][gc,start    ] GC(1246) Pause Young (Normal) (G1 Evacuation Pause)
[68.586s][info][gc,task     ] GC(1246) Using 6 workers of 8 for evacuation
[68.589s][info][gc,phases   ] GC(1246)   Pre Evacuate Collection Set: 0.3ms
[68.590s][info][gc,phases   ] GC(1246)   Merge Heap Roots: 0.3ms
[68.591s][info][gc,phases   ] GC(1246)   Evacuate Collection Set: 1.3ms
[68.591s][info][gc,phases   ] GC(1246)   Post Evacuate Collection Set: 1.1ms
[68.591s][info][gc,phases   ] GC(1246)   Other: 0.4ms
[68.592s][info][gc,heap     ] GC(1246) Eden regions: 150->0(149)
[68.592s][info][gc,heap     ] GC(1246) Survivor regions: 3->4(20)
[68.593s][info][gc,heap     ] GC(1246) Old regions: 2->2
[68.594s][info][gc,heap     ] GC(1246) Archive regions: 2->2
[68.595s][info][gc,heap     ] GC(1246) Humongous regions: 0->0
[68.596s][info][gc,metaspace] GC(1246) Metaspace: 615K(832K)->615K(832K) NonClass: 597K(704K)->597K(704K) Class: 17K(128K)->17K(128K)
[68.597s][info][gc          ] GC(1246) Pause Young (Normal) (G1 Evacuation Pause) 155M->6M(256M) 11.346ms
[68.597s][info][gc,cpu      ] GC(1246) User=0.00s Sys=0.00s Real=0.02s
[68.639s][info][gc,start    ] GC(1247) Pause Young (Normal) (G1 Evacuation Pause)
[68.640s][info][gc,task     ] GC(1247) Using 6 workers of 8 for evacuation
[68.645s][info][gc,phases   ] GC(1247)   Pre Evacuate Collection Set: 0.4ms
[68.646s][info][gc,phases   ] GC(1247)   Merge Heap Roots: 0.3ms
[68.647s][info][gc,phases   ] GC(1247)   Evacuate Collection Set: 2.2ms
[68.647s][info][gc,phases   ] GC(1247)   Post Evacuate Collection Set: 2.0ms
[68.648s][info][gc,phases   ] GC(1247)   Other: 0.6ms
[68.648s][info][gc,heap     ] GC(1247) Eden regions: 149->0(149)
[68.648s][info][gc,heap     ] GC(1247) Survivor regions: 4->4(20)
[68.648s][info][gc,heap     ] GC(1247) Old regions: 2->2
[68.649s][info][gc,heap     ] GC(1247) Archive regions: 2->2
[68.649s][info][gc,heap     ] GC(1247) Humongous regions: 0->0
[68.649s][info][gc,metaspace] GC(1247) Metaspace: 615K(832K)->615K(832K) NonClass: 597K(704K)->597K(704K) Class: 17K(128K)->17K(128K)
[68.650s][info][gc          ] GC(1247) Pause Young (Normal) (G1 Evacuation Pause) 155M->5M(256M) 10.594ms
[68.650s][info][gc,cpu      ] GC(1247) User=0.01s Sys=0.00s Real=0.01s
[68.691s][info][gc,start    ] GC(1248) Pause Young (Normal) (G1 Evacuation Pause)
[68.692s][info][gc,task     ] GC(1248) Using 6 workers of 8 for evacuation
[68.698s][info][gc,phases   ] GC(1248)   Pre Evacuate Collection Set: 0.3ms
[68.698s][info][gc,phases   ] GC(1248)   Merge Heap Roots: 0.5ms
[68.698s][info][gc,phases   ] GC(1248)   Evacuate Collection Set: 2.5ms
[68.699s][info][gc,phases   ] GC(1248)   Post Evacuate Collection Set: 1.6ms
[68.699s][info][gc,phases   ] GC(1248)   Other: 0.8ms
[68.699s][info][gc,heap     ] GC(1248) Eden regions: 149->0(150)
[68.700s][info][gc,heap     ] GC(1248) Survivor regions: 4->3(20)
[68.700s][info][gc,heap     ] GC(1248) Old regions: 2->2
[68.700s][info][gc,heap     ] GC(1248) Archive regions: 2->2
[68.700s][info][gc,heap     ] GC(1248) Humongous regions: 0->0
[68.701s][info][gc,metaspace] GC(1248) Metaspace: 615K(832K)->615K(832K) NonClass: 597K(704K)->597K(704K) Class: 17K(128K)->17K(128K)
[68.701s][info][gc          ] GC(1248) Pause Young (Normal) (G1 Evacuation Pause) 154M->5M(256M) 9.529ms
[68.701s][info][gc,cpu      ] GC(1248) User=0.01s Sys=0.00s Real=0.01s
[68.743s][info][gc,start    ] GC(1249) Pause Young (Normal) (G1 Evacuation Pause)
[68.744s][info][gc,task     ] GC(1249) Using 6 workers of 8 for evacuation
[68.750s][info][gc,phases   ] GC(1249)   Pre Evacuate Collection Set: 0.3ms
[68.750s][info][gc,phases   ] GC(1249)   Merge Heap Roots: 0.2ms
[68.751s][info][gc,phases   ] GC(1249)   Evacuate Collection Set: 3.1ms
[68.751s][info][gc,phases   ] GC(1249)   Post Evacuate Collection Set: 1.6ms
[68.751s][info][gc,phases   ] GC(1249)   Other: 0.5ms
[68.751s][info][gc,heap     ] GC(1249) Eden regions: 150->0(149)
[68.752s][info][gc,heap     ] GC(1249) Survivor regions: 3->4(20)
[68.752s][info][gc,heap     ] GC(1249) Old regions: 2->2
[68.752s][info][gc,heap     ] GC(1249) Archive regions: 2->2
[68.752s][info][gc,heap     ] GC(1249) Humongous regions: 0->0
[68.753s][info][gc,metaspace] GC(1249) Metaspace: 615K(832K)->615K(832K) NonClass: 597K(704K)->597K(704K) Class: 17K(128K)->17K(128K)
[68.753s][info][gc          ] GC(1249) Pause Young (Normal) (G1 Evacuation Pause) 155M->6M(256M) 9.685ms
[68.753s][info][gc,cpu      ] GC(1249) User=0.02s Sys=0.00s Real=0.01s
[68.789s][info][gc,start    ] GC(1250) Pause Young (Normal) (G1 Evacuation Pause)
[68.790s][info][gc,task     ] GC(1250) Using 6 workers of 8 for evacuation
[68.794s][info][gc,phases   ] GC(1250)   Pre Evacuate Collection Set: 0.6ms
[68.795s][info][gc,phases   ] GC(1250)   Merge Heap Roots: 0.4ms
[68.796s][info][gc,phases   ] GC(1250)   Evacuate Collection Set: 2.2ms
[68.796s][info][gc,phases   ] GC(1250)   Post Evacuate Collection Set: 1.0ms
[68.796s][info][gc,phases   ] GC(1250)   Other: 0.7ms
[68.796s][info][gc,heap     ] GC(1250) Eden regions: 149->0(149)
[68.797s][info][gc,heap     ] GC(1250) Survivor regions: 4->4(20)
[68.797s][info][gc,heap     ] GC(1250) Old regions: 2->2
[68.797s][info][gc,heap     ] GC(1250) Archive regions: 2->2
[68.798s][info][gc,heap     ] GC(1250) Humongous regions: 0->0
[68.798s][info][gc,metaspace] GC(1250) Metaspace: 615K(832K)->615K(832K) NonClass: 597K(704K)->597K(704K) Class: 17K(128K)->17K(128K)
[68.798s][info][gc          ] GC(1250) Pause Young (Normal) (G1 Evacuation Pause) 155M->6M(256M) 9.137ms
[68.798s][info][gc,cpu      ] GC(1250) User=0.01s Sys=0.00s Real=0.01s
[68.837s][info][gc,start    ] GC(1251) Pause Young (Normal) (G1 Evacuation Pause)
[68.837s][info][gc,task     ] GC(1251) Using 6 workers of 8 for evacuation
[68.841s][info][gc,phases   ] GC(1251)   Pre Evacuate Collection Set: 0.3ms
[68.842s][info][gc,phases   ] GC(1251)   Merge Heap Roots: 0.3ms
[68.843s][info][gc,phases   ] GC(1251)   Evacuate Collection Set: 1.1ms
[68.844s][info][gc,phases   ] GC(1251)   Post Evacuate Collection Set: 1.5ms
[68.844s][info][gc,phases   ] GC(1251)   Other: 0.5ms
[68.845s][info][gc,heap     ] GC(1251) Eden regions: 149->0(149)
[68.845s][info][gc,heap     ] GC(1251) Survivor regions: 4->4(20)
[68.846s][info][gc,heap     ] GC(1251) Old regions: 2->2
[68.846s][info][gc,heap     ] GC(1251) Archive regions: 2->2
[68.846s][info][gc,heap     ] GC(1251) Humongous regions: 0->0
[68.847s][info][gc,metaspace] GC(1251) Metaspace: 615K(832K)->615K(832K) NonClass: 597K(704K)->597K(704K) Class: 17K(128K)->17K(128K)
[68.847s][info][gc          ] GC(1251) Pause Young (Normal) (G1 Evacuation Pause) 155M->5M(256M) 10.227ms
[68.848s][info][gc,cpu      ] GC(1251) User=0.01s Sys=0.00s Real=0.01s
[68.885s][info][gc,start    ] GC(1252) Pause Young (Normal) (G1 Evacuation Pause)
[68.885s][info][gc,task     ] GC(1252) Using 6 workers of 8 for evacuation
[68.888s][info][gc,phases   ] GC(1252)   Pre Evacuate Collection Set: 0.2ms
[68.889s][info][gc,phases   ] GC(1252)   Merge Heap Roots: 0.2ms
[68.889s][info][gc,phases   ] GC(1252)   Evacuate Collection Set: 1.0ms
[68.889s][info][gc,phases   ] GC(1252)   Post Evacuate Collection Set: 0.8ms
[68.890s][info][gc,phases   ] GC(1252)   Other: 0.4ms
[68.890s][info][gc,heap     ] GC(1252) Eden regions: 149->0(150)
[68.891s][info][gc,heap     ] GC(1252) Survivor regions: 4->3(20)
[68.891s][info][gc,heap     ] GC(1252) Old regions: 2->2
[68.892s][info][gc,heap     ] GC(1252) Archive regions: 2->2
[68.892s][info][gc,heap     ] GC(1252) Humongous regions: 0->0
[68.893s][info][gc,metaspace] GC(1252) Metaspace: 615K(832K)->615K(832K) NonClass: 597K(704K)->597K(704K) Class: 17K(128K)->17K(128K)
[68.893s][info][gc          ] GC(1252) Pause Young (Normal) (G1 Evacuation Pause) 154M->5M(256M) 8.205ms
[68.894s][info][gc,cpu      ] GC(1252) User=0.00s Sys=0.00s Real=0.01s
[68.933s][info][gc,start    ] GC(1253) Pause Young (Normal) (G1 Evacuation Pause)
[68.934s][info][gc,task     ] GC(1253) Using 6 workers of 8 for evacuation
[68.937s][info][gc,phases   ] GC(1253)   Pre Evacuate Collection Set: 0.3ms
[68.937s][info][gc,phases   ] GC(1253)   Merge Heap Roots: 0.2ms
[68.937s][info][gc,phases   ] GC(1253)   Evacuate Collection Set: 1.2ms
[68.938s][info][gc,phases   ] GC(1253)   Post Evacuate Collection Set: 0.9ms
[68.938s][info][gc,phases   ] GC(1253)   Other: 0.5ms
[68.938s][info][gc,heap     ] GC(1253) Eden regions: 150->0(149)
[68.938s][info][gc,heap     ] GC(1253) Survivor regions: 3->4(20)
[68.939s][info][gc,heap     ] GC(1253) Old regions: 2->2
[68.939s][info][gc,heap     ] GC(1253) Archive regions: 2->2
[68.939s][info][gc,heap     ] GC(1253) Humongous regions: 0->0
[68.940s][info][gc,metaspace] GC(1253) Metaspace: 615K(832K)->615K(832K) NonClass: 597K(704K)->597K(704K) Class: 17K(128K)->17K(128K)
[68.941s][info][gc          ] GC(1253) Pause Young (Normal) (G1 Evacuation Pause) 155M->6M(256M) 7.472ms
[68.941s][info][gc,cpu      ] GC(1253) User=0.01s Sys=0.00s Real=0.01s
[68.995s][info][gc,start    ] GC(1254) Pause Young (Normal) (G1 Evacuation Pause)
[68.999s][info][gc,task     ] GC(1254) Using 6 workers of 8 for evacuation
[69.003s][info][gc,phases   ] GC(1254)   Pre Evacuate Collection Set: 0.3ms
[69.003s][info][gc,phases   ] GC(1254)   Merge Heap Roots: 0.2ms
[69.004s][info][gc,phases   ] GC(1254)   Evacuate Collection Set: 2.2ms
[69.005s][info][gc,phases   ] GC(1254)   Post Evacuate Collection Set: 0.9ms
[69.005s][info][gc,phases   ] GC(1254)   Other: 0.5ms
[69.006s][info][gc,heap     ] GC(1254) Eden regions: 149->0(149)
[69.007s][info][gc,heap     ] GC(1254) Survivor regions: 4->4(20)
[69.008s][info][gc,heap     ] GC(1254) Old regions: 2->2
[69.009s][info][gc,heap     ] GC(1254) Archive regions: 2->2
[69.010s][info][gc,heap     ] GC(1254) Humongous regions: 0->0
[69.012s][info][gc,metaspace] GC(1254) Metaspace: 615K(832K)->615K(832K) NonClass: 597K(704K)->597K(704K) Class: 17K(128K)->17K(128K)
[69.013s][info][gc          ] GC(1254) Pause Young (Normal) (G1 Evacuation Pause) 155M->5M(256M) 17.407ms
[69.013s][info][gc,cpu      ] GC(1254) User=0.01s Sys=0.00s Real=0.02s
[69.070s][info][gc,start    ] GC(1255) Pause Young (Normal) (G1 Evacuation Pause)
[69.073s][info][gc,task     ] GC(1255) Using 6 workers of 8 for evacuation
[69.079s][info][gc,phases   ] GC(1255)   Pre Evacuate Collection Set: 0.5ms
[69.079s][info][gc,phases   ] GC(1255)   Merge Heap Roots: 0.3ms
[69.079s][info][gc,phases   ] GC(1255)   Evacuate Collection Set: 2.1ms
[69.080s][info][gc,phases   ] GC(1255)   Post Evacuate Collection Set: 1.6ms
[69.080s][info][gc,phases   ] GC(1255)   Other: 1.5ms
[69.080s][info][gc,heap     ] GC(1255) Eden regions: 149->0(150)
[69.081s][info][gc,heap     ] GC(1255) Survivor regions: 4->3(20)
[69.081s][info][gc,heap     ] GC(1255) Old regions: 2->2
[69.082s][info][gc,heap     ] GC(1255) Archive regions: 2->2
[69.082s][info][gc,heap     ] GC(1255) Humongous regions: 0->0
[69.082s][info][gc,metaspace] GC(1255) Metaspace: 615K(832K)->615K(832K) NonClass: 597K(704K)->597K(704K) Class: 17K(128K)->17K(128K)
[69.083s][info][gc          ] GC(1255) Pause Young (Normal) (G1 Evacuation Pause) 154M->5M(256M) 12.424ms
[69.083s][info][gc,cpu      ] GC(1255) User=0.01s Sys=0.00s Real=0.01s
[69.140s][info][gc,start    ] GC(1256) Pause Young (Normal) (G1 Evacuation Pause)
[69.145s][info][gc,task     ] GC(1256) Using 6 workers of 8 for evacuation
[69.148s][info][gc,phases   ] GC(1256)   Pre Evacuate Collection Set: 0.2ms
[69.149s][info][gc,phases   ] GC(1256)   Merge Heap Roots: 0.3ms
[69.149s][info][gc,phases   ] GC(1256)   Evacuate Collection Set: 1.4ms
[69.151s][info][gc,phases   ] GC(1256)   Post Evacuate Collection Set: 0.7ms
[69.151s][info][gc,phases   ] GC(1256)   Other: 0.7ms
[69.151s][info][gc,heap     ] GC(1256) Eden regions: 150->0(149)
[69.152s][info][gc,heap     ] GC(1256) Survivor regions: 3->4(20)
[69.152s][info][gc,heap     ] GC(1256) Old regions: 2->2
[69.152s][info][gc,heap     ] GC(1256) Archive regions: 2->2
[69.153s][info][gc,heap     ] GC(1256) Humongous regions: 0->0
[69.153s][info][gc,metaspace] GC(1256) Metaspace: 615K(832K)->615K(832K) NonClass: 597K(704K)->597K(704K) Class: 17K(128K)->17K(128K)
[69.154s][info][gc          ] GC(1256) Pause Young (Normal) (G1 Evacuation Pause) 155M->6M(256M) 14.208ms
[69.154s][info][gc,cpu      ] GC(1256) User=0.01s Sys=0.00s Real=0.01s
[69.212s][info][gc,start    ] GC(1257) Pause Young (Normal) (G1 Evacuation Pause)
[69.213s][info][gc,task     ] GC(1257) Using 6 workers of 8 for evacuation
[69.217s][info][gc,phases   ] GC(1257)   Pre Evacuate Collection Set: 0.6ms
[69.217s][info][gc,phases   ] GC(1257)   Merge Heap Roots: 0.3ms
[69.218s][info][gc,phases   ] GC(1257)   Evacuate Collection Set: 1.3ms
[69.218s][info][gc,phases   ] GC(1257)   Post Evacuate Collection Set: 0.8ms
[69.219s][info][gc,phases   ] GC(1257)   Other: 0.5ms
[69.219s][info][gc,heap     ] GC(1257) Eden regions: 149->0(149)
[69.219s][info][gc,heap     ] GC(1257) Survivor regions: 4->4(20)
[69.220s][info][gc,heap     ] GC(1257) Old regions: 2->2
[69.221s][info][gc,heap     ] GC(1257) Archive regions: 2->2
[69.221s][info][gc,heap     ] GC(1257) Humongous regions: 0->0
[69.221s][info][gc,metaspace] GC(1257) Metaspace: 615K(832K)->615K(832K) NonClass: 597K(704K)->597K(704K) Class: 17K(128K)->17K(128K)
[69.222s][info][gc          ] GC(1257) Pause Young (Normal) (G1 Evacuation Pause) 155M->5M(256M) 9.385ms
[69.222s][info][gc,cpu      ] GC(1257) User=0.01s Sys=0.00s Real=0.01s
[69.281s][info][gc,start    ] GC(1258) Pause Young (Normal) (G1 Evacuation Pause)
[69.281s][info][gc,task     ] GC(1258) Using 6 workers of 8 for evacuation
[69.284s][info][gc,phases   ] GC(1258)   Pre Evacuate Collection Set: 0.2ms
[69.284s][info][gc,phases   ] GC(1258)   Merge Heap Roots: 0.2ms
[69.285s][info][gc,phases   ] GC(1258)   Evacuate Collection Set: 0.9ms
[69.286s][info][gc,phases   ] GC(1258)   Post Evacuate Collection Set: 0.8ms
[69.286s][info][gc,phases   ] GC(1258)   Other: 0.4ms
[69.286s][info][gc,heap     ] GC(1258) Eden regions: 149->0(149)
[69.287s][info][gc,heap     ] GC(1258) Survivor regions: 4->4(20)
[69.287s][info][gc,heap     ] GC(1258) Old regions: 2->2
[69.287s][info][gc,heap     ] GC(1258) Archive regions: 2->2
[69.288s][info][gc,heap     ] GC(1258) Humongous regions: 0->0
[69.288s][info][gc,metaspace] GC(1258) Metaspace: 615K(832K)->615K(832K) NonClass: 597K(704K)->597K(704K) Class: 17K(128K)->17K(128K)
[69.288s][info][gc          ] GC(1258) Pause Young (Normal) (G1 Evacuation Pause) 154M->5M(256M) 7.595ms
[69.289s][info][gc,cpu      ] GC(1258) User=0.00s Sys=0.00s Real=0.01s
[69.332s][info][gc,start    ] GC(1259) Pause Young (Normal) (G1 Evacuation Pause)
[69.333s][info][gc,task     ] GC(1259) Using 6 workers of 8 for evacuation
[69.336s][info][gc,phases   ] GC(1259)   Pre Evacuate Collection Set: 0.3ms
[69.336s][info][gc,phases   ] GC(1259)   Merge Heap Roots: 0.2ms
[69.337s][info][gc,phases   ] GC(1259)   Evacuate Collection Set: 1.0ms
[69.337s][info][gc,phases   ] GC(1259)   Post Evacuate Collection Set: 0.9ms
[69.337s][info][gc,phases   ] GC(1259)   Other: 0.5ms
[69.338s][info][gc,heap     ] GC(1259) Eden regions: 149->0(150)
[69.338s][info][gc,heap     ] GC(1259) Survivor regions: 4->3(20)
[69.339s][info][gc,heap     ] GC(1259) Old regions: 2->2
[69.340s][info][gc,heap     ] GC(1259) Archive regions: 2->2
[69.341s][info][gc,heap     ] GC(1259) Humongous regions: 0->0
[69.341s][info][gc,metaspace] GC(1259) Metaspace: 615K(832K)->615K(832K) NonClass: 597K(704K)->597K(704K) Class: 17K(128K)->17K(128K)
[69.342s][info][gc          ] GC(1259) Pause Young (Normal) (G1 Evacuation Pause) 154M->5M(256M) 9.394ms
[69.342s][info][gc,cpu      ] GC(1259) User=0.01s Sys=0.01s Real=0.01s
[69.390s][info][gc,start    ] GC(1260) Pause Young (Normal) (G1 Evacuation Pause)
[69.392s][info][gc,task     ] GC(1260) Using 6 workers of 8 for evacuation
[69.397s][info][gc,phases   ] GC(1260)   Pre Evacuate Collection Set: 0.7ms
[69.398s][info][gc,phases   ] GC(1260)   Merge Heap Roots: 0.4ms
[69.398s][info][gc,phases   ] GC(1260)   Evacuate Collection Set: 2.1ms
[69.398s][info][gc,phases   ] GC(1260)   Post Evacuate Collection Set: 1.1ms
[69.399s][info][gc,phases   ] GC(1260)   Other: 1.3ms
[69.399s][info][gc,heap     ] GC(1260) Eden regions: 150->0(149)
[69.399s][info][gc,heap     ] GC(1260) Survivor regions: 3->4(20)
[69.400s][info][gc,heap     ] GC(1260) Old regions: 2->2
[69.400s][info][gc,heap     ] GC(1260) Archive regions: 2->2
[69.400s][info][gc,heap     ] GC(1260) Humongous regions: 0->0
[69.401s][info][gc,metaspace] GC(1260) Metaspace: 615K(832K)->615K(832K) NonClass: 597K(704K)->597K(704K) Class: 17K(128K)->17K(128K)
[69.401s][info][gc          ] GC(1260) Pause Young (Normal) (G1 Evacuation Pause) 155M->6M(256M) 11.409ms
[69.401s][info][gc,cpu      ] GC(1260) User=0.00s Sys=0.01s Real=0.01s
[69.447s][info][gc,start    ] GC(1261) Pause Young (Normal) (G1 Evacuation Pause)
[69.447s][info][gc,task     ] GC(1261) Using 6 workers of 8 for evacuation
[69.450s][info][gc,phases   ] GC(1261)   Pre Evacuate Collection Set: 0.2ms
[69.450s][info][gc,phases   ] GC(1261)   Merge Heap Roots: 0.3ms
[69.451s][info][gc,phases   ] GC(1261)   Evacuate Collection Set: 1.1ms
[69.451s][info][gc,phases   ] GC(1261)   Post Evacuate Collection Set: 0.8ms
[69.451s][info][gc,phases   ] GC(1261)   Other: 0.4ms
[69.452s][info][gc,heap     ] GC(1261) Eden regions: 149->0(149)
[69.452s][info][gc,heap     ] GC(1261) Survivor regions: 4->4(20)
[69.453s][info][gc,heap     ] GC(1261) Old regions: 2->2
[69.453s][info][gc,heap     ] GC(1261) Archive regions: 2->2
[69.453s][info][gc,heap     ] GC(1261) Humongous regions: 0->0
[69.454s][info][gc,metaspace] GC(1261) Metaspace: 615K(832K)->615K(832K) NonClass: 597K(704K)->597K(704K) Class: 17K(128K)->17K(128K)
[69.454s][info][gc          ] GC(1261) Pause Young (Normal) (G1 Evacuation Pause) 155M->5M(256M) 7.320ms
[69.454s][info][gc,cpu      ] GC(1261) User=0.00s Sys=0.00s Real=0.00s
[69.498s][info][gc,start    ] GC(1262) Pause Young (Normal) (G1 Evacuation Pause)
[69.498s][info][gc,task     ] GC(1262) Using 6 workers of 8 for evacuation
[69.501s][info][gc,phases   ] GC(1262)   Pre Evacuate Collection Set: 0.2ms
[69.502s][info][gc,phases   ] GC(1262)   Merge Heap Roots: 0.3ms
[69.502s][info][gc,phases   ] GC(1262)   Evacuate Collection Set: 1.1ms
[69.503s][info][gc,phases   ] GC(1262)   Post Evacuate Collection Set: 1.0ms
[69.503s][info][gc,phases   ] GC(1262)   Other: 0.5ms
[69.503s][info][gc,heap     ] GC(1262) Eden regions: 149->0(150)
[69.504s][info][gc,heap     ] GC(1262) Survivor regions: 4->3(20)
[69.504s][info][gc,heap     ] GC(1262) Old regions: 2->2
[69.505s][info][gc,heap     ] GC(1262) Archive regions: 2->2
[69.505s][info][gc,heap     ] GC(1262) Humongous regions: 0->0
[69.506s][info][gc,metaspace] GC(1262) Metaspace: 615K(832K)->615K(832K) NonClass: 597K(704K)->597K(704K) Class: 17K(128K)->17K(128K)
[69.506s][info][gc          ] GC(1262) Pause Young (Normal) (G1 Evacuation Pause) 154M->5M(256M) 8.649ms
[69.507s][info][gc,cpu      ] GC(1262) User=0.00s Sys=0.00s Real=0.01s
[69.552s][info][gc,start    ] GC(1263) Pause Young (Normal) (G1 Evacuation Pause)
[69.552s][info][gc,task     ] GC(1263) Using 6 workers of 8 for evacuation
[69.555s][info][gc,phases   ] GC(1263)   Pre Evacuate Collection Set: 0.3ms
[69.556s][info][gc,phases   ] GC(1263)   Merge Heap Roots: 0.2ms
[69.557s][info][gc,phases   ] GC(1263)   Evacuate Collection Set: 1.3ms
[69.558s][info][gc,phases   ] GC(1263)   Post Evacuate Collection Set: 0.9ms
[69.558s][info][gc,phases   ] GC(1263)   Other: 0.5ms
[69.559s][info][gc,heap     ] GC(1263) Eden regions: 150->0(149)
[69.560s][info][gc,heap     ] GC(1263) Survivor regions: 3->4(20)
[69.560s][info][gc,heap     ] GC(1263) Old regions: 2->2
[69.561s][info][gc,heap     ] GC(1263) Archive regions: 2->2
[69.562s][info][gc,heap     ] GC(1263) Humongous regions: 0->0
[69.562s][info][gc,metaspace] GC(1263) Metaspace: 615K(832K)->615K(832K) NonClass: 597K(704K)->597K(704K) Class: 17K(128K)->17K(128K)
[69.582s][info][gc          ] GC(1263) Pause Young (Normal) (G1 Evacuation Pause) 155M->6M(256M) 30.366ms
[69.600s][info][gc,cpu      ] GC(1263) User=0.01s Sys=0.00s Real=0.05s
[69.659s][info][gc,start    ] GC(1264) Pause Young (Normal) (G1 Evacuation Pause)
[69.665s][info][gc,task     ] GC(1264) Using 6 workers of 8 for evacuation
[69.672s][info][gc,phases   ] GC(1264)   Pre Evacuate Collection Set: 0.3ms
[69.673s][info][gc,phases   ] GC(1264)   Merge Heap Roots: 0.3ms
[69.673s][info][gc,phases   ] GC(1264)   Evacuate Collection Set: 1.8ms
[69.674s][info][gc,phases   ] GC(1264)   Post Evacuate Collection Set: 0.9ms
[69.674s][info][gc,phases   ] GC(1264)   Other: 4.2ms
[69.675s][info][gc,heap     ] GC(1264) Eden regions: 149->0(149)
[69.675s][info][gc,heap     ] GC(1264) Survivor regions: 4->4(20)
[69.675s][info][gc,heap     ] GC(1264) Old regions: 2->2
[69.676s][info][gc,heap     ] GC(1264) Archive regions: 2->2
[69.676s][info][gc,heap     ] GC(1264) Humongous regions: 0->0
[69.677s][info][gc,metaspace] GC(1264) Metaspace: 615K(832K)->615K(832K) NonClass: 597K(704K)->597K(704K) Class: 17K(128K)->17K(128K)
[69.677s][info][gc          ] GC(1264) Pause Young (Normal) (G1 Evacuation Pause) 155M->5M(256M) 17.963ms
[69.677s][info][gc,cpu      ] GC(1264) User=0.01s Sys=0.00s Real=0.02s
[69.722s][info][gc,start    ] GC(1265) Pause Young (Normal) (G1 Evacuation Pause)
[69.722s][info][gc,task     ] GC(1265) Using 6 workers of 8 for evacuation
[69.726s][info][gc,phases   ] GC(1265)   Pre Evacuate Collection Set: 0.3ms
[69.727s][info][gc,phases   ] GC(1265)   Merge Heap Roots: 0.2ms
[69.727s][info][gc,phases   ] GC(1265)   Evacuate Collection Set: 1.6ms
[69.727s][info][gc,phases   ] GC(1265)   Post Evacuate Collection Set: 1.0ms
[69.728s][info][gc,phases   ] GC(1265)   Other: 0.5ms
[69.728s][info][gc,heap     ] GC(1265) Eden regions: 149->0(150)
[69.729s][info][gc,heap     ] GC(1265) Survivor regions: 4->3(20)
[69.730s][info][gc,heap     ] GC(1265) Old regions: 2->2
[69.730s][info][gc,heap     ] GC(1265) Archive regions: 2->2
[69.731s][info][gc,heap     ] GC(1265) Humongous regions: 0->0
[69.731s][info][gc,metaspace] GC(1265) Metaspace: 615K(832K)->615K(832K) NonClass: 597K(704K)->597K(704K) Class: 17K(128K)->17K(128K)
[69.732s][info][gc          ] GC(1265) Pause Young (Normal) (G1 Evacuation Pause) 154M->5M(256M) 9.783ms
[69.732s][info][gc,cpu      ] GC(1265) User=0.01s Sys=0.00s Real=0.01s
[69.777s][info][gc,start    ] GC(1266) Pause Young (Normal) (G1 Evacuation Pause)
[69.778s][info][gc,task     ] GC(1266) Using 6 workers of 8 for evacuation
[69.782s][info][gc,phases   ] GC(1266)   Pre Evacuate Collection Set: 0.3ms
[69.783s][info][gc,phases   ] GC(1266)   Merge Heap Roots: 0.2ms
[69.783s][info][gc,phases   ] GC(1266)   Evacuate Collection Set: 2.0ms
[69.783s][info][gc,phases   ] GC(1266)   Post Evacuate Collection Set: 1.0ms
[69.784s][info][gc,phases   ] GC(1266)   Other: 0.5ms
[69.784s][info][gc,heap     ] GC(1266) Eden regions: 150->0(149)
[69.784s][info][gc,heap     ] GC(1266) Survivor regions: 3->4(20)
[69.785s][info][gc,heap     ] GC(1266) Old regions: 2->2
[69.785s][info][gc,heap     ] GC(1266) Archive regions: 2->2
[69.786s][info][gc,heap     ] GC(1266) Humongous regions: 0->0
[69.786s][info][gc,metaspace] GC(1266) Metaspace: 615K(832K)->615K(832K) NonClass: 597K(704K)->597K(704K) Class: 17K(128K)->17K(128K)
[69.786s][info][gc          ] GC(1266) Pause Young (Normal) (G1 Evacuation Pause) 155M->6M(256M) 9.003ms
[69.787s][info][gc,cpu      ] GC(1266) User=0.01s Sys=0.00s Real=0.01s
[69.837s][info][gc,start    ] GC(1267) Pause Young (Normal) (G1 Evacuation Pause)
[69.838s][info][gc,task     ] GC(1267) Using 6 workers of 8 for evacuation
[69.843s][info][gc,phases   ] GC(1267)   Pre Evacuate Collection Set: 0.3ms
[69.845s][info][gc,phases   ] GC(1267)   Merge Heap Roots: 0.4ms
[69.845s][info][gc,phases   ] GC(1267)   Evacuate Collection Set: 2.7ms
[69.846s][info][gc,phases   ] GC(1267)   Post Evacuate Collection Set: 1.4ms
[69.846s][info][gc,phases   ] GC(1267)   Other: 0.5ms
[69.847s][info][gc,heap     ] GC(1267) Eden regions: 149->0(149)
[69.847s][info][gc,heap     ] GC(1267) Survivor regions: 4->4(20)
[69.848s][info][gc,heap     ] GC(1267) Old regions: 2->2
[69.848s][info][gc,heap     ] GC(1267) Archive regions: 2->2
[69.848s][info][gc,heap     ] GC(1267) Humongous regions: 0->0
[69.849s][info][gc,metaspace] GC(1267) Metaspace: 615K(832K)->615K(832K) NonClass: 597K(704K)->597K(704K) Class: 17K(128K)->17K(128K)
[69.849s][info][gc          ] GC(1267) Pause Young (Normal) (G1 Evacuation Pause) 155M->6M(256M) 11.476ms
[69.849s][info][gc,cpu      ] GC(1267) User=0.01s Sys=0.00s Real=0.01s
[69.895s][info][gc,start    ] GC(1268) Pause Young (Normal) (G1 Evacuation Pause)
[69.896s][info][gc,task     ] GC(1268) Using 6 workers of 8 for evacuation
[69.899s][info][gc,phases   ] GC(1268)   Pre Evacuate Collection Set: 0.3ms
[69.900s][info][gc,phases   ] GC(1268)   Merge Heap Roots: 0.4ms
[69.900s][info][gc,phases   ] GC(1268)   Evacuate Collection Set: 1.3ms
[69.901s][info][gc,phases   ] GC(1268)   Post Evacuate Collection Set: 0.9ms
[69.901s][info][gc,phases   ] GC(1268)   Other: 0.8ms
[69.901s][info][gc,heap     ] GC(1268) Eden regions: 149->0(149)
[69.902s][info][gc,heap     ] GC(1268) Survivor regions: 4->4(20)
[69.902s][info][gc,heap     ] GC(1268) Old regions: 2->2
[69.902s][info][gc,heap     ] GC(1268) Archive regions: 2->2
[69.903s][info][gc,heap     ] GC(1268) Humongous regions: 0->0
[69.903s][info][gc,metaspace] GC(1268) Metaspace: 615K(832K)->615K(832K) NonClass: 597K(704K)->597K(704K) Class: 17K(128K)->17K(128K)
[69.903s][info][gc          ] GC(1268) Pause Young (Normal) (G1 Evacuation Pause) 155M->5M(256M) 8.246ms
[69.904s][info][gc,cpu      ] GC(1268) User=0.00s Sys=0.00s Real=0.01s
[69.956s][info][gc,start    ] GC(1269) Pause Young (Normal) (G1 Evacuation Pause)
[69.957s][info][gc,task     ] GC(1269) Using 6 workers of 8 for evacuation
[69.962s][info][gc,phases   ] GC(1269)   Pre Evacuate Collection Set: 0.6ms
[69.962s][info][gc,phases   ] GC(1269)   Merge Heap Roots: 0.3ms
[69.963s][info][gc,phases   ] GC(1269)   Evacuate Collection Set: 2.0ms
[69.963s][info][gc,phases   ] GC(1269)   Post Evacuate Collection Set: 1.0ms
[69.964s][info][gc,phases   ] GC(1269)   Other: 1.1ms
[69.964s][info][gc,heap     ] GC(1269) Eden regions: 149->0(150)
[69.964s][info][gc,heap     ] GC(1269) Survivor regions: 4->3(20)
[69.965s][info][gc,heap     ] GC(1269) Old regions: 2->2
[69.965s][info][gc,heap     ] GC(1269) Archive regions: 2->2
[69.965s][info][gc,heap     ] GC(1269) Humongous regions: 0->0
[69.966s][info][gc,metaspace] GC(1269) Metaspace: 615K(832K)->615K(832K) NonClass: 597K(704K)->597K(704K) Class: 17K(128K)->17K(128K)
[69.966s][info][gc          ] GC(1269) Pause Young (Normal) (G1 Evacuation Pause) 154M->5M(256M) 10.443ms
[69.967s][info][gc,cpu      ] GC(1269) User=0.00s Sys=0.01s Real=0.02s
[70.011s][info][gc,start    ] GC(1270) Pause Young (Normal) (G1 Evacuation Pause)
[70.012s][info][gc,task     ] GC(1270) Using 6 workers of 8 for evacuation
[70.015s][info][gc,phases   ] GC(1270)   Pre Evacuate Collection Set: 0.3ms
[70.016s][info][gc,phases   ] GC(1270)   Merge Heap Roots: 0.3ms
[70.016s][info][gc,phases   ] GC(1270)   Evacuate Collection Set: 1.5ms
[70.016s][info][gc,phases   ] GC(1270)   Post Evacuate Collection Set: 0.8ms
[70.017s][info][gc,phases   ] GC(1270)   Other: 0.6ms
[70.017s][info][gc,heap     ] GC(1270) Eden regions: 150->0(149)
[70.017s][info][gc,heap     ] GC(1270) Survivor regions: 3->4(20)
[70.018s][info][gc,heap     ] GC(1270) Old regions: 2->2
[70.018s][info][gc,heap     ] GC(1270) Archive regions: 2->2
[70.018s][info][gc,heap     ] GC(1270) Humongous regions: 0->0
[70.019s][info][gc,metaspace] GC(1270) Metaspace: 615K(832K)->615K(832K) NonClass: 597K(704K)->597K(704K) Class: 17K(128K)->17K(128K)
[70.019s][info][gc          ] GC(1270) Pause Young (Normal) (G1 Evacuation Pause) 155M->6M(256M) 8.115ms
[70.019s][info][gc,cpu      ] GC(1270) User=0.01s Sys=0.00s Real=0.01s
[70.065s][info][gc,start    ] GC(1271) Pause Young (Normal) (G1 Evacuation Pause)
[70.066s][info][gc,task     ] GC(1271) Using 6 workers of 8 for evacuation
[70.069s][info][gc,phases   ] GC(1271)   Pre Evacuate Collection Set: 0.3ms
[70.069s][info][gc,phases   ] GC(1271)   Merge Heap Roots: 0.3ms
[70.069s][info][gc,phases   ] GC(1271)   Evacuate Collection Set: 1.2ms
[70.070s][info][gc,phases   ] GC(1271)   Post Evacuate Collection Set: 0.8ms
[70.070s][info][gc,phases   ] GC(1271)   Other: 0.6ms
[70.070s][info][gc,heap     ] GC(1271) Eden regions: 149->0(149)
[70.071s][info][gc,heap     ] GC(1271) Survivor regions: 4->4(20)
[70.071s][info][gc,heap     ] GC(1271) Old regions: 2->2
[70.071s][info][gc,heap     ] GC(1271) Archive regions: 2->2
[70.072s][info][gc,heap     ] GC(1271) Humongous regions: 0->0
[70.072s][info][gc,metaspace] GC(1271) Metaspace: 615K(832K)->615K(832K) NonClass: 597K(704K)->597K(704K) Class: 17K(128K)->17K(128K)
[70.073s][info][gc          ] GC(1271) Pause Young (Normal) (G1 Evacuation Pause) 155M->5M(256M) 7.710ms
[70.074s][info][gc,cpu      ] GC(1271) User=0.00s Sys=0.01s Real=0.01s
[70.118s][info][gc,start    ] GC(1272) Pause Young (Normal) (G1 Evacuation Pause)
[70.119s][info][gc,task     ] GC(1272) Using 6 workers of 8 for evacuation
[70.121s][info][gc,phases   ] GC(1272)   Pre Evacuate Collection Set: 0.3ms
[70.122s][info][gc,phases   ] GC(1272)   Merge Heap Roots: 0.2ms
[70.122s][info][gc,phases   ] GC(1272)   Evacuate Collection Set: 1.0ms
[70.123s][info][gc,phases   ] GC(1272)   Post Evacuate Collection Set: 0.7ms
[70.123s][info][gc,phases   ] GC(1272)   Other: 0.5ms
[70.124s][info][gc,heap     ] GC(1272) Eden regions: 149->0(149)
[70.125s][info][gc,heap     ] GC(1272) Survivor regions: 4->4(20)
[70.126s][info][gc,heap     ] GC(1272) Old regions: 2->2
[70.128s][info][gc,heap     ] GC(1272) Archive regions: 2->2
[70.128s][info][gc,heap     ] GC(1272) Humongous regions: 0->0
[70.129s][info][gc,metaspace] GC(1272) Metaspace: 615K(832K)->615K(832K) NonClass: 597K(704K)->597K(704K) Class: 17K(128K)->17K(128K)
[70.129s][info][gc          ] GC(1272) Pause Young (Normal) (G1 Evacuation Pause) 154M->5M(256M) 11.079ms
[70.130s][info][gc,cpu      ] GC(1272) User=0.01s Sys=0.00s Real=0.01s
[70.171s][info][gc,start    ] GC(1273) Pause Young (Normal) (G1 Evacuation Pause)
[70.171s][info][gc,task     ] GC(1273) Using 6 workers of 8 for evacuation
[70.176s][info][gc,phases   ] GC(1273)   Pre Evacuate Collection Set: 0.3ms
[70.177s][info][gc,phases   ] GC(1273)   Merge Heap Roots: 0.3ms
[70.177s][info][gc,phases   ] GC(1273)   Evacuate Collection Set: 1.7ms
[70.178s][info][gc,phases   ] GC(1273)   Post Evacuate Collection Set: 1.5ms
[70.178s][info][gc,phases   ] GC(1273)   Other: 0.6ms
[70.178s][info][gc,heap     ] GC(1273) Eden regions: 149->0(150)
[70.179s][info][gc,heap     ] GC(1273) Survivor regions: 4->3(20)
[70.179s][info][gc,heap     ] GC(1273) Old regions: 2->2
[70.180s][info][gc,heap     ] GC(1273) Archive regions: 2->2
[70.180s][info][gc,heap     ] GC(1273) Humongous regions: 0->0
[70.180s][info][gc,metaspace] GC(1273) Metaspace: 615K(832K)->615K(832K) NonClass: 597K(704K)->597K(704K) Class: 17K(128K)->17K(128K)
[70.181s][info][gc          ] GC(1273) Pause Young (Normal) (G1 Evacuation Pause) 154M->5M(256M) 9.801ms
[70.181s][info][gc,cpu      ] GC(1273) User=0.01s Sys=0.00s Real=0.01s
[70.221s][info][gc,start    ] GC(1274) Pause Young (Normal) (G1 Evacuation Pause)
[70.222s][info][gc,task     ] GC(1274) Using 6 workers of 8 for evacuation
[70.227s][info][gc,phases   ] GC(1274)   Pre Evacuate Collection Set: 0.3ms
[70.228s][info][gc,phases   ] GC(1274)   Merge Heap Roots: 0.3ms
[70.228s][info][gc,phases   ] GC(1274)   Evacuate Collection Set: 2.3ms
[70.228s][info][gc,phases   ] GC(1274)   Post Evacuate Collection Set: 2.3ms
[70.229s][info][gc,phases   ] GC(1274)   Other: 0.5ms
[70.229s][info][gc,heap     ] GC(1274) Eden regions: 150->0(149)
[70.230s][info][gc,heap     ] GC(1274) Survivor regions: 3->4(20)
[70.230s][info][gc,heap     ] GC(1274) Old regions: 2->2
[70.230s][info][gc,heap     ] GC(1274) Archive regions: 2->2
[70.231s][info][gc,heap     ] GC(1274) Humongous regions: 0->0
[70.231s][info][gc,metaspace] GC(1274) Metaspace: 615K(832K)->615K(832K) NonClass: 597K(704K)->597K(704K) Class: 17K(128K)->17K(128K)
[70.232s][info][gc          ] GC(1274) Pause Young (Normal) (G1 Evacuation Pause) 155M->6M(256M) 10.473ms
[70.232s][info][gc,cpu      ] GC(1274) User=0.00s Sys=0.01s Real=0.01s
[70.278s][info][gc,start    ] GC(1275) Pause Young (Normal) (G1 Evacuation Pause)
[70.281s][info][gc,task     ] GC(1275) Using 6 workers of 8 for evacuation
[70.284s][info][gc,phases   ] GC(1275)   Pre Evacuate Collection Set: 0.3ms
[70.285s][info][gc,phases   ] GC(1275)   Merge Heap Roots: 0.2ms
[70.286s][info][gc,phases   ] GC(1275)   Evacuate Collection Set: 1.2ms
[70.286s][info][gc,phases   ] GC(1275)   Post Evacuate Collection Set: 1.1ms
[70.286s][info][gc,phases   ] GC(1275)   Other: 0.8ms
[70.287s][info][gc,heap     ] GC(1275) Eden regions: 149->0(149)
[70.287s][info][gc,heap     ] GC(1275) Survivor regions: 4->4(20)
[70.288s][info][gc,heap     ] GC(1275) Old regions: 2->2
[70.288s][info][gc,heap     ] GC(1275) Archive regions: 2->2
[70.289s][info][gc,heap     ] GC(1275) Humongous regions: 0->0
[70.289s][info][gc,metaspace] GC(1275) Metaspace: 615K(832K)->615K(832K) NonClass: 597K(704K)->597K(704K) Class: 17K(128K)->17K(128K)
[70.290s][info][gc          ] GC(1275) Pause Young (Normal) (G1 Evacuation Pause) 155M->5M(256M) 12.391ms
[70.292s][info][gc,cpu      ] GC(1275) User=0.01s Sys=0.00s Real=0.01s
[70.338s][info][gc,start    ] GC(1276) Pause Young (Normal) (G1 Evacuation Pause)
[70.339s][info][gc,task     ] GC(1276) Using 6 workers of 8 for evacuation
[70.347s][info][gc,phases   ] GC(1276)   Pre Evacuate Collection Set: 0.6ms
[70.347s][info][gc,phases   ] GC(1276)   Merge Heap Roots: 0.6ms
[70.348s][info][gc,phases   ] GC(1276)   Evacuate Collection Set: 4.4ms
[70.348s][info][gc,phases   ] GC(1276)   Post Evacuate Collection Set: 1.2ms
[70.349s][info][gc,phases   ] GC(1276)   Other: 1.0ms
[70.349s][info][gc,heap     ] GC(1276) Eden regions: 149->0(150)
[70.349s][info][gc,heap     ] GC(1276) Survivor regions: 4->3(20)
[70.350s][info][gc,heap     ] GC(1276) Old regions: 2->2
[70.350s][info][gc,heap     ] GC(1276) Archive regions: 2->2
[70.350s][info][gc,heap     ] GC(1276) Humongous regions: 0->0
[70.351s][info][gc,metaspace] GC(1276) Metaspace: 615K(832K)->615K(832K) NonClass: 597K(704K)->597K(704K) Class: 17K(128K)->17K(128K)
[70.351s][info][gc          ] GC(1276) Pause Young (Normal) (G1 Evacuation Pause) 154M->5M(256M) 13.191ms
[70.352s][info][gc,cpu      ] GC(1276) User=0.00s Sys=0.02s Real=0.01s
[70.414s][info][gc,start    ] GC(1277) Pause Young (Normal) (G1 Evacuation Pause)
[70.415s][info][gc,task     ] GC(1277) Using 6 workers of 8 for evacuation
[70.418s][info][gc,phases   ] GC(1277)   Pre Evacuate Collection Set: 0.3ms
[70.419s][info][gc,phases   ] GC(1277)   Merge Heap Roots: 0.3ms
[70.419s][info][gc,phases   ] GC(1277)   Evacuate Collection Set: 1.4ms
[70.419s][info][gc,phases   ] GC(1277)   Post Evacuate Collection Set: 1.0ms
[70.419s][info][gc,phases   ] GC(1277)   Other: 0.6ms
[70.420s][info][gc,heap     ] GC(1277) Eden regions: 150->0(149)
[70.420s][info][gc,heap     ] GC(1277) Survivor regions: 3->4(20)
[70.420s][info][gc,heap     ] GC(1277) Old regions: 2->2
[70.421s][info][gc,heap     ] GC(1277) Archive regions: 2->2
[70.421s][info][gc,heap     ] GC(1277) Humongous regions: 0->0
[70.421s][info][gc,metaspace] GC(1277) Metaspace: 615K(832K)->615K(832K) NonClass: 597K(704K)->597K(704K) Class: 17K(128K)->17K(128K)
[70.422s][info][gc          ] GC(1277) Pause Young (Normal) (G1 Evacuation Pause) 155M->6M(256M) 7.832ms
[70.422s][info][gc,cpu      ] GC(1277) User=0.01s Sys=0.00s Real=0.01s
[70.480s][info][gc,start    ] GC(1278) Pause Young (Normal) (G1 Evacuation Pause)
[70.481s][info][gc,task     ] GC(1278) Using 6 workers of 8 for evacuation
[70.485s][info][gc,phases   ] GC(1278)   Pre Evacuate Collection Set: 0.6ms
[70.486s][info][gc,phases   ] GC(1278)   Merge Heap Roots: 0.2ms
[70.487s][info][gc,phases   ] GC(1278)   Evacuate Collection Set: 1.4ms
[70.487s][info][gc,phases   ] GC(1278)   Post Evacuate Collection Set: 0.9ms
[70.488s][info][gc,phases   ] GC(1278)   Other: 0.8ms
[70.489s][info][gc,heap     ] GC(1278) Eden regions: 149->0(149)
[70.490s][info][gc,heap     ] GC(1278) Survivor regions: 4->4(20)
[70.491s][info][gc,heap     ] GC(1278) Old regions: 2->2
[70.492s][info][gc,heap     ] GC(1278) Archive regions: 2->2
[70.493s][info][gc,heap     ] GC(1278) Humongous regions: 0->0
[70.493s][info][gc,metaspace] GC(1278) Metaspace: 615K(832K)->615K(832K) NonClass: 597K(704K)->597K(704K) Class: 17K(128K)->17K(128K)
[70.495s][info][gc          ] GC(1278) Pause Young (Normal) (G1 Evacuation Pause) 155M->5M(256M) 15.126ms
[70.497s][info][gc,cpu      ] GC(1278) User=0.00s Sys=0.00s Real=0.02s
[70.562s][info][gc,start    ] GC(1279) Pause Young (Normal) (G1 Evacuation Pause)
[70.563s][info][gc,task     ] GC(1279) Using 6 workers of 8 for evacuation
[70.566s][info][gc,phases   ] GC(1279)   Pre Evacuate Collection Set: 0.8ms
[70.567s][info][gc,phases   ] GC(1279)   Merge Heap Roots: 0.2ms
[70.568s][info][gc,phases   ] GC(1279)   Evacuate Collection Set: 1.3ms
[70.568s][info][gc,phases   ] GC(1279)   Post Evacuate Collection Set: 0.9ms
[70.569s][info][gc,phases   ] GC(1279)   Other: 0.5ms
[70.569s][info][gc,heap     ] GC(1279) Eden regions: 149->0(149)
[70.569s][info][gc,heap     ] GC(1279) Survivor regions: 4->4(20)
[70.570s][info][gc,heap     ] GC(1279) Old regions: 2->2
[70.570s][info][gc,heap     ] GC(1279) Archive regions: 2->2
[70.571s][info][gc,heap     ] GC(1279) Humongous regions: 0->0
[70.571s][info][gc,metaspace] GC(1279) Metaspace: 615K(832K)->615K(832K) NonClass: 597K(704K)->597K(704K) Class: 17K(128K)->17K(128K)
[70.572s][info][gc          ] GC(1279) Pause Young (Normal) (G1 Evacuation Pause) 154M->5M(256M) 9.322ms
[70.572s][info][gc,cpu      ] GC(1279) User=0.00s Sys=0.00s Real=0.01s
[70.632s][info][gc,start    ] GC(1280) Pause Young (Normal) (G1 Evacuation Pause)
[70.633s][info][gc,task     ] GC(1280) Using 6 workers of 8 for evacuation
[70.636s][info][gc,phases   ] GC(1280)   Pre Evacuate Collection Set: 0.3ms
[70.636s][info][gc,phases   ] GC(1280)   Merge Heap Roots: 0.2ms
[70.636s][info][gc,phases   ] GC(1280)   Evacuate Collection Set: 1.0ms
[70.637s][info][gc,phases   ] GC(1280)   Post Evacuate Collection Set: 0.9ms
[70.637s][info][gc,phases   ] GC(1280)   Other: 0.5ms
[70.637s][info][gc,heap     ] GC(1280) Eden regions: 149->0(150)
[70.638s][info][gc,heap     ] GC(1280) Survivor regions: 4->3(20)
[70.638s][info][gc,heap     ] GC(1280) Old regions: 2->2
[70.639s][info][gc,heap     ] GC(1280) Archive regions: 2->2
[70.639s][info][gc,heap     ] GC(1280) Humongous regions: 0->0
[70.640s][info][gc,metaspace] GC(1280) Metaspace: 615K(832K)->615K(832K) NonClass: 597K(704K)->597K(704K) Class: 17K(128K)->17K(128K)
[70.641s][info][gc          ] GC(1280) Pause Young (Normal) (G1 Evacuation Pause) 154M->5M(256M) 8.541ms
[70.642s][info][gc,cpu      ] GC(1280) User=0.01s Sys=0.00s Real=0.01s
[70.689s][info][gc,start    ] GC(1281) Pause Young (Normal) (G1 Evacuation Pause)
[70.690s][info][gc,task     ] GC(1281) Using 6 workers of 8 for evacuation
[70.695s][info][gc,phases   ] GC(1281)   Pre Evacuate Collection Set: 0.5ms
[70.696s][info][gc,phases   ] GC(1281)   Merge Heap Roots: 0.5ms
[70.696s][info][gc,phases   ] GC(1281)   Evacuate Collection Set: 1.9ms
[70.697s][info][gc,phases   ] GC(1281)   Post Evacuate Collection Set: 1.0ms
[70.697s][info][gc,phases   ] GC(1281)   Other: 1.3ms
[70.698s][info][gc,heap     ] GC(1281) Eden regions: 150->0(149)
[70.698s][info][gc,heap     ] GC(1281) Survivor regions: 3->4(20)
[70.698s][info][gc,heap     ] GC(1281) Old regions: 2->2
[70.699s][info][gc,heap     ] GC(1281) Archive regions: 2->2
[70.699s][info][gc,heap     ] GC(1281) Humongous regions: 0->0
[70.699s][info][gc,metaspace] GC(1281) Metaspace: 615K(832K)->615K(832K) NonClass: 597K(704K)->597K(704K) Class: 17K(128K)->17K(128K)
[70.700s][info][gc          ] GC(1281) Pause Young (Normal) (G1 Evacuation Pause) 155M->6M(256M) 10.592ms
[70.700s][info][gc,cpu      ] GC(1281) User=0.01s Sys=0.00s Real=0.01s
[70.746s][info][gc,start    ] GC(1282) Pause Young (Normal) (G1 Evacuation Pause)
[70.746s][info][gc,task     ] GC(1282) Using 6 workers of 8 for evacuation
[70.749s][info][gc,phases   ] GC(1282)   Pre Evacuate Collection Set: 0.3ms
[70.750s][info][gc,phases   ] GC(1282)   Merge Heap Roots: 0.2ms
[70.750s][info][gc,phases   ] GC(1282)   Evacuate Collection Set: 0.9ms
[70.750s][info][gc,phases   ] GC(1282)   Post Evacuate Collection Set: 0.7ms
[70.751s][info][gc,phases   ] GC(1282)   Other: 0.6ms
[70.751s][info][gc,heap     ] GC(1282) Eden regions: 149->0(149)
[70.751s][info][gc,heap     ] GC(1282) Survivor regions: 4->4(20)
[70.752s][info][gc,heap     ] GC(1282) Old regions: 2->2
[70.752s][info][gc,heap     ] GC(1282) Archive regions: 2->2
[70.752s][info][gc,heap     ] GC(1282) Humongous regions: 0->0
[70.753s][info][gc,metaspace] GC(1282) Metaspace: 615K(832K)->615K(832K) NonClass: 597K(704K)->597K(704K) Class: 17K(128K)->17K(128K)
[70.753s][info][gc          ] GC(1282) Pause Young (Normal) (G1 Evacuation Pause) 155M->5M(256M) 7.576ms
[70.754s][info][gc,cpu      ] GC(1282) User=0.01s Sys=0.00s Real=0.01s
[70.804s][info][gc,start    ] GC(1283) Pause Young (Normal) (G1 Evacuation Pause)
[70.805s][info][gc,task     ] GC(1283) Using 6 workers of 8 for evacuation
[70.820s][info][gc,phases   ] GC(1283)   Pre Evacuate Collection Set: 0.4ms
[70.821s][info][gc,phases   ] GC(1283)   Merge Heap Roots: 0.2ms
[70.821s][info][gc,phases   ] GC(1283)   Evacuate Collection Set: 13.2ms
[70.822s][info][gc,phases   ] GC(1283)   Post Evacuate Collection Set: 1.3ms
[70.823s][info][gc,phases   ] GC(1283)   Other: 0.6ms
[70.826s][info][gc,heap     ] GC(1283) Eden regions: 149->0(150)
[70.836s][info][gc,heap     ] GC(1283) Survivor regions: 4->3(20)
[70.837s][info][gc,heap     ] GC(1283) Old regions: 2->2
[70.837s][info][gc,heap     ] GC(1283) Archive regions: 2->2
[70.837s][info][gc,heap     ] GC(1283) Humongous regions: 0->0
[70.838s][info][gc,metaspace] GC(1283) Metaspace: 615K(832K)->615K(832K) NonClass: 597K(704K)->597K(704K) Class: 17K(128K)->17K(128K)
[70.838s][info][gc          ] GC(1283) Pause Young (Normal) (G1 Evacuation Pause) 154M->5M(256M) 34.062ms
[70.839s][info][gc,cpu      ] GC(1283) User=0.01s Sys=0.01s Real=0.04s
[70.899s][info][gc,start    ] GC(1284) Pause Young (Normal) (G1 Evacuation Pause)
[70.899s][info][gc,task     ] GC(1284) Using 6 workers of 8 for evacuation
[70.903s][info][gc,phases   ] GC(1284)   Pre Evacuate Collection Set: 0.6ms
[70.904s][info][gc,phases   ] GC(1284)   Merge Heap Roots: 0.4ms
[70.904s][info][gc,phases   ] GC(1284)   Evacuate Collection Set: 1.4ms
[70.905s][info][gc,phases   ] GC(1284)   Post Evacuate Collection Set: 1.0ms
[70.905s][info][gc,phases   ] GC(1284)   Other: 0.6ms
[70.905s][info][gc,heap     ] GC(1284) Eden regions: 150->0(149)
[70.906s][info][gc,heap     ] GC(1284) Survivor regions: 3->4(20)
[70.907s][info][gc,heap     ] GC(1284) Old regions: 2->2
[70.908s][info][gc,heap     ] GC(1284) Archive regions: 2->2
[70.908s][info][gc,heap     ] GC(1284) Humongous regions: 0->0
[70.909s][info][gc,metaspace] GC(1284) Metaspace: 615K(832K)->615K(832K) NonClass: 597K(704K)->597K(704K) Class: 17K(128K)->17K(128K)
[70.910s][info][gc          ] GC(1284) Pause Young (Normal) (G1 Evacuation Pause) 155M->6M(256M) 11.266ms
[70.911s][info][gc,cpu      ] GC(1284) User=0.01s Sys=0.00s Real=0.01s
[70.959s][info][gc,start    ] GC(1285) Pause Young (Normal) (G1 Evacuation Pause)
[70.960s][info][gc,task     ] GC(1285) Using 6 workers of 8 for evacuation
[70.964s][info][gc,phases   ] GC(1285)   Pre Evacuate Collection Set: 0.3ms
[70.965s][info][gc,phases   ] GC(1285)   Merge Heap Roots: 0.3ms
[70.965s][info][gc,phases   ] GC(1285)   Evacuate Collection Set: 1.7ms
[70.966s][info][gc,phases   ] GC(1285)   Post Evacuate Collection Set: 1.1ms
[70.966s][info][gc,phases   ] GC(1285)   Other: 0.8ms
[70.966s][info][gc,heap     ] GC(1285) Eden regions: 149->0(149)
[70.967s][info][gc,heap     ] GC(1285) Survivor regions: 4->4(20)
[70.967s][info][gc,heap     ] GC(1285) Old regions: 2->2
[70.968s][info][gc,heap     ] GC(1285) Archive regions: 2->2
[70.968s][info][gc,heap     ] GC(1285) Humongous regions: 0->0
[70.968s][info][gc,metaspace] GC(1285) Metaspace: 615K(832K)->615K(832K) NonClass: 597K(704K)->597K(704K) Class: 17K(128K)->17K(128K)
[70.969s][info][gc          ] GC(1285) Pause Young (Normal) (G1 Evacuation Pause) 155M->5M(256M) 9.597ms
[70.969s][info][gc,cpu      ] GC(1285) User=0.00s Sys=0.00s Real=0.01s
[71.019s][info][gc,start    ] GC(1286) Pause Young (Normal) (G1 Evacuation Pause)
[71.019s][info][gc,task     ] GC(1286) Using 6 workers of 8 for evacuation
[71.022s][info][gc,phases   ] GC(1286)   Pre Evacuate Collection Set: 0.3ms
[71.023s][info][gc,phases   ] GC(1286)   Merge Heap Roots: 0.3ms
[71.023s][info][gc,phases   ] GC(1286)   Evacuate Collection Set: 0.7ms
[71.024s][info][gc,phases   ] GC(1286)   Post Evacuate Collection Set: 0.8ms
[71.026s][info][gc,phases   ] GC(1286)   Other: 0.5ms
[71.027s][info][gc,heap     ] GC(1286) Eden regions: 149->0(150)
[71.027s][info][gc,heap     ] GC(1286) Survivor regions: 4->3(20)
[71.028s][info][gc,heap     ] GC(1286) Old regions: 2->2
[71.028s][info][gc,heap     ] GC(1286) Archive regions: 2->2
[71.028s][info][gc,heap     ] GC(1286) Humongous regions: 0->0
[71.029s][info][gc,metaspace] GC(1286) Metaspace: 615K(832K)->615K(832K) NonClass: 597K(704K)->597K(704K) Class: 17K(128K)->17K(128K)
[71.029s][info][gc          ] GC(1286) Pause Young (Normal) (G1 Evacuation Pause) 154M->5M(256M) 10.437ms
[71.030s][info][gc,cpu      ] GC(1286) User=0.01s Sys=0.00s Real=0.01s
[71.079s][info][gc,start    ] GC(1287) Pause Young (Normal) (G1 Evacuation Pause)
[71.080s][info][gc,task     ] GC(1287) Using 6 workers of 8 for evacuation
[71.084s][info][gc,phases   ] GC(1287)   Pre Evacuate Collection Set: 0.4ms
[71.084s][info][gc,phases   ] GC(1287)   Merge Heap Roots: 0.3ms
[71.085s][info][gc,phases   ] GC(1287)   Evacuate Collection Set: 1.5ms
[71.085s][info][gc,phases   ] GC(1287)   Post Evacuate Collection Set: 0.9ms
[71.085s][info][gc,phases   ] GC(1287)   Other: 0.7ms
[71.086s][info][gc,heap     ] GC(1287) Eden regions: 150->0(149)
[71.086s][info][gc,heap     ] GC(1287) Survivor regions: 3->4(20)
[71.087s][info][gc,heap     ] GC(1287) Old regions: 2->2
[71.087s][info][gc,heap     ] GC(1287) Archive regions: 2->2
[71.087s][info][gc,heap     ] GC(1287) Humongous regions: 0->0
[71.088s][info][gc,metaspace] GC(1287) Metaspace: 615K(832K)->615K(832K) NonClass: 597K(704K)->597K(704K) Class: 17K(128K)->17K(128K)
[71.088s][info][gc          ] GC(1287) Pause Young (Normal) (G1 Evacuation Pause) 155M->6M(256M) 8.661ms
[71.088s][info][gc,cpu      ] GC(1287) User=0.01s Sys=0.00s Real=0.01s
[71.142s][info][gc,start    ] GC(1288) Pause Young (Normal) (G1 Evacuation Pause)
[71.144s][info][gc,task     ] GC(1288) Using 6 workers of 8 for evacuation
[71.147s][info][gc,phases   ] GC(1288)   Pre Evacuate Collection Set: 0.3ms
[71.148s][info][gc,phases   ] GC(1288)   Merge Heap Roots: 0.3ms
[71.148s][info][gc,phases   ] GC(1288)   Evacuate Collection Set: 1.2ms
[71.149s][info][gc,phases   ] GC(1288)   Post Evacuate Collection Set: 1.2ms
[71.149s][info][gc,phases   ] GC(1288)   Other: 0.7ms
[71.150s][info][gc,heap     ] GC(1288) Eden regions: 149->0(149)
[71.150s][info][gc,heap     ] GC(1288) Survivor regions: 4->4(20)
[71.150s][info][gc,heap     ] GC(1288) Old regions: 2->2
[71.151s][info][gc,heap     ] GC(1288) Archive regions: 2->2
[71.151s][info][gc,heap     ] GC(1288) Humongous regions: 0->0
[71.151s][info][gc,metaspace] GC(1288) Metaspace: 615K(832K)->615K(832K) NonClass: 597K(704K)->597K(704K) Class: 17K(128K)->17K(128K)
[71.152s][info][gc          ] GC(1288) Pause Young (Normal) (G1 Evacuation Pause) 155M->5M(256M) 9.706ms
[71.152s][info][gc,cpu      ] GC(1288) User=0.01s Sys=0.00s Real=0.01s
[71.214s][info][gc,start    ] GC(1289) Pause Young (Normal) (G1 Evacuation Pause)
[71.215s][info][gc,task     ] GC(1289) Using 6 workers of 8 for evacuation
[71.220s][info][gc,phases   ] GC(1289)   Pre Evacuate Collection Set: 0.4ms
[71.220s][info][gc,phases   ] GC(1289)   Merge Heap Roots: 0.3ms
[71.221s][info][gc,phases   ] GC(1289)   Evacuate Collection Set: 2.9ms
[71.221s][info][gc,phases   ] GC(1289)   Post Evacuate Collection Set: 0.9ms
[71.221s][info][gc,phases   ] GC(1289)   Other: 0.6ms
[71.222s][info][gc,heap     ] GC(1289) Eden regions: 149->0(149)
[71.222s][info][gc,heap     ] GC(1289) Survivor regions: 4->4(20)
[71.224s][info][gc,heap     ] GC(1289) Old regions: 2->2
[71.225s][info][gc,heap     ] GC(1289) Archive regions: 2->2
[71.226s][info][gc,heap     ] GC(1289) Humongous regions: 0->0
[71.228s][info][gc,metaspace] GC(1289) Metaspace: 615K(832K)->615K(832K) NonClass: 597K(704K)->597K(704K) Class: 17K(128K)->17K(128K)
[71.228s][info][gc          ] GC(1289) Pause Young (Normal) (G1 Evacuation Pause) 154M->5M(256M) 14.626ms
[71.229s][info][gc,cpu      ] GC(1289) User=0.01s Sys=0.00s Real=0.02s
[71.294s][info][gc,start    ] GC(1290) Pause Young (Normal) (G1 Evacuation Pause)
[71.296s][info][gc,task     ] GC(1290) Using 6 workers of 8 for evacuation
[71.299s][info][gc,phases   ] GC(1290)   Pre Evacuate Collection Set: 0.3ms
[71.300s][info][gc,phases   ] GC(1290)   Merge Heap Roots: 0.3ms
[71.302s][info][gc,phases   ] GC(1290)   Evacuate Collection Set: 1.2ms
[71.302s][info][gc,phases   ] GC(1290)   Post Evacuate Collection Set: 0.9ms
[71.303s][info][gc,phases   ] GC(1290)   Other: 0.8ms
[71.304s][info][gc,heap     ] GC(1290) Eden regions: 149->0(150)
[71.304s][info][gc,heap     ] GC(1290) Survivor regions: 4->3(20)
[71.305s][info][gc,heap     ] GC(1290) Old regions: 2->2
[71.306s][info][gc,heap     ] GC(1290) Archive regions: 2->2
[71.309s][info][gc,heap     ] GC(1290) Humongous regions: 0->0
[71.312s][info][gc,metaspace] GC(1290) Metaspace: 615K(832K)->615K(832K) NonClass: 597K(704K)->597K(704K) Class: 17K(128K)->17K(128K)
[71.312s][info][gc          ] GC(1290) Pause Young (Normal) (G1 Evacuation Pause) 154M->5M(256M) 18.316ms
[71.313s][info][gc,cpu      ] GC(1290) User=0.01s Sys=0.00s Real=0.02s
[71.367s][info][gc,start    ] GC(1291) Pause Young (Normal) (G1 Evacuation Pause)
[71.368s][info][gc,task     ] GC(1291) Using 6 workers of 8 for evacuation
[71.371s][info][gc,phases   ] GC(1291)   Pre Evacuate Collection Set: 0.2ms
[71.372s][info][gc,phases   ] GC(1291)   Merge Heap Roots: 0.3ms
[71.379s][info][gc,phases   ] GC(1291)   Evacuate Collection Set: 1.5ms
[71.382s][info][gc,phases   ] GC(1291)   Post Evacuate Collection Set: 1.0ms
[71.383s][info][gc,phases   ] GC(1291)   Other: 0.6ms
[71.383s][info][gc,heap     ] GC(1291) Eden regions: 150->0(149)
[71.384s][info][gc,heap     ] GC(1291) Survivor regions: 3->4(20)
[71.384s][info][gc,heap     ] GC(1291) Old regions: 2->2
[71.385s][info][gc,heap     ] GC(1291) Archive regions: 2->2
[71.385s][info][gc,heap     ] GC(1291) Humongous regions: 0->0
[71.386s][info][gc,metaspace] GC(1291) Metaspace: 615K(832K)->615K(832K) NonClass: 597K(704K)->597K(704K) Class: 17K(128K)->17K(128K)
[71.386s][info][gc          ] GC(1291) Pause Young (Normal) (G1 Evacuation Pause) 155M->6M(256M) 19.285ms
[71.387s][info][gc,cpu      ] GC(1291) User=0.01s Sys=0.01s Real=0.02s
[71.449s][info][gc,start    ] GC(1292) Pause Young (Normal) (G1 Evacuation Pause)
[71.449s][info][gc,task     ] GC(1292) Using 6 workers of 8 for evacuation
[71.455s][info][gc,phases   ] GC(1292)   Pre Evacuate Collection Set: 0.3ms
[71.456s][info][gc,phases   ] GC(1292)   Merge Heap Roots: 0.4ms
[71.456s][info][gc,phases   ] GC(1292)   Evacuate Collection Set: 2.6ms
[71.458s][info][gc,phases   ] GC(1292)   Post Evacuate Collection Set: 1.4ms
[71.460s][info][gc,phases   ] GC(1292)   Other: 0.7ms
[71.462s][info][gc,heap     ] GC(1292) Eden regions: 149->0(149)
[71.462s][info][gc,heap     ] GC(1292) Survivor regions: 4->4(20)
[71.463s][info][gc,heap     ] GC(1292) Old regions: 2->2
[71.464s][info][gc,heap     ] GC(1292) Archive regions: 2->2
[71.464s][info][gc,heap     ] GC(1292) Humongous regions: 0->0
[71.465s][info][gc,metaspace] GC(1292) Metaspace: 615K(832K)->615K(832K) NonClass: 597K(704K)->597K(704K) Class: 17K(128K)->17K(128K)
[71.465s][info][gc          ] GC(1292) Pause Young (Normal) (G1 Evacuation Pause) 155M->5M(256M) 16.496ms
[71.466s][info][gc,cpu      ] GC(1292) User=0.01s Sys=0.00s Real=0.01s
[71.528s][info][gc,start    ] GC(1293) Pause Young (Normal) (G1 Evacuation Pause)
[71.529s][info][gc,task     ] GC(1293) Using 6 workers of 8 for evacuation
[71.532s][info][gc,phases   ] GC(1293)   Pre Evacuate Collection Set: 0.4ms
[71.533s][info][gc,phases   ] GC(1293)   Merge Heap Roots: 0.3ms
[71.533s][info][gc,phases   ] GC(1293)   Evacuate Collection Set: 1.3ms
[71.534s][info][gc,phases   ] GC(1293)   Post Evacuate Collection Set: 0.9ms
[71.535s][info][gc,phases   ] GC(1293)   Other: 0.7ms
[71.535s][info][gc,heap     ] GC(1293) Eden regions: 149->0(149)
[71.535s][info][gc,heap     ] GC(1293) Survivor regions: 4->4(20)
[71.536s][info][gc,heap     ] GC(1293) Old regions: 2->2
[71.536s][info][gc,heap     ] GC(1293) Archive regions: 2->2
[71.537s][info][gc,heap     ] GC(1293) Humongous regions: 0->0
[71.538s][info][gc,metaspace] GC(1293) Metaspace: 615K(832K)->615K(832K) NonClass: 597K(704K)->597K(704K) Class: 17K(128K)->17K(128K)
[71.538s][info][gc          ] GC(1293) Pause Young (Normal) (G1 Evacuation Pause) 154M->5M(256M) 10.445ms
[71.540s][info][gc,cpu      ] GC(1293) User=0.01s Sys=0.00s Real=0.01s
[71.601s][info][gc,start    ] GC(1294) Pause Young (Normal) (G1 Evacuation Pause)
[71.601s][info][gc,task     ] GC(1294) Using 6 workers of 8 for evacuation
[71.606s][info][gc,phases   ] GC(1294)   Pre Evacuate Collection Set: 0.4ms
[71.608s][info][gc,phases   ] GC(1294)   Merge Heap Roots: 0.7ms
[71.609s][info][gc,phases   ] GC(1294)   Evacuate Collection Set: 1.4ms
[71.610s][info][gc,phases   ] GC(1294)   Post Evacuate Collection Set: 1.5ms
[71.611s][info][gc,phases   ] GC(1294)   Other: 0.6ms
[71.612s][info][gc,heap     ] GC(1294) Eden regions: 149->0(150)
[71.612s][info][gc,heap     ] GC(1294) Survivor regions: 4->3(20)
[71.613s][info][gc,heap     ] GC(1294) Old regions: 2->2
[71.614s][info][gc,heap     ] GC(1294) Archive regions: 2->2
[71.614s][info][gc,heap     ] GC(1294) Humongous regions: 0->0
[71.614s][info][gc,metaspace] GC(1294) Metaspace: 615K(832K)->615K(832K) NonClass: 597K(704K)->597K(704K) Class: 17K(128K)->17K(128K)
[71.615s][info][gc          ] GC(1294) Pause Young (Normal) (G1 Evacuation Pause) 154M->5M(256M) 14.270ms
[71.615s][info][gc,cpu      ] GC(1294) User=0.01s Sys=0.00s Real=0.01s
[71.667s][info][gc,start    ] GC(1295) Pause Young (Normal) (G1 Evacuation Pause)
[71.668s][info][gc,task     ] GC(1295) Using 6 workers of 8 for evacuation
[71.671s][info][gc,phases   ] GC(1295)   Pre Evacuate Collection Set: 0.3ms
[71.671s][info][gc,phases   ] GC(1295)   Merge Heap Roots: 0.2ms
[71.672s][info][gc,phases   ] GC(1295)   Evacuate Collection Set: 1.3ms
[71.672s][info][gc,phases   ] GC(1295)   Post Evacuate Collection Set: 1.1ms
[71.673s][info][gc,phases   ] GC(1295)   Other: 0.4ms
[71.673s][info][gc,heap     ] GC(1295) Eden regions: 150->0(149)
[71.674s][info][gc,heap     ] GC(1295) Survivor regions: 3->4(20)
[71.675s][info][gc,heap     ] GC(1295) Old regions: 2->2
[71.676s][info][gc,heap     ] GC(1295) Archive regions: 2->2
[71.677s][info][gc,heap     ] GC(1295) Humongous regions: 0->0
[71.677s][info][gc,metaspace] GC(1295) Metaspace: 615K(832K)->615K(832K) NonClass: 597K(704K)->597K(704K) Class: 17K(128K)->17K(128K)
[71.678s][info][gc          ] GC(1295) Pause Young (Normal) (G1 Evacuation Pause) 155M->6M(256M) 10.795ms
[71.678s][info][gc,cpu      ] GC(1295) User=0.01s Sys=0.00s Real=0.01s
[71.722s][info][gc,start    ] GC(1296) Pause Young (Normal) (G1 Evacuation Pause)
[71.722s][info][gc,task     ] GC(1296) Using 6 workers of 8 for evacuation
[71.728s][info][gc,phases   ] GC(1296)   Pre Evacuate Collection Set: 0.5ms
[71.728s][info][gc,phases   ] GC(1296)   Merge Heap Roots: 0.6ms
[71.729s][info][gc,phases   ] GC(1296)   Evacuate Collection Set: 2.6ms
[71.729s][info][gc,phases   ] GC(1296)   Post Evacuate Collection Set: 1.2ms
[71.730s][info][gc,phases   ] GC(1296)   Other: 0.7ms
[71.730s][info][gc,heap     ] GC(1296) Eden regions: 149->0(150)
[71.731s][info][gc,heap     ] GC(1296) Survivor regions: 4->3(20)
[71.731s][info][gc,heap     ] GC(1296) Old regions: 2->2
[71.732s][info][gc,heap     ] GC(1296) Archive regions: 2->2
[71.732s][info][gc,heap     ] GC(1296) Humongous regions: 0->0
[71.732s][info][gc,metaspace] GC(1296) Metaspace: 615K(832K)->615K(832K) NonClass: 597K(704K)->597K(704K) Class: 17K(128K)->17K(128K)
[71.733s][info][gc          ] GC(1296) Pause Young (Normal) (G1 Evacuation Pause) 155M->5M(256M) 11.221ms
[71.733s][info][gc,cpu      ] GC(1296) User=0.02s Sys=0.00s Real=0.01s
[71.788s][info][gc,start    ] GC(1297) Pause Young (Normal) (G1 Evacuation Pause)
[71.796s][info][gc,task     ] GC(1297) Using 6 workers of 8 for evacuation
[71.803s][info][gc,phases   ] GC(1297)   Pre Evacuate Collection Set: 0.3ms
[71.803s][info][gc,phases   ] GC(1297)   Merge Heap Roots: 0.2ms
[71.804s][info][gc,phases   ] GC(1297)   Evacuate Collection Set: 4.1ms
[71.804s][info][gc,phases   ] GC(1297)   Post Evacuate Collection Set: 0.9ms
[71.804s][info][gc,phases   ] GC(1297)   Other: 1.3ms
[71.805s][info][gc,heap     ] GC(1297) Eden regions: 150->0(149)
[71.805s][info][gc,heap     ] GC(1297) Survivor regions: 3->4(20)
[71.806s][info][gc,heap     ] GC(1297) Old regions: 2->2
[71.806s][info][gc,heap     ] GC(1297) Archive regions: 2->2
[71.807s][info][gc,heap     ] GC(1297) Humongous regions: 0->0
[71.807s][info][gc,metaspace] GC(1297) Metaspace: 615K(832K)->615K(832K) NonClass: 597K(704K)->597K(704K) Class: 17K(128K)->17K(128K)
[71.812s][info][gc          ] GC(1297) Pause Young (Normal) (G1 Evacuation Pause) 155M->6M(256M) 23.213ms
[71.812s][info][gc,cpu      ] GC(1297) User=0.01s Sys=0.00s Real=0.02s
[71.879s][info][gc,start    ] GC(1298) Pause Young (Normal) (G1 Evacuation Pause)
[71.881s][info][gc,task     ] GC(1298) Using 6 workers of 8 for evacuation
[71.885s][info][gc,phases   ] GC(1298)   Pre Evacuate Collection Set: 0.3ms
[71.885s][info][gc,phases   ] GC(1298)   Merge Heap Roots: 0.3ms
[71.886s][info][gc,phases   ] GC(1298)   Evacuate Collection Set: 1.3ms
[71.886s][info][gc,phases   ] GC(1298)   Post Evacuate Collection Set: 1.0ms
[71.887s][info][gc,phases   ] GC(1298)   Other: 0.6ms
[71.888s][info][gc,heap     ] GC(1298) Eden regions: 149->0(149)
[71.888s][info][gc,heap     ] GC(1298) Survivor regions: 4->4(20)
[71.889s][info][gc,heap     ] GC(1298) Old regions: 2->2
[71.889s][info][gc,heap     ] GC(1298) Archive regions: 2->2
[71.890s][info][gc,heap     ] GC(1298) Humongous regions: 0->0
[71.890s][info][gc,metaspace] GC(1298) Metaspace: 615K(832K)->615K(832K) NonClass: 597K(704K)->597K(704K) Class: 17K(128K)->17K(128K)
[71.890s][info][gc          ] GC(1298) Pause Young (Normal) (G1 Evacuation Pause) 155M->6M(256M) 11.020ms
[71.891s][info][gc,cpu      ] GC(1298) User=0.01s Sys=0.00s Real=0.01s
[71.932s][info][gc,start    ] GC(1299) Pause Young (Normal) (G1 Evacuation Pause)
[71.932s][info][gc,task     ] GC(1299) Using 6 workers of 8 for evacuation
[71.935s][info][gc,phases   ] GC(1299)   Pre Evacuate Collection Set: 0.3ms
[71.936s][info][gc,phases   ] GC(1299)   Merge Heap Roots: 0.2ms
[71.936s][info][gc,phases   ] GC(1299)   Evacuate Collection Set: 1.3ms
[71.936s][info][gc,phases   ] GC(1299)   Post Evacuate Collection Set: 0.8ms
[71.937s][info][gc,phases   ] GC(1299)   Other: 0.4ms
[71.937s][info][gc,heap     ] GC(1299) Eden regions: 149->0(149)
[71.937s][info][gc,heap     ] GC(1299) Survivor regions: 4->4(20)
[71.937s][info][gc,heap     ] GC(1299) Old regions: 2->2
[71.938s][info][gc,heap     ] GC(1299) Archive regions: 2->2
[71.938s][info][gc,heap     ] GC(1299) Humongous regions: 0->0
[71.938s][info][gc,metaspace] GC(1299) Metaspace: 615K(832K)->615K(832K) NonClass: 597K(704K)->597K(704K) Class: 17K(128K)->17K(128K)
[71.939s][info][gc          ] GC(1299) Pause Young (Normal) (G1 Evacuation Pause) 155M->5M(256M) 7.082ms
[71.939s][info][gc,cpu      ] GC(1299) User=0.01s Sys=0.00s Real=0.01s
[71.980s][info][gc,start    ] GC(1300) Pause Young (Normal) (G1 Evacuation Pause)
[71.981s][info][gc,task     ] GC(1300) Using 6 workers of 8 for evacuation
[71.984s][info][gc,phases   ] GC(1300)   Pre Evacuate Collection Set: 0.3ms
[71.985s][info][gc,phases   ] GC(1300)   Merge Heap Roots: 0.2ms
[71.985s][info][gc,phases   ] GC(1300)   Evacuate Collection Set: 1.1ms
[71.985s][info][gc,phases   ] GC(1300)   Post Evacuate Collection Set: 0.9ms
[71.986s][info][gc,phases   ] GC(1300)   Other: 0.6ms
[71.986s][info][gc,heap     ] GC(1300) Eden regions: 149->0(150)
[71.987s][info][gc,heap     ] GC(1300) Survivor regions: 4->3(20)
[71.987s][info][gc,heap     ] GC(1300) Old regions: 2->2
[71.987s][info][gc,heap     ] GC(1300) Archive regions: 2->2
[71.987s][info][gc,heap     ] GC(1300) Humongous regions: 0->0
[71.988s][info][gc,metaspace] GC(1300) Metaspace: 615K(832K)->615K(832K) NonClass: 597K(704K)->597K(704K) Class: 17K(128K)->17K(128K)
[71.988s][info][gc          ] GC(1300) Pause Young (Normal) (G1 Evacuation Pause) 154M->5M(256M) 7.738ms
[71.989s][info][gc,cpu      ] GC(1300) User=0.00s Sys=0.00s Real=0.01s
[72.032s][info][gc,start    ] GC(1301) Pause Young (Normal) (G1 Evacuation Pause)
[72.032s][info][gc,task     ] GC(1301) Using 6 workers of 8 for evacuation
[72.035s][info][gc,phases   ] GC(1301)   Pre Evacuate Collection Set: 0.3ms
[72.036s][info][gc,phases   ] GC(1301)   Merge Heap Roots: 0.3ms
[72.036s][info][gc,phases   ] GC(1301)   Evacuate Collection Set: 1.4ms
[72.036s][info][gc,phases   ] GC(1301)   Post Evacuate Collection Set: 0.8ms
[72.037s][info][gc,phases   ] GC(1301)   Other: 0.4ms
[72.037s][info][gc,heap     ] GC(1301) Eden regions: 150->0(149)
[72.037s][info][gc,heap     ] GC(1301) Survivor regions: 3->4(20)
[72.038s][info][gc,heap     ] GC(1301) Old regions: 2->2
[72.038s][info][gc,heap     ] GC(1301) Archive regions: 2->2
[72.038s][info][gc,heap     ] GC(1301) Humongous regions: 0->0
[72.039s][info][gc,metaspace] GC(1301) Metaspace: 615K(832K)->615K(832K) NonClass: 597K(704K)->597K(704K) Class: 17K(128K)->17K(128K)
[72.039s][info][gc          ] GC(1301) Pause Young (Normal) (G1 Evacuation Pause) 155M->6M(256M) 7.648ms
[72.040s][info][gc,cpu      ] GC(1301) User=0.00s Sys=0.00s Real=0.01s
[72.081s][info][gc,start    ] GC(1302) Pause Young (Normal) (G1 Evacuation Pause)
[72.082s][info][gc,task     ] GC(1302) Using 6 workers of 8 for evacuation
[72.084s][info][gc,phases   ] GC(1302)   Pre Evacuate Collection Set: 0.2ms
[72.085s][info][gc,phases   ] GC(1302)   Merge Heap Roots: 0.2ms
[72.085s][info][gc,phases   ] GC(1302)   Evacuate Collection Set: 0.9ms
[72.085s][info][gc,phases   ] GC(1302)   Post Evacuate Collection Set: 0.8ms
[72.086s][info][gc,phases   ] GC(1302)   Other: 0.4ms
[72.086s][info][gc,heap     ] GC(1302) Eden regions: 149->0(149)
[72.087s][info][gc,heap     ] GC(1302) Survivor regions: 4->4(20)
[72.087s][info][gc,heap     ] GC(1302) Old regions: 2->2
[72.087s][info][gc,heap     ] GC(1302) Archive regions: 2->2
[72.087s][info][gc,heap     ] GC(1302) Humongous regions: 0->0
[72.088s][info][gc,metaspace] GC(1302) Metaspace: 615K(832K)->615K(832K) NonClass: 597K(704K)->597K(704K) Class: 17K(128K)->17K(128K)
[72.088s][info][gc          ] GC(1302) Pause Young (Normal) (G1 Evacuation Pause) 155M->6M(256M) 6.744ms
[72.088s][info][gc,cpu      ] GC(1302) User=0.01s Sys=0.00s Real=0.01s
[72.133s][info][gc,start    ] GC(1303) Pause Young (Normal) (G1 Evacuation Pause)
[72.133s][info][gc,task     ] GC(1303) Using 6 workers of 8 for evacuation
[72.136s][info][gc,phases   ] GC(1303)   Pre Evacuate Collection Set: 0.2ms
[72.136s][info][gc,phases   ] GC(1303)   Merge Heap Roots: 0.2ms
[72.136s][info][gc,phases   ] GC(1303)   Evacuate Collection Set: 0.8ms
[72.137s][info][gc,phases   ] GC(1303)   Post Evacuate Collection Set: 0.8ms
[72.137s][info][gc,phases   ] GC(1303)   Other: 0.4ms
[72.137s][info][gc,heap     ] GC(1303) Eden regions: 149->0(149)
[72.137s][info][gc,heap     ] GC(1303) Survivor regions: 4->4(20)
[72.138s][info][gc,heap     ] GC(1303) Old regions: 2->2
[72.138s][info][gc,heap     ] GC(1303) Archive regions: 2->2
[72.138s][info][gc,heap     ] GC(1303) Humongous regions: 0->0
[72.139s][info][gc,metaspace] GC(1303) Metaspace: 615K(832K)->615K(832K) NonClass: 597K(704K)->597K(704K) Class: 17K(128K)->17K(128K)
[72.139s][info][gc          ] GC(1303) Pause Young (Normal) (G1 Evacuation Pause) 155M->5M(256M) 6.588ms
[72.140s][info][gc,cpu      ] GC(1303) User=0.01s Sys=0.00s Real=0.01s
[72.182s][info][gc,start    ] GC(1304) Pause Young (Normal) (G1 Evacuation Pause)
[72.182s][info][gc,task     ] GC(1304) Using 6 workers of 8 for evacuation
[72.185s][info][gc,phases   ] GC(1304)   Pre Evacuate Collection Set: 0.2ms
[72.185s][info][gc,phases   ] GC(1304)   Merge Heap Roots: 0.2ms
[72.185s][info][gc,phases   ] GC(1304)   Evacuate Collection Set: 0.9ms
[72.186s][info][gc,phases   ] GC(1304)   Post Evacuate Collection Set: 0.8ms
[72.186s][info][gc,phases   ] GC(1304)   Other: 0.4ms
[72.186s][info][gc,heap     ] GC(1304) Eden regions: 149->0(150)
[72.187s][info][gc,heap     ] GC(1304) Survivor regions: 4->3(20)
[72.187s][info][gc,heap     ] GC(1304) Old regions: 2->2
[72.187s][info][gc,heap     ] GC(1304) Archive regions: 2->2
[72.188s][info][gc,heap     ] GC(1304) Humongous regions: 0->0
[72.188s][info][gc,metaspace] GC(1304) Metaspace: 615K(832K)->615K(832K) NonClass: 597K(704K)->597K(704K) Class: 17K(128K)->17K(128K)
[72.188s][info][gc          ] GC(1304) Pause Young (Normal) (G1 Evacuation Pause) 154M->5M(256M) 6.567ms
[72.189s][info][gc,cpu      ] GC(1304) User=0.01s Sys=0.00s Real=0.01s
[72.232s][info][gc,start    ] GC(1305) Pause Young (Normal) (G1 Evacuation Pause)
[72.232s][info][gc,task     ] GC(1305) Using 6 workers of 8 for evacuation
[72.236s][info][gc,phases   ] GC(1305)   Pre Evacuate Collection Set: 0.2ms
[72.236s][info][gc,phases   ] GC(1305)   Merge Heap Roots: 0.2ms
[72.236s][info][gc,phases   ] GC(1305)   Evacuate Collection Set: 1.4ms
[72.237s][info][gc,phases   ] GC(1305)   Post Evacuate Collection Set: 0.9ms
[72.237s][info][gc,phases   ] GC(1305)   Other: 0.5ms
[72.237s][info][gc,heap     ] GC(1305) Eden regions: 150->0(149)
[72.238s][info][gc,heap     ] GC(1305) Survivor regions: 3->4(20)
[72.238s][info][gc,heap     ] GC(1305) Old regions: 2->2
[72.238s][info][gc,heap     ] GC(1305) Archive regions: 2->2
[72.239s][info][gc,heap     ] GC(1305) Humongous regions: 0->0
[72.239s][info][gc,metaspace] GC(1305) Metaspace: 615K(832K)->615K(832K) NonClass: 597K(704K)->597K(704K) Class: 17K(128K)->17K(128K)
[72.240s][info][gc          ] GC(1305) Pause Young (Normal) (G1 Evacuation Pause) 155M->6M(256M) 7.833ms
[72.241s][info][gc,cpu      ] GC(1305) User=0.01s Sys=0.01s Real=0.01s
[72.282s][info][gc,start    ] GC(1306) Pause Young (Normal) (G1 Evacuation Pause)
[72.283s][info][gc,task     ] GC(1306) Using 6 workers of 8 for evacuation
[72.285s][info][gc,phases   ] GC(1306)   Pre Evacuate Collection Set: 0.3ms
[72.286s][info][gc,phases   ] GC(1306)   Merge Heap Roots: 0.2ms
[72.286s][info][gc,phases   ] GC(1306)   Evacuate Collection Set: 1.2ms
[72.286s][info][gc,phases   ] GC(1306)   Post Evacuate Collection Set: 0.7ms
[72.287s][info][gc,phases   ] GC(1306)   Other: 0.5ms
[72.287s][info][gc,heap     ] GC(1306) Eden regions: 149->0(149)
[72.287s][info][gc,heap     ] GC(1306) Survivor regions: 4->4(20)
[72.288s][info][gc,heap     ] GC(1306) Old regions: 2->2
[72.288s][info][gc,heap     ] GC(1306) Archive regions: 2->2
[72.288s][info][gc,heap     ] GC(1306) Humongous regions: 0->0
[72.289s][info][gc,metaspace] GC(1306) Metaspace: 615K(832K)->615K(832K) NonClass: 597K(704K)->597K(704K) Class: 17K(128K)->17K(128K)
[72.289s][info][gc          ] GC(1306) Pause Young (Normal) (G1 Evacuation Pause) 155M->5M(256M) 7.209ms
[72.290s][info][gc,cpu      ] GC(1306) User=0.01s Sys=0.00s Real=0.01s
[72.332s][info][gc,start    ] GC(1307) Pause Young (Normal) (G1 Evacuation Pause)
[72.333s][info][gc,task     ] GC(1307) Using 6 workers of 8 for evacuation
[72.335s][info][gc,phases   ] GC(1307)   Pre Evacuate Collection Set: 0.2ms
[72.336s][info][gc,phases   ] GC(1307)   Merge Heap Roots: 0.2ms
[72.336s][info][gc,phases   ] GC(1307)   Evacuate Collection Set: 1.0ms
[72.336s][info][gc,phases   ] GC(1307)   Post Evacuate Collection Set: 0.7ms
[72.337s][info][gc,phases   ] GC(1307)   Other: 0.4ms
[72.337s][info][gc,heap     ] GC(1307) Eden regions: 149->0(149)
[72.337s][info][gc,heap     ] GC(1307) Survivor regions: 4->4(20)
[72.338s][info][gc,heap     ] GC(1307) Old regions: 2->2
[72.338s][info][gc,heap     ] GC(1307) Archive regions: 2->2
[72.338s][info][gc,heap     ] GC(1307) Humongous regions: 0->0
[72.339s][info][gc,metaspace] GC(1307) Metaspace: 615K(832K)->615K(832K) NonClass: 597K(704K)->597K(704K) Class: 17K(128K)->17K(128K)
[72.339s][info][gc          ] GC(1307) Pause Young (Normal) (G1 Evacuation Pause) 154M->5M(256M) 6.888ms
[72.340s][info][gc,cpu      ] GC(1307) User=0.00s Sys=0.00s Real=0.01s
[72.386s][info][gc,start    ] GC(1308) Pause Young (Normal) (G1 Evacuation Pause)
[72.387s][info][gc,task     ] GC(1308) Using 6 workers of 8 for evacuation
[72.389s][info][gc,phases   ] GC(1308)   Pre Evacuate Collection Set: 0.2ms
[72.390s][info][gc,phases   ] GC(1308)   Merge Heap Roots: 0.2ms
[72.391s][info][gc,phases   ] GC(1308)   Evacuate Collection Set: 0.7ms
[72.392s][info][gc,phases   ] GC(1308)   Post Evacuate Collection Set: 1.0ms
[72.393s][info][gc,phases   ] GC(1308)   Other: 0.4ms
[72.393s][info][gc,heap     ] GC(1308) Eden regions: 149->0(150)
[72.394s][info][gc,heap     ] GC(1308) Survivor regions: 4->3(20)
[72.394s][info][gc,heap     ] GC(1308) Old regions: 2->2
[72.395s][info][gc,heap     ] GC(1308) Archive regions: 2->2
[72.395s][info][gc,heap     ] GC(1308) Humongous regions: 0->0
[72.395s][info][gc,metaspace] GC(1308) Metaspace: 615K(832K)->615K(832K) NonClass: 597K(704K)->597K(704K) Class: 17K(128K)->17K(128K)
[72.396s][info][gc          ] GC(1308) Pause Young (Normal) (G1 Evacuation Pause) 154M->5M(256M) 9.585ms
[72.396s][info][gc,cpu      ] GC(1308) User=0.00s Sys=0.00s Real=0.01s
[72.434s][info][gc,start    ] GC(1309) Pause Young (Normal) (G1 Evacuation Pause)
[72.434s][info][gc,task     ] GC(1309) Using 6 workers of 8 for evacuation
[72.437s][info][gc,phases   ] GC(1309)   Pre Evacuate Collection Set: 0.3ms
[72.438s][info][gc,phases   ] GC(1309)   Merge Heap Roots: 0.2ms
[72.438s][info][gc,phases   ] GC(1309)   Evacuate Collection Set: 0.9ms
[72.438s][info][gc,phases   ] GC(1309)   Post Evacuate Collection Set: 0.8ms
[72.439s][info][gc,phases   ] GC(1309)   Other: 0.5ms
[72.439s][info][gc,heap     ] GC(1309) Eden regions: 150->0(149)
[72.440s][info][gc,heap     ] GC(1309) Survivor regions: 3->4(20)
[72.440s][info][gc,heap     ] GC(1309) Old regions: 2->2
[72.441s][info][gc,heap     ] GC(1309) Archive regions: 2->2
[72.442s][info][gc,heap     ] GC(1309) Humongous regions: 0->0
[72.442s][info][gc,metaspace] GC(1309) Metaspace: 615K(832K)->615K(832K) NonClass: 597K(704K)->597K(704K) Class: 17K(128K)->17K(128K)
[72.443s][info][gc          ] GC(1309) Pause Young (Normal) (G1 Evacuation Pause) 155M->5M(256M) 9.312ms
[72.444s][info][gc,cpu      ] GC(1309) User=0.00s Sys=0.01s Real=0.01s
[72.484s][info][gc,start    ] GC(1310) Pause Young (Normal) (G1 Evacuation Pause)
[72.484s][info][gc,task     ] GC(1310) Using 6 workers of 8 for evacuation
[72.487s][info][gc,phases   ] GC(1310)   Pre Evacuate Collection Set: 0.3ms
[72.487s][info][gc,phases   ] GC(1310)   Merge Heap Roots: 0.2ms
[72.488s][info][gc,phases   ] GC(1310)   Evacuate Collection Set: 1.0ms
[72.488s][info][gc,phases   ] GC(1310)   Post Evacuate Collection Set: 0.9ms
[72.488s][info][gc,phases   ] GC(1310)   Other: 0.4ms
[72.489s][info][gc,heap     ] GC(1310) Eden regions: 149->0(149)
[72.489s][info][gc,heap     ] GC(1310) Survivor regions: 4->4(20)
[72.490s][info][gc,heap     ] GC(1310) Old regions: 2->2
[72.491s][info][gc,heap     ] GC(1310) Archive regions: 2->2
[72.491s][info][gc,heap     ] GC(1310) Humongous regions: 0->0
[72.492s][info][gc,metaspace] GC(1310) Metaspace: 615K(832K)->615K(832K) NonClass: 597K(704K)->597K(704K) Class: 17K(128K)->17K(128K)
[72.493s][info][gc          ] GC(1310) Pause Young (Normal) (G1 Evacuation Pause) 154M->5M(256M) 9.510ms
[72.494s][info][gc,cpu      ] GC(1310) User=0.00s Sys=0.01s Real=0.01s
[72.536s][info][gc,start    ] GC(1311) Pause Young (Normal) (G1 Evacuation Pause)
[72.536s][info][gc,task     ] GC(1311) Using 6 workers of 8 for evacuation
[72.539s][info][gc,phases   ] GC(1311)   Pre Evacuate Collection Set: 0.3ms
[72.541s][info][gc,phases   ] GC(1311)   Merge Heap Roots: 0.3ms
[72.542s][info][gc,phases   ] GC(1311)   Evacuate Collection Set: 1.0ms
[72.543s][info][gc,phases   ] GC(1311)   Post Evacuate Collection Set: 0.9ms
[72.544s][info][gc,phases   ] GC(1311)   Other: 0.5ms
[72.544s][info][gc,heap     ] GC(1311) Eden regions: 149->0(150)
[72.545s][info][gc,heap     ] GC(1311) Survivor regions: 4->3(20)
[72.545s][info][gc,heap     ] GC(1311) Old regions: 2->2
[72.545s][info][gc,heap     ] GC(1311) Archive regions: 2->2
[72.546s][info][gc,heap     ] GC(1311) Humongous regions: 0->0
[72.546s][info][gc,metaspace] GC(1311) Metaspace: 615K(832K)->615K(832K) NonClass: 597K(704K)->597K(704K) Class: 17K(128K)->17K(128K)
[72.546s][info][gc          ] GC(1311) Pause Young (Normal) (G1 Evacuation Pause) 154M->5M(256M) 10.449ms
[72.547s][info][gc,cpu      ] GC(1311) User=0.01s Sys=0.00s Real=0.02s
[72.586s][info][gc,start    ] GC(1312) Pause Young (Normal) (G1 Evacuation Pause)
[72.586s][info][gc,task     ] GC(1312) Using 6 workers of 8 for evacuation
[72.588s][info][gc,phases   ] GC(1312)   Pre Evacuate Collection Set: 0.2ms
[72.589s][info][gc,phases   ] GC(1312)   Merge Heap Roots: 0.3ms
[72.589s][info][gc,phases   ] GC(1312)   Evacuate Collection Set: 1.0ms
[72.589s][info][gc,phases   ] GC(1312)   Post Evacuate Collection Set: 0.7ms
[72.590s][info][gc,phases   ] GC(1312)   Other: 0.3ms
[72.591s][info][gc,heap     ] GC(1312) Eden regions: 150->0(149)
[72.591s][info][gc,heap     ] GC(1312) Survivor regions: 3->4(20)
[72.592s][info][gc,heap     ] GC(1312) Old regions: 2->2
[72.593s][info][gc,heap     ] GC(1312) Archive regions: 2->2
[72.594s][info][gc,heap     ] GC(1312) Humongous regions: 0->0
[72.594s][info][gc,metaspace] GC(1312) Metaspace: 615K(832K)->615K(832K) NonClass: 597K(704K)->597K(704K) Class: 17K(128K)->17K(128K)
[72.595s][info][gc          ] GC(1312) Pause Young (Normal) (G1 Evacuation Pause) 155M->6M(256M) 9.177ms
[72.595s][info][gc,cpu      ] GC(1312) User=0.00s Sys=0.00s Real=0.01s
[72.636s][info][gc,start    ] GC(1313) Pause Young (Normal) (G1 Evacuation Pause)
[72.637s][info][gc,task     ] GC(1313) Using 6 workers of 8 for evacuation
[72.639s][info][gc,phases   ] GC(1313)   Pre Evacuate Collection Set: 0.2ms
[72.640s][info][gc,phases   ] GC(1313)   Merge Heap Roots: 0.2ms
[72.641s][info][gc,phases   ] GC(1313)   Evacuate Collection Set: 0.7ms
[72.642s][info][gc,phases   ] GC(1313)   Post Evacuate Collection Set: 0.9ms
[72.643s][info][gc,phases   ] GC(1313)   Other: 0.5ms
[72.643s][info][gc,heap     ] GC(1313) Eden regions: 149->0(149)
[72.644s][info][gc,heap     ] GC(1313) Survivor regions: 4->4(20)
[72.644s][info][gc,heap     ] GC(1313) Old regions: 2->2
[72.644s][info][gc,heap     ] GC(1313) Archive regions: 2->2
[72.644s][info][gc,heap     ] GC(1313) Humongous regions: 0->0
[72.645s][info][gc,metaspace] GC(1313) Metaspace: 615K(832K)->615K(832K) NonClass: 597K(704K)->597K(704K) Class: 17K(128K)->17K(128K)
[72.645s][info][gc          ] GC(1313) Pause Young (Normal) (G1 Evacuation Pause) 155M->5M(256M) 8.765ms
[72.646s][info][gc,cpu      ] GC(1313) User=0.01s Sys=0.00s Real=0.01s
[72.685s][info][gc,start    ] GC(1314) Pause Young (Normal) (G1 Evacuation Pause)
[72.685s][info][gc,task     ] GC(1314) Using 6 workers of 8 for evacuation
[72.688s][info][gc,phases   ] GC(1314)   Pre Evacuate Collection Set: 0.2ms
[72.688s][info][gc,phases   ] GC(1314)   Merge Heap Roots: 0.3ms
[72.689s][info][gc,phases   ] GC(1314)   Evacuate Collection Set: 1.0ms
[72.689s][info][gc,phases   ] GC(1314)   Post Evacuate Collection Set: 0.8ms
[72.689s][info][gc,phases   ] GC(1314)   Other: 0.4ms
[72.690s][info][gc,heap     ] GC(1314) Eden regions: 149->0(150)
[72.690s][info][gc,heap     ] GC(1314) Survivor regions: 4->3(20)
[72.691s][info][gc,heap     ] GC(1314) Old regions: 2->2
[72.691s][info][gc,heap     ] GC(1314) Archive regions: 2->2
[72.692s][info][gc,heap     ] GC(1314) Humongous regions: 0->0
[72.693s][info][gc,metaspace] GC(1314) Metaspace: 615K(832K)->615K(832K) NonClass: 597K(704K)->597K(704K) Class: 17K(128K)->17K(128K)
[72.693s][info][gc          ] GC(1314) Pause Young (Normal) (G1 Evacuation Pause) 154M->5M(256M) 8.421ms
[72.694s][info][gc,cpu      ] GC(1314) User=0.01s Sys=0.00s Real=0.01s
[72.736s][info][gc,start    ] GC(1315) Pause Young (Normal) (G1 Evacuation Pause)
[72.736s][info][gc,task     ] GC(1315) Using 6 workers of 8 for evacuation
[72.739s][info][gc,phases   ] GC(1315)   Pre Evacuate Collection Set: 0.3ms
[72.740s][info][gc,phases   ] GC(1315)   Merge Heap Roots: 0.2ms
[72.743s][info][gc,phases   ] GC(1315)   Evacuate Collection Set: 1.2ms
[72.744s][info][gc,phases   ] GC(1315)   Post Evacuate Collection Set: 0.9ms
[72.744s][info][gc,phases   ] GC(1315)   Other: 0.5ms
[72.744s][info][gc,heap     ] GC(1315) Eden regions: 150->0(149)
[72.745s][info][gc,heap     ] GC(1315) Survivor regions: 3->4(20)
[72.745s][info][gc,heap     ] GC(1315) Old regions: 2->2
[72.745s][info][gc,heap     ] GC(1315) Archive regions: 2->2
[72.746s][info][gc,heap     ] GC(1315) Humongous regions: 0->0
[72.746s][info][gc,metaspace] GC(1315) Metaspace: 615K(832K)->615K(832K) NonClass: 597K(704K)->597K(704K) Class: 17K(128K)->17K(128K)
[72.746s][info][gc          ] GC(1315) Pause Young (Normal) (G1 Evacuation Pause) 155M->6M(256M) 10.770ms
[72.747s][info][gc,cpu      ] GC(1315) User=0.00s Sys=0.00s Real=0.02s
[72.795s][info][gc,start    ] GC(1316) Pause Young (Normal) (G1 Evacuation Pause)
[72.796s][info][gc,task     ] GC(1316) Using 6 workers of 8 for evacuation
[72.800s][info][gc,phases   ] GC(1316)   Pre Evacuate Collection Set: 0.3ms
[72.800s][info][gc,phases   ] GC(1316)   Merge Heap Roots: 0.2ms
[72.801s][info][gc,phases   ] GC(1316)   Evacuate Collection Set: 1.2ms
[72.801s][info][gc,phases   ] GC(1316)   Post Evacuate Collection Set: 1.0ms
[72.802s][info][gc,phases   ] GC(1316)   Other: 0.9ms
[72.802s][info][gc,heap     ] GC(1316) Eden regions: 149->0(149)
[72.803s][info][gc,heap     ] GC(1316) Survivor regions: 4->4(20)
[72.803s][info][gc,heap     ] GC(1316) Old regions: 2->2
[72.803s][info][gc,heap     ] GC(1316) Archive regions: 2->2
[72.804s][info][gc,heap     ] GC(1316) Humongous regions: 0->0
[72.804s][info][gc,metaspace] GC(1316) Metaspace: 615K(832K)->615K(832K) NonClass: 597K(704K)->597K(704K) Class: 17K(128K)->17K(128K)
[72.804s][info][gc          ] GC(1316) Pause Young (Normal) (G1 Evacuation Pause) 155M->6M(256M) 8.780ms
[72.805s][info][gc,cpu      ] GC(1316) User=0.00s Sys=0.00s Real=0.01s
[72.866s][info][gc,start    ] GC(1317) Pause Young (Normal) (G1 Evacuation Pause)
[72.866s][info][gc,task     ] GC(1317) Using 6 workers of 8 for evacuation
[72.870s][info][gc,phases   ] GC(1317)   Pre Evacuate Collection Set: 0.3ms
[72.870s][info][gc,phases   ] GC(1317)   Merge Heap Roots: 0.4ms
[72.870s][info][gc,phases   ] GC(1317)   Evacuate Collection Set: 1.1ms
[72.871s][info][gc,phases   ] GC(1317)   Post Evacuate Collection Set: 1.3ms
[72.871s][info][gc,phases   ] GC(1317)   Other: 0.5ms
[72.871s][info][gc,heap     ] GC(1317) Eden regions: 149->0(149)
[72.872s][info][gc,heap     ] GC(1317) Survivor regions: 4->4(20)
[72.872s][info][gc,heap     ] GC(1317) Old regions: 2->2
[72.872s][info][gc,heap     ] GC(1317) Archive regions: 2->2
[72.873s][info][gc,heap     ] GC(1317) Humongous regions: 0->0
[72.874s][info][gc,metaspace] GC(1317) Metaspace: 615K(832K)->615K(832K) NonClass: 597K(704K)->597K(704K) Class: 17K(128K)->17K(128K)
[72.874s][info][gc          ] GC(1317) Pause Young (Normal) (G1 Evacuation Pause) 155M->5M(256M) 8.831ms
[72.875s][info][gc,cpu      ] GC(1317) User=0.00s Sys=0.00s Real=0.01s
[72.919s][info][gc,start    ] GC(1318) Pause Young (Normal) (G1 Evacuation Pause)
[72.919s][info][gc,task     ] GC(1318) Using 6 workers of 8 for evacuation
[72.923s][info][gc,phases   ] GC(1318)   Pre Evacuate Collection Set: 0.2ms
[72.924s][info][gc,phases   ] GC(1318)   Merge Heap Roots: 0.3ms
[72.925s][info][gc,phases   ] GC(1318)   Evacuate Collection Set: 1.4ms
[72.926s][info][gc,phases   ] GC(1318)   Post Evacuate Collection Set: 0.9ms
[72.927s][info][gc,phases   ] GC(1318)   Other: 0.5ms
[72.927s][info][gc,heap     ] GC(1318) Eden regions: 149->0(150)
[72.927s][info][gc,heap     ] GC(1318) Survivor regions: 4->3(20)
[72.928s][info][gc,heap     ] GC(1318) Old regions: 2->2
[72.928s][info][gc,heap     ] GC(1318) Archive regions: 2->2
[72.928s][info][gc,heap     ] GC(1318) Humongous regions: 0->0
[72.929s][info][gc,metaspace] GC(1318) Metaspace: 615K(832K)->615K(832K) NonClass: 597K(704K)->597K(704K) Class: 17K(128K)->17K(128K)
[72.929s][info][gc          ] GC(1318) Pause Young (Normal) (G1 Evacuation Pause) 154M->5M(256M) 10.197ms
[72.929s][info][gc,cpu      ] GC(1318) User=0.00s Sys=0.00s Real=0.01s
[72.972s][info][gc,start    ] GC(1319) Pause Young (Normal) (G1 Evacuation Pause)
[72.972s][info][gc,task     ] GC(1319) Using 6 workers of 8 for evacuation
[72.978s][info][gc,phases   ] GC(1319)   Pre Evacuate Collection Set: 0.6ms
[72.979s][info][gc,phases   ] GC(1319)   Merge Heap Roots: 0.5ms
[72.979s][info][gc,phases   ] GC(1319)   Evacuate Collection Set: 2.6ms
[72.981s][info][gc,phases   ] GC(1319)   Post Evacuate Collection Set: 1.0ms
[72.981s][info][gc,phases   ] GC(1319)   Other: 0.9ms
[72.981s][info][gc,heap     ] GC(1319) Eden regions: 150->0(149)
[72.982s][info][gc,heap     ] GC(1319) Survivor regions: 3->4(20)
[72.982s][info][gc,heap     ] GC(1319) Old regions: 2->2
[72.982s][info][gc,heap     ] GC(1319) Archive regions: 2->2
[72.983s][info][gc,heap     ] GC(1319) Humongous regions: 0->0
[72.983s][info][gc,metaspace] GC(1319) Metaspace: 615K(832K)->615K(832K) NonClass: 597K(704K)->597K(704K) Class: 17K(128K)->17K(128K)
[72.983s][info][gc          ] GC(1319) Pause Young (Normal) (G1 Evacuation Pause) 155M->6M(256M) 11.275ms
[72.984s][info][gc,cpu      ] GC(1319) User=0.00s Sys=0.01s Real=0.01s
[73.032s][info][gc,start    ] GC(1320) Pause Young (Normal) (G1 Evacuation Pause)
[73.032s][info][gc,task     ] GC(1320) Using 6 workers of 8 for evacuation
[73.035s][info][gc,phases   ] GC(1320)   Pre Evacuate Collection Set: 0.3ms
[73.036s][info][gc,phases   ] GC(1320)   Merge Heap Roots: 0.2ms
[73.036s][info][gc,phases   ] GC(1320)   Evacuate Collection Set: 1.2ms
[73.036s][info][gc,phases   ] GC(1320)   Post Evacuate Collection Set: 0.9ms
[73.037s][info][gc,phases   ] GC(1320)   Other: 0.4ms
[73.037s][info][gc,heap     ] GC(1320) Eden regions: 149->0(149)
[73.038s][info][gc,heap     ] GC(1320) Survivor regions: 4->4(20)
[73.038s][info][gc,heap     ] GC(1320) Old regions: 2->2
[73.038s][info][gc,heap     ] GC(1320) Archive regions: 2->2
[73.039s][info][gc,heap     ] GC(1320) Humongous regions: 0->0
[73.039s][info][gc,metaspace] GC(1320) Metaspace: 615K(832K)->615K(832K) NonClass: 597K(704K)->597K(704K) Class: 17K(128K)->17K(128K)
[73.040s][info][gc          ] GC(1320) Pause Young (Normal) (G1 Evacuation Pause) 155M->5M(256M) 7.782ms
[73.040s][info][gc,cpu      ] GC(1320) User=0.01s Sys=0.01s Real=0.01s
[73.084s][info][gc,start    ] GC(1321) Pause Young (Normal) (G1 Evacuation Pause)
[73.084s][info][gc,task     ] GC(1321) Using 6 workers of 8 for evacuation
[73.087s][info][gc,phases   ] GC(1321)   Pre Evacuate Collection Set: 0.3ms
[73.087s][info][gc,phases   ] GC(1321)   Merge Heap Roots: 0.2ms
[73.087s][info][gc,phases   ] GC(1321)   Evacuate Collection Set: 0.8ms
[73.088s][info][gc,phases   ] GC(1321)   Post Evacuate Collection Set: 0.8ms
[73.088s][info][gc,phases   ] GC(1321)   Other: 0.5ms
[73.088s][info][gc,heap     ] GC(1321) Eden regions: 149->0(149)
[73.089s][info][gc,heap     ] GC(1321) Survivor regions: 4->4(20)
[73.090s][info][gc,heap     ] GC(1321) Old regions: 2->2
[73.092s][info][gc,heap     ] GC(1321) Archive regions: 2->2
[73.093s][info][gc,heap     ] GC(1321) Humongous regions: 0->0
[73.093s][info][gc,metaspace] GC(1321) Metaspace: 615K(832K)->615K(832K) NonClass: 597K(704K)->597K(704K) Class: 17K(128K)->17K(128K)
[73.094s][info][gc          ] GC(1321) Pause Young (Normal) (G1 Evacuation Pause) 154M->5M(256M) 10.126ms
[73.094s][info][gc,cpu      ] GC(1321) User=0.00s Sys=0.00s Real=0.01s
[73.137s][info][gc,start    ] GC(1322) Pause Young (Normal) (G1 Evacuation Pause)
[73.137s][info][gc,task     ] GC(1322) Using 6 workers of 8 for evacuation
[73.141s][info][gc,phases   ] GC(1322)   Pre Evacuate Collection Set: 0.3ms
[73.142s][info][gc,phases   ] GC(1322)   Merge Heap Roots: 0.3ms
[73.143s][info][gc,phases   ] GC(1322)   Evacuate Collection Set: 0.9ms
[73.144s][info][gc,phases   ] GC(1322)   Post Evacuate Collection Set: 1.5ms
[73.144s][info][gc,phases   ] GC(1322)   Other: 0.5ms
[73.144s][info][gc,heap     ] GC(1322) Eden regions: 149->0(150)
[73.145s][info][gc,heap     ] GC(1322) Survivor regions: 4->3(20)
[73.145s][info][gc,heap     ] GC(1322) Old regions: 2->2
[73.146s][info][gc,heap     ] GC(1322) Archive regions: 2->2
[73.146s][info][gc,heap     ] GC(1322) Humongous regions: 0->0
[73.146s][info][gc,metaspace] GC(1322) Metaspace: 615K(832K)->615K(832K) NonClass: 597K(704K)->597K(704K) Class: 17K(128K)->17K(128K)
[73.147s][info][gc          ] GC(1322) Pause Young (Normal) (G1 Evacuation Pause) 154M->5M(256M) 10.370ms
[73.147s][info][gc,cpu      ] GC(1322) User=0.01s Sys=0.00s Real=0.01s
[73.188s][info][gc,start    ] GC(1323) Pause Young (Normal) (G1 Evacuation Pause)
[73.189s][info][gc,task     ] GC(1323) Using 6 workers of 8 for evacuation
[73.194s][info][gc,phases   ] GC(1323)   Pre Evacuate Collection Set: 0.5ms
[73.195s][info][gc,phases   ] GC(1323)   Merge Heap Roots: 0.4ms
[73.195s][info][gc,phases   ] GC(1323)   Evacuate Collection Set: 2.2ms
[73.196s][info][gc,phases   ] GC(1323)   Post Evacuate Collection Set: 1.2ms
[73.196s][info][gc,phases   ] GC(1323)   Other: 0.8ms
[73.197s][info][gc,heap     ] GC(1323) Eden regions: 150->0(149)
[73.197s][info][gc,heap     ] GC(1323) Survivor regions: 3->4(20)
[73.197s][info][gc,heap     ] GC(1323) Old regions: 2->2
[73.198s][info][gc,heap     ] GC(1323) Archive regions: 2->2
[73.198s][info][gc,heap     ] GC(1323) Humongous regions: 0->0
[73.198s][info][gc,metaspace] GC(1323) Metaspace: 615K(832K)->615K(832K) NonClass: 597K(704K)->597K(704K) Class: 17K(128K)->17K(128K)
[73.199s][info][gc          ] GC(1323) Pause Young (Normal) (G1 Evacuation Pause) 155M->5M(256M) 10.224ms
[73.199s][info][gc,cpu      ] GC(1323) User=0.01s Sys=0.01s Real=0.01s
[73.238s][info][gc,start    ] GC(1324) Pause Young (Normal) (G1 Evacuation Pause)
[73.239s][info][gc,task     ] GC(1324) Using 6 workers of 8 for evacuation
[73.244s][info][gc,phases   ] GC(1324)   Pre Evacuate Collection Set: 0.5ms
[73.244s][info][gc,phases   ] GC(1324)   Merge Heap Roots: 0.4ms
[73.245s][info][gc,phases   ] GC(1324)   Evacuate Collection Set: 2.2ms
[73.245s][info][gc,phases   ] GC(1324)   Post Evacuate Collection Set: 1.2ms
[73.246s][info][gc,phases   ] GC(1324)   Other: 0.7ms
[73.246s][info][gc,heap     ] GC(1324) Eden regions: 149->0(149)
[73.246s][info][gc,heap     ] GC(1324) Survivor regions: 4->4(20)
[73.247s][info][gc,heap     ] GC(1324) Old regions: 2->2
[73.247s][info][gc,heap     ] GC(1324) Archive regions: 2->2
[73.247s][info][gc,heap     ] GC(1324) Humongous regions: 0->0
[73.248s][info][gc,metaspace] GC(1324) Metaspace: 615K(832K)->615K(832K) NonClass: 597K(704K)->597K(704K) Class: 17K(128K)->17K(128K)
[73.248s][info][gc          ] GC(1324) Pause Young (Normal) (G1 Evacuation Pause) 154M->5M(256M) 10.078ms
[73.249s][info][gc,cpu      ] GC(1324) User=0.01s Sys=0.00s Real=0.01s
[73.292s][info][gc,start    ] GC(1325) Pause Young (Normal) (G1 Evacuation Pause)
[73.294s][info][gc,task     ] GC(1325) Using 6 workers of 8 for evacuation
[73.297s][info][gc,phases   ] GC(1325)   Pre Evacuate Collection Set: 0.4ms
[73.298s][info][gc,phases   ] GC(1325)   Merge Heap Roots: 0.2ms
[73.299s][info][gc,phases   ] GC(1325)   Evacuate Collection Set: 1.1ms
[73.299s][info][gc,phases   ] GC(1325)   Post Evacuate Collection Set: 1.2ms
[73.299s][info][gc,phases   ] GC(1325)   Other: 0.5ms
[73.300s][info][gc,heap     ] GC(1325) Eden regions: 149->0(150)
[73.300s][info][gc,heap     ] GC(1325) Survivor regions: 4->3(20)
[73.300s][info][gc,heap     ] GC(1325) Old regions: 2->2
[73.300s][info][gc,heap     ] GC(1325) Archive regions: 2->2
[73.301s][info][gc,heap     ] GC(1325) Humongous regions: 0->0
[73.301s][info][gc,metaspace] GC(1325) Metaspace: 615K(832K)->615K(832K) NonClass: 597K(704K)->597K(704K) Class: 17K(128K)->17K(128K)
[73.301s][info][gc          ] GC(1325) Pause Young (Normal) (G1 Evacuation Pause) 154M->5M(256M) 8.792ms
[73.302s][info][gc,cpu      ] GC(1325) User=0.00s Sys=0.00s Real=0.01s
[73.340s][info][gc,start    ] GC(1326) Pause Young (Normal) (G1 Evacuation Pause)
[73.341s][info][gc,task     ] GC(1326) Using 6 workers of 8 for evacuation
[73.345s][info][gc,phases   ] GC(1326)   Pre Evacuate Collection Set: 0.5ms
[73.346s][info][gc,phases   ] GC(1326)   Merge Heap Roots: 0.4ms
[73.347s][info][gc,phases   ] GC(1326)   Evacuate Collection Set: 1.3ms
[73.347s][info][gc,phases   ] GC(1326)   Post Evacuate Collection Set: 1.0ms
[73.347s][info][gc,phases   ] GC(1326)   Other: 1.0ms
[73.348s][info][gc,heap     ] GC(1326) Eden regions: 150->0(149)
[73.348s][info][gc,heap     ] GC(1326) Survivor regions: 3->4(20)
[73.348s][info][gc,heap     ] GC(1326) Old regions: 2->2
[73.349s][info][gc,heap     ] GC(1326) Archive regions: 2->2
[73.349s][info][gc,heap     ] GC(1326) Humongous regions: 0->0
[73.349s][info][gc,metaspace] GC(1326) Metaspace: 615K(832K)->615K(832K) NonClass: 597K(704K)->597K(704K) Class: 17K(128K)->17K(128K)
[73.349s][info][gc          ] GC(1326) Pause Young (Normal) (G1 Evacuation Pause) 155M->6M(256M) 9.172ms
[73.350s][info][gc,cpu      ] GC(1326) User=0.01s Sys=0.00s Real=0.01s
[73.401s][info][gc,start    ] GC(1327) Pause Young (Normal) (G1 Evacuation Pause)
[73.401s][info][gc,task     ] GC(1327) Using 6 workers of 8 for evacuation
[73.405s][info][gc,phases   ] GC(1327)   Pre Evacuate Collection Set: 0.5ms
[73.406s][info][gc,phases   ] GC(1327)   Merge Heap Roots: 0.2ms
[73.406s][info][gc,phases   ] GC(1327)   Evacuate Collection Set: 1.3ms
[73.407s][info][gc,phases   ] GC(1327)   Post Evacuate Collection Set: 0.9ms
[73.408s][info][gc,phases   ] GC(1327)   Other: 0.6ms
[73.410s][info][gc,heap     ] GC(1327) Eden regions: 149->0(149)
[73.410s][info][gc,heap     ] GC(1327) Survivor regions: 4->4(20)
[73.411s][info][gc,heap     ] GC(1327) Old regions: 2->2
[73.411s][info][gc,heap     ] GC(1327) Archive regions: 2->2
[73.412s][info][gc,heap     ] GC(1327) Humongous regions: 0->0
[73.412s][info][gc,metaspace] GC(1327) Metaspace: 615K(832K)->615K(832K) NonClass: 597K(704K)->597K(704K) Class: 17K(128K)->17K(128K)
[73.412s][info][gc          ] GC(1327) Pause Young (Normal) (G1 Evacuation Pause) 155M->5M(256M) 11.347ms
[73.413s][info][gc,cpu      ] GC(1327) User=0.01s Sys=0.00s Real=0.01s
[73.455s][info][gc,start    ] GC(1328) Pause Young (Normal) (G1 Evacuation Pause)
[73.456s][info][gc,task     ] GC(1328) Using 6 workers of 8 for evacuation
[73.461s][info][gc,phases   ] GC(1328)   Pre Evacuate Collection Set: 0.5ms
[73.462s][info][gc,phases   ] GC(1328)   Merge Heap Roots: 0.3ms
[73.462s][info][gc,phases   ] GC(1328)   Evacuate Collection Set: 1.8ms
[73.463s][info][gc,phases   ] GC(1328)   Post Evacuate Collection Set: 0.9ms
[73.463s][info][gc,phases   ] GC(1328)   Other: 1.4ms
[73.464s][info][gc,heap     ] GC(1328) Eden regions: 149->0(149)
[73.464s][info][gc,heap     ] GC(1328) Survivor regions: 4->4(20)
[73.464s][info][gc,heap     ] GC(1328) Old regions: 2->2
[73.465s][info][gc,heap     ] GC(1328) Archive regions: 2->2
[73.465s][info][gc,heap     ] GC(1328) Humongous regions: 0->0
[73.465s][info][gc,metaspace] GC(1328) Metaspace: 615K(832K)->615K(832K) NonClass: 597K(704K)->597K(704K) Class: 17K(128K)->17K(128K)
[73.466s][info][gc          ] GC(1328) Pause Young (Normal) (G1 Evacuation Pause) 154M->5M(256M) 10.647ms
[73.466s][info][gc,cpu      ] GC(1328) User=0.01s Sys=0.00s Real=0.01s
[73.511s][info][gc,start    ] GC(1329) Pause Young (Normal) (G1 Evacuation Pause)
[73.512s][info][gc,task     ] GC(1329) Using 6 workers of 8 for evacuation
[73.515s][info][gc,phases   ] GC(1329)   Pre Evacuate Collection Set: 0.3ms
[73.516s][info][gc,phases   ] GC(1329)   Merge Heap Roots: 0.2ms
[73.516s][info][gc,phases   ] GC(1329)   Evacuate Collection Set: 1.3ms
[73.517s][info][gc,phases   ] GC(1329)   Post Evacuate Collection Set: 1.0ms
[73.517s][info][gc,phases   ] GC(1329)   Other: 0.7ms
[73.517s][info][gc,heap     ] GC(1329) Eden regions: 149->0(150)
[73.518s][info][gc,heap     ] GC(1329) Survivor regions: 4->3(20)
[73.518s][info][gc,heap     ] GC(1329) Old regions: 2->2
[73.519s][info][gc,heap     ] GC(1329) Archive regions: 2->2
[73.519s][info][gc,heap     ] GC(1329) Humongous regions: 0->0
[73.519s][info][gc,metaspace] GC(1329) Metaspace: 615K(832K)->615K(832K) NonClass: 597K(704K)->597K(704K) Class: 17K(128K)->17K(128K)
[73.520s][info][gc          ] GC(1329) Pause Young (Normal) (G1 Evacuation Pause) 154M->5M(256M) 8.941ms
[73.520s][info][gc,cpu      ] GC(1329) User=0.00s Sys=0.00s Real=0.01s
[73.555s][info][gc,start    ] GC(1330) Pause Young (Normal) (G1 Evacuation Pause)
[73.556s][info][gc,task     ] GC(1330) Using 6 workers of 8 for evacuation
[73.561s][info][gc,phases   ] GC(1330)   Pre Evacuate Collection Set: 0.7ms
[73.561s][info][gc,phases   ] GC(1330)   Merge Heap Roots: 0.4ms
[73.562s][info][gc,phases   ] GC(1330)   Evacuate Collection Set: 2.4ms
[73.562s][info][gc,phases   ] GC(1330)   Post Evacuate Collection Set: 1.1ms
[73.563s][info][gc,phases   ] GC(1330)   Other: 0.7ms
[73.563s][info][gc,heap     ] GC(1330) Eden regions: 150->0(149)
[73.564s][info][gc,heap     ] GC(1330) Survivor regions: 3->4(20)
[73.564s][info][gc,heap     ] GC(1330) Old regions: 2->2
[73.564s][info][gc,heap     ] GC(1330) Archive regions: 2->2
[73.565s][info][gc,heap     ] GC(1330) Humongous regions: 0->0
[73.565s][info][gc,metaspace] GC(1330) Metaspace: 615K(832K)->615K(832K) NonClass: 597K(704K)->597K(704K) Class: 17K(128K)->17K(128K)
[73.565s][info][gc          ] GC(1330) Pause Young (Normal) (G1 Evacuation Pause) 155M->6M(256M) 10.218ms
[73.566s][info][gc,cpu      ] GC(1330) User=0.01s Sys=0.01s Real=0.01s
[73.604s][info][gc,start    ] GC(1331) Pause Young (Normal) (G1 Evacuation Pause)
[73.605s][info][gc,task     ] GC(1331) Using 6 workers of 8 for evacuation
[73.610s][info][gc,phases   ] GC(1331)   Pre Evacuate Collection Set: 0.3ms
[73.611s][info][gc,phases   ] GC(1331)   Merge Heap Roots: 0.3ms
[73.611s][info][gc,phases   ] GC(1331)   Evacuate Collection Set: 2.3ms
[73.611s][info][gc,phases   ] GC(1331)   Post Evacuate Collection Set: 1.4ms
[73.612s][info][gc,phases   ] GC(1331)   Other: 0.6ms
[73.612s][info][gc,heap     ] GC(1331) Eden regions: 149->0(149)
[73.612s][info][gc,heap     ] GC(1331) Survivor regions: 4->4(20)
[73.613s][info][gc,heap     ] GC(1331) Old regions: 2->2
[73.613s][info][gc,heap     ] GC(1331) Archive regions: 2->2
[73.613s][info][gc,heap     ] GC(1331) Humongous regions: 0->0
[73.614s][info][gc,metaspace] GC(1331) Metaspace: 615K(832K)->615K(832K) NonClass: 597K(704K)->597K(704K) Class: 17K(128K)->17K(128K)
[73.614s][info][gc          ] GC(1331) Pause Young (Normal) (G1 Evacuation Pause) 155M->5M(256M) 9.803ms
[73.615s][info][gc,cpu      ] GC(1331) User=0.02s Sys=0.00s Real=0.01s
[73.660s][info][gc,start    ] GC(1332) Pause Young (Normal) (G1 Evacuation Pause)
[73.660s][info][gc,task     ] GC(1332) Using 6 workers of 8 for evacuation
[73.663s][info][gc,phases   ] GC(1332)   Pre Evacuate Collection Set: 0.2ms
[73.664s][info][gc,phases   ] GC(1332)   Merge Heap Roots: 0.2ms
[73.664s][info][gc,phases   ] GC(1332)   Evacuate Collection Set: 1.1ms
[73.664s][info][gc,phases   ] GC(1332)   Post Evacuate Collection Set: 0.8ms
[73.665s][info][gc,phases   ] GC(1332)   Other: 0.5ms
[73.665s][info][gc,heap     ] GC(1332) Eden regions: 149->0(150)
[73.665s][info][gc,heap     ] GC(1332) Survivor regions: 4->3(20)
[73.666s][info][gc,heap     ] GC(1332) Old regions: 2->2
[73.666s][info][gc,heap     ] GC(1332) Archive regions: 2->2
[73.666s][info][gc,heap     ] GC(1332) Humongous regions: 0->0
[73.667s][info][gc,metaspace] GC(1332) Metaspace: 615K(832K)->615K(832K) NonClass: 597K(704K)->597K(704K) Class: 17K(128K)->17K(128K)
[73.667s][info][gc          ] GC(1332) Pause Young (Normal) (G1 Evacuation Pause) 154M->5M(256M) 6.917ms
[73.667s][info][gc,cpu      ] GC(1332) User=0.01s Sys=0.00s Real=0.01s
[73.711s][info][gc,start    ] GC(1333) Pause Young (Normal) (G1 Evacuation Pause)
[73.712s][info][gc,task     ] GC(1333) Using 6 workers of 8 for evacuation
[73.715s][info][gc,phases   ] GC(1333)   Pre Evacuate Collection Set: 0.3ms
[73.715s][info][gc,phases   ] GC(1333)   Merge Heap Roots: 0.2ms
[73.715s][info][gc,phases   ] GC(1333)   Evacuate Collection Set: 1.3ms
[73.716s][info][gc,phases   ] GC(1333)   Post Evacuate Collection Set: 0.8ms
[73.716s][info][gc,phases   ] GC(1333)   Other: 0.4ms
[73.716s][info][gc,heap     ] GC(1333) Eden regions: 150->0(149)
[73.717s][info][gc,heap     ] GC(1333) Survivor regions: 3->4(20)
[73.717s][info][gc,heap     ] GC(1333) Old regions: 2->2
[73.717s][info][gc,heap     ] GC(1333) Archive regions: 2->2
[73.718s][info][gc,heap     ] GC(1333) Humongous regions: 0->0
[73.718s][info][gc,metaspace] GC(1333) Metaspace: 615K(832K)->615K(832K) NonClass: 597K(704K)->597K(704K) Class: 17K(128K)->17K(128K)
[73.718s][info][gc          ] GC(1333) Pause Young (Normal) (G1 Evacuation Pause) 155M->6M(256M) 6.892ms
[73.719s][info][gc,cpu      ] GC(1333) User=0.01s Sys=0.00s Real=0.01s
[73.766s][info][gc,start    ] GC(1334) Pause Young (Normal) (G1 Evacuation Pause)
[73.767s][info][gc,task     ] GC(1334) Using 6 workers of 8 for evacuation
[73.770s][info][gc,phases   ] GC(1334)   Pre Evacuate Collection Set: 0.2ms
[73.770s][info][gc,phases   ] GC(1334)   Merge Heap Roots: 0.3ms
[73.770s][info][gc,phases   ] GC(1334)   Evacuate Collection Set: 1.0ms
[73.771s][info][gc,phases   ] GC(1334)   Post Evacuate Collection Set: 0.7ms
[73.771s][info][gc,phases   ] GC(1334)   Other: 0.5ms
[73.771s][info][gc,heap     ] GC(1334) Eden regions: 149->0(149)
[73.772s][info][gc,heap     ] GC(1334) Survivor regions: 4->4(20)
[73.772s][info][gc,heap     ] GC(1334) Old regions: 2->2
[73.773s][info][gc,heap     ] GC(1334) Archive regions: 2->2
[73.773s][info][gc,heap     ] GC(1334) Humongous regions: 0->0
[73.774s][info][gc,metaspace] GC(1334) Metaspace: 615K(832K)->615K(832K) NonClass: 597K(704K)->597K(704K) Class: 17K(128K)->17K(128K)
[73.774s][info][gc          ] GC(1334) Pause Young (Normal) (G1 Evacuation Pause) 155M->5M(256M) 8.277ms
[73.775s][info][gc,cpu      ] GC(1334) User=0.01s Sys=0.00s Real=0.01s
[73.821s][info][gc,start    ] GC(1335) Pause Young (Normal) (G1 Evacuation Pause)
[73.822s][info][gc,task     ] GC(1335) Using 6 workers of 8 for evacuation
[73.828s][info][gc,phases   ] GC(1335)   Pre Evacuate Collection Set: 0.6ms
[73.829s][info][gc,phases   ] GC(1335)   Merge Heap Roots: 0.5ms
[73.829s][info][gc,phases   ] GC(1335)   Evacuate Collection Set: 2.3ms
[73.830s][info][gc,phases   ] GC(1335)   Post Evacuate Collection Set: 2.1ms
[73.830s][info][gc,phases   ] GC(1335)   Other: 0.9ms
[73.831s][info][gc,heap     ] GC(1335) Eden regions: 149->0(149)
[73.831s][info][gc,heap     ] GC(1335) Survivor regions: 4->4(20)
[73.831s][info][gc,heap     ] GC(1335) Old regions: 2->2
[73.832s][info][gc,heap     ] GC(1335) Archive regions: 2->2
[73.832s][info][gc,heap     ] GC(1335) Humongous regions: 0->0
[73.833s][info][gc,metaspace] GC(1335) Metaspace: 615K(832K)->615K(832K) NonClass: 597K(704K)->597K(704K) Class: 17K(128K)->17K(128K)
[73.833s][info][gc          ] GC(1335) Pause Young (Normal) (G1 Evacuation Pause) 154M->5M(256M) 12.301ms
[73.833s][info][gc,cpu      ] GC(1335) User=0.01s Sys=0.01s Real=0.01s
[73.894s][info][gc,start    ] GC(1336) Pause Young (Normal) (G1 Evacuation Pause)
[73.895s][info][gc,task     ] GC(1336) Using 6 workers of 8 for evacuation
[73.899s][info][gc,phases   ] GC(1336)   Pre Evacuate Collection Set: 0.3ms
[73.899s][info][gc,phases   ] GC(1336)   Merge Heap Roots: 0.2ms
[73.900s][info][gc,phases   ] GC(1336)   Evacuate Collection Set: 2.1ms
[73.900s][info][gc,phases   ] GC(1336)   Post Evacuate Collection Set: 0.8ms
[73.900s][info][gc,phases   ] GC(1336)   Other: 0.6ms
[73.900s][info][gc,heap     ] GC(1336) Eden regions: 149->0(150)
[73.901s][info][gc,heap     ] GC(1336) Survivor regions: 4->3(20)
[73.901s][info][gc,heap     ] GC(1336) Old regions: 2->2
[73.901s][info][gc,heap     ] GC(1336) Archive regions: 2->2
[73.902s][info][gc,heap     ] GC(1336) Humongous regions: 0->0
[73.902s][info][gc,metaspace] GC(1336) Metaspace: 615K(832K)->615K(832K) NonClass: 597K(704K)->597K(704K) Class: 17K(128K)->17K(128K)
[73.902s][info][gc          ] GC(1336) Pause Young (Normal) (G1 Evacuation Pause) 154M->5M(256M) 8.212ms
[73.903s][info][gc,cpu      ] GC(1336) User=0.01s Sys=0.00s Real=0.01s
[73.950s][info][gc,start    ] GC(1337) Pause Young (Normal) (G1 Evacuation Pause)
[73.951s][info][gc,task     ] GC(1337) Using 6 workers of 8 for evacuation
[73.954s][info][gc,phases   ] GC(1337)   Pre Evacuate Collection Set: 0.3ms
[73.954s][info][gc,phases   ] GC(1337)   Merge Heap Roots: 0.3ms
[73.956s][info][gc,phases   ] GC(1337)   Evacuate Collection Set: 1.2ms
[73.958s][info][gc,phases   ] GC(1337)   Post Evacuate Collection Set: 0.9ms
[73.959s][info][gc,phases   ] GC(1337)   Other: 0.5ms
[73.959s][info][gc,heap     ] GC(1337) Eden regions: 150->0(149)
[73.960s][info][gc,heap     ] GC(1337) Survivor regions: 3->4(20)
[73.960s][info][gc,heap     ] GC(1337) Old regions: 2->2
[73.961s][info][gc,heap     ] GC(1337) Archive regions: 2->2
[73.961s][info][gc,heap     ] GC(1337) Humongous regions: 0->0
[73.961s][info][gc,metaspace] GC(1337) Metaspace: 615K(832K)->615K(832K) NonClass: 597K(704K)->597K(704K) Class: 17K(128K)->17K(128K)
[73.962s][info][gc          ] GC(1337) Pause Young (Normal) (G1 Evacuation Pause) 155M->5M(256M) 11.499ms
[73.962s][info][gc,cpu      ] GC(1337) User=0.01s Sys=0.00s Real=0.01s
[74.069s][info][gc,start    ] GC(1338) Pause Young (Normal) (G1 Evacuation Pause)
[74.082s][info][gc,task     ] GC(1338) Using 6 workers of 8 for evacuation
[74.086s][info][gc,phases   ] GC(1338)   Pre Evacuate Collection Set: 0.3ms
[74.087s][info][gc,phases   ] GC(1338)   Merge Heap Roots: 0.2ms
[74.087s][info][gc,phases   ] GC(1338)   Evacuate Collection Set: 1.2ms
[74.087s][info][gc,phases   ] GC(1338)   Post Evacuate Collection Set: 0.9ms
[74.088s][info][gc,phases   ] GC(1338)   Other: 1.5ms
[74.088s][info][gc,heap     ] GC(1338) Eden regions: 149->0(149)
[74.088s][info][gc,heap     ] GC(1338) Survivor regions: 4->4(20)
[74.089s][info][gc,heap     ] GC(1338) Old regions: 2->2
[74.089s][info][gc,heap     ] GC(1338) Archive regions: 2->2
[74.090s][info][gc,heap     ] GC(1338) Humongous regions: 0->0
[74.091s][info][gc,metaspace] GC(1338) Metaspace: 615K(832K)->615K(832K) NonClass: 597K(704K)->597K(704K) Class: 17K(128K)->17K(128K)
[74.092s][info][gc          ] GC(1338) Pause Young (Normal) (G1 Evacuation Pause) 154M->5M(256M) 22.475ms
[74.092s][info][gc,cpu      ] GC(1338) User=0.01s Sys=0.00s Real=0.02s
[74.150s][info][gc,start    ] GC(1339) Pause Young (Normal) (G1 Evacuation Pause)
[74.150s][info][gc,task     ] GC(1339) Using 6 workers of 8 for evacuation
[74.154s][info][gc,phases   ] GC(1339)   Pre Evacuate Collection Set: 0.2ms
[74.154s][info][gc,phases   ] GC(1339)   Merge Heap Roots: 0.2ms
[74.155s][info][gc,phases   ] GC(1339)   Evacuate Collection Set: 1.6ms
[74.155s][info][gc,phases   ] GC(1339)   Post Evacuate Collection Set: 1.3ms
[74.155s][info][gc,phases   ] GC(1339)   Other: 0.5ms
[74.156s][info][gc,heap     ] GC(1339) Eden regions: 149->0(150)
[74.156s][info][gc,heap     ] GC(1339) Survivor regions: 4->3(20)
[74.157s][info][gc,heap     ] GC(1339) Old regions: 2->2
[74.158s][info][gc,heap     ] GC(1339) Archive regions: 2->2
[74.158s][info][gc,heap     ] GC(1339) Humongous regions: 0->0
[74.159s][info][gc,metaspace] GC(1339) Metaspace: 615K(832K)->615K(832K) NonClass: 597K(704K)->597K(704K) Class: 17K(128K)->17K(128K)
[74.159s][info][gc          ] GC(1339) Pause Young (Normal) (G1 Evacuation Pause) 154M->5M(256M) 9.484ms
[74.160s][info][gc,cpu      ] GC(1339) User=0.00s Sys=0.00s Real=0.01s
[74.215s][info][gc,start    ] GC(1340) Pause Young (Normal) (G1 Evacuation Pause)
[74.216s][info][gc,task     ] GC(1340) Using 6 workers of 8 for evacuation
[74.219s][info][gc,phases   ] GC(1340)   Pre Evacuate Collection Set: 0.3ms
[74.220s][info][gc,phases   ] GC(1340)   Merge Heap Roots: 0.2ms
[74.220s][info][gc,phases   ] GC(1340)   Evacuate Collection Set: 1.5ms
[74.220s][info][gc,phases   ] GC(1340)   Post Evacuate Collection Set: 1.1ms
[74.221s][info][gc,phases   ] GC(1340)   Other: 0.5ms
[74.221s][info][gc,heap     ] GC(1340) Eden regions: 150->0(149)
[74.221s][info][gc,heap     ] GC(1340) Survivor regions: 3->4(20)
[74.222s][info][gc,heap     ] GC(1340) Old regions: 2->2
[74.222s][info][gc,heap     ] GC(1340) Archive regions: 2->2
[74.222s][info][gc,heap     ] GC(1340) Humongous regions: 0->0
[74.223s][info][gc,metaspace] GC(1340) Metaspace: 615K(832K)->615K(832K) NonClass: 597K(704K)->597K(704K) Class: 17K(128K)->17K(128K)
[74.224s][info][gc          ] GC(1340) Pause Young (Normal) (G1 Evacuation Pause) 155M->6M(256M) 8.436ms
[74.224s][info][gc,cpu      ] GC(1340) User=0.00s Sys=0.01s Real=0.01s
[74.271s][info][gc,start    ] GC(1341) Pause Young (Normal) (G1 Evacuation Pause)
[74.272s][info][gc,task     ] GC(1341) Using 6 workers of 8 for evacuation
[74.278s][info][gc,phases   ] GC(1341)   Pre Evacuate Collection Set: 0.4ms
[74.279s][info][gc,phases   ] GC(1341)   Merge Heap Roots: 0.4ms
[74.279s][info][gc,phases   ] GC(1341)   Evacuate Collection Set: 3.9ms
[74.280s][info][gc,phases   ] GC(1341)   Post Evacuate Collection Set: 1.3ms
[74.280s][info][gc,phases   ] GC(1341)   Other: 0.6ms
[74.281s][info][gc,heap     ] GC(1341) Eden regions: 149->0(149)
[74.281s][info][gc,heap     ] GC(1341) Survivor regions: 4->4(20)
[74.281s][info][gc,heap     ] GC(1341) Old regions: 2->2
[74.282s][info][gc,heap     ] GC(1341) Archive regions: 2->2
[74.283s][info][gc,heap     ] GC(1341) Humongous regions: 0->0
[74.283s][info][gc,metaspace] GC(1341) Metaspace: 615K(832K)->615K(832K) NonClass: 597K(704K)->597K(704K) Class: 17K(128K)->17K(128K)
[74.283s][info][gc          ] GC(1341) Pause Young (Normal) (G1 Evacuation Pause) 155M->5M(256M) 12.019ms
[74.284s][info][gc,cpu      ] GC(1341) User=0.00s Sys=0.01s Real=0.01s
[74.335s][info][gc,start    ] GC(1342) Pause Young (Normal) (G1 Evacuation Pause)
[74.336s][info][gc,task     ] GC(1342) Using 6 workers of 8 for evacuation
[74.341s][info][gc,phases   ] GC(1342)   Pre Evacuate Collection Set: 0.3ms
[74.343s][info][gc,phases   ] GC(1342)   Merge Heap Roots: 0.3ms
[74.344s][info][gc,phases   ] GC(1342)   Evacuate Collection Set: 2.1ms
[74.344s][info][gc,phases   ] GC(1342)   Post Evacuate Collection Set: 2.3ms
[74.345s][info][gc,phases   ] GC(1342)   Other: 0.6ms
[74.346s][info][gc,heap     ] GC(1342) Eden regions: 149->0(150)
[74.346s][info][gc,heap     ] GC(1342) Survivor regions: 4->3(20)
[74.347s][info][gc,heap     ] GC(1342) Old regions: 2->2
[74.347s][info][gc,heap     ] GC(1342) Archive regions: 2->2
[74.347s][info][gc,heap     ] GC(1342) Humongous regions: 0->0
[74.348s][info][gc,metaspace] GC(1342) Metaspace: 615K(832K)->615K(832K) NonClass: 597K(704K)->597K(704K) Class: 17K(128K)->17K(128K)
[74.349s][info][gc          ] GC(1342) Pause Young (Normal) (G1 Evacuation Pause) 154M->5M(256M) 14.036ms
[74.349s][info][gc,cpu      ] GC(1342) User=0.00s Sys=0.01s Real=0.02s
[74.412s][info][gc,start    ] GC(1343) Pause Young (Normal) (G1 Evacuation Pause)
[74.412s][info][gc,task     ] GC(1343) Using 6 workers of 8 for evacuation
[74.416s][info][gc,phases   ] GC(1343)   Pre Evacuate Collection Set: 0.4ms
[74.417s][info][gc,phases   ] GC(1343)   Merge Heap Roots: 0.2ms
[74.417s][info][gc,phases   ] GC(1343)   Evacuate Collection Set: 1.9ms
[74.418s][info][gc,phases   ] GC(1343)   Post Evacuate Collection Set: 1.0ms
[74.418s][info][gc,phases   ] GC(1343)   Other: 0.5ms
[74.418s][info][gc,heap     ] GC(1343) Eden regions: 150->0(149)
[74.418s][info][gc,heap     ] GC(1343) Survivor regions: 3->4(20)
[74.419s][info][gc,heap     ] GC(1343) Old regions: 2->2
[74.419s][info][gc,heap     ] GC(1343) Archive regions: 2->2
[74.420s][info][gc,heap     ] GC(1343) Humongous regions: 0->0
[74.420s][info][gc,metaspace] GC(1343) Metaspace: 615K(832K)->615K(832K) NonClass: 597K(704K)->597K(704K) Class: 17K(128K)->17K(128K)
[74.420s][info][gc          ] GC(1343) Pause Young (Normal) (G1 Evacuation Pause) 155M->6M(256M) 8.496ms
[74.421s][info][gc,cpu      ] GC(1343) User=0.01s Sys=0.00s Real=0.01s
[74.473s][info][gc,start    ] GC(1344) Pause Young (Normal) (G1 Evacuation Pause)
[74.476s][info][gc,task     ] GC(1344) Using 6 workers of 8 for evacuation
[74.480s][info][gc,phases   ] GC(1344)   Pre Evacuate Collection Set: 0.3ms
[74.482s][info][gc,phases   ] GC(1344)   Merge Heap Roots: 0.3ms
[74.482s][info][gc,phases   ] GC(1344)   Evacuate Collection Set: 1.9ms
[74.483s][info][gc,phases   ] GC(1344)   Post Evacuate Collection Set: 1.0ms
[74.483s][info][gc,phases   ] GC(1344)   Other: 1.3ms
[74.484s][info][gc,heap     ] GC(1344) Eden regions: 149->0(149)
[74.484s][info][gc,heap     ] GC(1344) Survivor regions: 4->4(20)
[74.484s][info][gc,heap     ] GC(1344) Old regions: 2->2
[74.485s][info][gc,heap     ] GC(1344) Archive regions: 2->2
[74.485s][info][gc,heap     ] GC(1344) Humongous regions: 0->0
[74.485s][info][gc,metaspace] GC(1344) Metaspace: 615K(832K)->615K(832K) NonClass: 597K(704K)->597K(704K) Class: 17K(128K)->17K(128K)
[74.486s][info][gc          ] GC(1344) Pause Young (Normal) (G1 Evacuation Pause) 155M->6M(256M) 12.335ms
[74.486s][info][gc,cpu      ] GC(1344) User=0.01s Sys=0.00s Real=0.01s
[74.537s][info][gc,start    ] GC(1345) Pause Young (Normal) (G1 Evacuation Pause)
[74.538s][info][gc,task     ] GC(1345) Using 6 workers of 8 for evacuation
[74.542s][info][gc,phases   ] GC(1345)   Pre Evacuate Collection Set: 0.4ms
[74.543s][info][gc,phases   ] GC(1345)   Merge Heap Roots: 0.3ms
[74.544s][info][gc,phases   ] GC(1345)   Evacuate Collection Set: 1.3ms
[74.544s][info][gc,phases   ] GC(1345)   Post Evacuate Collection Set: 1.6ms
[74.545s][info][gc,phases   ] GC(1345)   Other: 0.5ms
[74.546s][info][gc,heap     ] GC(1345) Eden regions: 149->0(149)
[74.546s][info][gc,heap     ] GC(1345) Survivor regions: 4->4(20)
[74.547s][info][gc,heap     ] GC(1345) Old regions: 2->2
[74.547s][info][gc,heap     ] GC(1345) Archive regions: 2->2
[74.548s][info][gc,heap     ] GC(1345) Humongous regions: 0->0
[74.548s][info][gc,metaspace] GC(1345) Metaspace: 615K(832K)->615K(832K) NonClass: 597K(704K)->597K(704K) Class: 17K(128K)->17K(128K)
[74.549s][info][gc          ] GC(1345) Pause Young (Normal) (G1 Evacuation Pause) 155M->5M(256M) 11.527ms
[74.549s][info][gc,cpu      ] GC(1345) User=0.01s Sys=0.00s Real=0.01s
[74.594s][info][gc,start    ] GC(1346) Pause Young (Normal) (G1 Evacuation Pause)
[74.595s][info][gc,task     ] GC(1346) Using 6 workers of 8 for evacuation
[74.598s][info][gc,phases   ] GC(1346)   Pre Evacuate Collection Set: 0.3ms
[74.599s][info][gc,phases   ] GC(1346)   Merge Heap Roots: 0.3ms
[74.599s][info][gc,phases   ] GC(1346)   Evacuate Collection Set: 1.1ms
[74.600s][info][gc,phases   ] GC(1346)   Post Evacuate Collection Set: 0.8ms
[74.600s][info][gc,phases   ] GC(1346)   Other: 0.6ms
[74.600s][info][gc,heap     ] GC(1346) Eden regions: 149->0(150)
[74.601s][info][gc,heap     ] GC(1346) Survivor regions: 4->3(20)
[74.601s][info][gc,heap     ] GC(1346) Old regions: 2->2
[74.601s][info][gc,heap     ] GC(1346) Archive regions: 2->2
[74.602s][info][gc,heap     ] GC(1346) Humongous regions: 0->0
[74.602s][info][gc,metaspace] GC(1346) Metaspace: 615K(832K)->615K(832K) NonClass: 597K(704K)->597K(704K) Class: 17K(128K)->17K(128K)
[74.602s][info][gc          ] GC(1346) Pause Young (Normal) (G1 Evacuation Pause) 154M->5M(256M) 7.756ms
[74.603s][info][gc,cpu      ] GC(1346) User=0.00s Sys=0.01s Real=0.01s
[74.647s][info][gc,start    ] GC(1347) Pause Young (Normal) (G1 Evacuation Pause)
[74.648s][info][gc,task     ] GC(1347) Using 6 workers of 8 for evacuation
[74.651s][info][gc,phases   ] GC(1347)   Pre Evacuate Collection Set: 0.2ms
[74.651s][info][gc,phases   ] GC(1347)   Merge Heap Roots: 0.3ms
[74.652s][info][gc,phases   ] GC(1347)   Evacuate Collection Set: 1.4ms
[74.652s][info][gc,phases   ] GC(1347)   Post Evacuate Collection Set: 0.9ms
[74.652s][info][gc,phases   ] GC(1347)   Other: 0.5ms
[74.653s][info][gc,heap     ] GC(1347) Eden regions: 150->0(149)
[74.653s][info][gc,heap     ] GC(1347) Survivor regions: 3->4(20)
[74.653s][info][gc,heap     ] GC(1347) Old regions: 2->2
[74.654s][info][gc,heap     ] GC(1347) Archive regions: 2->2
[74.654s][info][gc,heap     ] GC(1347) Humongous regions: 0->0
[74.654s][info][gc,metaspace] GC(1347) Metaspace: 615K(832K)->615K(832K) NonClass: 597K(704K)->597K(704K) Class: 17K(128K)->17K(128K)
[74.655s][info][gc          ] GC(1347) Pause Young (Normal) (G1 Evacuation Pause) 155M->6M(256M) 7.598ms
[74.655s][info][gc,cpu      ] GC(1347) User=0.00s Sys=0.00s Real=0.00s
[74.700s][info][gc,start    ] GC(1348) Pause Young (Normal) (G1 Evacuation Pause)
[74.701s][info][gc,task     ] GC(1348) Using 6 workers of 8 for evacuation
[74.704s][info][gc,phases   ] GC(1348)   Pre Evacuate Collection Set: 0.3ms
[74.704s][info][gc,phases   ] GC(1348)   Merge Heap Roots: 0.2ms
[74.705s][info][gc,phases   ] GC(1348)   Evacuate Collection Set: 1.2ms
[74.705s][info][gc,phases   ] GC(1348)   Post Evacuate Collection Set: 1.0ms
[74.706s][info][gc,phases   ] GC(1348)   Other: 0.4ms
[74.707s][info][gc,heap     ] GC(1348) Eden regions: 149->0(149)
[74.708s][info][gc,heap     ] GC(1348) Survivor regions: 4->4(20)
[74.709s][info][gc,heap     ] GC(1348) Old regions: 2->2
[74.710s][info][gc,heap     ] GC(1348) Archive regions: 2->2
[74.710s][info][gc,heap     ] GC(1348) Humongous regions: 0->0
[74.711s][info][gc,metaspace] GC(1348) Metaspace: 615K(832K)->615K(832K) NonClass: 597K(704K)->597K(704K) Class: 17K(128K)->17K(128K)
[74.712s][info][gc          ] GC(1348) Pause Young (Normal) (G1 Evacuation Pause) 155M->5M(256M) 11.841ms
[74.712s][info][gc,cpu      ] GC(1348) User=0.01s Sys=0.00s Real=0.01s
[74.753s][info][gc,start    ] GC(1349) Pause Young (Normal) (G1 Evacuation Pause)
[74.753s][info][gc,task     ] GC(1349) Using 6 workers of 8 for evacuation
[74.758s][info][gc,phases   ] GC(1349)   Pre Evacuate Collection Set: 0.3ms
[74.759s][info][gc,phases   ] GC(1349)   Merge Heap Roots: 0.2ms
[74.760s][info][gc,phases   ] GC(1349)   Evacuate Collection Set: 1.1ms
[74.760s][info][gc,phases   ] GC(1349)   Post Evacuate Collection Set: 1.8ms
[74.761s][info][gc,phases   ] GC(1349)   Other: 0.6ms
[74.761s][info][gc,heap     ] GC(1349) Eden regions: 149->0(150)
[74.762s][info][gc,heap     ] GC(1349) Survivor regions: 4->3(20)
[74.762s][info][gc,heap     ] GC(1349) Old regions: 2->2
[74.763s][info][gc,heap     ] GC(1349) Archive regions: 2->2
[74.763s][info][gc,heap     ] GC(1349) Humongous regions: 0->0
[74.764s][info][gc,metaspace] GC(1349) Metaspace: 615K(832K)->615K(832K) NonClass: 597K(704K)->597K(704K) Class: 17K(128K)->17K(128K)
[74.764s][info][gc          ] GC(1349) Pause Young (Normal) (G1 Evacuation Pause) 154M->5M(256M) 10.976ms
[74.764s][info][gc,cpu      ] GC(1349) User=0.00s Sys=0.01s Real=0.01s
[74.805s][info][gc,start    ] GC(1350) Pause Young (Normal) (G1 Evacuation Pause)
[74.806s][info][gc,task     ] GC(1350) Using 6 workers of 8 for evacuation
[74.811s][info][gc,phases   ] GC(1350)   Pre Evacuate Collection Set: 0.6ms
[74.812s][info][gc,phases   ] GC(1350)   Merge Heap Roots: 0.4ms
[74.813s][info][gc,phases   ] GC(1350)   Evacuate Collection Set: 2.7ms
[74.813s][info][gc,phases   ] GC(1350)   Post Evacuate Collection Set: 1.2ms
[74.814s][info][gc,phases   ] GC(1350)   Other: 1.1ms
[74.814s][info][gc,heap     ] GC(1350) Eden regions: 150->0(149)
[74.814s][info][gc,heap     ] GC(1350) Survivor regions: 3->4(20)
[74.815s][info][gc,heap     ] GC(1350) Old regions: 2->2
[74.815s][info][gc,heap     ] GC(1350) Archive regions: 2->2
[74.815s][info][gc,heap     ] GC(1350) Humongous regions: 0->0
[74.816s][info][gc,metaspace] GC(1350) Metaspace: 615K(832K)->615K(832K) NonClass: 597K(704K)->597K(704K) Class: 17K(128K)->17K(128K)
[74.816s][info][gc          ] GC(1350) Pause Young (Normal) (G1 Evacuation Pause) 155M->6M(256M) 11.078ms
[74.816s][info][gc,cpu      ] GC(1350) User=0.01s Sys=0.00s Real=0.01s
[74.865s][info][gc,start    ] GC(1351) Pause Young (Normal) (G1 Evacuation Pause)
[74.865s][info][gc,task     ] GC(1351) Using 6 workers of 8 for evacuation
[74.868s][info][gc,phases   ] GC(1351)   Pre Evacuate Collection Set: 0.2ms
[74.868s][info][gc,phases   ] GC(1351)   Merge Heap Roots: 0.2ms
[74.868s][info][gc,phases   ] GC(1351)   Evacuate Collection Set: 0.8ms
[74.869s][info][gc,phases   ] GC(1351)   Post Evacuate Collection Set: 0.9ms
[74.869s][info][gc,phases   ] GC(1351)   Other: 0.5ms
[74.869s][info][gc,heap     ] GC(1351) Eden regions: 149->0(149)
[74.870s][info][gc,heap     ] GC(1351) Survivor regions: 4->4(20)
[74.870s][info][gc,heap     ] GC(1351) Old regions: 2->2
[74.871s][info][gc,heap     ] GC(1351) Archive regions: 2->2
[74.871s][info][gc,heap     ] GC(1351) Humongous regions: 0->0
[74.871s][info][gc,metaspace] GC(1351) Metaspace: 615K(832K)->615K(832K) NonClass: 597K(704K)->597K(704K) Class: 17K(128K)->17K(128K)
[74.872s][info][gc          ] GC(1351) Pause Young (Normal) (G1 Evacuation Pause) 155M->5M(256M) 7.113ms
[74.872s][info][gc,cpu      ] GC(1351) User=0.01s Sys=0.00s Real=0.01s
[74.917s][info][gc,start    ] GC(1352) Pause Young (Normal) (G1 Evacuation Pause)
[74.917s][info][gc,task     ] GC(1352) Using 6 workers of 8 for evacuation
[74.920s][info][gc,phases   ] GC(1352)   Pre Evacuate Collection Set: 0.2ms
[74.920s][info][gc,phases   ] GC(1352)   Merge Heap Roots: 0.2ms
[74.920s][info][gc,phases   ] GC(1352)   Evacuate Collection Set: 0.9ms
[74.921s][info][gc,phases   ] GC(1352)   Post Evacuate Collection Set: 0.8ms
[74.921s][info][gc,phases   ] GC(1352)   Other: 0.5ms
[74.922s][info][gc,heap     ] GC(1352) Eden regions: 149->0(149)
[74.924s][info][gc,heap     ] GC(1352) Survivor regions: 4->4(20)
[74.925s][info][gc,heap     ] GC(1352) Old regions: 2->2
[74.926s][info][gc,heap     ] GC(1352) Archive regions: 2->2
[74.927s][info][gc,heap     ] GC(1352) Humongous regions: 0->0
[74.927s][info][gc,metaspace] GC(1352) Metaspace: 615K(832K)->615K(832K) NonClass: 597K(704K)->597K(704K) Class: 17K(128K)->17K(128K)
[74.928s][info][gc          ] GC(1352) Pause Young (Normal) (G1 Evacuation Pause) 154M->5M(256M) 10.959ms
[74.928s][info][gc,cpu      ] GC(1352) User=0.01s Sys=0.00s Real=0.01s
[74.972s][info][gc,start    ] GC(1353) Pause Young (Normal) (G1 Evacuation Pause)
[74.972s][info][gc,task     ] GC(1353) Using 6 workers of 8 for evacuation
[74.978s][info][gc,phases   ] GC(1353)   Pre Evacuate Collection Set: 0.6ms
[74.978s][info][gc,phases   ] GC(1353)   Merge Heap Roots: 0.3ms
[74.979s][info][gc,phases   ] GC(1353)   Evacuate Collection Set: 3.2ms
[74.979s][info][gc,phases   ] GC(1353)   Post Evacuate Collection Set: 0.9ms
[74.979s][info][gc,phases   ] GC(1353)   Other: 1.0ms
[74.980s][info][gc,heap     ] GC(1353) Eden regions: 149->0(150)
[74.980s][info][gc,heap     ] GC(1353) Survivor regions: 4->3(20)
[74.980s][info][gc,heap     ] GC(1353) Old regions: 2->2
[74.981s][info][gc,heap     ] GC(1353) Archive regions: 2->2
[74.981s][info][gc,heap     ] GC(1353) Humongous regions: 0->0
[74.982s][info][gc,metaspace] GC(1353) Metaspace: 615K(832K)->615K(832K) NonClass: 597K(704K)->597K(704K) Class: 17K(128K)->17K(128K)
[74.982s][info][gc          ] GC(1353) Pause Young (Normal) (G1 Evacuation Pause) 154M->5M(256M) 10.374ms
[74.982s][info][gc,cpu      ] GC(1353) User=0.01s Sys=0.01s Real=0.01s
[75.025s][info][gc,start    ] GC(1354) Pause Young (Normal) (G1 Evacuation Pause)
[75.027s][info][gc,task     ] GC(1354) Using 6 workers of 8 for evacuation
[75.031s][info][gc,phases   ] GC(1354)   Pre Evacuate Collection Set: 0.4ms
[75.031s][info][gc,phases   ] GC(1354)   Merge Heap Roots: 0.2ms
[75.031s][info][gc,phases   ] GC(1354)   Evacuate Collection Set: 1.1ms
[75.031s][info][gc,phases   ] GC(1354)   Post Evacuate Collection Set: 0.7ms
[75.032s][info][gc,phases   ] GC(1354)   Other: 0.7ms
[75.032s][info][gc,heap     ] GC(1354) Eden regions: 150->0(149)
[75.032s][info][gc,heap     ] GC(1354) Survivor regions: 3->4(20)
[75.033s][info][gc,heap     ] GC(1354) Old regions: 2->2
[75.033s][info][gc,heap     ] GC(1354) Archive regions: 2->2
[75.033s][info][gc,heap     ] GC(1354) Humongous regions: 0->0
[75.034s][info][gc,metaspace] GC(1354) Metaspace: 615K(832K)->615K(832K) NonClass: 597K(704K)->597K(704K) Class: 17K(128K)->17K(128K)
[75.034s][info][gc          ] GC(1354) Pause Young (Normal) (G1 Evacuation Pause) 155M->6M(256M) 8.835ms
[75.034s][info][gc,cpu      ] GC(1354) User=0.01s Sys=0.00s Real=0.01s
[75.081s][info][gc,start    ] GC(1355) Pause Young (Normal) (G1 Evacuation Pause)
[75.081s][info][gc,task     ] GC(1355) Using 6 workers of 8 for evacuation
[75.084s][info][gc,phases   ] GC(1355)   Pre Evacuate Collection Set: 0.2ms
[75.084s][info][gc,phases   ] GC(1355)   Merge Heap Roots: 0.2ms
[75.085s][info][gc,phases   ] GC(1355)   Evacuate Collection Set: 1.3ms
[75.085s][info][gc,phases   ] GC(1355)   Post Evacuate Collection Set: 0.9ms
[75.085s][info][gc,phases   ] GC(1355)   Other: 0.4ms
[75.086s][info][gc,heap     ] GC(1355) Eden regions: 149->0(149)
[75.086s][info][gc,heap     ] GC(1355) Survivor regions: 4->4(20)
[75.086s][info][gc,heap     ] GC(1355) Old regions: 2->2
[75.086s][info][gc,heap     ] GC(1355) Archive regions: 2->2
[75.087s][info][gc,heap     ] GC(1355) Humongous regions: 0->0
[75.087s][info][gc,metaspace] GC(1355) Metaspace: 615K(832K)->615K(832K) NonClass: 597K(704K)->597K(704K) Class: 17K(128K)->17K(128K)
[75.087s][info][gc          ] GC(1355) Pause Young (Normal) (G1 Evacuation Pause) 155M->5M(256M) 6.918ms
[75.088s][info][gc,cpu      ] GC(1355) User=0.00s Sys=0.00s Real=0.01s
[75.137s][info][gc,start    ] GC(1356) Pause Young (Normal) (G1 Evacuation Pause)
[75.137s][info][gc,task     ] GC(1356) Using 6 workers of 8 for evacuation
[75.142s][info][gc,phases   ] GC(1356)   Pre Evacuate Collection Set: 0.2ms
[75.143s][info][gc,phases   ] GC(1356)   Merge Heap Roots: 0.2ms
[75.144s][info][gc,phases   ] GC(1356)   Evacuate Collection Set: 1.8ms
[75.144s][info][gc,phases   ] GC(1356)   Post Evacuate Collection Set: 1.7ms
[75.144s][info][gc,phases   ] GC(1356)   Other: 0.5ms
[75.145s][info][gc,heap     ] GC(1356) Eden regions: 149->0(149)
[75.145s][info][gc,heap     ] GC(1356) Survivor regions: 4->4(20)
[75.146s][info][gc,heap     ] GC(1356) Old regions: 2->2
[75.146s][info][gc,heap     ] GC(1356) Archive regions: 2->2
[75.147s][info][gc,heap     ] GC(1356) Humongous regions: 0->0
[75.147s][info][gc,metaspace] GC(1356) Metaspace: 615K(832K)->615K(832K) NonClass: 597K(704K)->597K(704K) Class: 17K(128K)->17K(128K)
[75.147s][info][gc          ] GC(1356) Pause Young (Normal) (G1 Evacuation Pause) 154M->5M(256M) 10.090ms
[75.147s][info][gc,cpu      ] GC(1356) User=0.01s Sys=0.00s Real=0.01s
[75.189s][info][gc,start    ] GC(1357) Pause Young (Normal) (G1 Evacuation Pause)
[75.190s][info][gc,task     ] GC(1357) Using 6 workers of 8 for evacuation
[75.195s][info][gc,phases   ] GC(1357)   Pre Evacuate Collection Set: 0.5ms
[75.196s][info][gc,phases   ] GC(1357)   Merge Heap Roots: 0.4ms
[75.196s][info][gc,phases   ] GC(1357)   Evacuate Collection Set: 1.6ms
[75.197s][info][gc,phases   ] GC(1357)   Post Evacuate Collection Set: 1.3ms
[75.197s][info][gc,phases   ] GC(1357)   Other: 1.2ms
[75.197s][info][gc,heap     ] GC(1357) Eden regions: 149->0(150)
[75.198s][info][gc,heap     ] GC(1357) Survivor regions: 4->3(20)
[75.198s][info][gc,heap     ] GC(1357) Old regions: 2->2
[75.198s][info][gc,heap     ] GC(1357) Archive regions: 2->2
[75.199s][info][gc,heap     ] GC(1357) Humongous regions: 0->0
[75.199s][info][gc,metaspace] GC(1357) Metaspace: 615K(832K)->615K(832K) NonClass: 597K(704K)->597K(704K) Class: 17K(128K)->17K(128K)
[75.200s][info][gc          ] GC(1357) Pause Young (Normal) (G1 Evacuation Pause) 154M->5M(256M) 10.769ms
[75.200s][info][gc,cpu      ] GC(1357) User=0.01s Sys=0.00s Real=0.01s
[75.244s][info][gc,start    ] GC(1358) Pause Young (Normal) (G1 Evacuation Pause)
[75.245s][info][gc,task     ] GC(1358) Using 6 workers of 8 for evacuation
[75.248s][info][gc,phases   ] GC(1358)   Pre Evacuate Collection Set: 0.3ms
[75.249s][info][gc,phases   ] GC(1358)   Merge Heap Roots: 0.2ms
[75.249s][info][gc,phases   ] GC(1358)   Evacuate Collection Set: 1.6ms
[75.249s][info][gc,phases   ] GC(1358)   Post Evacuate Collection Set: 0.9ms
[75.250s][info][gc,phases   ] GC(1358)   Other: 0.4ms
[75.250s][info][gc,heap     ] GC(1358) Eden regions: 150->0(149)
[75.250s][info][gc,heap     ] GC(1358) Survivor regions: 3->4(20)
[75.251s][info][gc,heap     ] GC(1358) Old regions: 2->2
[75.251s][info][gc,heap     ] GC(1358) Archive regions: 2->2
[75.251s][info][gc,heap     ] GC(1358) Humongous regions: 0->0
[75.252s][info][gc,metaspace] GC(1358) Metaspace: 615K(832K)->615K(832K) NonClass: 597K(704K)->597K(704K) Class: 17K(128K)->17K(128K)
[75.252s][info][gc          ] GC(1358) Pause Young (Normal) (G1 Evacuation Pause) 155M->5M(256M) 7.809ms
[75.252s][info][gc,cpu      ] GC(1358) User=0.01s Sys=0.00s Real=0.01s
[75.292s][info][gc,start    ] GC(1359) Pause Young (Normal) (G1 Evacuation Pause)
[75.293s][info][gc,task     ] GC(1359) Using 6 workers of 8 for evacuation
[75.296s][info][gc,phases   ] GC(1359)   Pre Evacuate Collection Set: 0.3ms
[75.297s][info][gc,phases   ] GC(1359)   Merge Heap Roots: 0.3ms
[75.297s][info][gc,phases   ] GC(1359)   Evacuate Collection Set: 1.0ms
[75.297s][info][gc,phases   ] GC(1359)   Post Evacuate Collection Set: 0.6ms
[75.298s][info][gc,phases   ] GC(1359)   Other: 0.7ms
[75.298s][info][gc,heap     ] GC(1359) Eden regions: 149->0(149)
[75.298s][info][gc,heap     ] GC(1359) Survivor regions: 4->4(20)
[75.299s][info][gc,heap     ] GC(1359) Old regions: 2->2
[75.299s][info][gc,heap     ] GC(1359) Archive regions: 2->2
[75.299s][info][gc,heap     ] GC(1359) Humongous regions: 0->0
[75.299s][info][gc,metaspace] GC(1359) Metaspace: 615K(832K)->615K(832K) NonClass: 597K(704K)->597K(704K) Class: 17K(128K)->17K(128K)
[75.300s][info][gc          ] GC(1359) Pause Young (Normal) (G1 Evacuation Pause) 154M->5M(256M) 7.321ms
[75.300s][info][gc,cpu      ] GC(1359) User=0.00s Sys=0.00s Real=0.01s
[75.338s][info][gc,start    ] GC(1360) Pause Young (Normal) (G1 Evacuation Pause)
[75.338s][info][gc,task     ] GC(1360) Using 6 workers of 8 for evacuation
[75.343s][info][gc,phases   ] GC(1360)   Pre Evacuate Collection Set: 0.4ms
[75.344s][info][gc,phases   ] GC(1360)   Merge Heap Roots: 0.4ms
[75.344s][info][gc,phases   ] GC(1360)   Evacuate Collection Set: 1.7ms
[75.345s][info][gc,phases   ] GC(1360)   Post Evacuate Collection Set: 1.7ms
[75.345s][info][gc,phases   ] GC(1360)   Other: 0.5ms
[75.345s][info][gc,heap     ] GC(1360) Eden regions: 149->0(150)
[75.346s][info][gc,heap     ] GC(1360) Survivor regions: 4->3(20)
[75.346s][info][gc,heap     ] GC(1360) Old regions: 2->2
[75.346s][info][gc,heap     ] GC(1360) Archive regions: 2->2
[75.347s][info][gc,heap     ] GC(1360) Humongous regions: 0->0
[75.347s][info][gc,metaspace] GC(1360) Metaspace: 615K(832K)->615K(832K) NonClass: 597K(704K)->597K(704K) Class: 17K(128K)->17K(128K)
[75.347s][info][gc          ] GC(1360) Pause Young (Normal) (G1 Evacuation Pause) 154M->5M(256M) 9.191ms
[75.347s][info][gc,cpu      ] GC(1360) User=0.02s Sys=0.00s Real=0.01s
[75.394s][info][gc,start    ] GC(1361) Pause Young (Normal) (G1 Evacuation Pause)
[75.395s][info][gc,task     ] GC(1361) Using 6 workers of 8 for evacuation
[75.398s][info][gc,phases   ] GC(1361)   Pre Evacuate Collection Set: 0.3ms
[75.399s][info][gc,phases   ] GC(1361)   Merge Heap Roots: 0.2ms
[75.399s][info][gc,phases   ] GC(1361)   Evacuate Collection Set: 1.3ms
[75.400s][info][gc,phases   ] GC(1361)   Post Evacuate Collection Set: 0.9ms
[75.400s][info][gc,phases   ] GC(1361)   Other: 0.6ms
[75.400s][info][gc,heap     ] GC(1361) Eden regions: 150->0(149)
[75.401s][info][gc,heap     ] GC(1361) Survivor regions: 3->4(20)
[75.401s][info][gc,heap     ] GC(1361) Old regions: 2->2
[75.401s][info][gc,heap     ] GC(1361) Archive regions: 2->2
[75.402s][info][gc,heap     ] GC(1361) Humongous regions: 0->0
[75.402s][info][gc,metaspace] GC(1361) Metaspace: 615K(832K)->615K(832K) NonClass: 597K(704K)->597K(704K) Class: 17K(128K)->17K(128K)
[75.402s][info][gc          ] GC(1361) Pause Young (Normal) (G1 Evacuation Pause) 155M->6M(256M) 7.977ms
[75.402s][info][gc,cpu      ] GC(1361) User=0.01s Sys=0.00s Real=0.01s
[75.446s][info][gc,start    ] GC(1362) Pause Young (Normal) (G1 Evacuation Pause)
[75.447s][info][gc,task     ] GC(1362) Using 6 workers of 8 for evacuation
[75.449s][info][gc,phases   ] GC(1362)   Pre Evacuate Collection Set: 0.2ms
[75.450s][info][gc,phases   ] GC(1362)   Merge Heap Roots: 0.3ms
[75.450s][info][gc,phases   ] GC(1362)   Evacuate Collection Set: 0.9ms
[75.450s][info][gc,phases   ] GC(1362)   Post Evacuate Collection Set: 0.8ms
[75.451s][info][gc,phases   ] GC(1362)   Other: 0.5ms
[75.451s][info][gc,heap     ] GC(1362) Eden regions: 149->0(149)
[75.451s][info][gc,heap     ] GC(1362) Survivor regions: 4->4(20)
[75.452s][info][gc,heap     ] GC(1362) Old regions: 2->2
[75.452s][info][gc,heap     ] GC(1362) Archive regions: 2->2
[75.452s][info][gc,heap     ] GC(1362) Humongous regions: 0->0
[75.453s][info][gc,metaspace] GC(1362) Metaspace: 615K(832K)->615K(832K) NonClass: 597K(704K)->597K(704K) Class: 17K(128K)->17K(128K)
[75.453s][info][gc          ] GC(1362) Pause Young (Normal) (G1 Evacuation Pause) 155M->5M(256M) 6.958ms
[75.453s][info][gc,cpu      ] GC(1362) User=0.01s Sys=0.00s Real=0.01s
[75.503s][info][gc,start    ] GC(1363) Pause Young (Normal) (G1 Evacuation Pause)
[75.503s][info][gc,task     ] GC(1363) Using 6 workers of 8 for evacuation
[75.508s][info][gc,phases   ] GC(1363)   Pre Evacuate Collection Set: 0.2ms
[75.513s][info][gc,phases   ] GC(1363)   Merge Heap Roots: 0.2ms
[75.513s][info][gc,phases   ] GC(1363)   Evacuate Collection Set: 1.6ms
[75.513s][info][gc,phases   ] GC(1363)   Post Evacuate Collection Set: 2.0ms
[75.514s][info][gc,phases   ] GC(1363)   Other: 0.6ms
[75.514s][info][gc,heap     ] GC(1363) Eden regions: 149->0(150)
[75.514s][info][gc,heap     ] GC(1363) Survivor regions: 4->3(20)
[75.515s][info][gc,heap     ] GC(1363) Old regions: 2->2
[75.515s][info][gc,heap     ] GC(1363) Archive regions: 2->2
[75.515s][info][gc,heap     ] GC(1363) Humongous regions: 0->0
[75.516s][info][gc,metaspace] GC(1363) Metaspace: 615K(832K)->615K(832K) NonClass: 597K(704K)->597K(704K) Class: 17K(128K)->17K(128K)
[75.516s][info][gc          ] GC(1363) Pause Young (Normal) (G1 Evacuation Pause) 154M->5M(256M) 13.342ms
[75.516s][info][gc,cpu      ] GC(1363) User=0.01s Sys=0.00s Real=0.01s
[75.558s][info][gc,start    ] GC(1364) Pause Young (Normal) (G1 Evacuation Pause)
[75.559s][info][gc,task     ] GC(1364) Using 6 workers of 8 for evacuation
[75.563s][info][gc,phases   ] GC(1364)   Pre Evacuate Collection Set: 0.3ms
[75.563s][info][gc,phases   ] GC(1364)   Merge Heap Roots: 0.2ms
[75.564s][info][gc,phases   ] GC(1364)   Evacuate Collection Set: 1.3ms
[75.564s][info][gc,phases   ] GC(1364)   Post Evacuate Collection Set: 1.0ms
[75.564s][info][gc,phases   ] GC(1364)   Other: 0.8ms
[75.565s][info][gc,heap     ] GC(1364) Eden regions: 150->0(149)
[75.565s][info][gc,heap     ] GC(1364) Survivor regions: 3->4(20)
[75.565s][info][gc,heap     ] GC(1364) Old regions: 2->2
[75.566s][info][gc,heap     ] GC(1364) Archive regions: 2->2
[75.566s][info][gc,heap     ] GC(1364) Humongous regions: 0->0
[75.566s][info][gc,metaspace] GC(1364) Metaspace: 615K(832K)->615K(832K) NonClass: 597K(704K)->597K(704K) Class: 17K(128K)->17K(128K)
[75.567s][info][gc          ] GC(1364) Pause Young (Normal) (G1 Evacuation Pause) 155M->6M(256M) 8.711ms
[75.567s][info][gc,cpu      ] GC(1364) User=0.01s Sys=0.00s Real=0.01s
[75.603s][info][gc,start    ] GC(1365) Pause Young (Normal) (G1 Evacuation Pause)
[75.604s][info][gc,task     ] GC(1365) Using 6 workers of 8 for evacuation
[75.607s][info][gc,phases   ] GC(1365)   Pre Evacuate Collection Set: 0.2ms
[75.608s][info][gc,phases   ] GC(1365)   Merge Heap Roots: 0.3ms
[75.610s][info][gc,phases   ] GC(1365)   Evacuate Collection Set: 1.2ms
[75.610s][info][gc,phases   ] GC(1365)   Post Evacuate Collection Set: 1.4ms
[75.611s][info][gc,phases   ] GC(1365)   Other: 0.5ms
[75.612s][info][gc,heap     ] GC(1365) Eden regions: 149->0(149)
[75.612s][info][gc,heap     ] GC(1365) Survivor regions: 4->4(20)
[75.613s][info][gc,heap     ] GC(1365) Old regions: 2->2
[75.613s][info][gc,heap     ] GC(1365) Archive regions: 2->2
[75.614s][info][gc,heap     ] GC(1365) Humongous regions: 0->0
[75.614s][info][gc,metaspace] GC(1365) Metaspace: 615K(832K)->615K(832K) NonClass: 597K(704K)->597K(704K) Class: 17K(128K)->17K(128K)
[75.614s][info][gc          ] GC(1365) Pause Young (Normal) (G1 Evacuation Pause) 155M->5M(256M) 10.912ms
[75.615s][info][gc,cpu      ] GC(1365) User=0.00s Sys=0.01s Real=0.01s
[75.654s][info][gc,start    ] GC(1366) Pause Young (Normal) (G1 Evacuation Pause)
[75.654s][info][gc,task     ] GC(1366) Using 6 workers of 8 for evacuation
[75.659s][info][gc,phases   ] GC(1366)   Pre Evacuate Collection Set: 0.3ms
[75.660s][info][gc,phases   ] GC(1366)   Merge Heap Roots: 0.3ms
[75.660s][info][gc,phases   ] GC(1366)   Evacuate Collection Set: 1.7ms
[75.661s][info][gc,phases   ] GC(1366)   Post Evacuate Collection Set: 1.5ms
[75.661s][info][gc,phases   ] GC(1366)   Other: 0.5ms
[75.662s][info][gc,heap     ] GC(1366) Eden regions: 149->0(149)
[75.663s][info][gc,heap     ] GC(1366) Survivor regions: 4->4(20)
[75.663s][info][gc,heap     ] GC(1366) Old regions: 2->2
[75.664s][info][gc,heap     ] GC(1366) Archive regions: 2->2
[75.664s][info][gc,heap     ] GC(1366) Humongous regions: 0->0
[75.665s][info][gc,metaspace] GC(1366) Metaspace: 615K(832K)->615K(832K) NonClass: 597K(704K)->597K(704K) Class: 17K(128K)->17K(128K)
[75.665s][info][gc          ] GC(1366) Pause Young (Normal) (G1 Evacuation Pause) 154M->5M(256M) 11.097ms
[75.665s][info][gc,cpu      ] GC(1366) User=0.00s Sys=0.01s Real=0.01s
[75.702s][info][gc,start    ] GC(1367) Pause Young (Normal) (G1 Evacuation Pause)
[75.703s][info][gc,task     ] GC(1367) Using 6 workers of 8 for evacuation
[75.705s][info][gc,phases   ] GC(1367)   Pre Evacuate Collection Set: 0.3ms
[75.706s][info][gc,phases   ] GC(1367)   Merge Heap Roots: 0.2ms
[75.707s][info][gc,phases   ] GC(1367)   Evacuate Collection Set: 1.0ms
[75.708s][info][gc,phases   ] GC(1367)   Post Evacuate Collection Set: 0.8ms
[75.709s][info][gc,phases   ] GC(1367)   Other: 0.4ms
[75.710s][info][gc,heap     ] GC(1367) Eden regions: 149->0(150)
[75.711s][info][gc,heap     ] GC(1367) Survivor regions: 4->3(20)
[75.711s][info][gc,heap     ] GC(1367) Old regions: 2->2
[75.711s][info][gc,heap     ] GC(1367) Archive regions: 2->2
[75.712s][info][gc,heap     ] GC(1367) Humongous regions: 0->0
[75.712s][info][gc,metaspace] GC(1367) Metaspace: 615K(832K)->615K(832K) NonClass: 597K(704K)->597K(704K) Class: 17K(128K)->17K(128K)
[75.713s][info][gc          ] GC(1367) Pause Young (Normal) (G1 Evacuation Pause) 154M->5M(256M) 10.528ms
[75.713s][info][gc,cpu      ] GC(1367) User=0.00s Sys=0.00s Real=0.01s
[75.751s][info][gc,start    ] GC(1368) Pause Young (Normal) (G1 Evacuation Pause)
[75.752s][info][gc,task     ] GC(1368) Using 6 workers of 8 for evacuation
[75.755s][info][gc,phases   ] GC(1368)   Pre Evacuate Collection Set: 0.2ms
[75.755s][info][gc,phases   ] GC(1368)   Merge Heap Roots: 0.2ms
[75.755s][info][gc,phases   ] GC(1368)   Evacuate Collection Set: 1.3ms
[75.756s][info][gc,phases   ] GC(1368)   Post Evacuate Collection Set: 0.8ms
[75.758s][info][gc,phases   ] GC(1368)   Other: 0.4ms
[75.759s][info][gc,heap     ] GC(1368) Eden regions: 150->0(149)
[75.760s][info][gc,heap     ] GC(1368) Survivor regions: 3->4(20)
[75.761s][info][gc,heap     ] GC(1368) Old regions: 2->2
[75.761s][info][gc,heap     ] GC(1368) Archive regions: 2->2
[75.762s][info][gc,heap     ] GC(1368) Humongous regions: 0->0
[75.762s][info][gc,metaspace] GC(1368) Metaspace: 615K(832K)->615K(832K) NonClass: 597K(704K)->597K(704K) Class: 17K(128K)->17K(128K)
[75.762s][info][gc          ] GC(1368) Pause Young (Normal) (G1 Evacuation Pause) 155M->6M(256M) 11.339ms
[75.763s][info][gc,cpu      ] GC(1368) User=0.01s Sys=0.00s Real=0.01s
[75.802s][info][gc,start    ] GC(1369) Pause Young (Normal) (G1 Evacuation Pause)
[75.803s][info][gc,task     ] GC(1369) Using 6 workers of 8 for evacuation
[75.806s][info][gc,phases   ] GC(1369)   Pre Evacuate Collection Set: 0.3ms
[75.808s][info][gc,phases   ] GC(1369)   Merge Heap Roots: 0.2ms
[75.808s][info][gc,phases   ] GC(1369)   Evacuate Collection Set: 1.2ms
[75.809s][info][gc,phases   ] GC(1369)   Post Evacuate Collection Set: 1.1ms
[75.810s][info][gc,phases   ] GC(1369)   Other: 0.5ms
[75.810s][info][gc,heap     ] GC(1369) Eden regions: 149->0(149)
[75.811s][info][gc,heap     ] GC(1369) Survivor regions: 4->4(20)
[75.811s][info][gc,heap     ] GC(1369) Old regions: 2->2
[75.812s][info][gc,heap     ] GC(1369) Archive regions: 2->2
[75.812s][info][gc,heap     ] GC(1369) Humongous regions: 0->0
[75.813s][info][gc,metaspace] GC(1369) Metaspace: 615K(832K)->615K(832K) NonClass: 597K(704K)->597K(704K) Class: 17K(128K)->17K(128K)
[75.813s][info][gc          ] GC(1369) Pause Young (Normal) (G1 Evacuation Pause) 155M->5M(256M) 10.766ms
[75.813s][info][gc,cpu      ] GC(1369) User=0.01s Sys=0.00s Real=0.01s
[75.856s][info][gc,start    ] GC(1370) Pause Young (Normal) (G1 Evacuation Pause)
[75.858s][info][gc,task     ] GC(1370) Using 6 workers of 8 for evacuation
[75.862s][info][gc,phases   ] GC(1370)   Pre Evacuate Collection Set: 0.7ms
[75.863s][info][gc,phases   ] GC(1370)   Merge Heap Roots: 0.3ms
[75.863s][info][gc,phases   ] GC(1370)   Evacuate Collection Set: 1.4ms
[75.864s][info][gc,phases   ] GC(1370)   Post Evacuate Collection Set: 1.2ms
[75.864s][info][gc,phases   ] GC(1370)   Other: 1.3ms
[75.864s][info][gc,heap     ] GC(1370) Eden regions: 149->0(150)
[75.865s][info][gc,heap     ] GC(1370) Survivor regions: 4->3(20)
[75.865s][info][gc,heap     ] GC(1370) Old regions: 2->2
[75.865s][info][gc,heap     ] GC(1370) Archive regions: 2->2
[75.866s][info][gc,heap     ] GC(1370) Humongous regions: 0->0
[75.866s][info][gc,metaspace] GC(1370) Metaspace: 615K(832K)->615K(832K) NonClass: 597K(704K)->597K(704K) Class: 17K(128K)->17K(128K)
[75.866s][info][gc          ] GC(1370) Pause Young (Normal) (G1 Evacuation Pause) 154M->5M(256M) 10.025ms
[75.867s][info][gc,cpu      ] GC(1370) User=0.01s Sys=0.00s Real=0.02s
[75.915s][info][gc,start    ] GC(1371) Pause Young (Normal) (G1 Evacuation Pause)
[75.915s][info][gc,task     ] GC(1371) Using 6 workers of 8 for evacuation
[75.919s][info][gc,phases   ] GC(1371)   Pre Evacuate Collection Set: 0.2ms
[75.919s][info][gc,phases   ] GC(1371)   Merge Heap Roots: 0.3ms
[75.919s][info][gc,phases   ] GC(1371)   Evacuate Collection Set: 1.7ms
[75.920s][info][gc,phases   ] GC(1371)   Post Evacuate Collection Set: 0.8ms
[75.920s][info][gc,phases   ] GC(1371)   Other: 0.4ms
[75.921s][info][gc,heap     ] GC(1371) Eden regions: 150->0(149)
[75.921s][info][gc,heap     ] GC(1371) Survivor regions: 3->4(20)
[75.921s][info][gc,heap     ] GC(1371) Old regions: 2->2
[75.922s][info][gc,heap     ] GC(1371) Archive regions: 2->2
[75.922s][info][gc,heap     ] GC(1371) Humongous regions: 0->0
[75.922s][info][gc,metaspace] GC(1371) Metaspace: 615K(832K)->615K(832K) NonClass: 597K(704K)->597K(704K) Class: 17K(128K)->17K(128K)
[75.924s][info][gc          ] GC(1371) Pause Young (Normal) (G1 Evacuation Pause) 155M->6M(256M) 8.688ms
[75.925s][info][gc,cpu      ] GC(1371) User=0.01s Sys=0.00s Real=0.01s
[75.970s][info][gc,start    ] GC(1372) Pause Young (Normal) (G1 Evacuation Pause)
[75.970s][info][gc,task     ] GC(1372) Using 6 workers of 8 for evacuation
[75.974s][info][gc,phases   ] GC(1372)   Pre Evacuate Collection Set: 0.3ms
[75.975s][info][gc,phases   ] GC(1372)   Merge Heap Roots: 0.3ms
[75.975s][info][gc,phases   ] GC(1372)   Evacuate Collection Set: 1.1ms
[75.976s][info][gc,phases   ] GC(1372)   Post Evacuate Collection Set: 1.5ms
[75.976s][info][gc,phases   ] GC(1372)   Other: 0.5ms
[75.977s][info][gc,heap     ] GC(1372) Eden regions: 149->0(149)
[75.977s][info][gc,heap     ] GC(1372) Survivor regions: 4->4(20)
[75.977s][info][gc,heap     ] GC(1372) Old regions: 2->2
[75.978s][info][gc,heap     ] GC(1372) Archive regions: 2->2
[75.978s][info][gc,heap     ] GC(1372) Humongous regions: 0->0
[75.979s][info][gc,metaspace] GC(1372) Metaspace: 615K(832K)->615K(832K) NonClass: 597K(704K)->597K(704K) Class: 17K(128K)->17K(128K)
[75.979s][info][gc          ] GC(1372) Pause Young (Normal) (G1 Evacuation Pause) 155M->6M(256M) 8.881ms
[75.979s][info][gc,cpu      ] GC(1372) User=0.01s Sys=0.00s Real=0.01s
[76.024s][info][gc,start    ] GC(1373) Pause Young (Normal) (G1 Evacuation Pause)
[76.025s][info][gc,task     ] GC(1373) Using 6 workers of 8 for evacuation
[76.029s][info][gc,phases   ] GC(1373)   Pre Evacuate Collection Set: 0.3ms
[76.029s][info][gc,phases   ] GC(1373)   Merge Heap Roots: 0.2ms
[76.030s][info][gc,phases   ] GC(1373)   Evacuate Collection Set: 1.3ms
[76.030s][info][gc,phases   ] GC(1373)   Post Evacuate Collection Set: 0.8ms
[76.030s][info][gc,phases   ] GC(1373)   Other: 1.3ms
[76.031s][info][gc,heap     ] GC(1373) Eden regions: 149->0(150)
[76.031s][info][gc,heap     ] GC(1373) Survivor regions: 4->3(20)
[76.031s][info][gc,heap     ] GC(1373) Old regions: 2->2
[76.032s][info][gc,heap     ] GC(1373) Archive regions: 2->2
[76.032s][info][gc,heap     ] GC(1373) Humongous regions: 0->0
[76.032s][info][gc,metaspace] GC(1373) Metaspace: 615K(832K)->615K(832K) NonClass: 597K(704K)->597K(704K) Class: 17K(128K)->17K(128K)
[76.033s][info][gc          ] GC(1373) Pause Young (Normal) (G1 Evacuation Pause) 155M->5M(256M) 8.674ms
[76.033s][info][gc,cpu      ] GC(1373) User=0.00s Sys=0.01s Real=0.01s
[76.080s][info][gc,start    ] GC(1374) Pause Young (Normal) (G1 Evacuation Pause)
[76.080s][info][gc,task     ] GC(1374) Using 6 workers of 8 for evacuation
[76.083s][info][gc,phases   ] GC(1374)   Pre Evacuate Collection Set: 0.4ms
[76.084s][info][gc,phases   ] GC(1374)   Merge Heap Roots: 0.2ms
[76.084s][info][gc,phases   ] GC(1374)   Evacuate Collection Set: 1.1ms
[76.084s][info][gc,phases   ] GC(1374)   Post Evacuate Collection Set: 0.8ms
[76.085s][info][gc,phases   ] GC(1374)   Other: 0.5ms
[76.085s][info][gc,heap     ] GC(1374) Eden regions: 150->0(149)
[76.085s][info][gc,heap     ] GC(1374) Survivor regions: 3->4(20)
[76.086s][info][gc,heap     ] GC(1374) Old regions: 2->2
[76.086s][info][gc,heap     ] GC(1374) Archive regions: 2->2
[76.086s][info][gc,heap     ] GC(1374) Humongous regions: 0->0
[76.086s][info][gc,metaspace] GC(1374) Metaspace: 615K(832K)->615K(832K) NonClass: 597K(704K)->597K(704K) Class: 17K(128K)->17K(128K)
[76.087s][info][gc          ] GC(1374) Pause Young (Normal) (G1 Evacuation Pause) 155M->6M(256M) 7.048ms
[76.087s][info][gc,cpu      ] GC(1374) User=0.01s Sys=0.00s Real=0.01s
[76.134s][info][gc,start    ] GC(1375) Pause Young (Normal) (G1 Evacuation Pause)
[76.134s][info][gc,task     ] GC(1375) Using 6 workers of 8 for evacuation
[76.137s][info][gc,phases   ] GC(1375)   Pre Evacuate Collection Set: 0.3ms
[76.138s][info][gc,phases   ] GC(1375)   Merge Heap Roots: 0.3ms
[76.138s][info][gc,phases   ] GC(1375)   Evacuate Collection Set: 1.2ms
[76.139s][info][gc,phases   ] GC(1375)   Post Evacuate Collection Set: 0.9ms
[76.141s][info][gc,phases   ] GC(1375)   Other: 0.4ms
[76.142s][info][gc,heap     ] GC(1375) Eden regions: 149->0(149)
[76.143s][info][gc,heap     ] GC(1375) Survivor regions: 4->4(20)
[76.144s][info][gc,heap     ] GC(1375) Old regions: 2->2
[76.144s][info][gc,heap     ] GC(1375) Archive regions: 2->2
[76.144s][info][gc,heap     ] GC(1375) Humongous regions: 0->0
[76.145s][info][gc,metaspace] GC(1375) Metaspace: 615K(832K)->615K(832K) NonClass: 597K(704K)->597K(704K) Class: 17K(128K)->17K(128K)
[76.145s][info][gc          ] GC(1375) Pause Young (Normal) (G1 Evacuation Pause) 155M->6M(256M) 11.569ms
[76.146s][info][gc,cpu      ] GC(1375) User=0.00s Sys=0.01s Real=0.01s
[76.200s][info][gc,start    ] GC(1376) Pause Young (Normal) (G1 Evacuation Pause)
[76.214s][info][gc,task     ] GC(1376) Using 6 workers of 8 for evacuation
[76.248s][info][gc,phases   ] GC(1376)   Pre Evacuate Collection Set: 0.4ms
[76.265s][info][gc,phases   ] GC(1376)   Merge Heap Roots: 0.3ms
[76.279s][info][gc,phases   ] GC(1376)   Evacuate Collection Set: 0.9ms
[76.287s][info][gc,phases   ] GC(1376)   Post Evacuate Collection Set: 0.9ms
[76.287s][info][gc,phases   ] GC(1376)   Other: 31.8ms
[76.288s][info][gc,heap     ] GC(1376) Eden regions: 149->0(149)
[76.288s][info][gc,heap     ] GC(1376) Survivor regions: 4->4(20)
[76.289s][info][gc,heap     ] GC(1376) Old regions: 2->2
[76.293s][info][gc,heap     ] GC(1376) Archive regions: 2->2
[76.293s][info][gc,heap     ] GC(1376) Humongous regions: 0->0
[76.294s][info][gc,metaspace] GC(1376) Metaspace: 615K(832K)->615K(832K) NonClass: 597K(704K)->597K(704K) Class: 17K(128K)->17K(128K)
[76.295s][info][gc          ] GC(1376) Pause Young (Normal) (G1 Evacuation Pause) 155M->5M(256M) 94.224ms
[76.295s][info][gc,cpu      ] GC(1376) User=0.00s Sys=0.00s Real=0.09s
[76.346s][info][gc,start    ] GC(1377) Pause Young (Normal) (G1 Evacuation Pause)
[76.348s][info][gc,task     ] GC(1377) Using 6 workers of 8 for evacuation
[76.351s][info][gc,phases   ] GC(1377)   Pre Evacuate Collection Set: 0.3ms
[76.351s][info][gc,phases   ] GC(1377)   Merge Heap Roots: 0.3ms
[76.352s][info][gc,phases   ] GC(1377)   Evacuate Collection Set: 0.8ms
[76.353s][info][gc,phases   ] GC(1377)   Post Evacuate Collection Set: 1.0ms
[76.353s][info][gc,phases   ] GC(1377)   Other: 0.6ms
[76.353s][info][gc,heap     ] GC(1377) Eden regions: 149->0(150)
[76.354s][info][gc,heap     ] GC(1377) Survivor regions: 4->3(20)
[76.354s][info][gc,heap     ] GC(1377) Old regions: 2->2
[76.354s][info][gc,heap     ] GC(1377) Archive regions: 2->2
[76.355s][info][gc,heap     ] GC(1377) Humongous regions: 0->0
[76.355s][info][gc,metaspace] GC(1377) Metaspace: 615K(832K)->615K(832K) NonClass: 597K(704K)->597K(704K) Class: 17K(128K)->17K(128K)
[76.356s][info][gc          ] GC(1377) Pause Young (Normal) (G1 Evacuation Pause) 154M->5M(256M) 9.259ms
[76.357s][info][gc,cpu      ] GC(1377) User=0.00s Sys=0.00s Real=0.02s
[76.405s][info][gc,start    ] GC(1378) Pause Young (Normal) (G1 Evacuation Pause)
[76.406s][info][gc,task     ] GC(1378) Using 6 workers of 8 for evacuation
[76.416s][info][gc,phases   ] GC(1378)   Pre Evacuate Collection Set: 4.5ms
[76.417s][info][gc,phases   ] GC(1378)   Merge Heap Roots: 0.3ms
[76.417s][info][gc,phases   ] GC(1378)   Evacuate Collection Set: 2.3ms
[76.417s][info][gc,phases   ] GC(1378)   Post Evacuate Collection Set: 0.9ms
[76.418s][info][gc,phases   ] GC(1378)   Other: 2.2ms
[76.418s][info][gc,heap     ] GC(1378) Eden regions: 150->0(149)
[76.419s][info][gc,heap     ] GC(1378) Survivor regions: 3->4(20)
[76.419s][info][gc,heap     ] GC(1378) Old regions: 2->2
[76.419s][info][gc,heap     ] GC(1378) Archive regions: 2->2
[76.420s][info][gc,heap     ] GC(1378) Humongous regions: 0->0
[76.420s][info][gc,metaspace] GC(1378) Metaspace: 615K(832K)->615K(832K) NonClass: 597K(704K)->597K(704K) Class: 17K(128K)->17K(128K)
[76.421s][info][gc          ] GC(1378) Pause Young (Normal) (G1 Evacuation Pause) 155M->6M(256M) 15.575ms
[76.427s][info][gc,cpu      ] GC(1378) User=0.01s Sys=0.00s Real=0.03s
[76.484s][info][gc,start    ] GC(1379) Pause Young (Normal) (G1 Evacuation Pause)
[76.484s][info][gc,task     ] GC(1379) Using 6 workers of 8 for evacuation
[76.488s][info][gc,phases   ] GC(1379)   Pre Evacuate Collection Set: 0.5ms
[76.492s][info][gc,phases   ] GC(1379)   Merge Heap Roots: 0.2ms
[76.493s][info][gc,phases   ] GC(1379)   Evacuate Collection Set: 1.5ms
[76.494s][info][gc,phases   ] GC(1379)   Post Evacuate Collection Set: 1.3ms
[76.495s][info][gc,phases   ] GC(1379)   Other: 0.5ms
[76.495s][info][gc,heap     ] GC(1379) Eden regions: 149->0(149)
[76.496s][info][gc,heap     ] GC(1379) Survivor regions: 4->4(20)
[76.496s][info][gc,heap     ] GC(1379) Old regions: 2->2
[76.497s][info][gc,heap     ] GC(1379) Archive regions: 2->2
[76.498s][info][gc,heap     ] GC(1379) Humongous regions: 0->0
[76.498s][info][gc,metaspace] GC(1379) Metaspace: 615K(832K)->615K(832K) NonClass: 597K(704K)->597K(704K) Class: 17K(128K)->17K(128K)
[76.498s][info][gc          ] GC(1379) Pause Young (Normal) (G1 Evacuation Pause) 155M->6M(256M) 14.891ms
[76.499s][info][gc,cpu      ] GC(1379) User=0.00s Sys=0.02s Real=0.02s
[76.551s][info][gc,start    ] GC(1380) Pause Young (Normal) (G1 Evacuation Pause)
[76.552s][info][gc,task     ] GC(1380) Using 6 workers of 8 for evacuation
[76.562s][info][gc,phases   ] GC(1380)   Pre Evacuate Collection Set: 0.3ms
[76.566s][info][gc,phases   ] GC(1380)   Merge Heap Roots: 0.2ms
[76.567s][info][gc,phases   ] GC(1380)   Evacuate Collection Set: 7.8ms
[76.567s][info][gc,phases   ] GC(1380)   Post Evacuate Collection Set: 1.2ms
[76.568s][info][gc,phases   ] GC(1380)   Other: 0.7ms
[76.568s][info][gc,heap     ] GC(1380) Eden regions: 149->0(150)
[76.568s][info][gc,heap     ] GC(1380) Survivor regions: 4->3(20)
[76.569s][info][gc,heap     ] GC(1380) Old regions: 2->2
[76.569s][info][gc,heap     ] GC(1380) Archive regions: 2->2
[76.570s][info][gc,heap     ] GC(1380) Humongous regions: 0->0
[76.570s][info][gc,metaspace] GC(1380) Metaspace: 615K(832K)->615K(832K) NonClass: 597K(704K)->597K(704K) Class: 17K(128K)->17K(128K)
[76.571s][info][gc          ] GC(1380) Pause Young (Normal) (G1 Evacuation Pause) 155M->5M(256M) 19.764ms
[76.572s][info][gc,cpu      ] GC(1380) User=0.00s Sys=0.01s Real=0.02s
[76.633s][info][gc,start    ] GC(1381) Pause Young (Normal) (G1 Evacuation Pause)
[76.633s][info][gc,task     ] GC(1381) Using 6 workers of 8 for evacuation
[76.641s][info][gc,phases   ] GC(1381)   Pre Evacuate Collection Set: 0.7ms
[76.643s][info][gc,phases   ] GC(1381)   Merge Heap Roots: 0.6ms
[76.644s][info][gc,phases   ] GC(1381)   Evacuate Collection Set: 2.3ms
[76.645s][info][gc,phases   ] GC(1381)   Post Evacuate Collection Set: 2.0ms
[76.646s][info][gc,phases   ] GC(1381)   Other: 2.0ms
[76.646s][info][gc,heap     ] GC(1381) Eden regions: 150->0(149)
[76.647s][info][gc,heap     ] GC(1381) Survivor regions: 3->4(20)
[76.647s][info][gc,heap     ] GC(1381) Old regions: 2->2
[76.647s][info][gc,heap     ] GC(1381) Archive regions: 2->2
[76.648s][info][gc,heap     ] GC(1381) Humongous regions: 0->0
[76.648s][info][gc,metaspace] GC(1381) Metaspace: 615K(832K)->615K(832K) NonClass: 597K(704K)->597K(704K) Class: 17K(128K)->17K(128K)
[76.649s][info][gc          ] GC(1381) Pause Young (Normal) (G1 Evacuation Pause) 155M->6M(256M) 16.307ms
[76.649s][info][gc,cpu      ] GC(1381) User=0.00s Sys=0.02s Real=0.02s
[76.726s][info][gc,start    ] GC(1382) Pause Young (Normal) (G1 Evacuation Pause)
[76.728s][info][gc,task     ] GC(1382) Using 6 workers of 8 for evacuation
[76.732s][info][gc,phases   ] GC(1382)   Pre Evacuate Collection Set: 0.7ms
[76.733s][info][gc,phases   ] GC(1382)   Merge Heap Roots: 0.3ms
[76.734s][info][gc,phases   ] GC(1382)   Evacuate Collection Set: 1.4ms
[76.734s][info][gc,phases   ] GC(1382)   Post Evacuate Collection Set: 1.2ms
[76.735s][info][gc,phases   ] GC(1382)   Other: 0.8ms
[76.735s][info][gc,heap     ] GC(1382) Eden regions: 149->0(149)
[76.736s][info][gc,heap     ] GC(1382) Survivor regions: 4->4(20)
[76.736s][info][gc,heap     ] GC(1382) Old regions: 2->2
[76.737s][info][gc,heap     ] GC(1382) Archive regions: 2->2
[76.737s][info][gc,heap     ] GC(1382) Humongous regions: 0->0
[76.737s][info][gc,metaspace] GC(1382) Metaspace: 615K(832K)->615K(832K) NonClass: 597K(704K)->597K(704K) Class: 17K(128K)->17K(128K)
[76.738s][info][gc          ] GC(1382) Pause Young (Normal) (G1 Evacuation Pause) 155M->6M(256M) 12.112ms
[76.738s][info][gc,cpu      ] GC(1382) User=0.01s Sys=0.00s Real=0.02s
[76.800s][info][gc,start    ] GC(1383) Pause Young (Normal) (G1 Evacuation Pause)
[76.800s][info][gc,task     ] GC(1383) Using 6 workers of 8 for evacuation
[76.815s][info][gc,phases   ] GC(1383)   Pre Evacuate Collection Set: 3.4ms
[76.815s][info][gc,phases   ] GC(1383)   Merge Heap Roots: 6.4ms
[76.816s][info][gc,phases   ] GC(1383)   Evacuate Collection Set: 2.0ms
[76.816s][info][gc,phases   ] GC(1383)   Post Evacuate Collection Set: 1.3ms
[76.816s][info][gc,phases   ] GC(1383)   Other: 1.1ms
[76.817s][info][gc,heap     ] GC(1383) Eden regions: 149->0(149)
[76.819s][info][gc,heap     ] GC(1383) Survivor regions: 4->4(20)
[76.819s][info][gc,heap     ] GC(1383) Old regions: 2->2
[76.820s][info][gc,heap     ] GC(1383) Archive regions: 2->2
[76.820s][info][gc,heap     ] GC(1383) Humongous regions: 0->0
[76.820s][info][gc,metaspace] GC(1383) Metaspace: 615K(832K)->615K(832K) NonClass: 597K(704K)->597K(704K) Class: 17K(128K)->17K(128K)
[76.821s][info][gc          ] GC(1383) Pause Young (Normal) (G1 Evacuation Pause) 155M->5M(256M) 21.296ms
[76.821s][info][gc,cpu      ] GC(1383) User=0.01s Sys=0.01s Real=0.02s
[76.889s][info][gc,start    ] GC(1384) Pause Young (Normal) (G1 Evacuation Pause)
[76.900s][info][gc,task     ] GC(1384) Using 6 workers of 8 for evacuation
[76.916s][info][gc,phases   ] GC(1384)   Pre Evacuate Collection Set: 0.3ms
[76.918s][info][gc,phases   ] GC(1384)   Merge Heap Roots: 0.3ms
[76.918s][info][gc,phases   ] GC(1384)   Evacuate Collection Set: 11.9ms
[76.919s][info][gc,phases   ] GC(1384)   Post Evacuate Collection Set: 1.7ms
[76.919s][info][gc,phases   ] GC(1384)   Other: 1.2ms
[76.920s][info][gc,heap     ] GC(1384) Eden regions: 149->0(150)
[76.920s][info][gc,heap     ] GC(1384) Survivor regions: 4->3(20)
[76.921s][info][gc,heap     ] GC(1384) Old regions: 2->2
[76.921s][info][gc,heap     ] GC(1384) Archive regions: 2->2
[76.922s][info][gc,heap     ] GC(1384) Humongous regions: 0->0
[76.925s][info][gc,metaspace] GC(1384) Metaspace: 615K(832K)->615K(832K) NonClass: 597K(704K)->597K(704K) Class: 17K(128K)->17K(128K)
[76.926s][info][gc          ] GC(1384) Pause Young (Normal) (G1 Evacuation Pause) 154M->5M(256M) 37.778ms
[76.927s][info][gc,cpu      ] GC(1384) User=0.01s Sys=0.01s Real=0.04s
[77.000s][info][gc,start    ] GC(1385) Pause Young (Normal) (G1 Evacuation Pause)
[77.001s][info][gc,task     ] GC(1385) Using 6 workers of 8 for evacuation
[77.011s][info][gc,phases   ] GC(1385)   Pre Evacuate Collection Set: 0.2ms
[77.012s][info][gc,phases   ] GC(1385)   Merge Heap Roots: 0.3ms
[77.012s][info][gc,phases   ] GC(1385)   Evacuate Collection Set: 3.1ms
[77.012s][info][gc,phases   ] GC(1385)   Post Evacuate Collection Set: 4.6ms
[77.013s][info][gc,phases   ] GC(1385)   Other: 1.6ms
[77.013s][info][gc,heap     ] GC(1385) Eden regions: 150->0(149)
[77.014s][info][gc,heap     ] GC(1385) Survivor regions: 3->4(20)
[77.014s][info][gc,heap     ] GC(1385) Old regions: 2->2
[77.014s][info][gc,heap     ] GC(1385) Archive regions: 2->2
[77.015s][info][gc,heap     ] GC(1385) Humongous regions: 0->0
[77.015s][info][gc,metaspace] GC(1385) Metaspace: 615K(832K)->615K(832K) NonClass: 597K(704K)->597K(704K) Class: 17K(128K)->17K(128K)
[77.015s][info][gc          ] GC(1385) Pause Young (Normal) (G1 Evacuation Pause) 155M->6M(256M) 14.903ms
[77.016s][info][gc,cpu      ] GC(1385) User=0.00s Sys=0.01s Real=0.01s
[77.075s][info][gc,start    ] GC(1386) Pause Young (Normal) (G1 Evacuation Pause)
[77.077s][info][gc,task     ] GC(1386) Using 6 workers of 8 for evacuation
[77.082s][info][gc,phases   ] GC(1386)   Pre Evacuate Collection Set: 0.6ms
[77.082s][info][gc,phases   ] GC(1386)   Merge Heap Roots: 0.3ms
[77.083s][info][gc,phases   ] GC(1386)   Evacuate Collection Set: 2.3ms
[77.083s][info][gc,phases   ] GC(1386)   Post Evacuate Collection Set: 0.9ms
[77.084s][info][gc,phases   ] GC(1386)   Other: 1.2ms
[77.084s][info][gc,heap     ] GC(1386) Eden regions: 149->0(149)
[77.084s][info][gc,heap     ] GC(1386) Survivor regions: 4->4(20)
[77.085s][info][gc,heap     ] GC(1386) Old regions: 2->2
[77.085s][info][gc,heap     ] GC(1386) Archive regions: 2->2
[77.086s][info][gc,heap     ] GC(1386) Humongous regions: 0->0
[77.086s][info][gc,metaspace] GC(1386) Metaspace: 615K(832K)->615K(832K) NonClass: 597K(704K)->597K(704K) Class: 17K(128K)->17K(128K)
[77.086s][info][gc          ] GC(1386) Pause Young (Normal) (G1 Evacuation Pause) 155M->5M(256M) 11.323ms
[77.087s][info][gc,cpu      ] GC(1386) User=0.01s Sys=0.01s Real=0.02s
[77.147s][info][gc,start    ] GC(1387) Pause Young (Normal) (G1 Evacuation Pause)
[77.147s][info][gc,task     ] GC(1387) Using 6 workers of 8 for evacuation
[77.151s][info][gc,phases   ] GC(1387)   Pre Evacuate Collection Set: 0.3ms
[77.152s][info][gc,phases   ] GC(1387)   Merge Heap Roots: 0.3ms
[77.152s][info][gc,phases   ] GC(1387)   Evacuate Collection Set: 1.0ms
[77.153s][info][gc,phases   ] GC(1387)   Post Evacuate Collection Set: 0.9ms
[77.153s][info][gc,phases   ] GC(1387)   Other: 1.6ms
[77.154s][info][gc,heap     ] GC(1387) Eden regions: 149->0(149)
[77.154s][info][gc,heap     ] GC(1387) Survivor regions: 4->4(20)
[77.154s][info][gc,heap     ] GC(1387) Old regions: 2->2
[77.155s][info][gc,heap     ] GC(1387) Archive regions: 2->2
[77.155s][info][gc,heap     ] GC(1387) Humongous regions: 0->0
[77.156s][info][gc,metaspace] GC(1387) Metaspace: 615K(832K)->615K(832K) NonClass: 597K(704K)->597K(704K) Class: 17K(128K)->17K(128K)
[77.156s][info][gc          ] GC(1387) Pause Young (Normal) (G1 Evacuation Pause) 154M->5M(256M) 9.873ms
[77.158s][info][gc,cpu      ] GC(1387) User=0.00s Sys=0.00s Real=0.01s
[77.256s][info][gc,start    ] GC(1388) Pause Young (Normal) (G1 Evacuation Pause)
[77.262s][info][gc,task     ] GC(1388) Using 6 workers of 8 for evacuation
[77.267s][info][gc,phases   ] GC(1388)   Pre Evacuate Collection Set: 0.5ms
[77.268s][info][gc,phases   ] GC(1388)   Merge Heap Roots: 0.4ms
[77.269s][info][gc,phases   ] GC(1388)   Evacuate Collection Set: 2.2ms
[77.269s][info][gc,phases   ] GC(1388)   Post Evacuate Collection Set: 1.1ms
[77.269s][info][gc,phases   ] GC(1388)   Other: 1.0ms
[77.270s][info][gc,heap     ] GC(1388) Eden regions: 149->0(150)
[77.270s][info][gc,heap     ] GC(1388) Survivor regions: 4->3(20)
[77.270s][info][gc,heap     ] GC(1388) Old regions: 2->2
[77.271s][info][gc,heap     ] GC(1388) Archive regions: 2->2
[77.271s][info][gc,heap     ] GC(1388) Humongous regions: 0->0
[77.271s][info][gc,metaspace] GC(1388) Metaspace: 615K(832K)->615K(832K) NonClass: 597K(704K)->597K(704K) Class: 17K(128K)->17K(128K)
[77.272s][info][gc          ] GC(1388) Pause Young (Normal) (G1 Evacuation Pause) 154M->5M(256M) 16.549ms
[77.273s][info][gc,cpu      ] GC(1388) User=0.02s Sys=0.00s Real=0.02s
[77.331s][info][gc,start    ] GC(1389) Pause Young (Normal) (G1 Evacuation Pause)
[77.331s][info][gc,task     ] GC(1389) Using 6 workers of 8 for evacuation
[77.334s][info][gc,phases   ] GC(1389)   Pre Evacuate Collection Set: 0.3ms
[77.335s][info][gc,phases   ] GC(1389)   Merge Heap Roots: 0.2ms
[77.335s][info][gc,phases   ] GC(1389)   Evacuate Collection Set: 0.8ms
[77.335s][info][gc,phases   ] GC(1389)   Post Evacuate Collection Set: 0.9ms
[77.335s][info][gc,phases   ] GC(1389)   Other: 0.4ms
[77.336s][info][gc,heap     ] GC(1389) Eden regions: 150->0(149)
[77.336s][info][gc,heap     ] GC(1389) Survivor regions: 3->4(20)
[77.336s][info][gc,heap     ] GC(1389) Old regions: 2->2
[77.337s][info][gc,heap     ] GC(1389) Archive regions: 2->2
[77.337s][info][gc,heap     ] GC(1389) Humongous regions: 0->0
[77.337s][info][gc,metaspace] GC(1389) Metaspace: 615K(832K)->615K(832K) NonClass: 597K(704K)->597K(704K) Class: 17K(128K)->17K(128K)
[77.338s][info][gc          ] GC(1389) Pause Young (Normal) (G1 Evacuation Pause) 155M->6M(256M) 6.579ms
[77.338s][info][gc,cpu      ] GC(1389) User=0.01s Sys=0.00s Real=0.01s
[77.400s][info][gc,start    ] GC(1390) Pause Young (Normal) (G1 Evacuation Pause)
[77.401s][info][gc,task     ] GC(1390) Using 6 workers of 8 for evacuation
[77.404s][info][gc,phases   ] GC(1390)   Pre Evacuate Collection Set: 0.3ms
[77.405s][info][gc,phases   ] GC(1390)   Merge Heap Roots: 0.2ms
[77.413s][info][gc,phases   ] GC(1390)   Evacuate Collection Set: 0.8ms
[77.414s][info][gc,phases   ] GC(1390)   Post Evacuate Collection Set: 0.9ms
[77.415s][info][gc,phases   ] GC(1390)   Other: 1.5ms
[77.415s][info][gc,heap     ] GC(1390) Eden regions: 149->0(149)
[77.415s][info][gc,heap     ] GC(1390) Survivor regions: 4->4(20)
[77.416s][info][gc,heap     ] GC(1390) Old regions: 2->2
[77.416s][info][gc,heap     ] GC(1390) Archive regions: 2->2
[77.417s][info][gc,heap     ] GC(1390) Humongous regions: 0->0
[77.417s][info][gc,metaspace] GC(1390) Metaspace: 615K(832K)->615K(832K) NonClass: 597K(704K)->597K(704K) Class: 17K(128K)->17K(128K)
[77.417s][info][gc          ] GC(1390) Pause Young (Normal) (G1 Evacuation Pause) 155M->5M(256M) 17.388ms
[77.418s][info][gc,cpu      ] GC(1390) User=0.01s Sys=0.00s Real=0.02s
[77.478s][info][gc,start    ] GC(1391) Pause Young (Normal) (G1 Evacuation Pause)
[77.478s][info][gc,task     ] GC(1391) Using 6 workers of 8 for evacuation
[77.488s][info][gc,phases   ] GC(1391)   Pre Evacuate Collection Set: 0.6ms
[77.489s][info][gc,phases   ] GC(1391)   Merge Heap Roots: 0.3ms
[77.489s][info][gc,phases   ] GC(1391)   Evacuate Collection Set: 6.2ms
[77.489s][info][gc,phases   ] GC(1391)   Post Evacuate Collection Set: 1.6ms
[77.490s][info][gc,phases   ] GC(1391)   Other: 0.7ms
[77.491s][info][gc,heap     ] GC(1391) Eden regions: 149->0(150)
[77.491s][info][gc,heap     ] GC(1391) Survivor regions: 4->3(20)
[77.492s][info][gc,heap     ] GC(1391) Old regions: 2->2
[77.493s][info][gc,heap     ] GC(1391) Archive regions: 2->2
[77.493s][info][gc,heap     ] GC(1391) Humongous regions: 0->0
[77.494s][info][gc,metaspace] GC(1391) Metaspace: 615K(832K)->615K(832K) NonClass: 597K(704K)->597K(704K) Class: 17K(128K)->17K(128K)
[77.495s][info][gc          ] GC(1391) Pause Young (Normal) (G1 Evacuation Pause) 154M->5M(256M) 17.143ms
[77.495s][info][gc,cpu      ] GC(1391) User=0.01s Sys=0.01s Real=0.01s
[77.572s][info][gc,start    ] GC(1392) Pause Young (Normal) (G1 Evacuation Pause)
[77.577s][info][gc,task     ] GC(1392) Using 6 workers of 8 for evacuation
[77.583s][info][gc,phases   ] GC(1392)   Pre Evacuate Collection Set: 0.4ms
[77.583s][info][gc,phases   ] GC(1392)   Merge Heap Roots: 0.5ms
[77.584s][info][gc,phases   ] GC(1392)   Evacuate Collection Set: 2.9ms
[77.584s][info][gc,phases   ] GC(1392)   Post Evacuate Collection Set: 1.1ms
[77.584s][info][gc,phases   ] GC(1392)   Other: 0.5ms
[77.585s][info][gc,heap     ] GC(1392) Eden regions: 150->0(149)
[77.585s][info][gc,heap     ] GC(1392) Survivor regions: 3->4(20)
[77.585s][info][gc,heap     ] GC(1392) Old regions: 2->2
[77.586s][info][gc,heap     ] GC(1392) Archive regions: 2->2
[77.586s][info][gc,heap     ] GC(1392) Humongous regions: 0->0
[77.586s][info][gc,metaspace] GC(1392) Metaspace: 615K(832K)->615K(832K) NonClass: 597K(704K)->597K(704K) Class: 17K(128K)->17K(128K)
[77.587s][info][gc          ] GC(1392) Pause Young (Normal) (G1 Evacuation Pause) 155M->6M(256M) 15.264ms
[77.587s][info][gc,cpu      ] GC(1392) User=0.01s Sys=0.00s Real=0.02s
[77.633s][info][gc,start    ] GC(1393) Pause Young (Normal) (G1 Evacuation Pause)
[77.633s][info][gc,task     ] GC(1393) Using 6 workers of 8 for evacuation
[77.637s][info][gc,phases   ] GC(1393)   Pre Evacuate Collection Set: 0.3ms
[77.638s][info][gc,phases   ] GC(1393)   Merge Heap Roots: 0.2ms
[77.638s][info][gc,phases   ] GC(1393)   Evacuate Collection Set: 1.4ms
[77.638s][info][gc,phases   ] GC(1393)   Post Evacuate Collection Set: 1.2ms
[77.639s][info][gc,phases   ] GC(1393)   Other: 0.7ms
[77.639s][info][gc,heap     ] GC(1393) Eden regions: 149->0(149)
[77.641s][info][gc,heap     ] GC(1393) Survivor regions: 4->4(20)
[77.642s][info][gc,heap     ] GC(1393) Old regions: 2->2
[77.643s][info][gc,heap     ] GC(1393) Archive regions: 2->2
[77.643s][info][gc,heap     ] GC(1393) Humongous regions: 0->0
[77.644s][info][gc,metaspace] GC(1393) Metaspace: 615K(832K)->615K(832K) NonClass: 597K(704K)->597K(704K) Class: 17K(128K)->17K(128K)
[77.644s][info][gc          ] GC(1393) Pause Young (Normal) (G1 Evacuation Pause) 155M->6M(256M) 11.320ms
[77.644s][info][gc,cpu      ] GC(1393) User=0.00s Sys=0.01s Real=0.01s
[77.691s][info][gc,start    ] GC(1394) Pause Young (Normal) (G1 Evacuation Pause)
[77.693s][info][gc,task     ] GC(1394) Using 6 workers of 8 for evacuation
[77.697s][info][gc,phases   ] GC(1394)   Pre Evacuate Collection Set: 0.4ms
[77.697s][info][gc,phases   ] GC(1394)   Merge Heap Roots: 0.3ms
[77.697s][info][gc,phases   ] GC(1394)   Evacuate Collection Set: 1.4ms
[77.698s][info][gc,phases   ] GC(1394)   Post Evacuate Collection Set: 0.9ms
[77.698s][info][gc,phases   ] GC(1394)   Other: 1.1ms
[77.698s][info][gc,heap     ] GC(1394) Eden regions: 149->0(149)
[77.698s][info][gc,heap     ] GC(1394) Survivor regions: 4->4(20)
[77.699s][info][gc,heap     ] GC(1394) Old regions: 2->2
[77.699s][info][gc,heap     ] GC(1394) Archive regions: 2->2
[77.699s][info][gc,heap     ] GC(1394) Humongous regions: 0->0
[77.699s][info][gc,metaspace] GC(1394) Metaspace: 615K(832K)->615K(832K) NonClass: 597K(704K)->597K(704K) Class: 17K(128K)->17K(128K)
[77.700s][info][gc          ] GC(1394) Pause Young (Normal) (G1 Evacuation Pause) 155M->5M(256M) 8.426ms
[77.700s][info][gc,cpu      ] GC(1394) User=0.00s Sys=0.00s Real=0.01s
[77.783s][info][gc,start    ] GC(1395) Pause Young (Normal) (G1 Evacuation Pause)
[77.788s][info][gc,task     ] GC(1395) Using 6 workers of 8 for evacuation
[77.797s][info][gc,phases   ] GC(1395)   Pre Evacuate Collection Set: 0.6ms
[77.799s][info][gc,phases   ] GC(1395)   Merge Heap Roots: 0.3ms
[77.801s][info][gc,phases   ] GC(1395)   Evacuate Collection Set: 1.4ms
[77.804s][info][gc,phases   ] GC(1395)   Post Evacuate Collection Set: 1.2ms
[77.805s][info][gc,phases   ] GC(1395)   Other: 5.2ms
[77.807s][info][gc,heap     ] GC(1395) Eden regions: 149->0(150)
[77.811s][info][gc,heap     ] GC(1395) Survivor regions: 4->3(20)
[77.812s][info][gc,heap     ] GC(1395) Old regions: 2->2
[77.814s][info][gc,heap     ] GC(1395) Archive regions: 2->2
[77.817s][info][gc,heap     ] GC(1395) Humongous regions: 0->0
[77.826s][info][gc,metaspace] GC(1395) Metaspace: 615K(832K)->615K(832K) NonClass: 597K(704K)->597K(704K) Class: 17K(128K)->17K(128K)
[77.828s][info][gc          ] GC(1395) Pause Young (Normal) (G1 Evacuation Pause) 154M->5M(256M) 45.595ms
[77.829s][info][gc,cpu      ] GC(1395) User=0.01s Sys=0.00s Real=0.05s
[77.919s][info][gc,start    ] GC(1396) Pause Young (Normal) (G1 Evacuation Pause)
[77.920s][info][gc,task     ] GC(1396) Using 6 workers of 8 for evacuation
[77.924s][info][gc,phases   ] GC(1396)   Pre Evacuate Collection Set: 0.3ms
[77.925s][info][gc,phases   ] GC(1396)   Merge Heap Roots: 0.3ms
[77.927s][info][gc,phases   ] GC(1396)   Evacuate Collection Set: 1.1ms
[77.927s][info][gc,phases   ] GC(1396)   Post Evacuate Collection Set: 1.6ms
[77.928s][info][gc,phases   ] GC(1396)   Other: 0.7ms
[77.928s][info][gc,heap     ] GC(1396) Eden regions: 150->0(149)
[77.928s][info][gc,heap     ] GC(1396) Survivor regions: 3->4(20)
[77.929s][info][gc,heap     ] GC(1396) Old regions: 2->2
[77.929s][info][gc,heap     ] GC(1396) Archive regions: 2->2
[77.929s][info][gc,heap     ] GC(1396) Humongous regions: 0->0
[77.930s][info][gc,metaspace] GC(1396) Metaspace: 615K(832K)->615K(832K) NonClass: 597K(704K)->597K(704K) Class: 17K(128K)->17K(128K)
[77.930s][info][gc          ] GC(1396) Pause Young (Normal) (G1 Evacuation Pause) 155M->6M(256M) 10.799ms
[77.930s][info][gc,cpu      ] GC(1396) User=0.01s Sys=0.00s Real=0.01s
[77.984s][info][gc,start    ] GC(1397) Pause Young (Normal) (G1 Evacuation Pause)
[77.984s][info][gc,task     ] GC(1397) Using 6 workers of 8 for evacuation
[77.988s][info][gc,phases   ] GC(1397)   Pre Evacuate Collection Set: 0.3ms
[77.988s][info][gc,phases   ] GC(1397)   Merge Heap Roots: 0.2ms
[77.989s][info][gc,phases   ] GC(1397)   Evacuate Collection Set: 1.3ms
[77.989s][info][gc,phases   ] GC(1397)   Post Evacuate Collection Set: 1.2ms
[77.990s][info][gc,phases   ] GC(1397)   Other: 0.5ms
[77.990s][info][gc,heap     ] GC(1397) Eden regions: 149->0(149)
[77.991s][info][gc,heap     ] GC(1397) Survivor regions: 4->4(20)
[77.991s][info][gc,heap     ] GC(1397) Old regions: 2->2
[77.992s][info][gc,heap     ] GC(1397) Archive regions: 2->2
[77.993s][info][gc,heap     ] GC(1397) Humongous regions: 0->0
[77.993s][info][gc,metaspace] GC(1397) Metaspace: 615K(832K)->615K(832K) NonClass: 597K(704K)->597K(704K) Class: 17K(128K)->17K(128K)
[77.995s][info][gc          ] GC(1397) Pause Young (Normal) (G1 Evacuation Pause) 155M->5M(256M) 10.636ms
[77.995s][info][gc,cpu      ] GC(1397) User=0.00s Sys=0.01s Real=0.01s
[78.061s][info][gc,start    ] GC(1398) Pause Young (Normal) (G1 Evacuation Pause)
[78.062s][info][gc,task     ] GC(1398) Using 6 workers of 8 for evacuation
[78.066s][info][gc,phases   ] GC(1398)   Pre Evacuate Collection Set: 0.3ms
[78.066s][info][gc,phases   ] GC(1398)   Merge Heap Roots: 0.4ms
[78.067s][info][gc,phases   ] GC(1398)   Evacuate Collection Set: 1.6ms
[78.067s][info][gc,phases   ] GC(1398)   Post Evacuate Collection Set: 1.2ms
[78.068s][info][gc,phases   ] GC(1398)   Other: 0.5ms
[78.068s][info][gc,heap     ] GC(1398) Eden regions: 149->0(150)
[78.069s][info][gc,heap     ] GC(1398) Survivor regions: 4->3(20)
[78.069s][info][gc,heap     ] GC(1398) Old regions: 2->2
[78.070s][info][gc,heap     ] GC(1398) Archive regions: 2->2
[78.071s][info][gc,heap     ] GC(1398) Humongous regions: 0->0
[78.073s][info][gc,metaspace] GC(1398) Metaspace: 615K(832K)->615K(832K) NonClass: 597K(704K)->597K(704K) Class: 17K(128K)->17K(128K)
[78.074s][info][gc          ] GC(1398) Pause Young (Normal) (G1 Evacuation Pause) 154M->5M(256M) 13.541ms
[78.076s][info][gc,cpu      ] GC(1398) User=0.01s Sys=0.00s Real=0.01s
[78.153s][info][gc,start    ] GC(1399) Pause Young (Normal) (G1 Evacuation Pause)
[78.159s][info][gc,task     ] GC(1399) Using 6 workers of 8 for evacuation
[78.168s][info][gc,phases   ] GC(1399)   Pre Evacuate Collection Set: 0.4ms
[78.170s][info][gc,phases   ] GC(1399)   Merge Heap Roots: 0.3ms
[78.171s][info][gc,phases   ] GC(1399)   Evacuate Collection Set: 3.9ms
[78.172s][info][gc,phases   ] GC(1399)   Post Evacuate Collection Set: 0.9ms
[78.173s][info][gc,phases   ] GC(1399)   Other: 3.4ms
[78.174s][info][gc,heap     ] GC(1399) Eden regions: 150->0(149)
[78.175s][info][gc,heap     ] GC(1399) Survivor regions: 3->4(20)
[78.176s][info][gc,heap     ] GC(1399) Old regions: 2->2
[78.177s][info][gc,heap     ] GC(1399) Archive regions: 2->2
[78.178s][info][gc,heap     ] GC(1399) Humongous regions: 0->0
[78.179s][info][gc,metaspace] GC(1399) Metaspace: 615K(832K)->615K(832K) NonClass: 597K(704K)->597K(704K) Class: 17K(128K)->17K(128K)
[78.179s][info][gc          ] GC(1399) Pause Young (Normal) (G1 Evacuation Pause) 155M->6M(256M) 26.137ms
[78.180s][info][gc,cpu      ] GC(1399) User=0.00s Sys=0.01s Real=0.03s
[78.280s][info][gc,start    ] GC(1400) Pause Young (Normal) (G1 Evacuation Pause)
[78.282s][info][gc,task     ] GC(1400) Using 6 workers of 8 for evacuation
[78.286s][info][gc,phases   ] GC(1400)   Pre Evacuate Collection Set: 0.4ms
[78.286s][info][gc,phases   ] GC(1400)   Merge Heap Roots: 0.3ms
[78.287s][info][gc,phases   ] GC(1400)   Evacuate Collection Set: 0.9ms
[78.288s][info][gc,phases   ] GC(1400)   Post Evacuate Collection Set: 0.8ms
[78.288s][info][gc,phases   ] GC(1400)   Other: 1.7ms
[78.290s][info][gc,heap     ] GC(1400) Eden regions: 149->0(149)
[78.291s][info][gc,heap     ] GC(1400) Survivor regions: 4->4(20)
[78.292s][info][gc,heap     ] GC(1400) Old regions: 2->2
[78.292s][info][gc,heap     ] GC(1400) Archive regions: 2->2
[78.293s][info][gc,heap     ] GC(1400) Humongous regions: 0->0
[78.294s][info][gc,metaspace] GC(1400) Metaspace: 615K(832K)->615K(832K) NonClass: 597K(704K)->597K(704K) Class: 17K(128K)->17K(128K)
[78.295s][info][gc          ] GC(1400) Pause Young (Normal) (G1 Evacuation Pause) 155M->5M(256M) 14.815ms
[78.296s][info][gc,cpu      ] GC(1400) User=0.01s Sys=0.00s Real=0.01s
[78.366s][info][gc,start    ] GC(1401) Pause Young (Normal) (G1 Evacuation Pause)
[78.366s][info][gc,task     ] GC(1401) Using 6 workers of 8 for evacuation
[78.370s][info][gc,phases   ] GC(1401)   Pre Evacuate Collection Set: 0.3ms
[78.370s][info][gc,phases   ] GC(1401)   Merge Heap Roots: 0.2ms
[78.371s][info][gc,phases   ] GC(1401)   Evacuate Collection Set: 1.1ms
[78.371s][info][gc,phases   ] GC(1401)   Post Evacuate Collection Set: 0.9ms
[78.371s][info][gc,phases   ] GC(1401)   Other: 0.6ms
[78.372s][info][gc,heap     ] GC(1401) Eden regions: 149->0(149)
[78.375s][info][gc,heap     ] GC(1401) Survivor regions: 4->4(20)
[78.376s][info][gc,heap     ] GC(1401) Old regions: 2->2
[78.376s][info][gc,heap     ] GC(1401) Archive regions: 2->2
[78.377s][info][gc,heap     ] GC(1401) Humongous regions: 0->0
[78.377s][info][gc,metaspace] GC(1401) Metaspace: 615K(832K)->615K(832K) NonClass: 597K(704K)->597K(704K) Class: 17K(128K)->17K(128K)
[78.378s][info][gc          ] GC(1401) Pause Young (Normal) (G1 Evacuation Pause) 154M->5M(256M) 11.763ms
[78.378s][info][gc,cpu      ] GC(1401) User=0.00s Sys=0.00s Real=0.02s
[78.438s][info][gc,start    ] GC(1402) Pause Young (Normal) (G1 Evacuation Pause)
[78.439s][info][gc,task     ] GC(1402) Using 6 workers of 8 for evacuation
[78.446s][info][gc,phases   ] GC(1402)   Pre Evacuate Collection Set: 0.7ms
[78.447s][info][gc,phases   ] GC(1402)   Merge Heap Roots: 0.6ms
[78.447s][info][gc,phases   ] GC(1402)   Evacuate Collection Set: 1.9ms
[78.448s][info][gc,phases   ] GC(1402)   Post Evacuate Collection Set: 1.8ms
[78.449s][info][gc,phases   ] GC(1402)   Other: 1.5ms
[78.450s][info][gc,heap     ] GC(1402) Eden regions: 149->0(150)
[78.450s][info][gc,heap     ] GC(1402) Survivor regions: 4->3(20)
[78.451s][info][gc,heap     ] GC(1402) Old regions: 2->2
[78.451s][info][gc,heap     ] GC(1402) Archive regions: 2->2
[78.451s][info][gc,heap     ] GC(1402) Humongous regions: 0->0
[78.452s][info][gc,metaspace] GC(1402) Metaspace: 615K(832K)->615K(832K) NonClass: 597K(704K)->597K(704K) Class: 17K(128K)->17K(128K)
[78.452s][info][gc          ] GC(1402) Pause Young (Normal) (G1 Evacuation Pause) 154M->5M(256M) 14.468ms
[78.453s][info][gc,cpu      ] GC(1402) User=0.02s Sys=0.00s Real=0.01s
[78.505s][info][gc,start    ] GC(1403) Pause Young (Normal) (G1 Evacuation Pause)
[78.505s][info][gc,task     ] GC(1403) Using 6 workers of 8 for evacuation
[78.511s][info][gc,phases   ] GC(1403)   Pre Evacuate Collection Set: 0.7ms
[78.512s][info][gc,phases   ] GC(1403)   Merge Heap Roots: 0.5ms
[78.512s][info][gc,phases   ] GC(1403)   Evacuate Collection Set: 2.5ms
[78.513s][info][gc,phases   ] GC(1403)   Post Evacuate Collection Set: 1.1ms
[78.513s][info][gc,phases   ] GC(1403)   Other: 0.8ms
[78.514s][info][gc,heap     ] GC(1403) Eden regions: 150->0(149)
[78.514s][info][gc,heap     ] GC(1403) Survivor regions: 3->4(20)
[78.515s][info][gc,heap     ] GC(1403) Old regions: 2->2
[78.515s][info][gc,heap     ] GC(1403) Archive regions: 2->2
[78.515s][info][gc,heap     ] GC(1403) Humongous regions: 0->0
[78.516s][info][gc,metaspace] GC(1403) Metaspace: 615K(832K)->615K(832K) NonClass: 597K(704K)->597K(704K) Class: 17K(128K)->17K(128K)
[78.516s][info][gc          ] GC(1403) Pause Young (Normal) (G1 Evacuation Pause) 155M->6M(256M) 11.300ms
[78.517s][info][gc,cpu      ] GC(1403) User=0.01s Sys=0.01s Real=0.02s
[78.561s][info][gc,start    ] GC(1404) Pause Young (Normal) (G1 Evacuation Pause)
[78.562s][info][gc,task     ] GC(1404) Using 6 workers of 8 for evacuation
[78.565s][info][gc,phases   ] GC(1404)   Pre Evacuate Collection Set: 0.3ms
[78.566s][info][gc,phases   ] GC(1404)   Merge Heap Roots: 0.3ms
[78.567s][info][gc,phases   ] GC(1404)   Evacuate Collection Set: 1.4ms
[78.567s][info][gc,phases   ] GC(1404)   Post Evacuate Collection Set: 1.1ms
[78.568s][info][gc,phases   ] GC(1404)   Other: 0.5ms
[78.568s][info][gc,heap     ] GC(1404) Eden regions: 149->0(149)
[78.568s][info][gc,heap     ] GC(1404) Survivor regions: 4->4(20)
[78.569s][info][gc,heap     ] GC(1404) Old regions: 2->2
[78.569s][info][gc,heap     ] GC(1404) Archive regions: 2->2
[78.570s][info][gc,heap     ] GC(1404) Humongous regions: 0->0
[78.570s][info][gc,metaspace] GC(1404) Metaspace: 615K(832K)->615K(832K) NonClass: 597K(704K)->597K(704K) Class: 17K(128K)->17K(128K)
[78.570s][info][gc          ] GC(1404) Pause Young (Normal) (G1 Evacuation Pause) 155M->5M(256M) 9.118ms
[78.571s][info][gc,cpu      ] GC(1404) User=0.01s Sys=0.00s Real=0.01s
[78.623s][info][gc,start    ] GC(1405) Pause Young (Normal) (G1 Evacuation Pause)
[78.624s][info][gc,task     ] GC(1405) Using 6 workers of 8 for evacuation
[78.630s][info][gc,phases   ] GC(1405)   Pre Evacuate Collection Set: 0.7ms
[78.632s][info][gc,phases   ] GC(1405)   Merge Heap Roots: 0.6ms
[78.633s][info][gc,phases   ] GC(1405)   Evacuate Collection Set: 3.0ms
[78.634s][info][gc,phases   ] GC(1405)   Post Evacuate Collection Set: 1.4ms
[78.635s][info][gc,phases   ] GC(1405)   Other: 0.9ms
[78.636s][info][gc,heap     ] GC(1405) Eden regions: 149->0(150)
[78.636s][info][gc,heap     ] GC(1405) Survivor regions: 4->3(20)
[78.636s][info][gc,heap     ] GC(1405) Old regions: 2->2
[78.637s][info][gc,heap     ] GC(1405) Archive regions: 2->2
[78.637s][info][gc,heap     ] GC(1405) Humongous regions: 0->0
[78.638s][info][gc,metaspace] GC(1405) Metaspace: 615K(832K)->615K(832K) NonClass: 597K(704K)->597K(704K) Class: 17K(128K)->17K(128K)
[78.638s][info][gc          ] GC(1405) Pause Young (Normal) (G1 Evacuation Pause) 154M->5M(256M) 15.480ms
[78.639s][info][gc,cpu      ] GC(1405) User=0.02s Sys=0.00s Real=0.02s
[78.692s][info][gc,start    ] GC(1406) Pause Young (Normal) (G1 Evacuation Pause)
[78.693s][info][gc,task     ] GC(1406) Using 6 workers of 8 for evacuation
[78.697s][info][gc,phases   ] GC(1406)   Pre Evacuate Collection Set: 0.4ms
[78.697s][info][gc,phases   ] GC(1406)   Merge Heap Roots: 0.3ms
[78.698s][info][gc,phases   ] GC(1406)   Evacuate Collection Set: 1.3ms
[78.698s][info][gc,phases   ] GC(1406)   Post Evacuate Collection Set: 1.3ms
[78.699s][info][gc,phases   ] GC(1406)   Other: 0.6ms
[78.699s][info][gc,heap     ] GC(1406) Eden regions: 150->0(149)
[78.699s][info][gc,heap     ] GC(1406) Survivor regions: 3->4(20)
[78.700s][info][gc,heap     ] GC(1406) Old regions: 2->2
[78.700s][info][gc,heap     ] GC(1406) Archive regions: 2->2
[78.701s][info][gc,heap     ] GC(1406) Humongous regions: 0->0
[78.701s][info][gc,metaspace] GC(1406) Metaspace: 615K(832K)->615K(832K) NonClass: 597K(704K)->597K(704K) Class: 17K(128K)->17K(128K)
[78.701s][info][gc          ] GC(1406) Pause Young (Normal) (G1 Evacuation Pause) 155M->6M(256M) 9.535ms
[78.702s][info][gc,cpu      ] GC(1406) User=0.00s Sys=0.00s Real=0.01s
[78.759s][info][gc,start    ] GC(1407) Pause Young (Normal) (G1 Evacuation Pause)
[78.764s][info][gc,task     ] GC(1407) Using 6 workers of 8 for evacuation
[78.768s][info][gc,phases   ] GC(1407)   Pre Evacuate Collection Set: 0.5ms
[78.769s][info][gc,phases   ] GC(1407)   Merge Heap Roots: 0.3ms
[78.769s][info][gc,phases   ] GC(1407)   Evacuate Collection Set: 1.9ms
[78.770s][info][gc,phases   ] GC(1407)   Post Evacuate Collection Set: 0.9ms
[78.770s][info][gc,phases   ] GC(1407)   Other: 0.8ms
[78.771s][info][gc,heap     ] GC(1407) Eden regions: 149->0(149)
[78.771s][info][gc,heap     ] GC(1407) Survivor regions: 4->4(20)
[78.771s][info][gc,heap     ] GC(1407) Old regions: 2->2
[78.773s][info][gc,heap     ] GC(1407) Archive regions: 2->2
[78.774s][info][gc,heap     ] GC(1407) Humongous regions: 0->0
[78.775s][info][gc,metaspace] GC(1407) Metaspace: 615K(832K)->615K(832K) NonClass: 597K(704K)->597K(704K) Class: 17K(128K)->17K(128K)
[78.777s][info][gc          ] GC(1407) Pause Young (Normal) (G1 Evacuation Pause) 155M->6M(256M) 18.028ms
[78.777s][info][gc,cpu      ] GC(1407) User=0.01s Sys=0.01s Real=0.02s
[78.818s][info][gc,start    ] GC(1408) Pause Young (Normal) (G1 Evacuation Pause)
[78.819s][info][gc,task     ] GC(1408) Using 6 workers of 8 for evacuation
[78.822s][info][gc,phases   ] GC(1408)   Pre Evacuate Collection Set: 0.3ms
[78.822s][info][gc,phases   ] GC(1408)   Merge Heap Roots: 0.3ms
[78.823s][info][gc,phases   ] GC(1408)   Evacuate Collection Set: 1.1ms
[78.824s][info][gc,phases   ] GC(1408)   Post Evacuate Collection Set: 0.9ms
[78.825s][info][gc,phases   ] GC(1408)   Other: 0.4ms
[78.827s][info][gc,heap     ] GC(1408) Eden regions: 149->0(149)
[78.827s][info][gc,heap     ] GC(1408) Survivor regions: 4->4(20)
[78.827s][info][gc,heap     ] GC(1408) Old regions: 2->2
[78.828s][info][gc,heap     ] GC(1408) Archive regions: 2->2
[78.828s][info][gc,heap     ] GC(1408) Humongous regions: 0->0
[78.829s][info][gc,metaspace] GC(1408) Metaspace: 615K(832K)->615K(832K) NonClass: 597K(704K)->597K(704K) Class: 17K(128K)->17K(128K)
[78.829s][info][gc          ] GC(1408) Pause Young (Normal) (G1 Evacuation Pause) 155M->5M(256M) 10.916ms
[78.830s][info][gc,cpu      ] GC(1408) User=0.00s Sys=0.00s Real=0.01s
[78.870s][info][gc,start    ] GC(1409) Pause Young (Normal) (G1 Evacuation Pause)
[78.870s][info][gc,task     ] GC(1409) Using 6 workers of 8 for evacuation
[78.876s][info][gc,phases   ] GC(1409)   Pre Evacuate Collection Set: 0.3ms
[78.877s][info][gc,phases   ] GC(1409)   Merge Heap Roots: 0.8ms
[78.877s][info][gc,phases   ] GC(1409)   Evacuate Collection Set: 2.1ms
[78.877s][info][gc,phases   ] GC(1409)   Post Evacuate Collection Set: 1.6ms
[78.878s][info][gc,phases   ] GC(1409)   Other: 0.5ms
[78.878s][info][gc,heap     ] GC(1409) Eden regions: 149->0(150)
[78.879s][info][gc,heap     ] GC(1409) Survivor regions: 4->3(20)
[78.879s][info][gc,heap     ] GC(1409) Old regions: 2->2
[78.880s][info][gc,heap     ] GC(1409) Archive regions: 2->2
[78.880s][info][gc,heap     ] GC(1409) Humongous regions: 0->0
[78.880s][info][gc,metaspace] GC(1409) Metaspace: 615K(832K)->615K(832K) NonClass: 597K(704K)->597K(704K) Class: 17K(128K)->17K(128K)
[78.881s][info][gc          ] GC(1409) Pause Young (Normal) (G1 Evacuation Pause) 154M->5M(256M) 10.745ms
[78.881s][info][gc,cpu      ] GC(1409) User=0.02s Sys=0.00s Real=0.01s
[78.938s][info][gc,start    ] GC(1410) Pause Young (Normal) (G1 Evacuation Pause)
[78.940s][info][gc,task     ] GC(1410) Using 6 workers of 8 for evacuation
[78.945s][info][gc,phases   ] GC(1410)   Pre Evacuate Collection Set: 0.7ms
[78.946s][info][gc,phases   ] GC(1410)   Merge Heap Roots: 0.5ms
[78.947s][info][gc,phases   ] GC(1410)   Evacuate Collection Set: 1.7ms
[78.948s][info][gc,phases   ] GC(1410)   Post Evacuate Collection Set: 0.9ms
[78.948s][info][gc,phases   ] GC(1410)   Other: 1.0ms
[78.949s][info][gc,heap     ] GC(1410) Eden regions: 150->0(149)
[78.949s][info][gc,heap     ] GC(1410) Survivor regions: 3->4(20)
[78.950s][info][gc,heap     ] GC(1410) Old regions: 2->2
[78.950s][info][gc,heap     ] GC(1410) Archive regions: 2->2
[78.951s][info][gc,heap     ] GC(1410) Humongous regions: 0->0
[78.952s][info][gc,metaspace] GC(1410) Metaspace: 615K(832K)->615K(832K) NonClass: 597K(704K)->597K(704K) Class: 17K(128K)->17K(128K)
[78.953s][info][gc          ] GC(1410) Pause Young (Normal) (G1 Evacuation Pause) 155M->5M(256M) 14.519ms
[78.953s][info][gc,cpu      ] GC(1410) User=0.01s Sys=0.00s Real=0.01s
[79.055s][info][gc,start    ] GC(1411) Pause Young (Normal) (G1 Evacuation Pause)
[79.066s][info][gc,task     ] GC(1411) Using 6 workers of 8 for evacuation
[79.077s][info][gc,phases   ] GC(1411)   Pre Evacuate Collection Set: 0.5ms
[79.079s][info][gc,phases   ] GC(1411)   Merge Heap Roots: 0.4ms
[79.080s][info][gc,phases   ] GC(1411)   Evacuate Collection Set: 1.3ms
[79.080s][info][gc,phases   ] GC(1411)   Post Evacuate Collection Set: 1.0ms
[79.080s][info][gc,phases   ] GC(1411)   Other: 7.1ms
[79.081s][info][gc,heap     ] GC(1411) Eden regions: 149->0(149)
[79.081s][info][gc,heap     ] GC(1411) Survivor regions: 4->4(20)
[79.081s][info][gc,heap     ] GC(1411) Old regions: 2->2
[79.082s][info][gc,heap     ] GC(1411) Archive regions: 2->2
[79.082s][info][gc,heap     ] GC(1411) Humongous regions: 0->0
[79.082s][info][gc,metaspace] GC(1411) Metaspace: 615K(832K)->615K(832K) NonClass: 597K(704K)->597K(704K) Class: 17K(128K)->17K(128K)
[79.083s][info][gc          ] GC(1411) Pause Young (Normal) (G1 Evacuation Pause) 154M->5M(256M) 27.573ms
[79.083s][info][gc,cpu      ] GC(1411) User=0.00s Sys=0.01s Real=0.03s
[79.133s][info][gc,start    ] GC(1412) Pause Young (Normal) (G1 Evacuation Pause)
[79.133s][info][gc,task     ] GC(1412) Using 6 workers of 8 for evacuation
[79.136s][info][gc,phases   ] GC(1412)   Pre Evacuate Collection Set: 0.2ms
[79.137s][info][gc,phases   ] GC(1412)   Merge Heap Roots: 0.2ms
[79.137s][info][gc,phases   ] GC(1412)   Evacuate Collection Set: 1.3ms
[79.137s][info][gc,phases   ] GC(1412)   Post Evacuate Collection Set: 0.6ms
[79.138s][info][gc,phases   ] GC(1412)   Other: 0.4ms
[79.138s][info][gc,heap     ] GC(1412) Eden regions: 149->0(150)
[79.139s][info][gc,heap     ] GC(1412) Survivor regions: 4->3(20)
[79.139s][info][gc,heap     ] GC(1412) Old regions: 2->2
[79.140s][info][gc,heap     ] GC(1412) Archive regions: 2->2
[79.140s][info][gc,heap     ] GC(1412) Humongous regions: 0->0
[79.141s][info][gc,metaspace] GC(1412) Metaspace: 615K(832K)->615K(832K) NonClass: 597K(704K)->597K(704K) Class: 17K(128K)->17K(128K)
[79.141s][info][gc          ] GC(1412) Pause Young (Normal) (G1 Evacuation Pause) 154M->5M(256M) 8.797ms
[79.142s][info][gc,cpu      ] GC(1412) User=0.00s Sys=0.00s Real=0.01s
[79.209s][info][gc,start    ] GC(1413) Pause Young (Normal) (G1 Evacuation Pause)
[79.210s][info][gc,task     ] GC(1413) Using 6 workers of 8 for evacuation
[79.216s][info][gc,phases   ] GC(1413)   Pre Evacuate Collection Set: 0.7ms
[79.217s][info][gc,phases   ] GC(1413)   Merge Heap Roots: 0.3ms
[79.217s][info][gc,phases   ] GC(1413)   Evacuate Collection Set: 3.2ms
[79.217s][info][gc,phases   ] GC(1413)   Post Evacuate Collection Set: 1.0ms
[79.218s][info][gc,phases   ] GC(1413)   Other: 1.0ms
[79.218s][info][gc,heap     ] GC(1413) Eden regions: 150->0(149)
[79.218s][info][gc,heap     ] GC(1413) Survivor regions: 3->4(20)
[79.219s][info][gc,heap     ] GC(1413) Old regions: 2->2
[79.220s][info][gc,heap     ] GC(1413) Archive regions: 2->2
[79.220s][info][gc,heap     ] GC(1413) Humongous regions: 0->0
[79.220s][info][gc,metaspace] GC(1413) Metaspace: 615K(832K)->615K(832K) NonClass: 597K(704K)->597K(704K) Class: 17K(128K)->17K(128K)
[79.221s][info][gc          ] GC(1413) Pause Young (Normal) (G1 Evacuation Pause) 155M->6M(256M) 11.577ms
[79.221s][info][gc,cpu      ] GC(1413) User=0.01s Sys=0.00s Real=0.01s
[79.303s][info][gc,start    ] GC(1414) Pause Young (Normal) (G1 Evacuation Pause)
[79.303s][info][gc,task     ] GC(1414) Using 6 workers of 8 for evacuation
[79.308s][info][gc,phases   ] GC(1414)   Pre Evacuate Collection Set: 0.3ms
[79.309s][info][gc,phases   ] GC(1414)   Merge Heap Roots: 0.3ms
[79.310s][info][gc,phases   ] GC(1414)   Evacuate Collection Set: 1.2ms
[79.311s][info][gc,phases   ] GC(1414)   Post Evacuate Collection Set: 1.9ms
[79.312s][info][gc,phases   ] GC(1414)   Other: 0.7ms
[79.313s][info][gc,heap     ] GC(1414) Eden regions: 149->0(149)
[79.313s][info][gc,heap     ] GC(1414) Survivor regions: 4->4(20)
[79.314s][info][gc,heap     ] GC(1414) Old regions: 2->2
[79.314s][info][gc,heap     ] GC(1414) Archive regions: 2->2
[79.315s][info][gc,heap     ] GC(1414) Humongous regions: 0->0
[79.316s][info][gc,metaspace] GC(1414) Metaspace: 615K(832K)->615K(832K) NonClass: 597K(704K)->597K(704K) Class: 17K(128K)->17K(128K)
[79.316s][info][gc          ] GC(1414) Pause Young (Normal) (G1 Evacuation Pause) 155M->6M(256M) 13.437ms
[79.316s][info][gc,cpu      ] GC(1414) User=0.00s Sys=0.01s Real=0.01s
[79.361s][info][gc,start    ] GC(1415) Pause Young (Normal) (G1 Evacuation Pause)
[79.361s][info][gc,task     ] GC(1415) Using 6 workers of 8 for evacuation
[79.365s][info][gc,phases   ] GC(1415)   Pre Evacuate Collection Set: 0.3ms
[79.365s][info][gc,phases   ] GC(1415)   Merge Heap Roots: 0.3ms
[79.366s][info][gc,phases   ] GC(1415)   Evacuate Collection Set: 1.4ms
[79.366s][info][gc,phases   ] GC(1415)   Post Evacuate Collection Set: 0.9ms
[79.366s][info][gc,phases   ] GC(1415)   Other: 0.6ms
[79.367s][info][gc,heap     ] GC(1415) Eden regions: 149->0(150)
[79.367s][info][gc,heap     ] GC(1415) Survivor regions: 4->3(20)
[79.367s][info][gc,heap     ] GC(1415) Old regions: 2->2
[79.368s][info][gc,heap     ] GC(1415) Archive regions: 2->2
[79.368s][info][gc,heap     ] GC(1415) Humongous regions: 0->0
[79.368s][info][gc,metaspace] GC(1415) Metaspace: 615K(832K)->615K(832K) NonClass: 597K(704K)->597K(704K) Class: 17K(128K)->17K(128K)
[79.369s][info][gc          ] GC(1415) Pause Young (Normal) (G1 Evacuation Pause) 155M->5M(256M) 7.915ms
[79.369s][info][gc,cpu      ] GC(1415) User=0.00s Sys=0.01s Real=0.01s
[79.432s][info][gc,start    ] GC(1416) Pause Young (Normal) (G1 Evacuation Pause)
[79.432s][info][gc,task     ] GC(1416) Using 6 workers of 8 for evacuation
[79.436s][info][gc,phases   ] GC(1416)   Pre Evacuate Collection Set: 0.3ms
[79.437s][info][gc,phases   ] GC(1416)   Merge Heap Roots: 0.2ms
[79.437s][info][gc,phases   ] GC(1416)   Evacuate Collection Set: 1.5ms
[79.437s][info][gc,phases   ] GC(1416)   Post Evacuate Collection Set: 1.4ms
[79.438s][info][gc,phases   ] GC(1416)   Other: 0.5ms
[79.438s][info][gc,heap     ] GC(1416) Eden regions: 150->0(149)
[79.439s][info][gc,heap     ] GC(1416) Survivor regions: 3->4(20)
[79.439s][info][gc,heap     ] GC(1416) Old regions: 2->2
[79.440s][info][gc,heap     ] GC(1416) Archive regions: 2->2
[79.442s][info][gc,heap     ] GC(1416) Humongous regions: 0->0
[79.444s][info][gc,metaspace] GC(1416) Metaspace: 615K(832K)->615K(832K) NonClass: 597K(704K)->597K(704K) Class: 17K(128K)->17K(128K)
[79.446s][info][gc          ] GC(1416) Pause Young (Normal) (G1 Evacuation Pause) 155M->6M(256M) 14.914ms
[79.450s][info][gc,cpu      ] GC(1416) User=0.00s Sys=0.00s Real=0.02s
[79.506s][info][gc,start    ] GC(1417) Pause Young (Normal) (G1 Evacuation Pause)
[79.509s][info][gc,task     ] GC(1417) Using 6 workers of 8 for evacuation
[79.514s][info][gc,phases   ] GC(1417)   Pre Evacuate Collection Set: 0.5ms
[79.515s][info][gc,phases   ] GC(1417)   Merge Heap Roots: 0.4ms
[79.516s][info][gc,phases   ] GC(1417)   Evacuate Collection Set: 2.5ms
[79.517s][info][gc,phases   ] GC(1417)   Post Evacuate Collection Set: 1.5ms
[79.517s][info][gc,phases   ] GC(1417)   Other: 1.0ms
[79.517s][info][gc,heap     ] GC(1417) Eden regions: 149->0(149)
[79.518s][info][gc,heap     ] GC(1417) Survivor regions: 4->4(20)
[79.518s][info][gc,heap     ] GC(1417) Old regions: 2->2
[79.518s][info][gc,heap     ] GC(1417) Archive regions: 2->2
[79.519s][info][gc,heap     ] GC(1417) Humongous regions: 0->0
[79.519s][info][gc,metaspace] GC(1417) Metaspace: 615K(832K)->615K(832K) NonClass: 597K(704K)->597K(704K) Class: 17K(128K)->17K(128K)
[79.520s][info][gc          ] GC(1417) Pause Young (Normal) (G1 Evacuation Pause) 155M->5M(256M) 13.252ms
[79.520s][info][gc,cpu      ] GC(1417) User=0.01s Sys=0.02s Real=0.02s
[79.572s][info][gc,start    ] GC(1418) Pause Young (Normal) (G1 Evacuation Pause)
[79.573s][info][gc,task     ] GC(1418) Using 6 workers of 8 for evacuation
[79.578s][info][gc,phases   ] GC(1418)   Pre Evacuate Collection Set: 0.6ms
[79.580s][info][gc,phases   ] GC(1418)   Merge Heap Roots: 0.4ms
[79.581s][info][gc,phases   ] GC(1418)   Evacuate Collection Set: 1.8ms
[79.581s][info][gc,phases   ] GC(1418)   Post Evacuate Collection Set: 1.0ms
[79.582s][info][gc,phases   ] GC(1418)   Other: 1.7ms
[79.582s][info][gc,heap     ] GC(1418) Eden regions: 149->0(149)
[79.582s][info][gc,heap     ] GC(1418) Survivor regions: 4->4(20)
[79.583s][info][gc,heap     ] GC(1418) Old regions: 2->2
[79.583s][info][gc,heap     ] GC(1418) Archive regions: 2->2
[79.583s][info][gc,heap     ] GC(1418) Humongous regions: 0->0
[79.584s][info][gc,metaspace] GC(1418) Metaspace: 615K(832K)->615K(832K) NonClass: 597K(704K)->597K(704K) Class: 17K(128K)->17K(128K)
[79.584s][info][gc          ] GC(1418) Pause Young (Normal) (G1 Evacuation Pause) 154M->5M(256M) 12.702ms
[79.585s][info][gc,cpu      ] GC(1418) User=0.01s Sys=0.00s Real=0.01s
[79.652s][info][gc,start    ] GC(1419) Pause Young (Normal) (G1 Evacuation Pause)
[79.653s][info][gc,task     ] GC(1419) Using 6 workers of 8 for evacuation
[79.657s][info][gc,phases   ] GC(1419)   Pre Evacuate Collection Set: 0.4ms
[79.659s][info][gc,phases   ] GC(1419)   Merge Heap Roots: 0.3ms
[79.661s][info][gc,phases   ] GC(1419)   Evacuate Collection Set: 1.5ms
[79.662s][info][gc,phases   ] GC(1419)   Post Evacuate Collection Set: 1.8ms
[79.665s][info][gc,phases   ] GC(1419)   Other: 0.6ms
[79.666s][info][gc,heap     ] GC(1419) Eden regions: 149->0(150)
[79.667s][info][gc,heap     ] GC(1419) Survivor regions: 4->3(20)
[79.667s][info][gc,heap     ] GC(1419) Old regions: 2->2
[79.668s][info][gc,heap     ] GC(1419) Archive regions: 2->2
[79.669s][info][gc,heap     ] GC(1419) Humongous regions: 0->0
[79.669s][info][gc,metaspace] GC(1419) Metaspace: 615K(832K)->615K(832K) NonClass: 597K(704K)->597K(704K) Class: 17K(128K)->17K(128K)
[79.670s][info][gc          ] GC(1419) Pause Young (Normal) (G1 Evacuation Pause) 154M->5M(256M) 17.929ms
[79.671s][info][gc,cpu      ] GC(1419) User=0.00s Sys=0.00s Real=0.02s
[79.749s][info][gc,start    ] GC(1420) Pause Young (Normal) (G1 Evacuation Pause)
[79.750s][info][gc,task     ] GC(1420) Using 6 workers of 8 for evacuation
[79.753s][info][gc,phases   ] GC(1420)   Pre Evacuate Collection Set: 0.3ms
[79.754s][info][gc,phases   ] GC(1420)   Merge Heap Roots: 0.3ms
[79.754s][info][gc,phases   ] GC(1420)   Evacuate Collection Set: 1.1ms
[79.755s][info][gc,phases   ] GC(1420)   Post Evacuate Collection Set: 0.9ms
[79.755s][info][gc,phases   ] GC(1420)   Other: 0.6ms
[79.756s][info][gc,heap     ] GC(1420) Eden regions: 150->0(149)
[79.757s][info][gc,heap     ] GC(1420) Survivor regions: 3->4(20)
[79.758s][info][gc,heap     ] GC(1420) Old regions: 2->2
[79.759s][info][gc,heap     ] GC(1420) Archive regions: 2->2
[79.760s][info][gc,heap     ] GC(1420) Humongous regions: 0->0
[79.762s][info][gc,metaspace] GC(1420) Metaspace: 615K(832K)->615K(832K) NonClass: 597K(704K)->597K(704K) Class: 17K(128K)->17K(128K)
[79.763s][info][gc          ] GC(1420) Pause Young (Normal) (G1 Evacuation Pause) 155M->6M(256M) 13.321ms
[79.763s][info][gc,cpu      ] GC(1420) User=0.01s Sys=0.00s Real=0.01s
[79.825s][info][gc,start    ] GC(1421) Pause Young (Normal) (G1 Evacuation Pause)
[79.829s][info][gc,task     ] GC(1421) Using 6 workers of 8 for evacuation
[79.835s][info][gc,phases   ] GC(1421)   Pre Evacuate Collection Set: 0.4ms
[79.835s][info][gc,phases   ] GC(1421)   Merge Heap Roots: 0.3ms
[79.836s][info][gc,phases   ] GC(1421)   Evacuate Collection Set: 2.7ms
[79.837s][info][gc,phases   ] GC(1421)   Post Evacuate Collection Set: 2.0ms
[79.837s][info][gc,phases   ] GC(1421)   Other: 0.7ms
[79.838s][info][gc,heap     ] GC(1421) Eden regions: 149->0(149)
[79.838s][info][gc,heap     ] GC(1421) Survivor regions: 4->4(20)
[79.839s][info][gc,heap     ] GC(1421) Old regions: 2->2
[79.840s][info][gc,heap     ] GC(1421) Archive regions: 2->2
[79.842s][info][gc,heap     ] GC(1421) Humongous regions: 0->0
[79.844s][info][gc,metaspace] GC(1421) Metaspace: 615K(832K)->615K(832K) NonClass: 597K(704K)->597K(704K) Class: 17K(128K)->17K(128K)
[79.845s][info][gc          ] GC(1421) Pause Young (Normal) (G1 Evacuation Pause) 155M->6M(256M) 19.908ms
[79.846s][info][gc,cpu      ] GC(1421) User=0.01s Sys=0.01s Real=0.02s
[79.927s][info][gc,start    ] GC(1422) Pause Young (Normal) (G1 Evacuation Pause)
[79.929s][info][gc,task     ] GC(1422) Using 6 workers of 8 for evacuation
[79.934s][info][gc,phases   ] GC(1422)   Pre Evacuate Collection Set: 0.3ms
[79.934s][info][gc,phases   ] GC(1422)   Merge Heap Roots: 0.2ms
[79.935s][info][gc,phases   ] GC(1422)   Evacuate Collection Set: 1.7ms
[79.935s][info][gc,phases   ] GC(1422)   Post Evacuate Collection Set: 1.3ms
[79.936s][info][gc,phases   ] GC(1422)   Other: 0.9ms
[79.936s][info][gc,heap     ] GC(1422) Eden regions: 149->0(150)
[79.936s][info][gc,heap     ] GC(1422) Survivor regions: 4->3(20)
[79.937s][info][gc,heap     ] GC(1422) Old regions: 2->2
[79.937s][info][gc,heap     ] GC(1422) Archive regions: 2->2
[79.938s][info][gc,heap     ] GC(1422) Humongous regions: 0->0
[79.940s][info][gc,metaspace] GC(1422) Metaspace: 615K(832K)->615K(832K) NonClass: 597K(704K)->597K(704K) Class: 17K(128K)->17K(128K)
[79.941s][info][gc          ] GC(1422) Pause Young (Normal) (G1 Evacuation Pause) 155M->5M(256M) 13.877ms
[79.942s][info][gc,cpu      ] GC(1422) User=0.01s Sys=0.00s Real=0.01s
[80.019s][info][gc,start    ] GC(1423) Pause Young (Normal) (G1 Evacuation Pause)
[80.020s][info][gc,task     ] GC(1423) Using 6 workers of 8 for evacuation
[80.025s][info][gc,phases   ] GC(1423)   Pre Evacuate Collection Set: 0.3ms
[80.026s][info][gc,phases   ] GC(1423)   Merge Heap Roots: 0.2ms
[80.027s][info][gc,phases   ] GC(1423)   Evacuate Collection Set: 1.8ms
[80.027s][info][gc,phases   ] GC(1423)   Post Evacuate Collection Set: 2.1ms
[80.028s][info][gc,phases   ] GC(1423)   Other: 0.7ms
[80.029s][info][gc,heap     ] GC(1423) Eden regions: 150->0(149)
[80.029s][info][gc,heap     ] GC(1423) Survivor regions: 3->4(20)
[80.029s][info][gc,heap     ] GC(1423) Old regions: 2->2
[80.030s][info][gc,heap     ] GC(1423) Archive regions: 2->2
[80.031s][info][gc,heap     ] GC(1423) Humongous regions: 0->0
[80.031s][info][gc,metaspace] GC(1423) Metaspace: 615K(832K)->615K(832K) NonClass: 597K(704K)->597K(704K) Class: 17K(128K)->17K(128K)
[80.032s][info][gc          ] GC(1423) Pause Young (Normal) (G1 Evacuation Pause) 155M->6M(256M) 12.745ms
[80.032s][info][gc,cpu      ] GC(1423) User=0.00s Sys=0.01s Real=0.01s
[80.096s][info][gc,start    ] GC(1424) Pause Young (Normal) (G1 Evacuation Pause)
[80.097s][info][gc,task     ] GC(1424) Using 6 workers of 8 for evacuation
[80.102s][info][gc,phases   ] GC(1424)   Pre Evacuate Collection Set: 0.2ms
[80.102s][info][gc,phases   ] GC(1424)   Merge Heap Roots: 0.1ms
[80.103s][info][gc,phases   ] GC(1424)   Evacuate Collection Set: 2.5ms
[80.104s][info][gc,phases   ] GC(1424)   Post Evacuate Collection Set: 1.4ms
[80.104s][info][gc,phases   ] GC(1424)   Other: 0.8ms
[80.104s][info][gc,heap     ] GC(1424) Eden regions: 149->0(149)
[80.105s][info][gc,heap     ] GC(1424) Survivor regions: 4->4(20)
[80.106s][info][gc,heap     ] GC(1424) Old regions: 2->2
[80.108s][info][gc,heap     ] GC(1424) Archive regions: 2->2
[80.109s][info][gc,heap     ] GC(1424) Humongous regions: 0->0
[80.110s][info][gc,metaspace] GC(1424) Metaspace: 615K(832K)->615K(832K) NonClass: 597K(704K)->597K(704K) Class: 17K(128K)->17K(128K)
[80.111s][info][gc          ] GC(1424) Pause Young (Normal) (G1 Evacuation Pause) 155M->6M(256M) 15.317ms
[80.111s][info][gc,cpu      ] GC(1424) User=0.02s Sys=0.00s Real=0.02s
[80.170s][info][gc,start    ] GC(1425) Pause Young (Normal) (G1 Evacuation Pause)
[80.171s][info][gc,task     ] GC(1425) Using 6 workers of 8 for evacuation
[80.176s][info][gc,phases   ] GC(1425)   Pre Evacuate Collection Set: 0.4ms
[80.177s][info][gc,phases   ] GC(1425)   Merge Heap Roots: 0.3ms
[80.177s][info][gc,phases   ] GC(1425)   Evacuate Collection Set: 2.2ms
[80.178s][info][gc,phases   ] GC(1425)   Post Evacuate Collection Set: 1.5ms
[80.178s][info][gc,phases   ] GC(1425)   Other: 0.6ms
[80.179s][info][gc,heap     ] GC(1425) Eden regions: 149->0(149)
[80.179s][info][gc,heap     ] GC(1425) Survivor regions: 4->4(20)
[80.180s][info][gc,heap     ] GC(1425) Old regions: 2->2
[80.180s][info][gc,heap     ] GC(1425) Archive regions: 2->2
[80.181s][info][gc,heap     ] GC(1425) Humongous regions: 0->0
[80.181s][info][gc,metaspace] GC(1425) Metaspace: 615K(832K)->615K(832K) NonClass: 597K(704K)->597K(704K) Class: 17K(128K)->17K(128K)
[80.182s][info][gc          ] GC(1425) Pause Young (Normal) (G1 Evacuation Pause) 155M->5M(256M) 11.138ms
[80.182s][info][gc,cpu      ] GC(1425) User=0.02s Sys=0.00s Real=0.01s
[80.228s][info][gc,start    ] GC(1426) Pause Young (Normal) (G1 Evacuation Pause)
[80.229s][info][gc,task     ] GC(1426) Using 6 workers of 8 for evacuation
[80.232s][info][gc,phases   ] GC(1426)   Pre Evacuate Collection Set: 0.3ms
[80.232s][info][gc,phases   ] GC(1426)   Merge Heap Roots: 0.3ms
[80.233s][info][gc,phases   ] GC(1426)   Evacuate Collection Set: 1.2ms
[80.233s][info][gc,phases   ] GC(1426)   Post Evacuate Collection Set: 0.9ms
[80.234s][info][gc,phases   ] GC(1426)   Other: 0.6ms
[80.234s][info][gc,heap     ] GC(1426) Eden regions: 149->0(150)
[80.235s][info][gc,heap     ] GC(1426) Survivor regions: 4->3(20)
[80.235s][info][gc,heap     ] GC(1426) Old regions: 2->2
[80.235s][info][gc,heap     ] GC(1426) Archive regions: 2->2
[80.236s][info][gc,heap     ] GC(1426) Humongous regions: 0->0
[80.236s][info][gc,metaspace] GC(1426) Metaspace: 615K(832K)->615K(832K) NonClass: 597K(704K)->597K(704K) Class: 17K(128K)->17K(128K)
[80.236s][info][gc          ] GC(1426) Pause Young (Normal) (G1 Evacuation Pause) 154M->5M(256M) 8.375ms
[80.237s][info][gc,cpu      ] GC(1426) User=0.01s Sys=0.00s Real=0.01s
[80.298s][info][gc,start    ] GC(1427) Pause Young (Normal) (G1 Evacuation Pause)
[80.299s][info][gc,task     ] GC(1427) Using 6 workers of 8 for evacuation
[80.303s][info][gc,phases   ] GC(1427)   Pre Evacuate Collection Set: 0.3ms
[80.303s][info][gc,phases   ] GC(1427)   Merge Heap Roots: 0.2ms
[80.304s][info][gc,phases   ] GC(1427)   Evacuate Collection Set: 1.8ms
[80.304s][info][gc,phases   ] GC(1427)   Post Evacuate Collection Set: 1.0ms
[80.305s][info][gc,phases   ] GC(1427)   Other: 0.5ms
[80.305s][info][gc,heap     ] GC(1427) Eden regions: 150->0(149)
[80.306s][info][gc,heap     ] GC(1427) Survivor regions: 3->4(20)
[80.306s][info][gc,heap     ] GC(1427) Old regions: 2->2
[80.307s][info][gc,heap     ] GC(1427) Archive regions: 2->2
[80.308s][info][gc,heap     ] GC(1427) Humongous regions: 0->0
[80.310s][info][gc,metaspace] GC(1427) Metaspace: 615K(832K)->615K(832K) NonClass: 597K(704K)->597K(704K) Class: 17K(128K)->17K(128K)
[80.310s][info][gc          ] GC(1427) Pause Young (Normal) (G1 Evacuation Pause) 155M->6M(256M) 12.024ms
[80.311s][info][gc,cpu      ] GC(1427) User=0.00s Sys=0.01s Real=0.01s
[80.367s][info][gc,start    ] GC(1428) Pause Young (Normal) (G1 Evacuation Pause)
[80.367s][info][gc,task     ] GC(1428) Using 6 workers of 8 for evacuation
[80.371s][info][gc,phases   ] GC(1428)   Pre Evacuate Collection Set: 0.3ms
[80.372s][info][gc,phases   ] GC(1428)   Merge Heap Roots: 0.2ms
[80.372s][info][gc,phases   ] GC(1428)   Evacuate Collection Set: 1.9ms
[80.374s][info][gc,phases   ] GC(1428)   Post Evacuate Collection Set: 1.0ms
[80.375s][info][gc,phases   ] GC(1428)   Other: 0.5ms
[80.376s][info][gc,heap     ] GC(1428) Eden regions: 149->0(149)
[80.377s][info][gc,heap     ] GC(1428) Survivor regions: 4->4(20)
[80.378s][info][gc,heap     ] GC(1428) Old regions: 2->2
[80.378s][info][gc,heap     ] GC(1428) Archive regions: 2->2
[80.378s][info][gc,heap     ] GC(1428) Humongous regions: 0->0
[80.379s][info][gc,metaspace] GC(1428) Metaspace: 615K(832K)->615K(832K) NonClass: 597K(704K)->597K(704K) Class: 17K(128K)->17K(128K)
[80.380s][info][gc          ] GC(1428) Pause Young (Normal) (G1 Evacuation Pause) 155M->5M(256M) 13.119ms
[80.380s][info][gc,cpu      ] GC(1428) User=0.01s Sys=0.00s Real=0.01s
[80.448s][info][gc,start    ] GC(1429) Pause Young (Normal) (G1 Evacuation Pause)
[80.448s][info][gc,task     ] GC(1429) Using 6 workers of 8 for evacuation
[80.452s][info][gc,phases   ] GC(1429)   Pre Evacuate Collection Set: 0.3ms
[80.452s][info][gc,phases   ] GC(1429)   Merge Heap Roots: 0.3ms
[80.453s][info][gc,phases   ] GC(1429)   Evacuate Collection Set: 1.3ms
[80.453s][info][gc,phases   ] GC(1429)   Post Evacuate Collection Set: 1.1ms
[80.454s][info][gc,phases   ] GC(1429)   Other: 0.5ms
[80.454s][info][gc,heap     ] GC(1429) Eden regions: 149->0(150)
[80.454s][info][gc,heap     ] GC(1429) Survivor regions: 4->3(20)
[80.455s][info][gc,heap     ] GC(1429) Old regions: 2->2
[80.456s][info][gc,heap     ] GC(1429) Archive regions: 2->2
[80.457s][info][gc,heap     ] GC(1429) Humongous regions: 0->0
[80.458s][info][gc,metaspace] GC(1429) Metaspace: 615K(832K)->615K(832K) NonClass: 597K(704K)->597K(704K) Class: 17K(128K)->17K(128K)
[80.459s][info][gc          ] GC(1429) Pause Young (Normal) (G1 Evacuation Pause) 154M->5M(256M) 11.447ms
[80.460s][info][gc,cpu      ] GC(1429) User=0.01s Sys=0.00s Real=0.01s
[80.518s][info][gc,start    ] GC(1430) Pause Young (Normal) (G1 Evacuation Pause)
[80.519s][info][gc,task     ] GC(1430) Using 6 workers of 8 for evacuation
[80.522s][info][gc,phases   ] GC(1430)   Pre Evacuate Collection Set: 0.4ms
[80.523s][info][gc,phases   ] GC(1430)   Merge Heap Roots: 0.2ms
[80.524s][info][gc,phases   ] GC(1430)   Evacuate Collection Set: 1.1ms
[80.526s][info][gc,phases   ] GC(1430)   Post Evacuate Collection Set: 0.7ms
[80.528s][info][gc,phases   ] GC(1430)   Other: 0.7ms
[80.529s][info][gc,heap     ] GC(1430) Eden regions: 150->0(149)
[80.530s][info][gc,heap     ] GC(1430) Survivor regions: 3->4(20)
[80.530s][info][gc,heap     ] GC(1430) Old regions: 2->2
[80.531s][info][gc,heap     ] GC(1430) Archive regions: 2->2
[80.531s][info][gc,heap     ] GC(1430) Humongous regions: 0->0
[80.532s][info][gc,metaspace] GC(1430) Metaspace: 615K(832K)->615K(832K) NonClass: 597K(704K)->597K(704K) Class: 17K(128K)->17K(128K)
[80.532s][info][gc          ] GC(1430) Pause Young (Normal) (G1 Evacuation Pause) 155M->6M(256M) 14.207ms
[80.532s][info][gc,cpu      ] GC(1430) User=0.00s Sys=0.00s Real=0.01s
[80.596s][info][gc,start    ] GC(1431) Pause Young (Normal) (G1 Evacuation Pause)
[80.598s][info][gc,task     ] GC(1431) Using 6 workers of 8 for evacuation
[80.603s][info][gc,phases   ] GC(1431)   Pre Evacuate Collection Set: 1.0ms
[80.603s][info][gc,phases   ] GC(1431)   Merge Heap Roots: 0.3ms
[80.603s][info][gc,phases   ] GC(1431)   Evacuate Collection Set: 1.4ms
[80.604s][info][gc,phases   ] GC(1431)   Post Evacuate Collection Set: 1.2ms
[80.605s][info][gc,phases   ] GC(1431)   Other: 1.2ms
[80.605s][info][gc,heap     ] GC(1431) Eden regions: 149->0(149)
[80.605s][info][gc,heap     ] GC(1431) Survivor regions: 4->4(20)
[80.606s][info][gc,heap     ] GC(1431) Old regions: 2->2
[80.607s][info][gc,heap     ] GC(1431) Archive regions: 2->2
[80.607s][info][gc,heap     ] GC(1431) Humongous regions: 0->0
[80.608s][info][gc,metaspace] GC(1431) Metaspace: 615K(832K)->615K(832K) NonClass: 597K(704K)->597K(704K) Class: 17K(128K)->17K(128K)
[80.609s][info][gc          ] GC(1431) Pause Young (Normal) (G1 Evacuation Pause) 155M->6M(256M) 12.564ms
[80.610s][info][gc,cpu      ] GC(1431) User=0.01s Sys=0.00s Real=0.02s
[80.711s][info][gc,start    ] GC(1432) Pause Young (Normal) (G1 Evacuation Pause)
[80.714s][info][gc,task     ] GC(1432) Using 6 workers of 8 for evacuation
[80.721s][info][gc,phases   ] GC(1432)   Pre Evacuate Collection Set: 0.5ms
[80.721s][info][gc,phases   ] GC(1432)   Merge Heap Roots: 0.3ms
[80.723s][info][gc,phases   ] GC(1432)   Evacuate Collection Set: 4.6ms
[80.724s][info][gc,phases   ] GC(1432)   Post Evacuate Collection Set: 1.1ms
[80.726s][info][gc,phases   ] GC(1432)   Other: 0.7ms
[80.727s][info][gc,heap     ] GC(1432) Eden regions: 149->0(149)
[80.729s][info][gc,heap     ] GC(1432) Survivor regions: 4->4(20)
[80.730s][info][gc,heap     ] GC(1432) Old regions: 2->2
[80.730s][info][gc,heap     ] GC(1432) Archive regions: 2->2
[80.731s][info][gc,heap     ] GC(1432) Humongous regions: 0->0
[80.731s][info][gc,metaspace] GC(1432) Metaspace: 615K(832K)->615K(832K) NonClass: 597K(704K)->597K(704K) Class: 17K(128K)->17K(128K)
[80.732s][info][gc          ] GC(1432) Pause Young (Normal) (G1 Evacuation Pause) 155M->5M(256M) 20.917ms
[80.733s][info][gc,cpu      ] GC(1432) User=0.01s Sys=0.00s Real=0.02s
[80.817s][info][gc,start    ] GC(1433) Pause Young (Normal) (G1 Evacuation Pause)
[80.819s][info][gc,task     ] GC(1433) Using 6 workers of 8 for evacuation
[80.822s][info][gc,phases   ] GC(1433)   Pre Evacuate Collection Set: 0.3ms
[80.823s][info][gc,phases   ] GC(1433)   Merge Heap Roots: 0.4ms
[80.824s][info][gc,phases   ] GC(1433)   Evacuate Collection Set: 1.3ms
[80.825s][info][gc,phases   ] GC(1433)   Post Evacuate Collection Set: 0.9ms
[80.826s][info][gc,phases   ] GC(1433)   Other: 0.5ms
[80.826s][info][gc,heap     ] GC(1433) Eden regions: 149->0(149)
[80.827s][info][gc,heap     ] GC(1433) Survivor regions: 4->4(20)
[80.827s][info][gc,heap     ] GC(1433) Old regions: 2->2
[80.827s][info][gc,heap     ] GC(1433) Archive regions: 2->2
[80.828s][info][gc,heap     ] GC(1433) Humongous regions: 0->0
[80.828s][info][gc,metaspace] GC(1433) Metaspace: 615K(832K)->615K(832K) NonClass: 597K(704K)->597K(704K) Class: 17K(128K)->17K(128K)
[80.829s][info][gc          ] GC(1433) Pause Young (Normal) (G1 Evacuation Pause) 154M->5M(256M) 11.540ms
[80.830s][info][gc,cpu      ] GC(1433) User=0.01s Sys=0.00s Real=0.01s
[80.877s][info][gc,start    ] GC(1434) Pause Young (Normal) (G1 Evacuation Pause)
[80.878s][info][gc,task     ] GC(1434) Using 6 workers of 8 for evacuation
[80.882s][info][gc,phases   ] GC(1434)   Pre Evacuate Collection Set: 0.3ms
[80.882s][info][gc,phases   ] GC(1434)   Merge Heap Roots: 0.3ms
[80.883s][info][gc,phases   ] GC(1434)   Evacuate Collection Set: 1.3ms
[80.883s][info][gc,phases   ] GC(1434)   Post Evacuate Collection Set: 1.0ms
[80.883s][info][gc,phases   ] GC(1434)   Other: 0.5ms
[80.884s][info][gc,heap     ] GC(1434) Eden regions: 149->0(150)
[80.884s][info][gc,heap     ] GC(1434) Survivor regions: 4->3(20)
[80.884s][info][gc,heap     ] GC(1434) Old regions: 2->2
[80.884s][info][gc,heap     ] GC(1434) Archive regions: 2->2
[80.885s][info][gc,heap     ] GC(1434) Humongous regions: 0->0
[80.885s][info][gc,metaspace] GC(1434) Metaspace: 615K(832K)->615K(832K) NonClass: 597K(704K)->597K(704K) Class: 17K(128K)->17K(128K)
[80.885s][info][gc          ] GC(1434) Pause Young (Normal) (G1 Evacuation Pause) 154M->5M(256M) 8.399ms
[80.886s][info][gc,cpu      ] GC(1434) User=0.01s Sys=0.01s Real=0.00s
[80.934s][info][gc,start    ] GC(1435) Pause Young (Normal) (G1 Evacuation Pause)
[80.935s][info][gc,task     ] GC(1435) Using 6 workers of 8 for evacuation
[80.940s][info][gc,phases   ] GC(1435)   Pre Evacuate Collection Set: 0.3ms
[80.941s][info][gc,phases   ] GC(1435)   Merge Heap Roots: 0.3ms
[80.942s][info][gc,phases   ] GC(1435)   Evacuate Collection Set: 2.3ms
[80.943s][info][gc,phases   ] GC(1435)   Post Evacuate Collection Set: 1.6ms
[80.945s][info][gc,phases   ] GC(1435)   Other: 0.6ms
[80.946s][info][gc,heap     ] GC(1435) Eden regions: 150->0(149)
[80.946s][info][gc,heap     ] GC(1435) Survivor regions: 3->4(20)
[80.947s][info][gc,heap     ] GC(1435) Old regions: 2->2
[80.947s][info][gc,heap     ] GC(1435) Archive regions: 2->2
[80.948s][info][gc,heap     ] GC(1435) Humongous regions: 0->0
[80.948s][info][gc,metaspace] GC(1435) Metaspace: 615K(832K)->615K(832K) NonClass: 597K(704K)->597K(704K) Class: 17K(128K)->17K(128K)
[80.948s][info][gc          ] GC(1435) Pause Young (Normal) (G1 Evacuation Pause) 155M->5M(256M) 14.182ms
[80.949s][info][gc,cpu      ] GC(1435) User=0.02s Sys=0.00s Real=0.02s
[80.988s][info][gc,start    ] GC(1436) Pause Young (Normal) (G1 Evacuation Pause)
[80.988s][info][gc,task     ] GC(1436) Using 6 workers of 8 for evacuation
[80.993s][info][gc,phases   ] GC(1436)   Pre Evacuate Collection Set: 0.3ms
[80.993s][info][gc,phases   ] GC(1436)   Merge Heap Roots: 0.3ms
[80.994s][info][gc,phases   ] GC(1436)   Evacuate Collection Set: 2.3ms
[80.994s][info][gc,phases   ] GC(1436)   Post Evacuate Collection Set: 1.5ms
[80.995s][info][gc,phases   ] GC(1436)   Other: 0.4ms
[80.995s][info][gc,heap     ] GC(1436) Eden regions: 149->0(150)
[80.995s][info][gc,heap     ] GC(1436) Survivor regions: 4->3(20)
[80.995s][info][gc,heap     ] GC(1436) Old regions: 2->2
[80.996s][info][gc,heap     ] GC(1436) Archive regions: 2->2
[80.996s][info][gc,heap     ] GC(1436) Humongous regions: 0->0
[80.996s][info][gc,metaspace] GC(1436) Metaspace: 615K(832K)->615K(832K) NonClass: 597K(704K)->597K(704K) Class: 17K(128K)->17K(128K)
[80.997s][info][gc          ] GC(1436) Pause Young (Normal) (G1 Evacuation Pause) 154M->5M(256M) 8.952ms
[80.997s][info][gc,cpu      ] GC(1436) User=0.01s Sys=0.00s Real=0.01s
[81.037s][info][gc,start    ] GC(1437) Pause Young (Normal) (G1 Evacuation Pause)
[81.038s][info][gc,task     ] GC(1437) Using 6 workers of 8 for evacuation
[81.043s][info][gc,phases   ] GC(1437)   Pre Evacuate Collection Set: 0.4ms
[81.044s][info][gc,phases   ] GC(1437)   Merge Heap Roots: 0.2ms
[81.044s][info][gc,phases   ] GC(1437)   Evacuate Collection Set: 2.8ms
[81.044s][info][gc,phases   ] GC(1437)   Post Evacuate Collection Set: 1.7ms
[81.045s][info][gc,phases   ] GC(1437)   Other: 0.5ms
[81.045s][info][gc,heap     ] GC(1437) Eden regions: 150->0(149)
[81.045s][info][gc,heap     ] GC(1437) Survivor regions: 3->4(20)
[81.046s][info][gc,heap     ] GC(1437) Old regions: 2->2
[81.046s][info][gc,heap     ] GC(1437) Archive regions: 2->2
[81.046s][info][gc,heap     ] GC(1437) Humongous regions: 0->0
[81.046s][info][gc,metaspace] GC(1437) Metaspace: 615K(832K)->615K(832K) NonClass: 597K(704K)->597K(704K) Class: 17K(128K)->17K(128K)
[81.047s][info][gc          ] GC(1437) Pause Young (Normal) (G1 Evacuation Pause) 155M->6M(256M) 9.590ms
[81.047s][info][gc,cpu      ] GC(1437) User=0.02s Sys=0.00s Real=0.01s
[81.087s][info][gc,start    ] GC(1438) Pause Young (Normal) (G1 Evacuation Pause)
[81.088s][info][gc,task     ] GC(1438) Using 6 workers of 8 for evacuation
[81.092s][info][gc,phases   ] GC(1438)   Pre Evacuate Collection Set: 0.3ms
[81.093s][info][gc,phases   ] GC(1438)   Merge Heap Roots: 0.2ms
[81.093s][info][gc,phases   ] GC(1438)   Evacuate Collection Set: 1.9ms
[81.094s][info][gc,phases   ] GC(1438)   Post Evacuate Collection Set: 1.6ms
[81.094s][info][gc,phases   ] GC(1438)   Other: 0.4ms
[81.094s][info][gc,heap     ] GC(1438) Eden regions: 149->0(149)
[81.095s][info][gc,heap     ] GC(1438) Survivor regions: 4->4(20)
[81.095s][info][gc,heap     ] GC(1438) Old regions: 2->2
[81.095s][info][gc,heap     ] GC(1438) Archive regions: 2->2
[81.096s][info][gc,heap     ] GC(1438) Humongous regions: 0->0
[81.096s][info][gc,metaspace] GC(1438) Metaspace: 615K(832K)->615K(832K) NonClass: 597K(704K)->597K(704K) Class: 17K(128K)->17K(128K)
[81.096s][info][gc          ] GC(1438) Pause Young (Normal) (G1 Evacuation Pause) 155M->6M(256M) 8.931ms
[81.096s][info][gc,cpu      ] GC(1438) User=0.01s Sys=0.00s Real=0.00s
[81.134s][info][gc,start    ] GC(1439) Pause Young (Normal) (G1 Evacuation Pause)
[81.135s][info][gc,task     ] GC(1439) Using 6 workers of 8 for evacuation
[81.138s][info][gc,phases   ] GC(1439)   Pre Evacuate Collection Set: 0.3ms
[81.138s][info][gc,phases   ] GC(1439)   Merge Heap Roots: 0.2ms
[81.138s][info][gc,phases   ] GC(1439)   Evacuate Collection Set: 1.2ms
[81.139s][info][gc,phases   ] GC(1439)   Post Evacuate Collection Set: 0.7ms
[81.139s][info][gc,phases   ] GC(1439)   Other: 0.4ms
[81.140s][info][gc,heap     ] GC(1439) Eden regions: 149->0(149)
[81.140s][info][gc,heap     ] GC(1439) Survivor regions: 4->4(20)
[81.141s][info][gc,heap     ] GC(1439) Old regions: 2->2
[81.141s][info][gc,heap     ] GC(1439) Archive regions: 2->2
[81.142s][info][gc,heap     ] GC(1439) Humongous regions: 0->0
[81.142s][info][gc,metaspace] GC(1439) Metaspace: 615K(832K)->615K(832K) NonClass: 597K(704K)->597K(704K) Class: 17K(128K)->17K(128K)
[81.143s][info][gc          ] GC(1439) Pause Young (Normal) (G1 Evacuation Pause) 155M->5M(256M) 8.847ms
[81.143s][info][gc,cpu      ] GC(1439) User=0.00s Sys=0.01s Real=0.01s
[81.187s][info][gc,start    ] GC(1440) Pause Young (Normal) (G1 Evacuation Pause)
[81.187s][info][gc,task     ] GC(1440) Using 6 workers of 8 for evacuation
[81.191s][info][gc,phases   ] GC(1440)   Pre Evacuate Collection Set: 0.2ms
[81.192s][info][gc,phases   ] GC(1440)   Merge Heap Roots: 0.3ms
[81.193s][info][gc,phases   ] GC(1440)   Evacuate Collection Set: 1.2ms
[81.193s][info][gc,phases   ] GC(1440)   Post Evacuate Collection Set: 1.8ms
[81.194s][info][gc,phases   ] GC(1440)   Other: 0.5ms
[81.194s][info][gc,heap     ] GC(1440) Eden regions: 149->0(150)
[81.194s][info][gc,heap     ] GC(1440) Survivor regions: 4->3(20)
[81.195s][info][gc,heap     ] GC(1440) Old regions: 2->2
[81.195s][info][gc,heap     ] GC(1440) Archive regions: 2->2
[81.195s][info][gc,heap     ] GC(1440) Humongous regions: 0->0
[81.195s][info][gc,metaspace] GC(1440) Metaspace: 615K(832K)->615K(832K) NonClass: 597K(704K)->597K(704K) Class: 17K(128K)->17K(128K)
[81.196s][info][gc          ] GC(1440) Pause Young (Normal) (G1 Evacuation Pause) 154M->5M(256M) 9.119ms
[81.196s][info][gc,cpu      ] GC(1440) User=0.00s Sys=0.00s Real=0.00s
[81.238s][info][gc,start    ] GC(1441) Pause Young (Normal) (G1 Evacuation Pause)
[81.239s][info][gc,task     ] GC(1441) Using 6 workers of 8 for evacuation
[81.244s][info][gc,phases   ] GC(1441)   Pre Evacuate Collection Set: 0.4ms
[81.244s][info][gc,phases   ] GC(1441)   Merge Heap Roots: 0.5ms
[81.244s][info][gc,phases   ] GC(1441)   Evacuate Collection Set: 2.4ms
[81.245s][info][gc,phases   ] GC(1441)   Post Evacuate Collection Set: 1.1ms
[81.245s][info][gc,phases   ] GC(1441)   Other: 0.5ms
[81.245s][info][gc,heap     ] GC(1441) Eden regions: 150->0(149)
[81.246s][info][gc,heap     ] GC(1441) Survivor regions: 3->4(20)
[81.246s][info][gc,heap     ] GC(1441) Old regions: 2->2
[81.247s][info][gc,heap     ] GC(1441) Archive regions: 2->2
[81.247s][info][gc,heap     ] GC(1441) Humongous regions: 0->0
[81.247s][info][gc,metaspace] GC(1441) Metaspace: 615K(832K)->615K(832K) NonClass: 597K(704K)->597K(704K) Class: 17K(128K)->17K(128K)
[81.248s][info][gc          ] GC(1441) Pause Young (Normal) (G1 Evacuation Pause) 155M->6M(256M) 9.458ms
[81.248s][info][gc,cpu      ] GC(1441) User=0.01s Sys=0.00s Real=0.01s
[81.305s][info][gc,start    ] GC(1442) Pause Young (Normal) (G1 Evacuation Pause)
[81.305s][info][gc,task     ] GC(1442) Using 6 workers of 8 for evacuation
[81.313s][info][gc,phases   ] GC(1442)   Pre Evacuate Collection Set: 0.7ms
[81.314s][info][gc,phases   ] GC(1442)   Merge Heap Roots: 0.3ms
[81.314s][info][gc,phases   ] GC(1442)   Evacuate Collection Set: 2.3ms
[81.315s][info][gc,phases   ] GC(1442)   Post Evacuate Collection Set: 3.6ms
[81.315s][info][gc,phases   ] GC(1442)   Other: 1.0ms
[81.315s][info][gc,heap     ] GC(1442) Eden regions: 149->0(149)
[81.316s][info][gc,heap     ] GC(1442) Survivor regions: 4->4(20)
[81.316s][info][gc,heap     ] GC(1442) Old regions: 2->2
[81.316s][info][gc,heap     ] GC(1442) Archive regions: 2->2
[81.316s][info][gc,heap     ] GC(1442) Humongous regions: 0->0
[81.317s][info][gc,metaspace] GC(1442) Metaspace: 615K(832K)->615K(832K) NonClass: 597K(704K)->597K(704K) Class: 17K(128K)->17K(128K)
[81.317s][info][gc          ] GC(1442) Pause Young (Normal) (G1 Evacuation Pause) 155M->6M(256M) 12.396ms
[81.317s][info][gc,cpu      ] GC(1442) User=0.01s Sys=0.00s Real=0.02s
[81.379s][info][gc,start    ] GC(1443) Pause Young (Normal) (G1 Evacuation Pause)
[81.380s][info][gc,task     ] GC(1443) Using 6 workers of 8 for evacuation
[81.384s][info][gc,phases   ] GC(1443)   Pre Evacuate Collection Set: 0.3ms
[81.385s][info][gc,phases   ] GC(1443)   Merge Heap Roots: 0.5ms
[81.385s][info][gc,phases   ] GC(1443)   Evacuate Collection Set: 1.3ms
[81.386s][info][gc,phases   ] GC(1443)   Post Evacuate Collection Set: 1.8ms
[81.386s][info][gc,phases   ] GC(1443)   Other: 0.8ms
[81.387s][info][gc,heap     ] GC(1443) Eden regions: 149->0(149)
[81.387s][info][gc,heap     ] GC(1443) Survivor regions: 4->4(20)
[81.388s][info][gc,heap     ] GC(1443) Old regions: 2->2
[81.388s][info][gc,heap     ] GC(1443) Archive regions: 2->2
[81.390s][info][gc,heap     ] GC(1443) Humongous regions: 0->0
[81.392s][info][gc,metaspace] GC(1443) Metaspace: 615K(832K)->615K(832K) NonClass: 597K(704K)->597K(704K) Class: 17K(128K)->17K(128K)
[81.393s][info][gc          ] GC(1443) Pause Young (Normal) (G1 Evacuation Pause) 155M->5M(256M) 13.784ms
[81.393s][info][gc,cpu      ] GC(1443) User=0.01s Sys=0.01s Real=0.01s
[81.469s][info][gc,start    ] GC(1444) Pause Young (Normal) (G1 Evacuation Pause)
[81.469s][info][gc,task     ] GC(1444) Using 6 workers of 8 for evacuation
[81.490s][info][gc,phases   ] GC(1444)   Pre Evacuate Collection Set: 0.7ms
[81.496s][info][gc,phases   ] GC(1444)   Merge Heap Roots: 0.4ms
[81.497s][info][gc,phases   ] GC(1444)   Evacuate Collection Set: 1.9ms
[81.498s][info][gc,phases   ] GC(1444)   Post Evacuate Collection Set: 1.1ms
[81.498s][info][gc,phases   ] GC(1444)   Other: 16.6ms
[81.499s][info][gc,heap     ] GC(1444) Eden regions: 149->0(150)
[81.499s][info][gc,heap     ] GC(1444) Survivor regions: 4->3(20)
[81.500s][info][gc,heap     ] GC(1444) Old regions: 2->2
[81.500s][info][gc,heap     ] GC(1444) Archive regions: 2->2
[81.501s][info][gc,heap     ] GC(1444) Humongous regions: 0->0
[81.501s][info][gc,metaspace] GC(1444) Metaspace: 615K(832K)->615K(832K) NonClass: 597K(704K)->597K(704K) Class: 17K(128K)->17K(128K)
[81.503s][info][gc          ] GC(1444) Pause Young (Normal) (G1 Evacuation Pause) 154M->5M(256M) 34.568ms
[81.515s][info][gc,cpu      ] GC(1444) User=0.00s Sys=0.00s Real=0.04s
[81.713s][info][gc,start    ] GC(1445) Pause Young (Normal) (G1 Evacuation Pause)
[81.714s][info][gc,task     ] GC(1445) Using 6 workers of 8 for evacuation
[81.719s][info][gc,phases   ] GC(1445)   Pre Evacuate Collection Set: 0.6ms
[81.720s][info][gc,phases   ] GC(1445)   Merge Heap Roots: 0.5ms
[81.721s][info][gc,phases   ] GC(1445)   Evacuate Collection Set: 2.0ms
[81.721s][info][gc,phases   ] GC(1445)   Post Evacuate Collection Set: 1.1ms
[81.721s][info][gc,phases   ] GC(1445)   Other: 1.1ms
[81.722s][info][gc,heap     ] GC(1445) Eden regions: 150->0(149)
[81.722s][info][gc,heap     ] GC(1445) Survivor regions: 3->4(20)
[81.723s][info][gc,heap     ] GC(1445) Old regions: 2->2
[81.723s][info][gc,heap     ] GC(1445) Archive regions: 2->2
[81.723s][info][gc,heap     ] GC(1445) Humongous regions: 0->0
[81.725s][info][gc,metaspace] GC(1445) Metaspace: 615K(832K)->615K(832K) NonClass: 597K(704K)->597K(704K) Class: 17K(128K)->17K(128K)
[81.726s][info][gc          ] GC(1445) Pause Young (Normal) (G1 Evacuation Pause) 155M->5M(256M) 12.686ms
[81.727s][info][gc,cpu      ] GC(1445) User=0.00s Sys=0.01s Real=0.02s
[81.804s][info][gc,start    ] GC(1446) Pause Young (Normal) (G1 Evacuation Pause)
[81.804s][info][gc,task     ] GC(1446) Using 6 workers of 8 for evacuation
[81.810s][info][gc,phases   ] GC(1446)   Pre Evacuate Collection Set: 0.7ms
[81.811s][info][gc,phases   ] GC(1446)   Merge Heap Roots: 0.4ms
[81.812s][info][gc,phases   ] GC(1446)   Evacuate Collection Set: 2.2ms
[81.812s][info][gc,phases   ] GC(1446)   Post Evacuate Collection Set: 1.2ms
[81.813s][info][gc,phases   ] GC(1446)   Other: 0.7ms
[81.813s][info][gc,heap     ] GC(1446) Eden regions: 149->0(149)
[81.814s][info][gc,heap     ] GC(1446) Survivor regions: 4->4(20)
[81.814s][info][gc,heap     ] GC(1446) Old regions: 2->2
[81.815s][info][gc,heap     ] GC(1446) Archive regions: 2->2
[81.816s][info][gc,heap     ] GC(1446) Humongous regions: 0->0
[81.816s][info][gc,metaspace] GC(1446) Metaspace: 615K(832K)->615K(832K) NonClass: 597K(704K)->597K(704K) Class: 17K(128K)->17K(128K)
[81.817s][info][gc          ] GC(1446) Pause Young (Normal) (G1 Evacuation Pause) 154M->5M(256M) 13.138ms
[81.817s][info][gc,cpu      ] GC(1446) User=0.01s Sys=0.00s Real=0.02s
[81.876s][info][gc,start    ] GC(1447) Pause Young (Normal) (G1 Evacuation Pause)
[81.877s][info][gc,task     ] GC(1447) Using 6 workers of 8 for evacuation
[81.882s][info][gc,phases   ] GC(1447)   Pre Evacuate Collection Set: 0.3ms
[81.882s][info][gc,phases   ] GC(1447)   Merge Heap Roots: 0.3ms
[81.883s][info][gc,phases   ] GC(1447)   Evacuate Collection Set: 2.6ms
[81.883s][info][gc,phases   ] GC(1447)   Post Evacuate Collection Set: 1.2ms
[81.884s][info][gc,phases   ] GC(1447)   Other: 0.7ms
[81.884s][info][gc,heap     ] GC(1447) Eden regions: 149->0(150)
[81.884s][info][gc,heap     ] GC(1447) Survivor regions: 4->3(20)
[81.885s][info][gc,heap     ] GC(1447) Old regions: 2->2
[81.885s][info][gc,heap     ] GC(1447) Archive regions: 2->2
[81.885s][info][gc,heap     ] GC(1447) Humongous regions: 0->0
[81.886s][info][gc,metaspace] GC(1447) Metaspace: 615K(832K)->615K(832K) NonClass: 597K(704K)->597K(704K) Class: 17K(128K)->17K(128K)
[81.886s][info][gc          ] GC(1447) Pause Young (Normal) (G1 Evacuation Pause) 154M->5M(256M) 10.073ms
[81.887s][info][gc,cpu      ] GC(1447) User=0.02s Sys=0.00s Real=0.02s
[81.961s][info][gc,start    ] GC(1448) Pause Young (Normal) (G1 Evacuation Pause)
[81.962s][info][gc,task     ] GC(1448) Using 6 workers of 8 for evacuation
[81.969s][info][gc,phases   ] GC(1448)   Pre Evacuate Collection Set: 0.7ms
[81.970s][info][gc,phases   ] GC(1448)   Merge Heap Roots: 0.3ms
[81.971s][info][gc,phases   ] GC(1448)   Evacuate Collection Set: 2.5ms
[81.972s][info][gc,phases   ] GC(1448)   Post Evacuate Collection Set: 1.5ms
[81.973s][info][gc,phases   ] GC(1448)   Other: 1.3ms
[81.974s][info][gc,heap     ] GC(1448) Eden regions: 150->0(149)
[81.974s][info][gc,heap     ] GC(1448) Survivor regions: 3->4(20)
[81.975s][info][gc,heap     ] GC(1448) Old regions: 2->2
[81.977s][info][gc,heap     ] GC(1448) Archive regions: 2->2
[81.977s][info][gc,heap     ] GC(1448) Humongous regions: 0->0
[81.978s][info][gc,metaspace] GC(1448) Metaspace: 615K(832K)->615K(832K) NonClass: 597K(704K)->597K(704K) Class: 17K(128K)->17K(128K)
[81.978s][info][gc          ] GC(1448) Pause Young (Normal) (G1 Evacuation Pause) 155M->6M(256M) 17.001ms
[81.979s][info][gc,cpu      ] GC(1448) User=0.01s Sys=0.01s Real=0.02s
[82.051s][info][gc,start    ] GC(1449) Pause Young (Normal) (G1 Evacuation Pause)
[82.052s][info][gc,task     ] GC(1449) Using 6 workers of 8 for evacuation
[82.055s][info][gc,phases   ] GC(1449)   Pre Evacuate Collection Set: 0.3ms
[82.057s][info][gc,phases   ] GC(1449)   Merge Heap Roots: 0.2ms
[82.058s][info][gc,phases   ] GC(1449)   Evacuate Collection Set: 1.2ms
[82.059s][info][gc,phases   ] GC(1449)   Post Evacuate Collection Set: 1.0ms
[82.060s][info][gc,phases   ] GC(1449)   Other: 0.6ms
[82.060s][info][gc,heap     ] GC(1449) Eden regions: 149->0(149)
[82.061s][info][gc,heap     ] GC(1449) Survivor regions: 4->4(20)
[82.061s][info][gc,heap     ] GC(1449) Old regions: 2->2
[82.062s][info][gc,heap     ] GC(1449) Archive regions: 2->2
[82.062s][info][gc,heap     ] GC(1449) Humongous regions: 0->0
[82.063s][info][gc,metaspace] GC(1449) Metaspace: 615K(832K)->615K(832K) NonClass: 597K(704K)->597K(704K) Class: 17K(128K)->17K(128K)
[82.063s][info][gc          ] GC(1449) Pause Young (Normal) (G1 Evacuation Pause) 155M->6M(256M) 11.615ms
[82.064s][info][gc,cpu      ] GC(1449) User=0.01s Sys=0.00s Real=0.01s
[82.115s][info][gc,start    ] GC(1450) Pause Young (Normal) (G1 Evacuation Pause)
[82.116s][info][gc,task     ] GC(1450) Using 6 workers of 8 for evacuation
[82.120s][info][gc,phases   ] GC(1450)   Pre Evacuate Collection Set: 0.3ms
[82.120s][info][gc,phases   ] GC(1450)   Merge Heap Roots: 0.3ms
[82.121s][info][gc,phases   ] GC(1450)   Evacuate Collection Set: 2.1ms
[82.121s][info][gc,phases   ] GC(1450)   Post Evacuate Collection Set: 0.9ms
[82.122s][info][gc,phases   ] GC(1450)   Other: 0.5ms
[82.122s][info][gc,heap     ] GC(1450) Eden regions: 149->0(150)
[82.123s][info][gc,heap     ] GC(1450) Survivor regions: 4->3(20)
[82.124s][info][gc,heap     ] GC(1450) Old regions: 2->2
[82.125s][info][gc,heap     ] GC(1450) Archive regions: 2->2
[82.126s][info][gc,heap     ] GC(1450) Humongous regions: 0->0
[82.128s][info][gc,metaspace] GC(1450) Metaspace: 615K(832K)->615K(832K) NonClass: 597K(704K)->597K(704K) Class: 17K(128K)->17K(128K)
[82.128s][info][gc          ] GC(1450) Pause Young (Normal) (G1 Evacuation Pause) 155M->5M(256M) 13.196ms
[82.129s][info][gc,cpu      ] GC(1450) User=0.00s Sys=0.01s Real=0.02s
[82.205s][info][gc,start    ] GC(1451) Pause Young (Normal) (G1 Evacuation Pause)
[82.207s][info][gc,task     ] GC(1451) Using 6 workers of 8 for evacuation
[82.213s][info][gc,phases   ] GC(1451)   Pre Evacuate Collection Set: 0.7ms
[82.214s][info][gc,phases   ] GC(1451)   Merge Heap Roots: 0.8ms
[82.214s][info][gc,phases   ] GC(1451)   Evacuate Collection Set: 2.6ms
[82.215s][info][gc,phases   ] GC(1451)   Post Evacuate Collection Set: 0.9ms
[82.215s][info][gc,phases   ] GC(1451)   Other: 1.3ms
[82.215s][info][gc,heap     ] GC(1451) Eden regions: 150->0(149)
[82.216s][info][gc,heap     ] GC(1451) Survivor regions: 3->4(20)
[82.216s][info][gc,heap     ] GC(1451) Old regions: 2->2
[82.216s][info][gc,heap     ] GC(1451) Archive regions: 2->2
[82.217s][info][gc,heap     ] GC(1451) Humongous regions: 0->0
[82.217s][info][gc,metaspace] GC(1451) Metaspace: 615K(832K)->615K(832K) NonClass: 597K(704K)->597K(704K) Class: 17K(128K)->17K(128K)
[82.218s][info][gc          ] GC(1451) Pause Young (Normal) (G1 Evacuation Pause) 155M->6M(256M) 12.456ms
[82.219s][info][gc,cpu      ] GC(1451) User=0.01s Sys=0.00s Real=0.02s
[82.311s][info][gc,start    ] GC(1452) Pause Young (Normal) (G1 Evacuation Pause)
[82.312s][info][gc,task     ] GC(1452) Using 6 workers of 8 for evacuation
[82.329s][info][gc,phases   ] GC(1452)   Pre Evacuate Collection Set: 0.9ms
[82.332s][info][gc,phases   ] GC(1452)   Merge Heap Roots: 0.3ms
[82.332s][info][gc,phases   ] GC(1452)   Evacuate Collection Set: 5.2ms
[82.333s][info][gc,phases   ] GC(1452)   Post Evacuate Collection Set: 7.9ms
[82.333s][info][gc,phases   ] GC(1452)   Other: 2.7ms
[82.334s][info][gc,heap     ] GC(1452) Eden regions: 149->0(149)
[82.335s][info][gc,heap     ] GC(1452) Survivor regions: 4->4(20)
[82.336s][info][gc,heap     ] GC(1452) Old regions: 2->2
[82.337s][info][gc,heap     ] GC(1452) Archive regions: 2->2
[82.342s][info][gc,heap     ] GC(1452) Humongous regions: 0->0
[82.343s][info][gc,metaspace] GC(1452) Metaspace: 615K(832K)->615K(832K) NonClass: 597K(704K)->597K(704K) Class: 17K(128K)->17K(128K)
[82.344s][info][gc          ] GC(1452) Pause Young (Normal) (G1 Evacuation Pause) 155M->6M(256M) 32.833ms
[82.345s][info][gc,cpu      ] GC(1452) User=0.02s Sys=0.01s Real=0.03s
[82.429s][info][gc,start    ] GC(1453) Pause Young (Normal) (G1 Evacuation Pause)
[82.432s][info][gc,task     ] GC(1453) Using 6 workers of 8 for evacuation
[82.442s][info][gc,phases   ] GC(1453)   Pre Evacuate Collection Set: 0.3ms
[82.450s][info][gc,phases   ] GC(1453)   Merge Heap Roots: 0.3ms
[82.451s][info][gc,phases   ] GC(1453)   Evacuate Collection Set: 3.3ms
[82.452s][info][gc,phases   ] GC(1453)   Post Evacuate Collection Set: 1.7ms
[82.454s][info][gc,phases   ] GC(1453)   Other: 3.5ms
[82.455s][info][gc,heap     ] GC(1453) Eden regions: 149->0(149)
[82.458s][info][gc,heap     ] GC(1453) Survivor regions: 4->4(20)
[82.462s][info][gc,heap     ] GC(1453) Old regions: 2->2
[82.463s][info][gc,heap     ] GC(1453) Archive regions: 2->2
[82.464s][info][gc,heap     ] GC(1453) Humongous regions: 0->0
[82.464s][info][gc,metaspace] GC(1453) Metaspace: 615K(832K)->615K(832K) NonClass: 597K(704K)->597K(704K) Class: 17K(128K)->17K(128K)
[82.465s][info][gc          ] GC(1453) Pause Young (Normal) (G1 Evacuation Pause) 155M->5M(256M) 35.714ms
[82.466s][info][gc,cpu      ] GC(1453) User=0.01s Sys=0.01s Real=0.03s
[82.532s][info][gc,start    ] GC(1454) Pause Young (Normal) (G1 Evacuation Pause)
[82.533s][info][gc,task     ] GC(1454) Using 6 workers of 8 for evacuation
[82.536s][info][gc,phases   ] GC(1454)   Pre Evacuate Collection Set: 0.4ms
[82.537s][info][gc,phases   ] GC(1454)   Merge Heap Roots: 0.3ms
[82.537s][info][gc,phases   ] GC(1454)   Evacuate Collection Set: 1.2ms
[82.538s][info][gc,phases   ] GC(1454)   Post Evacuate Collection Set: 1.0ms
[82.542s][info][gc,phases   ] GC(1454)   Other: 0.6ms
[82.544s][info][gc,heap     ] GC(1454) Eden regions: 149->0(150)
[82.545s][info][gc,heap     ] GC(1454) Survivor regions: 4->3(20)
[82.546s][info][gc,heap     ] GC(1454) Old regions: 2->2
[82.546s][info][gc,heap     ] GC(1454) Archive regions: 2->2
[82.547s][info][gc,heap     ] GC(1454) Humongous regions: 0->0
[82.548s][info][gc,metaspace] GC(1454) Metaspace: 615K(832K)->615K(832K) NonClass: 597K(704K)->597K(704K) Class: 17K(128K)->17K(128K)
[82.548s][info][gc          ] GC(1454) Pause Young (Normal) (G1 Evacuation Pause) 154M->5M(256M) 16.245ms
[82.549s][info][gc,cpu      ] GC(1454) User=0.01s Sys=0.00s Real=0.02s
[82.619s][info][gc,start    ] GC(1455) Pause Young (Normal) (G1 Evacuation Pause)
[82.620s][info][gc,task     ] GC(1455) Using 6 workers of 8 for evacuation
[82.629s][info][gc,phases   ] GC(1455)   Pre Evacuate Collection Set: 0.4ms
[82.631s][info][gc,phases   ] GC(1455)   Merge Heap Roots: 0.2ms
[82.632s][info][gc,phases   ] GC(1455)   Evacuate Collection Set: 6.4ms
[82.633s][info][gc,phases   ] GC(1455)   Post Evacuate Collection Set: 1.1ms
[82.633s][info][gc,phases   ] GC(1455)   Other: 0.7ms
[82.634s][info][gc,heap     ] GC(1455) Eden regions: 150->0(149)
[82.634s][info][gc,heap     ] GC(1455) Survivor regions: 3->4(20)
[82.635s][info][gc,heap     ] GC(1455) Old regions: 2->2
[82.635s][info][gc,heap     ] GC(1455) Archive regions: 2->2
[82.636s][info][gc,heap     ] GC(1455) Humongous regions: 0->0
[82.636s][info][gc,metaspace] GC(1455) Metaspace: 615K(832K)->615K(832K) NonClass: 597K(704K)->597K(704K) Class: 17K(128K)->17K(128K)
[82.636s][info][gc          ] GC(1455) Pause Young (Normal) (G1 Evacuation Pause) 155M->6M(256M) 17.390ms
[82.637s][info][gc,cpu      ] GC(1455) User=0.01s Sys=0.01s Real=0.02s
[82.698s][info][gc,start    ] GC(1456) Pause Young (Normal) (G1 Evacuation Pause)
[82.700s][info][gc,task     ] GC(1456) Using 6 workers of 8 for evacuation
[82.704s][info][gc,phases   ] GC(1456)   Pre Evacuate Collection Set: 0.4ms
[82.704s][info][gc,phases   ] GC(1456)   Merge Heap Roots: 0.3ms
[82.705s][info][gc,phases   ] GC(1456)   Evacuate Collection Set: 1.6ms
[82.705s][info][gc,phases   ] GC(1456)   Post Evacuate Collection Set: 0.9ms
[82.705s][info][gc,phases   ] GC(1456)   Other: 0.6ms
[82.706s][info][gc,heap     ] GC(1456) Eden regions: 149->0(149)
[82.707s][info][gc,heap     ] GC(1456) Survivor regions: 4->4(20)
[82.711s][info][gc,heap     ] GC(1456) Old regions: 2->2
[82.712s][info][gc,heap     ] GC(1456) Archive regions: 2->2
[82.713s][info][gc,heap     ] GC(1456) Humongous regions: 0->0
[82.715s][info][gc,metaspace] GC(1456) Metaspace: 615K(832K)->615K(832K) NonClass: 597K(704K)->597K(704K) Class: 17K(128K)->17K(128K)
[82.718s][info][gc          ] GC(1456) Pause Young (Normal) (G1 Evacuation Pause) 155M->5M(256M) 19.072ms
[82.719s][info][gc,cpu      ] GC(1456) User=0.01s Sys=0.00s Real=0.02s
[82.785s][info][gc,start    ] GC(1457) Pause Young (Normal) (G1 Evacuation Pause)
[82.785s][info][gc,task     ] GC(1457) Using 6 workers of 8 for evacuation
[82.789s][info][gc,phases   ] GC(1457)   Pre Evacuate Collection Set: 0.4ms
[82.790s][info][gc,phases   ] GC(1457)   Merge Heap Roots: 0.3ms
[82.791s][info][gc,phases   ] GC(1457)   Evacuate Collection Set: 1.3ms
[82.792s][info][gc,phases   ] GC(1457)   Post Evacuate Collection Set: 1.3ms
[82.793s][info][gc,phases   ] GC(1457)   Other: 0.5ms
[82.793s][info][gc,heap     ] GC(1457) Eden regions: 149->0(150)
[82.794s][info][gc,heap     ] GC(1457) Survivor regions: 4->3(20)
[82.794s][info][gc,heap     ] GC(1457) Old regions: 2->2
[82.794s][info][gc,heap     ] GC(1457) Archive regions: 2->2
[82.795s][info][gc,heap     ] GC(1457) Humongous regions: 0->0
[82.795s][info][gc,metaspace] GC(1457) Metaspace: 615K(832K)->615K(832K) NonClass: 597K(704K)->597K(704K) Class: 17K(128K)->17K(128K)
[82.795s][info][gc          ] GC(1457) Pause Young (Normal) (G1 Evacuation Pause) 154M->5M(256M) 10.916ms
[82.796s][info][gc,cpu      ] GC(1457) User=0.01s Sys=0.00s Real=0.01s
[82.855s][info][gc,start    ] GC(1458) Pause Young (Normal) (G1 Evacuation Pause)
[82.857s][info][gc,task     ] GC(1458) Using 6 workers of 8 for evacuation
[82.865s][info][gc,phases   ] GC(1458)   Pre Evacuate Collection Set: 0.4ms
[82.866s][info][gc,phases   ] GC(1458)   Merge Heap Roots: 0.2ms
[82.866s][info][gc,phases   ] GC(1458)   Evacuate Collection Set: 2.0ms
[82.867s][info][gc,phases   ] GC(1458)   Post Evacuate Collection Set: 1.0ms
[82.867s][info][gc,phases   ] GC(1458)   Other: 4.5ms
[82.868s][info][gc,heap     ] GC(1458) Eden regions: 150->0(149)
[82.868s][info][gc,heap     ] GC(1458) Survivor regions: 3->4(20)
[82.868s][info][gc,heap     ] GC(1458) Old regions: 2->2
[82.869s][info][gc,heap     ] GC(1458) Archive regions: 2->2
[82.869s][info][gc,heap     ] GC(1458) Humongous regions: 0->0
[82.869s][info][gc,metaspace] GC(1458) Metaspace: 615K(832K)->615K(832K) NonClass: 597K(704K)->597K(704K) Class: 17K(128K)->17K(128K)
[82.870s][info][gc          ] GC(1458) Pause Young (Normal) (G1 Evacuation Pause) 155M->6M(256M) 14.874ms
[82.870s][info][gc,cpu      ] GC(1458) User=0.01s Sys=0.00s Real=0.02s
[82.929s][info][gc,start    ] GC(1459) Pause Young (Normal) (G1 Evacuation Pause)
[82.930s][info][gc,task     ] GC(1459) Using 6 workers of 8 for evacuation
[82.933s][info][gc,phases   ] GC(1459)   Pre Evacuate Collection Set: 0.3ms
[82.934s][info][gc,phases   ] GC(1459)   Merge Heap Roots: 0.2ms
[82.934s][info][gc,phases   ] GC(1459)   Evacuate Collection Set: 1.4ms
[82.935s][info][gc,phases   ] GC(1459)   Post Evacuate Collection Set: 1.0ms
[82.935s][info][gc,phases   ] GC(1459)   Other: 0.5ms
[82.935s][info][gc,heap     ] GC(1459) Eden regions: 149->0(149)
[82.936s][info][gc,heap     ] GC(1459) Survivor regions: 4->4(20)
[82.936s][info][gc,heap     ] GC(1459) Old regions: 2->2
[82.936s][info][gc,heap     ] GC(1459) Archive regions: 2->2
[82.937s][info][gc,heap     ] GC(1459) Humongous regions: 0->0
[82.937s][info][gc,metaspace] GC(1459) Metaspace: 615K(832K)->615K(832K) NonClass: 597K(704K)->597K(704K) Class: 17K(128K)->17K(128K)
[82.937s][info][gc          ] GC(1459) Pause Young (Normal) (G1 Evacuation Pause) 155M->5M(256M) 7.764ms
[82.938s][info][gc,cpu      ] GC(1459) User=0.00s Sys=0.00s Real=0.01s
[83.000s][info][gc,start    ] GC(1460) Pause Young (Normal) (G1 Evacuation Pause)
[83.000s][info][gc,task     ] GC(1460) Using 6 workers of 8 for evacuation
[83.003s][info][gc,phases   ] GC(1460)   Pre Evacuate Collection Set: 0.3ms
[83.004s][info][gc,phases   ] GC(1460)   Merge Heap Roots: 0.3ms
[83.004s][info][gc,phases   ] GC(1460)   Evacuate Collection Set: 1.1ms
[83.004s][info][gc,phases   ] GC(1460)   Post Evacuate Collection Set: 0.9ms
[83.004s][info][gc,phases   ] GC(1460)   Other: 0.4ms
[83.005s][info][gc,heap     ] GC(1460) Eden regions: 149->0(149)
[83.005s][info][gc,heap     ] GC(1460) Survivor regions: 4->4(20)
[83.006s][info][gc,heap     ] GC(1460) Old regions: 2->2
[83.007s][info][gc,heap     ] GC(1460) Archive regions: 2->2
[83.008s][info][gc,heap     ] GC(1460) Humongous regions: 0->0
[83.010s][info][gc,metaspace] GC(1460) Metaspace: 615K(832K)->615K(832K) NonClass: 597K(704K)->597K(704K) Class: 17K(128K)->17K(128K)
[83.011s][info][gc          ] GC(1460) Pause Young (Normal) (G1 Evacuation Pause) 154M->5M(256M) 10.876ms
[83.011s][info][gc,cpu      ] GC(1460) User=0.00s Sys=0.00s Real=0.01s
[83.080s][info][gc,start    ] GC(1461) Pause Young (Normal) (G1 Evacuation Pause)
[83.081s][info][gc,task     ] GC(1461) Using 6 workers of 8 for evacuation
[83.084s][info][gc,phases   ] GC(1461)   Pre Evacuate Collection Set: 0.3ms
[83.084s][info][gc,phases   ] GC(1461)   Merge Heap Roots: 0.3ms
[83.085s][info][gc,phases   ] GC(1461)   Evacuate Collection Set: 1.1ms
[83.085s][info][gc,phases   ] GC(1461)   Post Evacuate Collection Set: 0.8ms
[83.085s][info][gc,phases   ] GC(1461)   Other: 0.5ms
[83.086s][info][gc,heap     ] GC(1461) Eden regions: 149->0(150)
[83.086s][info][gc,heap     ] GC(1461) Survivor regions: 4->3(20)
[83.087s][info][gc,heap     ] GC(1461) Old regions: 2->2
[83.087s][info][gc,heap     ] GC(1461) Archive regions: 2->2
[83.087s][info][gc,heap     ] GC(1461) Humongous regions: 0->0
[83.088s][info][gc,metaspace] GC(1461) Metaspace: 615K(832K)->615K(832K) NonClass: 597K(704K)->597K(704K) Class: 17K(128K)->17K(128K)
[83.088s][info][gc          ] GC(1461) Pause Young (Normal) (G1 Evacuation Pause) 154M->5M(256M) 7.899ms
[83.089s][info][gc,cpu      ] GC(1461) User=0.01s Sys=0.00s Real=0.01s
[83.147s][info][gc,start    ] GC(1462) Pause Young (Normal) (G1 Evacuation Pause)
[83.147s][info][gc,task     ] GC(1462) Using 6 workers of 8 for evacuation
[83.150s][info][gc,phases   ] GC(1462)   Pre Evacuate Collection Set: 0.3ms
[83.151s][info][gc,phases   ] GC(1462)   Merge Heap Roots: 0.2ms
[83.151s][info][gc,phases   ] GC(1462)   Evacuate Collection Set: 1.1ms
[83.151s][info][gc,phases   ] GC(1462)   Post Evacuate Collection Set: 0.7ms
[83.152s][info][gc,phases   ] GC(1462)   Other: 0.4ms
[83.152s][info][gc,heap     ] GC(1462) Eden regions: 150->0(149)
[83.152s][info][gc,heap     ] GC(1462) Survivor regions: 3->4(20)
[83.153s][info][gc,heap     ] GC(1462) Old regions: 2->2
[83.153s][info][gc,heap     ] GC(1462) Archive regions: 2->2
[83.153s][info][gc,heap     ] GC(1462) Humongous regions: 0->0
[83.154s][info][gc,metaspace] GC(1462) Metaspace: 615K(832K)->615K(832K) NonClass: 597K(704K)->597K(704K) Class: 17K(128K)->17K(128K)
[83.154s][info][gc          ] GC(1462) Pause Young (Normal) (G1 Evacuation Pause) 155M->6M(256M) 7.494ms
[83.155s][info][gc,cpu      ] GC(1462) User=0.00s Sys=0.00s Real=0.00s
[83.205s][info][gc,start    ] GC(1463) Pause Young (Normal) (G1 Evacuation Pause)
[83.206s][info][gc,task     ] GC(1463) Using 6 workers of 8 for evacuation
[83.211s][info][gc,phases   ] GC(1463)   Pre Evacuate Collection Set: 0.5ms
[83.212s][info][gc,phases   ] GC(1463)   Merge Heap Roots: 0.3ms
[83.212s][info][gc,phases   ] GC(1463)   Evacuate Collection Set: 1.7ms
[83.212s][info][gc,phases   ] GC(1463)   Post Evacuate Collection Set: 1.0ms
[83.213s][info][gc,phases   ] GC(1463)   Other: 1.2ms
[83.213s][info][gc,heap     ] GC(1463) Eden regions: 149->0(149)
[83.214s][info][gc,heap     ] GC(1463) Survivor regions: 4->4(20)
[83.214s][info][gc,heap     ] GC(1463) Old regions: 2->2
[83.215s][info][gc,heap     ] GC(1463) Archive regions: 2->2
[83.216s][info][gc,heap     ] GC(1463) Humongous regions: 0->0
[83.216s][info][gc,metaspace] GC(1463) Metaspace: 615K(832K)->615K(832K) NonClass: 597K(704K)->597K(704K) Class: 17K(128K)->17K(128K)
[83.216s][info][gc          ] GC(1463) Pause Young (Normal) (G1 Evacuation Pause) 155M->5M(256M) 11.129ms
[83.217s][info][gc,cpu      ] GC(1463) User=0.02s Sys=0.00s Real=0.02s
[83.272s][info][gc,start    ] GC(1464) Pause Young (Normal) (G1 Evacuation Pause)
[83.272s][info][gc,task     ] GC(1464) Using 6 workers of 8 for evacuation
[83.278s][info][gc,phases   ] GC(1464)   Pre Evacuate Collection Set: 0.6ms
[83.278s][info][gc,phases   ] GC(1464)   Merge Heap Roots: 0.5ms
[83.279s][info][gc,phases   ] GC(1464)   Evacuate Collection Set: 2.1ms
[83.279s][info][gc,phases   ] GC(1464)   Post Evacuate Collection Set: 1.0ms
[83.279s][info][gc,phases   ] GC(1464)   Other: 1.1ms
[83.280s][info][gc,heap     ] GC(1464) Eden regions: 149->0(150)
[83.280s][info][gc,heap     ] GC(1464) Survivor regions: 4->3(20)
[83.281s][info][gc,heap     ] GC(1464) Old regions: 2->2
[83.282s][info][gc,heap     ] GC(1464) Archive regions: 2->2
[83.282s][info][gc,heap     ] GC(1464) Humongous regions: 0->0
[83.282s][info][gc,metaspace] GC(1464) Metaspace: 615K(832K)->615K(832K) NonClass: 597K(704K)->597K(704K) Class: 17K(128K)->17K(128K)
[83.283s][info][gc          ] GC(1464) Pause Young (Normal) (G1 Evacuation Pause) 154M->5M(256M) 11.092ms
[83.283s][info][gc,cpu      ] GC(1464) User=0.00s Sys=0.01s Real=0.01s
[83.330s][info][gc,start    ] GC(1465) Pause Young (Normal) (G1 Evacuation Pause)
[83.331s][info][gc,task     ] GC(1465) Using 6 workers of 8 for evacuation
[83.334s][info][gc,phases   ] GC(1465)   Pre Evacuate Collection Set: 0.3ms
[83.335s][info][gc,phases   ] GC(1465)   Merge Heap Roots: 0.3ms
[83.335s][info][gc,phases   ] GC(1465)   Evacuate Collection Set: 1.4ms
[83.336s][info][gc,phases   ] GC(1465)   Post Evacuate Collection Set: 0.9ms
[83.336s][info][gc,phases   ] GC(1465)   Other: 0.6ms
[83.336s][info][gc,heap     ] GC(1465) Eden regions: 150->0(149)
[83.337s][info][gc,heap     ] GC(1465) Survivor regions: 3->4(20)
[83.337s][info][gc,heap     ] GC(1465) Old regions: 2->2
[83.337s][info][gc,heap     ] GC(1465) Archive regions: 2->2
[83.338s][info][gc,heap     ] GC(1465) Humongous regions: 0->0
[83.338s][info][gc,metaspace] GC(1465) Metaspace: 615K(832K)->615K(832K) NonClass: 597K(704K)->597K(704K) Class: 17K(128K)->17K(128K)
[83.340s][info][gc          ] GC(1465) Pause Young (Normal) (G1 Evacuation Pause) 155M->6M(256M) 9.691ms
[83.341s][info][gc,cpu      ] GC(1465) User=0.01s Sys=0.01s Real=0.01s
[83.388s][info][gc,start    ] GC(1466) Pause Young (Normal) (G1 Evacuation Pause)
[83.388s][info][gc,task     ] GC(1466) Using 6 workers of 8 for evacuation
[83.395s][info][gc,phases   ] GC(1466)   Pre Evacuate Collection Set: 0.6ms
[83.395s][info][gc,phases   ] GC(1466)   Merge Heap Roots: 0.6ms
[83.396s][info][gc,phases   ] GC(1466)   Evacuate Collection Set: 3.4ms
[83.396s][info][gc,phases   ] GC(1466)   Post Evacuate Collection Set: 1.0ms
[83.397s][info][gc,phases   ] GC(1466)   Other: 0.7ms
[83.398s][info][gc,heap     ] GC(1466) Eden regions: 149->0(149)
[83.398s][info][gc,heap     ] GC(1466) Survivor regions: 4->4(20)
[83.398s][info][gc,heap     ] GC(1466) Old regions: 2->2
[83.399s][info][gc,heap     ] GC(1466) Archive regions: 2->2
[83.399s][info][gc,heap     ] GC(1466) Humongous regions: 0->0
[83.400s][info][gc,metaspace] GC(1466) Metaspace: 615K(832K)->615K(832K) NonClass: 597K(704K)->597K(704K) Class: 17K(128K)->17K(128K)
[83.400s][info][gc          ] GC(1466) Pause Young (Normal) (G1 Evacuation Pause) 155M->6M(256M) 12.173ms
[83.401s][info][gc,cpu      ] GC(1466) User=0.01s Sys=0.01s Real=0.01s
[83.467s][info][gc,start    ] GC(1467) Pause Young (Normal) (G1 Evacuation Pause)
[83.468s][info][gc,task     ] GC(1467) Using 6 workers of 8 for evacuation
[83.473s][info][gc,phases   ] GC(1467)   Pre Evacuate Collection Set: 0.3ms
[83.475s][info][gc,phases   ] GC(1467)   Merge Heap Roots: 0.3ms
[83.477s][info][gc,phases   ] GC(1467)   Evacuate Collection Set: 2.5ms
[83.479s][info][gc,phases   ] GC(1467)   Post Evacuate Collection Set: 1.5ms
[83.480s][info][gc,phases   ] GC(1467)   Other: 0.6ms
[83.481s][info][gc,heap     ] GC(1467) Eden regions: 149->0(149)
[83.482s][info][gc,heap     ] GC(1467) Survivor regions: 4->4(20)
[83.483s][info][gc,heap     ] GC(1467) Old regions: 2->2
[83.484s][info][gc,heap     ] GC(1467) Archive regions: 2->2
[83.485s][info][gc,heap     ] GC(1467) Humongous regions: 0->0
[83.486s][info][gc,metaspace] GC(1467) Metaspace: 615K(832K)->615K(832K) NonClass: 597K(704K)->597K(704K) Class: 17K(128K)->17K(128K)
[83.486s][info][gc          ] GC(1467) Pause Young (Normal) (G1 Evacuation Pause) 155M->5M(256M) 19.313ms
[83.487s][info][gc,cpu      ] GC(1467) User=0.01s Sys=0.00s Real=0.02s
[83.549s][info][gc,start    ] GC(1468) Pause Young (Normal) (G1 Evacuation Pause)
[83.550s][info][gc,task     ] GC(1468) Using 6 workers of 8 for evacuation
[83.554s][info][gc,phases   ] GC(1468)   Pre Evacuate Collection Set: 0.4ms
[83.554s][info][gc,phases   ] GC(1468)   Merge Heap Roots: 0.4ms
[83.555s][info][gc,phases   ] GC(1468)   Evacuate Collection Set: 1.3ms
[83.555s][info][gc,phases   ] GC(1468)   Post Evacuate Collection Set: 0.9ms
[83.556s][info][gc,phases   ] GC(1468)   Other: 0.7ms
[83.558s][info][gc,heap     ] GC(1468) Eden regions: 149->0(150)
[83.559s][info][gc,heap     ] GC(1468) Survivor regions: 4->3(20)
[83.560s][info][gc,heap     ] GC(1468) Old regions: 2->2
[83.561s][info][gc,heap     ] GC(1468) Archive regions: 2->2
[83.561s][info][gc,heap     ] GC(1468) Humongous regions: 0->0
[83.562s][info][gc,metaspace] GC(1468) Metaspace: 615K(832K)->615K(832K) NonClass: 597K(704K)->597K(704K) Class: 17K(128K)->17K(128K)
[83.562s][info][gc          ] GC(1468) Pause Young (Normal) (G1 Evacuation Pause) 154M->5M(256M) 13.176ms
[83.563s][info][gc,cpu      ] GC(1468) User=0.00s Sys=0.00s Real=0.01s
[83.614s][info][gc,start    ] GC(1469) Pause Young (Normal) (G1 Evacuation Pause)
[83.615s][info][gc,task     ] GC(1469) Using 6 workers of 8 for evacuation
[83.618s][info][gc,phases   ] GC(1469)   Pre Evacuate Collection Set: 0.3ms
[83.619s][info][gc,phases   ] GC(1469)   Merge Heap Roots: 0.3ms
[83.619s][info][gc,phases   ] GC(1469)   Evacuate Collection Set: 1.1ms
[83.620s][info][gc,phases   ] GC(1469)   Post Evacuate Collection Set: 1.1ms
[83.620s][info][gc,phases   ] GC(1469)   Other: 0.7ms
[83.620s][info][gc,heap     ] GC(1469) Eden regions: 150->0(149)
[83.621s][info][gc,heap     ] GC(1469) Survivor regions: 3->4(20)
[83.621s][info][gc,heap     ] GC(1469) Old regions: 2->2
[83.622s][info][gc,heap     ] GC(1469) Archive regions: 2->2
[83.622s][info][gc,heap     ] GC(1469) Humongous regions: 0->0
[83.623s][info][gc,metaspace] GC(1469) Metaspace: 615K(832K)->615K(832K) NonClass: 597K(704K)->597K(704K) Class: 17K(128K)->17K(128K)
[83.624s][info][gc          ] GC(1469) Pause Young (Normal) (G1 Evacuation Pause) 155M->6M(256M) 9.712ms
[83.625s][info][gc,cpu      ] GC(1469) User=0.01s Sys=0.00s Real=0.01s
[83.696s][info][gc,start    ] GC(1470) Pause Young (Normal) (G1 Evacuation Pause)
[83.697s][info][gc,task     ] GC(1470) Using 6 workers of 8 for evacuation
[83.702s][info][gc,phases   ] GC(1470)   Pre Evacuate Collection Set: 0.8ms
[83.702s][info][gc,phases   ] GC(1470)   Merge Heap Roots: 0.3ms
[83.703s][info][gc,phases   ] GC(1470)   Evacuate Collection Set: 1.0ms
[83.703s][info][gc,phases   ] GC(1470)   Post Evacuate Collection Set: 1.1ms
[83.704s][info][gc,phases   ] GC(1470)   Other: 1.5ms
[83.704s][info][gc,heap     ] GC(1470) Eden regions: 149->0(149)
[83.704s][info][gc,heap     ] GC(1470) Survivor regions: 4->4(20)
[83.705s][info][gc,heap     ] GC(1470) Old regions: 2->2
[83.705s][info][gc,heap     ] GC(1470) Archive regions: 2->2
[83.707s][info][gc,heap     ] GC(1470) Humongous regions: 0->0
[83.708s][info][gc,metaspace] GC(1470) Metaspace: 615K(832K)->615K(832K) NonClass: 597K(704K)->597K(704K) Class: 17K(128K)->17K(128K)
[83.714s][info][gc          ] GC(1470) Pause Young (Normal) (G1 Evacuation Pause) 155M->5M(256M) 18.304ms
[83.715s][info][gc,cpu      ] GC(1470) User=0.01s Sys=0.01s Real=0.02s
[83.811s][info][gc,start    ] GC(1471) Pause Young (Normal) (G1 Evacuation Pause)
[83.813s][info][gc,task     ] GC(1471) Using 6 workers of 8 for evacuation
[83.818s][info][gc,phases   ] GC(1471)   Pre Evacuate Collection Set: 0.5ms
[83.819s][info][gc,phases   ] GC(1471)   Merge Heap Roots: 0.4ms
[83.819s][info][gc,phases   ] GC(1471)   Evacuate Collection Set: 2.2ms
[83.820s][info][gc,phases   ] GC(1471)   Post Evacuate Collection Set: 1.1ms
[83.820s][info][gc,phases   ] GC(1471)   Other: 1.1ms
[83.821s][info][gc,heap     ] GC(1471) Eden regions: 149->0(150)
[83.822s][info][gc,heap     ] GC(1471) Survivor regions: 4->3(20)
[83.823s][info][gc,heap     ] GC(1471) Old regions: 2->2
[83.824s][info][gc,heap     ] GC(1471) Archive regions: 2->2
[83.825s][info][gc,heap     ] GC(1471) Humongous regions: 0->0
[83.826s][info][gc,metaspace] GC(1471) Metaspace: 615K(832K)->615K(832K) NonClass: 597K(704K)->597K(704K) Class: 17K(128K)->17K(128K)
[83.828s][info][gc          ] GC(1471) Pause Young (Normal) (G1 Evacuation Pause) 154M->5M(256M) 16.782ms
[83.829s][info][gc,cpu      ] GC(1471) User=0.02s Sys=0.00s Real=0.02s
[83.927s][info][gc,start    ] GC(1472) Pause Young (Normal) (G1 Evacuation Pause)
[83.929s][info][gc,task     ] GC(1472) Using 6 workers of 8 for evacuation
[83.934s][info][gc,phases   ] GC(1472)   Pre Evacuate Collection Set: 0.5ms
[83.935s][info][gc,phases   ] GC(1472)   Merge Heap Roots: 0.3ms
[83.936s][info][gc,phases   ] GC(1472)   Evacuate Collection Set: 2.7ms
[83.936s][info][gc,phases   ] GC(1472)   Post Evacuate Collection Set: 1.3ms
[83.937s][info][gc,phases   ] GC(1472)   Other: 0.7ms
[83.938s][info][gc,heap     ] GC(1472) Eden regions: 150->0(149)
[83.938s][info][gc,heap     ] GC(1472) Survivor regions: 3->4(20)
[83.940s][info][gc,heap     ] GC(1472) Old regions: 2->2
[83.942s][info][gc,heap     ] GC(1472) Archive regions: 2->2
[83.943s][info][gc,heap     ] GC(1472) Humongous regions: 0->0
[83.943s][info][gc,metaspace] GC(1472) Metaspace: 615K(832K)->615K(832K) NonClass: 597K(704K)->597K(704K) Class: 17K(128K)->17K(128K)
[83.945s][info][gc          ] GC(1472) Pause Young (Normal) (G1 Evacuation Pause) 155M->6M(256M) 17.520ms
[83.946s][info][gc,cpu      ] GC(1472) User=0.01s Sys=0.00s Real=0.01s
[84.025s][info][gc,start    ] GC(1473) Pause Young (Normal) (G1 Evacuation Pause)
[84.026s][info][gc,task     ] GC(1473) Using 6 workers of 8 for evacuation
[84.031s][info][gc,phases   ] GC(1473)   Pre Evacuate Collection Set: 0.6ms
[84.032s][info][gc,phases   ] GC(1473)   Merge Heap Roots: 0.3ms
[84.032s][info][gc,phases   ] GC(1473)   Evacuate Collection Set: 1.9ms
[84.032s][info][gc,phases   ] GC(1473)   Post Evacuate Collection Set: 1.1ms
[84.033s][info][gc,phases   ] GC(1473)   Other: 1.0ms
[84.033s][info][gc,heap     ] GC(1473) Eden regions: 149->0(149)
[84.033s][info][gc,heap     ] GC(1473) Survivor regions: 4->4(20)
[84.034s][info][gc,heap     ] GC(1473) Old regions: 2->2
[84.034s][info][gc,heap     ] GC(1473) Archive regions: 2->2
[84.035s][info][gc,heap     ] GC(1473) Humongous regions: 0->0
[84.035s][info][gc,metaspace] GC(1473) Metaspace: 615K(832K)->615K(832K) NonClass: 597K(704K)->597K(704K) Class: 17K(128K)->17K(128K)
[84.035s][info][gc          ] GC(1473) Pause Young (Normal) (G1 Evacuation Pause) 155M->5M(256M) 10.239ms
[84.036s][info][gc,cpu      ] GC(1473) User=0.01s Sys=0.01s Real=0.01s
[84.102s][info][gc,start    ] GC(1474) Pause Young (Normal) (G1 Evacuation Pause)
[84.103s][info][gc,task     ] GC(1474) Using 6 workers of 8 for evacuation
[84.107s][info][gc,phases   ] GC(1474)   Pre Evacuate Collection Set: 0.3ms
[84.107s][info][gc,phases   ] GC(1474)   Merge Heap Roots: 0.3ms
[84.108s][info][gc,phases   ] GC(1474)   Evacuate Collection Set: 1.1ms
[84.109s][info][gc,phases   ] GC(1474)   Post Evacuate Collection Set: 1.6ms
[84.110s][info][gc,phases   ] GC(1474)   Other: 0.6ms
[84.110s][info][gc,heap     ] GC(1474) Eden regions: 149->0(149)
[84.111s][info][gc,heap     ] GC(1474) Survivor regions: 4->4(20)
[84.111s][info][gc,heap     ] GC(1474) Old regions: 2->2
[84.112s][info][gc,heap     ] GC(1474) Archive regions: 2->2
[84.113s][info][gc,heap     ] GC(1474) Humongous regions: 0->0
[84.113s][info][gc,metaspace] GC(1474) Metaspace: 615K(832K)->615K(832K) NonClass: 597K(704K)->597K(704K) Class: 17K(128K)->17K(128K)
[84.113s][info][gc          ] GC(1474) Pause Young (Normal) (G1 Evacuation Pause) 154M->5M(256M) 11.059ms
[84.113s][info][gc,cpu      ] GC(1474) User=0.00s Sys=0.01s Real=0.01s
[84.160s][info][gc,start    ] GC(1475) Pause Young (Normal) (G1 Evacuation Pause)
[84.160s][info][gc,task     ] GC(1475) Using 6 workers of 8 for evacuation
[84.164s][info][gc,phases   ] GC(1475)   Pre Evacuate Collection Set: 0.3ms
[84.164s][info][gc,phases   ] GC(1475)   Merge Heap Roots: 0.3ms
[84.164s][info][gc,phases   ] GC(1475)   Evacuate Collection Set: 1.3ms
[84.165s][info][gc,phases   ] GC(1475)   Post Evacuate Collection Set: 0.9ms
[84.165s][info][gc,phases   ] GC(1475)   Other: 0.6ms
[84.166s][info][gc,heap     ] GC(1475) Eden regions: 149->0(150)
[84.166s][info][gc,heap     ] GC(1475) Survivor regions: 4->3(20)
[84.166s][info][gc,heap     ] GC(1475) Old regions: 2->2
[84.167s][info][gc,heap     ] GC(1475) Archive regions: 2->2
[84.167s][info][gc,heap     ] GC(1475) Humongous regions: 0->0
[84.167s][info][gc,metaspace] GC(1475) Metaspace: 615K(832K)->615K(832K) NonClass: 597K(704K)->597K(704K) Class: 17K(128K)->17K(128K)
[84.186s][info][gc          ] GC(1475) Pause Young (Normal) (G1 Evacuation Pause) 154M->5M(256M) 26.117ms
[84.203s][info][gc,cpu      ] GC(1475) User=0.01s Sys=0.00s Real=0.04s
[84.270s][info][gc,start    ] GC(1476) Pause Young (Normal) (G1 Evacuation Pause)
[84.271s][info][gc,task     ] GC(1476) Using 6 workers of 8 for evacuation
[84.287s][info][gc,phases   ] GC(1476)   Pre Evacuate Collection Set: 0.3ms
[84.290s][info][gc,phases   ] GC(1476)   Merge Heap Roots: 0.3ms
[84.293s][info][gc,phases   ] GC(1476)   Evacuate Collection Set: 13.6ms
[84.293s][info][gc,phases   ] GC(1476)   Post Evacuate Collection Set: 0.9ms
[84.294s][info][gc,phases   ] GC(1476)   Other: 0.6ms
[84.294s][info][gc,heap     ] GC(1476) Eden regions: 150->0(149)
[84.294s][info][gc,heap     ] GC(1476) Survivor regions: 3->4(20)
[84.295s][info][gc,heap     ] GC(1476) Old regions: 2->2
[84.295s][info][gc,heap     ] GC(1476) Archive regions: 2->2
[84.295s][info][gc,heap     ] GC(1476) Humongous regions: 0->0
[84.296s][info][gc,metaspace] GC(1476) Metaspace: 615K(832K)->615K(832K) NonClass: 597K(704K)->597K(704K) Class: 17K(128K)->17K(128K)
[84.296s][info][gc          ] GC(1476) Pause Young (Normal) (G1 Evacuation Pause) 155M->6M(256M) 25.629ms
[84.297s][info][gc,cpu      ] GC(1476) User=0.03s Sys=0.01s Real=0.02s
[84.343s][info][gc,start    ] GC(1477) Pause Young (Normal) (G1 Evacuation Pause)
[84.344s][info][gc,task     ] GC(1477) Using 6 workers of 8 for evacuation
[84.347s][info][gc,phases   ] GC(1477)   Pre Evacuate Collection Set: 0.3ms
[84.348s][info][gc,phases   ] GC(1477)   Merge Heap Roots: 0.3ms
[84.348s][info][gc,phases   ] GC(1477)   Evacuate Collection Set: 1.4ms
[84.349s][info][gc,phases   ] GC(1477)   Post Evacuate Collection Set: 1.0ms
[84.349s][info][gc,phases   ] GC(1477)   Other: 0.6ms
[84.349s][info][gc,heap     ] GC(1477) Eden regions: 149->0(149)
[84.350s][info][gc,heap     ] GC(1477) Survivor regions: 4->4(20)
[84.350s][info][gc,heap     ] GC(1477) Old regions: 2->2
[84.350s][info][gc,heap     ] GC(1477) Archive regions: 2->2
[84.351s][info][gc,heap     ] GC(1477) Humongous regions: 0->0
[84.351s][info][gc,metaspace] GC(1477) Metaspace: 615K(832K)->615K(832K) NonClass: 597K(704K)->597K(704K) Class: 17K(128K)->17K(128K)
[84.352s][info][gc          ] GC(1477) Pause Young (Normal) (G1 Evacuation Pause) 155M->5M(256M) 8.861ms
[84.352s][info][gc,cpu      ] GC(1477) User=0.00s Sys=0.01s Real=0.01s
[84.403s][info][gc,start    ] GC(1478) Pause Young (Normal) (G1 Evacuation Pause)
[84.403s][info][gc,task     ] GC(1478) Using 6 workers of 8 for evacuation
[84.407s][info][gc,phases   ] GC(1478)   Pre Evacuate Collection Set: 0.3ms
[84.409s][info][gc,phases   ] GC(1478)   Merge Heap Roots: 0.2ms
[84.409s][info][gc,phases   ] GC(1478)   Evacuate Collection Set: 1.1ms
[84.410s][info][gc,phases   ] GC(1478)   Post Evacuate Collection Set: 1.6ms
[84.411s][info][gc,phases   ] GC(1478)   Other: 0.5ms
[84.411s][info][gc,heap     ] GC(1478) Eden regions: 149->0(149)
[84.412s][info][gc,heap     ] GC(1478) Survivor regions: 4->4(20)
[84.412s][info][gc,heap     ] GC(1478) Old regions: 2->2
[84.412s][info][gc,heap     ] GC(1478) Archive regions: 2->2
[84.413s][info][gc,heap     ] GC(1478) Humongous regions: 0->0
[84.413s][info][gc,metaspace] GC(1478) Metaspace: 615K(832K)->615K(832K) NonClass: 597K(704K)->597K(704K) Class: 17K(128K)->17K(128K)
[84.414s][info][gc          ] GC(1478) Pause Young (Normal) (G1 Evacuation Pause) 154M->5M(256M) 10.589ms
[84.414s][info][gc,cpu      ] GC(1478) User=0.00s Sys=0.01s Real=0.01s
[84.465s][info][gc,start    ] GC(1479) Pause Young (Normal) (G1 Evacuation Pause)
[84.466s][info][gc,task     ] GC(1479) Using 6 workers of 8 for evacuation
[84.469s][info][gc,phases   ] GC(1479)   Pre Evacuate Collection Set: 0.4ms
[84.469s][info][gc,phases   ] GC(1479)   Merge Heap Roots: 0.2ms
[84.469s][info][gc,phases   ] GC(1479)   Evacuate Collection Set: 0.8ms
[84.470s][info][gc,phases   ] GC(1479)   Post Evacuate Collection Set: 0.9ms
[84.470s][info][gc,phases   ] GC(1479)   Other: 0.5ms
[84.470s][info][gc,heap     ] GC(1479) Eden regions: 149->0(150)
[84.471s][info][gc,heap     ] GC(1479) Survivor regions: 4->3(20)
[84.471s][info][gc,heap     ] GC(1479) Old regions: 2->2
[84.472s][info][gc,heap     ] GC(1479) Archive regions: 2->2
[84.472s][info][gc,heap     ] GC(1479) Humongous regions: 0->0
[84.473s][info][gc,metaspace] GC(1479) Metaspace: 615K(832K)->615K(832K) NonClass: 597K(704K)->597K(704K) Class: 17K(128K)->17K(128K)
[84.474s][info][gc          ] GC(1479) Pause Young (Normal) (G1 Evacuation Pause) 154M->5M(256M) 8.430ms
[84.475s][info][gc,cpu      ] GC(1479) User=0.00s Sys=0.00s Real=0.01s
[84.531s][info][gc,start    ] GC(1480) Pause Young (Normal) (G1 Evacuation Pause)
[84.531s][info][gc,task     ] GC(1480) Using 6 workers of 8 for evacuation
[84.534s][info][gc,phases   ] GC(1480)   Pre Evacuate Collection Set: 0.3ms
[84.535s][info][gc,phases   ] GC(1480)   Merge Heap Roots: 0.3ms
[84.535s][info][gc,phases   ] GC(1480)   Evacuate Collection Set: 1.2ms
[84.536s][info][gc,phases   ] GC(1480)   Post Evacuate Collection Set: 0.9ms
[84.536s][info][gc,phases   ] GC(1480)   Other: 0.5ms
[84.537s][info][gc,heap     ] GC(1480) Eden regions: 150->0(149)
[84.537s][info][gc,heap     ] GC(1480) Survivor regions: 3->4(20)
[84.537s][info][gc,heap     ] GC(1480) Old regions: 2->2
[84.538s][info][gc,heap     ] GC(1480) Archive regions: 2->2
[84.538s][info][gc,heap     ] GC(1480) Humongous regions: 0->0
[84.539s][info][gc,metaspace] GC(1480) Metaspace: 615K(832K)->615K(832K) NonClass: 597K(704K)->597K(704K) Class: 17K(128K)->17K(128K)
[84.542s][info][gc          ] GC(1480) Pause Young (Normal) (G1 Evacuation Pause) 155M->6M(256M) 10.697ms
[84.543s][info][gc,cpu      ] GC(1480) User=0.01s Sys=0.00s Real=0.01s
[84.593s][info][gc,start    ] GC(1481) Pause Young (Normal) (G1 Evacuation Pause)
[84.594s][info][gc,task     ] GC(1481) Using 6 workers of 8 for evacuation
[84.598s][info][gc,phases   ] GC(1481)   Pre Evacuate Collection Set: 0.3ms
[84.598s][info][gc,phases   ] GC(1481)   Merge Heap Roots: 0.3ms
[84.599s][info][gc,phases   ] GC(1481)   Evacuate Collection Set: 1.3ms
[84.599s][info][gc,phases   ] GC(1481)   Post Evacuate Collection Set: 0.9ms
[84.600s][info][gc,phases   ] GC(1481)   Other: 0.8ms
[84.600s][info][gc,heap     ] GC(1481) Eden regions: 149->0(149)
[84.600s][info][gc,heap     ] GC(1481) Survivor regions: 4->4(20)
[84.601s][info][gc,heap     ] GC(1481) Old regions: 2->2
[84.601s][info][gc,heap     ] GC(1481) Archive regions: 2->2
[84.602s][info][gc,heap     ] GC(1481) Humongous regions: 0->0
[84.602s][info][gc,metaspace] GC(1481) Metaspace: 615K(832K)->615K(832K) NonClass: 597K(704K)->597K(704K) Class: 17K(128K)->17K(128K)
[84.603s][info][gc          ] GC(1481) Pause Young (Normal) (G1 Evacuation Pause) 155M->5M(256M) 9.671ms
[84.603s][info][gc,cpu      ] GC(1481) User=0.01s Sys=0.00s Real=0.01s
[84.668s][info][gc,start    ] GC(1482) Pause Young (Normal) (G1 Evacuation Pause)
[84.668s][info][gc,task     ] GC(1482) Using 6 workers of 8 for evacuation
[84.671s][info][gc,phases   ] GC(1482)   Pre Evacuate Collection Set: 0.2ms
[84.672s][info][gc,phases   ] GC(1482)   Merge Heap Roots: 0.2ms
[84.673s][info][gc,phases   ] GC(1482)   Evacuate Collection Set: 1.0ms
[84.675s][info][gc,phases   ] GC(1482)   Post Evacuate Collection Set: 0.8ms
[84.677s][info][gc,phases   ] GC(1482)   Other: 0.4ms
[84.677s][info][gc,heap     ] GC(1482) Eden regions: 149->0(150)
[84.677s][info][gc,heap     ] GC(1482) Survivor regions: 4->3(20)
[84.678s][info][gc,heap     ] GC(1482) Old regions: 2->2
[84.678s][info][gc,heap     ] GC(1482) Archive regions: 2->2
[84.678s][info][gc,heap     ] GC(1482) Humongous regions: 0->0
[84.679s][info][gc,metaspace] GC(1482) Metaspace: 615K(832K)->615K(832K) NonClass: 597K(704K)->597K(704K) Class: 17K(128K)->17K(128K)
[84.679s][info][gc          ] GC(1482) Pause Young (Normal) (G1 Evacuation Pause) 154M->5M(256M) 11.594ms
[84.680s][info][gc,cpu      ] GC(1482) User=0.01s Sys=0.00s Real=0.01s
[84.737s][info][gc,start    ] GC(1483) Pause Young (Normal) (G1 Evacuation Pause)
[84.737s][info][gc,task     ] GC(1483) Using 6 workers of 8 for evacuation
[84.744s][info][gc,phases   ] GC(1483)   Pre Evacuate Collection Set: 0.3ms
[84.745s][info][gc,phases   ] GC(1483)   Merge Heap Roots: 0.2ms
[84.745s][info][gc,phases   ] GC(1483)   Evacuate Collection Set: 4.5ms
[84.745s][info][gc,phases   ] GC(1483)   Post Evacuate Collection Set: 1.1ms
[84.746s][info][gc,phases   ] GC(1483)   Other: 0.5ms
[84.746s][info][gc,heap     ] GC(1483) Eden regions: 150->0(149)
[84.747s][info][gc,heap     ] GC(1483) Survivor regions: 3->4(20)
[84.747s][info][gc,heap     ] GC(1483) Old regions: 2->2
[84.748s][info][gc,heap     ] GC(1483) Archive regions: 2->2
[84.748s][info][gc,heap     ] GC(1483) Humongous regions: 0->0
[84.748s][info][gc,metaspace] GC(1483) Metaspace: 615K(832K)->615K(832K) NonClass: 597K(704K)->597K(704K) Class: 17K(128K)->17K(128K)
[84.749s][info][gc          ] GC(1483) Pause Young (Normal) (G1 Evacuation Pause) 155M->6M(256M) 11.888ms
[84.749s][info][gc,cpu      ] GC(1483) User=0.02s Sys=0.01s Real=0.01s
[84.801s][info][gc,start    ] GC(1484) Pause Young (Normal) (G1 Evacuation Pause)
[84.801s][info][gc,task     ] GC(1484) Using 6 workers of 8 for evacuation
[84.804s][info][gc,phases   ] GC(1484)   Pre Evacuate Collection Set: 0.2ms
[84.805s][info][gc,phases   ] GC(1484)   Merge Heap Roots: 0.3ms
[84.805s][info][gc,phases   ] GC(1484)   Evacuate Collection Set: 0.9ms
[84.808s][info][gc,phases   ] GC(1484)   Post Evacuate Collection Set: 0.9ms
[84.809s][info][gc,phases   ] GC(1484)   Other: 0.5ms
[84.810s][info][gc,heap     ] GC(1484) Eden regions: 149->0(149)
[84.810s][info][gc,heap     ] GC(1484) Survivor regions: 4->4(20)
[84.811s][info][gc,heap     ] GC(1484) Old regions: 2->2
[84.811s][info][gc,heap     ] GC(1484) Archive regions: 2->2
[84.812s][info][gc,heap     ] GC(1484) Humongous regions: 0->0
[84.812s][info][gc,metaspace] GC(1484) Metaspace: 615K(832K)->615K(832K) NonClass: 597K(704K)->597K(704K) Class: 17K(128K)->17K(128K)
[84.812s][info][gc          ] GC(1484) Pause Young (Normal) (G1 Evacuation Pause) 155M->5M(256M) 11.413ms
[84.813s][info][gc,cpu      ] GC(1484) User=0.01s Sys=0.00s Real=0.01s
[84.867s][info][gc,start    ] GC(1485) Pause Young (Normal) (G1 Evacuation Pause)
[84.868s][info][gc,task     ] GC(1485) Using 6 workers of 8 for evacuation
[84.871s][info][gc,phases   ] GC(1485)   Pre Evacuate Collection Set: 0.3ms
[84.872s][info][gc,phases   ] GC(1485)   Merge Heap Roots: 0.3ms
[84.873s][info][gc,phases   ] GC(1485)   Evacuate Collection Set: 1.4ms
[84.874s][info][gc,phases   ] GC(1485)   Post Evacuate Collection Set: 1.0ms
[84.876s][info][gc,phases   ] GC(1485)   Other: 0.6ms
[84.877s][info][gc,heap     ] GC(1485) Eden regions: 149->0(150)
[84.878s][info][gc,heap     ] GC(1485) Survivor regions: 4->3(20)
[84.879s][info][gc,heap     ] GC(1485) Old regions: 2->2
[84.879s][info][gc,heap     ] GC(1485) Archive regions: 2->2
[84.880s][info][gc,heap     ] GC(1485) Humongous regions: 0->0
[84.880s][info][gc,metaspace] GC(1485) Metaspace: 615K(832K)->615K(832K) NonClass: 597K(704K)->597K(704K) Class: 17K(128K)->17K(128K)
[84.881s][info][gc          ] GC(1485) Pause Young (Normal) (G1 Evacuation Pause) 154M->5M(256M) 14.086ms
[84.882s][info][gc,cpu      ] GC(1485) User=0.00s Sys=0.00s Real=0.01s
[84.941s][info][gc,start    ] GC(1486) Pause Young (Normal) (G1 Evacuation Pause)
[84.942s][info][gc,task     ] GC(1486) Using 6 workers of 8 for evacuation
[84.947s][info][gc,phases   ] GC(1486)   Pre Evacuate Collection Set: 0.5ms
[84.948s][info][gc,phases   ] GC(1486)   Merge Heap Roots: 0.3ms
[84.948s][info][gc,phases   ] GC(1486)   Evacuate Collection Set: 1.7ms
[84.949s][info][gc,phases   ] GC(1486)   Post Evacuate Collection Set: 1.0ms
[84.949s][info][gc,phases   ] GC(1486)   Other: 1.5ms
[84.949s][info][gc,heap     ] GC(1486) Eden regions: 150->0(149)
[84.950s][info][gc,heap     ] GC(1486) Survivor regions: 3->4(20)
[84.950s][info][gc,heap     ] GC(1486) Old regions: 2->2
[84.951s][info][gc,heap     ] GC(1486) Archive regions: 2->2
[84.951s][info][gc,heap     ] GC(1486) Humongous regions: 0->0
[84.951s][info][gc,metaspace] GC(1486) Metaspace: 615K(832K)->615K(832K) NonClass: 597K(704K)->597K(704K) Class: 17K(128K)->17K(128K)
[84.952s][info][gc          ] GC(1486) Pause Young (Normal) (G1 Evacuation Pause) 155M->6M(256M) 11.102ms
[84.953s][info][gc,cpu      ] GC(1486) User=0.01s Sys=0.00s Real=0.01s
[85.008s][info][gc,start    ] GC(1487) Pause Young (Normal) (G1 Evacuation Pause)
[85.009s][info][gc,task     ] GC(1487) Using 6 workers of 8 for evacuation
[85.014s][info][gc,phases   ] GC(1487)   Pre Evacuate Collection Set: 0.5ms
[85.015s][info][gc,phases   ] GC(1487)   Merge Heap Roots: 0.3ms
[85.015s][info][gc,phases   ] GC(1487)   Evacuate Collection Set: 1.5ms
[85.016s][info][gc,phases   ] GC(1487)   Post Evacuate Collection Set: 0.9ms
[85.016s][info][gc,phases   ] GC(1487)   Other: 2.2ms
[85.016s][info][gc,heap     ] GC(1487) Eden regions: 149->0(149)
[85.017s][info][gc,heap     ] GC(1487) Survivor regions: 4->4(20)
[85.017s][info][gc,heap     ] GC(1487) Old regions: 2->2
[85.018s][info][gc,heap     ] GC(1487) Archive regions: 2->2
[85.019s][info][gc,heap     ] GC(1487) Humongous regions: 0->0
[85.019s][info][gc,metaspace] GC(1487) Metaspace: 615K(832K)->615K(832K) NonClass: 597K(704K)->597K(704K) Class: 17K(128K)->17K(128K)
[85.019s][info][gc          ] GC(1487) Pause Young (Normal) (G1 Evacuation Pause) 155M->6M(256M) 11.890ms
[85.020s][info][gc,cpu      ] GC(1487) User=0.01s Sys=0.01s Real=0.01s
[85.077s][info][gc,start    ] GC(1488) Pause Young (Normal) (G1 Evacuation Pause)
[85.078s][info][gc,task     ] GC(1488) Using 6 workers of 8 for evacuation
[85.083s][info][gc,phases   ] GC(1488)   Pre Evacuate Collection Set: 0.4ms
[85.083s][info][gc,phases   ] GC(1488)   Merge Heap Roots: 0.3ms
[85.084s][info][gc,phases   ] GC(1488)   Evacuate Collection Set: 1.6ms
[85.084s][info][gc,phases   ] GC(1488)   Post Evacuate Collection Set: 1.1ms
[85.085s][info][gc,phases   ] GC(1488)   Other: 1.1ms
[85.085s][info][gc,heap     ] GC(1488) Eden regions: 149->0(149)
[85.086s][info][gc,heap     ] GC(1488) Survivor regions: 4->4(20)
[85.086s][info][gc,heap     ] GC(1488) Old regions: 2->2
[85.086s][info][gc,heap     ] GC(1488) Archive regions: 2->2
[85.087s][info][gc,heap     ] GC(1488) Humongous regions: 0->0
[85.087s][info][gc,metaspace] GC(1488) Metaspace: 615K(832K)->615K(832K) NonClass: 597K(704K)->597K(704K) Class: 17K(128K)->17K(128K)
[85.087s][info][gc          ] GC(1488) Pause Young (Normal) (G1 Evacuation Pause) 155M->5M(256M) 10.297ms
[85.088s][info][gc,cpu      ] GC(1488) User=0.01s Sys=0.00s Real=0.01s
[85.150s][info][gc,start    ] GC(1489) Pause Young (Normal) (G1 Evacuation Pause)
[85.151s][info][gc,task     ] GC(1489) Using 6 workers of 8 for evacuation
[85.165s][info][gc,phases   ] GC(1489)   Pre Evacuate Collection Set: 0.5ms
[85.166s][info][gc,phases   ] GC(1489)   Merge Heap Roots: 0.3ms
[85.166s][info][gc,phases   ] GC(1489)   Evacuate Collection Set: 10.6ms
[85.167s][info][gc,phases   ] GC(1489)   Post Evacuate Collection Set: 1.0ms
[85.167s][info][gc,phases   ] GC(1489)   Other: 1.8ms
[85.168s][info][gc,heap     ] GC(1489) Eden regions: 149->0(150)
[85.168s][info][gc,heap     ] GC(1489) Survivor regions: 4->3(20)
[85.169s][info][gc,heap     ] GC(1489) Old regions: 2->2
[85.169s][info][gc,heap     ] GC(1489) Archive regions: 2->2
[85.169s][info][gc,heap     ] GC(1489) Humongous regions: 0->0
[85.170s][info][gc,metaspace] GC(1489) Metaspace: 615K(832K)->615K(832K) NonClass: 597K(704K)->597K(704K) Class: 17K(128K)->17K(128K)
[85.170s][info][gc          ] GC(1489) Pause Young (Normal) (G1 Evacuation Pause) 154M->5M(256M) 20.300ms
[85.171s][info][gc,cpu      ] GC(1489) User=0.03s Sys=0.00s Real=0.02s
[85.237s][info][gc,start    ] GC(1490) Pause Young (Normal) (G1 Evacuation Pause)
[85.238s][info][gc,task     ] GC(1490) Using 6 workers of 8 for evacuation
[85.244s][info][gc,phases   ] GC(1490)   Pre Evacuate Collection Set: 0.4ms
[85.244s][info][gc,phases   ] GC(1490)   Merge Heap Roots: 0.3ms
[85.245s][info][gc,phases   ] GC(1490)   Evacuate Collection Set: 3.8ms
[85.245s][info][gc,phases   ] GC(1490)   Post Evacuate Collection Set: 1.1ms
[85.246s][info][gc,phases   ] GC(1490)   Other: 0.6ms
[85.246s][info][gc,heap     ] GC(1490) Eden regions: 150->0(149)
[85.246s][info][gc,heap     ] GC(1490) Survivor regions: 3->4(20)
[85.247s][info][gc,heap     ] GC(1490) Old regions: 2->2
[85.247s][info][gc,heap     ] GC(1490) Archive regions: 2->2
[85.248s][info][gc,heap     ] GC(1490) Humongous regions: 0->0
[85.248s][info][gc,metaspace] GC(1490) Metaspace: 615K(832K)->615K(832K) NonClass: 597K(704K)->597K(704K) Class: 17K(128K)->17K(128K)
[85.248s][info][gc          ] GC(1490) Pause Young (Normal) (G1 Evacuation Pause) 155M->6M(256M) 11.248ms
[85.249s][info][gc,cpu      ] GC(1490) User=0.02s Sys=0.01s Real=0.01s
[85.315s][info][gc,start    ] GC(1491) Pause Young (Normal) (G1 Evacuation Pause)
[85.316s][info][gc,task     ] GC(1491) Using 6 workers of 8 for evacuation
[85.319s][info][gc,phases   ] GC(1491)   Pre Evacuate Collection Set: 0.5ms
[85.320s][info][gc,phases   ] GC(1491)   Merge Heap Roots: 0.3ms
[85.321s][info][gc,phases   ] GC(1491)   Evacuate Collection Set: 1.3ms
[85.321s][info][gc,phases   ] GC(1491)   Post Evacuate Collection Set: 1.0ms
[85.321s][info][gc,phases   ] GC(1491)   Other: 0.4ms
[85.322s][info][gc,heap     ] GC(1491) Eden regions: 149->0(149)
[85.324s][info][gc,heap     ] GC(1491) Survivor regions: 4->4(20)
[85.325s][info][gc,heap     ] GC(1491) Old regions: 2->2
[85.326s][info][gc,heap     ] GC(1491) Archive regions: 2->2
[85.327s][info][gc,heap     ] GC(1491) Humongous regions: 0->0
[85.327s][info][gc,metaspace] GC(1491) Metaspace: 615K(832K)->615K(832K) NonClass: 597K(704K)->597K(704K) Class: 17K(128K)->17K(128K)
[85.327s][info][gc          ] GC(1491) Pause Young (Normal) (G1 Evacuation Pause) 155M->5M(256M) 12.108ms
[85.328s][info][gc,cpu      ] GC(1491) User=0.00s Sys=0.01s Real=0.02s
[85.379s][info][gc,start    ] GC(1492) Pause Young (Normal) (G1 Evacuation Pause)
[85.380s][info][gc,task     ] GC(1492) Using 6 workers of 8 for evacuation
[85.383s][info][gc,phases   ] GC(1492)   Pre Evacuate Collection Set: 0.3ms
[85.384s][info][gc,phases   ] GC(1492)   Merge Heap Roots: 0.3ms
[85.384s][info][gc,phases   ] GC(1492)   Evacuate Collection Set: 1.1ms
[85.384s][info][gc,phases   ] GC(1492)   Post Evacuate Collection Set: 0.9ms
[85.385s][info][gc,phases   ] GC(1492)   Other: 0.5ms
[85.385s][info][gc,heap     ] GC(1492) Eden regions: 149->0(150)
[85.386s][info][gc,heap     ] GC(1492) Survivor regions: 4->3(20)
[85.386s][info][gc,heap     ] GC(1492) Old regions: 2->2
[85.386s][info][gc,heap     ] GC(1492) Archive regions: 2->2
[85.387s][info][gc,heap     ] GC(1492) Humongous regions: 0->0
[85.387s][info][gc,metaspace] GC(1492) Metaspace: 615K(832K)->615K(832K) NonClass: 597K(704K)->597K(704K) Class: 17K(128K)->17K(128K)
[85.388s][info][gc          ] GC(1492) Pause Young (Normal) (G1 Evacuation Pause) 154M->5M(256M) 8.276ms
[85.388s][info][gc,cpu      ] GC(1492) User=0.00s Sys=0.00s Real=0.01s
[85.452s][info][gc,start    ] GC(1493) Pause Young (Normal) (G1 Evacuation Pause)
[85.453s][info][gc,task     ] GC(1493) Using 6 workers of 8 for evacuation
[85.468s][info][gc,phases   ] GC(1493)   Pre Evacuate Collection Set: 0.4ms
[85.469s][info][gc,phases   ] GC(1493)   Merge Heap Roots: 0.2ms
[85.470s][info][gc,phases   ] GC(1493)   Evacuate Collection Set: 11.7ms
[85.470s][info][gc,phases   ] GC(1493)   Post Evacuate Collection Set: 1.7ms
[85.471s][info][gc,phases   ] GC(1493)   Other: 1.1ms
[85.472s][info][gc,heap     ] GC(1493) Eden regions: 150->0(149)
[85.473s][info][gc,heap     ] GC(1493) Survivor regions: 3->4(20)
[85.477s][info][gc,heap     ] GC(1493) Old regions: 2->2
[85.478s][info][gc,heap     ] GC(1493) Archive regions: 2->2
[85.480s][info][gc,heap     ] GC(1493) Humongous regions: 0->0
[85.481s][info][gc,metaspace] GC(1493) Metaspace: 615K(832K)->615K(832K) NonClass: 597K(704K)->597K(704K) Class: 17K(128K)->17K(128K)
[85.481s][info][gc          ] GC(1493) Pause Young (Normal) (G1 Evacuation Pause) 155M->6M(256M) 29.068ms
[85.482s][info][gc,cpu      ] GC(1493) User=0.04s Sys=0.00s Real=0.03s
[85.585s][info][gc,start    ] GC(1494) Pause Young (Normal) (G1 Evacuation Pause)
[85.586s][info][gc,task     ] GC(1494) Using 6 workers of 8 for evacuation
[85.590s][info][gc,phases   ] GC(1494)   Pre Evacuate Collection Set: 0.3ms
[85.591s][info][gc,phases   ] GC(1494)   Merge Heap Roots: 0.3ms
[85.592s][info][gc,phases   ] GC(1494)   Evacuate Collection Set: 1.4ms
[85.595s][info][gc,phases   ] GC(1494)   Post Evacuate Collection Set: 1.0ms
[85.596s][info][gc,phases   ] GC(1494)   Other: 0.7ms
[85.596s][info][gc,heap     ] GC(1494) Eden regions: 149->0(149)
[85.597s][info][gc,heap     ] GC(1494) Survivor regions: 4->4(20)
[85.597s][info][gc,heap     ] GC(1494) Old regions: 2->2
[85.598s][info][gc,heap     ] GC(1494) Archive regions: 2->2
[85.598s][info][gc,heap     ] GC(1494) Humongous regions: 0->0
[85.599s][info][gc,metaspace] GC(1494) Metaspace: 615K(832K)->615K(832K) NonClass: 597K(704K)->597K(704K) Class: 17K(128K)->17K(128K)
[85.599s][info][gc          ] GC(1494) Pause Young (Normal) (G1 Evacuation Pause) 155M->5M(256M) 13.780ms
[85.600s][info][gc,cpu      ] GC(1494) User=0.01s Sys=0.00s Real=0.02s
[85.709s][info][gc,start    ] GC(1495) Pause Young (Normal) (G1 Evacuation Pause)
[85.714s][info][gc,task     ] GC(1495) Using 6 workers of 8 for evacuation
[85.720s][info][gc,phases   ] GC(1495)   Pre Evacuate Collection Set: 0.7ms
[85.721s][info][gc,phases   ] GC(1495)   Merge Heap Roots: 0.3ms
[85.728s][info][gc,phases   ] GC(1495)   Evacuate Collection Set: 2.0ms
[85.729s][info][gc,phases   ] GC(1495)   Post Evacuate Collection Set: 1.3ms
[85.730s][info][gc,phases   ] GC(1495)   Other: 1.4ms
[85.731s][info][gc,heap     ] GC(1495) Eden regions: 149->0(149)
[85.731s][info][gc,heap     ] GC(1495) Survivor regions: 4->4(20)
[85.732s][info][gc,heap     ] GC(1495) Old regions: 2->2
[85.732s][info][gc,heap     ] GC(1495) Archive regions: 2->2
[85.733s][info][gc,heap     ] GC(1495) Humongous regions: 0->0
[85.733s][info][gc,metaspace] GC(1495) Metaspace: 615K(832K)->615K(832K) NonClass: 597K(704K)->597K(704K) Class: 17K(128K)->17K(128K)
[85.734s][info][gc          ] GC(1495) Pause Young (Normal) (G1 Evacuation Pause) 154M->5M(256M) 24.641ms
[85.734s][info][gc,cpu      ] GC(1495) User=0.01s Sys=0.01s Real=0.02s
[85.818s][info][gc,start    ] GC(1496) Pause Young (Normal) (G1 Evacuation Pause)
[85.819s][info][gc,task     ] GC(1496) Using 6 workers of 8 for evacuation
[85.830s][info][gc,phases   ] GC(1496)   Pre Evacuate Collection Set: 0.3ms
[85.831s][info][gc,phases   ] GC(1496)   Merge Heap Roots: 0.3ms
[85.831s][info][gc,phases   ] GC(1496)   Evacuate Collection Set: 8.1ms
[85.831s][info][gc,phases   ] GC(1496)   Post Evacuate Collection Set: 1.3ms
[85.832s][info][gc,phases   ] GC(1496)   Other: 0.6ms
[85.832s][info][gc,heap     ] GC(1496) Eden regions: 149->0(150)
[85.833s][info][gc,heap     ] GC(1496) Survivor regions: 4->3(20)
[85.833s][info][gc,heap     ] GC(1496) Old regions: 2->2
[85.834s][info][gc,heap     ] GC(1496) Archive regions: 2->2
[85.834s][info][gc,heap     ] GC(1496) Humongous regions: 0->0
[85.834s][info][gc,metaspace] GC(1496) Metaspace: 615K(832K)->615K(832K) NonClass: 597K(704K)->597K(704K) Class: 17K(128K)->17K(128K)
[85.835s][info][gc          ] GC(1496) Pause Young (Normal) (G1 Evacuation Pause) 154M->5M(256M) 16.424ms
[85.835s][info][gc,cpu      ] GC(1496) User=0.02s Sys=0.01s Real=0.01s
[85.902s][info][gc,start    ] GC(1497) Pause Young (Normal) (G1 Evacuation Pause)
[85.903s][info][gc,task     ] GC(1497) Using 6 workers of 8 for evacuation
[85.912s][info][gc,phases   ] GC(1497)   Pre Evacuate Collection Set: 0.3ms
[85.913s][info][gc,phases   ] GC(1497)   Merge Heap Roots: 0.5ms
[85.913s][info][gc,phases   ] GC(1497)   Evacuate Collection Set: 4.1ms
[85.914s][info][gc,phases   ] GC(1497)   Post Evacuate Collection Set: 3.5ms
[85.915s][info][gc,phases   ] GC(1497)   Other: 0.8ms
[85.915s][info][gc,heap     ] GC(1497) Eden regions: 150->0(149)
[85.916s][info][gc,heap     ] GC(1497) Survivor regions: 3->4(20)
[85.916s][info][gc,heap     ] GC(1497) Old regions: 2->2
[85.917s][info][gc,heap     ] GC(1497) Archive regions: 2->2
[85.918s][info][gc,heap     ] GC(1497) Humongous regions: 0->0
[85.918s][info][gc,metaspace] GC(1497) Metaspace: 615K(832K)->615K(832K) NonClass: 597K(704K)->597K(704K) Class: 17K(128K)->17K(128K)
[85.919s][info][gc          ] GC(1497) Pause Young (Normal) (G1 Evacuation Pause) 155M->6M(256M) 16.630ms
[85.919s][info][gc,cpu      ] GC(1497) User=0.01s Sys=0.00s Real=0.02s
[85.972s][info][gc,start    ] GC(1498) Pause Young (Normal) (G1 Evacuation Pause)
[85.973s][info][gc,task     ] GC(1498) Using 6 workers of 8 for evacuation
[85.977s][info][gc,phases   ] GC(1498)   Pre Evacuate Collection Set: 0.5ms
[85.978s][info][gc,phases   ] GC(1498)   Merge Heap Roots: 0.3ms
[85.979s][info][gc,phases   ] GC(1498)   Evacuate Collection Set: 1.1ms
[85.979s][info][gc,phases   ] GC(1498)   Post Evacuate Collection Set: 1.3ms
[85.980s][info][gc,phases   ] GC(1498)   Other: 1.0ms
[85.981s][info][gc,heap     ] GC(1498) Eden regions: 149->0(149)
[85.981s][info][gc,heap     ] GC(1498) Survivor regions: 4->4(20)
[85.981s][info][gc,heap     ] GC(1498) Old regions: 2->2
[85.982s][info][gc,heap     ] GC(1498) Archive regions: 2->2
[85.982s][info][gc,heap     ] GC(1498) Humongous regions: 0->0
[85.983s][info][gc,metaspace] GC(1498) Metaspace: 615K(832K)->615K(832K) NonClass: 597K(704K)->597K(704K) Class: 17K(128K)->17K(128K)
[85.984s][info][gc          ] GC(1498) Pause Young (Normal) (G1 Evacuation Pause) 155M->5M(256M) 12.169ms
[85.984s][info][gc,cpu      ] GC(1498) User=0.00s Sys=0.01s Real=0.01s
[86.036s][info][gc,start    ] GC(1499) Pause Young (Normal) (G1 Evacuation Pause)
[86.036s][info][gc,task     ] GC(1499) Using 6 workers of 8 for evacuation
[86.042s][info][gc,phases   ] GC(1499)   Pre Evacuate Collection Set: 0.3ms
[86.043s][info][gc,phases   ] GC(1499)   Merge Heap Roots: 0.2ms
[86.044s][info][gc,phases   ] GC(1499)   Evacuate Collection Set: 2.7ms
[86.045s][info][gc,phases   ] GC(1499)   Post Evacuate Collection Set: 2.1ms
[86.046s][info][gc,phases   ] GC(1499)   Other: 0.5ms
[86.046s][info][gc,heap     ] GC(1499) Eden regions: 149->0(150)
[86.047s][info][gc,heap     ] GC(1499) Survivor regions: 4->3(20)
[86.047s][info][gc,heap     ] GC(1499) Old regions: 2->2
[86.048s][info][gc,heap     ] GC(1499) Archive regions: 2->2
[86.048s][info][gc,heap     ] GC(1499) Humongous regions: 0->0
[86.048s][info][gc,metaspace] GC(1499) Metaspace: 615K(832K)->615K(832K) NonClass: 597K(704K)->597K(704K) Class: 17K(128K)->17K(128K)
[86.049s][info][gc          ] GC(1499) Pause Young (Normal) (G1 Evacuation Pause) 154M->5M(256M) 12.955ms
[86.050s][info][gc,cpu      ] GC(1499) User=0.01s Sys=0.00s Real=0.02s
[86.101s][info][gc,start    ] GC(1500) Pause Young (Normal) (G1 Evacuation Pause)
[86.101s][info][gc,task     ] GC(1500) Using 6 workers of 8 for evacuation
[86.105s][info][gc,phases   ] GC(1500)   Pre Evacuate Collection Set: 0.3ms
[86.105s][info][gc,phases   ] GC(1500)   Merge Heap Roots: 0.3ms
[86.107s][info][gc,phases   ] GC(1500)   Evacuate Collection Set: 1.3ms
[86.110s][info][gc,phases   ] GC(1500)   Post Evacuate Collection Set: 1.0ms
[86.111s][info][gc,phases   ] GC(1500)   Other: 0.6ms
[86.112s][info][gc,heap     ] GC(1500) Eden regions: 150->0(149)
[86.112s][info][gc,heap     ] GC(1500) Survivor regions: 3->4(20)
[86.113s][info][gc,heap     ] GC(1500) Old regions: 2->2
[86.113s][info][gc,heap     ] GC(1500) Archive regions: 2->2
[86.113s][info][gc,heap     ] GC(1500) Humongous regions: 0->0
[86.114s][info][gc,metaspace] GC(1500) Metaspace: 615K(832K)->615K(832K) NonClass: 597K(704K)->597K(704K) Class: 17K(128K)->17K(128K)
[86.114s][info][gc          ] GC(1500) Pause Young (Normal) (G1 Evacuation Pause) 155M->6M(256M) 13.803ms
[86.115s][info][gc,cpu      ] GC(1500) User=0.01s Sys=0.01s Real=0.01s
[86.191s][info][gc,start    ] GC(1501) Pause Young (Normal) (G1 Evacuation Pause)
[86.194s][info][gc,task     ] GC(1501) Using 6 workers of 8 for evacuation
[86.201s][info][gc,phases   ] GC(1501)   Pre Evacuate Collection Set: 1.1ms
[86.202s][info][gc,phases   ] GC(1501)   Merge Heap Roots: 0.9ms
[86.202s][info][gc,phases   ] GC(1501)   Evacuate Collection Set: 2.6ms
[86.203s][info][gc,phases   ] GC(1501)   Post Evacuate Collection Set: 1.0ms
[86.204s][info][gc,phases   ] GC(1501)   Other: 1.4ms
[86.204s][info][gc,heap     ] GC(1501) Eden regions: 149->0(149)
[86.205s][info][gc,heap     ] GC(1501) Survivor regions: 4->4(20)
[86.209s][info][gc,heap     ] GC(1501) Old regions: 2->2
[86.213s][info][gc,heap     ] GC(1501) Archive regions: 2->2
[86.213s][info][gc,heap     ] GC(1501) Humongous regions: 0->0
[86.214s][info][gc,metaspace] GC(1501) Metaspace: 615K(832K)->615K(832K) NonClass: 597K(704K)->597K(704K) Class: 17K(128K)->17K(128K)
[86.214s][info][gc          ] GC(1501) Pause Young (Normal) (G1 Evacuation Pause) 155M->5M(256M) 23.249ms
[86.214s][info][gc,cpu      ] GC(1501) User=0.01s Sys=0.01s Real=0.02s
[86.288s][info][gc,start    ] GC(1502) Pause Young (Normal) (G1 Evacuation Pause)
[86.295s][info][gc,task     ] GC(1502) Using 6 workers of 8 for evacuation
[86.300s][info][gc,phases   ] GC(1502)   Pre Evacuate Collection Set: 0.5ms
[86.301s][info][gc,phases   ] GC(1502)   Merge Heap Roots: 0.4ms
[86.301s][info][gc,phases   ] GC(1502)   Evacuate Collection Set: 2.4ms
[86.301s][info][gc,phases   ] GC(1502)   Post Evacuate Collection Set: 1.0ms
[86.302s][info][gc,phases   ] GC(1502)   Other: 1.2ms
[86.302s][info][gc,heap     ] GC(1502) Eden regions: 149->0(150)
[86.302s][info][gc,heap     ] GC(1502) Survivor regions: 4->3(20)
[86.302s][info][gc,heap     ] GC(1502) Old regions: 2->2
[86.303s][info][gc,heap     ] GC(1502) Archive regions: 2->2
[86.303s][info][gc,heap     ] GC(1502) Humongous regions: 0->0
[86.303s][info][gc,metaspace] GC(1502) Metaspace: 615K(832K)->615K(832K) NonClass: 597K(704K)->597K(704K) Class: 17K(128K)->17K(128K)
[86.304s][info][gc          ] GC(1502) Pause Young (Normal) (G1 Evacuation Pause) 154M->5M(256M) 15.330ms
[86.304s][info][gc,cpu      ] GC(1502) User=0.00s Sys=0.01s Real=0.01s
[86.379s][info][gc,start    ] GC(1503) Pause Young (Normal) (G1 Evacuation Pause)
[86.380s][info][gc,task     ] GC(1503) Using 6 workers of 8 for evacuation
[86.383s][info][gc,phases   ] GC(1503)   Pre Evacuate Collection Set: 0.4ms
[86.383s][info][gc,phases   ] GC(1503)   Merge Heap Roots: 0.3ms
[86.384s][info][gc,phases   ] GC(1503)   Evacuate Collection Set: 1.0ms
[86.384s][info][gc,phases   ] GC(1503)   Post Evacuate Collection Set: 1.0ms
[86.384s][info][gc,phases   ] GC(1503)   Other: 0.7ms
[86.385s][info][gc,heap     ] GC(1503) Eden regions: 150->0(149)
[86.385s][info][gc,heap     ] GC(1503) Survivor regions: 3->4(20)
[86.385s][info][gc,heap     ] GC(1503) Old regions: 2->2
[86.386s][info][gc,heap     ] GC(1503) Archive regions: 2->2
[86.386s][info][gc,heap     ] GC(1503) Humongous regions: 0->0
[86.386s][info][gc,metaspace] GC(1503) Metaspace: 615K(832K)->615K(832K) NonClass: 597K(704K)->597K(704K) Class: 17K(128K)->17K(128K)
[86.387s][info][gc          ] GC(1503) Pause Young (Normal) (G1 Evacuation Pause) 155M->6M(256M) 8.104ms
[86.387s][info][gc,cpu      ] GC(1503) User=0.01s Sys=0.00s Real=0.01s
[86.464s][info][gc,start    ] GC(1504) Pause Young (Normal) (G1 Evacuation Pause)
[86.466s][info][gc,task     ] GC(1504) Using 6 workers of 8 for evacuation
[86.471s][info][gc,phases   ] GC(1504)   Pre Evacuate Collection Set: 0.5ms
[86.471s][info][gc,phases   ] GC(1504)   Merge Heap Roots: 0.3ms
[86.472s][info][gc,phases   ] GC(1504)   Evacuate Collection Set: 1.7ms
[86.476s][info][gc,phases   ] GC(1504)   Post Evacuate Collection Set: 1.1ms
[86.478s][info][gc,phases   ] GC(1504)   Other: 1.2ms
[86.480s][info][gc,heap     ] GC(1504) Eden regions: 149->0(149)
[86.480s][info][gc,heap     ] GC(1504) Survivor regions: 4->4(20)
[86.481s][info][gc,heap     ] GC(1504) Old regions: 2->2
[86.481s][info][gc,heap     ] GC(1504) Archive regions: 2->2
[86.482s][info][gc,heap     ] GC(1504) Humongous regions: 0->0
[86.482s][info][gc,metaspace] GC(1504) Metaspace: 615K(832K)->615K(832K) NonClass: 597K(704K)->597K(704K) Class: 17K(128K)->17K(128K)
[86.483s][info][gc          ] GC(1504) Pause Young (Normal) (G1 Evacuation Pause) 155M->6M(256M) 18.259ms
[86.483s][info][gc,cpu      ] GC(1504) User=0.01s Sys=0.00s Real=0.02s
[86.564s][info][gc,start    ] GC(1505) Pause Young (Normal) (G1 Evacuation Pause)
[86.565s][info][gc,task     ] GC(1505) Using 6 workers of 8 for evacuation
[86.568s][info][gc,phases   ] GC(1505)   Pre Evacuate Collection Set: 0.3ms
[86.569s][info][gc,phases   ] GC(1505)   Merge Heap Roots: 0.4ms
[86.569s][info][gc,phases   ] GC(1505)   Evacuate Collection Set: 1.4ms
[86.569s][info][gc,phases   ] GC(1505)   Post Evacuate Collection Set: 1.0ms
[86.570s][info][gc,phases   ] GC(1505)   Other: 0.5ms
[86.570s][info][gc,heap     ] GC(1505) Eden regions: 149->0(149)
[86.571s][info][gc,heap     ] GC(1505) Survivor regions: 4->4(20)
[86.571s][info][gc,heap     ] GC(1505) Old regions: 2->2
[86.572s][info][gc,heap     ] GC(1505) Archive regions: 2->2
[86.577s][info][gc,heap     ] GC(1505) Humongous regions: 0->0
[86.578s][info][gc,metaspace] GC(1505) Metaspace: 615K(832K)->615K(832K) NonClass: 597K(704K)->597K(704K) Class: 17K(128K)->17K(128K)
[86.579s][info][gc          ] GC(1505) Pause Young (Normal) (G1 Evacuation Pause) 155M->5M(256M) 15.284ms
[86.580s][info][gc,cpu      ] GC(1505) User=0.01s Sys=0.00s Real=0.02s
[86.646s][info][gc,start    ] GC(1506) Pause Young (Normal) (G1 Evacuation Pause)
[86.647s][info][gc,task     ] GC(1506) Using 6 workers of 8 for evacuation
[86.651s][info][gc,phases   ] GC(1506)   Pre Evacuate Collection Set: 0.4ms
[86.651s][info][gc,phases   ] GC(1506)   Merge Heap Roots: 0.3ms
[86.652s][info][gc,phases   ] GC(1506)   Evacuate Collection Set: 1.4ms
[86.652s][info][gc,phases   ] GC(1506)   Post Evacuate Collection Set: 1.0ms
[86.652s][info][gc,phases   ] GC(1506)   Other: 0.5ms
[86.653s][info][gc,heap     ] GC(1506) Eden regions: 149->0(150)
[86.653s][info][gc,heap     ] GC(1506) Survivor regions: 4->3(20)
[86.654s][info][gc,heap     ] GC(1506) Old regions: 2->2
[86.654s][info][gc,heap     ] GC(1506) Archive regions: 2->2
[86.654s][info][gc,heap     ] GC(1506) Humongous regions: 0->0
[86.655s][info][gc,metaspace] GC(1506) Metaspace: 615K(832K)->615K(832K) NonClass: 597K(704K)->597K(704K) Class: 17K(128K)->17K(128K)
[86.659s][info][gc          ] GC(1506) Pause Young (Normal) (G1 Evacuation Pause) 154M->5M(256M) 12.593ms
[86.660s][info][gc,cpu      ] GC(1506) User=0.01s Sys=0.00s Real=0.02s
[86.716s][info][gc,start    ] GC(1507) Pause Young (Normal) (G1 Evacuation Pause)
[86.717s][info][gc,task     ] GC(1507) Using 6 workers of 8 for evacuation
[86.721s][info][gc,phases   ] GC(1507)   Pre Evacuate Collection Set: 0.3ms
[86.721s][info][gc,phases   ] GC(1507)   Merge Heap Roots: 0.4ms
[86.721s][info][gc,phases   ] GC(1507)   Evacuate Collection Set: 1.3ms
[86.722s][info][gc,phases   ] GC(1507)   Post Evacuate Collection Set: 1.1ms
[86.728s][info][gc,phases   ] GC(1507)   Other: 0.5ms
[86.729s][info][gc,heap     ] GC(1507) Eden regions: 150->0(149)
[86.730s][info][gc,heap     ] GC(1507) Survivor regions: 3->4(20)
[86.730s][info][gc,heap     ] GC(1507) Old regions: 2->2
[86.730s][info][gc,heap     ] GC(1507) Archive regions: 2->2
[86.731s][info][gc,heap     ] GC(1507) Humongous regions: 0->0
[86.731s][info][gc,metaspace] GC(1507) Metaspace: 615K(832K)->615K(832K) NonClass: 597K(704K)->597K(704K) Class: 17K(128K)->17K(128K)
[86.732s][info][gc          ] GC(1507) Pause Young (Normal) (G1 Evacuation Pause) 155M->6M(256M) 15.354ms
[86.732s][info][gc,cpu      ] GC(1507) User=0.01s Sys=0.00s Real=0.02s
[86.830s][info][gc,start    ] GC(1508) Pause Young (Normal) (G1 Evacuation Pause)
[86.836s][info][gc,task     ] GC(1508) Using 6 workers of 8 for evacuation
[86.846s][info][gc,phases   ] GC(1508)   Pre Evacuate Collection Set: 0.4ms
[86.846s][info][gc,phases   ] GC(1508)   Merge Heap Roots: 0.3ms
[86.847s][info][gc,phases   ] GC(1508)   Evacuate Collection Set: 7.2ms
[86.847s][info][gc,phases   ] GC(1508)   Post Evacuate Collection Set: 1.2ms
[86.848s][info][gc,phases   ] GC(1508)   Other: 0.8ms
[86.848s][info][gc,heap     ] GC(1508) Eden regions: 149->0(149)
[86.848s][info][gc,heap     ] GC(1508) Survivor regions: 4->4(20)
[86.849s][info][gc,heap     ] GC(1508) Old regions: 2->2
[86.849s][info][gc,heap     ] GC(1508) Archive regions: 2->2
[86.850s][info][gc,heap     ] GC(1508) Humongous regions: 0->0
[86.850s][info][gc,metaspace] GC(1508) Metaspace: 615K(832K)->615K(832K) NonClass: 597K(704K)->597K(704K) Class: 17K(128K)->17K(128K)
[86.850s][info][gc          ] GC(1508) Pause Young (Normal) (G1 Evacuation Pause) 155M->5M(256M) 20.640ms
[86.851s][info][gc,cpu      ] GC(1508) User=0.00s Sys=0.02s Real=0.02s
[86.920s][info][gc,start    ] GC(1509) Pause Young (Normal) (G1 Evacuation Pause)
[86.921s][info][gc,task     ] GC(1509) Using 6 workers of 8 for evacuation
[86.927s][info][gc,phases   ] GC(1509)   Pre Evacuate Collection Set: 0.3ms
[86.927s][info][gc,phases   ] GC(1509)   Merge Heap Roots: 0.2ms
[86.928s][info][gc,phases   ] GC(1509)   Evacuate Collection Set: 3.8ms
[86.928s][info][gc,phases   ] GC(1509)   Post Evacuate Collection Set: 1.0ms
[86.929s][info][gc,phases   ] GC(1509)   Other: 0.5ms
[86.929s][info][gc,heap     ] GC(1509) Eden regions: 149->0(149)
[86.929s][info][gc,heap     ] GC(1509) Survivor regions: 4->4(20)
[86.930s][info][gc,heap     ] GC(1509) Old regions: 2->2
[86.930s][info][gc,heap     ] GC(1509) Archive regions: 2->2
[86.931s][info][gc,heap     ] GC(1509) Humongous regions: 0->0
[86.931s][info][gc,metaspace] GC(1509) Metaspace: 615K(832K)->615K(832K) NonClass: 597K(704K)->597K(704K) Class: 17K(128K)->17K(128K)
[86.932s][info][gc          ] GC(1509) Pause Young (Normal) (G1 Evacuation Pause) 154M->5M(256M) 11.464ms
[86.932s][info][gc,cpu      ] GC(1509) User=0.00s Sys=0.01s Real=0.01s
[86.996s][info][gc,start    ] GC(1510) Pause Young (Normal) (G1 Evacuation Pause)
[86.997s][info][gc,task     ] GC(1510) Using 6 workers of 8 for evacuation
[87.001s][info][gc,phases   ] GC(1510)   Pre Evacuate Collection Set: 0.4ms
[87.001s][info][gc,phases   ] GC(1510)   Merge Heap Roots: 0.2ms
[87.002s][info][gc,phases   ] GC(1510)   Evacuate Collection Set: 1.2ms
[87.002s][info][gc,phases   ] GC(1510)   Post Evacuate Collection Set: 1.0ms
[87.002s][info][gc,phases   ] GC(1510)   Other: 0.7ms
[87.003s][info][gc,heap     ] GC(1510) Eden regions: 149->0(150)
[87.003s][info][gc,heap     ] GC(1510) Survivor regions: 4->3(20)
[87.004s][info][gc,heap     ] GC(1510) Old regions: 2->2
[87.004s][info][gc,heap     ] GC(1510) Archive regions: 2->2
[87.004s][info][gc,heap     ] GC(1510) Humongous regions: 0->0
[87.004s][info][gc,metaspace] GC(1510) Metaspace: 615K(832K)->615K(832K) NonClass: 597K(704K)->597K(704K) Class: 17K(128K)->17K(128K)
[87.005s][info][gc          ] GC(1510) Pause Young (Normal) (G1 Evacuation Pause) 154M->5M(256M) 8.887ms
[87.006s][info][gc,cpu      ] GC(1510) User=0.01s Sys=0.00s Real=0.01s
[87.118s][info][gc,start    ] GC(1511) Pause Young (Normal) (G1 Evacuation Pause)
[87.149s][info][gc,task     ] GC(1511) Using 6 workers of 8 for evacuation
[87.154s][info][gc,phases   ] GC(1511)   Pre Evacuate Collection Set: 0.3ms
[87.155s][info][gc,phases   ] GC(1511)   Merge Heap Roots: 0.3ms
[87.156s][info][gc,phases   ] GC(1511)   Evacuate Collection Set: 1.6ms
[87.156s][info][gc,phases   ] GC(1511)   Post Evacuate Collection Set: 1.0ms
[87.157s][info][gc,phases   ] GC(1511)   Other: 2.7ms
[87.157s][info][gc,heap     ] GC(1511) Eden regions: 150->0(149)
[87.157s][info][gc,heap     ] GC(1511) Survivor regions: 3->4(20)
[87.158s][info][gc,heap     ] GC(1511) Old regions: 2->2
[87.159s][info][gc,heap     ] GC(1511) Archive regions: 2->2
[87.159s][info][gc,heap     ] GC(1511) Humongous regions: 0->0
[87.160s][info][gc,metaspace] GC(1511) Metaspace: 615K(832K)->615K(832K) NonClass: 597K(704K)->597K(704K) Class: 17K(128K)->17K(128K)
[87.160s][info][gc          ] GC(1511) Pause Young (Normal) (G1 Evacuation Pause) 155M->6M(256M) 42.477ms
[87.161s][info][gc,cpu      ] GC(1511) User=0.01s Sys=0.00s Real=0.04s
[87.224s][info][gc,start    ] GC(1512) Pause Young (Normal) (G1 Evacuation Pause)
[87.226s][info][gc,task     ] GC(1512) Using 6 workers of 8 for evacuation
[87.231s][info][gc,phases   ] GC(1512)   Pre Evacuate Collection Set: 0.3ms
[87.232s][info][gc,phases   ] GC(1512)   Merge Heap Roots: 0.3ms
[87.233s][info][gc,phases   ] GC(1512)   Evacuate Collection Set: 2.2ms
[87.233s][info][gc,phases   ] GC(1512)   Post Evacuate Collection Set: 2.0ms
[87.234s][info][gc,phases   ] GC(1512)   Other: 0.9ms
[87.234s][info][gc,heap     ] GC(1512) Eden regions: 149->0(149)
[87.235s][info][gc,heap     ] GC(1512) Survivor regions: 4->4(20)
[87.235s][info][gc,heap     ] GC(1512) Old regions: 2->2
[87.236s][info][gc,heap     ] GC(1512) Archive regions: 2->2
[87.236s][info][gc,heap     ] GC(1512) Humongous regions: 0->0
[87.236s][info][gc,metaspace] GC(1512) Metaspace: 615K(832K)->615K(832K) NonClass: 597K(704K)->597K(704K) Class: 17K(128K)->17K(128K)
[87.237s][info][gc          ] GC(1512) Pause Young (Normal) (G1 Evacuation Pause) 155M->5M(256M) 12.949ms
[87.237s][info][gc,cpu      ] GC(1512) User=0.00s Sys=0.02s Real=0.02s
[87.295s][info][gc,start    ] GC(1513) Pause Young (Normal) (G1 Evacuation Pause)
[87.296s][info][gc,task     ] GC(1513) Using 6 workers of 8 for evacuation
[87.301s][info][gc,phases   ] GC(1513)   Pre Evacuate Collection Set: 0.5ms
[87.302s][info][gc,phases   ] GC(1513)   Merge Heap Roots: 0.5ms
[87.302s][info][gc,phases   ] GC(1513)   Evacuate Collection Set: 1.9ms
[87.303s][info][gc,phases   ] GC(1513)   Post Evacuate Collection Set: 1.1ms
[87.303s][info][gc,phases   ] GC(1513)   Other: 1.3ms
[87.304s][info][gc,heap     ] GC(1513) Eden regions: 149->0(149)
[87.304s][info][gc,heap     ] GC(1513) Survivor regions: 4->4(20)
[87.304s][info][gc,heap     ] GC(1513) Old regions: 2->2
[87.305s][info][gc,heap     ] GC(1513) Archive regions: 2->2
[87.305s][info][gc,heap     ] GC(1513) Humongous regions: 0->0
[87.306s][info][gc,metaspace] GC(1513) Metaspace: 615K(832K)->615K(832K) NonClass: 597K(704K)->597K(704K) Class: 17K(128K)->17K(128K)
[87.306s][info][gc          ] GC(1513) Pause Young (Normal) (G1 Evacuation Pause) 154M->5M(256M) 11.087ms
[87.306s][info][gc,cpu      ] GC(1513) User=0.01s Sys=0.00s Real=0.01s
[87.368s][info][gc,start    ] GC(1514) Pause Young (Normal) (G1 Evacuation Pause)
[87.382s][info][gc,task     ] GC(1514) Using 6 workers of 8 for evacuation
[87.387s][info][gc,phases   ] GC(1514)   Pre Evacuate Collection Set: 0.5ms
[87.388s][info][gc,phases   ] GC(1514)   Merge Heap Roots: 0.3ms
[87.388s][info][gc,phases   ] GC(1514)   Evacuate Collection Set: 1.4ms
[87.389s][info][gc,phases   ] GC(1514)   Post Evacuate Collection Set: 1.0ms
[87.389s][info][gc,phases   ] GC(1514)   Other: 1.4ms
[87.390s][info][gc,heap     ] GC(1514) Eden regions: 149->0(150)
[87.390s][info][gc,heap     ] GC(1514) Survivor regions: 4->3(20)
[87.391s][info][gc,heap     ] GC(1514) Old regions: 2->2
[87.391s][info][gc,heap     ] GC(1514) Archive regions: 2->2
[87.392s][info][gc,heap     ] GC(1514) Humongous regions: 0->0
[87.392s][info][gc,metaspace] GC(1514) Metaspace: 615K(832K)->615K(832K) NonClass: 597K(704K)->597K(704K) Class: 17K(128K)->17K(128K)
[87.393s][info][gc          ] GC(1514) Pause Young (Normal) (G1 Evacuation Pause) 154M->5M(256M) 24.806ms
[87.393s][info][gc,cpu      ] GC(1514) User=0.00s Sys=0.01s Real=0.02s
[87.478s][info][gc,start    ] GC(1515) Pause Young (Normal) (G1 Evacuation Pause)
[87.479s][info][gc,task     ] GC(1515) Using 6 workers of 8 for evacuation
[87.483s][info][gc,phases   ] GC(1515)   Pre Evacuate Collection Set: 0.5ms
[87.484s][info][gc,phases   ] GC(1515)   Merge Heap Roots: 0.4ms
[87.484s][info][gc,phases   ] GC(1515)   Evacuate Collection Set: 1.4ms
[87.484s][info][gc,phases   ] GC(1515)   Post Evacuate Collection Set: 1.0ms
[87.485s][info][gc,phases   ] GC(1515)   Other: 0.9ms
[87.485s][info][gc,heap     ] GC(1515) Eden regions: 150->0(149)
[87.486s][info][gc,heap     ] GC(1515) Survivor regions: 3->4(20)
[87.486s][info][gc,heap     ] GC(1515) Old regions: 2->2
[87.486s][info][gc,heap     ] GC(1515) Archive regions: 2->2
[87.487s][info][gc,heap     ] GC(1515) Humongous regions: 0->0
[87.487s][info][gc,metaspace] GC(1515) Metaspace: 615K(832K)->615K(832K) NonClass: 597K(704K)->597K(704K) Class: 17K(128K)->17K(128K)
[87.487s][info][gc          ] GC(1515) Pause Young (Normal) (G1 Evacuation Pause) 155M->5M(256M) 9.936ms
[87.488s][info][gc,cpu      ] GC(1515) User=0.01s Sys=0.00s Real=0.01s
[87.560s][info][gc,start    ] GC(1516) Pause Young (Normal) (G1 Evacuation Pause)
[87.561s][info][gc,task     ] GC(1516) Using 6 workers of 8 for evacuation
[87.567s][info][gc,phases   ] GC(1516)   Pre Evacuate Collection Set: 0.3ms
[87.568s][info][gc,phases   ] GC(1516)   Merge Heap Roots: 0.3ms
[87.568s][info][gc,phases   ] GC(1516)   Evacuate Collection Set: 3.9ms
[87.569s][info][gc,phases   ] GC(1516)   Post Evacuate Collection Set: 1.0ms
[87.569s][info][gc,phases   ] GC(1516)   Other: 0.7ms
[87.570s][info][gc,heap     ] GC(1516) Eden regions: 149->0(149)
[87.570s][info][gc,heap     ] GC(1516) Survivor regions: 4->4(20)
[87.571s][info][gc,heap     ] GC(1516) Old regions: 2->2
[87.572s][info][gc,heap     ] GC(1516) Archive regions: 2->2
[87.574s][info][gc,heap     ] GC(1516) Humongous regions: 0->0
[87.575s][info][gc,metaspace] GC(1516) Metaspace: 615K(832K)->615K(832K) NonClass: 597K(704K)->597K(704K) Class: 17K(128K)->17K(128K)
[87.576s][info][gc          ] GC(1516) Pause Young (Normal) (G1 Evacuation Pause) 154M->5M(256M) 15.552ms
[87.577s][info][gc,cpu      ] GC(1516) User=0.01s Sys=0.01s Real=0.02s
[87.667s][info][gc,start    ] GC(1517) Pause Young (Normal) (G1 Evacuation Pause)
[87.670s][info][gc,task     ] GC(1517) Using 6 workers of 8 for evacuation
[87.680s][info][gc,phases   ] GC(1517)   Pre Evacuate Collection Set: 0.4ms
[87.685s][info][gc,phases   ] GC(1517)   Merge Heap Roots: 0.3ms
[87.687s][info][gc,phases   ] GC(1517)   Evacuate Collection Set: 7.2ms
[87.697s][info][gc,phases   ] GC(1517)   Post Evacuate Collection Set: 1.3ms
[87.701s][info][gc,phases   ] GC(1517)   Other: 0.6ms
[87.703s][info][gc,heap     ] GC(1517) Eden regions: 149->0(150)
[87.710s][info][gc,heap     ] GC(1517) Survivor regions: 4->3(20)
[87.720s][info][gc,heap     ] GC(1517) Old regions: 2->2
[87.721s][info][gc,heap     ] GC(1517) Archive regions: 2->2
[87.724s][info][gc,heap     ] GC(1517) Humongous regions: 0->0
[87.729s][info][gc,metaspace] GC(1517) Metaspace: 615K(832K)->615K(832K) NonClass: 597K(704K)->597K(704K) Class: 17K(128K)->17K(128K)
[87.732s][info][gc          ] GC(1517) Pause Young (Normal) (G1 Evacuation Pause) 154M->5M(256M) 64.828ms
[87.733s][info][gc,cpu      ] GC(1517) User=0.03s Sys=0.00s Real=0.06s
[87.813s][info][gc,start    ] GC(1518) Pause Young (Normal) (G1 Evacuation Pause)
[87.814s][info][gc,task     ] GC(1518) Using 6 workers of 8 for evacuation
[87.819s][info][gc,phases   ] GC(1518)   Pre Evacuate Collection Set: 0.3ms
[87.821s][info][gc,phases   ] GC(1518)   Merge Heap Roots: 0.3ms
[87.824s][info][gc,phases   ] GC(1518)   Evacuate Collection Set: 2.2ms
[87.825s][info][gc,phases   ] GC(1518)   Post Evacuate Collection Set: 1.0ms
[87.828s][info][gc,phases   ] GC(1518)   Other: 1.4ms
[87.834s][info][gc,heap     ] GC(1518) Eden regions: 150->0(149)
[87.843s][info][gc,heap     ] GC(1518) Survivor regions: 3->4(20)
[87.846s][info][gc,heap     ] GC(1518) Old regions: 2->2
[87.849s][info][gc,heap     ] GC(1518) Archive regions: 2->2
[87.856s][info][gc,heap     ] GC(1518) Humongous regions: 0->0
[87.860s][info][gc,metaspace] GC(1518) Metaspace: 615K(832K)->615K(832K) NonClass: 597K(704K)->597K(704K) Class: 17K(128K)->17K(128K)
[87.863s][info][gc          ] GC(1518) Pause Young (Normal) (G1 Evacuation Pause) 155M->6M(256M) 50.283ms
[87.864s][info][gc,cpu      ] GC(1518) User=0.01s Sys=0.00s Real=0.05s
[87.941s][info][gc,start    ] GC(1519) Pause Young (Normal) (G1 Evacuation Pause)
[87.946s][info][gc,task     ] GC(1519) Using 6 workers of 8 for evacuation
[87.952s][info][gc,phases   ] GC(1519)   Pre Evacuate Collection Set: 0.3ms
[87.954s][info][gc,phases   ] GC(1519)   Merge Heap Roots: 0.3ms
[87.957s][info][gc,phases   ] GC(1519)   Evacuate Collection Set: 1.1ms
[87.958s][info][gc,phases   ] GC(1519)   Post Evacuate Collection Set: 0.9ms
[87.960s][info][gc,phases   ] GC(1519)   Other: 4.1ms
[87.961s][info][gc,heap     ] GC(1519) Eden regions: 149->0(149)
[87.965s][info][gc,heap     ] GC(1519) Survivor regions: 4->4(20)
[87.969s][info][gc,heap     ] GC(1519) Old regions: 2->2
[87.970s][info][gc,heap     ] GC(1519) Archive regions: 2->2
[87.974s][info][gc,heap     ] GC(1519) Humongous regions: 0->0
[87.975s][info][gc,metaspace] GC(1519) Metaspace: 615K(832K)->615K(832K) NonClass: 597K(704K)->597K(704K) Class: 17K(128K)->17K(128K)
[87.976s][info][gc          ] GC(1519) Pause Young (Normal) (G1 Evacuation Pause) 155M->5M(256M) 34.491ms
[87.977s][info][gc,cpu      ] GC(1519) User=0.01s Sys=0.00s Real=0.04s
[88.073s][info][gc,start    ] GC(1520) Pause Young (Normal) (G1 Evacuation Pause)
[88.081s][info][gc,task     ] GC(1520) Using 6 workers of 8 for evacuation
[88.087s][info][gc,phases   ] GC(1520)   Pre Evacuate Collection Set: 0.3ms
[88.089s][info][gc,phases   ] GC(1520)   Merge Heap Roots: 0.2ms
[88.091s][info][gc,phases   ] GC(1520)   Evacuate Collection Set: 1.2ms
[88.092s][info][gc,phases   ] GC(1520)   Post Evacuate Collection Set: 0.9ms
[88.094s][info][gc,phases   ] GC(1520)   Other: 3.5ms
[88.096s][info][gc,heap     ] GC(1520) Eden regions: 149->0(149)
[88.097s][info][gc,heap     ] GC(1520) Survivor regions: 4->4(20)
[88.098s][info][gc,heap     ] GC(1520) Old regions: 2->2
[88.099s][info][gc,heap     ] GC(1520) Archive regions: 2->2
[88.100s][info][gc,heap     ] GC(1520) Humongous regions: 0->0
[88.101s][info][gc,metaspace] GC(1520) Metaspace: 615K(832K)->615K(832K) NonClass: 597K(704K)->597K(704K) Class: 17K(128K)->17K(128K)
[88.103s][info][gc          ] GC(1520) Pause Young (Normal) (G1 Evacuation Pause) 154M->5M(256M) 29.734ms
[88.103s][info][gc,cpu      ] GC(1520) User=0.00s Sys=0.01s Real=0.03s
[88.202s][info][gc,start    ] GC(1521) Pause Young (Normal) (G1 Evacuation Pause)
[88.213s][info][gc,task     ] GC(1521) Using 6 workers of 8 for evacuation
[88.231s][info][gc,phases   ] GC(1521)   Pre Evacuate Collection Set: 0.4ms
[88.239s][info][gc,phases   ] GC(1521)   Merge Heap Roots: 0.3ms
[88.253s][info][gc,phases   ] GC(1521)   Evacuate Collection Set: 14.7ms
[88.264s][info][gc,phases   ] GC(1521)   Post Evacuate Collection Set: 1.6ms
[88.269s][info][gc,phases   ] GC(1521)   Other: 1.2ms
[88.270s][info][gc,heap     ] GC(1521) Eden regions: 149->0(150)
[88.272s][info][gc,heap     ] GC(1521) Survivor regions: 4->3(20)
[88.274s][info][gc,heap     ] GC(1521) Old regions: 2->2
[88.275s][info][gc,heap     ] GC(1521) Archive regions: 2->2
[88.276s][info][gc,heap     ] GC(1521) Humongous regions: 0->0
[88.277s][info][gc,metaspace] GC(1521) Metaspace: 615K(832K)->615K(832K) NonClass: 597K(704K)->597K(704K) Class: 17K(128K)->17K(128K)
[88.279s][info][gc          ] GC(1521) Pause Young (Normal) (G1 Evacuation Pause) 154M->5M(256M) 76.527ms
[88.280s][info][gc,cpu      ] GC(1521) User=0.03s Sys=0.00s Real=0.08s
[88.370s][info][gc,start    ] GC(1522) Pause Young (Normal) (G1 Evacuation Pause)
[88.371s][info][gc,task     ] GC(1522) Using 6 workers of 8 for evacuation
[88.381s][info][gc,phases   ] GC(1522)   Pre Evacuate Collection Set: 0.5ms
[88.382s][info][gc,phases   ] GC(1522)   Merge Heap Roots: 0.2ms
[88.383s][info][gc,phases   ] GC(1522)   Evacuate Collection Set: 5.1ms
[88.385s][info][gc,phases   ] GC(1522)   Post Evacuate Collection Set: 2.4ms
[88.387s][info][gc,phases   ] GC(1522)   Other: 1.9ms
[88.387s][info][gc,heap     ] GC(1522) Eden regions: 150->0(149)
[88.390s][info][gc,heap     ] GC(1522) Survivor regions: 3->4(20)
[88.392s][info][gc,heap     ] GC(1522) Old regions: 2->2
[88.392s][info][gc,heap     ] GC(1522) Archive regions: 2->2
[88.393s][info][gc,heap     ] GC(1522) Humongous regions: 0->0
[88.393s][info][gc,metaspace] GC(1522) Metaspace: 615K(832K)->615K(832K) NonClass: 597K(704K)->597K(704K) Class: 17K(128K)->17K(128K)
[88.403s][info][gc          ] GC(1522) Pause Young (Normal) (G1 Evacuation Pause) 155M->5M(256M) 32.119ms
[88.408s][info][gc,cpu      ] GC(1522) User=0.02s Sys=0.00s Real=0.04s
[88.531s][info][gc,start    ] GC(1523) Pause Young (Normal) (G1 Evacuation Pause)
[88.535s][info][gc,task     ] GC(1523) Using 6 workers of 8 for evacuation
[88.552s][info][gc,phases   ] GC(1523)   Pre Evacuate Collection Set: 0.3ms
[88.553s][info][gc,phases   ] GC(1523)   Merge Heap Roots: 0.2ms
[88.555s][info][gc,phases   ] GC(1523)   Evacuate Collection Set: 12.3ms
[88.560s][info][gc,phases   ] GC(1523)   Post Evacuate Collection Set: 1.0ms
[88.568s][info][gc,phases   ] GC(1523)   Other: 2.6ms
[88.569s][info][gc,heap     ] GC(1523) Eden regions: 149->0(149)
[88.571s][info][gc,heap     ] GC(1523) Survivor regions: 4->4(20)
[88.574s][info][gc,heap     ] GC(1523) Old regions: 2->2
[88.578s][info][gc,heap     ] GC(1523) Archive regions: 2->2
[88.583s][info][gc,heap     ] GC(1523) Humongous regions: 0->0
[88.585s][info][gc,metaspace] GC(1523) Metaspace: 615K(832K)->615K(832K) NonClass: 597K(704K)->597K(704K) Class: 17K(128K)->17K(128K)
[88.587s][info][gc          ] GC(1523) Pause Young (Normal) (G1 Evacuation Pause) 154M->5M(256M) 56.937ms
[88.588s][info][gc,cpu      ] GC(1523) User=0.02s Sys=0.00s Real=0.06s
[88.663s][info][gc,start    ] GC(1524) Pause Young (Normal) (G1 Evacuation Pause)
[88.664s][info][gc,task     ] GC(1524) Using 6 workers of 8 for evacuation
[88.669s][info][gc,phases   ] GC(1524)   Pre Evacuate Collection Set: 0.4ms
[88.670s][info][gc,phases   ] GC(1524)   Merge Heap Roots: 0.4ms
[88.670s][info][gc,phases   ] GC(1524)   Evacuate Collection Set: 1.6ms
[88.671s][info][gc,phases   ] GC(1524)   Post Evacuate Collection Set: 0.9ms
[88.671s][info][gc,phases   ] GC(1524)   Other: 1.3ms
[88.672s][info][gc,heap     ] GC(1524) Eden regions: 149->0(150)
[88.673s][info][gc,heap     ] GC(1524) Survivor regions: 4->3(20)
[88.673s][info][gc,heap     ] GC(1524) Old regions: 2->2
[88.674s][info][gc,heap     ] GC(1524) Archive regions: 2->2
[88.675s][info][gc,heap     ] GC(1524) Humongous regions: 0->0
[88.675s][info][gc,metaspace] GC(1524) Metaspace: 615K(832K)->615K(832K) NonClass: 597K(704K)->597K(704K) Class: 17K(128K)->17K(128K)
[88.675s][info][gc          ] GC(1524) Pause Young (Normal) (G1 Evacuation Pause) 154M->5M(256M) 12.009ms
[88.676s][info][gc,cpu      ] GC(1524) User=0.01s Sys=0.00s Real=0.01s
[88.729s][info][gc,start    ] GC(1525) Pause Young (Normal) (G1 Evacuation Pause)
[88.729s][info][gc,task     ] GC(1525) Using 6 workers of 8 for evacuation
[88.733s][info][gc,phases   ] GC(1525)   Pre Evacuate Collection Set: 0.4ms
[88.733s][info][gc,phases   ] GC(1525)   Merge Heap Roots: 0.2ms
[88.734s][info][gc,phases   ] GC(1525)   Evacuate Collection Set: 1.3ms
[88.734s][info][gc,phases   ] GC(1525)   Post Evacuate Collection Set: 1.0ms
[88.735s][info][gc,phases   ] GC(1525)   Other: 0.8ms
[88.735s][info][gc,heap     ] GC(1525) Eden regions: 150->0(149)
[88.735s][info][gc,heap     ] GC(1525) Survivor regions: 3->4(20)
[88.736s][info][gc,heap     ] GC(1525) Old regions: 2->2
[88.736s][info][gc,heap     ] GC(1525) Archive regions: 2->2
[88.736s][info][gc,heap     ] GC(1525) Humongous regions: 0->0
[88.737s][info][gc,metaspace] GC(1525) Metaspace: 615K(832K)->615K(832K) NonClass: 597K(704K)->597K(704K) Class: 17K(128K)->17K(128K)
[88.737s][info][gc          ] GC(1525) Pause Young (Normal) (G1 Evacuation Pause) 155M->6M(256M) 8.688ms
[88.738s][info][gc,cpu      ] GC(1525) User=0.01s Sys=0.00s Real=0.01s
[88.787s][info][gc,start    ] GC(1526) Pause Young (Normal) (G1 Evacuation Pause)
[88.787s][info][gc,task     ] GC(1526) Using 6 workers of 8 for evacuation
[88.793s][info][gc,phases   ] GC(1526)   Pre Evacuate Collection Set: 0.3ms
[88.793s][info][gc,phases   ] GC(1526)   Merge Heap Roots: 0.4ms
[88.794s][info][gc,phases   ] GC(1526)   Evacuate Collection Set: 2.7ms
[88.794s][info][gc,phases   ] GC(1526)   Post Evacuate Collection Set: 1.6ms
[88.795s][info][gc,phases   ] GC(1526)   Other: 0.6ms
[88.795s][info][gc,heap     ] GC(1526) Eden regions: 149->0(149)
[88.795s][info][gc,heap     ] GC(1526) Survivor regions: 4->4(20)
[88.796s][info][gc,heap     ] GC(1526) Old regions: 2->2
[88.796s][info][gc,heap     ] GC(1526) Archive regions: 2->2
[88.796s][info][gc,heap     ] GC(1526) Humongous regions: 0->0
[88.797s][info][gc,metaspace] GC(1526) Metaspace: 615K(832K)->615K(832K) NonClass: 597K(704K)->597K(704K) Class: 17K(128K)->17K(128K)
[88.797s][info][gc          ] GC(1526) Pause Young (Normal) (G1 Evacuation Pause) 155M->5M(256M) 10.283ms
[88.797s][info][gc,cpu      ] GC(1526) User=0.01s Sys=0.01s Real=0.01s
[88.840s][info][gc,start    ] GC(1527) Pause Young (Normal) (G1 Evacuation Pause)
[88.841s][info][gc,task     ] GC(1527) Using 6 workers of 8 for evacuation
[88.845s][info][gc,phases   ] GC(1527)   Pre Evacuate Collection Set: 0.5ms
[88.846s][info][gc,phases   ] GC(1527)   Merge Heap Roots: 0.5ms
[88.847s][info][gc,phases   ] GC(1527)   Evacuate Collection Set: 1.7ms
[88.847s][info][gc,phases   ] GC(1527)   Post Evacuate Collection Set: 1.0ms
[88.847s][info][gc,phases   ] GC(1527)   Other: 0.7ms
[88.848s][info][gc,heap     ] GC(1527) Eden regions: 149->0(149)
[88.848s][info][gc,heap     ] GC(1527) Survivor regions: 4->4(20)
[88.848s][info][gc,heap     ] GC(1527) Old regions: 2->2
[88.849s][info][gc,heap     ] GC(1527) Archive regions: 2->2
[88.849s][info][gc,heap     ] GC(1527) Humongous regions: 0->0
[88.849s][info][gc,metaspace] GC(1527) Metaspace: 615K(832K)->615K(832K) NonClass: 597K(704K)->597K(704K) Class: 17K(128K)->17K(128K)
[88.849s][info][gc          ] GC(1527) Pause Young (Normal) (G1 Evacuation Pause) 154M->5M(256M) 9.783ms
[88.850s][info][gc,cpu      ] GC(1527) User=0.01s Sys=0.00s Real=0.01s
[88.902s][info][gc,start    ] GC(1528) Pause Young (Normal) (G1 Evacuation Pause)
[88.902s][info][gc,task     ] GC(1528) Using 6 workers of 8 for evacuation
[88.906s][info][gc,phases   ] GC(1528)   Pre Evacuate Collection Set: 0.3ms
[88.908s][info][gc,phases   ] GC(1528)   Merge Heap Roots: 0.2ms
[88.909s][info][gc,phases   ] GC(1528)   Evacuate Collection Set: 1.3ms
[88.910s][info][gc,phases   ] GC(1528)   Post Evacuate Collection Set: 1.7ms
[88.910s][info][gc,phases   ] GC(1528)   Other: 0.5ms
[88.911s][info][gc,heap     ] GC(1528) Eden regions: 149->0(150)
[88.911s][info][gc,heap     ] GC(1528) Survivor regions: 4->3(20)
[88.911s][info][gc,heap     ] GC(1528) Old regions: 2->2
[88.912s][info][gc,heap     ] GC(1528) Archive regions: 2->2
[88.912s][info][gc,heap     ] GC(1528) Humongous regions: 0->0
[88.913s][info][gc,metaspace] GC(1528) Metaspace: 615K(832K)->615K(832K) NonClass: 597K(704K)->597K(704K) Class: 17K(128K)->17K(128K)
[88.913s][info][gc          ] GC(1528) Pause Young (Normal) (G1 Evacuation Pause) 154M->5M(256M) 11.571ms
[88.914s][info][gc,cpu      ] GC(1528) User=0.01s Sys=0.00s Real=0.01s
[88.967s][info][gc,start    ] GC(1529) Pause Young (Normal) (G1 Evacuation Pause)
[88.968s][info][gc,task     ] GC(1529) Using 6 workers of 8 for evacuation
[88.971s][info][gc,phases   ] GC(1529)   Pre Evacuate Collection Set: 0.3ms
[88.972s][info][gc,phases   ] GC(1529)   Merge Heap Roots: 0.3ms
[88.973s][info][gc,phases   ] GC(1529)   Evacuate Collection Set: 1.6ms
[88.975s][info][gc,phases   ] GC(1529)   Post Evacuate Collection Set: 1.1ms
[88.976s][info][gc,phases   ] GC(1529)   Other: 0.5ms
[88.976s][info][gc,heap     ] GC(1529) Eden regions: 150->0(149)
[88.977s][info][gc,heap     ] GC(1529) Survivor regions: 3->4(20)
[88.977s][info][gc,heap     ] GC(1529) Old regions: 2->2
[88.978s][info][gc,heap     ] GC(1529) Archive regions: 2->2
[88.979s][info][gc,heap     ] GC(1529) Humongous regions: 0->0
[88.979s][info][gc,metaspace] GC(1529) Metaspace: 615K(832K)->615K(832K) NonClass: 597K(704K)->597K(704K) Class: 17K(128K)->17K(128K)
[88.980s][info][gc          ] GC(1529) Pause Young (Normal) (G1 Evacuation Pause) 155M->5M(256M) 12.950ms
[88.980s][info][gc,cpu      ] GC(1529) User=0.01s Sys=0.00s Real=0.01s
[89.030s][info][gc,start    ] GC(1530) Pause Young (Normal) (G1 Evacuation Pause)
[89.031s][info][gc,task     ] GC(1530) Using 6 workers of 8 for evacuation
[89.034s][info][gc,phases   ] GC(1530)   Pre Evacuate Collection Set: 0.3ms
[89.035s][info][gc,phases   ] GC(1530)   Merge Heap Roots: 0.4ms
[89.035s][info][gc,phases   ] GC(1530)   Evacuate Collection Set: 1.3ms
[89.036s][info][gc,phases   ] GC(1530)   Post Evacuate Collection Set: 1.0ms
[89.036s][info][gc,phases   ] GC(1530)   Other: 0.7ms
[89.036s][info][gc,heap     ] GC(1530) Eden regions: 149->0(149)
[89.037s][info][gc,heap     ] GC(1530) Survivor regions: 4->4(20)
[89.037s][info][gc,heap     ] GC(1530) Old regions: 2->2
[89.037s][info][gc,heap     ] GC(1530) Archive regions: 2->2
[89.038s][info][gc,heap     ] GC(1530) Humongous regions: 0->0
[89.038s][info][gc,metaspace] GC(1530) Metaspace: 615K(832K)->615K(832K) NonClass: 597K(704K)->597K(704K) Class: 17K(128K)->17K(128K)
[89.038s][info][gc          ] GC(1530) Pause Young (Normal) (G1 Evacuation Pause) 154M->5M(256M) 8.814ms
[89.039s][info][gc,cpu      ] GC(1530) User=0.01s Sys=0.00s Real=0.01s
[89.087s][info][gc,start    ] GC(1531) Pause Young (Normal) (G1 Evacuation Pause)
[89.087s][info][gc,task     ] GC(1531) Using 6 workers of 8 for evacuation
[89.093s][info][gc,phases   ] GC(1531)   Pre Evacuate Collection Set: 0.3ms
[89.094s][info][gc,phases   ] GC(1531)   Merge Heap Roots: 0.3ms
[89.094s][info][gc,phases   ] GC(1531)   Evacuate Collection Set: 2.7ms
[89.094s][info][gc,phases   ] GC(1531)   Post Evacuate Collection Set: 1.7ms
[89.095s][info][gc,phases   ] GC(1531)   Other: 0.5ms
[89.095s][info][gc,heap     ] GC(1531) Eden regions: 149->0(150)
[89.096s][info][gc,heap     ] GC(1531) Survivor regions: 4->3(20)
[89.096s][info][gc,heap     ] GC(1531) Old regions: 2->2
[89.097s][info][gc,heap     ] GC(1531) Archive regions: 2->2
[89.097s][info][gc,heap     ] GC(1531) Humongous regions: 0->0
[89.097s][info][gc,metaspace] GC(1531) Metaspace: 615K(832K)->615K(832K) NonClass: 597K(704K)->597K(704K) Class: 17K(128K)->17K(128K)
[89.098s][info][gc          ] GC(1531) Pause Young (Normal) (G1 Evacuation Pause) 154M->5M(256M) 10.763ms
[89.098s][info][gc,cpu      ] GC(1531) User=0.02s Sys=0.00s Real=0.01s
[89.150s][info][gc,start    ] GC(1532) Pause Young (Normal) (G1 Evacuation Pause)
[89.150s][info][gc,task     ] GC(1532) Using 6 workers of 8 for evacuation
[89.153s][info][gc,phases   ] GC(1532)   Pre Evacuate Collection Set: 0.2ms
[89.153s][info][gc,phases   ] GC(1532)   Merge Heap Roots: 0.2ms
[89.154s][info][gc,phases   ] GC(1532)   Evacuate Collection Set: 1.2ms
[89.154s][info][gc,phases   ] GC(1532)   Post Evacuate Collection Set: 0.9ms
[89.155s][info][gc,phases   ] GC(1532)   Other: 0.4ms
[89.156s][info][gc,heap     ] GC(1532) Eden regions: 150->0(149)
[89.157s][info][gc,heap     ] GC(1532) Survivor regions: 3->4(20)
[89.158s][info][gc,heap     ] GC(1532) Old regions: 2->2
[89.159s][info][gc,heap     ] GC(1532) Archive regions: 2->2
[89.159s][info][gc,heap     ] GC(1532) Humongous regions: 0->0
[89.160s][info][gc,metaspace] GC(1532) Metaspace: 615K(832K)->615K(832K) NonClass: 597K(704K)->597K(704K) Class: 17K(128K)->17K(128K)
[89.160s][info][gc          ] GC(1532) Pause Young (Normal) (G1 Evacuation Pause) 155M->6M(256M) 10.874ms
[89.161s][info][gc,cpu      ] GC(1532) User=0.01s Sys=0.00s Real=0.01s
[89.229s][info][gc,start    ] GC(1533) Pause Young (Normal) (G1 Evacuation Pause)
[89.231s][info][gc,task     ] GC(1533) Using 6 workers of 8 for evacuation
[89.234s][info][gc,phases   ] GC(1533)   Pre Evacuate Collection Set: 0.3ms
[89.235s][info][gc,phases   ] GC(1533)   Merge Heap Roots: 0.2ms
[89.235s][info][gc,phases   ] GC(1533)   Evacuate Collection Set: 1.4ms
[89.236s][info][gc,phases   ] GC(1533)   Post Evacuate Collection Set: 1.0ms
[89.236s][info][gc,phases   ] GC(1533)   Other: 0.9ms
[89.237s][info][gc,heap     ] GC(1533) Eden regions: 149->0(149)
[89.237s][info][gc,heap     ] GC(1533) Survivor regions: 4->4(20)
[89.237s][info][gc,heap     ] GC(1533) Old regions: 2->2
[89.238s][info][gc,heap     ] GC(1533) Archive regions: 2->2
[89.238s][info][gc,heap     ] GC(1533) Humongous regions: 0->0
[89.239s][info][gc,metaspace] GC(1533) Metaspace: 615K(832K)->615K(832K) NonClass: 597K(704K)->597K(704K) Class: 17K(128K)->17K(128K)
[89.240s][info][gc          ] GC(1533) Pause Young (Normal) (G1 Evacuation Pause) 155M->5M(256M) 10.181ms
[89.241s][info][gc,cpu      ] GC(1533) User=0.00s Sys=0.00s Real=0.01s
[89.293s][info][gc,start    ] GC(1534) Pause Young (Normal) (G1 Evacuation Pause)
[89.295s][info][gc,task     ] GC(1534) Using 6 workers of 8 for evacuation
[89.298s][info][gc,phases   ] GC(1534)   Pre Evacuate Collection Set: 0.4ms
[89.299s][info][gc,phases   ] GC(1534)   Merge Heap Roots: 0.3ms
[89.300s][info][gc,phases   ] GC(1534)   Evacuate Collection Set: 1.4ms
[89.300s][info][gc,phases   ] GC(1534)   Post Evacuate Collection Set: 0.9ms
[89.300s][info][gc,phases   ] GC(1534)   Other: 0.7ms
[89.301s][info][gc,heap     ] GC(1534) Eden regions: 149->0(150)
[89.301s][info][gc,heap     ] GC(1534) Survivor regions: 4->3(20)
[89.301s][info][gc,heap     ] GC(1534) Old regions: 2->2
[89.302s][info][gc,heap     ] GC(1534) Archive regions: 2->2
[89.302s][info][gc,heap     ] GC(1534) Humongous regions: 0->0
[89.303s][info][gc,metaspace] GC(1534) Metaspace: 615K(832K)->615K(832K) NonClass: 597K(704K)->597K(704K) Class: 17K(128K)->17K(128K)
[89.303s][info][gc          ] GC(1534) Pause Young (Normal) (G1 Evacuation Pause) 154M->5M(256M) 10.023ms
[89.304s][info][gc,cpu      ] GC(1534) User=0.01s Sys=0.00s Real=0.01s
[89.353s][info][gc,start    ] GC(1535) Pause Young (Normal) (G1 Evacuation Pause)
[89.354s][info][gc,task     ] GC(1535) Using 6 workers of 8 for evacuation
[89.359s][info][gc,phases   ] GC(1535)   Pre Evacuate Collection Set: 0.3ms
[89.360s][info][gc,phases   ] GC(1535)   Merge Heap Roots: 0.2ms
[89.360s][info][gc,phases   ] GC(1535)   Evacuate Collection Set: 2.6ms
[89.361s][info][gc,phases   ] GC(1535)   Post Evacuate Collection Set: 1.5ms
[89.361s][info][gc,phases   ] GC(1535)   Other: 0.6ms
[89.361s][info][gc,heap     ] GC(1535) Eden regions: 150->0(149)
[89.362s][info][gc,heap     ] GC(1535) Survivor regions: 3->4(20)
[89.362s][info][gc,heap     ] GC(1535) Old regions: 2->2
[89.363s][info][gc,heap     ] GC(1535) Archive regions: 2->2
[89.363s][info][gc,heap     ] GC(1535) Humongous regions: 0->0
[89.364s][info][gc,metaspace] GC(1535) Metaspace: 615K(832K)->615K(832K) NonClass: 597K(704K)->597K(704K) Class: 17K(128K)->17K(128K)
[89.364s][info][gc          ] GC(1535) Pause Young (Normal) (G1 Evacuation Pause) 155M->6M(256M) 10.624ms
[89.364s][info][gc,cpu      ] GC(1535) User=0.01s Sys=0.01s Real=0.01s
[89.406s][info][gc,start    ] GC(1536) Pause Young (Normal) (G1 Evacuation Pause)
[89.407s][info][gc,task     ] GC(1536) Using 6 workers of 8 for evacuation
[89.412s][info][gc,phases   ] GC(1536)   Pre Evacuate Collection Set: 0.7ms
[89.413s][info][gc,phases   ] GC(1536)   Merge Heap Roots: 0.5ms
[89.413s][info][gc,phases   ] GC(1536)   Evacuate Collection Set: 1.3ms
[89.414s][info][gc,phases   ] GC(1536)   Post Evacuate Collection Set: 1.0ms
[89.414s][info][gc,phases   ] GC(1536)   Other: 1.0ms
[89.415s][info][gc,heap     ] GC(1536) Eden regions: 149->0(149)
[89.415s][info][gc,heap     ] GC(1536) Survivor regions: 4->4(20)
[89.415s][info][gc,heap     ] GC(1536) Old regions: 2->2
[89.416s][info][gc,heap     ] GC(1536) Archive regions: 2->2
[89.416s][info][gc,heap     ] GC(1536) Humongous regions: 0->0
[89.417s][info][gc,metaspace] GC(1536) Metaspace: 615K(832K)->615K(832K) NonClass: 597K(704K)->597K(704K) Class: 17K(128K)->17K(128K)
[89.417s][info][gc          ] GC(1536) Pause Young (Normal) (G1 Evacuation Pause) 155M->5M(256M) 10.772ms
[89.417s][info][gc,cpu      ] GC(1536) User=0.01s Sys=0.00s Real=0.02s
[89.469s][info][gc,start    ] GC(1537) Pause Young (Normal) (G1 Evacuation Pause)
[89.469s][info][gc,task     ] GC(1537) Using 6 workers of 8 for evacuation
[89.472s][info][gc,phases   ] GC(1537)   Pre Evacuate Collection Set: 0.3ms
[89.473s][info][gc,phases   ] GC(1537)   Merge Heap Roots: 0.2ms
[89.474s][info][gc,phases   ] GC(1537)   Evacuate Collection Set: 1.3ms
[89.476s][info][gc,phases   ] GC(1537)   Post Evacuate Collection Set: 1.0ms
[89.477s][info][gc,phases   ] GC(1537)   Other: 0.6ms
[89.477s][info][gc,heap     ] GC(1537) Eden regions: 149->0(150)
[89.478s][info][gc,heap     ] GC(1537) Survivor regions: 4->3(20)
[89.478s][info][gc,heap     ] GC(1537) Old regions: 2->2
[89.478s][info][gc,heap     ] GC(1537) Archive regions: 2->2
[89.479s][info][gc,heap     ] GC(1537) Humongous regions: 0->0
[89.479s][info][gc,metaspace] GC(1537) Metaspace: 615K(832K)->615K(832K) NonClass: 597K(704K)->597K(704K) Class: 17K(128K)->17K(128K)
[89.480s][info][gc          ] GC(1537) Pause Young (Normal) (G1 Evacuation Pause) 154M->5M(256M) 11.228ms
[89.480s][info][gc,cpu      ] GC(1537) User=0.01s Sys=0.00s Real=0.01s
[89.527s][info][gc,start    ] GC(1538) Pause Young (Normal) (G1 Evacuation Pause)
[89.528s][info][gc,task     ] GC(1538) Using 6 workers of 8 for evacuation
[89.533s][info][gc,phases   ] GC(1538)   Pre Evacuate Collection Set: 0.4ms
[89.534s][info][gc,phases   ] GC(1538)   Merge Heap Roots: 0.3ms
[89.534s][info][gc,phases   ] GC(1538)   Evacuate Collection Set: 2.5ms
[89.535s][info][gc,phases   ] GC(1538)   Post Evacuate Collection Set: 1.2ms
[89.535s][info][gc,phases   ] GC(1538)   Other: 0.8ms
[89.536s][info][gc,heap     ] GC(1538) Eden regions: 150->0(149)
[89.536s][info][gc,heap     ] GC(1538) Survivor regions: 3->4(20)
[89.537s][info][gc,heap     ] GC(1538) Old regions: 2->2
[89.537s][info][gc,heap     ] GC(1538) Archive regions: 2->2
[89.537s][info][gc,heap     ] GC(1538) Humongous regions: 0->0
[89.540s][info][gc,metaspace] GC(1538) Metaspace: 615K(832K)->615K(832K) NonClass: 597K(704K)->597K(704K) Class: 17K(128K)->17K(128K)
[89.543s][info][gc          ] GC(1538) Pause Young (Normal) (G1 Evacuation Pause) 155M->6M(256M) 15.979ms
[89.544s][info][gc,cpu      ] GC(1538) User=0.00s Sys=0.01s Real=0.01s
[89.598s][info][gc,start    ] GC(1539) Pause Young (Normal) (G1 Evacuation Pause)
[89.598s][info][gc,task     ] GC(1539) Using 6 workers of 8 for evacuation
[89.602s][info][gc,phases   ] GC(1539)   Pre Evacuate Collection Set: 0.4ms
[89.602s][info][gc,phases   ] GC(1539)   Merge Heap Roots: 0.3ms
[89.603s][info][gc,phases   ] GC(1539)   Evacuate Collection Set: 1.4ms
[89.603s][info][gc,phases   ] GC(1539)   Post Evacuate Collection Set: 0.9ms
[89.604s][info][gc,phases   ] GC(1539)   Other: 0.5ms
[89.604s][info][gc,heap     ] GC(1539) Eden regions: 149->0(149)
[89.604s][info][gc,heap     ] GC(1539) Survivor regions: 4->4(20)
[89.605s][info][gc,heap     ] GC(1539) Old regions: 2->2
[89.605s][info][gc,heap     ] GC(1539) Archive regions: 2->2
[89.606s][info][gc,heap     ] GC(1539) Humongous regions: 0->0
[89.607s][info][gc,metaspace] GC(1539) Metaspace: 615K(832K)->615K(832K) NonClass: 597K(704K)->597K(704K) Class: 17K(128K)->17K(128K)
[89.608s][info][gc          ] GC(1539) Pause Young (Normal) (G1 Evacuation Pause) 155M->5M(256M) 10.216ms
[89.609s][info][gc,cpu      ] GC(1539) User=0.01s Sys=0.00s Real=0.01s
[89.658s][info][gc,start    ] GC(1540) Pause Young (Normal) (G1 Evacuation Pause)
[89.661s][info][gc,task     ] GC(1540) Using 6 workers of 8 for evacuation
[89.665s][info][gc,phases   ] GC(1540)   Pre Evacuate Collection Set: 0.4ms
[89.666s][info][gc,phases   ] GC(1540)   Merge Heap Roots: 0.2ms
[89.666s][info][gc,phases   ] GC(1540)   Evacuate Collection Set: 1.9ms
[89.667s][info][gc,phases   ] GC(1540)   Post Evacuate Collection Set: 1.0ms
[89.667s][info][gc,phases   ] GC(1540)   Other: 1.0ms
[89.667s][info][gc,heap     ] GC(1540) Eden regions: 149->0(149)
[89.668s][info][gc,heap     ] GC(1540) Survivor regions: 4->4(20)
[89.669s][info][gc,heap     ] GC(1540) Old regions: 2->2
[89.669s][info][gc,heap     ] GC(1540) Archive regions: 2->2
[89.670s][info][gc,heap     ] GC(1540) Humongous regions: 0->0
[89.670s][info][gc,metaspace] GC(1540) Metaspace: 615K(832K)->615K(832K) NonClass: 597K(704K)->597K(704K) Class: 17K(128K)->17K(128K)
[89.671s][info][gc          ] GC(1540) Pause Young (Normal) (G1 Evacuation Pause) 154M->5M(256M) 13.453ms
[89.673s][info][gc,cpu      ] GC(1540) User=0.01s Sys=0.00s Real=0.01s
[89.771s][info][gc,start    ] GC(1541) Pause Young (Normal) (G1 Evacuation Pause)
[89.778s][info][gc,task     ] GC(1541) Using 6 workers of 8 for evacuation
[89.830s][info][gc,phases   ] GC(1541)   Pre Evacuate Collection Set: 26.0ms
[89.892s][info][gc,phases   ] GC(1541)   Merge Heap Roots: 0.3ms
[89.898s][info][gc,phases   ] GC(1541)   Evacuate Collection Set: 1.4ms
[89.902s][info][gc,phases   ] GC(1541)   Post Evacuate Collection Set: 0.9ms
[89.904s][info][gc,phases   ] GC(1541)   Other: 24.0ms
[89.906s][info][gc,heap     ] GC(1541) Eden regions: 149->0(150)
[89.908s][info][gc,heap     ] GC(1541) Survivor regions: 4->3(20)
[89.908s][info][gc,heap     ] GC(1541) Old regions: 2->2
[89.909s][info][gc,heap     ] GC(1541) Archive regions: 2->2
[89.910s][info][gc,heap     ] GC(1541) Humongous regions: 0->0
[89.910s][info][gc,metaspace] GC(1541) Metaspace: 615K(832K)->615K(832K) NonClass: 597K(704K)->597K(704K) Class: 17K(128K)->17K(128K)
[89.912s][info][gc          ] GC(1541) Pause Young (Normal) (G1 Evacuation Pause) 154M->5M(256M) 140.904ms
[89.913s][info][gc,cpu      ] GC(1541) User=0.03s Sys=0.00s Real=0.14s
[90.007s][info][gc,start    ] GC(1542) Pause Young (Normal) (G1 Evacuation Pause)
[90.011s][info][gc,task     ] GC(1542) Using 6 workers of 8 for evacuation
[90.018s][info][gc,phases   ] GC(1542)   Pre Evacuate Collection Set: 0.3ms
[90.018s][info][gc,phases   ] GC(1542)   Merge Heap Roots: 0.3ms
[90.019s][info][gc,phases   ] GC(1542)   Evacuate Collection Set: 1.5ms
[90.019s][info][gc,phases   ] GC(1542)   Post Evacuate Collection Set: 1.0ms
[90.020s][info][gc,phases   ] GC(1542)   Other: 3.6ms
[90.020s][info][gc,heap     ] GC(1542) Eden regions: 150->0(149)
[90.021s][info][gc,heap     ] GC(1542) Survivor regions: 3->4(20)
[90.021s][info][gc,heap     ] GC(1542) Old regions: 2->2
[90.026s][info][gc,heap     ] GC(1542) Archive regions: 2->2
[90.027s][info][gc,heap     ] GC(1542) Humongous regions: 0->0
[90.030s][info][gc,metaspace] GC(1542) Metaspace: 615K(832K)->615K(832K) NonClass: 597K(704K)->597K(704K) Class: 17K(128K)->17K(128K)
[90.031s][info][gc          ] GC(1542) Pause Young (Normal) (G1 Evacuation Pause) 155M->6M(256M) 23.981ms
[90.031s][info][gc,cpu      ] GC(1542) User=0.00s Sys=0.01s Real=0.02s
[90.084s][info][gc,start    ] GC(1543) Pause Young (Normal) (G1 Evacuation Pause)
[90.084s][info][gc,task     ] GC(1543) Using 6 workers of 8 for evacuation
[90.088s][info][gc,phases   ] GC(1543)   Pre Evacuate Collection Set: 0.4ms
[90.090s][info][gc,phases   ] GC(1543)   Merge Heap Roots: 0.3ms
[90.091s][info][gc,phases   ] GC(1543)   Evacuate Collection Set: 1.4ms
[90.092s][info][gc,phases   ] GC(1543)   Post Evacuate Collection Set: 1.0ms
[90.093s][info][gc,phases   ] GC(1543)   Other: 0.5ms
[90.094s][info][gc,heap     ] GC(1543) Eden regions: 149->0(149)
[90.094s][info][gc,heap     ] GC(1543) Survivor regions: 4->4(20)
[90.095s][info][gc,heap     ] GC(1543) Old regions: 2->2
[90.095s][info][gc,heap     ] GC(1543) Archive regions: 2->2
[90.096s][info][gc,heap     ] GC(1543) Humongous regions: 0->0
[90.096s][info][gc,metaspace] GC(1543) Metaspace: 615K(832K)->615K(832K) NonClass: 597K(704K)->597K(704K) Class: 17K(128K)->17K(128K)
[90.096s][info][gc          ] GC(1543) Pause Young (Normal) (G1 Evacuation Pause) 155M->5M(256M) 12.785ms
[90.097s][info][gc,cpu      ] GC(1543) User=0.00s Sys=0.01s Real=0.02s
[90.147s][info][gc,start    ] GC(1544) Pause Young (Normal) (G1 Evacuation Pause)
[90.147s][info][gc,task     ] GC(1544) Using 6 workers of 8 for evacuation
[90.151s][info][gc,phases   ] GC(1544)   Pre Evacuate Collection Set: 0.3ms
[90.151s][info][gc,phases   ] GC(1544)   Merge Heap Roots: 0.3ms
[90.152s][info][gc,phases   ] GC(1544)   Evacuate Collection Set: 1.3ms
[90.152s][info][gc,phases   ] GC(1544)   Post Evacuate Collection Set: 1.0ms
[90.152s][info][gc,phases   ] GC(1544)   Other: 0.5ms
[90.153s][info][gc,heap     ] GC(1544) Eden regions: 149->0(149)
[90.153s][info][gc,heap     ] GC(1544) Survivor regions: 4->4(20)
[90.154s][info][gc,heap     ] GC(1544) Old regions: 2->2
[90.154s][info][gc,heap     ] GC(1544) Archive regions: 2->2
[90.154s][info][gc,heap     ] GC(1544) Humongous regions: 0->0
[90.155s][info][gc,metaspace] GC(1544) Metaspace: 615K(832K)->615K(832K) NonClass: 597K(704K)->597K(704K) Class: 17K(128K)->17K(128K)
[90.157s][info][gc          ] GC(1544) Pause Young (Normal) (G1 Evacuation Pause) 154M->5M(256M) 10.158ms
[90.158s][info][gc,cpu      ] GC(1544) User=0.00s Sys=0.00s Real=0.01s
[90.210s][info][gc,start    ] GC(1545) Pause Young (Normal) (G1 Evacuation Pause)
[90.211s][info][gc,task     ] GC(1545) Using 6 workers of 8 for evacuation
[90.214s][info][gc,phases   ] GC(1545)   Pre Evacuate Collection Set: 0.3ms
[90.215s][info][gc,phases   ] GC(1545)   Merge Heap Roots: 0.3ms
[90.215s][info][gc,phases   ] GC(1545)   Evacuate Collection Set: 1.3ms
[90.215s][info][gc,phases   ] GC(1545)   Post Evacuate Collection Set: 1.0ms
[90.216s][info][gc,phases   ] GC(1545)   Other: 0.6ms
[90.216s][info][gc,heap     ] GC(1545) Eden regions: 149->0(150)
[90.216s][info][gc,heap     ] GC(1545) Survivor regions: 4->3(20)
[90.217s][info][gc,heap     ] GC(1545) Old regions: 2->2
[90.217s][info][gc,heap     ] GC(1545) Archive regions: 2->2
[90.218s][info][gc,heap     ] GC(1545) Humongous regions: 0->0
[90.218s][info][gc,metaspace] GC(1545) Metaspace: 615K(832K)->615K(832K) NonClass: 597K(704K)->597K(704K) Class: 17K(128K)->17K(128K)
[90.218s][info][gc          ] GC(1545) Pause Young (Normal) (G1 Evacuation Pause) 154M->5M(256M) 8.426ms
[90.219s][info][gc,cpu      ] GC(1545) User=0.01s Sys=0.00s Real=0.01s
[90.269s][info][gc,start    ] GC(1546) Pause Young (Normal) (G1 Evacuation Pause)
[90.270s][info][gc,task     ] GC(1546) Using 6 workers of 8 for evacuation
[90.275s][info][gc,phases   ] GC(1546)   Pre Evacuate Collection Set: 0.3ms
[90.276s][info][gc,phases   ] GC(1546)   Merge Heap Roots: 0.2ms
[90.277s][info][gc,phases   ] GC(1546)   Evacuate Collection Set: 1.9ms
[90.277s][info][gc,phases   ] GC(1546)   Post Evacuate Collection Set: 2.0ms
[90.278s][info][gc,phases   ] GC(1546)   Other: 0.6ms
[90.278s][info][gc,heap     ] GC(1546) Eden regions: 150->0(149)
[90.279s][info][gc,heap     ] GC(1546) Survivor regions: 3->4(20)
[90.279s][info][gc,heap     ] GC(1546) Old regions: 2->2
[90.279s][info][gc,heap     ] GC(1546) Archive regions: 2->2
[90.280s][info][gc,heap     ] GC(1546) Humongous regions: 0->0
[90.280s][info][gc,metaspace] GC(1546) Metaspace: 615K(832K)->615K(832K) NonClass: 597K(704K)->597K(704K) Class: 17K(128K)->17K(128K)
[90.281s][info][gc          ] GC(1546) Pause Young (Normal) (G1 Evacuation Pause) 155M->6M(256M) 11.503ms
[90.281s][info][gc,cpu      ] GC(1546) User=0.01s Sys=0.00s Real=0.01s
[90.348s][info][gc,start    ] GC(1547) Pause Young (Normal) (G1 Evacuation Pause)
[90.349s][info][gc,task     ] GC(1547) Using 6 workers of 8 for evacuation
[90.353s][info][gc,phases   ] GC(1547)   Pre Evacuate Collection Set: 0.4ms
[90.353s][info][gc,phases   ] GC(1547)   Merge Heap Roots: 0.3ms
[90.354s][info][gc,phases   ] GC(1547)   Evacuate Collection Set: 1.8ms
[90.354s][info][gc,phases   ] GC(1547)   Post Evacuate Collection Set: 1.1ms
[90.354s][info][gc,phases   ] GC(1547)   Other: 0.6ms
[90.355s][info][gc,heap     ] GC(1547) Eden regions: 149->0(149)
[90.356s][info][gc,heap     ] GC(1547) Survivor regions: 4->4(20)
[90.357s][info][gc,heap     ] GC(1547) Old regions: 2->2
[90.358s][info][gc,heap     ] GC(1547) Archive regions: 2->2
[90.359s][info][gc,heap     ] GC(1547) Humongous regions: 0->0
[90.361s][info][gc,metaspace] GC(1547) Metaspace: 615K(832K)->615K(832K) NonClass: 597K(704K)->597K(704K) Class: 17K(128K)->17K(128K)
[90.361s][info][gc          ] GC(1547) Pause Young (Normal) (G1 Evacuation Pause) 155M->5M(256M) 12.971ms
[90.361s][info][gc,cpu      ] GC(1547) User=0.01s Sys=0.01s Real=0.01s
[90.420s][info][gc,start    ] GC(1548) Pause Young (Normal) (G1 Evacuation Pause)
[90.421s][info][gc,task     ] GC(1548) Using 6 workers of 8 for evacuation
[90.431s][info][gc,phases   ] GC(1548)   Pre Evacuate Collection Set: 1.8ms
[90.436s][info][gc,phases   ] GC(1548)   Merge Heap Roots: 1.4ms
[90.438s][info][gc,phases   ] GC(1548)   Evacuate Collection Set: 4.6ms
[90.442s][info][gc,phases   ] GC(1548)   Post Evacuate Collection Set: 1.4ms
[90.444s][info][gc,phases   ] GC(1548)   Other: 1.0ms
[90.445s][info][gc,heap     ] GC(1548) Eden regions: 149->0(150)
[90.445s][info][gc,heap     ] GC(1548) Survivor regions: 4->3(20)
[90.446s][info][gc,heap     ] GC(1548) Old regions: 2->2
[90.446s][info][gc,heap     ] GC(1548) Archive regions: 2->2
[90.447s][info][gc,heap     ] GC(1548) Humongous regions: 0->0
[90.447s][info][gc,metaspace] GC(1548) Metaspace: 615K(832K)->615K(832K) NonClass: 597K(704K)->597K(704K) Class: 17K(128K)->17K(128K)
[90.447s][info][gc          ] GC(1548) Pause Young (Normal) (G1 Evacuation Pause) 154M->5M(256M) 27.531ms
[90.448s][info][gc,cpu      ] GC(1548) User=0.01s Sys=0.00s Real=0.03s
[90.518s][info][gc,start    ] GC(1549) Pause Young (Normal) (G1 Evacuation Pause)
[90.519s][info][gc,task     ] GC(1549) Using 6 workers of 8 for evacuation
[90.530s][info][gc,phases   ] GC(1549)   Pre Evacuate Collection Set: 0.9ms
[90.531s][info][gc,phases   ] GC(1549)   Merge Heap Roots: 0.3ms
[90.532s][info][gc,phases   ] GC(1549)   Evacuate Collection Set: 2.5ms
[90.532s][info][gc,phases   ] GC(1549)   Post Evacuate Collection Set: 6.2ms
[90.533s][info][gc,phases   ] GC(1549)   Other: 1.0ms
[90.533s][info][gc,heap     ] GC(1549) Eden regions: 150->0(149)
[90.533s][info][gc,heap     ] GC(1549) Survivor regions: 3->4(20)
[90.534s][info][gc,heap     ] GC(1549) Old regions: 2->2
[90.534s][info][gc,heap     ] GC(1549) Archive regions: 2->2
[90.535s][info][gc,heap     ] GC(1549) Humongous regions: 0->0
[90.535s][info][gc,metaspace] GC(1549) Metaspace: 615K(832K)->615K(832K) NonClass: 597K(704K)->597K(704K) Class: 17K(128K)->17K(128K)
[90.536s][info][gc          ] GC(1549) Pause Young (Normal) (G1 Evacuation Pause) 155M->6M(256M) 18.485ms
[90.537s][info][gc,cpu      ] GC(1549) User=0.01s Sys=0.01s Real=0.02s
[90.601s][info][gc,start    ] GC(1550) Pause Young (Normal) (G1 Evacuation Pause)
[90.602s][info][gc,task     ] GC(1550) Using 6 workers of 8 for evacuation
[90.615s][info][gc,phases   ] GC(1550)   Pre Evacuate Collection Set: 0.7ms
[90.615s][info][gc,phases   ] GC(1550)   Merge Heap Roots: 0.9ms
[90.616s][info][gc,phases   ] GC(1550)   Evacuate Collection Set: 8.8ms
[90.617s][info][gc,phases   ] GC(1550)   Post Evacuate Collection Set: 1.7ms
[90.617s][info][gc,phases   ] GC(1550)   Other: 0.6ms
[90.618s][info][gc,heap     ] GC(1550) Eden regions: 149->0(149)
[90.618s][info][gc,heap     ] GC(1550) Survivor regions: 4->4(20)
[90.619s][info][gc,heap     ] GC(1550) Old regions: 2->2
[90.619s][info][gc,heap     ] GC(1550) Archive regions: 2->2
[90.620s][info][gc,heap     ] GC(1550) Humongous regions: 0->0
[90.620s][info][gc,metaspace] GC(1550) Metaspace: 615K(832K)->615K(832K) NonClass: 597K(704K)->597K(704K) Class: 17K(128K)->17K(128K)
[90.621s][info][gc          ] GC(1550) Pause Young (Normal) (G1 Evacuation Pause) 155M->5M(256M) 19.761ms
[90.622s][info][gc,cpu      ] GC(1550) User=0.03s Sys=0.00s Real=0.02s
[90.687s][info][gc,start    ] GC(1551) Pause Young (Normal) (G1 Evacuation Pause)
[90.688s][info][gc,task     ] GC(1551) Using 6 workers of 8 for evacuation
[90.694s][info][gc,phases   ] GC(1551)   Pre Evacuate Collection Set: 0.4ms
[90.695s][info][gc,phases   ] GC(1551)   Merge Heap Roots: 0.5ms
[90.696s][info][gc,phases   ] GC(1551)   Evacuate Collection Set: 3.3ms
[90.696s][info][gc,phases   ] GC(1551)   Post Evacuate Collection Set: 1.5ms
[90.697s][info][gc,phases   ] GC(1551)   Other: 0.8ms
[90.697s][info][gc,heap     ] GC(1551) Eden regions: 149->0(150)
[90.697s][info][gc,heap     ] GC(1551) Survivor regions: 4->3(20)
[90.698s][info][gc,heap     ] GC(1551) Old regions: 2->2
[90.698s][info][gc,heap     ] GC(1551) Archive regions: 2->2
[90.698s][info][gc,heap     ] GC(1551) Humongous regions: 0->0
[90.699s][info][gc,metaspace] GC(1551) Metaspace: 615K(832K)->615K(832K) NonClass: 597K(704K)->597K(704K) Class: 17K(128K)->17K(128K)
[90.699s][info][gc          ] GC(1551) Pause Young (Normal) (G1 Evacuation Pause) 154M->5M(256M) 11.901ms
[90.699s][info][gc,cpu      ] GC(1551) User=0.01s Sys=0.00s Real=0.01s
[90.751s][info][gc,start    ] GC(1552) Pause Young (Normal) (G1 Evacuation Pause)
[90.752s][info][gc,task     ] GC(1552) Using 6 workers of 8 for evacuation
[90.757s][info][gc,phases   ] GC(1552)   Pre Evacuate Collection Set: 0.3ms
[90.758s][info][gc,phases   ] GC(1552)   Merge Heap Roots: 0.3ms
[90.759s][info][gc,phases   ] GC(1552)   Evacuate Collection Set: 2.0ms
[90.760s][info][gc,phases   ] GC(1552)   Post Evacuate Collection Set: 2.5ms
[90.760s][info][gc,phases   ] GC(1552)   Other: 0.6ms
[90.761s][info][gc,heap     ] GC(1552) Eden regions: 150->0(149)
[90.762s][info][gc,heap     ] GC(1552) Survivor regions: 3->4(20)
[90.762s][info][gc,heap     ] GC(1552) Old regions: 2->2
[90.762s][info][gc,heap     ] GC(1552) Archive regions: 2->2
[90.763s][info][gc,heap     ] GC(1552) Humongous regions: 0->0
[90.763s][info][gc,metaspace] GC(1552) Metaspace: 615K(832K)->615K(832K) NonClass: 597K(704K)->597K(704K) Class: 17K(128K)->17K(128K)
[90.764s][info][gc          ] GC(1552) Pause Young (Normal) (G1 Evacuation Pause) 155M->6M(256M) 12.542ms
[90.764s][info][gc,cpu      ] GC(1552) User=0.01s Sys=0.01s Real=0.01s
[90.815s][info][gc,start    ] GC(1553) Pause Young (Normal) (G1 Evacuation Pause)
[90.816s][info][gc,task     ] GC(1553) Using 6 workers of 8 for evacuation
[90.819s][info][gc,phases   ] GC(1553)   Pre Evacuate Collection Set: 0.3ms
[90.819s][info][gc,phases   ] GC(1553)   Merge Heap Roots: 0.3ms
[90.820s][info][gc,phases   ] GC(1553)   Evacuate Collection Set: 1.2ms
[90.820s][info][gc,phases   ] GC(1553)   Post Evacuate Collection Set: 1.0ms
[90.820s][info][gc,phases   ] GC(1553)   Other: 0.4ms
[90.821s][info][gc,heap     ] GC(1553) Eden regions: 149->0(149)
[90.822s][info][gc,heap     ] GC(1553) Survivor regions: 4->4(20)
[90.822s][info][gc,heap     ] GC(1553) Old regions: 2->2
[90.823s][info][gc,heap     ] GC(1553) Archive regions: 2->2
[90.824s][info][gc,heap     ] GC(1553) Humongous regions: 0->0
[90.825s][info][gc,metaspace] GC(1553) Metaspace: 615K(832K)->615K(832K) NonClass: 597K(704K)->597K(704K) Class: 17K(128K)->17K(128K)
[90.826s][info][gc          ] GC(1553) Pause Young (Normal) (G1 Evacuation Pause) 155M->6M(256M) 10.477ms
[90.827s][info][gc,cpu      ] GC(1553) User=0.00s Sys=0.01s Real=0.02s
[90.896s][info][gc,start    ] GC(1554) Pause Young (Normal) (G1 Evacuation Pause)
[90.897s][info][gc,task     ] GC(1554) Using 6 workers of 8 for evacuation
[90.902s][info][gc,phases   ] GC(1554)   Pre Evacuate Collection Set: 0.4ms
[90.902s][info][gc,phases   ] GC(1554)   Merge Heap Roots: 0.3ms
[90.903s][info][gc,phases   ] GC(1554)   Evacuate Collection Set: 2.5ms
[90.903s][info][gc,phases   ] GC(1554)   Post Evacuate Collection Set: 1.3ms
[90.904s][info][gc,phases   ] GC(1554)   Other: 0.5ms
[90.908s][info][gc,heap     ] GC(1554) Eden regions: 149->0(149)
[90.911s][info][gc,heap     ] GC(1554) Survivor regions: 4->4(20)
[90.912s][info][gc,heap     ] GC(1554) Old regions: 2->2
[90.913s][info][gc,heap     ] GC(1554) Archive regions: 2->2
[90.913s][info][gc,heap     ] GC(1554) Humongous regions: 0->0
[90.914s][info][gc,metaspace] GC(1554) Metaspace: 615K(832K)->615K(832K) NonClass: 597K(704K)->597K(704K) Class: 17K(128K)->17K(128K)
[90.914s][info][gc          ] GC(1554) Pause Young (Normal) (G1 Evacuation Pause) 155M->5M(256M) 18.258ms
[90.915s][info][gc,cpu      ] GC(1554) User=0.01s Sys=0.01s Real=0.02s
[90.978s][info][gc,start    ] GC(1555) Pause Young (Normal) (G1 Evacuation Pause)
[90.979s][info][gc,task     ] GC(1555) Using 6 workers of 8 for evacuation
[90.982s][info][gc,phases   ] GC(1555)   Pre Evacuate Collection Set: 0.3ms
[90.982s][info][gc,phases   ] GC(1555)   Merge Heap Roots: 0.3ms
[90.983s][info][gc,phases   ] GC(1555)   Evacuate Collection Set: 0.9ms
[90.983s][info][gc,phases   ] GC(1555)   Post Evacuate Collection Set: 1.1ms
[90.984s][info][gc,phases   ] GC(1555)   Other: 0.7ms
[90.984s][info][gc,heap     ] GC(1555) Eden regions: 149->0(150)
[90.985s][info][gc,heap     ] GC(1555) Survivor regions: 4->3(20)
[90.985s][info][gc,heap     ] GC(1555) Old regions: 2->2
[90.985s][info][gc,heap     ] GC(1555) Archive regions: 2->2
[90.986s][info][gc,heap     ] GC(1555) Humongous regions: 0->0
[90.986s][info][gc,metaspace] GC(1555) Metaspace: 615K(832K)->615K(832K) NonClass: 597K(704K)->597K(704K) Class: 17K(128K)->17K(128K)
[90.987s][info][gc          ] GC(1555) Pause Young (Normal) (G1 Evacuation Pause) 154M->5M(256M) 8.697ms
[90.987s][info][gc,cpu      ] GC(1555) User=0.01s Sys=0.00s Real=0.01s
[91.045s][info][gc,start    ] GC(1556) Pause Young (Normal) (G1 Evacuation Pause)
[91.046s][info][gc,task     ] GC(1556) Using 6 workers of 8 for evacuation
[91.049s][info][gc,phases   ] GC(1556)   Pre Evacuate Collection Set: 0.4ms
[91.050s][info][gc,phases   ] GC(1556)   Merge Heap Roots: 0.2ms
[91.050s][info][gc,phases   ] GC(1556)   Evacuate Collection Set: 1.3ms
[91.051s][info][gc,phases   ] GC(1556)   Post Evacuate Collection Set: 1.2ms
[91.051s][info][gc,phases   ] GC(1556)   Other: 0.5ms
[91.052s][info][gc,heap     ] GC(1556) Eden regions: 150->0(149)
[91.052s][info][gc,heap     ] GC(1556) Survivor regions: 3->4(20)
[91.053s][info][gc,heap     ] GC(1556) Old regions: 2->2
[91.053s][info][gc,heap     ] GC(1556) Archive regions: 2->2
[91.053s][info][gc,heap     ] GC(1556) Humongous regions: 0->0
[91.054s][info][gc,metaspace] GC(1556) Metaspace: 615K(832K)->615K(832K) NonClass: 597K(704K)->597K(704K) Class: 17K(128K)->17K(128K)
[91.054s][info][gc          ] GC(1556) Pause Young (Normal) (G1 Evacuation Pause) 155M->6M(256M) 9.116ms
[91.055s][info][gc,cpu      ] GC(1556) User=0.00s Sys=0.01s Real=0.01s
[91.119s][info][gc,start    ] GC(1557) Pause Young (Normal) (G1 Evacuation Pause)
[91.119s][info][gc,task     ] GC(1557) Using 6 workers of 8 for evacuation
[91.123s][info][gc,phases   ] GC(1557)   Pre Evacuate Collection Set: 0.4ms
[91.124s][info][gc,phases   ] GC(1557)   Merge Heap Roots: 0.3ms
[91.125s][info][gc,phases   ] GC(1557)   Evacuate Collection Set: 1.1ms
[91.127s][info][gc,phases   ] GC(1557)   Post Evacuate Collection Set: 1.3ms
[91.128s][info][gc,phases   ] GC(1557)   Other: 0.6ms
[91.128s][info][gc,heap     ] GC(1557) Eden regions: 149->0(149)
[91.129s][info][gc,heap     ] GC(1557) Survivor regions: 4->4(20)
[91.129s][info][gc,heap     ] GC(1557) Old regions: 2->2
[91.130s][info][gc,heap     ] GC(1557) Archive regions: 2->2
[91.130s][info][gc,heap     ] GC(1557) Humongous regions: 0->0
[91.131s][info][gc,metaspace] GC(1557) Metaspace: 615K(832K)->615K(832K) NonClass: 597K(704K)->597K(704K) Class: 17K(128K)->17K(128K)
[91.131s][info][gc          ] GC(1557) Pause Young (Normal) (G1 Evacuation Pause) 155M->5M(256M) 12.384ms
[91.131s][info][gc,cpu      ] GC(1557) User=0.00s Sys=0.00s Real=0.01s
[91.186s][info][gc,start    ] GC(1558) Pause Young (Normal) (G1 Evacuation Pause)
[91.187s][info][gc,task     ] GC(1558) Using 6 workers of 8 for evacuation
[91.191s][info][gc,phases   ] GC(1558)   Pre Evacuate Collection Set: 0.3ms
[91.192s][info][gc,phases   ] GC(1558)   Merge Heap Roots: 0.2ms
[91.193s][info][gc,phases   ] GC(1558)   Evacuate Collection Set: 1.4ms
[91.195s][info][gc,phases   ] GC(1558)   Post Evacuate Collection Set: 2.0ms
[91.196s][info][gc,phases   ] GC(1558)   Other: 0.6ms
[91.196s][info][gc,heap     ] GC(1558) Eden regions: 149->0(149)
[91.197s][info][gc,heap     ] GC(1558) Survivor regions: 4->4(20)
[91.197s][info][gc,heap     ] GC(1558) Old regions: 2->2
[91.198s][info][gc,heap     ] GC(1558) Archive regions: 2->2
[91.198s][info][gc,heap     ] GC(1558) Humongous regions: 0->0
[91.198s][info][gc,metaspace] GC(1558) Metaspace: 615K(832K)->615K(832K) NonClass: 597K(704K)->597K(704K) Class: 17K(128K)->17K(128K)
[91.199s][info][gc          ] GC(1558) Pause Young (Normal) (G1 Evacuation Pause) 154M->5M(256M) 12.973ms
[91.199s][info][gc,cpu      ] GC(1558) User=0.01s Sys=0.00s Real=0.02s
[91.264s][info][gc,start    ] GC(1559) Pause Young (Normal) (G1 Evacuation Pause)
[91.265s][info][gc,task     ] GC(1559) Using 6 workers of 8 for evacuation
[91.272s][info][gc,phases   ] GC(1559)   Pre Evacuate Collection Set: 2.0ms
[91.274s][info][gc,phases   ] GC(1559)   Merge Heap Roots: 0.6ms
[91.275s][info][gc,phases   ] GC(1559)   Evacuate Collection Set: 1.6ms
[91.275s][info][gc,phases   ] GC(1559)   Post Evacuate Collection Set: 1.7ms
[91.276s][info][gc,phases   ] GC(1559)   Other: 1.6ms
[91.277s][info][gc,heap     ] GC(1559) Eden regions: 149->0(150)
[91.277s][info][gc,heap     ] GC(1559) Survivor regions: 4->3(20)
[91.278s][info][gc,heap     ] GC(1559) Old regions: 2->2
[91.278s][info][gc,heap     ] GC(1559) Archive regions: 2->2
[91.278s][info][gc,heap     ] GC(1559) Humongous regions: 0->0
[91.279s][info][gc,metaspace] GC(1559) Metaspace: 615K(832K)->615K(832K) NonClass: 597K(704K)->597K(704K) Class: 17K(128K)->17K(128K)
[91.280s][info][gc          ] GC(1559) Pause Young (Normal) (G1 Evacuation Pause) 154M->5M(256M) 15.575ms
[91.280s][info][gc,cpu      ] GC(1559) User=0.00s Sys=0.01s Real=0.02s
[91.344s][info][gc,start    ] GC(1560) Pause Young (Normal) (G1 Evacuation Pause)
[91.346s][info][gc,task     ] GC(1560) Using 6 workers of 8 for evacuation
[91.352s][info][gc,phases   ] GC(1560)   Pre Evacuate Collection Set: 0.3ms
[91.352s][info][gc,phases   ] GC(1560)   Merge Heap Roots: 0.2ms
[91.353s][info][gc,phases   ] GC(1560)   Evacuate Collection Set: 1.6ms
[91.353s][info][gc,phases   ] GC(1560)   Post Evacuate Collection Set: 2.3ms
[91.354s][info][gc,phases   ] GC(1560)   Other: 1.1ms
[91.354s][info][gc,heap     ] GC(1560) Eden regions: 150->0(149)
[91.355s][info][gc,heap     ] GC(1560) Survivor regions: 3->4(20)
[91.356s][info][gc,heap     ] GC(1560) Old regions: 2->2
[91.357s][info][gc,heap     ] GC(1560) Archive regions: 2->2
[91.359s][info][gc,heap     ] GC(1560) Humongous regions: 0->0
[91.360s][info][gc,metaspace] GC(1560) Metaspace: 615K(832K)->615K(832K) NonClass: 597K(704K)->597K(704K) Class: 17K(128K)->17K(128K)
[91.361s][info][gc          ] GC(1560) Pause Young (Normal) (G1 Evacuation Pause) 155M->6M(256M) 16.433ms
[91.361s][info][gc,cpu      ] GC(1560) User=0.01s Sys=0.00s Real=0.02s
[91.429s][info][gc,start    ] GC(1561) Pause Young (Normal) (G1 Evacuation Pause)
[91.430s][info][gc,task     ] GC(1561) Using 6 workers of 8 for evacuation
[91.433s][info][gc,phases   ] GC(1561)   Pre Evacuate Collection Set: 0.3ms
[91.434s][info][gc,phases   ] GC(1561)   Merge Heap Roots: 0.4ms
[91.436s][info][gc,phases   ] GC(1561)   Evacuate Collection Set: 1.3ms
[91.441s][info][gc,phases   ] GC(1561)   Post Evacuate Collection Set: 0.9ms
[91.443s][info][gc,phases   ] GC(1561)   Other: 0.6ms
[91.445s][info][gc,heap     ] GC(1561) Eden regions: 149->0(149)
[91.445s][info][gc,heap     ] GC(1561) Survivor regions: 4->4(20)
[91.446s][info][gc,heap     ] GC(1561) Old regions: 2->2
[91.447s][info][gc,heap     ] GC(1561) Archive regions: 2->2
[91.447s][info][gc,heap     ] GC(1561) Humongous regions: 0->0
[91.448s][info][gc,metaspace] GC(1561) Metaspace: 615K(832K)->615K(832K) NonClass: 597K(704K)->597K(704K) Class: 17K(128K)->17K(128K)
[91.448s][info][gc          ] GC(1561) Pause Young (Normal) (G1 Evacuation Pause) 155M->5M(256M) 18.969ms
[91.448s][info][gc,cpu      ] GC(1561) User=0.01s Sys=0.01s Real=0.02s
[91.513s][info][gc,start    ] GC(1562) Pause Young (Normal) (G1 Evacuation Pause)
[91.514s][info][gc,task     ] GC(1562) Using 6 workers of 8 for evacuation
[91.519s][info][gc,phases   ] GC(1562)   Pre Evacuate Collection Set: 0.3ms
[91.519s][info][gc,phases   ] GC(1562)   Merge Heap Roots: 0.4ms
[91.520s][info][gc,phases   ] GC(1562)   Evacuate Collection Set: 1.6ms
[91.520s][info][gc,phases   ] GC(1562)   Post Evacuate Collection Set: 1.6ms
[91.520s][info][gc,phases   ] GC(1562)   Other: 1.1ms
[91.521s][info][gc,heap     ] GC(1562) Eden regions: 149->0(150)
[91.521s][info][gc,heap     ] GC(1562) Survivor regions: 4->3(20)
[91.522s][info][gc,heap     ] GC(1562) Old regions: 2->2
[91.522s][info][gc,heap     ] GC(1562) Archive regions: 2->2
[91.523s][info][gc,heap     ] GC(1562) Humongous regions: 0->0
[91.525s][info][gc,metaspace] GC(1562) Metaspace: 615K(832K)->615K(832K) NonClass: 597K(704K)->597K(704K) Class: 17K(128K)->17K(128K)
[91.526s][info][gc          ] GC(1562) Pause Young (Normal) (G1 Evacuation Pause) 154M->5M(256M) 12.718ms
[91.527s][info][gc,cpu      ] GC(1562) User=0.00s Sys=0.01s Real=0.02s
[91.601s][info][gc,start    ] GC(1563) Pause Young (Normal) (G1 Evacuation Pause)
[91.602s][info][gc,task     ] GC(1563) Using 6 workers of 8 for evacuation
[91.606s][info][gc,phases   ] GC(1563)   Pre Evacuate Collection Set: 0.4ms
[91.607s][info][gc,phases   ] GC(1563)   Merge Heap Roots: 0.4ms
[91.609s][info][gc,phases   ] GC(1563)   Evacuate Collection Set: 1.3ms
[91.610s][info][gc,phases   ] GC(1563)   Post Evacuate Collection Set: 1.1ms
[91.611s][info][gc,phases   ] GC(1563)   Other: 0.7ms
[91.612s][info][gc,heap     ] GC(1563) Eden regions: 150->0(149)
[91.613s][info][gc,heap     ] GC(1563) Survivor regions: 3->4(20)
[91.613s][info][gc,heap     ] GC(1563) Old regions: 2->2
[91.613s][info][gc,heap     ] GC(1563) Archive regions: 2->2
[91.614s][info][gc,heap     ] GC(1563) Humongous regions: 0->0
[91.614s][info][gc,metaspace] GC(1563) Metaspace: 615K(832K)->615K(832K) NonClass: 597K(704K)->597K(704K) Class: 17K(128K)->17K(128K)
[91.615s][info][gc          ] GC(1563) Pause Young (Normal) (G1 Evacuation Pause) 155M->6M(256M) 13.626ms
[91.615s][info][gc,cpu      ] GC(1563) User=0.01s Sys=0.00s Real=0.01s
[91.677s][info][gc,start    ] GC(1564) Pause Young (Normal) (G1 Evacuation Pause)
[91.678s][info][gc,task     ] GC(1564) Using 6 workers of 8 for evacuation
[91.682s][info][gc,phases   ] GC(1564)   Pre Evacuate Collection Set: 0.3ms
[91.682s][info][gc,phases   ] GC(1564)   Merge Heap Roots: 0.4ms
[91.683s][info][gc,phases   ] GC(1564)   Evacuate Collection Set: 1.3ms
[91.683s][info][gc,phases   ] GC(1564)   Post Evacuate Collection Set: 1.1ms
[91.683s][info][gc,phases   ] GC(1564)   Other: 0.6ms
[91.684s][info][gc,heap     ] GC(1564) Eden regions: 149->0(149)
[91.684s][info][gc,heap     ] GC(1564) Survivor regions: 4->4(20)
[91.685s][info][gc,heap     ] GC(1564) Old regions: 2->2
[91.685s][info][gc,heap     ] GC(1564) Archive regions: 2->2
[91.685s][info][gc,heap     ] GC(1564) Humongous regions: 0->0
[91.686s][info][gc,metaspace] GC(1564) Metaspace: 615K(832K)->615K(832K) NonClass: 597K(704K)->597K(704K) Class: 17K(128K)->17K(128K)
[91.686s][info][gc          ] GC(1564) Pause Young (Normal) (G1 Evacuation Pause) 155M->5M(256M) 9.358ms
[91.687s][info][gc,cpu      ] GC(1564) User=0.01s Sys=0.00s Real=0.01s
[91.745s][info][gc,start    ] GC(1565) Pause Young (Normal) (G1 Evacuation Pause)
[91.746s][info][gc,task     ] GC(1565) Using 6 workers of 8 for evacuation
[91.750s][info][gc,phases   ] GC(1565)   Pre Evacuate Collection Set: 0.3ms
[91.750s][info][gc,phases   ] GC(1565)   Merge Heap Roots: 0.3ms
[91.751s][info][gc,phases   ] GC(1565)   Evacuate Collection Set: 1.5ms
[91.751s][info][gc,phases   ] GC(1565)   Post Evacuate Collection Set: 1.1ms
[91.752s][info][gc,phases   ] GC(1565)   Other: 0.6ms
[91.752s][info][gc,heap     ] GC(1565) Eden regions: 149->0(150)
[91.753s][info][gc,heap     ] GC(1565) Survivor regions: 4->3(20)
[91.753s][info][gc,heap     ] GC(1565) Old regions: 2->2
[91.753s][info][gc,heap     ] GC(1565) Archive regions: 2->2
[91.754s][info][gc,heap     ] GC(1565) Humongous regions: 0->0
[91.754s][info][gc,metaspace] GC(1565) Metaspace: 615K(832K)->615K(832K) NonClass: 597K(704K)->597K(704K) Class: 17K(128K)->17K(128K)
[91.755s][info][gc          ] GC(1565) Pause Young (Normal) (G1 Evacuation Pause) 154M->5M(256M) 9.695ms
[91.755s][info][gc,cpu      ] GC(1565) User=0.01s Sys=0.00s Real=0.01s
[91.817s][info][gc,start    ] GC(1566) Pause Young (Normal) (G1 Evacuation Pause)
[91.819s][info][gc,task     ] GC(1566) Using 6 workers of 8 for evacuation
[91.829s][info][gc,phases   ] GC(1566)   Pre Evacuate Collection Set: 0.6ms
[91.830s][info][gc,phases   ] GC(1566)   Merge Heap Roots: 2.3ms
[91.830s][info][gc,phases   ] GC(1566)   Evacuate Collection Set: 3.0ms
[91.830s][info][gc,phases   ] GC(1566)   Post Evacuate Collection Set: 2.7ms
[91.831s][info][gc,phases   ] GC(1566)   Other: 1.3ms
[91.831s][info][gc,heap     ] GC(1566) Eden regions: 150->0(149)
[91.832s][info][gc,heap     ] GC(1566) Survivor regions: 3->4(20)
[91.832s][info][gc,heap     ] GC(1566) Old regions: 2->2
[91.832s][info][gc,heap     ] GC(1566) Archive regions: 2->2
[91.833s][info][gc,heap     ] GC(1566) Humongous regions: 0->0
[91.834s][info][gc,metaspace] GC(1566) Metaspace: 615K(832K)->615K(832K) NonClass: 597K(704K)->597K(704K) Class: 17K(128K)->17K(128K)
[91.834s][info][gc          ] GC(1566) Pause Young (Normal) (G1 Evacuation Pause) 155M->6M(256M) 16.952ms
[91.835s][info][gc,cpu      ] GC(1566) User=0.01s Sys=0.00s Real=0.01s
[91.889s][info][gc,start    ] GC(1567) Pause Young (Normal) (G1 Evacuation Pause)
[91.890s][info][gc,task     ] GC(1567) Using 6 workers of 8 for evacuation
[91.898s][info][gc,phases   ] GC(1567)   Pre Evacuate Collection Set: 0.5ms
[91.899s][info][gc,phases   ] GC(1567)   Merge Heap Roots: 0.3ms
[91.899s][info][gc,phases   ] GC(1567)   Evacuate Collection Set: 4.6ms
[91.899s][info][gc,phases   ] GC(1567)   Post Evacuate Collection Set: 1.0ms
[91.900s][info][gc,phases   ] GC(1567)   Other: 1.4ms
[91.900s][info][gc,heap     ] GC(1567) Eden regions: 149->0(149)
[91.901s][info][gc,heap     ] GC(1567) Survivor regions: 4->4(20)
[91.901s][info][gc,heap     ] GC(1567) Old regions: 2->2
[91.901s][info][gc,heap     ] GC(1567) Archive regions: 2->2
[91.902s][info][gc,heap     ] GC(1567) Humongous regions: 0->0
[91.902s][info][gc,metaspace] GC(1567) Metaspace: 615K(832K)->615K(832K) NonClass: 597K(704K)->597K(704K) Class: 17K(128K)->17K(128K)
[91.903s][info][gc          ] GC(1567) Pause Young (Normal) (G1 Evacuation Pause) 155M->6M(256M) 13.923ms
[91.903s][info][gc,cpu      ] GC(1567) User=0.02s Sys=0.00s Real=0.01s
[91.955s][info][gc,start    ] GC(1568) Pause Young (Normal) (G1 Evacuation Pause)
[91.958s][info][gc,task     ] GC(1568) Using 6 workers of 8 for evacuation
[91.963s][info][gc,phases   ] GC(1568)   Pre Evacuate Collection Set: 0.4ms
[91.964s][info][gc,phases   ] GC(1568)   Merge Heap Roots: 0.4ms
[91.966s][info][gc,phases   ] GC(1568)   Evacuate Collection Set: 1.2ms
[91.967s][info][gc,phases   ] GC(1568)   Post Evacuate Collection Set: 0.9ms
[91.967s][info][gc,phases   ] GC(1568)   Other: 2.2ms
[91.968s][info][gc,heap     ] GC(1568) Eden regions: 149->0(149)
[91.968s][info][gc,heap     ] GC(1568) Survivor regions: 4->4(20)
[91.968s][info][gc,heap     ] GC(1568) Old regions: 2->2
[91.969s][info][gc,heap     ] GC(1568) Archive regions: 2->2
[91.969s][info][gc,heap     ] GC(1568) Humongous regions: 0->0
[91.969s][info][gc,metaspace] GC(1568) Metaspace: 615K(832K)->615K(832K) NonClass: 597K(704K)->597K(704K) Class: 17K(128K)->17K(128K)
[91.970s][info][gc          ] GC(1568) Pause Young (Normal) (G1 Evacuation Pause) 155M->5M(256M) 14.754ms
[91.970s][info][gc,cpu      ] GC(1568) User=0.01s Sys=0.00s Real=0.02s
[92.036s][info][gc,start    ] GC(1569) Pause Young (Normal) (G1 Evacuation Pause)
[92.037s][info][gc,task     ] GC(1569) Using 6 workers of 8 for evacuation
[92.040s][info][gc,phases   ] GC(1569)   Pre Evacuate Collection Set: 0.3ms
[92.042s][info][gc,phases   ] GC(1569)   Merge Heap Roots: 0.3ms
[92.042s][info][gc,phases   ] GC(1569)   Evacuate Collection Set: 0.8ms
[92.043s][info][gc,phases   ] GC(1569)   Post Evacuate Collection Set: 1.9ms
[92.044s][info][gc,phases   ] GC(1569)   Other: 0.5ms
[92.045s][info][gc,heap     ] GC(1569) Eden regions: 149->0(150)
[92.045s][info][gc,heap     ] GC(1569) Survivor regions: 4->3(20)
[92.046s][info][gc,heap     ] GC(1569) Old regions: 2->2
[92.046s][info][gc,heap     ] GC(1569) Archive regions: 2->2
[92.047s][info][gc,heap     ] GC(1569) Humongous regions: 0->0
[92.047s][info][gc,metaspace] GC(1569) Metaspace: 615K(832K)->615K(832K) NonClass: 597K(704K)->597K(704K) Class: 17K(128K)->17K(128K)
[92.048s][info][gc          ] GC(1569) Pause Young (Normal) (G1 Evacuation Pause) 154M->5M(256M) 11.465ms
[92.048s][info][gc,cpu      ] GC(1569) User=0.00s Sys=0.00s Real=0.02s
[92.099s][info][gc,start    ] GC(1570) Pause Young (Normal) (G1 Evacuation Pause)
[92.100s][info][gc,task     ] GC(1570) Using 6 workers of 8 for evacuation
[92.103s][info][gc,phases   ] GC(1570)   Pre Evacuate Collection Set: 0.3ms
[92.104s][info][gc,phases   ] GC(1570)   Merge Heap Roots: 0.2ms
[92.104s][info][gc,phases   ] GC(1570)   Evacuate Collection Set: 1.4ms
[92.104s][info][gc,phases   ] GC(1570)   Post Evacuate Collection Set: 0.9ms
[92.105s][info][gc,phases   ] GC(1570)   Other: 0.6ms
[92.107s][info][gc,heap     ] GC(1570) Eden regions: 150->0(149)
[92.108s][info][gc,heap     ] GC(1570) Survivor regions: 3->4(20)
[92.109s][info][gc,heap     ] GC(1570) Old regions: 2->2
[92.111s][info][gc,heap     ] GC(1570) Archive regions: 2->2
[92.113s][info][gc,heap     ] GC(1570) Humongous regions: 0->0
[92.113s][info][gc,metaspace] GC(1570) Metaspace: 615K(832K)->615K(832K) NonClass: 597K(704K)->597K(704K) Class: 17K(128K)->17K(128K)
[92.114s][info][gc          ] GC(1570) Pause Young (Normal) (G1 Evacuation Pause) 155M->6M(256M) 14.334ms
[92.114s][info][gc,cpu      ] GC(1570) User=0.01s Sys=0.00s Real=0.01s
[92.203s][info][gc,start    ] GC(1571) Pause Young (Normal) (G1 Evacuation Pause)
[92.219s][info][gc,task     ] GC(1571) Using 6 workers of 8 for evacuation
[92.223s][info][gc,phases   ] GC(1571)   Pre Evacuate Collection Set: 0.2ms
[92.225s][info][gc,phases   ] GC(1571)   Merge Heap Roots: 0.2ms
[92.226s][info][gc,phases   ] GC(1571)   Evacuate Collection Set: 1.8ms
[92.226s][info][gc,phases   ] GC(1571)   Post Evacuate Collection Set: 1.6ms
[92.227s][info][gc,phases   ] GC(1571)   Other: 0.6ms
[92.227s][info][gc,heap     ] GC(1571) Eden regions: 149->0(149)
[92.228s][info][gc,heap     ] GC(1571) Survivor regions: 4->4(20)
[92.228s][info][gc,heap     ] GC(1571) Old regions: 2->2
[92.233s][info][gc,heap     ] GC(1571) Archive regions: 2->2
[92.234s][info][gc,heap     ] GC(1571) Humongous regions: 0->0
[92.235s][info][gc,metaspace] GC(1571) Metaspace: 615K(832K)->615K(832K) NonClass: 597K(704K)->597K(704K) Class: 17K(128K)->17K(128K)
[92.236s][info][gc          ] GC(1571) Pause Young (Normal) (G1 Evacuation Pause) 155M->6M(256M) 32.347ms
[92.236s][info][gc,cpu      ] GC(1571) User=0.01s Sys=0.00s Real=0.03s
[92.314s][info][gc,start    ] GC(1572) Pause Young (Normal) (G1 Evacuation Pause)
[92.315s][info][gc,task     ] GC(1572) Using 6 workers of 8 for evacuation
[92.318s][info][gc,phases   ] GC(1572)   Pre Evacuate Collection Set: 0.3ms
[92.319s][info][gc,phases   ] GC(1572)   Merge Heap Roots: 0.2ms
[92.320s][info][gc,phases   ] GC(1572)   Evacuate Collection Set: 1.4ms
[92.320s][info][gc,phases   ] GC(1572)   Post Evacuate Collection Set: 1.4ms
[92.321s][info][gc,phases   ] GC(1572)   Other: 0.5ms
[92.322s][info][gc,heap     ] GC(1572) Eden regions: 149->0(150)
[92.322s][info][gc,heap     ] GC(1572) Survivor regions: 4->3(20)
[92.324s][info][gc,heap     ] GC(1572) Old regions: 2->2
[92.324s][info][gc,heap     ] GC(1572) Archive regions: 2->2
[92.325s][info][gc,heap     ] GC(1572) Humongous regions: 0->0
[92.326s][info][gc,metaspace] GC(1572) Metaspace: 615K(832K)->615K(832K) NonClass: 597K(704K)->597K(704K) Class: 17K(128K)->17K(128K)
[92.327s][info][gc          ] GC(1572) Pause Young (Normal) (G1 Evacuation Pause) 155M->5M(256M) 12.916ms
[92.329s][info][gc,cpu      ] GC(1572) User=0.01s Sys=0.00s Real=0.02s
[92.386s][info][gc,start    ] GC(1573) Pause Young (Normal) (G1 Evacuation Pause)
[92.387s][info][gc,task     ] GC(1573) Using 6 workers of 8 for evacuation
[92.393s][info][gc,phases   ] GC(1573)   Pre Evacuate Collection Set: 0.3ms
[92.394s][info][gc,phases   ] GC(1573)   Merge Heap Roots: 0.2ms
[92.395s][info][gc,phases   ] GC(1573)   Evacuate Collection Set: 4.5ms
[92.395s][info][gc,phases   ] GC(1573)   Post Evacuate Collection Set: 1.2ms
[92.396s][info][gc,phases   ] GC(1573)   Other: 0.5ms
[92.396s][info][gc,heap     ] GC(1573) Eden regions: 150->0(149)
[92.397s][info][gc,heap     ] GC(1573) Survivor regions: 3->4(20)
[92.397s][info][gc,heap     ] GC(1573) Old regions: 2->2
[92.398s][info][gc,heap     ] GC(1573) Archive regions: 2->2
[92.398s][info][gc,heap     ] GC(1573) Humongous regions: 0->0
[92.399s][info][gc,metaspace] GC(1573) Metaspace: 615K(832K)->615K(832K) NonClass: 597K(704K)->597K(704K) Class: 17K(128K)->17K(128K)
[92.399s][info][gc          ] GC(1573) Pause Young (Normal) (G1 Evacuation Pause) 155M->6M(256M) 13.088ms
[92.400s][info][gc,cpu      ] GC(1573) User=0.01s Sys=0.00s Real=0.02s
[92.503s][info][gc,start    ] GC(1574) Pause Young (Normal) (G1 Evacuation Pause)
[92.534s][info][gc,task     ] GC(1574) Using 6 workers of 8 for evacuation
[92.580s][info][gc,phases   ] GC(1574)   Pre Evacuate Collection Set: 0.4ms
[92.582s][info][gc,phases   ] GC(1574)   Merge Heap Roots: 0.3ms
[92.583s][info][gc,phases   ] GC(1574)   Evacuate Collection Set: 1.2ms
[92.584s][info][gc,phases   ] GC(1574)   Post Evacuate Collection Set: 1.0ms
[92.584s][info][gc,phases   ] GC(1574)   Other: 43.1ms
[92.585s][info][gc,heap     ] GC(1574) Eden regions: 149->0(149)
[92.585s][info][gc,heap     ] GC(1574) Survivor regions: 4->4(20)
[92.586s][info][gc,heap     ] GC(1574) Old regions: 2->2
[92.586s][info][gc,heap     ] GC(1574) Archive regions: 2->2
[92.586s][info][gc,heap     ] GC(1574) Humongous regions: 0->0
[92.587s][info][gc,metaspace] GC(1574) Metaspace: 615K(832K)->615K(832K) NonClass: 597K(704K)->597K(704K) Class: 17K(128K)->17K(128K)
[92.587s][info][gc          ] GC(1574) Pause Young (Normal) (G1 Evacuation Pause) 155M->6M(256M) 84.643ms
[92.588s][info][gc,cpu      ] GC(1574) User=0.01s Sys=0.01s Real=0.09s
[92.658s][info][gc,start    ] GC(1575) Pause Young (Normal) (G1 Evacuation Pause)
[92.660s][info][gc,task     ] GC(1575) Using 6 workers of 8 for evacuation
[92.665s][info][gc,phases   ] GC(1575)   Pre Evacuate Collection Set: 0.3ms
[92.667s][info][gc,phases   ] GC(1575)   Merge Heap Roots: 0.3ms
[92.667s][info][gc,phases   ] GC(1575)   Evacuate Collection Set: 0.8ms
[92.668s][info][gc,phases   ] GC(1575)   Post Evacuate Collection Set: 1.0ms
[92.669s][info][gc,phases   ] GC(1575)   Other: 2.6ms
[92.669s][info][gc,heap     ] GC(1575) Eden regions: 149->0(149)
[92.670s][info][gc,heap     ] GC(1575) Survivor regions: 4->4(20)
[92.670s][info][gc,heap     ] GC(1575) Old regions: 2->2
[92.671s][info][gc,heap     ] GC(1575) Archive regions: 2->2
[92.671s][info][gc,heap     ] GC(1575) Humongous regions: 0->0
[92.672s][info][gc,metaspace] GC(1575) Metaspace: 615K(832K)->615K(832K) NonClass: 597K(704K)->597K(704K) Class: 17K(128K)->17K(128K)
[92.673s][info][gc          ] GC(1575) Pause Young (Normal) (G1 Evacuation Pause) 155M->5M(256M) 15.287ms
[92.674s][info][gc,cpu      ] GC(1575) User=0.01s Sys=0.00s Real=0.01s
[92.738s][info][gc,start    ] GC(1576) Pause Young (Normal) (G1 Evacuation Pause)
[92.740s][info][gc,task     ] GC(1576) Using 6 workers of 8 for evacuation
[92.747s][info][gc,phases   ] GC(1576)   Pre Evacuate Collection Set: 0.5ms
[92.748s][info][gc,phases   ] GC(1576)   Merge Heap Roots: 0.3ms
[92.748s][info][gc,phases   ] GC(1576)   Evacuate Collection Set: 1.0ms
[92.749s][info][gc,phases   ] GC(1576)   Post Evacuate Collection Set: 1.0ms
[92.749s][info][gc,phases   ] GC(1576)   Other: 4.6ms
[92.750s][info][gc,heap     ] GC(1576) Eden regions: 149->0(150)
[92.750s][info][gc,heap     ] GC(1576) Survivor regions: 4->3(20)
[92.751s][info][gc,heap     ] GC(1576) Old regions: 2->2
[92.751s][info][gc,heap     ] GC(1576) Archive regions: 2->2
[92.751s][info][gc,heap     ] GC(1576) Humongous regions: 0->0
[92.752s][info][gc,metaspace] GC(1576) Metaspace: 615K(832K)->615K(832K) NonClass: 597K(704K)->597K(704K) Class: 17K(128K)->17K(128K)
[92.752s][info][gc          ] GC(1576) Pause Young (Normal) (G1 Evacuation Pause) 154M->5M(256M) 14.357ms
[92.753s][info][gc,cpu      ] GC(1576) User=0.00s Sys=0.00s Real=0.01s
[92.820s][info][gc,start    ] GC(1577) Pause Young (Normal) (G1 Evacuation Pause)
[92.820s][info][gc,task     ] GC(1577) Using 6 workers of 8 for evacuation
[92.827s][info][gc,phases   ] GC(1577)   Pre Evacuate Collection Set: 0.3ms
[92.828s][info][gc,phases   ] GC(1577)   Merge Heap Roots: 0.3ms
[92.828s][info][gc,phases   ] GC(1577)   Evacuate Collection Set: 3.9ms
[92.829s][info][gc,phases   ] GC(1577)   Post Evacuate Collection Set: 1.3ms
[92.829s][info][gc,phases   ] GC(1577)   Other: 0.7ms
[92.830s][info][gc,heap     ] GC(1577) Eden regions: 150->0(149)
[92.830s][info][gc,heap     ] GC(1577) Survivor regions: 3->4(20)
[92.830s][info][gc,heap     ] GC(1577) Old regions: 2->2
[92.831s][info][gc,heap     ] GC(1577) Archive regions: 2->2
[92.831s][info][gc,heap     ] GC(1577) Humongous regions: 0->0
[92.832s][info][gc,metaspace] GC(1577) Metaspace: 615K(832K)->615K(832K) NonClass: 597K(704K)->597K(704K) Class: 17K(128K)->17K(128K)
[92.832s][info][gc          ] GC(1577) Pause Young (Normal) (G1 Evacuation Pause) 155M->6M(256M) 12.251ms
[92.833s][info][gc,cpu      ] GC(1577) User=0.01s Sys=0.02s Real=0.01s
[92.910s][info][gc,start    ] GC(1578) Pause Young (Normal) (G1 Evacuation Pause)
[92.912s][info][gc,task     ] GC(1578) Using 6 workers of 8 for evacuation
[92.919s][info][gc,phases   ] GC(1578)   Pre Evacuate Collection Set: 0.2ms
[92.920s][info][gc,phases   ] GC(1578)   Merge Heap Roots: 0.2ms
[92.921s][info][gc,phases   ] GC(1578)   Evacuate Collection Set: 4.7ms
[92.922s][info][gc,phases   ] GC(1578)   Post Evacuate Collection Set: 1.1ms
[92.922s][info][gc,phases   ] GC(1578)   Other: 0.8ms
[92.923s][info][gc,heap     ] GC(1578) Eden regions: 149->0(149)
[92.924s][info][gc,heap     ] GC(1578) Survivor regions: 4->4(20)
[92.925s][info][gc,heap     ] GC(1578) Old regions: 2->2
[92.928s][info][gc,heap     ] GC(1578) Archive regions: 2->2
[92.928s][info][gc,heap     ] GC(1578) Humongous regions: 0->0
[92.929s][info][gc,metaspace] GC(1578) Metaspace: 615K(832K)->615K(832K) NonClass: 597K(704K)->597K(704K) Class: 17K(128K)->17K(128K)
[92.929s][info][gc          ] GC(1578) Pause Young (Normal) (G1 Evacuation Pause) 155M->5M(256M) 19.382ms
[92.929s][info][gc,cpu      ] GC(1578) User=0.01s Sys=0.00s Real=0.02s
[92.987s][info][gc,start    ] GC(1579) Pause Young (Normal) (G1 Evacuation Pause)
[92.988s][info][gc,task     ] GC(1579) Using 6 workers of 8 for evacuation
[92.996s][info][gc,phases   ] GC(1579)   Pre Evacuate Collection Set: 0.9ms
[92.996s][info][gc,phases   ] GC(1579)   Merge Heap Roots: 0.7ms
[92.997s][info][gc,phases   ] GC(1579)   Evacuate Collection Set: 4.3ms
[92.997s][info][gc,phases   ] GC(1579)   Post Evacuate Collection Set: 1.1ms
[92.997s][info][gc,phases   ] GC(1579)   Other: 1.0ms
[92.998s][info][gc,heap     ] GC(1579) Eden regions: 149->0(150)
[92.999s][info][gc,heap     ] GC(1579) Survivor regions: 4->3(20)
[93.000s][info][gc,heap     ] GC(1579) Old regions: 2->2
[93.001s][info][gc,heap     ] GC(1579) Archive regions: 2->2
[93.003s][info][gc,heap     ] GC(1579) Humongous regions: 0->0
[93.003s][info][gc,metaspace] GC(1579) Metaspace: 615K(832K)->615K(832K) NonClass: 597K(704K)->597K(704K) Class: 17K(128K)->17K(128K)
[93.004s][info][gc          ] GC(1579) Pause Young (Normal) (G1 Evacuation Pause) 154M->5M(256M) 16.864ms
[93.004s][info][gc,cpu      ] GC(1579) User=0.01s Sys=0.00s Real=0.01s
[93.067s][info][gc,start    ] GC(1580) Pause Young (Normal) (G1 Evacuation Pause)
[93.068s][info][gc,task     ] GC(1580) Using 6 workers of 8 for evacuation
[93.071s][info][gc,phases   ] GC(1580)   Pre Evacuate Collection Set: 0.3ms
[93.072s][info][gc,phases   ] GC(1580)   Merge Heap Roots: 0.3ms
[93.074s][info][gc,phases   ] GC(1580)   Evacuate Collection Set: 1.5ms
[93.074s][info][gc,phases   ] GC(1580)   Post Evacuate Collection Set: 1.1ms
[93.075s][info][gc,phases   ] GC(1580)   Other: 0.5ms
[93.076s][info][gc,heap     ] GC(1580) Eden regions: 150->0(149)
[93.076s][info][gc,heap     ] GC(1580) Survivor regions: 3->4(20)
[93.077s][info][gc,heap     ] GC(1580) Old regions: 2->2
[93.077s][info][gc,heap     ] GC(1580) Archive regions: 2->2
[93.078s][info][gc,heap     ] GC(1580) Humongous regions: 0->0
[93.078s][info][gc,metaspace] GC(1580) Metaspace: 615K(832K)->615K(832K) NonClass: 597K(704K)->597K(704K) Class: 17K(128K)->17K(128K)
[93.079s][info][gc          ] GC(1580) Pause Young (Normal) (G1 Evacuation Pause) 155M->6M(256M) 11.481ms
[93.079s][info][gc,cpu      ] GC(1580) User=0.01s Sys=0.00s Real=0.01s
[93.135s][info][gc,start    ] GC(1581) Pause Young (Normal) (G1 Evacuation Pause)
[93.136s][info][gc,task     ] GC(1581) Using 6 workers of 8 for evacuation
[93.143s][info][gc,phases   ] GC(1581)   Pre Evacuate Collection Set: 0.3ms
[93.146s][info][gc,phases   ] GC(1581)   Merge Heap Roots: 0.3ms
[93.147s][info][gc,phases   ] GC(1581)   Evacuate Collection Set: 4.1ms
[93.148s][info][gc,phases   ] GC(1581)   Post Evacuate Collection Set: 1.4ms
[93.148s][info][gc,phases   ] GC(1581)   Other: 0.5ms
[93.149s][info][gc,heap     ] GC(1581) Eden regions: 149->0(149)
[93.149s][info][gc,heap     ] GC(1581) Survivor regions: 4->4(20)
[93.149s][info][gc,heap     ] GC(1581) Old regions: 2->2
[93.150s][info][gc,heap     ] GC(1581) Archive regions: 2->2
[93.150s][info][gc,heap     ] GC(1581) Humongous regions: 0->0
[93.150s][info][gc,metaspace] GC(1581) Metaspace: 615K(832K)->615K(832K) NonClass: 597K(704K)->597K(704K) Class: 17K(128K)->17K(128K)
[93.151s][info][gc          ] GC(1581) Pause Young (Normal) (G1 Evacuation Pause) 155M->6M(256M) 15.190ms
[93.151s][info][gc,cpu      ] GC(1581) User=0.01s Sys=0.00s Real=0.02s
[93.212s][info][gc,start    ] GC(1582) Pause Young (Normal) (G1 Evacuation Pause)
[93.212s][info][gc,task     ] GC(1582) Using 6 workers of 8 for evacuation
[93.216s][info][gc,phases   ] GC(1582)   Pre Evacuate Collection Set: 0.3ms
[93.217s][info][gc,phases   ] GC(1582)   Merge Heap Roots: 0.3ms
[93.217s][info][gc,phases   ] GC(1582)   Evacuate Collection Set: 1.7ms
[93.218s][info][gc,phases   ] GC(1582)   Post Evacuate Collection Set: 1.2ms
[93.218s][info][gc,phases   ] GC(1582)   Other: 0.5ms
[93.218s][info][gc,heap     ] GC(1582) Eden regions: 149->0(149)
[93.219s][info][gc,heap     ] GC(1582) Survivor regions: 4->4(20)
[93.219s][info][gc,heap     ] GC(1582) Old regions: 2->2
[93.220s][info][gc,heap     ] GC(1582) Archive regions: 2->2
[93.220s][info][gc,heap     ] GC(1582) Humongous regions: 0->0
[93.220s][info][gc,metaspace] GC(1582) Metaspace: 615K(832K)->615K(832K) NonClass: 597K(704K)->597K(704K) Class: 17K(128K)->17K(128K)
[93.221s][info][gc          ] GC(1582) Pause Young (Normal) (G1 Evacuation Pause) 155M->5M(256M) 9.137ms
[93.222s][info][gc,cpu      ] GC(1582) User=0.01s Sys=0.00s Real=0.01s
[93.295s][info][gc,start    ] GC(1583) Pause Young (Normal) (G1 Evacuation Pause)
[93.296s][info][gc,task     ] GC(1583) Using 6 workers of 8 for evacuation
[93.301s][info][gc,phases   ] GC(1583)   Pre Evacuate Collection Set: 0.4ms
[93.301s][info][gc,phases   ] GC(1583)   Merge Heap Roots: 0.4ms
[93.302s][info][gc,phases   ] GC(1583)   Evacuate Collection Set: 2.2ms
[93.302s][info][gc,phases   ] GC(1583)   Post Evacuate Collection Set: 1.1ms
[93.303s][info][gc,phases   ] GC(1583)   Other: 0.9ms
[93.303s][info][gc,heap     ] GC(1583) Eden regions: 149->0(150)
[93.305s][info][gc,heap     ] GC(1583) Survivor regions: 4->3(20)
[93.306s][info][gc,heap     ] GC(1583) Old regions: 2->2
[93.309s][info][gc,heap     ] GC(1583) Archive regions: 2->2
[93.310s][info][gc,heap     ] GC(1583) Humongous regions: 0->0
[93.312s][info][gc,metaspace] GC(1583) Metaspace: 615K(832K)->615K(832K) NonClass: 597K(704K)->597K(704K) Class: 17K(128K)->17K(128K)
[93.312s][info][gc          ] GC(1583) Pause Young (Normal) (G1 Evacuation Pause) 154M->5M(256M) 17.977ms
[93.313s][info][gc,cpu      ] GC(1583) User=0.00s Sys=0.01s Real=0.02s
[93.380s][info][gc,start    ] GC(1584) Pause Young (Normal) (G1 Evacuation Pause)
[93.381s][info][gc,task     ] GC(1584) Using 6 workers of 8 for evacuation
[93.387s][info][gc,phases   ] GC(1584)   Pre Evacuate Collection Set: 0.4ms
[93.388s][info][gc,phases   ] GC(1584)   Merge Heap Roots: 0.3ms
[93.389s][info][gc,phases   ] GC(1584)   Evacuate Collection Set: 2.9ms
[93.390s][info][gc,phases   ] GC(1584)   Post Evacuate Collection Set: 1.1ms
[93.391s][info][gc,phases   ] GC(1584)   Other: 0.7ms
[93.392s][info][gc,heap     ] GC(1584) Eden regions: 150->0(149)
[93.394s][info][gc,heap     ] GC(1584) Survivor regions: 3->4(20)
[93.394s][info][gc,heap     ] GC(1584) Old regions: 2->2
[93.395s][info][gc,heap     ] GC(1584) Archive regions: 2->2
[93.395s][info][gc,heap     ] GC(1584) Humongous regions: 0->0
[93.396s][info][gc,metaspace] GC(1584) Metaspace: 615K(832K)->615K(832K) NonClass: 597K(704K)->597K(704K) Class: 17K(128K)->17K(128K)
[93.396s][info][gc          ] GC(1584) Pause Young (Normal) (G1 Evacuation Pause) 155M->6M(256M) 15.749ms
[93.397s][info][gc,cpu      ] GC(1584) User=0.00s Sys=0.01s Real=0.02s
[93.472s][info][gc,start    ] GC(1585) Pause Young (Normal) (G1 Evacuation Pause)
[93.474s][info][gc,task     ] GC(1585) Using 6 workers of 8 for evacuation
[93.482s][info][gc,phases   ] GC(1585)   Pre Evacuate Collection Set: 0.4ms
[93.485s][info][gc,phases   ] GC(1585)   Merge Heap Roots: 0.3ms
[93.494s][info][gc,phases   ] GC(1585)   Evacuate Collection Set: 2.1ms
[93.496s][info][gc,phases   ] GC(1585)   Post Evacuate Collection Set: 1.0ms
[93.498s][info][gc,phases   ] GC(1585)   Other: 3.8ms
[93.498s][info][gc,heap     ] GC(1585) Eden regions: 149->0(149)
[93.499s][info][gc,heap     ] GC(1585) Survivor regions: 4->4(20)
[93.499s][info][gc,heap     ] GC(1585) Old regions: 2->2
[93.500s][info][gc,heap     ] GC(1585) Archive regions: 2->2
[93.500s][info][gc,heap     ] GC(1585) Humongous regions: 0->0
[93.501s][info][gc,metaspace] GC(1585) Metaspace: 615K(832K)->615K(832K) NonClass: 597K(704K)->597K(704K) Class: 17K(128K)->17K(128K)
[93.502s][info][gc          ] GC(1585) Pause Young (Normal) (G1 Evacuation Pause) 155M->5M(256M) 29.845ms
[93.502s][info][gc,cpu      ] GC(1585) User=0.01s Sys=0.00s Real=0.03s
[93.598s][info][gc,start    ] GC(1586) Pause Young (Normal) (G1 Evacuation Pause)
[93.599s][info][gc,task     ] GC(1586) Using 6 workers of 8 for evacuation
[93.603s][info][gc,phases   ] GC(1586)   Pre Evacuate Collection Set: 0.2ms
[93.607s][info][gc,phases   ] GC(1586)   Merge Heap Roots: 0.3ms
[93.612s][info][gc,phases   ] GC(1586)   Evacuate Collection Set: 1.0ms
[93.613s][info][gc,phases   ] GC(1586)   Post Evacuate Collection Set: 1.1ms
[93.613s][info][gc,phases   ] GC(1586)   Other: 0.8ms
[93.614s][info][gc,heap     ] GC(1586) Eden regions: 149->0(149)
[93.614s][info][gc,heap     ] GC(1586) Survivor regions: 4->4(20)
[93.615s][info][gc,heap     ] GC(1586) Old regions: 2->2
[93.615s][info][gc,heap     ] GC(1586) Archive regions: 2->2
[93.617s][info][gc,heap     ] GC(1586) Humongous regions: 0->0
[93.618s][info][gc,metaspace] GC(1586) Metaspace: 615K(832K)->615K(832K) NonClass: 597K(704K)->597K(704K) Class: 17K(128K)->17K(128K)
[93.618s][info][gc          ] GC(1586) Pause Young (Normal) (G1 Evacuation Pause) 154M->5M(256M) 20.232ms
[93.619s][info][gc,cpu      ] GC(1586) User=0.00s Sys=0.01s Real=0.02s
[93.716s][info][gc,start    ] GC(1587) Pause Young (Normal) (G1 Evacuation Pause)
[93.717s][info][gc,task     ] GC(1587) Using 6 workers of 8 for evacuation
[93.724s][info][gc,phases   ] GC(1587)   Pre Evacuate Collection Set: 0.3ms
[93.726s][info][gc,phases   ] GC(1587)   Merge Heap Roots: 0.3ms
[93.730s][info][gc,phases   ] GC(1587)   Evacuate Collection Set: 1.2ms
[93.730s][info][gc,phases   ] GC(1587)   Post Evacuate Collection Set: 1.6ms
[93.731s][info][gc,phases   ] GC(1587)   Other: 3.0ms
[93.731s][info][gc,heap     ] GC(1587) Eden regions: 149->0(150)
[93.733s][info][gc,heap     ] GC(1587) Survivor regions: 4->3(20)
[93.735s][info][gc,heap     ] GC(1587) Old regions: 2->2
[93.736s][info][gc,heap     ] GC(1587) Archive regions: 2->2
[93.736s][info][gc,heap     ] GC(1587) Humongous regions: 0->0
[93.737s][info][gc,metaspace] GC(1587) Metaspace: 615K(832K)->615K(832K) NonClass: 597K(704K)->597K(704K) Class: 17K(128K)->17K(128K)
[93.737s][info][gc          ] GC(1587) Pause Young (Normal) (G1 Evacuation Pause) 154M->5M(256M) 21.082ms
[93.738s][info][gc,cpu      ] GC(1587) User=0.01s Sys=0.00s Real=0.03s
[93.817s][info][gc,start    ] GC(1588) Pause Young (Normal) (G1 Evacuation Pause)
[93.818s][info][gc,task     ] GC(1588) Using 6 workers of 8 for evacuation
[93.826s][info][gc,phases   ] GC(1588)   Pre Evacuate Collection Set: 1.0ms
[93.829s][info][gc,phases   ] GC(1588)   Merge Heap Roots: 0.4ms
[93.829s][info][gc,phases   ] GC(1588)   Evacuate Collection Set: 3.4ms
[93.830s][info][gc,phases   ] GC(1588)   Post Evacuate Collection Set: 1.4ms
[93.831s][info][gc,phases   ] GC(1588)   Other: 1.5ms
[93.831s][info][gc,heap     ] GC(1588) Eden regions: 150->0(149)
[93.832s][info][gc,heap     ] GC(1588) Survivor regions: 3->4(20)
[93.832s][info][gc,heap     ] GC(1588) Old regions: 2->2
[93.832s][info][gc,heap     ] GC(1588) Archive regions: 2->2
[93.833s][info][gc,heap     ] GC(1588) Humongous regions: 0->0
[93.833s][info][gc,metaspace] GC(1588) Metaspace: 615K(832K)->615K(832K) NonClass: 597K(704K)->597K(704K) Class: 17K(128K)->17K(128K)
[93.834s][info][gc          ] GC(1588) Pause Young (Normal) (G1 Evacuation Pause) 155M->6M(256M) 16.473ms
[93.834s][info][gc,cpu      ] GC(1588) User=0.02s Sys=0.01s Real=0.01s
[93.918s][info][gc,start    ] GC(1589) Pause Young (Normal) (G1 Evacuation Pause)
[93.919s][info][gc,task     ] GC(1589) Using 6 workers of 8 for evacuation
[93.924s][info][gc,phases   ] GC(1589)   Pre Evacuate Collection Set: 0.4ms
[93.927s][info][gc,phases   ] GC(1589)   Merge Heap Roots: 0.3ms
[93.927s][info][gc,phases   ] GC(1589)   Evacuate Collection Set: 1.6ms
[93.928s][info][gc,phases   ] GC(1589)   Post Evacuate Collection Set: 2.0ms
[93.928s][info][gc,phases   ] GC(1589)   Other: 0.6ms
[93.928s][info][gc,heap     ] GC(1589) Eden regions: 149->0(149)
[93.929s][info][gc,heap     ] GC(1589) Survivor regions: 4->4(20)
[93.930s][info][gc,heap     ] GC(1589) Old regions: 2->2
[93.931s][info][gc,heap     ] GC(1589) Archive regions: 2->2
[93.932s][info][gc,heap     ] GC(1589) Humongous regions: 0->0
[93.932s][info][gc,metaspace] GC(1589) Metaspace: 615K(832K)->615K(832K) NonClass: 597K(704K)->597K(704K) Class: 17K(128K)->17K(128K)
[93.933s][info][gc          ] GC(1589) Pause Young (Normal) (G1 Evacuation Pause) 155M->5M(256M) 14.687ms
[93.934s][info][gc,cpu      ] GC(1589) User=0.01s Sys=0.00s Real=0.01s
[94.001s][info][gc,start    ] GC(1590) Pause Young (Normal) (G1 Evacuation Pause)
[94.001s][info][gc,task     ] GC(1590) Using 6 workers of 8 for evacuation
[94.005s][info][gc,phases   ] GC(1590)   Pre Evacuate Collection Set: 0.3ms
[94.006s][info][gc,phases   ] GC(1590)   Merge Heap Roots: 0.3ms
[94.007s][info][gc,phases   ] GC(1590)   Evacuate Collection Set: 1.3ms
[94.008s][info][gc,phases   ] GC(1590)   Post Evacuate Collection Set: 1.0ms
[94.009s][info][gc,phases   ] GC(1590)   Other: 0.5ms
[94.010s][info][gc,heap     ] GC(1590) Eden regions: 149->0(150)
[94.012s][info][gc,heap     ] GC(1590) Survivor regions: 4->3(20)
[94.013s][info][gc,heap     ] GC(1590) Old regions: 2->2
[94.014s][info][gc,heap     ] GC(1590) Archive regions: 2->2
[94.014s][info][gc,heap     ] GC(1590) Humongous regions: 0->0
[94.015s][info][gc,metaspace] GC(1590) Metaspace: 615K(832K)->615K(832K) NonClass: 597K(704K)->597K(704K) Class: 17K(128K)->17K(128K)
[94.015s][info][gc          ] GC(1590) Pause Young (Normal) (G1 Evacuation Pause) 154M->5M(256M) 14.349ms
[94.016s][info][gc,cpu      ] GC(1590) User=0.01s Sys=0.00s Real=0.01s
[94.075s][info][gc,start    ] GC(1591) Pause Young (Normal) (G1 Evacuation Pause)
[94.076s][info][gc,task     ] GC(1591) Using 6 workers of 8 for evacuation
[94.081s][info][gc,phases   ] GC(1591)   Pre Evacuate Collection Set: 0.3ms
[94.082s][info][gc,phases   ] GC(1591)   Merge Heap Roots: 0.3ms
[94.082s][info][gc,phases   ] GC(1591)   Evacuate Collection Set: 1.5ms
[94.083s][info][gc,phases   ] GC(1591)   Post Evacuate Collection Set: 1.0ms
[94.083s][info][gc,phases   ] GC(1591)   Other: 2.2ms
[94.084s][info][gc,heap     ] GC(1591) Eden regions: 150->0(149)
[94.084s][info][gc,heap     ] GC(1591) Survivor regions: 3->4(20)
[94.085s][info][gc,heap     ] GC(1591) Old regions: 2->2
[94.085s][info][gc,heap     ] GC(1591) Archive regions: 2->2
[94.086s][info][gc,heap     ] GC(1591) Humongous regions: 0->0
[94.086s][info][gc,metaspace] GC(1591) Metaspace: 615K(832K)->615K(832K) NonClass: 597K(704K)->597K(704K) Class: 17K(128K)->17K(128K)
[94.087s][info][gc          ] GC(1591) Pause Young (Normal) (G1 Evacuation Pause) 155M->6M(256M) 12.191ms
[94.087s][info][gc,cpu      ] GC(1591) User=0.00s Sys=0.00s Real=0.02s
[94.152s][info][gc,start    ] GC(1592) Pause Young (Normal) (G1 Evacuation Pause)
[94.153s][info][gc,task     ] GC(1592) Using 6 workers of 8 for evacuation
[94.159s][info][gc,phases   ] GC(1592)   Pre Evacuate Collection Set: 0.5ms
[94.160s][info][gc,phases   ] GC(1592)   Merge Heap Roots: 0.2ms
[94.161s][info][gc,phases   ] GC(1592)   Evacuate Collection Set: 3.5ms
[94.162s][info][gc,phases   ] GC(1592)   Post Evacuate Collection Set: 1.9ms
[94.162s][info][gc,phases   ] GC(1592)   Other: 0.6ms
[94.163s][info][gc,heap     ] GC(1592) Eden regions: 149->0(149)
[94.163s][info][gc,heap     ] GC(1592) Survivor regions: 4->4(20)
[94.163s][info][gc,heap     ] GC(1592) Old regions: 2->2
[94.164s][info][gc,heap     ] GC(1592) Archive regions: 2->2
[94.164s][info][gc,heap     ] GC(1592) Humongous regions: 0->0
[94.165s][info][gc,metaspace] GC(1592) Metaspace: 615K(832K)->615K(832K) NonClass: 597K(704K)->597K(704K) Class: 17K(128K)->17K(128K)
[94.166s][info][gc          ] GC(1592) Pause Young (Normal) (G1 Evacuation Pause) 155M->5M(256M) 13.523ms
[94.166s][info][gc,cpu      ] GC(1592) User=0.00s Sys=0.01s Real=0.01s
[94.220s][info][gc,start    ] GC(1593) Pause Young (Normal) (G1 Evacuation Pause)
[94.220s][info][gc,task     ] GC(1593) Using 6 workers of 8 for evacuation
[94.225s][info][gc,phases   ] GC(1593)   Pre Evacuate Collection Set: 0.3ms
[94.226s][info][gc,phases   ] GC(1593)   Merge Heap Roots: 0.3ms
[94.227s][info][gc,phases   ] GC(1593)   Evacuate Collection Set: 2.2ms
[94.228s][info][gc,phases   ] GC(1593)   Post Evacuate Collection Set: 1.5ms
[94.229s][info][gc,phases   ] GC(1593)   Other: 0.6ms
[94.229s][info][gc,heap     ] GC(1593) Eden regions: 149->0(150)
[94.230s][info][gc,heap     ] GC(1593) Survivor regions: 4->3(20)
[94.230s][info][gc,heap     ] GC(1593) Old regions: 2->2
[94.231s][info][gc,heap     ] GC(1593) Archive regions: 2->2
[94.231s][info][gc,heap     ] GC(1593) Humongous regions: 0->0
[94.232s][info][gc,metaspace] GC(1593) Metaspace: 615K(832K)->615K(832K) NonClass: 597K(704K)->597K(704K) Class: 17K(128K)->17K(128K)
[94.232s][info][gc          ] GC(1593) Pause Young (Normal) (G1 Evacuation Pause) 154M->5M(256M) 12.387ms
[94.233s][info][gc,cpu      ] GC(1593) User=0.02s Sys=0.00s Real=0.01s
[94.297s][info][gc,start    ] GC(1594) Pause Young (Normal) (G1 Evacuation Pause)
[94.298s][info][gc,task     ] GC(1594) Using 6 workers of 8 for evacuation
[94.302s][info][gc,phases   ] GC(1594)   Pre Evacuate Collection Set: 0.3ms
[94.302s][info][gc,phases   ] GC(1594)   Merge Heap Roots: 0.3ms
[94.303s][info][gc,phases   ] GC(1594)   Evacuate Collection Set: 1.4ms
[94.303s][info][gc,phases   ] GC(1594)   Post Evacuate Collection Set: 1.1ms
[94.304s][info][gc,phases   ] GC(1594)   Other: 0.6ms
[94.304s][info][gc,heap     ] GC(1594) Eden regions: 150->0(149)
[94.305s][info][gc,heap     ] GC(1594) Survivor regions: 3->4(20)
[94.306s][info][gc,heap     ] GC(1594) Old regions: 2->2
[94.307s][info][gc,heap     ] GC(1594) Archive regions: 2->2
[94.308s][info][gc,heap     ] GC(1594) Humongous regions: 0->0
[94.308s][info][gc,metaspace] GC(1594) Metaspace: 615K(832K)->615K(832K) NonClass: 597K(704K)->597K(704K) Class: 17K(128K)->17K(128K)
[94.309s][info][gc          ] GC(1594) Pause Young (Normal) (G1 Evacuation Pause) 155M->6M(256M) 11.593ms
[94.310s][info][gc,cpu      ] GC(1594) User=0.00s Sys=0.01s Real=0.01s
[94.364s][info][gc,start    ] GC(1595) Pause Young (Normal) (G1 Evacuation Pause)
[94.365s][info][gc,task     ] GC(1595) Using 6 workers of 8 for evacuation
[94.368s][info][gc,phases   ] GC(1595)   Pre Evacuate Collection Set: 0.2ms
[94.369s][info][gc,phases   ] GC(1595)   Merge Heap Roots: 0.3ms
[94.369s][info][gc,phases   ] GC(1595)   Evacuate Collection Set: 1.8ms
[94.370s][info][gc,phases   ] GC(1595)   Post Evacuate Collection Set: 1.0ms
[94.370s][info][gc,phases   ] GC(1595)   Other: 0.5ms
[94.370s][info][gc,heap     ] GC(1595) Eden regions: 149->0(149)
[94.371s][info][gc,heap     ] GC(1595) Survivor regions: 4->4(20)
[94.371s][info][gc,heap     ] GC(1595) Old regions: 2->2
[94.372s][info][gc,heap     ] GC(1595) Archive regions: 2->2
[94.372s][info][gc,heap     ] GC(1595) Humongous regions: 0->0
[94.373s][info][gc,metaspace] GC(1595) Metaspace: 615K(832K)->615K(832K) NonClass: 597K(704K)->597K(704K) Class: 17K(128K)->17K(128K)
[94.374s][info][gc          ] GC(1595) Pause Young (Normal) (G1 Evacuation Pause) 155M->6M(256M) 10.052ms
[94.375s][info][gc,cpu      ] GC(1595) User=0.01s Sys=0.01s Real=0.01s
[94.437s][info][gc,start    ] GC(1596) Pause Young (Normal) (G1 Evacuation Pause)
[94.437s][info][gc,task     ] GC(1596) Using 6 workers of 8 for evacuation
[94.448s][info][gc,phases   ] GC(1596)   Pre Evacuate Collection Set: 0.3ms
[94.448s][info][gc,phases   ] GC(1596)   Merge Heap Roots: 0.3ms
[94.449s][info][gc,phases   ] GC(1596)   Evacuate Collection Set: 8.2ms
[94.449s][info][gc,phases   ] GC(1596)   Post Evacuate Collection Set: 1.0ms
[94.450s][info][gc,phases   ] GC(1596)   Other: 0.6ms
[94.450s][info][gc,heap     ] GC(1596) Eden regions: 149->0(149)
[94.451s][info][gc,heap     ] GC(1596) Survivor regions: 4->4(20)
[94.451s][info][gc,heap     ] GC(1596) Old regions: 2->2
[94.452s][info][gc,heap     ] GC(1596) Archive regions: 2->2
[94.452s][info][gc,heap     ] GC(1596) Humongous regions: 0->0
[94.453s][info][gc,metaspace] GC(1596) Metaspace: 615K(832K)->615K(832K) NonClass: 597K(704K)->597K(704K) Class: 17K(128K)->17K(128K)
[94.453s][info][gc          ] GC(1596) Pause Young (Normal) (G1 Evacuation Pause) 155M->5M(256M) 16.509ms
[94.454s][info][gc,cpu      ] GC(1596) User=0.02s Sys=0.00s Real=0.01s
[94.513s][info][gc,start    ] GC(1597) Pause Young (Normal) (G1 Evacuation Pause)
[94.513s][info][gc,task     ] GC(1597) Using 6 workers of 8 for evacuation
[94.518s][info][gc,phases   ] GC(1597)   Pre Evacuate Collection Set: 0.3ms
[94.519s][info][gc,phases   ] GC(1597)   Merge Heap Roots: 0.4ms
[94.519s][info][gc,phases   ] GC(1597)   Evacuate Collection Set: 1.7ms
[94.519s][info][gc,phases   ] GC(1597)   Post Evacuate Collection Set: 1.6ms
[94.520s][info][gc,phases   ] GC(1597)   Other: 0.6ms
[94.520s][info][gc,heap     ] GC(1597) Eden regions: 149->0(150)
[94.521s][info][gc,heap     ] GC(1597) Survivor regions: 4->3(20)
[94.521s][info][gc,heap     ] GC(1597) Old regions: 2->2
[94.522s][info][gc,heap     ] GC(1597) Archive regions: 2->2
[94.522s][info][gc,heap     ] GC(1597) Humongous regions: 0->0
[94.523s][info][gc,metaspace] GC(1597) Metaspace: 615K(832K)->615K(832K) NonClass: 597K(704K)->597K(704K) Class: 17K(128K)->17K(128K)
[94.524s][info][gc          ] GC(1597) Pause Young (Normal) (G1 Evacuation Pause) 154M->5M(256M) 11.363ms
[94.525s][info][gc,cpu      ] GC(1597) User=0.01s Sys=0.00s Real=0.01s
[94.615s][info][gc,start    ] GC(1598) Pause Young (Normal) (G1 Evacuation Pause)
[94.615s][info][gc,task     ] GC(1598) Using 6 workers of 8 for evacuation
[94.620s][info][gc,phases   ] GC(1598)   Pre Evacuate Collection Set: 0.8ms
[94.620s][info][gc,phases   ] GC(1598)   Merge Heap Roots: 0.4ms
[94.621s][info][gc,phases   ] GC(1598)   Evacuate Collection Set: 1.6ms
[94.622s][info][gc,phases   ] GC(1598)   Post Evacuate Collection Set: 1.0ms
[94.625s][info][gc,phases   ] GC(1598)   Other: 0.5ms
[94.627s][info][gc,heap     ] GC(1598) Eden regions: 150->0(149)
[94.628s][info][gc,heap     ] GC(1598) Survivor regions: 3->4(20)
[94.629s][info][gc,heap     ] GC(1598) Old regions: 2->2
[94.629s][info][gc,heap     ] GC(1598) Archive regions: 2->2
[94.630s][info][gc,heap     ] GC(1598) Humongous regions: 0->0
[94.630s][info][gc,metaspace] GC(1598) Metaspace: 615K(832K)->615K(832K) NonClass: 597K(704K)->597K(704K) Class: 17K(128K)->17K(128K)
[94.631s][info][gc          ] GC(1598) Pause Young (Normal) (G1 Evacuation Pause) 155M->6M(256M) 15.813ms
[94.632s][info][gc,cpu      ] GC(1598) User=0.00s Sys=0.01s Real=0.02s
[94.702s][info][gc,start    ] GC(1599) Pause Young (Normal) (G1 Evacuation Pause)
[94.703s][info][gc,task     ] GC(1599) Using 6 workers of 8 for evacuation
[94.709s][info][gc,phases   ] GC(1599)   Pre Evacuate Collection Set: 0.4ms
[94.711s][info][gc,phases   ] GC(1599)   Merge Heap Roots: 0.3ms
[94.712s][info][gc,phases   ] GC(1599)   Evacuate Collection Set: 3.1ms
[94.712s][info][gc,phases   ] GC(1599)   Post Evacuate Collection Set: 1.9ms
[94.713s][info][gc,phases   ] GC(1599)   Other: 0.7ms
[94.713s][info][gc,heap     ] GC(1599) Eden regions: 149->0(149)
[94.713s][info][gc,heap     ] GC(1599) Survivor regions: 4->4(20)
[94.714s][info][gc,heap     ] GC(1599) Old regions: 2->2
[94.714s][info][gc,heap     ] GC(1599) Archive regions: 2->2
[94.715s][info][gc,heap     ] GC(1599) Humongous regions: 0->0
[94.716s][info][gc,metaspace] GC(1599) Metaspace: 615K(832K)->615K(832K) NonClass: 597K(704K)->597K(704K) Class: 17K(128K)->17K(128K)
[94.716s][info][gc          ] GC(1599) Pause Young (Normal) (G1 Evacuation Pause) 155M->6M(256M) 14.049ms
[94.717s][info][gc,cpu      ] GC(1599) User=0.00s Sys=0.01s Real=0.02s
[94.769s][info][gc,start    ] GC(1600) Pause Young (Normal) (G1 Evacuation Pause)
[94.769s][info][gc,task     ] GC(1600) Using 6 workers of 8 for evacuation
[94.774s][info][gc,phases   ] GC(1600)   Pre Evacuate Collection Set: 0.2ms
[94.776s][info][gc,phases   ] GC(1600)   Merge Heap Roots: 0.2ms
[94.777s][info][gc,phases   ] GC(1600)   Evacuate Collection Set: 2.0ms
[94.779s][info][gc,phases   ] GC(1600)   Post Evacuate Collection Set: 1.6ms
[94.782s][info][gc,phases   ] GC(1600)   Other: 0.8ms
[94.782s][info][gc,heap     ] GC(1600) Eden regions: 149->0(150)
[94.783s][info][gc,heap     ] GC(1600) Survivor regions: 4->3(20)
[94.784s][info][gc,heap     ] GC(1600) Old regions: 2->2
[94.784s][info][gc,heap     ] GC(1600) Archive regions: 2->2
[94.785s][info][gc,heap     ] GC(1600) Humongous regions: 0->0
[94.785s][info][gc,metaspace] GC(1600) Metaspace: 615K(832K)->615K(832K) NonClass: 597K(704K)->597K(704K) Class: 17K(128K)->17K(128K)
[94.786s][info][gc          ] GC(1600) Pause Young (Normal) (G1 Evacuation Pause) 155M->5M(256M) 16.939ms
[94.786s][info][gc,cpu      ] GC(1600) User=0.01s Sys=0.00s Real=0.01s
[94.845s][info][gc,start    ] GC(1601) Pause Young (Normal) (G1 Evacuation Pause)
[94.846s][info][gc,task     ] GC(1601) Using 6 workers of 8 for evacuation
[94.850s][info][gc,phases   ] GC(1601)   Pre Evacuate Collection Set: 0.4ms
[94.851s][info][gc,phases   ] GC(1601)   Merge Heap Roots: 0.3ms
[94.851s][info][gc,phases   ] GC(1601)   Evacuate Collection Set: 1.3ms
[94.851s][info][gc,phases   ] GC(1601)   Post Evacuate Collection Set: 1.1ms
[94.852s][info][gc,phases   ] GC(1601)   Other: 0.6ms
[94.852s][info][gc,heap     ] GC(1601) Eden regions: 150->0(149)
[94.853s][info][gc,heap     ] GC(1601) Survivor regions: 3->4(20)
[94.853s][info][gc,heap     ] GC(1601) Old regions: 2->2
[94.854s][info][gc,heap     ] GC(1601) Archive regions: 2->2
[94.854s][info][gc,heap     ] GC(1601) Humongous regions: 0->0
[94.855s][info][gc,metaspace] GC(1601) Metaspace: 615K(832K)->615K(832K) NonClass: 597K(704K)->597K(704K) Class: 17K(128K)->17K(128K)
[94.855s][info][gc          ] GC(1601) Pause Young (Normal) (G1 Evacuation Pause) 155M->6M(256M) 9.865ms
[94.856s][info][gc,cpu      ] GC(1601) User=0.01s Sys=0.00s Real=0.01s
[94.908s][info][gc,start    ] GC(1602) Pause Young (Normal) (G1 Evacuation Pause)
[94.909s][info][gc,task     ] GC(1602) Using 6 workers of 8 for evacuation
[94.914s][info][gc,phases   ] GC(1602)   Pre Evacuate Collection Set: 0.3ms
[94.915s][info][gc,phases   ] GC(1602)   Merge Heap Roots: 0.3ms
[94.915s][info][gc,phases   ] GC(1602)   Evacuate Collection Set: 1.4ms
[94.915s][info][gc,phases   ] GC(1602)   Post Evacuate Collection Set: 1.0ms
[94.916s][info][gc,phases   ] GC(1602)   Other: 2.0ms
[94.916s][info][gc,heap     ] GC(1602) Eden regions: 149->0(149)
[94.917s][info][gc,heap     ] GC(1602) Survivor regions: 4->4(20)
[94.917s][info][gc,heap     ] GC(1602) Old regions: 2->2
[94.917s][info][gc,heap     ] GC(1602) Archive regions: 2->2
[94.918s][info][gc,heap     ] GC(1602) Humongous regions: 0->0
[94.918s][info][gc,metaspace] GC(1602) Metaspace: 615K(832K)->615K(832K) NonClass: 597K(704K)->597K(704K) Class: 17K(128K)->17K(128K)
[94.918s][info][gc          ] GC(1602) Pause Young (Normal) (G1 Evacuation Pause) 155M->6M(256M) 10.262ms
[94.919s][info][gc,cpu      ] GC(1602) User=0.01s Sys=0.00s Real=0.01s
[94.969s][info][gc,start    ] GC(1603) Pause Young (Normal) (G1 Evacuation Pause)
[94.969s][info][gc,task     ] GC(1603) Using 6 workers of 8 for evacuation
[94.976s][info][gc,phases   ] GC(1603)   Pre Evacuate Collection Set: 0.3ms
[94.979s][info][gc,phases   ] GC(1603)   Merge Heap Roots: 0.3ms
[94.979s][info][gc,phases   ] GC(1603)   Evacuate Collection Set: 1.9ms
[94.980s][info][gc,phases   ] GC(1603)   Post Evacuate Collection Set: 3.3ms
[94.980s][info][gc,phases   ] GC(1603)   Other: 1.0ms
[94.980s][info][gc,heap     ] GC(1603) Eden regions: 149->0(149)
[94.981s][info][gc,heap     ] GC(1603) Survivor regions: 4->4(20)
[94.981s][info][gc,heap     ] GC(1603) Old regions: 2->2
[94.982s][info][gc,heap     ] GC(1603) Archive regions: 2->2
[94.982s][info][gc,heap     ] GC(1603) Humongous regions: 0->0
[94.982s][info][gc,metaspace] GC(1603) Metaspace: 615K(832K)->615K(832K) NonClass: 597K(704K)->597K(704K) Class: 17K(128K)->17K(128K)
[94.983s][info][gc          ] GC(1603) Pause Young (Normal) (G1 Evacuation Pause) 155M->5M(256M) 14.125ms
[94.983s][info][gc,cpu      ] GC(1603) User=0.01s Sys=0.00s Real=0.01s
[95.053s][info][gc,start    ] GC(1604) Pause Young (Normal) (G1 Evacuation Pause)
[95.054s][info][gc,task     ] GC(1604) Using 6 workers of 8 for evacuation
[95.060s][info][gc,phases   ] GC(1604)   Pre Evacuate Collection Set: 0.3ms
[95.062s][info][gc,phases   ] GC(1604)   Merge Heap Roots: 0.2ms
[95.064s][info][gc,phases   ] GC(1604)   Evacuate Collection Set: 3.7ms
[95.065s][info][gc,phases   ] GC(1604)   Post Evacuate Collection Set: 1.2ms
[95.066s][info][gc,phases   ] GC(1604)   Other: 0.5ms
[95.066s][info][gc,heap     ] GC(1604) Eden regions: 149->0(150)
[95.067s][info][gc,heap     ] GC(1604) Survivor regions: 4->3(20)
[95.067s][info][gc,heap     ] GC(1604) Old regions: 2->2
[95.067s][info][gc,heap     ] GC(1604) Archive regions: 2->2
[95.068s][info][gc,heap     ] GC(1604) Humongous regions: 0->0
[95.068s][info][gc,metaspace] GC(1604) Metaspace: 615K(832K)->615K(832K) NonClass: 597K(704K)->597K(704K) Class: 17K(128K)->17K(128K)
[95.069s][info][gc          ] GC(1604) Pause Young (Normal) (G1 Evacuation Pause) 154M->5M(256M) 15.494ms
[95.069s][info][gc,cpu      ] GC(1604) User=0.01s Sys=0.00s Real=0.02s
[95.161s][info][gc,start    ] GC(1605) Pause Young (Normal) (G1 Evacuation Pause)
[95.171s][info][gc,task     ] GC(1605) Using 6 workers of 8 for evacuation
[95.176s][info][gc,phases   ] GC(1605)   Pre Evacuate Collection Set: 0.5ms
[95.177s][info][gc,phases   ] GC(1605)   Merge Heap Roots: 0.3ms
[95.177s][info][gc,phases   ] GC(1605)   Evacuate Collection Set: 1.6ms
[95.178s][info][gc,phases   ] GC(1605)   Post Evacuate Collection Set: 1.2ms
[95.178s][info][gc,phases   ] GC(1605)   Other: 1.4ms
[95.178s][info][gc,heap     ] GC(1605) Eden regions: 150->0(149)
[95.179s][info][gc,heap     ] GC(1605) Survivor regions: 3->4(20)
[95.179s][info][gc,heap     ] GC(1605) Old regions: 2->2
[95.180s][info][gc,heap     ] GC(1605) Archive regions: 2->2
[95.180s][info][gc,heap     ] GC(1605) Humongous regions: 0->0
[95.180s][info][gc,metaspace] GC(1605) Metaspace: 615K(832K)->615K(832K) NonClass: 597K(704K)->597K(704K) Class: 17K(128K)->17K(128K)
[95.181s][info][gc          ] GC(1605) Pause Young (Normal) (G1 Evacuation Pause) 155M->6M(256M) 19.334ms
[95.181s][info][gc,cpu      ] GC(1605) User=0.01s Sys=0.00s Real=0.02s
[95.238s][info][gc,start    ] GC(1606) Pause Young (Normal) (G1 Evacuation Pause)
[95.238s][info][gc,task     ] GC(1606) Using 6 workers of 8 for evacuation
[95.243s][info][gc,phases   ] GC(1606)   Pre Evacuate Collection Set: 0.4ms
[95.244s][info][gc,phases   ] GC(1606)   Merge Heap Roots: 0.5ms
[95.244s][info][gc,phases   ] GC(1606)   Evacuate Collection Set: 2.1ms
[95.245s][info][gc,phases   ] GC(1606)   Post Evacuate Collection Set: 1.2ms
[95.245s][info][gc,phases   ] GC(1606)   Other: 0.6ms
[95.246s][info][gc,heap     ] GC(1606) Eden regions: 149->0(149)
[95.246s][info][gc,heap     ] GC(1606) Survivor regions: 4->4(20)
[95.247s][info][gc,heap     ] GC(1606) Old regions: 2->2
[95.247s][info][gc,heap     ] GC(1606) Archive regions: 2->2
[95.247s][info][gc,heap     ] GC(1606) Humongous regions: 0->0
[95.248s][info][gc,metaspace] GC(1606) Metaspace: 615K(832K)->615K(832K) NonClass: 597K(704K)->597K(704K) Class: 17K(128K)->17K(128K)
[95.248s][info][gc          ] GC(1606) Pause Young (Normal) (G1 Evacuation Pause) 155M->5M(256M) 10.606ms
[95.248s][info][gc,cpu      ] GC(1606) User=0.01s Sys=0.00s Real=0.01s
[95.296s][info][gc,start    ] GC(1607) Pause Young (Normal) (G1 Evacuation Pause)
[95.297s][info][gc,task     ] GC(1607) Using 6 workers of 8 for evacuation
[95.300s][info][gc,phases   ] GC(1607)   Pre Evacuate Collection Set: 0.3ms
[95.301s][info][gc,phases   ] GC(1607)   Merge Heap Roots: 0.3ms
[95.301s][info][gc,phases   ] GC(1607)   Evacuate Collection Set: 1.3ms
[95.302s][info][gc,phases   ] GC(1607)   Post Evacuate Collection Set: 0.8ms
[95.302s][info][gc,phases   ] GC(1607)   Other: 0.6ms
[95.303s][info][gc,heap     ] GC(1607) Eden regions: 149->0(149)
[95.303s][info][gc,heap     ] GC(1607) Survivor regions: 4->4(20)
[95.303s][info][gc,heap     ] GC(1607) Old regions: 2->2
[95.304s][info][gc,heap     ] GC(1607) Archive regions: 2->2
[95.304s][info][gc,heap     ] GC(1607) Humongous regions: 0->0
[95.304s][info][gc,metaspace] GC(1607) Metaspace: 615K(832K)->615K(832K) NonClass: 597K(704K)->597K(704K) Class: 17K(128K)->17K(128K)
[95.305s][info][gc          ] GC(1607) Pause Young (Normal) (G1 Evacuation Pause) 154M->5M(256M) 8.372ms
[95.305s][info][gc,cpu      ] GC(1607) User=0.01s Sys=0.00s Real=0.01s
[95.354s][info][gc,start    ] GC(1608) Pause Young (Normal) (G1 Evacuation Pause)
[95.354s][info][gc,task     ] GC(1608) Using 6 workers of 8 for evacuation
[95.363s][info][gc,phases   ] GC(1608)   Pre Evacuate Collection Set: 0.4ms
[95.363s][info][gc,phases   ] GC(1608)   Merge Heap Roots: 0.4ms
[95.364s][info][gc,phases   ] GC(1608)   Evacuate Collection Set: 6.2ms
[95.364s][info][gc,phases   ] GC(1608)   Post Evacuate Collection Set: 1.1ms
[95.365s][info][gc,phases   ] GC(1608)   Other: 0.5ms
[95.365s][info][gc,heap     ] GC(1608) Eden regions: 149->0(150)
[95.366s][info][gc,heap     ] GC(1608) Survivor regions: 4->3(20)
[95.366s][info][gc,heap     ] GC(1608) Old regions: 2->2
[95.367s][info][gc,heap     ] GC(1608) Archive regions: 2->2
[95.367s][info][gc,heap     ] GC(1608) Humongous regions: 0->0
[95.367s][info][gc,metaspace] GC(1608) Metaspace: 615K(832K)->615K(832K) NonClass: 597K(704K)->597K(704K) Class: 17K(128K)->17K(128K)
[95.368s][info][gc          ] GC(1608) Pause Young (Normal) (G1 Evacuation Pause) 154M->5M(256M) 14.165ms
[95.368s][info][gc,cpu      ] GC(1608) User=0.02s Sys=0.00s Real=0.02s
[95.420s][info][gc,start    ] GC(1609) Pause Young (Normal) (G1 Evacuation Pause)
[95.421s][info][gc,task     ] GC(1609) Using 6 workers of 8 for evacuation
[95.429s][info][gc,phases   ] GC(1609)   Pre Evacuate Collection Set: 0.3ms
[95.430s][info][gc,phases   ] GC(1609)   Merge Heap Roots: 0.4ms
[95.430s][info][gc,phases   ] GC(1609)   Evacuate Collection Set: 5.5ms
[95.430s][info][gc,phases   ] GC(1609)   Post Evacuate Collection Set: 1.3ms
[95.431s][info][gc,phases   ] GC(1609)   Other: 0.7ms
[95.431s][info][gc,heap     ] GC(1609) Eden regions: 150->0(149)
[95.431s][info][gc,heap     ] GC(1609) Survivor regions: 3->4(20)
[95.432s][info][gc,heap     ] GC(1609) Old regions: 2->2
[95.432s][info][gc,heap     ] GC(1609) Archive regions: 2->2
[95.432s][info][gc,heap     ] GC(1609) Humongous regions: 0->0
[95.433s][info][gc,metaspace] GC(1609) Metaspace: 615K(832K)->615K(832K) NonClass: 597K(704K)->597K(704K) Class: 17K(128K)->17K(128K)
[95.433s][info][gc          ] GC(1609) Pause Young (Normal) (G1 Evacuation Pause) 155M->6M(256M) 12.514ms
[95.433s][info][gc,cpu      ] GC(1609) User=0.01s Sys=0.01s Real=0.01s
[95.483s][info][gc,start    ] GC(1610) Pause Young (Normal) (G1 Evacuation Pause)
[95.483s][info][gc,task     ] GC(1610) Using 6 workers of 8 for evacuation
[95.487s][info][gc,phases   ] GC(1610)   Pre Evacuate Collection Set: 0.3ms
[95.487s][info][gc,phases   ] GC(1610)   Merge Heap Roots: 0.4ms
[95.487s][info][gc,phases   ] GC(1610)   Evacuate Collection Set: 1.1ms
[95.488s][info][gc,phases   ] GC(1610)   Post Evacuate Collection Set: 0.8ms
[95.488s][info][gc,phases   ] GC(1610)   Other: 0.5ms
[95.489s][info][gc,heap     ] GC(1610) Eden regions: 149->0(149)
[95.489s][info][gc,heap     ] GC(1610) Survivor regions: 4->4(20)
[95.490s][info][gc,heap     ] GC(1610) Old regions: 2->2
[95.493s][info][gc,heap     ] GC(1610) Archive regions: 2->2
[95.494s][info][gc,heap     ] GC(1610) Humongous regions: 0->0
[95.494s][info][gc,metaspace] GC(1610) Metaspace: 615K(832K)->615K(832K) NonClass: 597K(704K)->597K(704K) Class: 17K(128K)->17K(128K)
[95.495s][info][gc          ] GC(1610) Pause Young (Normal) (G1 Evacuation Pause) 155M->5M(256M) 11.789ms
[95.495s][info][gc,cpu      ] GC(1610) User=0.00s Sys=0.01s Real=0.01s
[95.537s][info][gc,start    ] GC(1611) Pause Young (Normal) (G1 Evacuation Pause)
[95.538s][info][gc,task     ] GC(1611) Using 6 workers of 8 for evacuation
[95.545s][info][gc,phases   ] GC(1611)   Pre Evacuate Collection Set: 0.4ms
[95.545s][info][gc,phases   ] GC(1611)   Merge Heap Roots: 0.5ms
[95.546s][info][gc,phases   ] GC(1611)   Evacuate Collection Set: 4.5ms
[95.546s][info][gc,phases   ] GC(1611)   Post Evacuate Collection Set: 1.0ms
[95.547s][info][gc,phases   ] GC(1611)   Other: 0.8ms
[95.547s][info][gc,heap     ] GC(1611) Eden regions: 149->0(150)
[95.548s][info][gc,heap     ] GC(1611) Survivor regions: 4->3(20)
[95.548s][info][gc,heap     ] GC(1611) Old regions: 2->2
[95.548s][info][gc,heap     ] GC(1611) Archive regions: 2->2
[95.549s][info][gc,heap     ] GC(1611) Humongous regions: 0->0
[95.549s][info][gc,metaspace] GC(1611) Metaspace: 615K(832K)->615K(832K) NonClass: 597K(704K)->597K(704K) Class: 17K(128K)->17K(128K)
[95.549s][info][gc          ] GC(1611) Pause Young (Normal) (G1 Evacuation Pause) 154M->5M(256M) 12.212ms
[95.550s][info][gc,cpu      ] GC(1611) User=0.01s Sys=0.00s Real=0.01s
[95.603s][info][gc,start    ] GC(1612) Pause Young (Normal) (G1 Evacuation Pause)
[95.603s][info][gc,task     ] GC(1612) Using 6 workers of 8 for evacuation
[95.609s][info][gc,phases   ] GC(1612)   Pre Evacuate Collection Set: 0.4ms
[95.611s][info][gc,phases   ] GC(1612)   Merge Heap Roots: 0.3ms
[95.612s][info][gc,phases   ] GC(1612)   Evacuate Collection Set: 3.4ms
[95.612s][info][gc,phases   ] GC(1612)   Post Evacuate Collection Set: 1.7ms
[95.613s][info][gc,phases   ] GC(1612)   Other: 0.5ms
[95.613s][info][gc,heap     ] GC(1612) Eden regions: 150->0(149)
[95.614s][info][gc,heap     ] GC(1612) Survivor regions: 3->4(20)
[95.614s][info][gc,heap     ] GC(1612) Old regions: 2->2
[95.615s][info][gc,heap     ] GC(1612) Archive regions: 2->2
[95.615s][info][gc,heap     ] GC(1612) Humongous regions: 0->0
[95.615s][info][gc,metaspace] GC(1612) Metaspace: 615K(832K)->615K(832K) NonClass: 597K(704K)->597K(704K) Class: 17K(128K)->17K(128K)
[95.616s][info][gc          ] GC(1612) Pause Young (Normal) (G1 Evacuation Pause) 155M->6M(256M) 13.181ms
[95.616s][info][gc,cpu      ] GC(1612) User=0.00s Sys=0.02s Real=0.01s
[95.662s][info][gc,start    ] GC(1613) Pause Young (Normal) (G1 Evacuation Pause)
[95.663s][info][gc,task     ] GC(1613) Using 6 workers of 8 for evacuation
[95.666s][info][gc,phases   ] GC(1613)   Pre Evacuate Collection Set: 0.3ms
[95.666s][info][gc,phases   ] GC(1613)   Merge Heap Roots: 0.2ms
[95.667s][info][gc,phases   ] GC(1613)   Evacuate Collection Set: 1.1ms
[95.667s][info][gc,phases   ] GC(1613)   Post Evacuate Collection Set: 0.9ms
[95.667s][info][gc,phases   ] GC(1613)   Other: 0.5ms
[95.668s][info][gc,heap     ] GC(1613) Eden regions: 149->0(149)
[95.668s][info][gc,heap     ] GC(1613) Survivor regions: 4->4(20)
[95.668s][info][gc,heap     ] GC(1613) Old regions: 2->2
[95.669s][info][gc,heap     ] GC(1613) Archive regions: 2->2
[95.669s][info][gc,heap     ] GC(1613) Humongous regions: 0->0
[95.669s][info][gc,metaspace] GC(1613) Metaspace: 615K(832K)->615K(832K) NonClass: 597K(704K)->597K(704K) Class: 17K(128K)->17K(128K)
[95.670s][info][gc          ] GC(1613) Pause Young (Normal) (G1 Evacuation Pause) 155M->5M(256M) 7.448ms
[95.670s][info][gc,cpu      ] GC(1613) User=0.01s Sys=0.00s Real=0.01s
[95.716s][info][gc,start    ] GC(1614) Pause Young (Normal) (G1 Evacuation Pause)
[95.716s][info][gc,task     ] GC(1614) Using 6 workers of 8 for evacuation
[95.719s][info][gc,phases   ] GC(1614)   Pre Evacuate Collection Set: 0.3ms
[95.719s][info][gc,phases   ] GC(1614)   Merge Heap Roots: 0.2ms
[95.720s][info][gc,phases   ] GC(1614)   Evacuate Collection Set: 1.1ms
[95.720s][info][gc,phases   ] GC(1614)   Post Evacuate Collection Set: 0.8ms
[95.720s][info][gc,phases   ] GC(1614)   Other: 0.5ms
[95.721s][info][gc,heap     ] GC(1614) Eden regions: 149->0(149)
[95.721s][info][gc,heap     ] GC(1614) Survivor regions: 4->4(20)
[95.722s][info][gc,heap     ] GC(1614) Old regions: 2->2
[95.723s][info][gc,heap     ] GC(1614) Archive regions: 2->2
[95.724s][info][gc,heap     ] GC(1614) Humongous regions: 0->0
[95.725s][info][gc,metaspace] GC(1614) Metaspace: 615K(832K)->615K(832K) NonClass: 597K(704K)->597K(704K) Class: 17K(128K)->17K(128K)
[95.726s][info][gc          ] GC(1614) Pause Young (Normal) (G1 Evacuation Pause) 154M->5M(256M) 10.074ms
[95.726s][info][gc,cpu      ] GC(1614) User=0.00s Sys=0.01s Real=0.01s
[95.770s][info][gc,start    ] GC(1615) Pause Young (Normal) (G1 Evacuation Pause)
[95.770s][info][gc,task     ] GC(1615) Using 6 workers of 8 for evacuation
[95.776s][info][gc,phases   ] GC(1615)   Pre Evacuate Collection Set: 0.3ms
[95.779s][info][gc,phases   ] GC(1615)   Merge Heap Roots: 0.3ms
[95.780s][info][gc,phases   ] GC(1615)   Evacuate Collection Set: 2.6ms
[95.781s][info][gc,phases   ] GC(1615)   Post Evacuate Collection Set: 1.4ms
[95.781s][info][gc,phases   ] GC(1615)   Other: 0.6ms
[95.782s][info][gc,heap     ] GC(1615) Eden regions: 149->0(150)
[95.782s][info][gc,heap     ] GC(1615) Survivor regions: 4->3(20)
[95.782s][info][gc,heap     ] GC(1615) Old regions: 2->2
[95.783s][info][gc,heap     ] GC(1615) Archive regions: 2->2
[95.783s][info][gc,heap     ] GC(1615) Humongous regions: 0->0
[95.784s][info][gc,metaspace] GC(1615) Metaspace: 615K(832K)->615K(832K) NonClass: 597K(704K)->597K(704K) Class: 17K(128K)->17K(128K)
[95.784s][info][gc          ] GC(1615) Pause Young (Normal) (G1 Evacuation Pause) 154M->5M(256M) 14.102ms
[95.785s][info][gc,cpu      ] GC(1615) User=0.01s Sys=0.00s Real=0.01s
[95.833s][info][gc,start    ] GC(1616) Pause Young (Normal) (G1 Evacuation Pause)
[95.833s][info][gc,task     ] GC(1616) Using 6 workers of 8 for evacuation
[95.836s][info][gc,phases   ] GC(1616)   Pre Evacuate Collection Set: 0.2ms
[95.836s][info][gc,phases   ] GC(1616)   Merge Heap Roots: 0.3ms
[95.837s][info][gc,phases   ] GC(1616)   Evacuate Collection Set: 1.1ms
[95.837s][info][gc,phases   ] GC(1616)   Post Evacuate Collection Set: 0.7ms
[95.837s][info][gc,phases   ] GC(1616)   Other: 0.4ms
[95.838s][info][gc,heap     ] GC(1616) Eden regions: 150->0(149)
[95.838s][info][gc,heap     ] GC(1616) Survivor regions: 3->4(20)
[95.839s][info][gc,heap     ] GC(1616) Old regions: 2->2
[95.839s][info][gc,heap     ] GC(1616) Archive regions: 2->2
[95.840s][info][gc,heap     ] GC(1616) Humongous regions: 0->0
[95.841s][info][gc,metaspace] GC(1616) Metaspace: 615K(832K)->615K(832K) NonClass: 597K(704K)->597K(704K) Class: 17K(128K)->17K(128K)
[95.841s][info][gc          ] GC(1616) Pause Young (Normal) (G1 Evacuation Pause) 155M->6M(256M) 8.515ms
[95.842s][info][gc,cpu      ] GC(1616) User=0.01s Sys=0.00s Real=0.01s
[95.890s][info][gc,start    ] GC(1617) Pause Young (Normal) (G1 Evacuation Pause)
[95.891s][info][gc,task     ] GC(1617) Using 6 workers of 8 for evacuation
[95.895s][info][gc,phases   ] GC(1617)   Pre Evacuate Collection Set: 0.4ms
[95.895s][info][gc,phases   ] GC(1617)   Merge Heap Roots: 0.2ms
[95.896s][info][gc,phases   ] GC(1617)   Evacuate Collection Set: 1.0ms
[95.896s][info][gc,phases   ] GC(1617)   Post Evacuate Collection Set: 0.9ms
[95.897s][info][gc,phases   ] GC(1617)   Other: 0.9ms
[95.897s][info][gc,heap     ] GC(1617) Eden regions: 149->0(149)
[95.897s][info][gc,heap     ] GC(1617) Survivor regions: 4->4(20)
[95.898s][info][gc,heap     ] GC(1617) Old regions: 2->2
[95.898s][info][gc,heap     ] GC(1617) Archive regions: 2->2
[95.898s][info][gc,heap     ] GC(1617) Humongous regions: 0->0
[95.899s][info][gc,metaspace] GC(1617) Metaspace: 615K(832K)->615K(832K) NonClass: 597K(704K)->597K(704K) Class: 17K(128K)->17K(128K)
[95.899s][info][gc          ] GC(1617) Pause Young (Normal) (G1 Evacuation Pause) 155M->5M(256M) 8.657ms
[95.899s][info][gc,cpu      ] GC(1617) User=0.01s Sys=0.00s Real=0.01s
[95.939s][info][gc,start    ] GC(1618) Pause Young (Normal) (G1 Evacuation Pause)
[95.940s][info][gc,task     ] GC(1618) Using 6 workers of 8 for evacuation
[95.944s][info][gc,phases   ] GC(1618)   Pre Evacuate Collection Set: 0.4ms
[95.944s][info][gc,phases   ] GC(1618)   Merge Heap Roots: 0.3ms
[95.945s][info][gc,phases   ] GC(1618)   Evacuate Collection Set: 1.3ms
[95.945s][info][gc,phases   ] GC(1618)   Post Evacuate Collection Set: 1.0ms
[95.946s][info][gc,phases   ] GC(1618)   Other: 0.9ms
[95.946s][info][gc,heap     ] GC(1618) Eden regions: 149->0(150)
[95.946s][info][gc,heap     ] GC(1618) Survivor regions: 4->3(20)
[95.947s][info][gc,heap     ] GC(1618) Old regions: 2->2
[95.947s][info][gc,heap     ] GC(1618) Archive regions: 2->2
[95.947s][info][gc,heap     ] GC(1618) Humongous regions: 0->0
[95.948s][info][gc,metaspace] GC(1618) Metaspace: 615K(832K)->615K(832K) NonClass: 597K(704K)->597K(704K) Class: 17K(128K)->17K(128K)
[95.948s][info][gc          ] GC(1618) Pause Young (Normal) (G1 Evacuation Pause) 154M->5M(256M) 9.487ms
[95.948s][info][gc,cpu      ] GC(1618) User=0.01s Sys=0.00s Real=0.01s
[95.987s][info][gc,start    ] GC(1619) Pause Young (Normal) (G1 Evacuation Pause)
[95.988s][info][gc,task     ] GC(1619) Using 6 workers of 8 for evacuation
[95.993s][info][gc,phases   ] GC(1619)   Pre Evacuate Collection Set: 0.4ms
[95.994s][info][gc,phases   ] GC(1619)   Merge Heap Roots: 0.3ms
[95.994s][info][gc,phases   ] GC(1619)   Evacuate Collection Set: 2.7ms
[95.995s][info][gc,phases   ] GC(1619)   Post Evacuate Collection Set: 1.5ms
[95.995s][info][gc,phases   ] GC(1619)   Other: 0.6ms
[95.995s][info][gc,heap     ] GC(1619) Eden regions: 150->0(149)
[95.996s][info][gc,heap     ] GC(1619) Survivor regions: 3->4(20)
[95.996s][info][gc,heap     ] GC(1619) Old regions: 2->2
[95.996s][info][gc,heap     ] GC(1619) Archive regions: 2->2
[95.997s][info][gc,heap     ] GC(1619) Humongous regions: 0->0
[95.997s][info][gc,metaspace] GC(1619) Metaspace: 615K(832K)->615K(832K) NonClass: 597K(704K)->597K(704K) Class: 17K(128K)->17K(128K)
[95.998s][info][gc          ] GC(1619) Pause Young (Normal) (G1 Evacuation Pause) 155M->6M(256M) 10.327ms
[95.998s][info][gc,cpu      ] GC(1619) User=0.01s Sys=0.01s Real=0.01s
[96.039s][info][gc,start    ] GC(1620) Pause Young (Normal) (G1 Evacuation Pause)
[96.040s][info][gc,task     ] GC(1620) Using 6 workers of 8 for evacuation
[96.044s][info][gc,phases   ] GC(1620)   Pre Evacuate Collection Set: 0.6ms
[96.045s][info][gc,phases   ] GC(1620)   Merge Heap Roots: 0.3ms
[96.046s][info][gc,phases   ] GC(1620)   Evacuate Collection Set: 1.8ms
[96.047s][info][gc,phases   ] GC(1620)   Post Evacuate Collection Set: 1.0ms
[96.047s][info][gc,phases   ] GC(1620)   Other: 1.0ms
[96.047s][info][gc,heap     ] GC(1620) Eden regions: 149->0(149)
[96.048s][info][gc,heap     ] GC(1620) Survivor regions: 4->4(20)
[96.048s][info][gc,heap     ] GC(1620) Old regions: 2->2
[96.049s][info][gc,heap     ] GC(1620) Archive regions: 2->2
[96.049s][info][gc,heap     ] GC(1620) Humongous regions: 0->0
[96.049s][info][gc,metaspace] GC(1620) Metaspace: 615K(832K)->615K(832K) NonClass: 597K(704K)->597K(704K) Class: 17K(128K)->17K(128K)
[96.050s][info][gc          ] GC(1620) Pause Young (Normal) (G1 Evacuation Pause) 155M->5M(256M) 11.134ms
[96.050s][info][gc,cpu      ] GC(1620) User=0.01s Sys=0.00s Real=0.01s
[96.095s][info][gc,start    ] GC(1621) Pause Young (Normal) (G1 Evacuation Pause)
[96.096s][info][gc,task     ] GC(1621) Using 6 workers of 8 for evacuation
[96.099s][info][gc,phases   ] GC(1621)   Pre Evacuate Collection Set: 0.2ms
[96.099s][info][gc,phases   ] GC(1621)   Merge Heap Roots: 0.2ms
[96.099s][info][gc,phases   ] GC(1621)   Evacuate Collection Set: 1.1ms
[96.100s][info][gc,phases   ] GC(1621)   Post Evacuate Collection Set: 0.9ms
[96.100s][info][gc,phases   ] GC(1621)   Other: 0.5ms
[96.100s][info][gc,heap     ] GC(1621) Eden regions: 149->0(150)
[96.101s][info][gc,heap     ] GC(1621) Survivor regions: 4->3(20)
[96.101s][info][gc,heap     ] GC(1621) Old regions: 2->2
[96.101s][info][gc,heap     ] GC(1621) Archive regions: 2->2
[96.102s][info][gc,heap     ] GC(1621) Humongous regions: 0->0
[96.102s][info][gc,metaspace] GC(1621) Metaspace: 615K(832K)->615K(832K) NonClass: 597K(704K)->597K(704K) Class: 17K(128K)->17K(128K)
[96.102s][info][gc          ] GC(1621) Pause Young (Normal) (G1 Evacuation Pause) 154M->5M(256M) 7.101ms
[96.103s][info][gc,cpu      ] GC(1621) User=0.00s Sys=0.00s Real=0.01s
[96.147s][info][gc,start    ] GC(1622) Pause Young (Normal) (G1 Evacuation Pause)
[96.147s][info][gc,task     ] GC(1622) Using 6 workers of 8 for evacuation
[96.150s][info][gc,phases   ] GC(1622)   Pre Evacuate Collection Set: 0.2ms
[96.151s][info][gc,phases   ] GC(1622)   Merge Heap Roots: 0.2ms
[96.151s][info][gc,phases   ] GC(1622)   Evacuate Collection Set: 1.3ms
[96.151s][info][gc,phases   ] GC(1622)   Post Evacuate Collection Set: 0.8ms
[96.152s][info][gc,phases   ] GC(1622)   Other: 0.4ms
[96.152s][info][gc,heap     ] GC(1622) Eden regions: 150->0(149)
[96.152s][info][gc,heap     ] GC(1622) Survivor regions: 3->4(20)
[96.153s][info][gc,heap     ] GC(1622) Old regions: 2->2
[96.153s][info][gc,heap     ] GC(1622) Archive regions: 2->2
[96.153s][info][gc,heap     ] GC(1622) Humongous regions: 0->0
[96.153s][info][gc,metaspace] GC(1622) Metaspace: 615K(832K)->615K(832K) NonClass: 597K(704K)->597K(704K) Class: 17K(128K)->17K(128K)
[96.154s][info][gc          ] GC(1622) Pause Young (Normal) (G1 Evacuation Pause) 155M->6M(256M) 6.549ms
[96.154s][info][gc,cpu      ] GC(1622) User=0.01s Sys=0.00s Real=0.00s
[96.199s][info][gc,start    ] GC(1623) Pause Young (Normal) (G1 Evacuation Pause)
[96.199s][info][gc,task     ] GC(1623) Using 6 workers of 8 for evacuation
[96.202s][info][gc,phases   ] GC(1623)   Pre Evacuate Collection Set: 0.2ms
[96.202s][info][gc,phases   ] GC(1623)   Merge Heap Roots: 0.3ms
[96.202s][info][gc,phases   ] GC(1623)   Evacuate Collection Set: 1.0ms
[96.203s][info][gc,phases   ] GC(1623)   Post Evacuate Collection Set: 0.7ms
[96.203s][info][gc,phases   ] GC(1623)   Other: 0.4ms
[96.203s][info][gc,heap     ] GC(1623) Eden regions: 149->0(149)
[96.204s][info][gc,heap     ] GC(1623) Survivor regions: 4->4(20)
[96.204s][info][gc,heap     ] GC(1623) Old regions: 2->2
[96.205s][info][gc,heap     ] GC(1623) Archive regions: 2->2
[96.205s][info][gc,heap     ] GC(1623) Humongous regions: 0->0
[96.206s][info][gc,metaspace] GC(1623) Metaspace: 615K(832K)->615K(832K) NonClass: 597K(704K)->597K(704K) Class: 17K(128K)->17K(128K)
[96.206s][info][gc          ] GC(1623) Pause Young (Normal) (G1 Evacuation Pause) 155M->6M(256M) 7.453ms
[96.207s][info][gc,cpu      ] GC(1623) User=0.01s Sys=0.00s Real=0.01s
[96.253s][info][gc,start    ] GC(1624) Pause Young (Normal) (G1 Evacuation Pause)
[96.254s][info][gc,task     ] GC(1624) Using 6 workers of 8 for evacuation
[96.257s][info][gc,phases   ] GC(1624)   Pre Evacuate Collection Set: 0.2ms
[96.258s][info][gc,phases   ] GC(1624)   Merge Heap Roots: 0.3ms
[96.259s][info][gc,phases   ] GC(1624)   Evacuate Collection Set: 1.2ms
[96.260s][info][gc,phases   ] GC(1624)   Post Evacuate Collection Set: 1.6ms
[96.260s][info][gc,phases   ] GC(1624)   Other: 0.4ms
[96.261s][info][gc,heap     ] GC(1624) Eden regions: 149->0(149)
[96.261s][info][gc,heap     ] GC(1624) Survivor regions: 4->4(20)
[96.261s][info][gc,heap     ] GC(1624) Old regions: 2->2
[96.262s][info][gc,heap     ] GC(1624) Archive regions: 2->2
[96.262s][info][gc,heap     ] GC(1624) Humongous regions: 0->0
[96.263s][info][gc,metaspace] GC(1624) Metaspace: 615K(832K)->615K(832K) NonClass: 597K(704K)->597K(704K) Class: 17K(128K)->17K(128K)
[96.263s][info][gc          ] GC(1624) Pause Young (Normal) (G1 Evacuation Pause) 155M->5M(256M) 9.789ms
[96.263s][info][gc,cpu      ] GC(1624) User=0.01s Sys=0.00s Real=0.01s
[96.303s][info][gc,start    ] GC(1625) Pause Young (Normal) (G1 Evacuation Pause)
[96.303s][info][gc,task     ] GC(1625) Using 6 workers of 8 for evacuation
[96.306s][info][gc,phases   ] GC(1625)   Pre Evacuate Collection Set: 0.2ms
[96.307s][info][gc,phases   ] GC(1625)   Merge Heap Roots: 0.2ms
[96.307s][info][gc,phases   ] GC(1625)   Evacuate Collection Set: 1.0ms
[96.308s][info][gc,phases   ] GC(1625)   Post Evacuate Collection Set: 0.9ms
[96.308s][info][gc,phases   ] GC(1625)   Other: 0.4ms
[96.309s][info][gc,heap     ] GC(1625) Eden regions: 149->0(150)
[96.309s][info][gc,heap     ] GC(1625) Survivor regions: 4->3(20)
[96.310s][info][gc,heap     ] GC(1625) Old regions: 2->2
[96.310s][info][gc,heap     ] GC(1625) Archive regions: 2->2
[96.310s][info][gc,heap     ] GC(1625) Humongous regions: 0->0
[96.311s][info][gc,metaspace] GC(1625) Metaspace: 615K(832K)->615K(832K) NonClass: 597K(704K)->597K(704K) Class: 17K(128K)->17K(128K)
[96.311s][info][gc          ] GC(1625) Pause Young (Normal) (G1 Evacuation Pause) 154M->5M(256M) 8.385ms
[96.311s][info][gc,cpu      ] GC(1625) User=0.00s Sys=0.01s Real=0.01s
[96.351s][info][gc,start    ] GC(1626) Pause Young (Normal) (G1 Evacuation Pause)
[96.352s][info][gc,task     ] GC(1626) Using 6 workers of 8 for evacuation
[96.354s][info][gc,phases   ] GC(1626)   Pre Evacuate Collection Set: 0.2ms
[96.354s][info][gc,phases   ] GC(1626)   Merge Heap Roots: 0.2ms
[96.354s][info][gc,phases   ] GC(1626)   Evacuate Collection Set: 0.8ms
[96.355s][info][gc,phases   ] GC(1626)   Post Evacuate Collection Set: 0.6ms
[96.355s][info][gc,phases   ] GC(1626)   Other: 0.4ms
[96.355s][info][gc,heap     ] GC(1626) Eden regions: 150->0(149)
[96.356s][info][gc,heap     ] GC(1626) Survivor regions: 3->4(20)
[96.356s][info][gc,heap     ] GC(1626) Old regions: 2->2
[96.357s][info][gc,heap     ] GC(1626) Archive regions: 2->2
[96.357s][info][gc,heap     ] GC(1626) Humongous regions: 0->0
[96.358s][info][gc,metaspace] GC(1626) Metaspace: 615K(832K)->615K(832K) NonClass: 597K(704K)->597K(704K) Class: 17K(128K)->17K(128K)
[96.358s][info][gc          ] GC(1626) Pause Young (Normal) (G1 Evacuation Pause) 155M->6M(256M) 7.019ms
[96.359s][info][gc,cpu      ] GC(1626) User=0.01s Sys=0.00s Real=0.01s
[96.401s][info][gc,start    ] GC(1627) Pause Young (Normal) (G1 Evacuation Pause)
[96.401s][info][gc,task     ] GC(1627) Using 6 workers of 8 for evacuation
[96.404s][info][gc,phases   ] GC(1627)   Pre Evacuate Collection Set: 0.2ms
[96.404s][info][gc,phases   ] GC(1627)   Merge Heap Roots: 0.2ms
[96.404s][info][gc,phases   ] GC(1627)   Evacuate Collection Set: 1.0ms
[96.405s][info][gc,phases   ] GC(1627)   Post Evacuate Collection Set: 0.6ms
[96.405s][info][gc,phases   ] GC(1627)   Other: 0.5ms
[96.405s][info][gc,heap     ] GC(1627) Eden regions: 149->0(149)
[96.406s][info][gc,heap     ] GC(1627) Survivor regions: 4->4(20)
[96.406s][info][gc,heap     ] GC(1627) Old regions: 2->2
[96.407s][info][gc,heap     ] GC(1627) Archive regions: 2->2
[96.407s][info][gc,heap     ] GC(1627) Humongous regions: 0->0
[96.407s][info][gc,metaspace] GC(1627) Metaspace: 615K(832K)->615K(832K) NonClass: 597K(704K)->597K(704K) Class: 17K(128K)->17K(128K)
[96.408s][info][gc          ] GC(1627) Pause Young (Normal) (G1 Evacuation Pause) 155M->6M(256M) 7.324ms
[96.409s][info][gc,cpu      ] GC(1627) User=0.00s Sys=0.00s Real=0.01s
[96.453s][info][gc,start    ] GC(1628) Pause Young (Normal) (G1 Evacuation Pause)
[96.453s][info][gc,task     ] GC(1628) Using 6 workers of 8 for evacuation
[96.456s][info][gc,phases   ] GC(1628)   Pre Evacuate Collection Set: 0.3ms
[96.459s][info][gc,phases   ] GC(1628)   Merge Heap Roots: 0.2ms
[96.461s][info][gc,phases   ] GC(1628)   Evacuate Collection Set: 0.9ms
[96.462s][info][gc,phases   ] GC(1628)   Post Evacuate Collection Set: 1.0ms
[96.462s][info][gc,phases   ] GC(1628)   Other: 0.6ms
[96.462s][info][gc,heap     ] GC(1628) Eden regions: 149->0(149)
[96.463s][info][gc,heap     ] GC(1628) Survivor regions: 4->4(20)
[96.463s][info][gc,heap     ] GC(1628) Old regions: 2->2
[96.463s][info][gc,heap     ] GC(1628) Archive regions: 2->2
[96.464s][info][gc,heap     ] GC(1628) Humongous regions: 0->0
[96.464s][info][gc,metaspace] GC(1628) Metaspace: 615K(832K)->615K(832K) NonClass: 597K(704K)->597K(704K) Class: 17K(128K)->17K(128K)
[96.464s][info][gc          ] GC(1628) Pause Young (Normal) (G1 Evacuation Pause) 155M->5M(256M) 11.772ms
[96.465s][info][gc,cpu      ] GC(1628) User=0.00s Sys=0.00s Real=0.01s
[96.507s][info][gc,start    ] GC(1629) Pause Young (Normal) (G1 Evacuation Pause)
[96.509s][info][gc,task     ] GC(1629) Using 6 workers of 8 for evacuation
[96.513s][info][gc,phases   ] GC(1629)   Pre Evacuate Collection Set: 0.3ms
[96.513s][info][gc,phases   ] GC(1629)   Merge Heap Roots: 0.2ms
[96.514s][info][gc,phases   ] GC(1629)   Evacuate Collection Set: 1.8ms
[96.514s][info][gc,phases   ] GC(1629)   Post Evacuate Collection Set: 1.0ms
[96.514s][info][gc,phases   ] GC(1629)   Other: 0.9ms
[96.515s][info][gc,heap     ] GC(1629) Eden regions: 149->0(150)
[96.515s][info][gc,heap     ] GC(1629) Survivor regions: 4->3(20)
[96.516s][info][gc,heap     ] GC(1629) Old regions: 2->2
[96.516s][info][gc,heap     ] GC(1629) Archive regions: 2->2
[96.517s][info][gc,heap     ] GC(1629) Humongous regions: 0->0
[96.517s][info][gc,metaspace] GC(1629) Metaspace: 615K(832K)->615K(832K) NonClass: 597K(704K)->597K(704K) Class: 17K(128K)->17K(128K)
[96.517s][info][gc          ] GC(1629) Pause Young (Normal) (G1 Evacuation Pause) 154M->5M(256M) 9.887ms
[96.518s][info][gc,cpu      ] GC(1629) User=0.00s Sys=0.00s Real=0.01s
[96.564s][info][gc,start    ] GC(1630) Pause Young (Normal) (G1 Evacuation Pause)
[96.564s][info][gc,task     ] GC(1630) Using 6 workers of 8 for evacuation
[96.567s][info][gc,phases   ] GC(1630)   Pre Evacuate Collection Set: 0.2ms
[96.568s][info][gc,phases   ] GC(1630)   Merge Heap Roots: 0.2ms
[96.568s][info][gc,phases   ] GC(1630)   Evacuate Collection Set: 1.1ms
[96.568s][info][gc,phases   ] GC(1630)   Post Evacuate Collection Set: 0.9ms
[96.569s][info][gc,phases   ] GC(1630)   Other: 0.5ms
[96.569s][info][gc,heap     ] GC(1630) Eden regions: 150->0(149)
[96.570s][info][gc,heap     ] GC(1630) Survivor regions: 3->4(20)
[96.570s][info][gc,heap     ] GC(1630) Old regions: 2->2
[96.570s][info][gc,heap     ] GC(1630) Archive regions: 2->2
[96.571s][info][gc,heap     ] GC(1630) Humongous regions: 0->0
[96.571s][info][gc,metaspace] GC(1630) Metaspace: 615K(832K)->615K(832K) NonClass: 597K(704K)->597K(704K) Class: 17K(128K)->17K(128K)
[96.572s][info][gc          ] GC(1630) Pause Young (Normal) (G1 Evacuation Pause) 155M->6M(256M) 7.925ms
[96.572s][info][gc,cpu      ] GC(1630) User=0.01s Sys=0.00s Real=0.01s
[96.618s][info][gc,start    ] GC(1631) Pause Young (Normal) (G1 Evacuation Pause)
[96.619s][info][gc,task     ] GC(1631) Using 6 workers of 8 for evacuation
[96.621s][info][gc,phases   ] GC(1631)   Pre Evacuate Collection Set: 0.2ms
[96.622s][info][gc,phases   ] GC(1631)   Merge Heap Roots: 0.2ms
[96.622s][info][gc,phases   ] GC(1631)   Evacuate Collection Set: 1.1ms
[96.623s][info][gc,phases   ] GC(1631)   Post Evacuate Collection Set: 0.8ms
[96.624s][info][gc,phases   ] GC(1631)   Other: 0.4ms
[96.625s][info][gc,heap     ] GC(1631) Eden regions: 149->0(149)
[96.626s][info][gc,heap     ] GC(1631) Survivor regions: 4->4(20)
[96.627s][info][gc,heap     ] GC(1631) Old regions: 2->2
[96.627s][info][gc,heap     ] GC(1631) Archive regions: 2->2
[96.627s][info][gc,heap     ] GC(1631) Humongous regions: 0->0
[96.628s][info][gc,metaspace] GC(1631) Metaspace: 615K(832K)->615K(832K) NonClass: 597K(704K)->597K(704K) Class: 17K(128K)->17K(128K)
[96.628s][info][gc          ] GC(1631) Pause Young (Normal) (G1 Evacuation Pause) 155M->5M(256M) 9.891ms
[96.629s][info][gc,cpu      ] GC(1631) User=0.01s Sys=0.00s Real=0.01s
[96.670s][info][gc,start    ] GC(1632) Pause Young (Normal) (G1 Evacuation Pause)
[96.670s][info][gc,task     ] GC(1632) Using 6 workers of 8 for evacuation
[96.675s][info][gc,phases   ] GC(1632)   Pre Evacuate Collection Set: 0.2ms
[96.676s][info][gc,phases   ] GC(1632)   Merge Heap Roots: 0.2ms
[96.676s][info][gc,phases   ] GC(1632)   Evacuate Collection Set: 1.5ms
[96.677s][info][gc,phases   ] GC(1632)   Post Evacuate Collection Set: 2.0ms
[96.677s][info][gc,phases   ] GC(1632)   Other: 0.5ms
[96.678s][info][gc,heap     ] GC(1632) Eden regions: 149->0(150)
[96.678s][info][gc,heap     ] GC(1632) Survivor regions: 4->3(20)
[96.679s][info][gc,heap     ] GC(1632) Old regions: 2->2
[96.679s][info][gc,heap     ] GC(1632) Archive regions: 2->2
[96.679s][info][gc,heap     ] GC(1632) Humongous regions: 0->0
[96.680s][info][gc,metaspace] GC(1632) Metaspace: 615K(832K)->615K(832K) NonClass: 597K(704K)->597K(704K) Class: 17K(128K)->17K(128K)
[96.680s][info][gc          ] GC(1632) Pause Young (Normal) (G1 Evacuation Pause) 154M->5M(256M) 10.564ms
[96.681s][info][gc,cpu      ] GC(1632) User=0.01s Sys=0.00s Real=0.01s
[96.722s][info][gc,start    ] GC(1633) Pause Young (Normal) (G1 Evacuation Pause)
[96.723s][info][gc,task     ] GC(1633) Using 6 workers of 8 for evacuation
[96.728s][info][gc,phases   ] GC(1633)   Pre Evacuate Collection Set: 0.5ms
[96.730s][info][gc,phases   ] GC(1633)   Merge Heap Roots: 0.3ms
[96.730s][info][gc,phases   ] GC(1633)   Evacuate Collection Set: 2.8ms
[96.730s][info][gc,phases   ] GC(1633)   Post Evacuate Collection Set: 0.9ms
[96.731s][info][gc,phases   ] GC(1633)   Other: 0.9ms
[96.731s][info][gc,heap     ] GC(1633) Eden regions: 150->0(149)
[96.731s][info][gc,heap     ] GC(1633) Survivor regions: 3->4(20)
[96.732s][info][gc,heap     ] GC(1633) Old regions: 2->2
[96.732s][info][gc,heap     ] GC(1633) Archive regions: 2->2
[96.732s][info][gc,heap     ] GC(1633) Humongous regions: 0->0
[96.733s][info][gc,metaspace] GC(1633) Metaspace: 615K(832K)->615K(832K) NonClass: 597K(704K)->597K(704K) Class: 17K(128K)->17K(128K)
[96.733s][info][gc          ] GC(1633) Pause Young (Normal) (G1 Evacuation Pause) 155M->6M(256M) 11.352ms
[96.733s][info][gc,cpu      ] GC(1633) User=0.00s Sys=0.01s Real=0.01s
[96.780s][info][gc,start    ] GC(1634) Pause Young (Normal) (G1 Evacuation Pause)
[96.780s][info][gc,task     ] GC(1634) Using 6 workers of 8 for evacuation
[96.783s][info][gc,phases   ] GC(1634)   Pre Evacuate Collection Set: 0.2ms
[96.783s][info][gc,phases   ] GC(1634)   Merge Heap Roots: 0.2ms
[96.783s][info][gc,phases   ] GC(1634)   Evacuate Collection Set: 0.9ms
[96.784s][info][gc,phases   ] GC(1634)   Post Evacuate Collection Set: 0.7ms
[96.784s][info][gc,phases   ] GC(1634)   Other: 0.4ms
[96.784s][info][gc,heap     ] GC(1634) Eden regions: 149->0(149)
[96.785s][info][gc,heap     ] GC(1634) Survivor regions: 4->4(20)
[96.785s][info][gc,heap     ] GC(1634) Old regions: 2->2
[96.785s][info][gc,heap     ] GC(1634) Archive regions: 2->2
[96.786s][info][gc,heap     ] GC(1634) Humongous regions: 0->0
[96.786s][info][gc,metaspace] GC(1634) Metaspace: 615K(832K)->615K(832K) NonClass: 597K(704K)->597K(704K) Class: 17K(128K)->17K(128K)
[96.786s][info][gc          ] GC(1634) Pause Young (Normal) (G1 Evacuation Pause) 155M->5M(256M) 6.409ms
[96.787s][info][gc,cpu      ] GC(1634) User=0.00s Sys=0.00s Real=0.01s
[96.833s][info][gc,start    ] GC(1635) Pause Young (Normal) (G1 Evacuation Pause)
[96.834s][info][gc,task     ] GC(1635) Using 6 workers of 8 for evacuation
[96.837s][info][gc,phases   ] GC(1635)   Pre Evacuate Collection Set: 0.3ms
[96.838s][info][gc,phases   ] GC(1635)   Merge Heap Roots: 0.2ms
[96.839s][info][gc,phases   ] GC(1635)   Evacuate Collection Set: 1.0ms
[96.839s][info][gc,phases   ] GC(1635)   Post Evacuate Collection Set: 1.1ms
[96.840s][info][gc,phases   ] GC(1635)   Other: 0.8ms
[96.841s][info][gc,heap     ] GC(1635) Eden regions: 149->0(149)
[96.842s][info][gc,heap     ] GC(1635) Survivor regions: 4->4(20)
[96.843s][info][gc,heap     ] GC(1635) Old regions: 2->2
[96.843s][info][gc,heap     ] GC(1635) Archive regions: 2->2
[96.843s][info][gc,heap     ] GC(1635) Humongous regions: 0->0
[96.844s][info][gc,metaspace] GC(1635) Metaspace: 615K(832K)->615K(832K) NonClass: 597K(704K)->597K(704K) Class: 17K(128K)->17K(128K)
[96.844s][info][gc          ] GC(1635) Pause Young (Normal) (G1 Evacuation Pause) 154M->5M(256M) 10.971ms
[96.845s][info][gc,cpu      ] GC(1635) User=0.00s Sys=0.01s Real=0.01s
[96.892s][info][gc,start    ] GC(1636) Pause Young (Normal) (G1 Evacuation Pause)
[96.894s][info][gc,task     ] GC(1636) Using 6 workers of 8 for evacuation
[96.898s][info][gc,phases   ] GC(1636)   Pre Evacuate Collection Set: 0.4ms
[96.898s][info][gc,phases   ] GC(1636)   Merge Heap Roots: 0.4ms
[96.898s][info][gc,phases   ] GC(1636)   Evacuate Collection Set: 1.0ms
[96.899s][info][gc,phases   ] GC(1636)   Post Evacuate Collection Set: 1.0ms
[96.899s][info][gc,phases   ] GC(1636)   Other: 1.0ms
[96.900s][info][gc,heap     ] GC(1636) Eden regions: 149->0(150)
[96.900s][info][gc,heap     ] GC(1636) Survivor regions: 4->3(20)
[96.900s][info][gc,heap     ] GC(1636) Old regions: 2->2
[96.901s][info][gc,heap     ] GC(1636) Archive regions: 2->2
[96.901s][info][gc,heap     ] GC(1636) Humongous regions: 0->0
[96.901s][info][gc,metaspace] GC(1636) Metaspace: 615K(832K)->615K(832K) NonClass: 597K(704K)->597K(704K) Class: 17K(128K)->17K(128K)
[96.902s][info][gc          ] GC(1636) Pause Young (Normal) (G1 Evacuation Pause) 154M->5M(256M) 9.187ms
[96.902s][info][gc,cpu      ] GC(1636) User=0.00s Sys=0.01s Real=0.01s
[96.947s][info][gc,start    ] GC(1637) Pause Young (Normal) (G1 Evacuation Pause)
[96.948s][info][gc,task     ] GC(1637) Using 6 workers of 8 for evacuation
[96.951s][info][gc,phases   ] GC(1637)   Pre Evacuate Collection Set: 0.2ms
[96.952s][info][gc,phases   ] GC(1637)   Merge Heap Roots: 0.3ms
[96.952s][info][gc,phases   ] GC(1637)   Evacuate Collection Set: 1.5ms
[96.952s][info][gc,phases   ] GC(1637)   Post Evacuate Collection Set: 0.9ms
[96.952s][info][gc,phases   ] GC(1637)   Other: 0.4ms
[96.953s][info][gc,heap     ] GC(1637) Eden regions: 150->0(149)
[96.953s][info][gc,heap     ] GC(1637) Survivor regions: 3->4(20)
[96.953s][info][gc,heap     ] GC(1637) Old regions: 2->2
[96.954s][info][gc,heap     ] GC(1637) Archive regions: 2->2
[96.954s][info][gc,heap     ] GC(1637) Humongous regions: 0->0
[96.954s][info][gc,metaspace] GC(1637) Metaspace: 615K(832K)->615K(832K) NonClass: 597K(704K)->597K(704K) Class: 17K(128K)->17K(128K)
[96.955s][info][gc          ] GC(1637) Pause Young (Normal) (G1 Evacuation Pause) 155M->6M(256M) 7.730ms
[96.955s][info][gc,cpu      ] GC(1637) User=0.01s Sys=0.00s Real=0.00s
[96.998s][info][gc,start    ] GC(1638) Pause Young (Normal) (G1 Evacuation Pause)
[96.998s][info][gc,task     ] GC(1638) Using 6 workers of 8 for evacuation
[97.001s][info][gc,phases   ] GC(1638)   Pre Evacuate Collection Set: 0.3ms
[97.001s][info][gc,phases   ] GC(1638)   Merge Heap Roots: 0.3ms
[97.002s][info][gc,phases   ] GC(1638)   Evacuate Collection Set: 1.1ms
[97.002s][info][gc,phases   ] GC(1638)   Post Evacuate Collection Set: 0.9ms
[97.002s][info][gc,phases   ] GC(1638)   Other: 0.5ms
[97.003s][info][gc,heap     ] GC(1638) Eden regions: 149->0(149)
[97.003s][info][gc,heap     ] GC(1638) Survivor regions: 4->4(20)
[97.003s][info][gc,heap     ] GC(1638) Old regions: 2->2
[97.004s][info][gc,heap     ] GC(1638) Archive regions: 2->2
[97.004s][info][gc,heap     ] GC(1638) Humongous regions: 0->0
[97.004s][info][gc,metaspace] GC(1638) Metaspace: 615K(832K)->615K(832K) NonClass: 597K(704K)->597K(704K) Class: 17K(128K)->17K(128K)
[97.004s][info][gc          ] GC(1638) Pause Young (Normal) (G1 Evacuation Pause) 155M->5M(256M) 6.949ms
[97.005s][info][gc,cpu      ] GC(1638) User=0.01s Sys=0.00s Real=0.00s
[97.049s][info][gc,start    ] GC(1639) Pause Young (Normal) (G1 Evacuation Pause)
[97.050s][info][gc,task     ] GC(1639) Using 6 workers of 8 for evacuation
[97.052s][info][gc,phases   ] GC(1639)   Pre Evacuate Collection Set: 0.2ms
[97.053s][info][gc,phases   ] GC(1639)   Merge Heap Roots: 0.2ms
[97.053s][info][gc,phases   ] GC(1639)   Evacuate Collection Set: 0.9ms
[97.053s][info][gc,phases   ] GC(1639)   Post Evacuate Collection Set: 0.9ms
[97.054s][info][gc,phases   ] GC(1639)   Other: 0.4ms
[97.054s][info][gc,heap     ] GC(1639) Eden regions: 149->0(150)
[97.054s][info][gc,heap     ] GC(1639) Survivor regions: 4->3(20)
[97.055s][info][gc,heap     ] GC(1639) Old regions: 2->2
[97.055s][info][gc,heap     ] GC(1639) Archive regions: 2->2
[97.055s][info][gc,heap     ] GC(1639) Humongous regions: 0->0
[97.056s][info][gc,metaspace] GC(1639) Metaspace: 615K(832K)->615K(832K) NonClass: 597K(704K)->597K(704K) Class: 17K(128K)->17K(128K)
[97.057s][info][gc          ] GC(1639) Pause Young (Normal) (G1 Evacuation Pause) 154M->5M(256M) 7.240ms
[97.057s][info][gc,cpu      ] GC(1639) User=0.01s Sys=0.00s Real=0.01s
[97.097s][info][gc,start    ] GC(1640) Pause Young (Normal) (G1 Evacuation Pause)
[97.098s][info][gc,task     ] GC(1640) Using 6 workers of 8 for evacuation
[97.101s][info][gc,phases   ] GC(1640)   Pre Evacuate Collection Set: 0.3ms
[97.101s][info][gc,phases   ] GC(1640)   Merge Heap Roots: 0.2ms
[97.102s][info][gc,phases   ] GC(1640)   Evacuate Collection Set: 1.2ms
[97.102s][info][gc,phases   ] GC(1640)   Post Evacuate Collection Set: 0.8ms
[97.102s][info][gc,phases   ] GC(1640)   Other: 0.4ms
[97.103s][info][gc,heap     ] GC(1640) Eden regions: 150->0(149)
[97.103s][info][gc,heap     ] GC(1640) Survivor regions: 3->4(20)
[97.104s][info][gc,heap     ] GC(1640) Old regions: 2->2
[97.104s][info][gc,heap     ] GC(1640) Archive regions: 2->2
[97.104s][info][gc,heap     ] GC(1640) Humongous regions: 0->0
[97.105s][info][gc,metaspace] GC(1640) Metaspace: 615K(832K)->615K(832K) NonClass: 597K(704K)->597K(704K) Class: 17K(128K)->17K(128K)
[97.106s][info][gc          ] GC(1640) Pause Young (Normal) (G1 Evacuation Pause) 155M->6M(256M) 8.230ms
[97.107s][info][gc,cpu      ] GC(1640) User=0.01s Sys=0.00s Real=0.01s
[97.150s][info][gc,start    ] GC(1641) Pause Young (Normal) (G1 Evacuation Pause)
[97.151s][info][gc,task     ] GC(1641) Using 6 workers of 8 for evacuation
[97.154s][info][gc,phases   ] GC(1641)   Pre Evacuate Collection Set: 0.2ms
[97.154s][info][gc,phases   ] GC(1641)   Merge Heap Roots: 0.3ms
[97.154s][info][gc,phases   ] GC(1641)   Evacuate Collection Set: 1.1ms
[97.154s][info][gc,phases   ] GC(1641)   Post Evacuate Collection Set: 0.7ms
[97.155s][info][gc,phases   ] GC(1641)   Other: 0.4ms
[97.155s][info][gc,heap     ] GC(1641) Eden regions: 149->0(149)
[97.156s][info][gc,heap     ] GC(1641) Survivor regions: 4->4(20)
[97.157s][info][gc,heap     ] GC(1641) Old regions: 2->2
[97.157s][info][gc,heap     ] GC(1641) Archive regions: 2->2
[97.158s][info][gc,heap     ] GC(1641) Humongous regions: 0->0
[97.159s][info][gc,metaspace] GC(1641) Metaspace: 615K(832K)->615K(832K) NonClass: 597K(704K)->597K(704K) Class: 17K(128K)->17K(128K)
[97.159s][info][gc          ] GC(1641) Pause Young (Normal) (G1 Evacuation Pause) 155M->6M(256M) 8.742ms
[97.160s][info][gc,cpu      ] GC(1641) User=0.00s Sys=0.00s Real=0.01s
[97.220s][info][gc,start    ] GC(1642) Pause Young (Normal) (G1 Evacuation Pause)
[97.223s][info][gc,task     ] GC(1642) Using 6 workers of 8 for evacuation
[97.235s][info][gc,phases   ] GC(1642)   Pre Evacuate Collection Set: 0.3ms
[97.245s][info][gc,phases   ] GC(1642)   Merge Heap Roots: 0.3ms
[97.252s][info][gc,phases   ] GC(1642)   Evacuate Collection Set: 1.0ms
[97.261s][info][gc,phases   ] GC(1642)   Post Evacuate Collection Set: 0.9ms
[97.262s][info][gc,phases   ] GC(1642)   Other: 9.4ms
[97.262s][info][gc,heap     ] GC(1642) Eden regions: 149->0(149)
[97.262s][info][gc,heap     ] GC(1642) Survivor regions: 4->4(20)
[97.263s][info][gc,heap     ] GC(1642) Old regions: 2->2
[97.263s][info][gc,heap     ] GC(1642) Archive regions: 2->2
[97.264s][info][gc,heap     ] GC(1642) Humongous regions: 0->0
[97.264s][info][gc,metaspace] GC(1642) Metaspace: 615K(832K)->615K(832K) NonClass: 597K(704K)->597K(704K) Class: 17K(128K)->17K(128K)
[97.264s][info][gc          ] GC(1642) Pause Young (Normal) (G1 Evacuation Pause) 155M->5M(256M) 44.126ms
[97.265s][info][gc,cpu      ] GC(1642) User=0.01s Sys=0.00s Real=0.04s
[97.318s][info][gc,start    ] GC(1643) Pause Young (Normal) (G1 Evacuation Pause)
[97.318s][info][gc,task     ] GC(1643) Using 6 workers of 8 for evacuation
[97.324s][info][gc,phases   ] GC(1643)   Pre Evacuate Collection Set: 0.2ms
[97.325s][info][gc,phases   ] GC(1643)   Merge Heap Roots: 0.2ms
[97.326s][info][gc,phases   ] GC(1643)   Evacuate Collection Set: 2.3ms
[97.326s][info][gc,phases   ] GC(1643)   Post Evacuate Collection Set: 1.8ms
[97.327s][info][gc,phases   ] GC(1643)   Other: 0.5ms
[97.327s][info][gc,heap     ] GC(1643) Eden regions: 149->0(150)
[97.328s][info][gc,heap     ] GC(1643) Survivor regions: 4->3(20)
[97.328s][info][gc,heap     ] GC(1643) Old regions: 2->2
[97.328s][info][gc,heap     ] GC(1643) Archive regions: 2->2
[97.329s][info][gc,heap     ] GC(1643) Humongous regions: 0->0
[97.329s][info][gc,metaspace] GC(1643) Metaspace: 615K(832K)->615K(832K) NonClass: 597K(704K)->597K(704K) Class: 17K(128K)->17K(128K)
[97.330s][info][gc          ] GC(1643) Pause Young (Normal) (G1 Evacuation Pause) 154M->5M(256M) 11.698ms
[97.330s][info][gc,cpu      ] GC(1643) User=0.02s Sys=0.00s Real=0.01s
[97.369s][info][gc,start    ] GC(1644) Pause Young (Normal) (G1 Evacuation Pause)
[97.370s][info][gc,task     ] GC(1644) Using 6 workers of 8 for evacuation
[97.373s][info][gc,phases   ] GC(1644)   Pre Evacuate Collection Set: 0.2ms
[97.374s][info][gc,phases   ] GC(1644)   Merge Heap Roots: 0.2ms
[97.374s][info][gc,phases   ] GC(1644)   Evacuate Collection Set: 1.1ms
[97.375s][info][gc,phases   ] GC(1644)   Post Evacuate Collection Set: 1.6ms
[97.375s][info][gc,phases   ] GC(1644)   Other: 0.8ms
[97.376s][info][gc,heap     ] GC(1644) Eden regions: 150->0(149)
[97.376s][info][gc,heap     ] GC(1644) Survivor regions: 3->4(20)
[97.376s][info][gc,heap     ] GC(1644) Old regions: 2->2
[97.377s][info][gc,heap     ] GC(1644) Archive regions: 2->2
[97.377s][info][gc,heap     ] GC(1644) Humongous regions: 0->0
[97.377s][info][gc,metaspace] GC(1644) Metaspace: 615K(832K)->615K(832K) NonClass: 597K(704K)->597K(704K) Class: 17K(128K)->17K(128K)
[97.378s][info][gc          ] GC(1644) Pause Young (Normal) (G1 Evacuation Pause) 155M->6M(256M) 8.505ms
[97.378s][info][gc,cpu      ] GC(1644) User=0.00s Sys=0.01s Real=0.01s
[97.421s][info][gc,start    ] GC(1645) Pause Young (Normal) (G1 Evacuation Pause)
[97.422s][info][gc,task     ] GC(1645) Using 6 workers of 8 for evacuation
[97.427s][info][gc,phases   ] GC(1645)   Pre Evacuate Collection Set: 0.6ms
[97.428s][info][gc,phases   ] GC(1645)   Merge Heap Roots: 0.3ms
[97.428s][info][gc,phases   ] GC(1645)   Evacuate Collection Set: 2.7ms
[97.429s][info][gc,phases   ] GC(1645)   Post Evacuate Collection Set: 0.9ms
[97.429s][info][gc,phases   ] GC(1645)   Other: 0.8ms
[97.430s][info][gc,heap     ] GC(1645) Eden regions: 149->0(149)
[97.431s][info][gc,heap     ] GC(1645) Survivor regions: 4->4(20)
[97.431s][info][gc,heap     ] GC(1645) Old regions: 2->2
[97.432s][info][gc,heap     ] GC(1645) Archive regions: 2->2
[97.432s][info][gc,heap     ] GC(1645) Humongous regions: 0->0
[97.433s][info][gc,metaspace] GC(1645) Metaspace: 615K(832K)->615K(832K) NonClass: 597K(704K)->597K(704K) Class: 17K(128K)->17K(128K)
[97.434s][info][gc          ] GC(1645) Pause Young (Normal) (G1 Evacuation Pause) 155M->5M(256M) 12.718ms
[97.434s][info][gc,cpu      ] GC(1645) User=0.01s Sys=0.01s Real=0.01s
[97.493s][info][gc,start    ] GC(1646) Pause Young (Normal) (G1 Evacuation Pause)
[97.495s][info][gc,task     ] GC(1646) Using 6 workers of 8 for evacuation
[97.499s][info][gc,phases   ] GC(1646)   Pre Evacuate Collection Set: 0.3ms
[97.500s][info][gc,phases   ] GC(1646)   Merge Heap Roots: 0.2ms
[97.500s][info][gc,phases   ] GC(1646)   Evacuate Collection Set: 1.4ms
[97.501s][info][gc,phases   ] GC(1646)   Post Evacuate Collection Set: 1.0ms
[97.501s][info][gc,phases   ] GC(1646)   Other: 0.9ms
[97.502s][info][gc,heap     ] GC(1646) Eden regions: 149->0(150)
[97.502s][info][gc,heap     ] GC(1646) Survivor regions: 4->3(20)
[97.502s][info][gc,heap     ] GC(1646) Old regions: 2->2
[97.503s][info][gc,heap     ] GC(1646) Archive regions: 2->2
[97.504s][info][gc,heap     ] GC(1646) Humongous regions: 0->0
[97.504s][info][gc,metaspace] GC(1646) Metaspace: 615K(832K)->615K(832K) NonClass: 597K(704K)->597K(704K) Class: 17K(128K)->17K(128K)
[97.504s][info][gc          ] GC(1646) Pause Young (Normal) (G1 Evacuation Pause) 154M->5M(256M) 11.049ms
[97.505s][info][gc,cpu      ] GC(1646) User=0.00s Sys=0.01s Real=0.01s
[97.552s][info][gc,start    ] GC(1647) Pause Young (Normal) (G1 Evacuation Pause)
[97.552s][info][gc,task     ] GC(1647) Using 6 workers of 8 for evacuation
[97.555s][info][gc,phases   ] GC(1647)   Pre Evacuate Collection Set: 0.2ms
[97.555s][info][gc,phases   ] GC(1647)   Merge Heap Roots: 0.3ms
[97.556s][info][gc,phases   ] GC(1647)   Evacuate Collection Set: 1.2ms
[97.557s][info][gc,phases   ] GC(1647)   Post Evacuate Collection Set: 0.8ms
[97.559s][info][gc,phases   ] GC(1647)   Other: 0.4ms
[97.560s][info][gc,heap     ] GC(1647) Eden regions: 150->0(149)
[97.560s][info][gc,heap     ] GC(1647) Survivor regions: 3->4(20)
[97.561s][info][gc,heap     ] GC(1647) Old regions: 2->2
[97.561s][info][gc,heap     ] GC(1647) Archive regions: 2->2
[97.561s][info][gc,heap     ] GC(1647) Humongous regions: 0->0
[97.562s][info][gc,metaspace] GC(1647) Metaspace: 615K(832K)->615K(832K) NonClass: 597K(704K)->597K(704K) Class: 17K(128K)->17K(128K)
[97.562s][info][gc          ] GC(1647) Pause Young (Normal) (G1 Evacuation Pause) 155M->6M(256M) 10.523ms
[97.562s][info][gc,cpu      ] GC(1647) User=0.01s Sys=0.00s Real=0.01s
[97.604s][info][gc,start    ] GC(1648) Pause Young (Normal) (G1 Evacuation Pause)
[97.605s][info][gc,task     ] GC(1648) Using 6 workers of 8 for evacuation
[97.610s][info][gc,phases   ] GC(1648)   Pre Evacuate Collection Set: 0.6ms
[97.611s][info][gc,phases   ] GC(1648)   Merge Heap Roots: 0.6ms
[97.611s][info][gc,phases   ] GC(1648)   Evacuate Collection Set: 2.1ms
[97.612s][info][gc,phases   ] GC(1648)   Post Evacuate Collection Set: 1.4ms
[97.612s][info][gc,phases   ] GC(1648)   Other: 0.7ms
[97.613s][info][gc,heap     ] GC(1648) Eden regions: 149->0(149)
[97.613s][info][gc,heap     ] GC(1648) Survivor regions: 4->4(20)
[97.613s][info][gc,heap     ] GC(1648) Old regions: 2->2
[97.614s][info][gc,heap     ] GC(1648) Archive regions: 2->2
[97.614s][info][gc,heap     ] GC(1648) Humongous regions: 0->0
[97.615s][info][gc,metaspace] GC(1648) Metaspace: 615K(832K)->615K(832K) NonClass: 597K(704K)->597K(704K) Class: 17K(128K)->17K(128K)
[97.615s][info][gc          ] GC(1648) Pause Young (Normal) (G1 Evacuation Pause) 155M->5M(256M) 10.643ms
[97.615s][info][gc,cpu      ] GC(1648) User=0.01s Sys=0.00s Real=0.01s
[97.653s][info][gc,start    ] GC(1649) Pause Young (Normal) (G1 Evacuation Pause)
[97.654s][info][gc,task     ] GC(1649) Using 6 workers of 8 for evacuation
[97.659s][info][gc,phases   ] GC(1649)   Pre Evacuate Collection Set: 0.2ms
[97.660s][info][gc,phases   ] GC(1649)   Merge Heap Roots: 0.2ms
[97.660s][info][gc,phases   ] GC(1649)   Evacuate Collection Set: 3.0ms
[97.661s][info][gc,phases   ] GC(1649)   Post Evacuate Collection Set: 1.7ms
[97.661s][info][gc,phases   ] GC(1649)   Other: 0.5ms
[97.661s][info][gc,heap     ] GC(1649) Eden regions: 149->0(149)
[97.662s][info][gc,heap     ] GC(1649) Survivor regions: 4->4(20)
[97.662s][info][gc,heap     ] GC(1649) Old regions: 2->2
[97.663s][info][gc,heap     ] GC(1649) Archive regions: 2->2
[97.663s][info][gc,heap     ] GC(1649) Humongous regions: 0->0
[97.664s][info][gc,metaspace] GC(1649) Metaspace: 615K(832K)->615K(832K) NonClass: 597K(704K)->597K(704K) Class: 17K(128K)->17K(128K)
[97.664s][info][gc          ] GC(1649) Pause Young (Normal) (G1 Evacuation Pause) 154M->5M(256M) 10.862ms
[97.665s][info][gc,cpu      ] GC(1649) User=0.00s Sys=0.02s Real=0.01s
[97.711s][info][gc,start    ] GC(1650) Pause Young (Normal) (G1 Evacuation Pause)
[97.711s][info][gc,task     ] GC(1650) Using 6 workers of 8 for evacuation
[97.715s][info][gc,phases   ] GC(1650)   Pre Evacuate Collection Set: 0.3ms
[97.715s][info][gc,phases   ] GC(1650)   Merge Heap Roots: 0.3ms
[97.715s][info][gc,phases   ] GC(1650)   Evacuate Collection Set: 1.5ms
[97.716s][info][gc,phases   ] GC(1650)   Post Evacuate Collection Set: 0.9ms
[97.716s][info][gc,phases   ] GC(1650)   Other: 0.5ms
[97.716s][info][gc,heap     ] GC(1650) Eden regions: 149->0(150)
[97.717s][info][gc,heap     ] GC(1650) Survivor regions: 4->3(20)
[97.717s][info][gc,heap     ] GC(1650) Old regions: 2->2
[97.717s][info][gc,heap     ] GC(1650) Archive regions: 2->2
[97.718s][info][gc,heap     ] GC(1650) Humongous regions: 0->0
[97.718s][info][gc,metaspace] GC(1650) Metaspace: 615K(832K)->615K(832K) NonClass: 597K(704K)->597K(704K) Class: 17K(128K)->17K(128K)
[97.718s][info][gc          ] GC(1650) Pause Young (Normal) (G1 Evacuation Pause) 154M->5M(256M) 7.635ms
[97.719s][info][gc,cpu      ] GC(1650) User=0.01s Sys=0.00s Real=0.01s
[97.779s][info][gc,start    ] GC(1651) Pause Young (Normal) (G1 Evacuation Pause)
[97.780s][info][gc,task     ] GC(1651) Using 6 workers of 8 for evacuation
[97.784s][info][gc,phases   ] GC(1651)   Pre Evacuate Collection Set: 0.3ms
[97.786s][info][gc,phases   ] GC(1651)   Merge Heap Roots: 0.2ms
[97.788s][info][gc,phases   ] GC(1651)   Evacuate Collection Set: 1.4ms
[97.794s][info][gc,phases   ] GC(1651)   Post Evacuate Collection Set: 0.9ms
[97.798s][info][gc,phases   ] GC(1651)   Other: 1.4ms
[97.798s][info][gc,heap     ] GC(1651) Eden regions: 150->0(149)
[97.799s][info][gc,heap     ] GC(1651) Survivor regions: 3->4(20)
[97.799s][info][gc,heap     ] GC(1651) Old regions: 2->2
[97.800s][info][gc,heap     ] GC(1651) Archive regions: 2->2
[97.800s][info][gc,heap     ] GC(1651) Humongous regions: 0->0
[97.800s][info][gc,metaspace] GC(1651) Metaspace: 615K(832K)->615K(832K) NonClass: 597K(704K)->597K(704K) Class: 17K(128K)->17K(128K)
[97.801s][info][gc          ] GC(1651) Pause Young (Normal) (G1 Evacuation Pause) 155M->5M(256M) 21.843ms
[97.801s][info][gc,cpu      ] GC(1651) User=0.01s Sys=0.00s Real=0.02s
[97.869s][info][gc,start    ] GC(1652) Pause Young (Normal) (G1 Evacuation Pause)
[97.869s][info][gc,task     ] GC(1652) Using 6 workers of 8 for evacuation
[97.877s][info][gc,phases   ] GC(1652)   Pre Evacuate Collection Set: 0.3ms
[97.878s][info][gc,phases   ] GC(1652)   Merge Heap Roots: 0.4ms
[97.878s][info][gc,phases   ] GC(1652)   Evacuate Collection Set: 6.0ms
[97.879s][info][gc,phases   ] GC(1652)   Post Evacuate Collection Set: 1.1ms
[97.879s][info][gc,phases   ] GC(1652)   Other: 0.6ms
[97.880s][info][gc,heap     ] GC(1652) Eden regions: 149->0(149)
[97.880s][info][gc,heap     ] GC(1652) Survivor regions: 4->4(20)
[97.880s][info][gc,heap     ] GC(1652) Old regions: 2->2
[97.881s][info][gc,heap     ] GC(1652) Archive regions: 2->2
[97.881s][info][gc,heap     ] GC(1652) Humongous regions: 0->0
[97.882s][info][gc,metaspace] GC(1652) Metaspace: 615K(832K)->615K(832K) NonClass: 597K(704K)->597K(704K) Class: 17K(128K)->17K(128K)
[97.882s][info][gc          ] GC(1652) Pause Young (Normal) (G1 Evacuation Pause) 154M->5M(256M) 13.540ms
[97.883s][info][gc,cpu      ] GC(1652) User=0.01s Sys=0.00s Real=0.01s
[97.940s][info][gc,start    ] GC(1653) Pause Young (Normal) (G1 Evacuation Pause)
[97.943s][info][gc,task     ] GC(1653) Using 6 workers of 8 for evacuation
[97.951s][info][gc,phases   ] GC(1653)   Pre Evacuate Collection Set: 0.8ms
[97.953s][info][gc,phases   ] GC(1653)   Merge Heap Roots: 0.4ms
[97.961s][info][gc,phases   ] GC(1653)   Evacuate Collection Set: 3.8ms
[97.962s][info][gc,phases   ] GC(1653)   Post Evacuate Collection Set: 2.4ms
[97.962s][info][gc,phases   ] GC(1653)   Other: 1.1ms
[97.963s][info][gc,heap     ] GC(1653) Eden regions: 149->0(150)
[97.964s][info][gc,heap     ] GC(1653) Survivor regions: 4->3(20)
[97.965s][info][gc,heap     ] GC(1653) Old regions: 2->2
[97.967s][info][gc,heap     ] GC(1653) Archive regions: 2->2
[97.968s][info][gc,heap     ] GC(1653) Humongous regions: 0->0
[97.968s][info][gc,metaspace] GC(1653) Metaspace: 615K(832K)->615K(832K) NonClass: 597K(704K)->597K(704K) Class: 17K(128K)->17K(128K)
[97.969s][info][gc          ] GC(1653) Pause Young (Normal) (G1 Evacuation Pause) 154M->5M(256M) 28.141ms
[97.969s][info][gc,cpu      ] GC(1653) User=0.02s Sys=0.01s Real=0.03s
[98.029s][info][gc,start    ] GC(1654) Pause Young (Normal) (G1 Evacuation Pause)
[98.033s][info][gc,task     ] GC(1654) Using 6 workers of 8 for evacuation
[98.038s][info][gc,phases   ] GC(1654)   Pre Evacuate Collection Set: 1.5ms
[98.039s][info][gc,phases   ] GC(1654)   Merge Heap Roots: 0.4ms
[98.039s][info][gc,phases   ] GC(1654)   Evacuate Collection Set: 1.4ms
[98.040s][info][gc,phases   ] GC(1654)   Post Evacuate Collection Set: 0.7ms
[98.041s][info][gc,phases   ] GC(1654)   Other: 1.2ms
[98.041s][info][gc,heap     ] GC(1654) Eden regions: 150->0(149)
[98.042s][info][gc,heap     ] GC(1654) Survivor regions: 3->4(20)
[98.043s][info][gc,heap     ] GC(1654) Old regions: 2->2
[98.043s][info][gc,heap     ] GC(1654) Archive regions: 2->2
[98.044s][info][gc,heap     ] GC(1654) Humongous regions: 0->0
[98.048s][info][gc,metaspace] GC(1654) Metaspace: 615K(832K)->615K(832K) NonClass: 597K(704K)->597K(704K) Class: 17K(128K)->17K(128K)
[98.049s][info][gc          ] GC(1654) Pause Young (Normal) (G1 Evacuation Pause) 155M->6M(256M) 19.525ms
[98.050s][info][gc,cpu      ] GC(1654) User=0.01s Sys=0.00s Real=0.02s
[98.108s][info][gc,start    ] GC(1655) Pause Young (Normal) (G1 Evacuation Pause)
[98.108s][info][gc,task     ] GC(1655) Using 6 workers of 8 for evacuation
[98.117s][info][gc,phases   ] GC(1655)   Pre Evacuate Collection Set: 0.5ms
[98.118s][info][gc,phases   ] GC(1655)   Merge Heap Roots: 0.3ms
[98.120s][info][gc,phases   ] GC(1655)   Evacuate Collection Set: 4.4ms
[98.121s][info][gc,phases   ] GC(1655)   Post Evacuate Collection Set: 1.0ms
[98.124s][info][gc,phases   ] GC(1655)   Other: 1.9ms
[98.126s][info][gc,heap     ] GC(1655) Eden regions: 149->0(149)
[98.129s][info][gc,heap     ] GC(1655) Survivor regions: 4->4(20)
[98.129s][info][gc,heap     ] GC(1655) Old regions: 2->2
[98.130s][info][gc,heap     ] GC(1655) Archive regions: 2->2
[98.131s][info][gc,heap     ] GC(1655) Humongous regions: 0->0
[98.131s][info][gc,metaspace] GC(1655) Metaspace: 615K(832K)->615K(832K) NonClass: 597K(704K)->597K(704K) Class: 17K(128K)->17K(128K)
[98.132s][info][gc          ] GC(1655) Pause Young (Normal) (G1 Evacuation Pause) 155M->5M(256M) 24.082ms
[98.132s][info][gc,cpu      ] GC(1655) User=0.01s Sys=0.01s Real=0.02s
[98.187s][info][gc,start    ] GC(1656) Pause Young (Normal) (G1 Evacuation Pause)
[98.188s][info][gc,task     ] GC(1656) Using 6 workers of 8 for evacuation
[98.197s][info][gc,phases   ] GC(1656)   Pre Evacuate Collection Set: 0.3ms
[98.199s][info][gc,phases   ] GC(1656)   Merge Heap Roots: 0.3ms
[98.200s][info][gc,phases   ] GC(1656)   Evacuate Collection Set: 3.8ms
[98.201s][info][gc,phases   ] GC(1656)   Post Evacuate Collection Set: 1.9ms
[98.203s][info][gc,phases   ] GC(1656)   Other: 2.7ms
[98.203s][info][gc,heap     ] GC(1656) Eden regions: 149->0(150)
[98.204s][info][gc,heap     ] GC(1656) Survivor regions: 4->3(20)
[98.204s][info][gc,heap     ] GC(1656) Old regions: 2->2
[98.205s][info][gc,heap     ] GC(1656) Archive regions: 2->2
[98.206s][info][gc,heap     ] GC(1656) Humongous regions: 0->0
[98.206s][info][gc,metaspace] GC(1656) Metaspace: 615K(832K)->615K(832K) NonClass: 597K(704K)->597K(704K) Class: 17K(128K)->17K(128K)
[98.207s][info][gc          ] GC(1656) Pause Young (Normal) (G1 Evacuation Pause) 154M->5M(256M) 20.420ms
[98.209s][info][gc,cpu      ] GC(1656) User=0.01s Sys=0.01s Real=0.02s
[98.282s][info][gc,start    ] GC(1657) Pause Young (Normal) (G1 Evacuation Pause)
[98.283s][info][gc,task     ] GC(1657) Using 6 workers of 8 for evacuation
[98.286s][info][gc,phases   ] GC(1657)   Pre Evacuate Collection Set: 0.2ms
[98.287s][info][gc,phases   ] GC(1657)   Merge Heap Roots: 0.3ms
[98.287s][info][gc,phases   ] GC(1657)   Evacuate Collection Set: 1.6ms
[98.288s][info][gc,phases   ] GC(1657)   Post Evacuate Collection Set: 0.8ms
[98.288s][info][gc,phases   ] GC(1657)   Other: 0.6ms
[98.289s][info][gc,heap     ] GC(1657) Eden regions: 150->0(149)
[98.289s][info][gc,heap     ] GC(1657) Survivor regions: 3->4(20)
[98.289s][info][gc,heap     ] GC(1657) Old regions: 2->2
[98.290s][info][gc,heap     ] GC(1657) Archive regions: 2->2
[98.290s][info][gc,heap     ] GC(1657) Humongous regions: 0->0
[98.290s][info][gc,metaspace] GC(1657) Metaspace: 615K(832K)->615K(832K) NonClass: 597K(704K)->597K(704K) Class: 17K(128K)->17K(128K)
[98.291s][info][gc          ] GC(1657) Pause Young (Normal) (G1 Evacuation Pause) 155M->6M(256M) 8.516ms
[98.291s][info][gc,cpu      ] GC(1657) User=0.00s Sys=0.00s Real=0.01s
[98.344s][info][gc,start    ] GC(1658) Pause Young (Normal) (G1 Evacuation Pause)
[98.344s][info][gc,task     ] GC(1658) Using 6 workers of 8 for evacuation
[98.350s][info][gc,phases   ] GC(1658)   Pre Evacuate Collection Set: 0.4ms
[98.351s][info][gc,phases   ] GC(1658)   Merge Heap Roots: 0.3ms
[98.351s][info][gc,phases   ] GC(1658)   Evacuate Collection Set: 1.8ms
[98.352s][info][gc,phases   ] GC(1658)   Post Evacuate Collection Set: 2.5ms
[98.352s][info][gc,phases   ] GC(1658)   Other: 0.7ms
[98.352s][info][gc,heap     ] GC(1658) Eden regions: 149->0(149)
[98.353s][info][gc,heap     ] GC(1658) Survivor regions: 4->4(20)
[98.353s][info][gc,heap     ] GC(1658) Old regions: 2->2
[98.353s][info][gc,heap     ] GC(1658) Archive regions: 2->2
[98.354s][info][gc,heap     ] GC(1658) Humongous regions: 0->0
[98.354s][info][gc,metaspace] GC(1658) Metaspace: 615K(832K)->615K(832K) NonClass: 597K(704K)->597K(704K) Class: 17K(128K)->17K(128K)
[98.355s][info][gc          ] GC(1658) Pause Young (Normal) (G1 Evacuation Pause) 155M->6M(256M) 11.219ms
[98.355s][info][gc,cpu      ] GC(1658) User=0.01s Sys=0.00s Real=0.01s
[98.399s][info][gc,start    ] GC(1659) Pause Young (Normal) (G1 Evacuation Pause)
[98.400s][info][gc,task     ] GC(1659) Using 6 workers of 8 for evacuation
[98.403s][info][gc,phases   ] GC(1659)   Pre Evacuate Collection Set: 0.2ms
[98.403s][info][gc,phases   ] GC(1659)   Merge Heap Roots: 0.3ms
[98.403s][info][gc,phases   ] GC(1659)   Evacuate Collection Set: 0.9ms
[98.404s][info][gc,phases   ] GC(1659)   Post Evacuate Collection Set: 0.7ms
[98.404s][info][gc,phases   ] GC(1659)   Other: 0.4ms
[98.404s][info][gc,heap     ] GC(1659) Eden regions: 149->0(149)
[98.405s][info][gc,heap     ] GC(1659) Survivor regions: 4->4(20)
[98.405s][info][gc,heap     ] GC(1659) Old regions: 2->2
[98.405s][info][gc,heap     ] GC(1659) Archive regions: 2->2
[98.406s][info][gc,heap     ] GC(1659) Humongous regions: 0->0
[98.407s][info][gc,metaspace] GC(1659) Metaspace: 615K(832K)->615K(832K) NonClass: 597K(704K)->597K(704K) Class: 17K(128K)->17K(128K)
[98.407s][info][gc          ] GC(1659) Pause Young (Normal) (G1 Evacuation Pause) 155M->5M(256M) 7.940ms
[98.407s][info][gc,cpu      ] GC(1659) User=0.01s Sys=0.00s Real=0.01s
[98.452s][info][gc,start    ] GC(1660) Pause Young (Normal) (G1 Evacuation Pause)
[98.453s][info][gc,task     ] GC(1660) Using 6 workers of 8 for evacuation
[98.456s][info][gc,phases   ] GC(1660)   Pre Evacuate Collection Set: 0.2ms
[98.456s][info][gc,phases   ] GC(1660)   Merge Heap Roots: 0.2ms
[98.457s][info][gc,phases   ] GC(1660)   Evacuate Collection Set: 1.0ms
[98.457s][info][gc,phases   ] GC(1660)   Post Evacuate Collection Set: 0.9ms
[98.457s][info][gc,phases   ] GC(1660)   Other: 0.5ms
[98.458s][info][gc,heap     ] GC(1660) Eden regions: 149->0(150)
[98.459s][info][gc,heap     ] GC(1660) Survivor regions: 4->3(20)
[98.459s][info][gc,heap     ] GC(1660) Old regions: 2->2
[98.459s][info][gc,heap     ] GC(1660) Archive regions: 2->2
[98.460s][info][gc,heap     ] GC(1660) Humongous regions: 0->0
[98.460s][info][gc,metaspace] GC(1660) Metaspace: 615K(832K)->615K(832K) NonClass: 597K(704K)->597K(704K) Class: 17K(128K)->17K(128K)
[98.461s][info][gc          ] GC(1660) Pause Young (Normal) (G1 Evacuation Pause) 154M->5M(256M) 8.930ms
[98.462s][info][gc,cpu      ] GC(1660) User=0.01s Sys=0.00s Real=0.01s
[98.519s][info][gc,start    ] GC(1661) Pause Young (Normal) (G1 Evacuation Pause)
[98.520s][info][gc,task     ] GC(1661) Using 6 workers of 8 for evacuation
[98.523s][info][gc,phases   ] GC(1661)   Pre Evacuate Collection Set: 0.3ms
[98.524s][info][gc,phases   ] GC(1661)   Merge Heap Roots: 0.2ms
[98.524s][info][gc,phases   ] GC(1661)   Evacuate Collection Set: 1.5ms
[98.525s][info][gc,phases   ] GC(1661)   Post Evacuate Collection Set: 1.1ms
[98.526s][info][gc,phases   ] GC(1661)   Other: 0.5ms
[98.526s][info][gc,heap     ] GC(1661) Eden regions: 150->0(149)
[98.527s][info][gc,heap     ] GC(1661) Survivor regions: 3->4(20)
[98.527s][info][gc,heap     ] GC(1661) Old regions: 2->2
[98.527s][info][gc,heap     ] GC(1661) Archive regions: 2->2
[98.528s][info][gc,heap     ] GC(1661) Humongous regions: 0->0
[98.528s][info][gc,metaspace] GC(1661) Metaspace: 615K(832K)->615K(832K) NonClass: 597K(704K)->597K(704K) Class: 17K(128K)->17K(128K)
[98.529s][info][gc          ] GC(1661) Pause Young (Normal) (G1 Evacuation Pause) 155M->6M(256M) 9.603ms
[98.529s][info][gc,cpu      ] GC(1661) User=0.01s Sys=0.00s Real=0.01s
[98.575s][info][gc,start    ] GC(1662) Pause Young (Normal) (G1 Evacuation Pause)
[98.576s][info][gc,task     ] GC(1662) Using 6 workers of 8 for evacuation
[98.581s][info][gc,phases   ] GC(1662)   Pre Evacuate Collection Set: 0.3ms
[98.582s][info][gc,phases   ] GC(1662)   Merge Heap Roots: 0.4ms
[98.582s][info][gc,phases   ] GC(1662)   Evacuate Collection Set: 2.4ms
[98.583s][info][gc,phases   ] GC(1662)   Post Evacuate Collection Set: 1.5ms
[98.583s][info][gc,phases   ] GC(1662)   Other: 0.6ms
[98.583s][info][gc,heap     ] GC(1662) Eden regions: 149->0(149)
[98.584s][info][gc,heap     ] GC(1662) Survivor regions: 4->4(20)
[98.584s][info][gc,heap     ] GC(1662) Old regions: 2->2
[98.585s][info][gc,heap     ] GC(1662) Archive regions: 2->2
[98.585s][info][gc,heap     ] GC(1662) Humongous regions: 0->0
[98.585s][info][gc,metaspace] GC(1662) Metaspace: 615K(832K)->615K(832K) NonClass: 597K(704K)->597K(704K) Class: 17K(128K)->17K(128K)
[98.586s][info][gc          ] GC(1662) Pause Young (Normal) (G1 Evacuation Pause) 155M->5M(256M) 10.695ms
[98.586s][info][gc,cpu      ] GC(1662) User=0.01s Sys=0.00s Real=0.01s
[98.635s][info][gc,start    ] GC(1663) Pause Young (Normal) (G1 Evacuation Pause)
[98.636s][info][gc,task     ] GC(1663) Using 6 workers of 8 for evacuation
[98.639s][info][gc,phases   ] GC(1663)   Pre Evacuate Collection Set: 0.3ms
[98.640s][info][gc,phases   ] GC(1663)   Merge Heap Roots: 0.3ms
[98.640s][info][gc,phases   ] GC(1663)   Evacuate Collection Set: 1.1ms
[98.641s][info][gc,phases   ] GC(1663)   Post Evacuate Collection Set: 1.0ms
[98.642s][info][gc,phases   ] GC(1663)   Other: 0.5ms
[98.642s][info][gc,heap     ] GC(1663) Eden regions: 149->0(150)
[98.643s][info][gc,heap     ] GC(1663) Survivor regions: 4->3(20)
[98.644s][info][gc,heap     ] GC(1663) Old regions: 2->2
[98.644s][info][gc,heap     ] GC(1663) Archive regions: 2->2
[98.645s][info][gc,heap     ] GC(1663) Humongous regions: 0->0
[98.646s][info][gc,metaspace] GC(1663) Metaspace: 615K(832K)->615K(832K) NonClass: 597K(704K)->597K(704K) Class: 17K(128K)->17K(128K)
[98.647s][info][gc          ] GC(1663) Pause Young (Normal) (G1 Evacuation Pause) 154M->5M(256M) 11.147ms
[98.647s][info][gc,cpu      ] GC(1663) User=0.00s Sys=0.01s Real=0.02s
[98.691s][info][gc,start    ] GC(1664) Pause Young (Normal) (G1 Evacuation Pause)
[98.691s][info][gc,task     ] GC(1664) Using 6 workers of 8 for evacuation
[98.695s][info][gc,phases   ] GC(1664)   Pre Evacuate Collection Set: 0.3ms
[98.695s][info][gc,phases   ] GC(1664)   Merge Heap Roots: 0.2ms
[98.697s][info][gc,phases   ] GC(1664)   Evacuate Collection Set: 1.3ms
[98.698s][info][gc,phases   ] GC(1664)   Post Evacuate Collection Set: 1.0ms
[98.698s][info][gc,phases   ] GC(1664)   Other: 0.6ms
[98.699s][info][gc,heap     ] GC(1664) Eden regions: 150->0(149)
[98.699s][info][gc,heap     ] GC(1664) Survivor regions: 3->4(20)
[98.700s][info][gc,heap     ] GC(1664) Old regions: 2->2
[98.701s][info][gc,heap     ] GC(1664) Archive regions: 2->2
[98.701s][info][gc,heap     ] GC(1664) Humongous regions: 0->0
[98.702s][info][gc,metaspace] GC(1664) Metaspace: 615K(832K)->615K(832K) NonClass: 597K(704K)->597K(704K) Class: 17K(128K)->17K(128K)
[98.702s][info][gc          ] GC(1664) Pause Young (Normal) (G1 Evacuation Pause) 155M->6M(256M) 11.122ms
[98.702s][info][gc,cpu      ] GC(1664) User=0.01s Sys=0.00s Real=0.01s
[98.750s][info][gc,start    ] GC(1665) Pause Young (Normal) (G1 Evacuation Pause)
[98.750s][info][gc,task     ] GC(1665) Using 6 workers of 8 for evacuation
[98.753s][info][gc,phases   ] GC(1665)   Pre Evacuate Collection Set: 0.2ms
[98.753s][info][gc,phases   ] GC(1665)   Merge Heap Roots: 0.2ms
[98.753s][info][gc,phases   ] GC(1665)   Evacuate Collection Set: 0.9ms
[98.754s][info][gc,phases   ] GC(1665)   Post Evacuate Collection Set: 0.7ms
[98.754s][info][gc,phases   ] GC(1665)   Other: 0.4ms
[98.754s][info][gc,heap     ] GC(1665) Eden regions: 149->0(149)
[98.755s][info][gc,heap     ] GC(1665) Survivor regions: 4->4(20)
[98.755s][info][gc,heap     ] GC(1665) Old regions: 2->2
[98.756s][info][gc,heap     ] GC(1665) Archive regions: 2->2
[98.756s][info][gc,heap     ] GC(1665) Humongous regions: 0->0
[98.756s][info][gc,metaspace] GC(1665) Metaspace: 615K(832K)->615K(832K) NonClass: 597K(704K)->597K(704K) Class: 17K(128K)->17K(128K)
[98.757s][info][gc          ] GC(1665) Pause Young (Normal) (G1 Evacuation Pause) 155M->6M(256M) 6.949ms
[98.757s][info][gc,cpu      ] GC(1665) User=0.00s Sys=0.00s Real=0.01s
[98.801s][info][gc,start    ] GC(1666) Pause Young (Normal) (G1 Evacuation Pause)
[98.802s][info][gc,task     ] GC(1666) Using 6 workers of 8 for evacuation
[98.804s][info][gc,phases   ] GC(1666)   Pre Evacuate Collection Set: 0.2ms
[98.805s][info][gc,phases   ] GC(1666)   Merge Heap Roots: 0.2ms
[98.805s][info][gc,phases   ] GC(1666)   Evacuate Collection Set: 1.1ms
[98.806s][info][gc,phases   ] GC(1666)   Post Evacuate Collection Set: 0.8ms
[98.806s][info][gc,phases   ] GC(1666)   Other: 0.5ms
[98.807s][info][gc,heap     ] GC(1666) Eden regions: 149->0(149)
[98.807s][info][gc,heap     ] GC(1666) Survivor regions: 4->4(20)
[98.808s][info][gc,heap     ] GC(1666) Old regions: 2->2
[98.808s][info][gc,heap     ] GC(1666) Archive regions: 2->2
[98.809s][info][gc,heap     ] GC(1666) Humongous regions: 0->0
[98.809s][info][gc,metaspace] GC(1666) Metaspace: 615K(832K)->615K(832K) NonClass: 597K(704K)->597K(704K) Class: 17K(128K)->17K(128K)
[98.809s][info][gc          ] GC(1666) Pause Young (Normal) (G1 Evacuation Pause) 155M->5M(256M) 8.336ms
[98.810s][info][gc,cpu      ] GC(1666) User=0.00s Sys=0.00s Real=0.01s
[98.854s][info][gc,start    ] GC(1667) Pause Young (Normal) (G1 Evacuation Pause)
[98.854s][info][gc,task     ] GC(1667) Using 6 workers of 8 for evacuation
[98.858s][info][gc,phases   ] GC(1667)   Pre Evacuate Collection Set: 0.3ms
[98.859s][info][gc,phases   ] GC(1667)   Merge Heap Roots: 0.3ms
[98.860s][info][gc,phases   ] GC(1667)   Evacuate Collection Set: 1.2ms
[98.860s][info][gc,phases   ] GC(1667)   Post Evacuate Collection Set: 0.9ms
[98.861s][info][gc,phases   ] GC(1667)   Other: 0.5ms
[98.862s][info][gc,heap     ] GC(1667) Eden regions: 149->0(150)
[98.864s][info][gc,heap     ] GC(1667) Survivor regions: 4->3(20)
[98.865s][info][gc,heap     ] GC(1667) Old regions: 2->2
[98.866s][info][gc,heap     ] GC(1667) Archive regions: 2->2
[98.866s][info][gc,heap     ] GC(1667) Humongous regions: 0->0
[98.867s][info][gc,metaspace] GC(1667) Metaspace: 615K(832K)->615K(832K) NonClass: 597K(704K)->597K(704K) Class: 17K(128K)->17K(128K)
[98.867s][info][gc          ] GC(1667) Pause Young (Normal) (G1 Evacuation Pause) 154M->5M(256M) 13.276ms
[98.868s][info][gc,cpu      ] GC(1667) User=0.00s Sys=0.01s Real=0.02s
[98.915s][info][gc,start    ] GC(1668) Pause Young (Normal) (G1 Evacuation Pause)
[98.916s][info][gc,task     ] GC(1668) Using 6 workers of 8 for evacuation
[98.919s][info][gc,phases   ] GC(1668)   Pre Evacuate Collection Set: 0.3ms
[98.919s][info][gc,phases   ] GC(1668)   Merge Heap Roots: 0.3ms
[98.920s][info][gc,phases   ] GC(1668)   Evacuate Collection Set: 1.0ms
[98.920s][info][gc,phases   ] GC(1668)   Post Evacuate Collection Set: 1.0ms
[98.920s][info][gc,phases   ] GC(1668)   Other: 0.5ms
[98.921s][info][gc,heap     ] GC(1668) Eden regions: 150->0(149)
[98.921s][info][gc,heap     ] GC(1668) Survivor regions: 3->4(20)
[98.923s][info][gc,heap     ] GC(1668) Old regions: 2->2
[98.924s][info][gc,heap     ] GC(1668) Archive regions: 2->2
[98.924s][info][gc,heap     ] GC(1668) Humongous regions: 0->0
[98.924s][info][gc,metaspace] GC(1668) Metaspace: 615K(832K)->615K(832K) NonClass: 597K(704K)->597K(704K) Class: 17K(128K)->17K(128K)
[98.925s][info][gc          ] GC(1668) Pause Young (Normal) (G1 Evacuation Pause) 155M->6M(256M) 9.944ms
[98.926s][info][gc,cpu      ] GC(1668) User=0.00s Sys=0.01s Real=0.01s
[98.970s][info][gc,start    ] GC(1669) Pause Young (Normal) (G1 Evacuation Pause)
[98.971s][info][gc,task     ] GC(1669) Using 6 workers of 8 for evacuation
[98.977s][info][gc,phases   ] GC(1669)   Pre Evacuate Collection Set: 0.3ms
[98.977s][info][gc,phases   ] GC(1669)   Merge Heap Roots: 0.2ms
[98.978s][info][gc,phases   ] GC(1669)   Evacuate Collection Set: 2.9ms
[98.978s][info][gc,phases   ] GC(1669)   Post Evacuate Collection Set: 1.8ms
[98.979s][info][gc,phases   ] GC(1669)   Other: 0.6ms
[98.979s][info][gc,heap     ] GC(1669) Eden regions: 149->0(149)
[98.980s][info][gc,heap     ] GC(1669) Survivor regions: 4->4(20)
[98.981s][info][gc,heap     ] GC(1669) Old regions: 2->2
[98.981s][info][gc,heap     ] GC(1669) Archive regions: 2->2
[98.981s][info][gc,heap     ] GC(1669) Humongous regions: 0->0
[98.982s][info][gc,metaspace] GC(1669) Metaspace: 615K(832K)->615K(832K) NonClass: 597K(704K)->597K(704K) Class: 17K(128K)->17K(128K)
[98.982s][info][gc          ] GC(1669) Pause Young (Normal) (G1 Evacuation Pause) 155M->5M(256M) 11.924ms
[98.982s][info][gc,cpu      ] GC(1669) User=0.01s Sys=0.00s Real=0.01s
[99.036s][info][gc,start    ] GC(1670) Pause Young (Normal) (G1 Evacuation Pause)
[99.037s][info][gc,task     ] GC(1670) Using 6 workers of 8 for evacuation
[99.043s][info][gc,phases   ] GC(1670)   Pre Evacuate Collection Set: 0.3ms
[99.043s][info][gc,phases   ] GC(1670)   Merge Heap Roots: 0.1ms
[99.044s][info][gc,phases   ] GC(1670)   Evacuate Collection Set: 2.8ms
[99.045s][info][gc,phases   ] GC(1670)   Post Evacuate Collection Set: 2.5ms
[99.045s][info][gc,phases   ] GC(1670)   Other: 0.5ms
[99.046s][info][gc,heap     ] GC(1670) Eden regions: 149->0(150)
[99.046s][info][gc,heap     ] GC(1670) Survivor regions: 4->3(20)
[99.047s][info][gc,heap     ] GC(1670) Old regions: 2->2
[99.047s][info][gc,heap     ] GC(1670) Archive regions: 2->2
[99.047s][info][gc,heap     ] GC(1670) Humongous regions: 0->0
[99.048s][info][gc,metaspace] GC(1670) Metaspace: 615K(832K)->615K(832K) NonClass: 597K(704K)->597K(704K) Class: 17K(128K)->17K(128K)
[99.048s][info][gc          ] GC(1670) Pause Young (Normal) (G1 Evacuation Pause) 154M->5M(256M) 12.191ms
[99.048s][info][gc,cpu      ] GC(1670) User=0.02s Sys=0.00s Real=0.02s
[99.104s][info][gc,start    ] GC(1671) Pause Young (Normal) (G1 Evacuation Pause)
[99.105s][info][gc,task     ] GC(1671) Using 6 workers of 8 for evacuation
[99.113s][info][gc,phases   ] GC(1671)   Pre Evacuate Collection Set: 0.8ms
[99.113s][info][gc,phases   ] GC(1671)   Merge Heap Roots: 0.3ms
[99.114s][info][gc,phases   ] GC(1671)   Evacuate Collection Set: 3.4ms
[99.115s][info][gc,phases   ] GC(1671)   Post Evacuate Collection Set: 2.1ms
[99.116s][info][gc,phases   ] GC(1671)   Other: 1.1ms
[99.116s][info][gc,heap     ] GC(1671) Eden regions: 150->0(149)
[99.116s][info][gc,heap     ] GC(1671) Survivor regions: 3->4(20)
[99.117s][info][gc,heap     ] GC(1671) Old regions: 2->2
[99.117s][info][gc,heap     ] GC(1671) Archive regions: 2->2
[99.118s][info][gc,heap     ] GC(1671) Humongous regions: 0->0
[99.118s][info][gc,metaspace] GC(1671) Metaspace: 615K(832K)->615K(832K) NonClass: 597K(704K)->597K(704K) Class: 17K(128K)->17K(128K)
[99.118s][info][gc          ] GC(1671) Pause Young (Normal) (G1 Evacuation Pause) 155M->6M(256M) 14.253ms
[99.119s][info][gc,cpu      ] GC(1671) User=0.01s Sys=0.01s Real=0.02s
[99.180s][info][gc,start    ] GC(1672) Pause Young (Normal) (G1 Evacuation Pause)
[99.181s][info][gc,task     ] GC(1672) Using 6 workers of 8 for evacuation
[99.184s][info][gc,phases   ] GC(1672)   Pre Evacuate Collection Set: 0.3ms
[99.184s][info][gc,phases   ] GC(1672)   Merge Heap Roots: 0.2ms
[99.185s][info][gc,phases   ] GC(1672)   Evacuate Collection Set: 1.2ms
[99.186s][info][gc,phases   ] GC(1672)   Post Evacuate Collection Set: 0.8ms
[99.186s][info][gc,phases   ] GC(1672)   Other: 0.6ms
[99.186s][info][gc,heap     ] GC(1672) Eden regions: 149->0(149)
[99.187s][info][gc,heap     ] GC(1672) Survivor regions: 4->4(20)
[99.187s][info][gc,heap     ] GC(1672) Old regions: 2->2
[99.187s][info][gc,heap     ] GC(1672) Archive regions: 2->2
[99.188s][info][gc,heap     ] GC(1672) Humongous regions: 0->0
[99.188s][info][gc,metaspace] GC(1672) Metaspace: 615K(832K)->615K(832K) NonClass: 597K(704K)->597K(704K) Class: 17K(128K)->17K(128K)
[99.189s][info][gc          ] GC(1672) Pause Young (Normal) (G1 Evacuation Pause) 155M->5M(256M) 8.431ms
[99.189s][info][gc,cpu      ] GC(1672) User=0.01s Sys=0.00s Real=0.01s
[99.249s][info][gc,start    ] GC(1673) Pause Young (Normal) (G1 Evacuation Pause)
[99.250s][info][gc,task     ] GC(1673) Using 6 workers of 8 for evacuation
[99.253s][info][gc,phases   ] GC(1673)   Pre Evacuate Collection Set: 0.3ms
[99.254s][info][gc,phases   ] GC(1673)   Merge Heap Roots: 0.3ms
[99.254s][info][gc,phases   ] GC(1673)   Evacuate Collection Set: 1.4ms
[99.255s][info][gc,phases   ] GC(1673)   Post Evacuate Collection Set: 1.0ms
[99.255s][info][gc,phases   ] GC(1673)   Other: 0.5ms
[99.256s][info][gc,heap     ] GC(1673) Eden regions: 149->0(149)
[99.257s][info][gc,heap     ] GC(1673) Survivor regions: 4->4(20)
[99.258s][info][gc,heap     ] GC(1673) Old regions: 2->2
[99.258s][info][gc,heap     ] GC(1673) Archive regions: 2->2
[99.259s][info][gc,heap     ] GC(1673) Humongous regions: 0->0
[99.259s][info][gc,metaspace] GC(1673) Metaspace: 615K(832K)->615K(832K) NonClass: 597K(704K)->597K(704K) Class: 17K(128K)->17K(128K)
[99.261s][info][gc          ] GC(1673) Pause Young (Normal) (G1 Evacuation Pause) 154M->5M(256M) 11.976ms
[99.262s][info][gc,cpu      ] GC(1673) User=0.01s Sys=0.00s Real=0.01s
[99.311s][info][gc,start    ] GC(1674) Pause Young (Normal) (G1 Evacuation Pause)
[99.312s][info][gc,task     ] GC(1674) Using 6 workers of 8 for evacuation
[99.316s][info][gc,phases   ] GC(1674)   Pre Evacuate Collection Set: 0.3ms
[99.316s][info][gc,phases   ] GC(1674)   Merge Heap Roots: 0.4ms
[99.316s][info][gc,phases   ] GC(1674)   Evacuate Collection Set: 1.5ms
[99.317s][info][gc,phases   ] GC(1674)   Post Evacuate Collection Set: 1.0ms
[99.317s][info][gc,phases   ] GC(1674)   Other: 0.8ms
[99.318s][info][gc,heap     ] GC(1674) Eden regions: 149->0(150)
[99.318s][info][gc,heap     ] GC(1674) Survivor regions: 4->3(20)
[99.318s][info][gc,heap     ] GC(1674) Old regions: 2->2
[99.319s][info][gc,heap     ] GC(1674) Archive regions: 2->2
[99.319s][info][gc,heap     ] GC(1674) Humongous regions: 0->0
[99.319s][info][gc,metaspace] GC(1674) Metaspace: 615K(832K)->615K(832K) NonClass: 597K(704K)->597K(704K) Class: 17K(128K)->17K(128K)
[99.320s][info][gc          ] GC(1674) Pause Young (Normal) (G1 Evacuation Pause) 154M->5M(256M) 9.249ms
[99.320s][info][gc,cpu      ] GC(1674) User=0.01s Sys=0.00s Real=0.01s
[99.365s][info][gc,start    ] GC(1675) Pause Young (Normal) (G1 Evacuation Pause)
[99.365s][info][gc,task     ] GC(1675) Using 6 workers of 8 for evacuation
[99.369s][info][gc,phases   ] GC(1675)   Pre Evacuate Collection Set: 0.3ms
[99.369s][info][gc,phases   ] GC(1675)   Merge Heap Roots: 0.2ms
[99.370s][info][gc,phases   ] GC(1675)   Evacuate Collection Set: 1.5ms
[99.370s][info][gc,phases   ] GC(1675)   Post Evacuate Collection Set: 1.0ms
[99.370s][info][gc,phases   ] GC(1675)   Other: 0.5ms
[99.371s][info][gc,heap     ] GC(1675) Eden regions: 150->0(149)
[99.371s][info][gc,heap     ] GC(1675) Survivor regions: 3->4(20)
[99.372s][info][gc,heap     ] GC(1675) Old regions: 2->2
[99.372s][info][gc,heap     ] GC(1675) Archive regions: 2->2
[99.373s][info][gc,heap     ] GC(1675) Humongous regions: 0->0
[99.374s][info][gc,metaspace] GC(1675) Metaspace: 615K(832K)->615K(832K) NonClass: 597K(704K)->597K(704K) Class: 17K(128K)->17K(128K)
[99.376s][info][gc          ] GC(1675) Pause Young (Normal) (G1 Evacuation Pause) 155M->6M(256M) 10.810ms
[99.377s][info][gc,cpu      ] GC(1675) User=0.00s Sys=0.01s Real=0.02s
[99.428s][info][gc,start    ] GC(1676) Pause Young (Normal) (G1 Evacuation Pause)
[99.449s][info][gc,task     ] GC(1676) Using 6 workers of 8 for evacuation
[99.460s][info][gc,phases   ] GC(1676)   Pre Evacuate Collection Set: 0.5ms
[99.475s][info][gc,phases   ] GC(1676)   Merge Heap Roots: 0.4ms
[99.504s][info][gc,phases   ] GC(1676)   Evacuate Collection Set: 1.4ms
[99.508s][info][gc,phases   ] GC(1676)   Post Evacuate Collection Set: 0.9ms
[99.510s][info][gc,phases   ] GC(1676)   Other: 8.4ms
[99.511s][info][gc,heap     ] GC(1676) Eden regions: 149->0(149)
[99.512s][info][gc,heap     ] GC(1676) Survivor regions: 4->4(20)
[99.513s][info][gc,heap     ] GC(1676) Old regions: 2->2
[99.514s][info][gc,heap     ] GC(1676) Archive regions: 2->2
[99.515s][info][gc,heap     ] GC(1676) Humongous regions: 0->0
[99.515s][info][gc,metaspace] GC(1676) Metaspace: 615K(832K)->615K(832K) NonClass: 597K(704K)->597K(704K) Class: 17K(128K)->17K(128K)
[99.516s][info][gc          ] GC(1676) Pause Young (Normal) (G1 Evacuation Pause) 155M->5M(256M) 87.799ms
[99.516s][info][gc,cpu      ] GC(1676) User=0.01s Sys=0.00s Real=0.08s
[99.571s][info][gc,start    ] GC(1677) Pause Young (Normal) (G1 Evacuation Pause)
[99.572s][info][gc,task     ] GC(1677) Using 6 workers of 8 for evacuation
[99.578s][info][gc,phases   ] GC(1677)   Pre Evacuate Collection Set: 0.7ms
[99.578s][info][gc,phases   ] GC(1677)   Merge Heap Roots: 0.3ms
[99.578s][info][gc,phases   ] GC(1677)   Evacuate Collection Set: 2.5ms
[99.579s][info][gc,phases   ] GC(1677)   Post Evacuate Collection Set: 1.7ms
[99.580s][info][gc,phases   ] GC(1677)   Other: 0.5ms
[99.580s][info][gc,heap     ] GC(1677) Eden regions: 149->0(150)
[99.581s][info][gc,heap     ] GC(1677) Survivor regions: 4->3(20)
[99.581s][info][gc,heap     ] GC(1677) Old regions: 2->2
[99.581s][info][gc,heap     ] GC(1677) Archive regions: 2->2
[99.582s][info][gc,heap     ] GC(1677) Humongous regions: 0->0
[99.582s][info][gc,metaspace] GC(1677) Metaspace: 615K(832K)->615K(832K) NonClass: 597K(704K)->597K(704K) Class: 17K(128K)->17K(128K)
[99.582s][info][gc          ] GC(1677) Pause Young (Normal) (G1 Evacuation Pause) 154M->5M(256M) 10.903ms
[99.583s][info][gc,cpu      ] GC(1677) User=0.01s Sys=0.00s Real=0.01s
[99.631s][info][gc,start    ] GC(1678) Pause Young (Normal) (G1 Evacuation Pause)
[99.631s][info][gc,task     ] GC(1678) Using 6 workers of 8 for evacuation
[99.635s][info][gc,phases   ] GC(1678)   Pre Evacuate Collection Set: 0.3ms
[99.636s][info][gc,phases   ] GC(1678)   Merge Heap Roots: 0.3ms
[99.636s][info][gc,phases   ] GC(1678)   Evacuate Collection Set: 1.5ms
[99.636s][info][gc,phases   ] GC(1678)   Post Evacuate Collection Set: 1.3ms
[99.637s][info][gc,phases   ] GC(1678)   Other: 0.6ms
[99.639s][info][gc,heap     ] GC(1678) Eden regions: 150->0(149)
[99.640s][info][gc,heap     ] GC(1678) Survivor regions: 3->4(20)
[99.640s][info][gc,heap     ] GC(1678) Old regions: 2->2
[99.641s][info][gc,heap     ] GC(1678) Archive regions: 2->2
[99.641s][info][gc,heap     ] GC(1678) Humongous regions: 0->0
[99.641s][info][gc,metaspace] GC(1678) Metaspace: 615K(832K)->615K(832K) NonClass: 597K(704K)->597K(704K) Class: 17K(128K)->17K(128K)
[99.642s][info][gc          ] GC(1678) Pause Young (Normal) (G1 Evacuation Pause) 155M->6M(256M) 11.209ms
[99.642s][info][gc,cpu      ] GC(1678) User=0.01s Sys=0.00s Real=0.01s
[99.685s][info][gc,start    ] GC(1679) Pause Young (Normal) (G1 Evacuation Pause)
[99.685s][info][gc,task     ] GC(1679) Using 6 workers of 8 for evacuation
[99.689s][info][gc,phases   ] GC(1679)   Pre Evacuate Collection Set: 0.2ms
[99.690s][info][gc,phases   ] GC(1679)   Merge Heap Roots: 0.3ms
[99.690s][info][gc,phases   ] GC(1679)   Evacuate Collection Set: 1.9ms
[99.691s][info][gc,phases   ] GC(1679)   Post Evacuate Collection Set: 1.0ms
[99.692s][info][gc,phases   ] GC(1679)   Other: 0.4ms
[99.693s][info][gc,heap     ] GC(1679) Eden regions: 149->0(149)
[99.694s][info][gc,heap     ] GC(1679) Survivor regions: 4->4(20)
[99.694s][info][gc,heap     ] GC(1679) Old regions: 2->2
[99.695s][info][gc,heap     ] GC(1679) Archive regions: 2->2
[99.695s][info][gc,heap     ] GC(1679) Humongous regions: 0->0
[99.695s][info][gc,metaspace] GC(1679) Metaspace: 615K(832K)->615K(832K) NonClass: 597K(704K)->597K(704K) Class: 17K(128K)->17K(128K)
[99.696s][info][gc          ] GC(1679) Pause Young (Normal) (G1 Evacuation Pause) 155M->5M(256M) 11.082ms
[99.696s][info][gc,cpu      ] GC(1679) User=0.00s Sys=0.01s Real=0.01s
[99.738s][info][gc,start    ] GC(1680) Pause Young (Normal) (G1 Evacuation Pause)
[99.739s][info][gc,task     ] GC(1680) Using 6 workers of 8 for evacuation
[99.742s][info][gc,phases   ] GC(1680)   Pre Evacuate Collection Set: 0.3ms
[99.743s][info][gc,phases   ] GC(1680)   Merge Heap Roots: 0.3ms
[99.743s][info][gc,phases   ] GC(1680)   Evacuate Collection Set: 0.9ms
[99.744s][info][gc,phases   ] GC(1680)   Post Evacuate Collection Set: 1.1ms
[99.745s][info][gc,phases   ] GC(1680)   Other: 0.5ms
[99.746s][info][gc,heap     ] GC(1680) Eden regions: 149->0(149)
[99.746s][info][gc,heap     ] GC(1680) Survivor regions: 4->4(20)
[99.747s][info][gc,heap     ] GC(1680) Old regions: 2->2
[99.747s][info][gc,heap     ] GC(1680) Archive regions: 2->2
[99.747s][info][gc,heap     ] GC(1680) Humongous regions: 0->0
[99.747s][info][gc,metaspace] GC(1680) Metaspace: 615K(832K)->615K(832K) NonClass: 597K(704K)->597K(704K) Class: 17K(128K)->17K(128K)
[99.748s][info][gc          ] GC(1680) Pause Young (Normal) (G1 Evacuation Pause) 154M->5M(256M) 9.815ms
[99.748s][info][gc,cpu      ] GC(1680) User=0.01s Sys=0.00s Real=0.01s
[99.798s][info][gc,start    ] GC(1681) Pause Young (Normal) (G1 Evacuation Pause)
[99.799s][info][gc,task     ] GC(1681) Using 6 workers of 8 for evacuation
[99.801s][info][gc,phases   ] GC(1681)   Pre Evacuate Collection Set: 0.2ms
[99.802s][info][gc,phases   ] GC(1681)   Merge Heap Roots: 0.2ms
[99.802s][info][gc,phases   ] GC(1681)   Evacuate Collection Set: 1.1ms
[99.802s][info][gc,phases   ] GC(1681)   Post Evacuate Collection Set: 0.7ms
[99.803s][info][gc,phases   ] GC(1681)   Other: 0.3ms
[99.803s][info][gc,heap     ] GC(1681) Eden regions: 149->0(150)
[99.804s][info][gc,heap     ] GC(1681) Survivor regions: 4->3(20)
[99.804s][info][gc,heap     ] GC(1681) Old regions: 2->2
[99.804s][info][gc,heap     ] GC(1681) Archive regions: 2->2
[99.805s][info][gc,heap     ] GC(1681) Humongous regions: 0->0
[99.805s][info][gc,metaspace] GC(1681) Metaspace: 615K(832K)->615K(832K) NonClass: 597K(704K)->597K(704K) Class: 17K(128K)->17K(128K)
[99.806s][info][gc          ] GC(1681) Pause Young (Normal) (G1 Evacuation Pause) 154M->5M(256M) 7.428ms
[99.806s][info][gc,cpu      ] GC(1681) User=0.01s Sys=0.00s Real=0.00s
[99.855s][info][gc,start    ] GC(1682) Pause Young (Normal) (G1 Evacuation Pause)
[99.856s][info][gc,task     ] GC(1682) Using 6 workers of 8 for evacuation
[99.861s][info][gc,phases   ] GC(1682)   Pre Evacuate Collection Set: 0.3ms
[99.862s][info][gc,phases   ] GC(1682)   Merge Heap Roots: 0.3ms
[99.862s][info][gc,phases   ] GC(1682)   Evacuate Collection Set: 2.6ms
[99.862s][info][gc,phases   ] GC(1682)   Post Evacuate Collection Set: 1.5ms
[99.863s][info][gc,phases   ] GC(1682)   Other: 0.6ms
[99.863s][info][gc,heap     ] GC(1682) Eden regions: 150->0(149)
[99.863s][info][gc,heap     ] GC(1682) Survivor regions: 3->4(20)
[99.864s][info][gc,heap     ] GC(1682) Old regions: 2->2
[99.864s][info][gc,heap     ] GC(1682) Archive regions: 2->2
[99.864s][info][gc,heap     ] GC(1682) Humongous regions: 0->0
[99.865s][info][gc,metaspace] GC(1682) Metaspace: 615K(832K)->615K(832K) NonClass: 597K(704K)->597K(704K) Class: 17K(128K)->17K(128K)
[99.865s][info][gc          ] GC(1682) Pause Young (Normal) (G1 Evacuation Pause) 155M->6M(256M) 10.162ms
[99.865s][info][gc,cpu      ] GC(1682) User=0.01s Sys=0.01s Real=0.01s
[99.906s][info][gc,start    ] GC(1683) Pause Young (Normal) (G1 Evacuation Pause)
[99.907s][info][gc,task     ] GC(1683) Using 6 workers of 8 for evacuation
[99.911s][info][gc,phases   ] GC(1683)   Pre Evacuate Collection Set: 0.3ms
[99.912s][info][gc,phases   ] GC(1683)   Merge Heap Roots: 0.3ms
[99.913s][info][gc,phases   ] GC(1683)   Evacuate Collection Set: 2.2ms
[99.913s][info][gc,phases   ] GC(1683)   Post Evacuate Collection Set: 1.2ms
[99.913s][info][gc,phases   ] GC(1683)   Other: 0.6ms
[99.914s][info][gc,heap     ] GC(1683) Eden regions: 149->0(149)
[99.914s][info][gc,heap     ] GC(1683) Survivor regions: 4->4(20)
[99.914s][info][gc,heap     ] GC(1683) Old regions: 2->2
[99.915s][info][gc,heap     ] GC(1683) Archive regions: 2->2
[99.915s][info][gc,heap     ] GC(1683) Humongous regions: 0->0
[99.915s][info][gc,metaspace] GC(1683) Metaspace: 615K(832K)->615K(832K) NonClass: 597K(704K)->597K(704K) Class: 17K(128K)->17K(128K)
[99.916s][info][gc          ] GC(1683) Pause Young (Normal) (G1 Evacuation Pause) 155M->5M(256M) 9.591ms
[99.916s][info][gc,cpu      ] GC(1683) User=0.01s Sys=0.00s Real=0.01s
[99.956s][info][gc,start    ] GC(1684) Pause Young (Normal) (G1 Evacuation Pause)
[99.957s][info][gc,task     ] GC(1684) Using 6 workers of 8 for evacuation
[99.961s][info][gc,phases   ] GC(1684)   Pre Evacuate Collection Set: 0.3ms
[99.962s][info][gc,phases   ] GC(1684)   Merge Heap Roots: 0.2ms
[99.963s][info][gc,phases   ] GC(1684)   Evacuate Collection Set: 1.8ms
[99.963s][info][gc,phases   ] GC(1684)   Post Evacuate Collection Set: 1.8ms
[99.964s][info][gc,phases   ] GC(1684)   Other: 0.6ms
[99.964s][info][gc,heap     ] GC(1684) Eden regions: 149->0(149)
[99.964s][info][gc,heap     ] GC(1684) Survivor regions: 4->4(20)
[99.965s][info][gc,heap     ] GC(1684) Old regions: 2->2
[99.965s][info][gc,heap     ] GC(1684) Archive regions: 2->2
[99.965s][info][gc,heap     ] GC(1684) Humongous regions: 0->0
[99.966s][info][gc,metaspace] GC(1684) Metaspace: 615K(832K)->615K(832K) NonClass: 597K(704K)->597K(704K) Class: 17K(128K)->17K(128K)
[99.966s][info][gc          ] GC(1684) Pause Young (Normal) (G1 Evacuation Pause) 154M->5M(256M) 10.152ms
[99.966s][info][gc,cpu      ] GC(1684) User=0.01s Sys=0.00s Real=0.01s
[100.021s][info][gc,start    ] GC(1685) Pause Young (Normal) (G1 Evacuation Pause)
[100.023s][info][gc,task     ] GC(1685) Using 6 workers of 8 for evacuation
[100.029s][info][gc,phases   ] GC(1685)   Pre Evacuate Collection Set: 0.4ms
[100.030s][info][gc,phases   ] GC(1685)   Merge Heap Roots: 0.3ms
[100.031s][info][gc,phases   ] GC(1685)   Evacuate Collection Set: 2.4ms
[100.031s][info][gc,phases   ] GC(1685)   Post Evacuate Collection Set: 1.6ms
[100.031s][info][gc,phases   ] GC(1685)   Other: 1.0ms
[100.032s][info][gc,heap     ] GC(1685) Eden regions: 149->0(150)
[100.032s][info][gc,heap     ] GC(1685) Survivor regions: 4->3(20)
[100.033s][info][gc,heap     ] GC(1685) Old regions: 2->2
[100.033s][info][gc,heap     ] GC(1685) Archive regions: 2->2
[100.033s][info][gc,heap     ] GC(1685) Humongous regions: 0->0
[100.034s][info][gc,metaspace] GC(1685) Metaspace: 615K(832K)->615K(832K) NonClass: 597K(704K)->597K(704K) Class: 17K(128K)->17K(128K)
[100.034s][info][gc          ] GC(1685) Pause Young (Normal) (G1 Evacuation Pause) 154M->5M(256M) 12.777ms
[100.034s][info][gc,cpu      ] GC(1685) User=0.01s Sys=0.01s Real=0.01s
[100.081s][info][gc,start    ] GC(1686) Pause Young (Normal) (G1 Evacuation Pause)
[100.081s][info][gc,task     ] GC(1686) Using 6 workers of 8 for evacuation
[100.084s][info][gc,phases   ] GC(1686)   Pre Evacuate Collection Set: 0.2ms
[100.085s][info][gc,phases   ] GC(1686)   Merge Heap Roots: 0.3ms
[100.085s][info][gc,phases   ] GC(1686)   Evacuate Collection Set: 1.2ms
[100.085s][info][gc,phases   ] GC(1686)   Post Evacuate Collection Set: 0.8ms
[100.086s][info][gc,phases   ] GC(1686)   Other: 0.4ms
[100.086s][info][gc,heap     ] GC(1686) Eden regions: 150->0(149)
[100.086s][info][gc,heap     ] GC(1686) Survivor regions: 3->4(20)
[100.086s][info][gc,heap     ] GC(1686) Old regions: 2->2
[100.087s][info][gc,heap     ] GC(1686) Archive regions: 2->2
[100.087s][info][gc,heap     ] GC(1686) Humongous regions: 0->0
[100.087s][info][gc,metaspace] GC(1686) Metaspace: 615K(832K)->615K(832K) NonClass: 597K(704K)->597K(704K) Class: 17K(128K)->17K(128K)
[100.087s][info][gc          ] GC(1686) Pause Young (Normal) (G1 Evacuation Pause) 155M->5M(256M) 6.490ms
[100.088s][info][gc,cpu      ] GC(1686) User=0.01s Sys=0.00s Real=0.01s
[100.134s][info][gc,start    ] GC(1687) Pause Young (Normal) (G1 Evacuation Pause)
[100.135s][info][gc,task     ] GC(1687) Using 6 workers of 8 for evacuation
[100.138s][info][gc,phases   ] GC(1687)   Pre Evacuate Collection Set: 0.3ms
[100.139s][info][gc,phases   ] GC(1687)   Merge Heap Roots: 0.2ms
[100.140s][info][gc,phases   ] GC(1687)   Evacuate Collection Set: 1.1ms
[100.141s][info][gc,phases   ] GC(1687)   Post Evacuate Collection Set: 0.9ms
[100.143s][info][gc,phases   ] GC(1687)   Other: 0.4ms
[100.144s][info][gc,heap     ] GC(1687) Eden regions: 149->0(149)
[100.144s][info][gc,heap     ] GC(1687) Survivor regions: 4->4(20)
[100.145s][info][gc,heap     ] GC(1687) Old regions: 2->2
[100.145s][info][gc,heap     ] GC(1687) Archive regions: 2->2
[100.146s][info][gc,heap     ] GC(1687) Humongous regions: 0->0
[100.146s][info][gc,metaspace] GC(1687) Metaspace: 615K(832K)->615K(832K) NonClass: 597K(704K)->597K(704K) Class: 17K(128K)->17K(128K)
[100.147s][info][gc          ] GC(1687) Pause Young (Normal) (G1 Evacuation Pause) 154M->5M(256M) 12.581ms
[100.147s][info][gc,cpu      ] GC(1687) User=0.00s Sys=0.00s Real=0.02s
[100.194s][info][gc,start    ] GC(1688) Pause Young (Normal) (G1 Evacuation Pause)
[100.195s][info][gc,task     ] GC(1688) Using 6 workers of 8 for evacuation
[100.198s][info][gc,phases   ] GC(1688)   Pre Evacuate Collection Set: 0.2ms
[100.199s][info][gc,phases   ] GC(1688)   Merge Heap Roots: 0.3ms
[100.199s][info][gc,phases   ] GC(1688)   Evacuate Collection Set: 1.2ms
[100.200s][info][gc,phases   ] GC(1688)   Post Evacuate Collection Set: 1.1ms
[100.200s][info][gc,phases   ] GC(1688)   Other: 0.5ms
[100.200s][info][gc,heap     ] GC(1688) Eden regions: 149->0(150)
[100.201s][info][gc,heap     ] GC(1688) Survivor regions: 4->3(20)
[100.201s][info][gc,heap     ] GC(1688) Old regions: 2->2
[100.201s][info][gc,heap     ] GC(1688) Archive regions: 2->2
[100.202s][info][gc,heap     ] GC(1688) Humongous regions: 0->0
[100.202s][info][gc,metaspace] GC(1688) Metaspace: 615K(832K)->615K(832K) NonClass: 597K(704K)->597K(704K) Class: 17K(128K)->17K(128K)
[100.202s][info][gc          ] GC(1688) Pause Young (Normal) (G1 Evacuation Pause) 154M->5M(256M) 8.520ms
[100.202s][info][gc,cpu      ] GC(1688) User=0.01s Sys=0.00s Real=0.01s
[100.254s][info][gc,start    ] GC(1689) Pause Young (Normal) (G1 Evacuation Pause)
[100.255s][info][gc,task     ] GC(1689) Using 6 workers of 8 for evacuation
[100.260s][info][gc,phases   ] GC(1689)   Pre Evacuate Collection Set: 0.5ms
[100.261s][info][gc,phases   ] GC(1689)   Merge Heap Roots: 0.5ms
[100.262s][info][gc,phases   ] GC(1689)   Evacuate Collection Set: 2.8ms
[100.262s][info][gc,phases   ] GC(1689)   Post Evacuate Collection Set: 1.1ms
[100.262s][info][gc,phases   ] GC(1689)   Other: 0.6ms
[100.263s][info][gc,heap     ] GC(1689) Eden regions: 150->0(149)
[100.263s][info][gc,heap     ] GC(1689) Survivor regions: 3->4(20)
[100.264s][info][gc,heap     ] GC(1689) Old regions: 2->2
[100.264s][info][gc,heap     ] GC(1689) Archive regions: 2->2
[100.264s][info][gc,heap     ] GC(1689) Humongous regions: 0->0
[100.265s][info][gc,metaspace] GC(1689) Metaspace: 615K(832K)->615K(832K) NonClass: 597K(704K)->597K(704K) Class: 17K(128K)->17K(128K)
[100.265s][info][gc          ] GC(1689) Pause Young (Normal) (G1 Evacuation Pause) 155M->6M(256M) 11.104ms
[100.265s][info][gc,cpu      ] GC(1689) User=0.01s Sys=0.00s Real=0.01s
[100.313s][info][gc,start    ] GC(1690) Pause Young (Normal) (G1 Evacuation Pause)
[100.314s][info][gc,task     ] GC(1690) Using 6 workers of 8 for evacuation
[100.317s][info][gc,phases   ] GC(1690)   Pre Evacuate Collection Set: 0.3ms
[100.317s][info][gc,phases   ] GC(1690)   Merge Heap Roots: 0.3ms
[100.318s][info][gc,phases   ] GC(1690)   Evacuate Collection Set: 1.2ms
[100.318s][info][gc,phases   ] GC(1690)   Post Evacuate Collection Set: 1.0ms
[100.318s][info][gc,phases   ] GC(1690)   Other: 0.5ms
[100.319s][info][gc,heap     ] GC(1690) Eden regions: 149->0(149)
[100.319s][info][gc,heap     ] GC(1690) Survivor regions: 4->4(20)
[100.320s][info][gc,heap     ] GC(1690) Old regions: 2->2
[100.320s][info][gc,heap     ] GC(1690) Archive regions: 2->2
[100.320s][info][gc,heap     ] GC(1690) Humongous regions: 0->0
[100.321s][info][gc,metaspace] GC(1690) Metaspace: 615K(832K)->615K(832K) NonClass: 597K(704K)->597K(704K) Class: 17K(128K)->17K(128K)
[100.321s][info][gc          ] GC(1690) Pause Young (Normal) (G1 Evacuation Pause) 155M->5M(256M) 8.087ms
[100.322s][info][gc,cpu      ] GC(1690) User=0.00s Sys=0.01s Real=0.01s
[100.378s][info][gc,start    ] GC(1691) Pause Young (Normal) (G1 Evacuation Pause)
[100.379s][info][gc,task     ] GC(1691) Using 6 workers of 8 for evacuation
[100.382s][info][gc,phases   ] GC(1691)   Pre Evacuate Collection Set: 0.3ms
[100.383s][info][gc,phases   ] GC(1691)   Merge Heap Roots: 0.3ms
[100.383s][info][gc,phases   ] GC(1691)   Evacuate Collection Set: 1.4ms
[100.384s][info][gc,phases   ] GC(1691)   Post Evacuate Collection Set: 0.8ms
[100.384s][info][gc,phases   ] GC(1691)   Other: 0.6ms
[100.384s][info][gc,heap     ] GC(1691) Eden regions: 149->0(150)
[100.385s][info][gc,heap     ] GC(1691) Survivor regions: 4->3(20)
[100.385s][info][gc,heap     ] GC(1691) Old regions: 2->2
[100.386s][info][gc,heap     ] GC(1691) Archive regions: 2->2
[100.386s][info][gc,heap     ] GC(1691) Humongous regions: 0->0
[100.386s][info][gc,metaspace] GC(1691) Metaspace: 615K(832K)->615K(832K) NonClass: 597K(704K)->597K(704K) Class: 17K(128K)->17K(128K)
[100.387s][info][gc          ] GC(1691) Pause Young (Normal) (G1 Evacuation Pause) 154M->5M(256M) 8.332ms
[100.387s][info][gc,cpu      ] GC(1691) User=0.01s Sys=0.00s Real=0.01s
[100.447s][info][gc,start    ] GC(1692) Pause Young (Normal) (G1 Evacuation Pause)
[100.448s][info][gc,task     ] GC(1692) Using 6 workers of 8 for evacuation
[100.451s][info][gc,phases   ] GC(1692)   Pre Evacuate Collection Set: 0.2ms
[100.451s][info][gc,phases   ] GC(1692)   Merge Heap Roots: 0.3ms
[100.451s][info][gc,phases   ] GC(1692)   Evacuate Collection Set: 1.2ms
[100.452s][info][gc,phases   ] GC(1692)   Post Evacuate Collection Set: 0.8ms
[100.452s][info][gc,phases   ] GC(1692)   Other: 0.5ms
[100.452s][info][gc,heap     ] GC(1692) Eden regions: 150->0(149)
[100.453s][info][gc,heap     ] GC(1692) Survivor regions: 3->4(20)
[100.453s][info][gc,heap     ] GC(1692) Old regions: 2->2
[100.454s][info][gc,heap     ] GC(1692) Archive regions: 2->2
[100.454s][info][gc,heap     ] GC(1692) Humongous regions: 0->0
[100.454s][info][gc,metaspace] GC(1692) Metaspace: 615K(832K)->615K(832K) NonClass: 597K(704K)->597K(704K) Class: 17K(128K)->17K(128K)
[100.455s][info][gc          ] GC(1692) Pause Young (Normal) (G1 Evacuation Pause) 155M->6M(256M) 8.109ms
[100.456s][info][gc,cpu      ] GC(1692) User=0.00s Sys=0.00s Real=0.00s
[100.519s][info][gc,start    ] GC(1693) Pause Young (Normal) (G1 Evacuation Pause)
[100.520s][info][gc,task     ] GC(1693) Using 6 workers of 8 for evacuation
[100.525s][info][gc,phases   ] GC(1693)   Pre Evacuate Collection Set: 0.3ms
[100.531s][info][gc,phases   ] GC(1693)   Merge Heap Roots: 0.2ms
[100.533s][info][gc,phases   ] GC(1693)   Evacuate Collection Set: 2.2ms
[100.534s][info][gc,phases   ] GC(1693)   Post Evacuate Collection Set: 1.7ms
[100.534s][info][gc,phases   ] GC(1693)   Other: 0.6ms
[100.535s][info][gc,heap     ] GC(1693) Eden regions: 149->0(149)
[100.536s][info][gc,heap     ] GC(1693) Survivor regions: 4->4(20)
[100.537s][info][gc,heap     ] GC(1693) Old regions: 2->2
[100.537s][info][gc,heap     ] GC(1693) Archive regions: 2->2
[100.537s][info][gc,heap     ] GC(1693) Humongous regions: 0->0
[100.540s][info][gc,metaspace] GC(1693) Metaspace: 615K(832K)->615K(832K) NonClass: 597K(704K)->597K(704K) Class: 17K(128K)->17K(128K)
[100.545s][info][gc          ] GC(1693) Pause Young (Normal) (G1 Evacuation Pause) 155M->5M(256M) 25.963ms
[100.546s][info][gc,cpu      ] GC(1693) User=0.01s Sys=0.00s Real=0.02s
[100.600s][info][gc,start    ] GC(1694) Pause Young (Normal) (G1 Evacuation Pause)
[100.601s][info][gc,task     ] GC(1694) Using 6 workers of 8 for evacuation
[100.609s][info][gc,phases   ] GC(1694)   Pre Evacuate Collection Set: 0.5ms
[100.611s][info][gc,phases   ] GC(1694)   Merge Heap Roots: 0.5ms
[100.612s][info][gc,phases   ] GC(1694)   Evacuate Collection Set: 3.6ms
[100.613s][info][gc,phases   ] GC(1694)   Post Evacuate Collection Set: 1.7ms
[100.613s][info][gc,phases   ] GC(1694)   Other: 1.6ms
[100.614s][info][gc,heap     ] GC(1694) Eden regions: 149->0(150)
[100.614s][info][gc,heap     ] GC(1694) Survivor regions: 4->3(20)
[100.615s][info][gc,heap     ] GC(1694) Old regions: 2->2
[100.615s][info][gc,heap     ] GC(1694) Archive regions: 2->2
[100.615s][info][gc,heap     ] GC(1694) Humongous regions: 0->0
[100.616s][info][gc,metaspace] GC(1694) Metaspace: 615K(832K)->615K(832K) NonClass: 597K(704K)->597K(704K) Class: 17K(128K)->17K(128K)
[100.617s][info][gc          ] GC(1694) Pause Young (Normal) (G1 Evacuation Pause) 154M->5M(256M) 16.340ms
[100.617s][info][gc,cpu      ] GC(1694) User=0.01s Sys=0.01s Real=0.02s
[100.685s][info][gc,start    ] GC(1695) Pause Young (Normal) (G1 Evacuation Pause)
[100.685s][info][gc,task     ] GC(1695) Using 6 workers of 8 for evacuation
[100.689s][info][gc,phases   ] GC(1695)   Pre Evacuate Collection Set: 0.3ms
[100.690s][info][gc,phases   ] GC(1695)   Merge Heap Roots: 0.2ms
[100.691s][info][gc,phases   ] GC(1695)   Evacuate Collection Set: 1.4ms
[100.692s][info][gc,phases   ] GC(1695)   Post Evacuate Collection Set: 1.2ms
[100.693s][info][gc,phases   ] GC(1695)   Other: 0.6ms
[100.694s][info][gc,heap     ] GC(1695) Eden regions: 150->0(149)
[100.695s][info][gc,heap     ] GC(1695) Survivor regions: 3->4(20)
[100.695s][info][gc,heap     ] GC(1695) Old regions: 2->2
[100.695s][info][gc,heap     ] GC(1695) Archive regions: 2->2
[100.696s][info][gc,heap     ] GC(1695) Humongous regions: 0->0
[100.696s][info][gc,metaspace] GC(1695) Metaspace: 615K(832K)->615K(832K) NonClass: 597K(704K)->597K(704K) Class: 17K(128K)->17K(128K)
[100.696s][info][gc          ] GC(1695) Pause Young (Normal) (G1 Evacuation Pause) 155M->6M(256M) 11.645ms
[100.697s][info][gc,cpu      ] GC(1695) User=0.00s Sys=0.00s Real=0.02s
[100.737s][info][gc,start    ] GC(1696) Pause Young (Normal) (G1 Evacuation Pause)
[100.737s][info][gc,task     ] GC(1696) Using 6 workers of 8 for evacuation
[100.743s][info][gc,phases   ] GC(1696)   Pre Evacuate Collection Set: 0.3ms
[100.744s][info][gc,phases   ] GC(1696)   Merge Heap Roots: 0.4ms
[100.745s][info][gc,phases   ] GC(1696)   Evacuate Collection Set: 2.3ms
[100.746s][info][gc,phases   ] GC(1696)   Post Evacuate Collection Set: 1.8ms
[100.746s][info][gc,phases   ] GC(1696)   Other: 0.6ms
[100.746s][info][gc,heap     ] GC(1696) Eden regions: 149->0(149)
[100.747s][info][gc,heap     ] GC(1696) Survivor regions: 4->4(20)
[100.747s][info][gc,heap     ] GC(1696) Old regions: 2->2
[100.748s][info][gc,heap     ] GC(1696) Archive regions: 2->2
[100.748s][info][gc,heap     ] GC(1696) Humongous regions: 0->0
[100.748s][info][gc,metaspace] GC(1696) Metaspace: 615K(832K)->615K(832K) NonClass: 597K(704K)->597K(704K) Class: 17K(128K)->17K(128K)
[100.749s][info][gc          ] GC(1696) Pause Young (Normal) (G1 Evacuation Pause) 155M->6M(256M) 11.582ms
[100.749s][info][gc,cpu      ] GC(1696) User=0.02s Sys=0.00s Real=0.01s
[100.802s][info][gc,start    ] GC(1697) Pause Young (Normal) (G1 Evacuation Pause)
[100.802s][info][gc,task     ] GC(1697) Using 6 workers of 8 for evacuation
[100.806s][info][gc,phases   ] GC(1697)   Pre Evacuate Collection Set: 0.3ms
[100.807s][info][gc,phases   ] GC(1697)   Merge Heap Roots: 0.3ms
[100.808s][info][gc,phases   ] GC(1697)   Evacuate Collection Set: 1.1ms
[100.809s][info][gc,phases   ] GC(1697)   Post Evacuate Collection Set: 1.2ms
[100.810s][info][gc,phases   ] GC(1697)   Other: 0.6ms
[100.811s][info][gc,heap     ] GC(1697) Eden regions: 149->0(149)
[100.811s][info][gc,heap     ] GC(1697) Survivor regions: 4->4(20)
[100.811s][info][gc,heap     ] GC(1697) Old regions: 2->2
[100.812s][info][gc,heap     ] GC(1697) Archive regions: 2->2
[100.812s][info][gc,heap     ] GC(1697) Humongous regions: 0->0
[100.813s][info][gc,metaspace] GC(1697) Metaspace: 615K(832K)->615K(832K) NonClass: 597K(704K)->597K(704K) Class: 17K(128K)->17K(128K)
[100.813s][info][gc          ] GC(1697) Pause Young (Normal) (G1 Evacuation Pause) 155M->5M(256M) 11.148ms
[100.813s][info][gc,cpu      ] GC(1697) User=0.01s Sys=0.00s Real=0.01s
[100.869s][info][gc,start    ] GC(1698) Pause Young (Normal) (G1 Evacuation Pause)
[100.870s][info][gc,task     ] GC(1698) Using 6 workers of 8 for evacuation
[100.879s][info][gc,phases   ] GC(1698)   Pre Evacuate Collection Set: 0.5ms
[100.880s][info][gc,phases   ] GC(1698)   Merge Heap Roots: 0.2ms
[100.881s][info][gc,phases   ] GC(1698)   Evacuate Collection Set: 6.5ms
[100.881s][info][gc,phases   ] GC(1698)   Post Evacuate Collection Set: 1.3ms
[100.881s][info][gc,phases   ] GC(1698)   Other: 0.9ms
[100.882s][info][gc,heap     ] GC(1698) Eden regions: 149->0(150)
[100.882s][info][gc,heap     ] GC(1698) Survivor regions: 4->3(20)
[100.882s][info][gc,heap     ] GC(1698) Old regions: 2->2
[100.883s][info][gc,heap     ] GC(1698) Archive regions: 2->2
[100.883s][info][gc,heap     ] GC(1698) Humongous regions: 0->0
[100.883s][info][gc,metaspace] GC(1698) Metaspace: 615K(832K)->615K(832K) NonClass: 597K(704K)->597K(704K) Class: 17K(128K)->17K(128K)
[100.884s][info][gc          ] GC(1698) Pause Young (Normal) (G1 Evacuation Pause) 154M->5M(256M) 14.472ms
[100.884s][info][gc,cpu      ] GC(1698) User=0.01s Sys=0.00s Real=0.01s
[100.943s][info][gc,start    ] GC(1699) Pause Young (Normal) (G1 Evacuation Pause)
[100.944s][info][gc,task     ] GC(1699) Using 6 workers of 8 for evacuation
[100.949s][info][gc,phases   ] GC(1699)   Pre Evacuate Collection Set: 0.3ms
[100.949s][info][gc,phases   ] GC(1699)   Merge Heap Roots: 0.3ms
[100.950s][info][gc,phases   ] GC(1699)   Evacuate Collection Set: 2.4ms
[100.950s][info][gc,phases   ] GC(1699)   Post Evacuate Collection Set: 1.1ms
[100.950s][info][gc,phases   ] GC(1699)   Other: 0.8ms
[100.951s][info][gc,heap     ] GC(1699) Eden regions: 150->0(149)
[100.951s][info][gc,heap     ] GC(1699) Survivor regions: 3->4(20)
[100.951s][info][gc,heap     ] GC(1699) Old regions: 2->2
[100.952s][info][gc,heap     ] GC(1699) Archive regions: 2->2
[100.952s][info][gc,heap     ] GC(1699) Humongous regions: 0->0
[100.952s][info][gc,metaspace] GC(1699) Metaspace: 615K(832K)->615K(832K) NonClass: 597K(704K)->597K(704K) Class: 17K(128K)->17K(128K)
[100.953s][info][gc          ] GC(1699) Pause Young (Normal) (G1 Evacuation Pause) 155M->6M(256M) 9.768ms
[100.953s][info][gc,cpu      ] GC(1699) User=0.01s Sys=0.00s Real=0.01s
[101.001s][info][gc,start    ] GC(1700) Pause Young (Normal) (G1 Evacuation Pause)
[101.001s][info][gc,task     ] GC(1700) Using 6 workers of 8 for evacuation
[101.008s][info][gc,phases   ] GC(1700)   Pre Evacuate Collection Set: 0.4ms
[101.010s][info][gc,phases   ] GC(1700)   Merge Heap Roots: 0.3ms
[101.011s][info][gc,phases   ] GC(1700)   Evacuate Collection Set: 2.1ms
[101.011s][info][gc,phases   ] GC(1700)   Post Evacuate Collection Set: 3.1ms
[101.012s][info][gc,phases   ] GC(1700)   Other: 0.6ms
[101.012s][info][gc,heap     ] GC(1700) Eden regions: 149->0(149)
[101.012s][info][gc,heap     ] GC(1700) Survivor regions: 4->4(20)
[101.013s][info][gc,heap     ] GC(1700) Old regions: 2->2
[101.013s][info][gc,heap     ] GC(1700) Archive regions: 2->2
[101.014s][info][gc,heap     ] GC(1700) Humongous regions: 0->0
[101.014s][info][gc,metaspace] GC(1700) Metaspace: 615K(832K)->615K(832K) NonClass: 597K(704K)->597K(704K) Class: 17K(128K)->17K(128K)
[101.014s][info][gc          ] GC(1700) Pause Young (Normal) (G1 Evacuation Pause) 155M->5M(256M) 13.485ms
[101.015s][info][gc,cpu      ] GC(1700) User=0.01s Sys=0.01s Real=0.01s
[101.063s][info][gc,start    ] GC(1701) Pause Young (Normal) (G1 Evacuation Pause)
[101.064s][info][gc,task     ] GC(1701) Using 6 workers of 8 for evacuation
[101.068s][info][gc,phases   ] GC(1701)   Pre Evacuate Collection Set: 0.3ms
[101.068s][info][gc,phases   ] GC(1701)   Merge Heap Roots: 0.5ms
[101.069s][info][gc,phases   ] GC(1701)   Evacuate Collection Set: 1.3ms
[101.069s][info][gc,phases   ] GC(1701)   Post Evacuate Collection Set: 1.1ms
[101.069s][info][gc,phases   ] GC(1701)   Other: 0.6ms
[101.070s][info][gc,heap     ] GC(1701) Eden regions: 149->0(149)
[101.070s][info][gc,heap     ] GC(1701) Survivor regions: 4->4(20)
[101.070s][info][gc,heap     ] GC(1701) Old regions: 2->2
[101.071s][info][gc,heap     ] GC(1701) Archive regions: 2->2
[101.073s][info][gc,heap     ] GC(1701) Humongous regions: 0->0
[101.075s][info][gc,metaspace] GC(1701) Metaspace: 615K(832K)->615K(832K) NonClass: 597K(704K)->597K(704K) Class: 17K(128K)->17K(128K)
[101.076s][info][gc          ] GC(1701) Pause Young (Normal) (G1 Evacuation Pause) 154M->5M(256M) 12.675ms
[101.077s][info][gc,cpu      ] GC(1701) User=0.00s Sys=0.01s Real=0.02s
[101.119s][info][gc,start    ] GC(1702) Pause Young (Normal) (G1 Evacuation Pause)
[101.120s][info][gc,task     ] GC(1702) Using 6 workers of 8 for evacuation
[101.123s][info][gc,phases   ] GC(1702)   Pre Evacuate Collection Set: 0.3ms
[101.125s][info][gc,phases   ] GC(1702)   Merge Heap Roots: 0.3ms
[101.126s][info][gc,phases   ] GC(1702)   Evacuate Collection Set: 1.0ms
[101.126s][info][gc,phases   ] GC(1702)   Post Evacuate Collection Set: 1.5ms
[101.127s][info][gc,phases   ] GC(1702)   Other: 0.6ms
[101.128s][info][gc,heap     ] GC(1702) Eden regions: 149->0(150)
[101.128s][info][gc,heap     ] GC(1702) Survivor regions: 4->3(20)
[101.129s][info][gc,heap     ] GC(1702) Old regions: 2->2
[101.129s][info][gc,heap     ] GC(1702) Archive regions: 2->2
[101.129s][info][gc,heap     ] GC(1702) Humongous regions: 0->0
[101.130s][info][gc,metaspace] GC(1702) Metaspace: 615K(832K)->615K(832K) NonClass: 597K(704K)->597K(704K) Class: 17K(128K)->17K(128K)
[101.130s][info][gc          ] GC(1702) Pause Young (Normal) (G1 Evacuation Pause) 154M->5M(256M) 11.082ms
[101.130s][info][gc,cpu      ] GC(1702) User=0.00s Sys=0.00s Real=0.01s
[101.179s][info][gc,start    ] GC(1703) Pause Young (Normal) (G1 Evacuation Pause)
[101.179s][info][gc,task     ] GC(1703) Using 6 workers of 8 for evacuation
[101.183s][info][gc,phases   ] GC(1703)   Pre Evacuate Collection Set: 0.3ms
[101.184s][info][gc,phases   ] GC(1703)   Merge Heap Roots: 0.3ms
[101.184s][info][gc,phases   ] GC(1703)   Evacuate Collection Set: 2.0ms
[101.185s][info][gc,phases   ] GC(1703)   Post Evacuate Collection Set: 1.0ms
[101.185s][info][gc,phases   ] GC(1703)   Other: 0.5ms
[101.186s][info][gc,heap     ] GC(1703) Eden regions: 150->0(149)
[101.186s][info][gc,heap     ] GC(1703) Survivor regions: 3->4(20)
[101.186s][info][gc,heap     ] GC(1703) Old regions: 2->2
[101.187s][info][gc,heap     ] GC(1703) Archive regions: 2->2
[101.187s][info][gc,heap     ] GC(1703) Humongous regions: 0->0
[101.188s][info][gc,metaspace] GC(1703) Metaspace: 615K(832K)->615K(832K) NonClass: 597K(704K)->597K(704K) Class: 17K(128K)->17K(128K)
[101.188s][info][gc          ] GC(1703) Pause Young (Normal) (G1 Evacuation Pause) 155M->6M(256M) 9.645ms
[101.189s][info][gc,cpu      ] GC(1703) User=0.01s Sys=0.00s Real=0.01s
[101.239s][info][gc,start    ] GC(1704) Pause Young (Normal) (G1 Evacuation Pause)
[101.244s][info][gc,task     ] GC(1704) Using 6 workers of 8 for evacuation
[101.247s][info][gc,phases   ] GC(1704)   Pre Evacuate Collection Set: 0.3ms
[101.248s][info][gc,phases   ] GC(1704)   Merge Heap Roots: 0.3ms
[101.248s][info][gc,phases   ] GC(1704)   Evacuate Collection Set: 1.0ms
[101.249s][info][gc,phases   ] GC(1704)   Post Evacuate Collection Set: 1.0ms
[101.249s][info][gc,phases   ] GC(1704)   Other: 1.0ms
[101.250s][info][gc,heap     ] GC(1704) Eden regions: 149->0(149)
[101.250s][info][gc,heap     ] GC(1704) Survivor regions: 4->4(20)
[101.250s][info][gc,heap     ] GC(1704) Old regions: 2->2
[101.251s][info][gc,heap     ] GC(1704) Archive regions: 2->2
[101.251s][info][gc,heap     ] GC(1704) Humongous regions: 0->0
[101.251s][info][gc,metaspace] GC(1704) Metaspace: 615K(832K)->615K(832K) NonClass: 597K(704K)->597K(704K) Class: 17K(128K)->17K(128K)
[101.252s][info][gc          ] GC(1704) Pause Young (Normal) (G1 Evacuation Pause) 155M->5M(256M) 12.699ms
[101.252s][info][gc,cpu      ] GC(1704) User=0.01s Sys=0.00s Real=0.01s
[101.308s][info][gc,start    ] GC(1705) Pause Young (Normal) (G1 Evacuation Pause)
[101.309s][info][gc,task     ] GC(1705) Using 6 workers of 8 for evacuation
[101.313s][info][gc,phases   ] GC(1705)   Pre Evacuate Collection Set: 0.4ms
[101.313s][info][gc,phases   ] GC(1705)   Merge Heap Roots: 0.3ms
[101.314s][info][gc,phases   ] GC(1705)   Evacuate Collection Set: 1.4ms
[101.314s][info][gc,phases   ] GC(1705)   Post Evacuate Collection Set: 1.2ms
[101.315s][info][gc,phases   ] GC(1705)   Other: 0.5ms
[101.315s][info][gc,heap     ] GC(1705) Eden regions: 149->0(150)
[101.315s][info][gc,heap     ] GC(1705) Survivor regions: 4->3(20)
[101.316s][info][gc,heap     ] GC(1705) Old regions: 2->2
[101.316s][info][gc,heap     ] GC(1705) Archive regions: 2->2
[101.316s][info][gc,heap     ] GC(1705) Humongous regions: 0->0
[101.317s][info][gc,metaspace] GC(1705) Metaspace: 615K(832K)->615K(832K) NonClass: 597K(704K)->597K(704K) Class: 17K(128K)->17K(128K)
[101.317s][info][gc          ] GC(1705) Pause Young (Normal) (G1 Evacuation Pause) 154M->5M(256M) 9.426ms
[101.318s][info][gc,cpu      ] GC(1705) User=0.00s Sys=0.00s Real=0.01s
[101.369s][info][gc,start    ] GC(1706) Pause Young (Normal) (G1 Evacuation Pause)
[101.369s][info][gc,task     ] GC(1706) Using 6 workers of 8 for evacuation
[101.373s][info][gc,phases   ] GC(1706)   Pre Evacuate Collection Set: 0.3ms
[101.374s][info][gc,phases   ] GC(1706)   Merge Heap Roots: 0.2ms
[101.374s][info][gc,phases   ] GC(1706)   Evacuate Collection Set: 1.1ms
[101.375s][info][gc,phases   ] GC(1706)   Post Evacuate Collection Set: 1.4ms
[101.376s][info][gc,phases   ] GC(1706)   Other: 0.6ms
[101.376s][info][gc,heap     ] GC(1706) Eden regions: 150->0(149)
[101.377s][info][gc,heap     ] GC(1706) Survivor regions: 3->4(20)
[101.377s][info][gc,heap     ] GC(1706) Old regions: 2->2
[101.378s][info][gc,heap     ] GC(1706) Archive regions: 2->2
[101.378s][info][gc,heap     ] GC(1706) Humongous regions: 0->0
[101.378s][info][gc,metaspace] GC(1706) Metaspace: 615K(832K)->615K(832K) NonClass: 597K(704K)->597K(704K) Class: 17K(128K)->17K(128K)
[101.379s][info][gc          ] GC(1706) Pause Young (Normal) (G1 Evacuation Pause) 155M->6M(256M) 10.060ms
[101.379s][info][gc,cpu      ] GC(1706) User=0.01s Sys=0.00s Real=0.01s
[101.429s][info][gc,start    ] GC(1707) Pause Young (Normal) (G1 Evacuation Pause)
[101.430s][info][gc,task     ] GC(1707) Using 6 workers of 8 for evacuation
[101.433s][info][gc,phases   ] GC(1707)   Pre Evacuate Collection Set: 0.3ms
[101.433s][info][gc,phases   ] GC(1707)   Merge Heap Roots: 0.3ms
[101.434s][info][gc,phases   ] GC(1707)   Evacuate Collection Set: 1.3ms
[101.434s][info][gc,phases   ] GC(1707)   Post Evacuate Collection Set: 0.8ms
[101.435s][info][gc,phases   ] GC(1707)   Other: 0.6ms
[101.436s][info][gc,heap     ] GC(1707) Eden regions: 149->0(149)
[101.436s][info][gc,heap     ] GC(1707) Survivor regions: 4->4(20)
[101.437s][info][gc,heap     ] GC(1707) Old regions: 2->2
[101.437s][info][gc,heap     ] GC(1707) Archive regions: 2->2
[101.437s][info][gc,heap     ] GC(1707) Humongous regions: 0->0
[101.438s][info][gc,metaspace] GC(1707) Metaspace: 615K(832K)->615K(832K) NonClass: 597K(704K)->597K(704K) Class: 17K(128K)->17K(128K)
[101.439s][info][gc          ] GC(1707) Pause Young (Normal) (G1 Evacuation Pause) 155M->5M(256M) 9.936ms
[101.440s][info][gc,cpu      ] GC(1707) User=0.01s Sys=0.00s Real=0.01s
[101.487s][info][gc,start    ] GC(1708) Pause Young (Normal) (G1 Evacuation Pause)
[101.487s][info][gc,task     ] GC(1708) Using 6 workers of 8 for evacuation
[101.494s][info][gc,phases   ] GC(1708)   Pre Evacuate Collection Set: 0.5ms
[101.495s][info][gc,phases   ] GC(1708)   Merge Heap Roots: 0.4ms
[101.495s][info][gc,phases   ] GC(1708)   Evacuate Collection Set: 3.1ms
[101.496s][info][gc,phases   ] GC(1708)   Post Evacuate Collection Set: 1.2ms
[101.496s][info][gc,phases   ] GC(1708)   Other: 1.4ms
[101.496s][info][gc,heap     ] GC(1708) Eden regions: 149->0(150)
[101.497s][info][gc,heap     ] GC(1708) Survivor regions: 4->3(20)
[101.497s][info][gc,heap     ] GC(1708) Old regions: 2->2
[101.497s][info][gc,heap     ] GC(1708) Archive regions: 2->2
[101.498s][info][gc,heap     ] GC(1708) Humongous regions: 0->0
[101.498s][info][gc,metaspace] GC(1708) Metaspace: 615K(832K)->615K(832K) NonClass: 597K(704K)->597K(704K) Class: 17K(128K)->17K(128K)
[101.499s][info][gc          ] GC(1708) Pause Young (Normal) (G1 Evacuation Pause) 154M->5M(256M) 11.771ms
[101.499s][info][gc,cpu      ] GC(1708) User=0.01s Sys=0.00s Real=0.01s
[101.546s][info][gc,start    ] GC(1709) Pause Young (Normal) (G1 Evacuation Pause)
[101.547s][info][gc,task     ] GC(1709) Using 6 workers of 8 for evacuation
[101.550s][info][gc,phases   ] GC(1709)   Pre Evacuate Collection Set: 0.4ms
[101.551s][info][gc,phases   ] GC(1709)   Merge Heap Roots: 0.3ms
[101.551s][info][gc,phases   ] GC(1709)   Evacuate Collection Set: 1.2ms
[101.551s][info][gc,phases   ] GC(1709)   Post Evacuate Collection Set: 0.9ms
[101.552s][info][gc,phases   ] GC(1709)   Other: 0.5ms
[101.552s][info][gc,heap     ] GC(1709) Eden regions: 150->0(149)
[101.553s][info][gc,heap     ] GC(1709) Survivor regions: 3->4(20)
[101.553s][info][gc,heap     ] GC(1709) Old regions: 2->2
[101.553s][info][gc,heap     ] GC(1709) Archive regions: 2->2
[101.554s][info][gc,heap     ] GC(1709) Humongous regions: 0->0
[101.554s][info][gc,metaspace] GC(1709) Metaspace: 615K(832K)->615K(832K) NonClass: 597K(704K)->597K(704K) Class: 17K(128K)->17K(128K)
[101.557s][info][gc          ] GC(1709) Pause Young (Normal) (G1 Evacuation Pause) 155M->6M(256M) 11.031ms
[101.560s][info][gc,cpu      ] GC(1709) User=0.00s Sys=0.00s Real=0.02s
[101.610s][info][gc,start    ] GC(1710) Pause Young (Normal) (G1 Evacuation Pause)
[101.611s][info][gc,task     ] GC(1710) Using 6 workers of 8 for evacuation
[101.628s][info][gc,phases   ] GC(1710)   Pre Evacuate Collection Set: 0.3ms
[101.628s][info][gc,phases   ] GC(1710)   Merge Heap Roots: 0.2ms
[101.628s][info][gc,phases   ] GC(1710)   Evacuate Collection Set: 13.6ms
[101.629s][info][gc,phases   ] GC(1710)   Post Evacuate Collection Set: 1.4ms
[101.629s][info][gc,phases   ] GC(1710)   Other: 0.6ms
[101.629s][info][gc,heap     ] GC(1710) Eden regions: 149->0(149)
[101.630s][info][gc,heap     ] GC(1710) Survivor regions: 4->4(20)
[101.630s][info][gc,heap     ] GC(1710) Old regions: 2->2
[101.630s][info][gc,heap     ] GC(1710) Archive regions: 2->2
[101.631s][info][gc,heap     ] GC(1710) Humongous regions: 0->0
[101.631s][info][gc,metaspace] GC(1710) Metaspace: 615K(832K)->615K(832K) NonClass: 597K(704K)->597K(704K) Class: 17K(128K)->17K(128K)
[101.631s][info][gc          ] GC(1710) Pause Young (Normal) (G1 Evacuation Pause) 155M->6M(256M) 21.370ms
[101.632s][info][gc,cpu      ] GC(1710) User=0.03s Sys=0.00s Real=0.02s
[101.711s][info][gc,start    ] GC(1711) Pause Young (Normal) (G1 Evacuation Pause)
[101.720s][info][gc,task     ] GC(1711) Using 6 workers of 8 for evacuation
[101.734s][info][gc,phases   ] GC(1711)   Pre Evacuate Collection Set: 0.3ms
[101.742s][info][gc,phases   ] GC(1711)   Merge Heap Roots: 0.3ms
[101.743s][info][gc,phases   ] GC(1711)   Evacuate Collection Set: 1.1ms
[101.744s][info][gc,phases   ] GC(1711)   Post Evacuate Collection Set: 0.9ms
[101.745s][info][gc,phases   ] GC(1711)   Other: 11.0ms
[101.745s][info][gc,heap     ] GC(1711) Eden regions: 149->0(149)
[101.746s][info][gc,heap     ] GC(1711) Survivor regions: 4->4(20)
[101.746s][info][gc,heap     ] GC(1711) Old regions: 2->2
[101.746s][info][gc,heap     ] GC(1711) Archive regions: 2->2
[101.747s][info][gc,heap     ] GC(1711) Humongous regions: 0->0
[101.747s][info][gc,metaspace] GC(1711) Metaspace: 615K(832K)->615K(832K) NonClass: 597K(704K)->597K(704K) Class: 17K(128K)->17K(128K)
[101.747s][info][gc          ] GC(1711) Pause Young (Normal) (G1 Evacuation Pause) 155M->5M(256M) 36.657ms
[101.748s][info][gc,cpu      ] GC(1711) User=0.01s Sys=0.01s Real=0.04s
[101.801s][info][gc,start    ] GC(1712) Pause Young (Normal) (G1 Evacuation Pause)
[101.802s][info][gc,task     ] GC(1712) Using 6 workers of 8 for evacuation
[101.805s][info][gc,phases   ] GC(1712)   Pre Evacuate Collection Set: 0.3ms
[101.806s][info][gc,phases   ] GC(1712)   Merge Heap Roots: 0.3ms
[101.807s][info][gc,phases   ] GC(1712)   Evacuate Collection Set: 0.8ms
[101.807s][info][gc,phases   ] GC(1712)   Post Evacuate Collection Set: 1.0ms
[101.808s][info][gc,phases   ] GC(1712)   Other: 0.5ms
[101.808s][info][gc,heap     ] GC(1712) Eden regions: 149->0(150)
[101.809s][info][gc,heap     ] GC(1712) Survivor regions: 4->3(20)
[101.810s][info][gc,heap     ] GC(1712) Old regions: 2->2
[101.810s][info][gc,heap     ] GC(1712) Archive regions: 2->2
[101.811s][info][gc,heap     ] GC(1712) Humongous regions: 0->0
[101.811s][info][gc,metaspace] GC(1712) Metaspace: 615K(832K)->615K(832K) NonClass: 597K(704K)->597K(704K) Class: 17K(128K)->17K(128K)
[101.812s][info][gc          ] GC(1712) Pause Young (Normal) (G1 Evacuation Pause) 154M->5M(256M) 10.260ms
[101.812s][info][gc,cpu      ] GC(1712) User=0.01s Sys=0.00s Real=0.01s
[101.852s][info][gc,start    ] GC(1713) Pause Young (Normal) (G1 Evacuation Pause)
[101.853s][info][gc,task     ] GC(1713) Using 6 workers of 8 for evacuation
[101.857s][info][gc,phases   ] GC(1713)   Pre Evacuate Collection Set: 0.3ms
[101.858s][info][gc,phases   ] GC(1713)   Merge Heap Roots: 0.3ms
[101.859s][info][gc,phases   ] GC(1713)   Evacuate Collection Set: 1.4ms
[101.860s][info][gc,phases   ] GC(1713)   Post Evacuate Collection Set: 1.7ms
[101.861s][info][gc,phases   ] GC(1713)   Other: 0.5ms
[101.861s][info][gc,heap     ] GC(1713) Eden regions: 150->0(149)
[101.862s][info][gc,heap     ] GC(1713) Survivor regions: 3->4(20)
[101.862s][info][gc,heap     ] GC(1713) Old regions: 2->2
[101.862s][info][gc,heap     ] GC(1713) Archive regions: 2->2
[101.863s][info][gc,heap     ] GC(1713) Humongous regions: 0->0
[101.863s][info][gc,metaspace] GC(1713) Metaspace: 615K(832K)->615K(832K) NonClass: 597K(704K)->597K(704K) Class: 17K(128K)->17K(128K)
[101.864s][info][gc          ] GC(1713) Pause Young (Normal) (G1 Evacuation Pause) 155M->6M(256M) 11.575ms
[101.864s][info][gc,cpu      ] GC(1713) User=0.00s Sys=0.01s Real=0.01s
[101.903s][info][gc,start    ] GC(1714) Pause Young (Normal) (G1 Evacuation Pause)
[101.904s][info][gc,task     ] GC(1714) Using 6 workers of 8 for evacuation
[101.908s][info][gc,phases   ] GC(1714)   Pre Evacuate Collection Set: 0.3ms
[101.909s][info][gc,phases   ] GC(1714)   Merge Heap Roots: 0.3ms
[101.910s][info][gc,phases   ] GC(1714)   Evacuate Collection Set: 2.2ms
[101.911s][info][gc,phases   ] GC(1714)   Post Evacuate Collection Set: 1.3ms
[101.912s][info][gc,phases   ] GC(1714)   Other: 0.7ms
[101.912s][info][gc,heap     ] GC(1714) Eden regions: 149->0(149)
[101.912s][info][gc,heap     ] GC(1714) Survivor regions: 4->4(20)
[101.913s][info][gc,heap     ] GC(1714) Old regions: 2->2
[101.913s][info][gc,heap     ] GC(1714) Archive regions: 2->2
[101.914s][info][gc,heap     ] GC(1714) Humongous regions: 0->0
[101.914s][info][gc,metaspace] GC(1714) Metaspace: 615K(832K)->615K(832K) NonClass: 597K(704K)->597K(704K) Class: 17K(128K)->17K(128K)
[101.914s][info][gc          ] GC(1714) Pause Young (Normal) (G1 Evacuation Pause) 155M->5M(256M) 11.268ms
[101.915s][info][gc,cpu      ] GC(1714) User=0.00s Sys=0.01s Real=0.01s
[101.954s][info][gc,start    ] GC(1715) Pause Young (Normal) (G1 Evacuation Pause)
[101.955s][info][gc,task     ] GC(1715) Using 6 workers of 8 for evacuation
[101.960s][info][gc,phases   ] GC(1715)   Pre Evacuate Collection Set: 0.6ms
[101.961s][info][gc,phases   ] GC(1715)   Merge Heap Roots: 0.4ms
[101.962s][info][gc,phases   ] GC(1715)   Evacuate Collection Set: 2.2ms
[101.962s][info][gc,phases   ] GC(1715)   Post Evacuate Collection Set: 1.0ms
[101.963s][info][gc,phases   ] GC(1715)   Other: 1.2ms
[101.963s][info][gc,heap     ] GC(1715) Eden regions: 149->0(149)
[101.963s][info][gc,heap     ] GC(1715) Survivor regions: 4->4(20)
[101.964s][info][gc,heap     ] GC(1715) Old regions: 2->2
[101.964s][info][gc,heap     ] GC(1715) Archive regions: 2->2
[101.965s][info][gc,heap     ] GC(1715) Humongous regions: 0->0
[101.965s][info][gc,metaspace] GC(1715) Metaspace: 615K(832K)->615K(832K) NonClass: 597K(704K)->597K(704K) Class: 17K(128K)->17K(128K)
[101.965s][info][gc          ] GC(1715) Pause Young (Normal) (G1 Evacuation Pause) 154M->5M(256M) 11.327ms
[101.966s][info][gc,cpu      ] GC(1715) User=0.02s Sys=0.00s Real=0.01s
[102.013s][info][gc,start    ] GC(1716) Pause Young (Normal) (G1 Evacuation Pause)
[102.013s][info][gc,task     ] GC(1716) Using 6 workers of 8 for evacuation
[102.016s][info][gc,phases   ] GC(1716)   Pre Evacuate Collection Set: 0.2ms
[102.016s][info][gc,phases   ] GC(1716)   Merge Heap Roots: 0.2ms
[102.017s][info][gc,phases   ] GC(1716)   Evacuate Collection Set: 1.1ms
[102.017s][info][gc,phases   ] GC(1716)   Post Evacuate Collection Set: 0.7ms
[102.017s][info][gc,phases   ] GC(1716)   Other: 0.4ms
[102.017s][info][gc,heap     ] GC(1716) Eden regions: 149->0(150)
[102.018s][info][gc,heap     ] GC(1716) Survivor regions: 4->3(20)
[102.018s][info][gc,heap     ] GC(1716) Old regions: 2->2
[102.018s][info][gc,heap     ] GC(1716) Archive regions: 2->2
[102.019s][info][gc,heap     ] GC(1716) Humongous regions: 0->0
[102.019s][info][gc,metaspace] GC(1716) Metaspace: 615K(832K)->615K(832K) NonClass: 597K(704K)->597K(704K) Class: 17K(128K)->17K(128K)
[102.019s][info][gc          ] GC(1716) Pause Young (Normal) (G1 Evacuation Pause) 154M->5M(256M) 6.593ms
[102.020s][info][gc,cpu      ] GC(1716) User=0.01s Sys=0.00s Real=0.01s
[102.063s][info][gc,start    ] GC(1717) Pause Young (Normal) (G1 Evacuation Pause)
[102.063s][info][gc,task     ] GC(1717) Using 6 workers of 8 for evacuation
[102.065s][info][gc,phases   ] GC(1717)   Pre Evacuate Collection Set: 0.2ms
[102.066s][info][gc,phases   ] GC(1717)   Merge Heap Roots: 0.3ms
[102.066s][info][gc,phases   ] GC(1717)   Evacuate Collection Set: 0.9ms
[102.066s][info][gc,phases   ] GC(1717)   Post Evacuate Collection Set: 0.7ms
[102.067s][info][gc,phases   ] GC(1717)   Other: 0.4ms
[102.067s][info][gc,heap     ] GC(1717) Eden regions: 150->0(149)
[102.067s][info][gc,heap     ] GC(1717) Survivor regions: 3->4(20)
[102.068s][info][gc,heap     ] GC(1717) Old regions: 2->2
[102.068s][info][gc,heap     ] GC(1717) Archive regions: 2->2
[102.068s][info][gc,heap     ] GC(1717) Humongous regions: 0->0
[102.069s][info][gc,metaspace] GC(1717) Metaspace: 615K(832K)->615K(832K) NonClass: 597K(704K)->597K(704K) Class: 17K(128K)->17K(128K)
[102.069s][info][gc          ] GC(1717) Pause Young (Normal) (G1 Evacuation Pause) 155M->6M(256M) 6.564ms
[102.069s][info][gc,cpu      ] GC(1717) User=0.01s Sys=0.01s Real=0.01s
[102.110s][info][gc,start    ] GC(1718) Pause Young (Normal) (G1 Evacuation Pause)
[102.111s][info][gc,task     ] GC(1718) Using 6 workers of 8 for evacuation
[102.114s][info][gc,phases   ] GC(1718)   Pre Evacuate Collection Set: 0.3ms
[102.115s][info][gc,phases   ] GC(1718)   Merge Heap Roots: 0.2ms
[102.115s][info][gc,phases   ] GC(1718)   Evacuate Collection Set: 1.2ms
[102.115s][info][gc,phases   ] GC(1718)   Post Evacuate Collection Set: 0.8ms
[102.116s][info][gc,phases   ] GC(1718)   Other: 0.6ms
[102.116s][info][gc,heap     ] GC(1718) Eden regions: 149->0(149)
[102.116s][info][gc,heap     ] GC(1718) Survivor regions: 4->4(20)
[102.117s][info][gc,heap     ] GC(1718) Old regions: 2->2
[102.117s][info][gc,heap     ] GC(1718) Archive regions: 2->2
[102.117s][info][gc,heap     ] GC(1718) Humongous regions: 0->0
[102.117s][info][gc,metaspace] GC(1718) Metaspace: 615K(832K)->615K(832K) NonClass: 597K(704K)->597K(704K) Class: 17K(128K)->17K(128K)
[102.118s][info][gc          ] GC(1718) Pause Young (Normal) (G1 Evacuation Pause) 155M->5M(256M) 7.470ms
[102.118s][info][gc,cpu      ] GC(1718) User=0.01s Sys=0.00s Real=0.01s
[102.159s][info][gc,start    ] GC(1719) Pause Young (Normal) (G1 Evacuation Pause)
[102.160s][info][gc,task     ] GC(1719) Using 6 workers of 8 for evacuation
[102.163s][info][gc,phases   ] GC(1719)   Pre Evacuate Collection Set: 0.3ms
[102.163s][info][gc,phases   ] GC(1719)   Merge Heap Roots: 0.2ms
[102.164s][info][gc,phases   ] GC(1719)   Evacuate Collection Set: 1.2ms
[102.164s][info][gc,phases   ] GC(1719)   Post Evacuate Collection Set: 0.8ms
[102.164s][info][gc,phases   ] GC(1719)   Other: 0.5ms
[102.164s][info][gc,heap     ] GC(1719) Eden regions: 149->0(150)
[102.165s][info][gc,heap     ] GC(1719) Survivor regions: 4->3(20)
[102.165s][info][gc,heap     ] GC(1719) Old regions: 2->2
[102.165s][info][gc,heap     ] GC(1719) Archive regions: 2->2
[102.165s][info][gc,heap     ] GC(1719) Humongous regions: 0->0
[102.166s][info][gc,metaspace] GC(1719) Metaspace: 615K(832K)->615K(832K) NonClass: 597K(704K)->597K(704K) Class: 17K(128K)->17K(128K)
[102.166s][info][gc          ] GC(1719) Pause Young (Normal) (G1 Evacuation Pause) 154M->5M(256M) 6.514ms
[102.166s][info][gc,cpu      ] GC(1719) User=0.00s Sys=0.00s Real=0.00s
[102.205s][info][gc,start    ] GC(1720) Pause Young (Normal) (G1 Evacuation Pause)
[102.206s][info][gc,task     ] GC(1720) Using 6 workers of 8 for evacuation
[102.212s][info][gc,phases   ] GC(1720)   Pre Evacuate Collection Set: 1.2ms
[102.212s][info][gc,phases   ] GC(1720)   Merge Heap Roots: 0.6ms
[102.212s][info][gc,phases   ] GC(1720)   Evacuate Collection Set: 1.9ms
[102.213s][info][gc,phases   ] GC(1720)   Post Evacuate Collection Set: 0.9ms
[102.213s][info][gc,phases   ] GC(1720)   Other: 1.1ms
[102.213s][info][gc,heap     ] GC(1720) Eden regions: 150->0(149)
[102.213s][info][gc,heap     ] GC(1720) Survivor regions: 3->4(20)
[102.213s][info][gc,heap     ] GC(1720) Old regions: 2->2
[102.214s][info][gc,heap     ] GC(1720) Archive regions: 2->2
[102.214s][info][gc,heap     ] GC(1720) Humongous regions: 0->0
[102.214s][info][gc,metaspace] GC(1720) Metaspace: 615K(832K)->615K(832K) NonClass: 597K(704K)->597K(704K) Class: 17K(128K)->17K(128K)
[102.215s][info][gc          ] GC(1720) Pause Young (Normal) (G1 Evacuation Pause) 155M->6M(256M) 9.672ms
[102.215s][info][gc,cpu      ] GC(1720) User=0.01s Sys=0.00s Real=0.01s
[102.261s][info][gc,start    ] GC(1721) Pause Young (Normal) (G1 Evacuation Pause)
[102.262s][info][gc,task     ] GC(1721) Using 6 workers of 8 for evacuation
[102.266s][info][gc,phases   ] GC(1721)   Pre Evacuate Collection Set: 0.2ms
[102.266s][info][gc,phases   ] GC(1721)   Merge Heap Roots: 0.4ms
[102.266s][info][gc,phases   ] GC(1721)   Evacuate Collection Set: 1.4ms
[102.267s][info][gc,phases   ] GC(1721)   Post Evacuate Collection Set: 0.8ms
[102.267s][info][gc,phases   ] GC(1721)   Other: 0.5ms
[102.267s][info][gc,heap     ] GC(1721) Eden regions: 149->0(149)
[102.268s][info][gc,heap     ] GC(1721) Survivor regions: 4->4(20)
[102.268s][info][gc,heap     ] GC(1721) Old regions: 2->2
[102.268s][info][gc,heap     ] GC(1721) Archive regions: 2->2
[102.269s][info][gc,heap     ] GC(1721) Humongous regions: 0->0
[102.269s][info][gc,metaspace] GC(1721) Metaspace: 615K(832K)->615K(832K) NonClass: 597K(704K)->597K(704K) Class: 17K(128K)->17K(128K)
[102.269s][info][gc          ] GC(1721) Pause Young (Normal) (G1 Evacuation Pause) 155M->6M(256M) 7.887ms
[102.270s][info][gc,cpu      ] GC(1721) User=0.01s Sys=0.00s Real=0.01s
[102.313s][info][gc,start    ] GC(1722) Pause Young (Normal) (G1 Evacuation Pause)
[102.313s][info][gc,task     ] GC(1722) Using 6 workers of 8 for evacuation
[102.315s][info][gc,phases   ] GC(1722)   Pre Evacuate Collection Set: 0.2ms
[102.316s][info][gc,phases   ] GC(1722)   Merge Heap Roots: 0.2ms
[102.316s][info][gc,phases   ] GC(1722)   Evacuate Collection Set: 0.8ms
[102.317s][info][gc,phases   ] GC(1722)   Post Evacuate Collection Set: 0.8ms
[102.317s][info][gc,phases   ] GC(1722)   Other: 0.4ms
[102.317s][info][gc,heap     ] GC(1722) Eden regions: 149->0(149)
[102.318s][info][gc,heap     ] GC(1722) Survivor regions: 4->4(20)
[102.318s][info][gc,heap     ] GC(1722) Old regions: 2->2
[102.318s][info][gc,heap     ] GC(1722) Archive regions: 2->2
[102.318s][info][gc,heap     ] GC(1722) Humongous regions: 0->0
[102.319s][info][gc,metaspace] GC(1722) Metaspace: 615K(832K)->615K(832K) NonClass: 597K(704K)->597K(704K) Class: 17K(128K)->17K(128K)
[102.319s][info][gc          ] GC(1722) Pause Young (Normal) (G1 Evacuation Pause) 155M->5M(256M) 6.544ms
[102.320s][info][gc,cpu      ] GC(1722) User=0.00s Sys=0.01s Real=0.01s
[102.360s][info][gc,start    ] GC(1723) Pause Young (Normal) (G1 Evacuation Pause)
[102.361s][info][gc,task     ] GC(1723) Using 6 workers of 8 for evacuation
[102.364s][info][gc,phases   ] GC(1723)   Pre Evacuate Collection Set: 0.3ms
[102.364s][info][gc,phases   ] GC(1723)   Merge Heap Roots: 0.2ms
[102.365s][info][gc,phases   ] GC(1723)   Evacuate Collection Set: 1.1ms
[102.365s][info][gc,phases   ] GC(1723)   Post Evacuate Collection Set: 0.8ms
[102.366s][info][gc,phases   ] GC(1723)   Other: 0.8ms
[102.366s][info][gc,heap     ] GC(1723) Eden regions: 149->0(150)
[102.366s][info][gc,heap     ] GC(1723) Survivor regions: 4->3(20)
[102.367s][info][gc,heap     ] GC(1723) Old regions: 2->2
[102.367s][info][gc,heap     ] GC(1723) Archive regions: 2->2
[102.367s][info][gc,heap     ] GC(1723) Humongous regions: 0->0
[102.368s][info][gc,metaspace] GC(1723) Metaspace: 615K(832K)->615K(832K) NonClass: 597K(704K)->597K(704K) Class: 17K(128K)->17K(128K)
[102.368s][info][gc          ] GC(1723) Pause Young (Normal) (G1 Evacuation Pause) 154M->5M(256M) 7.991ms
[102.368s][info][gc,cpu      ] GC(1723) User=0.00s Sys=0.00s Real=0.01s
[102.407s][info][gc,start    ] GC(1724) Pause Young (Normal) (G1 Evacuation Pause)
[102.408s][info][gc,task     ] GC(1724) Using 6 workers of 8 for evacuation
[102.412s][info][gc,phases   ] GC(1724)   Pre Evacuate Collection Set: 0.4ms
[102.412s][info][gc,phases   ] GC(1724)   Merge Heap Roots: 0.3ms
[102.413s][info][gc,phases   ] GC(1724)   Evacuate Collection Set: 1.2ms
[102.413s][info][gc,phases   ] GC(1724)   Post Evacuate Collection Set: 0.9ms
[102.413s][info][gc,phases   ] GC(1724)   Other: 1.1ms
[102.413s][info][gc,heap     ] GC(1724) Eden regions: 150->0(149)
[102.414s][info][gc,heap     ] GC(1724) Survivor regions: 3->4(20)
[102.414s][info][gc,heap     ] GC(1724) Old regions: 2->2
[102.414s][info][gc,heap     ] GC(1724) Archive regions: 2->2
[102.414s][info][gc,heap     ] GC(1724) Humongous regions: 0->0
[102.415s][info][gc,metaspace] GC(1724) Metaspace: 615K(832K)->615K(832K) NonClass: 597K(704K)->597K(704K) Class: 17K(128K)->17K(128K)
[102.415s][info][gc          ] GC(1724) Pause Young (Normal) (G1 Evacuation Pause) 155M->6M(256M) 7.745ms
[102.415s][info][gc,cpu      ] GC(1724) User=0.01s Sys=0.00s Real=0.00s
[102.453s][info][gc,start    ] GC(1725) Pause Young (Normal) (G1 Evacuation Pause)
[102.453s][info][gc,task     ] GC(1725) Using 6 workers of 8 for evacuation
[102.460s][info][gc,phases   ] GC(1725)   Pre Evacuate Collection Set: 0.2ms
[102.461s][info][gc,phases   ] GC(1725)   Merge Heap Roots: 0.3ms
[102.462s][info][gc,phases   ] GC(1725)   Evacuate Collection Set: 4.0ms
[102.462s][info][gc,phases   ] GC(1725)   Post Evacuate Collection Set: 1.5ms
[102.462s][info][gc,phases   ] GC(1725)   Other: 0.5ms
[102.463s][info][gc,heap     ] GC(1725) Eden regions: 149->0(149)
[102.463s][info][gc,heap     ] GC(1725) Survivor regions: 4->4(20)
[102.463s][info][gc,heap     ] GC(1725) Old regions: 2->2
[102.464s][info][gc,heap     ] GC(1725) Archive regions: 2->2
[102.464s][info][gc,heap     ] GC(1725) Humongous regions: 0->0
[102.464s][info][gc,metaspace] GC(1725) Metaspace: 615K(832K)->615K(832K) NonClass: 597K(704K)->597K(704K) Class: 17K(128K)->17K(128K)
[102.465s][info][gc          ] GC(1725) Pause Young (Normal) (G1 Evacuation Pause) 155M->5M(256M) 12.152ms
[102.465s][info][gc,cpu      ] GC(1725) User=0.00s Sys=0.01s Real=0.01s
[102.526s][info][gc,start    ] GC(1726) Pause Young (Normal) (G1 Evacuation Pause)
[102.530s][info][gc,task     ] GC(1726) Using 6 workers of 8 for evacuation
[102.532s][info][gc,phases   ] GC(1726)   Pre Evacuate Collection Set: 0.3ms
[102.533s][info][gc,phases   ] GC(1726)   Merge Heap Roots: 0.2ms
[102.533s][info][gc,phases   ] GC(1726)   Evacuate Collection Set: 0.7ms
[102.533s][info][gc,phases   ] GC(1726)   Post Evacuate Collection Set: 0.8ms
[102.534s][info][gc,phases   ] GC(1726)   Other: 0.6ms
[102.534s][info][gc,heap     ] GC(1726) Eden regions: 149->0(150)
[102.534s][info][gc,heap     ] GC(1726) Survivor regions: 4->3(20)
[102.534s][info][gc,heap     ] GC(1726) Old regions: 2->2
[102.535s][info][gc,heap     ] GC(1726) Archive regions: 2->2
[102.535s][info][gc,heap     ] GC(1726) Humongous regions: 0->0
[102.535s][info][gc,metaspace] GC(1726) Metaspace: 615K(832K)->615K(832K) NonClass: 597K(704K)->597K(704K) Class: 17K(128K)->17K(128K)
[102.536s][info][gc          ] GC(1726) Pause Young (Normal) (G1 Evacuation Pause) 154M->5M(256M) 9.134ms
[102.536s][info][gc,cpu      ] GC(1726) User=0.01s Sys=0.00s Real=0.01s
[102.584s][info][gc,start    ] GC(1727) Pause Young (Normal) (G1 Evacuation Pause)
[102.585s][info][gc,task     ] GC(1727) Using 6 workers of 8 for evacuation
[102.588s][info][gc,phases   ] GC(1727)   Pre Evacuate Collection Set: 0.3ms
[102.590s][info][gc,phases   ] GC(1727)   Merge Heap Roots: 0.7ms
[102.590s][info][gc,phases   ] GC(1727)   Evacuate Collection Set: 1.2ms
[102.591s][info][gc,phases   ] GC(1727)   Post Evacuate Collection Set: 1.0ms
[102.592s][info][gc,phases   ] GC(1727)   Other: 0.5ms
[102.592s][info][gc,heap     ] GC(1727) Eden regions: 150->0(149)
[102.593s][info][gc,heap     ] GC(1727) Survivor regions: 3->4(20)
[102.593s][info][gc,heap     ] GC(1727) Old regions: 2->2
[102.594s][info][gc,heap     ] GC(1727) Archive regions: 2->2
[102.594s][info][gc,heap     ] GC(1727) Humongous regions: 0->0
[102.594s][info][gc,metaspace] GC(1727) Metaspace: 615K(832K)->615K(832K) NonClass: 597K(704K)->597K(704K) Class: 17K(128K)->17K(128K)
[102.595s][info][gc          ] GC(1727) Pause Young (Normal) (G1 Evacuation Pause) 155M->6M(256M) 10.774ms
[102.595s][info][gc,cpu      ] GC(1727) User=0.00s Sys=0.00s Real=0.01s
[102.649s][info][gc,start    ] GC(1728) Pause Young (Normal) (G1 Evacuation Pause)
[102.650s][info][gc,task     ] GC(1728) Using 6 workers of 8 for evacuation
[102.654s][info][gc,phases   ] GC(1728)   Pre Evacuate Collection Set: 0.3ms
[102.655s][info][gc,phases   ] GC(1728)   Merge Heap Roots: 0.3ms
[102.655s][info][gc,phases   ] GC(1728)   Evacuate Collection Set: 2.0ms
[102.657s][info][gc,phases   ] GC(1728)   Post Evacuate Collection Set: 1.3ms
[102.658s][info][gc,phases   ] GC(1728)   Other: 0.6ms
[102.659s][info][gc,heap     ] GC(1728) Eden regions: 149->0(149)
[102.659s][info][gc,heap     ] GC(1728) Survivor regions: 4->4(20)
[102.660s][info][gc,heap     ] GC(1728) Old regions: 2->2
[102.661s][info][gc,heap     ] GC(1728) Archive regions: 2->2
[102.662s][info][gc,heap     ] GC(1728) Humongous regions: 0->0
[102.662s][info][gc,metaspace] GC(1728) Metaspace: 615K(832K)->615K(832K) NonClass: 597K(704K)->597K(704K) Class: 17K(128K)->17K(128K)
[102.663s][info][gc          ] GC(1728) Pause Young (Normal) (G1 Evacuation Pause) 155M->5M(256M) 13.542ms
[102.663s][info][gc,cpu      ] GC(1728) User=0.01s Sys=0.00s Real=0.01s
[102.711s][info][gc,start    ] GC(1729) Pause Young (Normal) (G1 Evacuation Pause)
[102.712s][info][gc,task     ] GC(1729) Using 6 workers of 8 for evacuation
[102.715s][info][gc,phases   ] GC(1729)   Pre Evacuate Collection Set: 0.2ms
[102.716s][info][gc,phases   ] GC(1729)   Merge Heap Roots: 0.2ms
[102.716s][info][gc,phases   ] GC(1729)   Evacuate Collection Set: 1.3ms
[102.717s][info][gc,phases   ] GC(1729)   Post Evacuate Collection Set: 1.0ms
[102.717s][info][gc,phases   ] GC(1729)   Other: 0.6ms
[102.718s][info][gc,heap     ] GC(1729) Eden regions: 149->0(150)
[102.718s][info][gc,heap     ] GC(1729) Survivor regions: 4->3(20)
[102.719s][info][gc,heap     ] GC(1729) Old regions: 2->2
[102.719s][info][gc,heap     ] GC(1729) Archive regions: 2->2
[102.720s][info][gc,heap     ] GC(1729) Humongous regions: 0->0
[102.720s][info][gc,metaspace] GC(1729) Metaspace: 615K(832K)->615K(832K) NonClass: 597K(704K)->597K(704K) Class: 17K(128K)->17K(128K)
[102.721s][info][gc          ] GC(1729) Pause Young (Normal) (G1 Evacuation Pause) 154M->5M(256M) 10.283ms
[102.723s][info][gc,cpu      ] GC(1729) User=0.01s Sys=0.00s Real=0.01s
[102.770s][info][gc,start    ] GC(1730) Pause Young (Normal) (G1 Evacuation Pause)
[102.770s][info][gc,task     ] GC(1730) Using 6 workers of 8 for evacuation
[102.775s][info][gc,phases   ] GC(1730)   Pre Evacuate Collection Set: 0.3ms
[102.776s][info][gc,phases   ] GC(1730)   Merge Heap Roots: 0.2ms
[102.777s][info][gc,phases   ] GC(1730)   Evacuate Collection Set: 1.9ms
[102.778s][info][gc,phases   ] GC(1730)   Post Evacuate Collection Set: 1.6ms
[102.778s][info][gc,phases   ] GC(1730)   Other: 0.7ms
[102.779s][info][gc,heap     ] GC(1730) Eden regions: 150->0(149)
[102.779s][info][gc,heap     ] GC(1730) Survivor regions: 3->4(20)
[102.780s][info][gc,heap     ] GC(1730) Old regions: 2->2
[102.780s][info][gc,heap     ] GC(1730) Archive regions: 2->2
[102.780s][info][gc,heap     ] GC(1730) Humongous regions: 0->0
[102.781s][info][gc,metaspace] GC(1730) Metaspace: 615K(832K)->615K(832K) NonClass: 597K(704K)->597K(704K) Class: 17K(128K)->17K(128K)
[102.781s][info][gc          ] GC(1730) Pause Young (Normal) (G1 Evacuation Pause) 155M->6M(256M) 11.386ms
[102.781s][info][gc,cpu      ] GC(1730) User=0.00s Sys=0.01s Real=0.01s
[102.831s][info][gc,start    ] GC(1731) Pause Young (Normal) (G1 Evacuation Pause)
[102.832s][info][gc,task     ] GC(1731) Using 6 workers of 8 for evacuation
[102.835s][info][gc,phases   ] GC(1731)   Pre Evacuate Collection Set: 0.3ms
[102.835s][info][gc,phases   ] GC(1731)   Merge Heap Roots: 0.2ms
[102.836s][info][gc,phases   ] GC(1731)   Evacuate Collection Set: 0.9ms
[102.836s][info][gc,phases   ] GC(1731)   Post Evacuate Collection Set: 1.0ms
[102.837s][info][gc,phases   ] GC(1731)   Other: 0.5ms
[102.837s][info][gc,heap     ] GC(1731) Eden regions: 149->0(149)
[102.837s][info][gc,heap     ] GC(1731) Survivor regions: 4->4(20)
[102.837s][info][gc,heap     ] GC(1731) Old regions: 2->2
[102.838s][info][gc,heap     ] GC(1731) Archive regions: 2->2
[102.838s][info][gc,heap     ] GC(1731) Humongous regions: 0->0
[102.839s][info][gc,metaspace] GC(1731) Metaspace: 615K(832K)->615K(832K) NonClass: 597K(704K)->597K(704K) Class: 17K(128K)->17K(128K)
[102.840s][info][gc          ] GC(1731) Pause Young (Normal) (G1 Evacuation Pause) 155M->6M(256M) 8.434ms
[102.841s][info][gc,cpu      ] GC(1731) User=0.01s Sys=0.00s Real=0.01s
[102.886s][info][gc,start    ] GC(1732) Pause Young (Normal) (G1 Evacuation Pause)
[102.886s][info][gc,task     ] GC(1732) Using 6 workers of 8 for evacuation
[102.891s][info][gc,phases   ] GC(1732)   Pre Evacuate Collection Set: 0.3ms
[102.892s][info][gc,phases   ] GC(1732)   Merge Heap Roots: 0.2ms
[102.893s][info][gc,phases   ] GC(1732)   Evacuate Collection Set: 1.4ms
[102.893s][info][gc,phases   ] GC(1732)   Post Evacuate Collection Set: 1.9ms
[102.894s][info][gc,phases   ] GC(1732)   Other: 0.5ms
[102.895s][info][gc,heap     ] GC(1732) Eden regions: 149->0(149)
[102.895s][info][gc,heap     ] GC(1732) Survivor regions: 4->4(20)
[102.895s][info][gc,heap     ] GC(1732) Old regions: 2->2
[102.896s][info][gc,heap     ] GC(1732) Archive regions: 2->2
[102.896s][info][gc,heap     ] GC(1732) Humongous regions: 0->0
[102.897s][info][gc,metaspace] GC(1732) Metaspace: 615K(832K)->615K(832K) NonClass: 597K(704K)->597K(704K) Class: 17K(128K)->17K(128K)
[102.897s][info][gc          ] GC(1732) Pause Young (Normal) (G1 Evacuation Pause) 155M->5M(256M) 11.154ms
[102.897s][info][gc,cpu      ] GC(1732) User=0.01s Sys=0.00s Real=0.02s
[102.946s][info][gc,start    ] GC(1733) Pause Young (Normal) (G1 Evacuation Pause)
[102.946s][info][gc,task     ] GC(1733) Using 6 workers of 8 for evacuation
[102.949s][info][gc,phases   ] GC(1733)   Pre Evacuate Collection Set: 0.3ms
[102.949s][info][gc,phases   ] GC(1733)   Merge Heap Roots: 0.3ms
[102.950s][info][gc,phases   ] GC(1733)   Evacuate Collection Set: 0.8ms
[102.950s][info][gc,phases   ] GC(1733)   Post Evacuate Collection Set: 0.9ms
[102.950s][info][gc,phases   ] GC(1733)   Other: 0.5ms
[102.951s][info][gc,heap     ] GC(1733) Eden regions: 149->0(150)
[102.951s][info][gc,heap     ] GC(1733) Survivor regions: 4->3(20)
[102.952s][info][gc,heap     ] GC(1733) Old regions: 2->2
[102.952s][info][gc,heap     ] GC(1733) Archive regions: 2->2
[102.952s][info][gc,heap     ] GC(1733) Humongous regions: 0->0
[102.953s][info][gc,metaspace] GC(1733) Metaspace: 615K(832K)->615K(832K) NonClass: 597K(704K)->597K(704K) Class: 17K(128K)->17K(128K)
[102.953s][info][gc          ] GC(1733) Pause Young (Normal) (G1 Evacuation Pause) 154M->5M(256M) 7.205ms
[102.953s][info][gc,cpu      ] GC(1733) User=0.01s Sys=0.00s Real=0.01s
[103.010s][info][gc,start    ] GC(1734) Pause Young (Normal) (G1 Evacuation Pause)
[103.011s][info][gc,task     ] GC(1734) Using 6 workers of 8 for evacuation
[103.014s][info][gc,phases   ] GC(1734)   Pre Evacuate Collection Set: 0.4ms
[103.015s][info][gc,phases   ] GC(1734)   Merge Heap Roots: 0.3ms
[103.015s][info][gc,phases   ] GC(1734)   Evacuate Collection Set: 1.2ms
[103.016s][info][gc,phases   ] GC(1734)   Post Evacuate Collection Set: 0.9ms
[103.016s][info][gc,phases   ] GC(1734)   Other: 0.9ms
[103.016s][info][gc,heap     ] GC(1734) Eden regions: 150->0(149)
[103.017s][info][gc,heap     ] GC(1734) Survivor regions: 3->4(20)
[103.017s][info][gc,heap     ] GC(1734) Old regions: 2->2
[103.017s][info][gc,heap     ] GC(1734) Archive regions: 2->2
[103.018s][info][gc,heap     ] GC(1734) Humongous regions: 0->0
[103.018s][info][gc,metaspace] GC(1734) Metaspace: 615K(832K)->615K(832K) NonClass: 597K(704K)->597K(704K) Class: 17K(128K)->17K(128K)
[103.018s][info][gc          ] GC(1734) Pause Young (Normal) (G1 Evacuation Pause) 155M->6M(256M) 8.524ms
[103.019s][info][gc,cpu      ] GC(1734) User=0.01s Sys=0.00s Real=0.01s
[103.076s][info][gc,start    ] GC(1735) Pause Young (Normal) (G1 Evacuation Pause)
[103.077s][info][gc,task     ] GC(1735) Using 6 workers of 8 for evacuation
[103.080s][info][gc,phases   ] GC(1735)   Pre Evacuate Collection Set: 0.3ms
[103.081s][info][gc,phases   ] GC(1735)   Merge Heap Roots: 0.2ms
[103.081s][info][gc,phases   ] GC(1735)   Evacuate Collection Set: 0.8ms
[103.082s][info][gc,phases   ] GC(1735)   Post Evacuate Collection Set: 1.0ms
[103.082s][info][gc,phases   ] GC(1735)   Other: 1.1ms
[103.083s][info][gc,heap     ] GC(1735) Eden regions: 149->0(149)
[103.083s][info][gc,heap     ] GC(1735) Survivor regions: 4->4(20)
[103.083s][info][gc,heap     ] GC(1735) Old regions: 2->2
[103.083s][info][gc,heap     ] GC(1735) Archive regions: 2->2
[103.084s][info][gc,heap     ] GC(1735) Humongous regions: 0->0
[103.084s][info][gc,metaspace] GC(1735) Metaspace: 615K(832K)->615K(832K) NonClass: 597K(704K)->597K(704K) Class: 17K(128K)->17K(128K)
[103.085s][info][gc          ] GC(1735) Pause Young (Normal) (G1 Evacuation Pause) 155M->6M(256M) 8.824ms
[103.085s][info][gc,cpu      ] GC(1735) User=0.00s Sys=0.00s Real=0.01s
[103.146s][info][gc,start    ] GC(1736) Pause Young (Normal) (G1 Evacuation Pause)
[103.146s][info][gc,task     ] GC(1736) Using 6 workers of 8 for evacuation
[103.149s][info][gc,phases   ] GC(1736)   Pre Evacuate Collection Set: 0.3ms
[103.151s][info][gc,phases   ] GC(1736)   Merge Heap Roots: 0.4ms
[103.152s][info][gc,phases   ] GC(1736)   Evacuate Collection Set: 0.8ms
[103.152s][info][gc,phases   ] GC(1736)   Post Evacuate Collection Set: 0.8ms
[103.153s][info][gc,phases   ] GC(1736)   Other: 0.6ms
[103.154s][info][gc,heap     ] GC(1736) Eden regions: 149->0(149)
[103.157s][info][gc,heap     ] GC(1736) Survivor regions: 4->4(20)
[103.161s][info][gc,heap     ] GC(1736) Old regions: 2->2
[103.163s][info][gc,heap     ] GC(1736) Archive regions: 2->2
[103.163s][info][gc,heap     ] GC(1736) Humongous regions: 0->0
[103.163s][info][gc,metaspace] GC(1736) Metaspace: 615K(832K)->615K(832K) NonClass: 597K(704K)->597K(704K) Class: 17K(128K)->17K(128K)
[103.164s][info][gc          ] GC(1736) Pause Young (Normal) (G1 Evacuation Pause) 155M->5M(256M) 17.973ms
[103.164s][info][gc,cpu      ] GC(1736) User=0.00s Sys=0.01s Real=0.02s
[103.228s][info][gc,start    ] GC(1737) Pause Young (Normal) (G1 Evacuation Pause)
[103.231s][info][gc,task     ] GC(1737) Using 6 workers of 8 for evacuation
[103.234s][info][gc,phases   ] GC(1737)   Pre Evacuate Collection Set: 0.4ms
[103.235s][info][gc,phases   ] GC(1737)   Merge Heap Roots: 0.2ms
[103.235s][info][gc,phases   ] GC(1737)   Evacuate Collection Set: 1.2ms
[103.235s][info][gc,phases   ] GC(1737)   Post Evacuate Collection Set: 0.9ms
[103.236s][info][gc,phases   ] GC(1737)   Other: 0.6ms
[103.236s][info][gc,heap     ] GC(1737) Eden regions: 149->0(150)
[103.237s][info][gc,heap     ] GC(1737) Survivor regions: 4->3(20)
[103.237s][info][gc,heap     ] GC(1737) Old regions: 2->2
[103.240s][info][gc,heap     ] GC(1737) Archive regions: 2->2
[103.242s][info][gc,heap     ] GC(1737) Humongous regions: 0->0
[103.243s][info][gc,metaspace] GC(1737) Metaspace: 615K(832K)->615K(832K) NonClass: 597K(704K)->597K(704K) Class: 17K(128K)->17K(128K)
[103.244s][info][gc          ] GC(1737) Pause Young (Normal) (G1 Evacuation Pause) 154M->5M(256M) 15.871ms
[103.245s][info][gc,cpu      ] GC(1737) User=0.00s Sys=0.00s Real=0.01s
[103.300s][info][gc,start    ] GC(1738) Pause Young (Normal) (G1 Evacuation Pause)
[103.301s][info][gc,task     ] GC(1738) Using 6 workers of 8 for evacuation
[103.304s][info][gc,phases   ] GC(1738)   Pre Evacuate Collection Set: 0.4ms
[103.305s][info][gc,phases   ] GC(1738)   Merge Heap Roots: 0.2ms
[103.305s][info][gc,phases   ] GC(1738)   Evacuate Collection Set: 1.5ms
[103.306s][info][gc,phases   ] GC(1738)   Post Evacuate Collection Set: 1.0ms
[103.307s][info][gc,phases   ] GC(1738)   Other: 0.4ms
[103.307s][info][gc,heap     ] GC(1738) Eden regions: 150->0(149)
[103.308s][info][gc,heap     ] GC(1738) Survivor regions: 3->4(20)
[103.309s][info][gc,heap     ] GC(1738) Old regions: 2->2
[103.309s][info][gc,heap     ] GC(1738) Archive regions: 2->2
[103.310s][info][gc,heap     ] GC(1738) Humongous regions: 0->0
[103.311s][info][gc,metaspace] GC(1738) Metaspace: 615K(832K)->615K(832K) NonClass: 597K(704K)->597K(704K) Class: 17K(128K)->17K(128K)
[103.311s][info][gc          ] GC(1738) Pause Young (Normal) (G1 Evacuation Pause) 155M->6M(256M) 10.890ms
[103.312s][info][gc,cpu      ] GC(1738) User=0.01s Sys=0.01s Real=0.01s
[103.361s][info][gc,start    ] GC(1739) Pause Young (Normal) (G1 Evacuation Pause)
[103.362s][info][gc,task     ] GC(1739) Using 6 workers of 8 for evacuation
[103.365s][info][gc,phases   ] GC(1739)   Pre Evacuate Collection Set: 0.3ms
[103.365s][info][gc,phases   ] GC(1739)   Merge Heap Roots: 0.3ms
[103.365s][info][gc,phases   ] GC(1739)   Evacuate Collection Set: 0.9ms
[103.365s][info][gc,phases   ] GC(1739)   Post Evacuate Collection Set: 0.7ms
[103.366s][info][gc,phases   ] GC(1739)   Other: 0.4ms
[103.366s][info][gc,heap     ] GC(1739) Eden regions: 149->0(149)
[103.366s][info][gc,heap     ] GC(1739) Survivor regions: 4->4(20)
[103.367s][info][gc,heap     ] GC(1739) Old regions: 2->2
[103.367s][info][gc,heap     ] GC(1739) Archive regions: 2->2
[103.367s][info][gc,heap     ] GC(1739) Humongous regions: 0->0
[103.368s][info][gc,metaspace] GC(1739) Metaspace: 615K(832K)->615K(832K) NonClass: 597K(704K)->597K(704K) Class: 17K(128K)->17K(128K)
[103.368s][info][gc          ] GC(1739) Pause Young (Normal) (G1 Evacuation Pause) 155M->5M(256M) 6.661ms
[103.368s][info][gc,cpu      ] GC(1739) User=0.00s Sys=0.00s Real=0.01s
[103.419s][info][gc,start    ] GC(1740) Pause Young (Normal) (G1 Evacuation Pause)
[103.419s][info][gc,task     ] GC(1740) Using 6 workers of 8 for evacuation
[103.423s][info][gc,phases   ] GC(1740)   Pre Evacuate Collection Set: 0.2ms
[103.424s][info][gc,phases   ] GC(1740)   Merge Heap Roots: 0.3ms
[103.424s][info][gc,phases   ] GC(1740)   Evacuate Collection Set: 1.2ms
[103.425s][info][gc,phases   ] GC(1740)   Post Evacuate Collection Set: 1.7ms
[103.426s][info][gc,phases   ] GC(1740)   Other: 0.5ms
[103.426s][info][gc,heap     ] GC(1740) Eden regions: 149->0(150)
[103.426s][info][gc,heap     ] GC(1740) Survivor regions: 4->3(20)
[103.427s][info][gc,heap     ] GC(1740) Old regions: 2->2
[103.427s][info][gc,heap     ] GC(1740) Archive regions: 2->2
[103.427s][info][gc,heap     ] GC(1740) Humongous regions: 0->0
[103.428s][info][gc,metaspace] GC(1740) Metaspace: 615K(832K)->615K(832K) NonClass: 597K(704K)->597K(704K) Class: 17K(128K)->17K(128K)
[103.428s][info][gc          ] GC(1740) Pause Young (Normal) (G1 Evacuation Pause) 154M->5M(256M) 9.439ms
[103.429s][info][gc,cpu      ] GC(1740) User=0.01s Sys=0.00s Real=0.01s
[103.490s][info][gc,start    ] GC(1741) Pause Young (Normal) (G1 Evacuation Pause)
[103.491s][info][gc,task     ] GC(1741) Using 6 workers of 8 for evacuation
[103.495s][info][gc,phases   ] GC(1741)   Pre Evacuate Collection Set: 0.3ms
[103.495s][info][gc,phases   ] GC(1741)   Merge Heap Roots: 0.3ms
[103.496s][info][gc,phases   ] GC(1741)   Evacuate Collection Set: 1.5ms
[103.496s][info][gc,phases   ] GC(1741)   Post Evacuate Collection Set: 0.8ms
[103.496s][info][gc,phases   ] GC(1741)   Other: 0.9ms
[103.497s][info][gc,heap     ] GC(1741) Eden regions: 150->0(149)
[103.497s][info][gc,heap     ] GC(1741) Survivor regions: 3->4(20)
[103.498s][info][gc,heap     ] GC(1741) Old regions: 2->2
[103.498s][info][gc,heap     ] GC(1741) Archive regions: 2->2
[103.498s][info][gc,heap     ] GC(1741) Humongous regions: 0->0
[103.499s][info][gc,metaspace] GC(1741) Metaspace: 615K(832K)->615K(832K) NonClass: 597K(704K)->597K(704K) Class: 17K(128K)->17K(128K)
[103.499s][info][gc          ] GC(1741) Pause Young (Normal) (G1 Evacuation Pause) 155M->6M(256M) 8.709ms
[103.499s][info][gc,cpu      ] GC(1741) User=0.01s Sys=0.00s Real=0.01s
[103.555s][info][gc,start    ] GC(1742) Pause Young (Normal) (G1 Evacuation Pause)
[103.557s][info][gc,task     ] GC(1742) Using 6 workers of 8 for evacuation
[103.562s][info][gc,phases   ] GC(1742)   Pre Evacuate Collection Set: 0.4ms
[103.562s][info][gc,phases   ] GC(1742)   Merge Heap Roots: 0.3ms
[103.562s][info][gc,phases   ] GC(1742)   Evacuate Collection Set: 1.2ms
[103.563s][info][gc,phases   ] GC(1742)   Post Evacuate Collection Set: 0.8ms
[103.563s][info][gc,phases   ] GC(1742)   Other: 2.2ms
[103.563s][info][gc,heap     ] GC(1742) Eden regions: 149->0(149)
[103.564s][info][gc,heap     ] GC(1742) Survivor regions: 4->4(20)
[103.564s][info][gc,heap     ] GC(1742) Old regions: 2->2
[103.565s][info][gc,heap     ] GC(1742) Archive regions: 2->2
[103.565s][info][gc,heap     ] GC(1742) Humongous regions: 0->0
[103.565s][info][gc,metaspace] GC(1742) Metaspace: 615K(832K)->615K(832K) NonClass: 597K(704K)->597K(704K) Class: 17K(128K)->17K(128K)
[103.566s][info][gc          ] GC(1742) Pause Young (Normal) (G1 Evacuation Pause) 155M->6M(256M) 10.231ms
[103.566s][info][gc,cpu      ] GC(1742) User=0.01s Sys=0.00s Real=0.01s
[103.619s][info][gc,start    ] GC(1743) Pause Young (Normal) (G1 Evacuation Pause)
[103.620s][info][gc,task     ] GC(1743) Using 6 workers of 8 for evacuation
[103.625s][info][gc,phases   ] GC(1743)   Pre Evacuate Collection Set: 0.3ms
[103.626s][info][gc,phases   ] GC(1743)   Merge Heap Roots: 0.4ms
[103.627s][info][gc,phases   ] GC(1743)   Evacuate Collection Set: 2.3ms
[103.628s][info][gc,phases   ] GC(1743)   Post Evacuate Collection Set: 1.5ms
[103.628s][info][gc,phases   ] GC(1743)   Other: 0.6ms
[103.629s][info][gc,heap     ] GC(1743) Eden regions: 149->0(149)
[103.629s][info][gc,heap     ] GC(1743) Survivor regions: 4->4(20)
[103.629s][info][gc,heap     ] GC(1743) Old regions: 2->2
[103.630s][info][gc,heap     ] GC(1743) Archive regions: 2->2
[103.630s][info][gc,heap     ] GC(1743) Humongous regions: 0->0
[103.630s][info][gc,metaspace] GC(1743) Metaspace: 615K(832K)->615K(832K) NonClass: 597K(704K)->597K(704K) Class: 17K(128K)->17K(128K)
[103.630s][info][gc          ] GC(1743) Pause Young (Normal) (G1 Evacuation Pause) 155M->5M(256M) 11.024ms
[103.631s][info][gc,cpu      ] GC(1743) User=0.01s Sys=0.00s Real=0.01s
[103.680s][info][gc,start    ] GC(1744) Pause Young (Normal) (G1 Evacuation Pause)
[103.680s][info][gc,task     ] GC(1744) Using 6 workers of 8 for evacuation
[103.683s][info][gc,phases   ] GC(1744)   Pre Evacuate Collection Set: 0.3ms
[103.684s][info][gc,phases   ] GC(1744)   Merge Heap Roots: 0.2ms
[103.684s][info][gc,phases   ] GC(1744)   Evacuate Collection Set: 0.8ms
[103.685s][info][gc,phases   ] GC(1744)   Post Evacuate Collection Set: 0.9ms
[103.685s][info][gc,phases   ] GC(1744)   Other: 0.4ms
[103.685s][info][gc,heap     ] GC(1744) Eden regions: 149->0(150)
[103.686s][info][gc,heap     ] GC(1744) Survivor regions: 4->3(20)
[103.686s][info][gc,heap     ] GC(1744) Old regions: 2->2
[103.686s][info][gc,heap     ] GC(1744) Archive regions: 2->2
[103.687s][info][gc,heap     ] GC(1744) Humongous regions: 0->0
[103.687s][info][gc,metaspace] GC(1744) Metaspace: 615K(832K)->615K(832K) NonClass: 597K(704K)->597K(704K) Class: 17K(128K)->17K(128K)
[103.687s][info][gc          ] GC(1744) Pause Young (Normal) (G1 Evacuation Pause) 154M->5M(256M) 7.467ms
[103.688s][info][gc,cpu      ] GC(1744) User=0.01s Sys=0.00s Real=0.01s
[103.745s][info][gc,start    ] GC(1745) Pause Young (Normal) (G1 Evacuation Pause)
[103.746s][info][gc,task     ] GC(1745) Using 6 workers of 8 for evacuation
[103.749s][info][gc,phases   ] GC(1745)   Pre Evacuate Collection Set: 0.3ms
[103.749s][info][gc,phases   ] GC(1745)   Merge Heap Roots: 0.4ms
[103.750s][info][gc,phases   ] GC(1745)   Evacuate Collection Set: 1.3ms
[103.750s][info][gc,phases   ] GC(1745)   Post Evacuate Collection Set: 0.8ms
[103.751s][info][gc,phases   ] GC(1745)   Other: 0.4ms
[103.751s][info][gc,heap     ] GC(1745) Eden regions: 150->0(149)
[103.751s][info][gc,heap     ] GC(1745) Survivor regions: 3->4(20)
[103.752s][info][gc,heap     ] GC(1745) Old regions: 2->2
[103.752s][info][gc,heap     ] GC(1745) Archive regions: 2->2
[103.753s][info][gc,heap     ] GC(1745) Humongous regions: 0->0
[103.753s][info][gc,metaspace] GC(1745) Metaspace: 615K(832K)->615K(832K) NonClass: 597K(704K)->597K(704K) Class: 17K(128K)->17K(128K)
[103.754s][info][gc          ] GC(1745) Pause Young (Normal) (G1 Evacuation Pause) 155M->6M(256M) 8.263ms
[103.754s][info][gc,cpu      ] GC(1745) User=0.00s Sys=0.01s Real=0.01s
[103.804s][info][gc,start    ] GC(1746) Pause Young (Normal) (G1 Evacuation Pause)
[103.805s][info][gc,task     ] GC(1746) Using 6 workers of 8 for evacuation
[103.811s][info][gc,phases   ] GC(1746)   Pre Evacuate Collection Set: 0.9ms
[103.811s][info][gc,phases   ] GC(1746)   Merge Heap Roots: 0.4ms
[103.812s][info][gc,phases   ] GC(1746)   Evacuate Collection Set: 2.7ms
[103.812s][info][gc,phases   ] GC(1746)   Post Evacuate Collection Set: 1.0ms
[103.812s][info][gc,phases   ] GC(1746)   Other: 0.9ms
[103.812s][info][gc,heap     ] GC(1746) Eden regions: 149->0(149)
[103.813s][info][gc,heap     ] GC(1746) Survivor regions: 4->4(20)
[103.813s][info][gc,heap     ] GC(1746) Old regions: 2->2
[103.813s][info][gc,heap     ] GC(1746) Archive regions: 2->2
[103.814s][info][gc,heap     ] GC(1746) Humongous regions: 0->0
[103.814s][info][gc,metaspace] GC(1746) Metaspace: 615K(832K)->615K(832K) NonClass: 597K(704K)->597K(704K) Class: 17K(128K)->17K(128K)
[103.815s][info][gc          ] GC(1746) Pause Young (Normal) (G1 Evacuation Pause) 155M->5M(256M) 10.357ms
[103.815s][info][gc,cpu      ] GC(1746) User=0.00s Sys=0.01s Real=0.01s
[103.862s][info][gc,start    ] GC(1747) Pause Young (Normal) (G1 Evacuation Pause)
[103.862s][info][gc,task     ] GC(1747) Using 6 workers of 8 for evacuation
[103.865s][info][gc,phases   ] GC(1747)   Pre Evacuate Collection Set: 0.4ms
[103.866s][info][gc,phases   ] GC(1747)   Merge Heap Roots: 0.2ms
[103.866s][info][gc,phases   ] GC(1747)   Evacuate Collection Set: 1.3ms
[103.866s][info][gc,phases   ] GC(1747)   Post Evacuate Collection Set: 0.9ms
[103.866s][info][gc,phases   ] GC(1747)   Other: 0.4ms
[103.867s][info][gc,heap     ] GC(1747) Eden regions: 149->0(150)
[103.867s][info][gc,heap     ] GC(1747) Survivor regions: 4->3(20)
[103.867s][info][gc,heap     ] GC(1747) Old regions: 2->2
[103.868s][info][gc,heap     ] GC(1747) Archive regions: 2->2
[103.868s][info][gc,heap     ] GC(1747) Humongous regions: 0->0
[103.868s][info][gc,metaspace] GC(1747) Metaspace: 615K(832K)->615K(832K) NonClass: 597K(704K)->597K(704K) Class: 17K(128K)->17K(128K)
[103.868s][info][gc          ] GC(1747) Pause Young (Normal) (G1 Evacuation Pause) 154M->5M(256M) 6.757ms
[103.869s][info][gc,cpu      ] GC(1747) User=0.00s Sys=0.01s Real=0.01s
[103.948s][info][gc,start    ] GC(1748) Pause Young (Normal) (G1 Evacuation Pause)
[103.964s][info][gc,task     ] GC(1748) Using 6 workers of 8 for evacuation
[103.977s][info][gc,phases   ] GC(1748)   Pre Evacuate Collection Set: 0.3ms
[103.978s][info][gc,phases   ] GC(1748)   Merge Heap Roots: 0.3ms
[103.979s][info][gc,phases   ] GC(1748)   Evacuate Collection Set: 4.0ms
[103.979s][info][gc,phases   ] GC(1748)   Post Evacuate Collection Set: 2.0ms
[103.979s][info][gc,phases   ] GC(1748)   Other: 6.0ms
[103.980s][info][gc,heap     ] GC(1748) Eden regions: 150->0(149)
[103.980s][info][gc,heap     ] GC(1748) Survivor regions: 3->4(20)
[103.980s][info][gc,heap     ] GC(1748) Old regions: 2->2
[103.981s][info][gc,heap     ] GC(1748) Archive regions: 2->2
[103.981s][info][gc,heap     ] GC(1748) Humongous regions: 0->0
[103.982s][info][gc,metaspace] GC(1748) Metaspace: 615K(832K)->615K(832K) NonClass: 597K(704K)->597K(704K) Class: 17K(128K)->17K(128K)
[103.982s][info][gc          ] GC(1748) Pause Young (Normal) (G1 Evacuation Pause) 155M->6M(256M) 34.099ms
[103.982s][info][gc,cpu      ] GC(1748) User=0.02s Sys=0.00s Real=0.03s
[104.029s][info][gc,start    ] GC(1749) Pause Young (Normal) (G1 Evacuation Pause)
[104.030s][info][gc,task     ] GC(1749) Using 6 workers of 8 for evacuation
[104.033s][info][gc,phases   ] GC(1749)   Pre Evacuate Collection Set: 0.3ms
[104.033s][info][gc,phases   ] GC(1749)   Merge Heap Roots: 0.3ms
[104.034s][info][gc,phases   ] GC(1749)   Evacuate Collection Set: 1.2ms
[104.034s][info][gc,phases   ] GC(1749)   Post Evacuate Collection Set: 0.9ms
[104.034s][info][gc,phases   ] GC(1749)   Other: 0.6ms
[104.035s][info][gc,heap     ] GC(1749) Eden regions: 149->0(149)
[104.035s][info][gc,heap     ] GC(1749) Survivor regions: 4->4(20)
[104.035s][info][gc,heap     ] GC(1749) Old regions: 2->2
[104.036s][info][gc,heap     ] GC(1749) Archive regions: 2->2
[104.036s][info][gc,heap     ] GC(1749) Humongous regions: 0->0
[104.036s][info][gc,metaspace] GC(1749) Metaspace: 615K(832K)->615K(832K) NonClass: 597K(704K)->597K(704K) Class: 17K(128K)->17K(128K)
[104.037s][info][gc          ] GC(1749) Pause Young (Normal) (G1 Evacuation Pause) 155M->5M(256M) 7.781ms
[104.037s][info][gc,cpu      ] GC(1749) User=0.00s Sys=0.00s Real=0.01s
[104.087s][info][gc,start    ] GC(1750) Pause Young (Normal) (G1 Evacuation Pause)
[104.089s][info][gc,task     ] GC(1750) Using 6 workers of 8 for evacuation
[104.097s][info][gc,phases   ] GC(1750)   Pre Evacuate Collection Set: 0.4ms
[104.097s][info][gc,phases   ] GC(1750)   Merge Heap Roots: 0.3ms
[104.098s][info][gc,phases   ] GC(1750)   Evacuate Collection Set: 2.1ms
[104.098s][info][gc,phases   ] GC(1750)   Post Evacuate Collection Set: 1.1ms
[104.098s][info][gc,phases   ] GC(1750)   Other: 3.6ms
[104.099s][info][gc,heap     ] GC(1750) Eden regions: 149->0(150)
[104.099s][info][gc,heap     ] GC(1750) Survivor regions: 4->3(20)
[104.099s][info][gc,heap     ] GC(1750) Old regions: 2->2
[104.100s][info][gc,heap     ] GC(1750) Archive regions: 2->2
[104.100s][info][gc,heap     ] GC(1750) Humongous regions: 0->0
[104.100s][info][gc,metaspace] GC(1750) Metaspace: 615K(832K)->615K(832K) NonClass: 597K(704K)->597K(704K) Class: 17K(128K)->17K(128K)
[104.101s][info][gc          ] GC(1750) Pause Young (Normal) (G1 Evacuation Pause) 154M->5M(256M) 13.659ms
[104.101s][info][gc,cpu      ] GC(1750) User=0.00s Sys=0.01s Real=0.01s
[104.150s][info][gc,start    ] GC(1751) Pause Young (Normal) (G1 Evacuation Pause)
[104.151s][info][gc,task     ] GC(1751) Using 6 workers of 8 for evacuation
[104.154s][info][gc,phases   ] GC(1751)   Pre Evacuate Collection Set: 0.3ms
[104.154s][info][gc,phases   ] GC(1751)   Merge Heap Roots: 0.2ms
[104.155s][info][gc,phases   ] GC(1751)   Evacuate Collection Set: 1.3ms
[104.155s][info][gc,phases   ] GC(1751)   Post Evacuate Collection Set: 0.9ms
[104.156s][info][gc,phases   ] GC(1751)   Other: 0.6ms
[104.157s][info][gc,heap     ] GC(1751) Eden regions: 150->0(149)
[104.158s][info][gc,heap     ] GC(1751) Survivor regions: 3->4(20)
[104.159s][info][gc,heap     ] GC(1751) Old regions: 2->2
[104.159s][info][gc,heap     ] GC(1751) Archive regions: 2->2
[104.160s][info][gc,heap     ] GC(1751) Humongous regions: 0->0
[104.160s][info][gc,metaspace] GC(1751) Metaspace: 615K(832K)->615K(832K) NonClass: 597K(704K)->597K(704K) Class: 17K(128K)->17K(128K)
[104.161s][info][gc          ] GC(1751) Pause Young (Normal) (G1 Evacuation Pause) 155M->6M(256M) 10.588ms
[104.161s][info][gc,cpu      ] GC(1751) User=0.01s Sys=0.00s Real=0.01s
[104.206s][info][gc,start    ] GC(1752) Pause Young (Normal) (G1 Evacuation Pause)
[104.207s][info][gc,task     ] GC(1752) Using 6 workers of 8 for evacuation
[104.213s][info][gc,phases   ] GC(1752)   Pre Evacuate Collection Set: 0.5ms
[104.213s][info][gc,phases   ] GC(1752)   Merge Heap Roots: 0.4ms
[104.214s][info][gc,phases   ] GC(1752)   Evacuate Collection Set: 2.6ms
[104.214s][info][gc,phases   ] GC(1752)   Post Evacuate Collection Set: 1.2ms
[104.215s][info][gc,phases   ] GC(1752)   Other: 0.9ms
[104.215s][info][gc,heap     ] GC(1752) Eden regions: 149->0(149)
[104.215s][info][gc,heap     ] GC(1752) Survivor regions: 4->4(20)
[104.215s][info][gc,heap     ] GC(1752) Old regions: 2->2
[104.216s][info][gc,heap     ] GC(1752) Archive regions: 2->2
[104.216s][info][gc,heap     ] GC(1752) Humongous regions: 0->0
[104.217s][info][gc,metaspace] GC(1752) Metaspace: 615K(832K)->615K(832K) NonClass: 597K(704K)->597K(704K) Class: 17K(128K)->17K(128K)
[104.217s][info][gc          ] GC(1752) Pause Young (Normal) (G1 Evacuation Pause) 155M->6M(256M) 11.016ms
[104.217s][info][gc,cpu      ] GC(1752) User=0.01s Sys=0.01s Real=0.02s
[104.265s][info][gc,start    ] GC(1753) Pause Young (Normal) (G1 Evacuation Pause)
[104.266s][info][gc,task     ] GC(1753) Using 6 workers of 8 for evacuation
[104.269s][info][gc,phases   ] GC(1753)   Pre Evacuate Collection Set: 0.2ms
[104.270s][info][gc,phases   ] GC(1753)   Merge Heap Roots: 0.3ms
[104.270s][info][gc,phases   ] GC(1753)   Evacuate Collection Set: 1.2ms
[104.270s][info][gc,phases   ] GC(1753)   Post Evacuate Collection Set: 0.9ms
[104.271s][info][gc,phases   ] GC(1753)   Other: 0.5ms
[104.271s][info][gc,heap     ] GC(1753) Eden regions: 149->0(149)
[104.271s][info][gc,heap     ] GC(1753) Survivor regions: 4->4(20)
[104.272s][info][gc,heap     ] GC(1753) Old regions: 2->2
[104.272s][info][gc,heap     ] GC(1753) Archive regions: 2->2
[104.273s][info][gc,heap     ] GC(1753) Humongous regions: 0->0
[104.274s][info][gc,metaspace] GC(1753) Metaspace: 615K(832K)->615K(832K) NonClass: 597K(704K)->597K(704K) Class: 17K(128K)->17K(128K)
[104.275s][info][gc          ] GC(1753) Pause Young (Normal) (G1 Evacuation Pause) 155M->5M(256M) 9.152ms
[104.276s][info][gc,cpu      ] GC(1753) User=0.00s Sys=0.00s Real=0.01s
[104.332s][info][gc,start    ] GC(1754) Pause Young (Normal) (G1 Evacuation Pause)
[104.333s][info][gc,task     ] GC(1754) Using 6 workers of 8 for evacuation
[104.337s][info][gc,phases   ] GC(1754)   Pre Evacuate Collection Set: 0.3ms
[104.343s][info][gc,phases   ] GC(1754)   Merge Heap Roots: 0.2ms
[104.344s][info][gc,phases   ] GC(1754)   Evacuate Collection Set: 1.8ms
[104.345s][info][gc,phases   ] GC(1754)   Post Evacuate Collection Set: 1.2ms
[104.346s][info][gc,phases   ] GC(1754)   Other: 0.8ms
[104.347s][info][gc,heap     ] GC(1754) Eden regions: 149->0(150)
[104.347s][info][gc,heap     ] GC(1754) Survivor regions: 4->3(20)
[104.348s][info][gc,heap     ] GC(1754) Old regions: 2->2
[104.348s][info][gc,heap     ] GC(1754) Archive regions: 2->2
[104.348s][info][gc,heap     ] GC(1754) Humongous regions: 0->0
[104.349s][info][gc,metaspace] GC(1754) Metaspace: 615K(832K)->615K(832K) NonClass: 597K(704K)->597K(704K) Class: 17K(128K)->17K(128K)
[104.349s][info][gc          ] GC(1754) Pause Young (Normal) (G1 Evacuation Pause) 154M->5M(256M) 16.634ms
[104.349s][info][gc,cpu      ] GC(1754) User=0.00s Sys=0.00s Real=0.02s
[104.401s][info][gc,start    ] GC(1755) Pause Young (Normal) (G1 Evacuation Pause)
[104.402s][info][gc,task     ] GC(1755) Using 6 workers of 8 for evacuation
[104.407s][info][gc,phases   ] GC(1755)   Pre Evacuate Collection Set: 0.3ms
[104.412s][info][gc,phases   ] GC(1755)   Merge Heap Roots: 0.2ms
[104.413s][info][gc,phases   ] GC(1755)   Evacuate Collection Set: 1.9ms
[104.413s][info][gc,phases   ] GC(1755)   Post Evacuate Collection Set: 1.7ms
[104.414s][info][gc,phases   ] GC(1755)   Other: 0.9ms
[104.414s][info][gc,heap     ] GC(1755) Eden regions: 150->0(149)
[104.415s][info][gc,heap     ] GC(1755) Survivor regions: 3->4(20)
[104.416s][info][gc,heap     ] GC(1755) Old regions: 2->2
[104.416s][info][gc,heap     ] GC(1755) Archive regions: 2->2
[104.417s][info][gc,heap     ] GC(1755) Humongous regions: 0->0
[104.417s][info][gc,metaspace] GC(1755) Metaspace: 615K(832K)->615K(832K) NonClass: 597K(704K)->597K(704K) Class: 17K(128K)->17K(128K)
[104.417s][info][gc          ] GC(1755) Pause Young (Normal) (G1 Evacuation Pause) 155M->6M(256M) 16.198ms
[104.418s][info][gc,cpu      ] GC(1755) User=0.00s Sys=0.02s Real=0.02s
[104.484s][info][gc,start    ] GC(1756) Pause Young (Normal) (G1 Evacuation Pause)
[104.485s][info][gc,task     ] GC(1756) Using 6 workers of 8 for evacuation
[104.489s][info][gc,phases   ] GC(1756)   Pre Evacuate Collection Set: 0.6ms
[104.490s][info][gc,phases   ] GC(1756)   Merge Heap Roots: 0.3ms
[104.491s][info][gc,phases   ] GC(1756)   Evacuate Collection Set: 1.2ms
[104.494s][info][gc,phases   ] GC(1756)   Post Evacuate Collection Set: 1.0ms
[104.496s][info][gc,phases   ] GC(1756)   Other: 0.6ms
[104.498s][info][gc,heap     ] GC(1756) Eden regions: 149->0(149)
[104.499s][info][gc,heap     ] GC(1756) Survivor regions: 4->4(20)
[104.500s][info][gc,heap     ] GC(1756) Old regions: 2->2
[104.501s][info][gc,heap     ] GC(1756) Archive regions: 2->2
[104.501s][info][gc,heap     ] GC(1756) Humongous regions: 0->0
[104.503s][info][gc,metaspace] GC(1756) Metaspace: 615K(832K)->615K(832K) NonClass: 597K(704K)->597K(704K) Class: 17K(128K)->17K(128K)
[104.504s][info][gc          ] GC(1756) Pause Young (Normal) (G1 Evacuation Pause) 155M->6M(256M) 19.743ms
[104.504s][info][gc,cpu      ] GC(1756) User=0.01s Sys=0.01s Real=0.02s
[104.582s][info][gc,start    ] GC(1757) Pause Young (Normal) (G1 Evacuation Pause)
[104.582s][info][gc,task     ] GC(1757) Using 6 workers of 8 for evacuation
[104.586s][info][gc,phases   ] GC(1757)   Pre Evacuate Collection Set: 0.4ms
[104.586s][info][gc,phases   ] GC(1757)   Merge Heap Roots: 0.3ms
[104.587s][info][gc,phases   ] GC(1757)   Evacuate Collection Set: 1.3ms
[104.587s][info][gc,phases   ] GC(1757)   Post Evacuate Collection Set: 1.0ms
[104.588s][info][gc,phases   ] GC(1757)   Other: 0.6ms
[104.588s][info][gc,heap     ] GC(1757) Eden regions: 149->0(149)
[104.589s][info][gc,heap     ] GC(1757) Survivor regions: 4->4(20)
[104.590s][info][gc,heap     ] GC(1757) Old regions: 2->2
[104.591s][info][gc,heap     ] GC(1757) Archive regions: 2->2
[104.591s][info][gc,heap     ] GC(1757) Humongous regions: 0->0
[104.595s][info][gc,metaspace] GC(1757) Metaspace: 615K(832K)->615K(832K) NonClass: 597K(704K)->597K(704K) Class: 17K(128K)->17K(128K)
[104.596s][info][gc          ] GC(1757) Pause Young (Normal) (G1 Evacuation Pause) 155M->5M(256M) 14.595ms
[104.597s][info][gc,cpu      ] GC(1757) User=0.01s Sys=0.00s Real=0.02s
[104.674s][info][gc,start    ] GC(1758) Pause Young (Normal) (G1 Evacuation Pause)
[104.682s][info][gc,task     ] GC(1758) Using 6 workers of 8 for evacuation
[104.687s][info][gc,phases   ] GC(1758)   Pre Evacuate Collection Set: 0.8ms
[104.687s][info][gc,phases   ] GC(1758)   Merge Heap Roots: 0.6ms
[104.688s][info][gc,phases   ] GC(1758)   Evacuate Collection Set: 1.2ms
[104.689s][info][gc,phases   ] GC(1758)   Post Evacuate Collection Set: 1.0ms
[104.690s][info][gc,phases   ] GC(1758)   Other: 0.9ms
[104.691s][info][gc,heap     ] GC(1758) Eden regions: 149->0(150)
[104.692s][info][gc,heap     ] GC(1758) Survivor regions: 4->3(20)
[104.693s][info][gc,heap     ] GC(1758) Old regions: 2->2
[104.693s][info][gc,heap     ] GC(1758) Archive regions: 2->2
[104.693s][info][gc,heap     ] GC(1758) Humongous regions: 0->0
[104.694s][info][gc,metaspace] GC(1758) Metaspace: 615K(832K)->615K(832K) NonClass: 597K(704K)->597K(704K) Class: 17K(128K)->17K(128K)
[104.694s][info][gc          ] GC(1758) Pause Young (Normal) (G1 Evacuation Pause) 154M->5M(256M) 20.019ms
[104.695s][info][gc,cpu      ] GC(1758) User=0.00s Sys=0.01s Real=0.02s
[104.757s][info][gc,start    ] GC(1759) Pause Young (Normal) (G1 Evacuation Pause)
[104.758s][info][gc,task     ] GC(1759) Using 6 workers of 8 for evacuation
[104.766s][info][gc,phases   ] GC(1759)   Pre Evacuate Collection Set: 1.1ms
[104.766s][info][gc,phases   ] GC(1759)   Merge Heap Roots: 0.3ms
[104.766s][info][gc,phases   ] GC(1759)   Evacuate Collection Set: 3.8ms
[104.767s][info][gc,phases   ] GC(1759)   Post Evacuate Collection Set: 1.0ms
[104.767s][info][gc,phases   ] GC(1759)   Other: 1.0ms
[104.768s][info][gc,heap     ] GC(1759) Eden regions: 150->0(149)
[104.768s][info][gc,heap     ] GC(1759) Survivor regions: 3->4(20)
[104.769s][info][gc,heap     ] GC(1759) Old regions: 2->2
[104.769s][info][gc,heap     ] GC(1759) Archive regions: 2->2
[104.769s][info][gc,heap     ] GC(1759) Humongous regions: 0->0
[104.770s][info][gc,metaspace] GC(1759) Metaspace: 615K(832K)->615K(832K) NonClass: 597K(704K)->597K(704K) Class: 17K(128K)->17K(128K)
[104.770s][info][gc          ] GC(1759) Pause Young (Normal) (G1 Evacuation Pause) 155M->6M(256M) 13.074ms
[104.771s][info][gc,cpu      ] GC(1759) User=0.02s Sys=0.00s Real=0.01s
[104.834s][info][gc,start    ] GC(1760) Pause Young (Normal) (G1 Evacuation Pause)
[104.835s][info][gc,task     ] GC(1760) Using 6 workers of 8 for evacuation
[104.843s][info][gc,phases   ] GC(1760)   Pre Evacuate Collection Set: 0.5ms
[104.843s][info][gc,phases   ] GC(1760)   Merge Heap Roots: 0.5ms
[104.844s][info][gc,phases   ] GC(1760)   Evacuate Collection Set: 1.5ms
[104.844s][info][gc,phases   ] GC(1760)   Post Evacuate Collection Set: 5.1ms
[104.845s][info][gc,phases   ] GC(1760)   Other: 0.6ms
[104.845s][info][gc,heap     ] GC(1760) Eden regions: 149->0(149)
[104.846s][info][gc,heap     ] GC(1760) Survivor regions: 4->4(20)
[104.847s][info][gc,heap     ] GC(1760) Old regions: 2->2
[104.847s][info][gc,heap     ] GC(1760) Archive regions: 2->2
[104.847s][info][gc,heap     ] GC(1760) Humongous regions: 0->0
[104.848s][info][gc,metaspace] GC(1760) Metaspace: 615K(832K)->615K(832K) NonClass: 597K(704K)->597K(704K) Class: 17K(128K)->17K(128K)
[104.848s][info][gc          ] GC(1760) Pause Young (Normal) (G1 Evacuation Pause) 155M->5M(256M) 14.089ms
[104.849s][info][gc,cpu      ] GC(1760) User=0.01s Sys=0.01s Real=0.02s
[104.903s][info][gc,start    ] GC(1761) Pause Young (Normal) (G1 Evacuation Pause)
[104.904s][info][gc,task     ] GC(1761) Using 6 workers of 8 for evacuation
[104.910s][info][gc,phases   ] GC(1761)   Pre Evacuate Collection Set: 0.4ms
[104.912s][info][gc,phases   ] GC(1761)   Merge Heap Roots: 0.4ms
[104.913s][info][gc,phases   ] GC(1761)   Evacuate Collection Set: 3.9ms
[104.914s][info][gc,phases   ] GC(1761)   Post Evacuate Collection Set: 1.0ms
[104.915s][info][gc,phases   ] GC(1761)   Other: 0.6ms
[104.915s][info][gc,heap     ] GC(1761) Eden regions: 149->0(150)
[104.916s][info][gc,heap     ] GC(1761) Survivor regions: 4->3(20)
[104.916s][info][gc,heap     ] GC(1761) Old regions: 2->2
[104.917s][info][gc,heap     ] GC(1761) Archive regions: 2->2
[104.917s][info][gc,heap     ] GC(1761) Humongous regions: 0->0
[104.917s][info][gc,metaspace] GC(1761) Metaspace: 615K(832K)->615K(832K) NonClass: 597K(704K)->597K(704K) Class: 17K(128K)->17K(128K)
[104.918s][info][gc          ] GC(1761) Pause Young (Normal) (G1 Evacuation Pause) 154M->5M(256M) 14.886ms
[104.921s][info][gc,cpu      ] GC(1761) User=0.01s Sys=0.00s Real=0.02s
[104.975s][info][gc,start    ] GC(1762) Pause Young (Normal) (G1 Evacuation Pause)
[104.976s][info][gc,task     ] GC(1762) Using 6 workers of 8 for evacuation
[104.980s][info][gc,phases   ] GC(1762)   Pre Evacuate Collection Set: 0.4ms
[104.980s][info][gc,phases   ] GC(1762)   Merge Heap Roots: 0.2ms
[104.981s][info][gc,phases   ] GC(1762)   Evacuate Collection Set: 1.5ms
[104.981s][info][gc,phases   ] GC(1762)   Post Evacuate Collection Set: 0.9ms
[104.982s][info][gc,phases   ] GC(1762)   Other: 0.7ms
[104.982s][info][gc,heap     ] GC(1762) Eden regions: 150->0(149)
[104.983s][info][gc,heap     ] GC(1762) Survivor regions: 3->4(20)
[104.983s][info][gc,heap     ] GC(1762) Old regions: 2->2
[104.984s][info][gc,heap     ] GC(1762) Archive regions: 2->2
[104.984s][info][gc,heap     ] GC(1762) Humongous regions: 0->0
[104.984s][info][gc,metaspace] GC(1762) Metaspace: 615K(832K)->615K(832K) NonClass: 597K(704K)->597K(704K) Class: 17K(128K)->17K(128K)
[104.985s][info][gc          ] GC(1762) Pause Young (Normal) (G1 Evacuation Pause) 155M->6M(256M) 9.702ms
[104.985s][info][gc,cpu      ] GC(1762) User=0.01s Sys=0.00s Real=0.01s
[105.036s][info][gc,start    ] GC(1763) Pause Young (Normal) (G1 Evacuation Pause)
[105.037s][info][gc,task     ] GC(1763) Using 6 workers of 8 for evacuation
[105.043s][info][gc,phases   ] GC(1763)   Pre Evacuate Collection Set: 0.4ms
[105.043s][info][gc,phases   ] GC(1763)   Merge Heap Roots: 0.3ms
[105.044s][info][gc,phases   ] GC(1763)   Evacuate Collection Set: 3.1ms
[105.044s][info][gc,phases   ] GC(1763)   Post Evacuate Collection Set: 1.6ms
[105.044s][info][gc,phases   ] GC(1763)   Other: 0.5ms
[105.045s][info][gc,heap     ] GC(1763) Eden regions: 149->0(149)
[105.045s][info][gc,heap     ] GC(1763) Survivor regions: 4->4(20)
[105.045s][info][gc,heap     ] GC(1763) Old regions: 2->2
[105.046s][info][gc,heap     ] GC(1763) Archive regions: 2->2
[105.046s][info][gc,heap     ] GC(1763) Humongous regions: 0->0
[105.047s][info][gc,metaspace] GC(1763) Metaspace: 615K(832K)->615K(832K) NonClass: 597K(704K)->597K(704K) Class: 17K(128K)->17K(128K)
[105.047s][info][gc          ] GC(1763) Pause Young (Normal) (G1 Evacuation Pause) 155M->5M(256M) 11.069ms
[105.048s][info][gc,cpu      ] GC(1763) User=0.01s Sys=0.00s Real=0.02s
[105.099s][info][gc,start    ] GC(1764) Pause Young (Normal) (G1 Evacuation Pause)
[105.099s][info][gc,task     ] GC(1764) Using 6 workers of 8 for evacuation
[105.102s][info][gc,phases   ] GC(1764)   Pre Evacuate Collection Set: 0.3ms
[105.103s][info][gc,phases   ] GC(1764)   Merge Heap Roots: 0.2ms
[105.103s][info][gc,phases   ] GC(1764)   Evacuate Collection Set: 1.2ms
[105.104s][info][gc,phases   ] GC(1764)   Post Evacuate Collection Set: 0.9ms
[105.104s][info][gc,phases   ] GC(1764)   Other: 0.5ms
[105.104s][info][gc,heap     ] GC(1764) Eden regions: 149->0(150)
[105.105s][info][gc,heap     ] GC(1764) Survivor regions: 4->3(20)
[105.105s][info][gc,heap     ] GC(1764) Old regions: 2->2
[105.106s][info][gc,heap     ] GC(1764) Archive regions: 2->2
[105.107s][info][gc,heap     ] GC(1764) Humongous regions: 0->0
[105.108s][info][gc,metaspace] GC(1764) Metaspace: 615K(832K)->615K(832K) NonClass: 597K(704K)->597K(704K) Class: 17K(128K)->17K(128K)
[105.109s][info][gc          ] GC(1764) Pause Young (Normal) (G1 Evacuation Pause) 154M->5M(256M) 10.264ms
[105.110s][info][gc,cpu      ] GC(1764) User=0.01s Sys=0.00s Real=0.01s
[105.164s][info][gc,start    ] GC(1765) Pause Young (Normal) (G1 Evacuation Pause)
[105.164s][info][gc,task     ] GC(1765) Using 6 workers of 8 for evacuation
[105.168s][info][gc,phases   ] GC(1765)   Pre Evacuate Collection Set: 0.3ms
[105.169s][info][gc,phases   ] GC(1765)   Merge Heap Roots: 0.3ms
[105.170s][info][gc,phases   ] GC(1765)   Evacuate Collection Set: 2.0ms
[105.170s][info][gc,phases   ] GC(1765)   Post Evacuate Collection Set: 1.1ms
[105.171s][info][gc,phases   ] GC(1765)   Other: 0.5ms
[105.171s][info][gc,heap     ] GC(1765) Eden regions: 150->0(149)
[105.171s][info][gc,heap     ] GC(1765) Survivor regions: 3->4(20)
[105.172s][info][gc,heap     ] GC(1765) Old regions: 2->2
[105.173s][info][gc,heap     ] GC(1765) Archive regions: 2->2
[105.174s][info][gc,heap     ] GC(1765) Humongous regions: 0->0
[105.176s][info][gc,metaspace] GC(1765) Metaspace: 615K(832K)->615K(832K) NonClass: 597K(704K)->597K(704K) Class: 17K(128K)->17K(128K)
[105.177s][info][gc          ] GC(1765) Pause Young (Normal) (G1 Evacuation Pause) 155M->6M(256M) 13.234ms
[105.177s][info][gc,cpu      ] GC(1765) User=0.02s Sys=0.00s Real=0.02s
[105.228s][info][gc,start    ] GC(1766) Pause Young (Normal) (G1 Evacuation Pause)
[105.228s][info][gc,task     ] GC(1766) Using 6 workers of 8 for evacuation
[105.231s][info][gc,phases   ] GC(1766)   Pre Evacuate Collection Set: 0.3ms
[105.232s][info][gc,phases   ] GC(1766)   Merge Heap Roots: 0.2ms
[105.232s][info][gc,phases   ] GC(1766)   Evacuate Collection Set: 1.3ms
[105.232s][info][gc,phases   ] GC(1766)   Post Evacuate Collection Set: 0.9ms
[105.233s][info][gc,phases   ] GC(1766)   Other: 0.5ms
[105.233s][info][gc,heap     ] GC(1766) Eden regions: 149->0(149)
[105.234s][info][gc,heap     ] GC(1766) Survivor regions: 4->4(20)
[105.234s][info][gc,heap     ] GC(1766) Old regions: 2->2
[105.234s][info][gc,heap     ] GC(1766) Archive regions: 2->2
[105.234s][info][gc,heap     ] GC(1766) Humongous regions: 0->0
[105.235s][info][gc,metaspace] GC(1766) Metaspace: 615K(832K)->615K(832K) NonClass: 597K(704K)->597K(704K) Class: 17K(128K)->17K(128K)
[105.236s][info][gc          ] GC(1766) Pause Young (Normal) (G1 Evacuation Pause) 155M->6M(256M) 7.919ms
[105.236s][info][gc,cpu      ] GC(1766) User=0.01s Sys=0.00s Real=0.00s
[105.287s][info][gc,start    ] GC(1767) Pause Young (Normal) (G1 Evacuation Pause)
[105.288s][info][gc,task     ] GC(1767) Using 6 workers of 8 for evacuation
[105.293s][info][gc,phases   ] GC(1767)   Pre Evacuate Collection Set: 0.6ms
[105.294s][info][gc,phases   ] GC(1767)   Merge Heap Roots: 0.5ms
[105.294s][info][gc,phases   ] GC(1767)   Evacuate Collection Set: 2.2ms
[105.294s][info][gc,phases   ] GC(1767)   Post Evacuate Collection Set: 1.2ms
[105.294s][info][gc,phases   ] GC(1767)   Other: 0.6ms
[105.295s][info][gc,heap     ] GC(1767) Eden regions: 149->0(149)
[105.295s][info][gc,heap     ] GC(1767) Survivor regions: 4->4(20)
[105.295s][info][gc,heap     ] GC(1767) Old regions: 2->2
[105.296s][info][gc,heap     ] GC(1767) Archive regions: 2->2
[105.296s][info][gc,heap     ] GC(1767) Humongous regions: 0->0
[105.296s][info][gc,metaspace] GC(1767) Metaspace: 615K(832K)->615K(832K) NonClass: 597K(704K)->597K(704K) Class: 17K(128K)->17K(128K)
[105.297s][info][gc          ] GC(1767) Pause Young (Normal) (G1 Evacuation Pause) 155M->5M(256M) 9.273ms
[105.297s][info][gc,cpu      ] GC(1767) User=0.01s Sys=0.00s Real=0.01s
[105.348s][info][gc,start    ] GC(1768) Pause Young (Normal) (G1 Evacuation Pause)
[105.349s][info][gc,task     ] GC(1768) Using 6 workers of 8 for evacuation
[105.352s][info][gc,phases   ] GC(1768)   Pre Evacuate Collection Set: 0.3ms
[105.352s][info][gc,phases   ] GC(1768)   Merge Heap Roots: 0.2ms
[105.352s][info][gc,phases   ] GC(1768)   Evacuate Collection Set: 1.0ms
[105.353s][info][gc,phases   ] GC(1768)   Post Evacuate Collection Set: 0.8ms
[105.353s][info][gc,phases   ] GC(1768)   Other: 0.5ms
[105.353s][info][gc,heap     ] GC(1768) Eden regions: 149->0(150)
[105.354s][info][gc,heap     ] GC(1768) Survivor regions: 4->3(20)
[105.355s][info][gc,heap     ] GC(1768) Old regions: 2->2
[105.355s][info][gc,heap     ] GC(1768) Archive regions: 2->2
[105.356s][info][gc,heap     ] GC(1768) Humongous regions: 0->0
[105.356s][info][gc,metaspace] GC(1768) Metaspace: 615K(832K)->615K(832K) NonClass: 597K(704K)->597K(704K) Class: 17K(128K)->17K(128K)
[105.357s][info][gc          ] GC(1768) Pause Young (Normal) (G1 Evacuation Pause) 154M->5M(256M) 8.391ms
[105.357s][info][gc,cpu      ] GC(1768) User=0.01s Sys=0.01s Real=0.01s
[105.411s][info][gc,start    ] GC(1769) Pause Young (Normal) (G1 Evacuation Pause)
[105.411s][info][gc,task     ] GC(1769) Using 6 workers of 8 for evacuation
[105.415s][info][gc,phases   ] GC(1769)   Pre Evacuate Collection Set: 0.4ms
[105.416s][info][gc,phases   ] GC(1769)   Merge Heap Roots: 0.3ms
[105.416s][info][gc,phases   ] GC(1769)   Evacuate Collection Set: 2.0ms
[105.416s][info][gc,phases   ] GC(1769)   Post Evacuate Collection Set: 0.8ms
[105.417s][info][gc,phases   ] GC(1769)   Other: 0.5ms
[105.417s][info][gc,heap     ] GC(1769) Eden regions: 150->0(149)
[105.417s][info][gc,heap     ] GC(1769) Survivor regions: 3->4(20)
[105.417s][info][gc,heap     ] GC(1769) Old regions: 2->2
[105.418s][info][gc,heap     ] GC(1769) Archive regions: 2->2
[105.418s][info][gc,heap     ] GC(1769) Humongous regions: 0->0
[105.418s][info][gc,metaspace] GC(1769) Metaspace: 615K(832K)->615K(832K) NonClass: 597K(704K)->597K(704K) Class: 17K(128K)->17K(128K)
[105.419s][info][gc          ] GC(1769) Pause Young (Normal) (G1 Evacuation Pause) 155M->6M(256M) 8.009ms
[105.420s][info][gc,cpu      ] GC(1769) User=0.01s Sys=0.00s Real=0.01s
[105.470s][info][gc,start    ] GC(1770) Pause Young (Normal) (G1 Evacuation Pause)
[105.472s][info][gc,task     ] GC(1770) Using 6 workers of 8 for evacuation
[105.484s][info][gc,phases   ] GC(1770)   Pre Evacuate Collection Set: 0.8ms
[105.485s][info][gc,phases   ] GC(1770)   Merge Heap Roots: 0.4ms
[105.485s][info][gc,phases   ] GC(1770)   Evacuate Collection Set: 8.1ms
[105.486s][info][gc,phases   ] GC(1770)   Post Evacuate Collection Set: 0.9ms
[105.486s][info][gc,phases   ] GC(1770)   Other: 1.6ms
[105.487s][info][gc,heap     ] GC(1770) Eden regions: 149->0(149)
[105.487s][info][gc,heap     ] GC(1770) Survivor regions: 4->4(20)
[105.487s][info][gc,heap     ] GC(1770) Old regions: 2->2
[105.487s][info][gc,heap     ] GC(1770) Archive regions: 2->2
[105.488s][info][gc,heap     ] GC(1770) Humongous regions: 0->0
[105.489s][info][gc,metaspace] GC(1770) Metaspace: 615K(832K)->615K(832K) NonClass: 597K(704K)->597K(704K) Class: 17K(128K)->17K(128K)
[105.489s][info][gc          ] GC(1770) Pause Young (Normal) (G1 Evacuation Pause) 155M->6M(256M) 18.902ms
[105.490s][info][gc,cpu      ] GC(1770) User=0.02s Sys=0.00s Real=0.02s
[105.549s][info][gc,start    ] GC(1771) Pause Young (Normal) (G1 Evacuation Pause)
[105.550s][info][gc,task     ] GC(1771) Using 6 workers of 8 for evacuation
[105.553s][info][gc,phases   ] GC(1771)   Pre Evacuate Collection Set: 0.3ms
[105.554s][info][gc,phases   ] GC(1771)   Merge Heap Roots: 0.2ms
[105.554s][info][gc,phases   ] GC(1771)   Evacuate Collection Set: 1.1ms
[105.554s][info][gc,phases   ] GC(1771)   Post Evacuate Collection Set: 0.9ms
[105.555s][info][gc,phases   ] GC(1771)   Other: 0.6ms
[105.556s][info][gc,heap     ] GC(1771) Eden regions: 149->0(150)
[105.558s][info][gc,heap     ] GC(1771) Survivor regions: 4->3(20)
[105.560s][info][gc,heap     ] GC(1771) Old regions: 2->2
[105.561s][info][gc,heap     ] GC(1771) Archive regions: 2->2
[105.561s][info][gc,heap     ] GC(1771) Humongous regions: 0->0
[105.562s][info][gc,metaspace] GC(1771) Metaspace: 615K(832K)->615K(832K) NonClass: 597K(704K)->597K(704K) Class: 17K(128K)->17K(128K)
[105.562s][info][gc          ] GC(1771) Pause Young (Normal) (G1 Evacuation Pause) 155M->5M(256M) 12.733ms
[105.563s][info][gc,cpu      ] GC(1771) User=0.01s Sys=0.00s Real=0.01s
[105.612s][info][gc,start    ] GC(1772) Pause Young (Normal) (G1 Evacuation Pause)
[105.613s][info][gc,task     ] GC(1772) Using 6 workers of 8 for evacuation
[105.617s][info][gc,phases   ] GC(1772)   Pre Evacuate Collection Set: 0.5ms
[105.617s][info][gc,phases   ] GC(1772)   Merge Heap Roots: 0.2ms
[105.618s][info][gc,phases   ] GC(1772)   Evacuate Collection Set: 1.6ms
[105.618s][info][gc,phases   ] GC(1772)   Post Evacuate Collection Set: 1.0ms
[105.618s][info][gc,phases   ] GC(1772)   Other: 0.5ms
[105.618s][info][gc,heap     ] GC(1772) Eden regions: 150->0(149)
[105.619s][info][gc,heap     ] GC(1772) Survivor regions: 3->4(20)
[105.619s][info][gc,heap     ] GC(1772) Old regions: 2->2
[105.619s][info][gc,heap     ] GC(1772) Archive regions: 2->2
[105.620s][info][gc,heap     ] GC(1772) Humongous regions: 0->0
[105.620s][info][gc,metaspace] GC(1772) Metaspace: 615K(832K)->615K(832K) NonClass: 597K(704K)->597K(704K) Class: 17K(128K)->17K(128K)
[105.620s][info][gc          ] GC(1772) Pause Young (Normal) (G1 Evacuation Pause) 155M->6M(256M) 7.682ms
[105.620s][info][gc,cpu      ] GC(1772) User=0.01s Sys=0.00s Real=0.01s
[105.671s][info][gc,start    ] GC(1773) Pause Young (Normal) (G1 Evacuation Pause)
[105.671s][info][gc,task     ] GC(1773) Using 6 workers of 8 for evacuation
[105.677s][info][gc,phases   ] GC(1773)   Pre Evacuate Collection Set: 0.7ms
[105.678s][info][gc,phases   ] GC(1773)   Merge Heap Roots: 0.4ms
[105.678s][info][gc,phases   ] GC(1773)   Evacuate Collection Set: 3.3ms
[105.679s][info][gc,phases   ] GC(1773)   Post Evacuate Collection Set: 0.9ms
[105.679s][info][gc,phases   ] GC(1773)   Other: 0.5ms
[105.679s][info][gc,heap     ] GC(1773) Eden regions: 149->0(149)
[105.679s][info][gc,heap     ] GC(1773) Survivor regions: 4->4(20)
[105.680s][info][gc,heap     ] GC(1773) Old regions: 2->2
[105.680s][info][gc,heap     ] GC(1773) Archive regions: 2->2
[105.681s][info][gc,heap     ] GC(1773) Humongous regions: 0->0
[105.681s][info][gc,metaspace] GC(1773) Metaspace: 615K(832K)->615K(832K) NonClass: 597K(704K)->597K(704K) Class: 17K(128K)->17K(128K)
[105.681s][info][gc          ] GC(1773) Pause Young (Normal) (G1 Evacuation Pause) 155M->6M(256M) 10.559ms
[105.682s][info][gc,cpu      ] GC(1773) User=0.01s Sys=0.01s Real=0.01s
[105.730s][info][gc,start    ] GC(1774) Pause Young (Normal) (G1 Evacuation Pause)
[105.730s][info][gc,task     ] GC(1774) Using 6 workers of 8 for evacuation
[105.733s][info][gc,phases   ] GC(1774)   Pre Evacuate Collection Set: 0.3ms
[105.734s][info][gc,phases   ] GC(1774)   Merge Heap Roots: 0.2ms
[105.735s][info][gc,phases   ] GC(1774)   Evacuate Collection Set: 1.1ms
[105.735s][info][gc,phases   ] GC(1774)   Post Evacuate Collection Set: 0.9ms
[105.735s][info][gc,phases   ] GC(1774)   Other: 0.5ms
[105.736s][info][gc,heap     ] GC(1774) Eden regions: 149->0(149)
[105.736s][info][gc,heap     ] GC(1774) Survivor regions: 4->4(20)
[105.737s][info][gc,heap     ] GC(1774) Old regions: 2->2
[105.739s][info][gc,heap     ] GC(1774) Archive regions: 2->2
[105.740s][info][gc,heap     ] GC(1774) Humongous regions: 0->0
[105.741s][info][gc,metaspace] GC(1774) Metaspace: 615K(832K)->615K(832K) NonClass: 597K(704K)->597K(704K) Class: 17K(128K)->17K(128K)
[105.741s][info][gc          ] GC(1774) Pause Young (Normal) (G1 Evacuation Pause) 155M->5M(256M) 11.517ms
[105.742s][info][gc,cpu      ] GC(1774) User=0.01s Sys=0.00s Real=0.01s
[105.793s][info][gc,start    ] GC(1775) Pause Young (Normal) (G1 Evacuation Pause)
[105.794s][info][gc,task     ] GC(1775) Using 6 workers of 8 for evacuation
[105.797s][info][gc,phases   ] GC(1775)   Pre Evacuate Collection Set: 0.4ms
[105.798s][info][gc,phases   ] GC(1775)   Merge Heap Roots: 0.3ms
[105.798s][info][gc,phases   ] GC(1775)   Evacuate Collection Set: 1.5ms
[105.799s][info][gc,phases   ] GC(1775)   Post Evacuate Collection Set: 0.8ms
[105.799s][info][gc,phases   ] GC(1775)   Other: 0.5ms
[105.799s][info][gc,heap     ] GC(1775) Eden regions: 149->0(150)
[105.800s][info][gc,heap     ] GC(1775) Survivor regions: 4->3(20)
[105.800s][info][gc,heap     ] GC(1775) Old regions: 2->2
[105.800s][info][gc,heap     ] GC(1775) Archive regions: 2->2
[105.801s][info][gc,heap     ] GC(1775) Humongous regions: 0->0
[105.801s][info][gc,metaspace] GC(1775) Metaspace: 615K(832K)->615K(832K) NonClass: 597K(704K)->597K(704K) Class: 17K(128K)->17K(128K)
[105.801s][info][gc          ] GC(1775) Pause Young (Normal) (G1 Evacuation Pause) 154M->5M(256M) 8.295ms
[105.802s][info][gc,cpu      ] GC(1775) User=0.00s Sys=0.01s Real=0.01s
[105.853s][info][gc,start    ] GC(1776) Pause Young (Normal) (G1 Evacuation Pause)
[105.853s][info][gc,task     ] GC(1776) Using 6 workers of 8 for evacuation
[105.858s][info][gc,phases   ] GC(1776)   Pre Evacuate Collection Set: 0.4ms
[105.859s][info][gc,phases   ] GC(1776)   Merge Heap Roots: 0.3ms
[105.860s][info][gc,phases   ] GC(1776)   Evacuate Collection Set: 2.4ms
[105.861s][info][gc,phases   ] GC(1776)   Post Evacuate Collection Set: 1.4ms
[105.861s][info][gc,phases   ] GC(1776)   Other: 0.5ms
[105.861s][info][gc,heap     ] GC(1776) Eden regions: 150->0(149)
[105.862s][info][gc,heap     ] GC(1776) Survivor regions: 3->4(20)
[105.862s][info][gc,heap     ] GC(1776) Old regions: 2->2
[105.863s][info][gc,heap     ] GC(1776) Archive regions: 2->2
[105.863s][info][gc,heap     ] GC(1776) Humongous regions: 0->0
[105.864s][info][gc,metaspace] GC(1776) Metaspace: 615K(832K)->615K(832K) NonClass: 597K(704K)->597K(704K) Class: 17K(128K)->17K(128K)
[105.864s][info][gc          ] GC(1776) Pause Young (Normal) (G1 Evacuation Pause) 155M->6M(256M) 11.249ms
[105.864s][info][gc,cpu      ] GC(1776) User=0.00s Sys=0.01s Real=0.01s
[105.915s][info][gc,start    ] GC(1777) Pause Young (Normal) (G1 Evacuation Pause)
[105.916s][info][gc,task     ] GC(1777) Using 6 workers of 8 for evacuation
[105.919s][info][gc,phases   ] GC(1777)   Pre Evacuate Collection Set: 0.3ms
[105.919s][info][gc,phases   ] GC(1777)   Merge Heap Roots: 0.2ms
[105.920s][info][gc,phases   ] GC(1777)   Evacuate Collection Set: 1.2ms
[105.920s][info][gc,phases   ] GC(1777)   Post Evacuate Collection Set: 0.9ms
[105.920s][info][gc,phases   ] GC(1777)   Other: 0.5ms
[105.921s][info][gc,heap     ] GC(1777) Eden regions: 149->0(149)
[105.921s][info][gc,heap     ] GC(1777) Survivor regions: 4->4(20)
[105.921s][info][gc,heap     ] GC(1777) Old regions: 2->2
[105.922s][info][gc,heap     ] GC(1777) Archive regions: 2->2
[105.923s][info][gc,heap     ] GC(1777) Humongous regions: 0->0
[105.923s][info][gc,metaspace] GC(1777) Metaspace: 615K(832K)->615K(832K) NonClass: 597K(704K)->597K(704K) Class: 17K(128K)->17K(128K)
[105.924s][info][gc          ] GC(1777) Pause Young (Normal) (G1 Evacuation Pause) 155M->6M(256M) 8.645ms
[105.925s][info][gc,cpu      ] GC(1777) User=0.01s Sys=0.00s Real=0.01s
[105.970s][info][gc,start    ] GC(1778) Pause Young (Normal) (G1 Evacuation Pause)
[105.970s][info][gc,task     ] GC(1778) Using 6 workers of 8 for evacuation
[105.977s][info][gc,phases   ] GC(1778)   Pre Evacuate Collection Set: 0.6ms
[105.977s][info][gc,phases   ] GC(1778)   Merge Heap Roots: 0.4ms
[105.978s][info][gc,phases   ] GC(1778)   Evacuate Collection Set: 3.2ms
[105.978s][info][gc,phases   ] GC(1778)   Post Evacuate Collection Set: 1.5ms
[105.979s][info][gc,phases   ] GC(1778)   Other: 0.5ms
[105.979s][info][gc,heap     ] GC(1778) Eden regions: 149->0(150)
[105.980s][info][gc,heap     ] GC(1778) Survivor regions: 4->3(20)
[105.980s][info][gc,heap     ] GC(1778) Old regions: 2->2
[105.981s][info][gc,heap     ] GC(1778) Archive regions: 2->2
[105.981s][info][gc,heap     ] GC(1778) Humongous regions: 0->0
[105.981s][info][gc,metaspace] GC(1778) Metaspace: 615K(832K)->615K(832K) NonClass: 597K(704K)->597K(704K) Class: 17K(128K)->17K(128K)
[105.982s][info][gc          ] GC(1778) Pause Young (Normal) (G1 Evacuation Pause) 155M->5M(256M) 11.658ms
[105.982s][info][gc,cpu      ] GC(1778) User=0.00s Sys=0.01s Real=0.01s
[106.032s][info][gc,start    ] GC(1779) Pause Young (Normal) (G1 Evacuation Pause)
[106.033s][info][gc,task     ] GC(1779) Using 6 workers of 8 for evacuation
[106.036s][info][gc,phases   ] GC(1779)   Pre Evacuate Collection Set: 0.3ms
[106.037s][info][gc,phases   ] GC(1779)   Merge Heap Roots: 0.3ms
[106.037s][info][gc,phases   ] GC(1779)   Evacuate Collection Set: 1.4ms
[106.037s][info][gc,phases   ] GC(1779)   Post Evacuate Collection Set: 1.1ms
[106.038s][info][gc,phases   ] GC(1779)   Other: 0.5ms
[106.038s][info][gc,heap     ] GC(1779) Eden regions: 150->0(149)
[106.039s][info][gc,heap     ] GC(1779) Survivor regions: 3->4(20)
[106.040s][info][gc,heap     ] GC(1779) Old regions: 2->2
[106.041s][info][gc,heap     ] GC(1779) Archive regions: 2->2
[106.042s][info][gc,heap     ] GC(1779) Humongous regions: 0->0
[106.044s][info][gc,metaspace] GC(1779) Metaspace: 615K(832K)->615K(832K) NonClass: 597K(704K)->597K(704K) Class: 17K(128K)->17K(128K)
[106.044s][info][gc          ] GC(1779) Pause Young (Normal) (G1 Evacuation Pause) 155M->6M(256M) 11.992ms
[106.045s][info][gc,cpu      ] GC(1779) User=0.01s Sys=0.01s Real=0.01s
[106.100s][info][gc,start    ] GC(1780) Pause Young (Normal) (G1 Evacuation Pause)
[106.101s][info][gc,task     ] GC(1780) Using 6 workers of 8 for evacuation
[106.104s][info][gc,phases   ] GC(1780)   Pre Evacuate Collection Set: 0.3ms
[106.104s][info][gc,phases   ] GC(1780)   Merge Heap Roots: 0.2ms
[106.105s][info][gc,phases   ] GC(1780)   Evacuate Collection Set: 1.3ms
[106.105s][info][gc,phases   ] GC(1780)   Post Evacuate Collection Set: 0.9ms
[106.106s][info][gc,phases   ] GC(1780)   Other: 0.5ms
[106.107s][info][gc,heap     ] GC(1780) Eden regions: 149->0(149)
[106.108s][info][gc,heap     ] GC(1780) Survivor regions: 4->4(20)
[106.109s][info][gc,heap     ] GC(1780) Old regions: 2->2
[106.110s][info][gc,heap     ] GC(1780) Archive regions: 2->2
[106.110s][info][gc,heap     ] GC(1780) Humongous regions: 0->0
[106.111s][info][gc,metaspace] GC(1780) Metaspace: 615K(832K)->615K(832K) NonClass: 597K(704K)->597K(704K) Class: 17K(128K)->17K(128K)
[106.111s][info][gc          ] GC(1780) Pause Young (Normal) (G1 Evacuation Pause) 155M->6M(256M) 10.875ms
[106.112s][info][gc,cpu      ] GC(1780) User=0.01s Sys=0.00s Real=0.01s
[106.165s][info][gc,start    ] GC(1781) Pause Young (Normal) (G1 Evacuation Pause)
[106.166s][info][gc,task     ] GC(1781) Using 6 workers of 8 for evacuation
[106.169s][info][gc,phases   ] GC(1781)   Pre Evacuate Collection Set: 0.4ms
[106.170s][info][gc,phases   ] GC(1781)   Merge Heap Roots: 0.2ms
[106.170s][info][gc,phases   ] GC(1781)   Evacuate Collection Set: 1.1ms
[106.171s][info][gc,phases   ] GC(1781)   Post Evacuate Collection Set: 0.9ms
[106.171s][info][gc,phases   ] GC(1781)   Other: 0.5ms
[106.172s][info][gc,heap     ] GC(1781) Eden regions: 149->0(149)
[106.174s][info][gc,heap     ] GC(1781) Survivor regions: 4->4(20)
[106.175s][info][gc,heap     ] GC(1781) Old regions: 2->2
[106.176s][info][gc,heap     ] GC(1781) Archive regions: 2->2
[106.177s][info][gc,heap     ] GC(1781) Humongous regions: 0->0
[106.178s][info][gc,metaspace] GC(1781) Metaspace: 615K(832K)->615K(832K) NonClass: 597K(704K)->597K(704K) Class: 17K(128K)->17K(128K)
[106.178s][info][gc          ] GC(1781) Pause Young (Normal) (G1 Evacuation Pause) 155M->5M(256M) 12.881ms
[106.179s][info][gc,cpu      ] GC(1781) User=0.01s Sys=0.00s Real=0.02s
[106.235s][info][gc,start    ] GC(1782) Pause Young (Normal) (G1 Evacuation Pause)
[106.235s][info][gc,task     ] GC(1782) Using 6 workers of 8 for evacuation
[106.238s][info][gc,phases   ] GC(1782)   Pre Evacuate Collection Set: 0.3ms
[106.238s][info][gc,phases   ] GC(1782)   Merge Heap Roots: 0.2ms
[106.239s][info][gc,phases   ] GC(1782)   Evacuate Collection Set: 1.0ms
[106.240s][info][gc,phases   ] GC(1782)   Post Evacuate Collection Set: 0.9ms
[106.241s][info][gc,phases   ] GC(1782)   Other: 0.5ms
[106.243s][info][gc,heap     ] GC(1782) Eden regions: 149->0(150)
[106.244s][info][gc,heap     ] GC(1782) Survivor regions: 4->3(20)
[106.244s][info][gc,heap     ] GC(1782) Old regions: 2->2
[106.245s][info][gc,heap     ] GC(1782) Archive regions: 2->2
[106.245s][info][gc,heap     ] GC(1782) Humongous regions: 0->0
[106.246s][info][gc,metaspace] GC(1782) Metaspace: 615K(832K)->615K(832K) NonClass: 597K(704K)->597K(704K) Class: 17K(128K)->17K(128K)
[106.247s][info][gc          ] GC(1782) Pause Young (Normal) (G1 Evacuation Pause) 154M->5M(256M) 11.987ms
[106.247s][info][gc,cpu      ] GC(1782) User=0.01s Sys=0.00s Real=0.02s
[106.332s][info][gc,start    ] GC(1783) Pause Young (Normal) (G1 Evacuation Pause)
[106.347s][info][gc,task     ] GC(1783) Using 6 workers of 8 for evacuation
[106.350s][info][gc,phases   ] GC(1783)   Pre Evacuate Collection Set: 0.3ms
[106.350s][info][gc,phases   ] GC(1783)   Merge Heap Roots: 0.2ms
[106.351s][info][gc,phases   ] GC(1783)   Evacuate Collection Set: 1.2ms
[106.351s][info][gc,phases   ] GC(1783)   Post Evacuate Collection Set: 0.9ms
[106.352s][info][gc,phases   ] GC(1783)   Other: 0.5ms
[106.352s][info][gc,heap     ] GC(1783) Eden regions: 150->0(149)
[106.352s][info][gc,heap     ] GC(1783) Survivor regions: 3->4(20)
[106.353s][info][gc,heap     ] GC(1783) Old regions: 2->2
[106.353s][info][gc,heap     ] GC(1783) Archive regions: 2->2
[106.353s][info][gc,heap     ] GC(1783) Humongous regions: 0->0
[106.354s][info][gc,metaspace] GC(1783) Metaspace: 615K(832K)->615K(832K) NonClass: 597K(704K)->597K(704K) Class: 17K(128K)->17K(128K)
[106.354s][info][gc          ] GC(1783) Pause Young (Normal) (G1 Evacuation Pause) 155M->6M(256M) 22.311ms
[106.355s][info][gc,cpu      ] GC(1783) User=0.01s Sys=0.00s Real=0.02s
[106.416s][info][gc,start    ] GC(1784) Pause Young (Normal) (G1 Evacuation Pause)
[106.417s][info][gc,task     ] GC(1784) Using 6 workers of 8 for evacuation
[106.420s][info][gc,phases   ] GC(1784)   Pre Evacuate Collection Set: 0.2ms
[106.420s][info][gc,phases   ] GC(1784)   Merge Heap Roots: 0.2ms
[106.420s][info][gc,phases   ] GC(1784)   Evacuate Collection Set: 1.0ms
[106.421s][info][gc,phases   ] GC(1784)   Post Evacuate Collection Set: 0.9ms
[106.421s][info][gc,phases   ] GC(1784)   Other: 0.5ms
[106.421s][info][gc,heap     ] GC(1784) Eden regions: 149->0(149)
[106.422s][info][gc,heap     ] GC(1784) Survivor regions: 4->4(20)
[106.422s][info][gc,heap     ] GC(1784) Old regions: 2->2
[106.422s][info][gc,heap     ] GC(1784) Archive regions: 2->2
[106.423s][info][gc,heap     ] GC(1784) Humongous regions: 0->0
[106.423s][info][gc,metaspace] GC(1784) Metaspace: 615K(832K)->615K(832K) NonClass: 597K(704K)->597K(704K) Class: 17K(128K)->17K(128K)
[106.425s][info][gc          ] GC(1784) Pause Young (Normal) (G1 Evacuation Pause) 155M->6M(256M) 8.681ms
[106.425s][info][gc,cpu      ] GC(1784) User=0.01s Sys=0.00s Real=0.01s
[106.497s][info][gc,start    ] GC(1785) Pause Young (Normal) (G1 Evacuation Pause)
[106.498s][info][gc,task     ] GC(1785) Using 6 workers of 8 for evacuation
[106.501s][info][gc,phases   ] GC(1785)   Pre Evacuate Collection Set: 0.3ms
[106.501s][info][gc,phases   ] GC(1785)   Merge Heap Roots: 0.2ms
[106.502s][info][gc,phases   ] GC(1785)   Evacuate Collection Set: 0.8ms
[106.502s][info][gc,phases   ] GC(1785)   Post Evacuate Collection Set: 0.9ms
[106.502s][info][gc,phases   ] GC(1785)   Other: 1.0ms
[106.503s][info][gc,heap     ] GC(1785) Eden regions: 149->0(149)
[106.503s][info][gc,heap     ] GC(1785) Survivor regions: 4->4(20)
[106.503s][info][gc,heap     ] GC(1785) Old regions: 2->2
[106.504s][info][gc,heap     ] GC(1785) Archive regions: 2->2
[106.504s][info][gc,heap     ] GC(1785) Humongous regions: 0->0
[106.505s][info][gc,metaspace] GC(1785) Metaspace: 615K(832K)->615K(832K) NonClass: 597K(704K)->597K(704K) Class: 17K(128K)->17K(128K)
[106.505s][info][gc          ] GC(1785) Pause Young (Normal) (G1 Evacuation Pause) 155M->5M(256M) 8.431ms
[106.506s][info][gc,cpu      ] GC(1785) User=0.01s Sys=0.00s Real=0.00s
[106.566s][info][gc,start    ] GC(1786) Pause Young (Normal) (G1 Evacuation Pause)
[106.566s][info][gc,task     ] GC(1786) Using 6 workers of 8 for evacuation
[106.569s][info][gc,phases   ] GC(1786)   Pre Evacuate Collection Set: 0.3ms
[106.570s][info][gc,phases   ] GC(1786)   Merge Heap Roots: 0.2ms
[106.570s][info][gc,phases   ] GC(1786)   Evacuate Collection Set: 0.7ms
[106.570s][info][gc,phases   ] GC(1786)   Post Evacuate Collection Set: 1.4ms
[106.571s][info][gc,phases   ] GC(1786)   Other: 0.5ms
[106.571s][info][gc,heap     ] GC(1786) Eden regions: 149->0(150)
[106.571s][info][gc,heap     ] GC(1786) Survivor regions: 4->3(20)
[106.572s][info][gc,heap     ] GC(1786) Old regions: 2->2
[106.572s][info][gc,heap     ] GC(1786) Archive regions: 2->2
[106.573s][info][gc,heap     ] GC(1786) Humongous regions: 0->0
[106.573s][info][gc,metaspace] GC(1786) Metaspace: 615K(832K)->615K(832K) NonClass: 597K(704K)->597K(704K) Class: 17K(128K)->17K(128K)
[106.574s][info][gc          ] GC(1786) Pause Young (Normal) (G1 Evacuation Pause) 154M->5M(256M) 8.278ms
[106.574s][info][gc,cpu      ] GC(1786) User=0.01s Sys=0.00s Real=0.01s
[106.634s][info][gc,start    ] GC(1787) Pause Young (Normal) (G1 Evacuation Pause)
[106.635s][info][gc,task     ] GC(1787) Using 6 workers of 8 for evacuation
[106.642s][info][gc,phases   ] GC(1787)   Pre Evacuate Collection Set: 0.5ms
[106.643s][info][gc,phases   ] GC(1787)   Merge Heap Roots: 0.4ms
[106.644s][info][gc,phases   ] GC(1787)   Evacuate Collection Set: 2.2ms
[106.644s][info][gc,phases   ] GC(1787)   Post Evacuate Collection Set: 3.3ms
[106.645s][info][gc,phases   ] GC(1787)   Other: 0.8ms
[106.645s][info][gc,heap     ] GC(1787) Eden regions: 150->0(149)
[106.646s][info][gc,heap     ] GC(1787) Survivor regions: 3->4(20)
[106.646s][info][gc,heap     ] GC(1787) Old regions: 2->2
[106.646s][info][gc,heap     ] GC(1787) Archive regions: 2->2
[106.647s][info][gc,heap     ] GC(1787) Humongous regions: 0->0
[106.647s][info][gc,metaspace] GC(1787) Metaspace: 615K(832K)->615K(832K) NonClass: 597K(704K)->597K(704K) Class: 17K(128K)->17K(128K)
[106.648s][info][gc          ] GC(1787) Pause Young (Normal) (G1 Evacuation Pause) 155M->6M(256M) 13.076ms
[106.648s][info][gc,cpu      ] GC(1787) User=0.00s Sys=0.00s Real=0.02s
[106.700s][info][gc,start    ] GC(1788) Pause Young (Normal) (G1 Evacuation Pause)
[106.701s][info][gc,task     ] GC(1788) Using 6 workers of 8 for evacuation
[106.704s][info][gc,phases   ] GC(1788)   Pre Evacuate Collection Set: 0.3ms
[106.705s][info][gc,phases   ] GC(1788)   Merge Heap Roots: 0.2ms
[106.705s][info][gc,phases   ] GC(1788)   Evacuate Collection Set: 1.3ms
[106.708s][info][gc,phases   ] GC(1788)   Post Evacuate Collection Set: 0.9ms
[106.708s][info][gc,phases   ] GC(1788)   Other: 0.6ms
[106.710s][info][gc,heap     ] GC(1788) Eden regions: 149->0(149)
[106.711s][info][gc,heap     ] GC(1788) Survivor regions: 4->4(20)
[106.711s][info][gc,heap     ] GC(1788) Old regions: 2->2
[106.711s][info][gc,heap     ] GC(1788) Archive regions: 2->2
[106.712s][info][gc,heap     ] GC(1788) Humongous regions: 0->0
[106.712s][info][gc,metaspace] GC(1788) Metaspace: 615K(832K)->615K(832K) NonClass: 597K(704K)->597K(704K) Class: 17K(128K)->17K(128K)
[106.713s][info][gc          ] GC(1788) Pause Young (Normal) (G1 Evacuation Pause) 155M->5M(256M) 12.587ms
[106.713s][info][gc,cpu      ] GC(1788) User=0.01s Sys=0.00s Real=0.01s
[106.766s][info][gc,start    ] GC(1789) Pause Young (Normal) (G1 Evacuation Pause)
[106.766s][info][gc,task     ] GC(1789) Using 6 workers of 8 for evacuation
[106.769s][info][gc,phases   ] GC(1789)   Pre Evacuate Collection Set: 0.3ms
[106.770s][info][gc,phases   ] GC(1789)   Merge Heap Roots: 0.3ms
[106.770s][info][gc,phases   ] GC(1789)   Evacuate Collection Set: 1.0ms
[106.771s][info][gc,phases   ] GC(1789)   Post Evacuate Collection Set: 0.9ms
[106.771s][info][gc,phases   ] GC(1789)   Other: 0.6ms
[106.771s][info][gc,heap     ] GC(1789) Eden regions: 149->0(150)
[106.772s][info][gc,heap     ] GC(1789) Survivor regions: 4->3(20)
[106.773s][info][gc,heap     ] GC(1789) Old regions: 2->2
[106.773s][info][gc,heap     ] GC(1789) Archive regions: 2->2
[106.774s][info][gc,heap     ] GC(1789) Humongous regions: 0->0
[106.775s][info][gc,metaspace] GC(1789) Metaspace: 615K(832K)->615K(832K) NonClass: 597K(704K)->597K(704K) Class: 17K(128K)->17K(128K)
[106.776s][info][gc          ] GC(1789) Pause Young (Normal) (G1 Evacuation Pause) 154M->5M(256M) 10.524ms
[106.777s][info][gc,cpu      ] GC(1789) User=0.01s Sys=0.00s Real=0.01s
[106.831s][info][gc,start    ] GC(1790) Pause Young (Normal) (G1 Evacuation Pause)
[106.831s][info][gc,task     ] GC(1790) Using 6 workers of 8 for evacuation
[106.834s][info][gc,phases   ] GC(1790)   Pre Evacuate Collection Set: 0.3ms
[106.835s][info][gc,phases   ] GC(1790)   Merge Heap Roots: 0.2ms
[106.835s][info][gc,phases   ] GC(1790)   Evacuate Collection Set: 1.0ms
[106.836s][info][gc,phases   ] GC(1790)   Post Evacuate Collection Set: 0.8ms
[106.836s][info][gc,phases   ] GC(1790)   Other: 0.5ms
[106.836s][info][gc,heap     ] GC(1790) Eden regions: 150->0(149)
[106.837s][info][gc,heap     ] GC(1790) Survivor regions: 3->4(20)
[106.837s][info][gc,heap     ] GC(1790) Old regions: 2->2
[106.837s][info][gc,heap     ] GC(1790) Archive regions: 2->2
[106.838s][info][gc,heap     ] GC(1790) Humongous regions: 0->0
